============================================================
   Tang Dynasty, V5.6.71036
      Copyright (c) 2012-2023 Anlogic Inc.
   Executable = D:/TD/bin/td.exe
   Built at =   20:34:38 Mar 21 2023
   Run by =     lyw15
   Run Date =   Sun Oct 19 19:23:25 2025

   Run on =     -001
============================================================
RUN-1002 : start command "open_project ES8388.prj"
RUN-1001 : Print Global Property
RUN-1001 : ---------------------------------------------------------------
RUN-1001 :        Parameters        |  Settings  |  Default Values  |  Note  
RUN-1001 : ---------------------------------------------------------------
RUN-1001 :          message         |  standard  |     standard     |        
RUN-1001 :   mixed_pack_place_flow  |     on     |        on        |        
RUN-1001 :        qor_monitor       |    off     |       off        |        
RUN-1001 :        syn_ip_flow       |    off     |       off        |        
RUN-1001 :          thread          |    auto    |       auto       |        
RUN-1001 : ---------------------------------------------------------------
RUN-1001 : Print Design Property
RUN-1001 : --------------------------------------------------------------
RUN-1001 :        Parameters       |  Settings  |  Default Values  |  Note  
RUN-1001 : --------------------------------------------------------------
RUN-1001 :   default_reg_initial   |    auto    |       auto       |        
RUN-1001 :        infer_add        |     on     |        on        |        
RUN-1001 :        infer_fsm        |    off     |       off        |        
RUN-1001 :        infer_mult       |     on     |        on        |        
RUN-1001 :        infer_ram        |     on     |        on        |        
RUN-1001 :        infer_reg        |     on     |        on        |        
RUN-1001 :   infer_reg_init_value  |     on     |        on        |        
RUN-1001 :        infer_rom        |     on     |        on        |        
RUN-1001 :      infer_shifter      |     on     |        on        |        
RUN-1001 : --------------------------------------------------------------
RUN-1001 : Print Rtl Property
RUN-1001 : --------------------------------------------------------------
RUN-1001 :        Parameters       |  Settings  |  Default Values  |  Note  
RUN-1001 : --------------------------------------------------------------
RUN-1001 :       compress_add      |   ripple   |      ripple      |        
RUN-1001 :        elf_sload        |    off     |       off        |        
RUN-1001 :       fix_undriven      |     0      |        0         |        
RUN-1001 :         flatten         |    off     |       off        |        
RUN-1001 :       gate_sharing      |     on     |        on        |        
RUN-1001 :    hdl_warning_level    |   normal   |      normal      |        
RUN-1001 :   impl_internal_tribuf  |     on     |        on        |        
RUN-1001 :      impl_set_reset     |     on     |        on        |        
RUN-1001 :        infer_gsr        |    off     |       off        |        
RUN-1001 :      keep_hierarchy     |    auto    |       auto       |        
RUN-1001 :        max_fanout       |    9999    |       9999       |        
RUN-1001 :      max_oh2bin_len     |     10     |        10        |        
RUN-1001 :       merge_equal       |     on     |        on        |        
RUN-1001 :       merge_equiv       |     on     |        on        |        
RUN-1001 :        merge_mux        |    off     |       off        |        
RUN-1001 :     min_control_set     |     8      |        8         |        
RUN-1001 :      min_ripple_len     |    auto    |       auto       |        
RUN-1001 :       oh2bin_ratio      |    0.08    |       0.08       |        
RUN-1001 :     opt_adder_fanout    |     on     |        on        |        
RUN-1001 :        opt_arith        |     on     |        on        |        
RUN-1001 :       opt_big_gate      |    off     |       off        |        
RUN-1001 :        opt_const        |     on     |        on        |        
RUN-1001 :      opt_const_mult     |     on     |        on        |        
RUN-1001 :       opt_lessthan      |     on     |        on        |        
RUN-1001 :         opt_mux         |    off     |       off        |        
RUN-1001 :         opt_ram         |    high    |       high       |        
RUN-1001 :      rtl_sim_model      |    off     |       off        |        
RUN-1001 :         seq_syn         |     on     |        on        |        
RUN-1001 : --------------------------------------------------------------
HDL-1007 : analyze verilog file ../../al_ip/clk_wiz_0.v
HDL-1007 : undeclared symbol 'open', assumed default net type 'wire' in ../../al_ip/clk_wiz_0.v(80)
HDL-1007 : analyze verilog file ../../../RTL/audio_receive.v
HDL-1007 : analyze verilog file ../../../RTL/audio_send.v
HDL-1007 : analyze verilog file ../../../RTL/audio_speak.v
HDL-1007 : analyze verilog file ../../../RTL/es8388_config.v
HDL-1007 : analyze verilog file ../../../RTL/es8388_ctrl.v
HDL-1007 : analyze verilog file ../../../RTL/i2c_dri.v
HDL-1007 : analyze verilog file ../../../RTL/i2c_reg_cfg.v
HDL-1007 : analyze verilog file ../../al_ip/direction.v
RUN-1001 : Project manager successfully analyzed 9 source files.
RUN-1002 : start command "import_device eagle_s20.db -package EG4S20BG256"
ARC-1001 : Device Initialization.
ARC-1001 : ------------------------------------------------------------------
ARC-1001 :            OPTION            |          IO          |   SETTING   
ARC-1001 : ------------------------------------------------------------------
ARC-1001 :   cso_b/cclk/mosi/miso/dout  |  T3/R11/T10/P10/S11  |    gpio    
ARC-1001 :             done             |         P13          |    gpio    
ARC-1001 :           program_b          |          T2          |  dedicate  
ARC-1001 :        tdi/tms/tck/tdo       |   C12/A15/C14/E14    |  dedicate  
ARC-1001 : ------------------------------------------------------------------
ARC-1004 : Device setting, marked 5 dedicate IOs in total.
RUN-1002 : start command "import_db ../syn_1/ES8388_gate.db"
RUN-1001 : Importing database generated by Tang Dynasty, V5.6.71036.
RUN-1001 : Database version number 46146.
RUN-1001 : Import flow parameters
RUN-1001 : Import IO constraints
RUN-1001 : Import Inst constraints
RUN-1001 : Import design success TD_VERSION=5.6.71036 , DB_VERSION=46146
RUN-1002 : start command "place"
RUN-1001 : Open license file D:/TD/license/Anlogic.lic
RUN-1001 : Print Global Property
RUN-1001 : ---------------------------------------------------------------
RUN-1001 :        Parameters        |  Settings  |  Default Values  |  Note  
RUN-1001 : ---------------------------------------------------------------
RUN-1001 :          message         |  standard  |     standard     |        
RUN-1001 :   mixed_pack_place_flow  |     on     |        on        |        
RUN-1001 :        qor_monitor       |    off     |       off        |        
RUN-1001 :        syn_ip_flow       |    off     |       off        |        
RUN-1001 :          thread          |    auto    |       auto       |        
RUN-1001 : ---------------------------------------------------------------
RUN-1001 : Print Place Property
RUN-1001 : --------------------------------------------------------------
RUN-1001 :        Parameters       |  Settings  |  Default Values  |  Note  
RUN-1001 : --------------------------------------------------------------
RUN-1001 :      detailed_place     |     on     |        on        |        
RUN-1001 :          effort         |   medium   |      medium      |        
RUN-1001 :         fix_hold        |    off     |       off        |        
RUN-1001 :       legalization      |    ori     |       ori        |        
RUN-1001 :      new_spreading      |     on     |        on        |        
RUN-1001 :        opt_timing       |   medium   |      medium      |        
RUN-1001 :   post_clock_route_opt  |    off     |       off        |        
RUN-1001 :       pr_strategy       |     1      |        1         |        
RUN-1001 :        relaxation       |    1.00    |       1.00       |        
RUN-1001 :         retiming        |    off     |       off        |        
RUN-1001 : --------------------------------------------------------------
PHY-3001 : Placer runs in 24 thread(s).
RUN-1002 : start command "legalize_phy_inst"
SYN-1011 : Flatten model audio_speak
RUN-1002 : start command "phys_opt -simplify_lut"
SYN-4016 : Net ilaclk_1_dup_1 driven by BUFG (0 clock/control pins, 2 other pins).
SYN-4016 : Net ilaclk_dup_1 driven by BUFG (0 clock/control pins, 2 other pins).
SYN-4027 : Net aud_mclk_1_dup_1 is clkc1 of pll u1_pll_clk/pll_inst.
SYN-4019 : Net sys_clk_dup_1 is refclk of pll u1_pll_clk/pll_inst.
SYN-4020 : Net sys_clk_dup_1 is fbclk of pll u1_pll_clk/pll_inst.
SYN-4027 : Net aud_mclk_dup_1 is clkc1 of pll u_pll_clk/pll_inst.
SYN-4019 : Net sys_clk_dup_1 is refclk of pll u_pll_clk/pll_inst.
SYN-4020 : Net sys_clk_dup_1 is fbclk of pll u_pll_clk/pll_inst.
SYN-4024 : Net "aud_bclk_dup_1" drives clk pins.
SYN-4024 : Net "aud_bclk_1_dup_1" drives clk pins.
SYN-4024 : Net "u1_es8388_ctrl/u_es8388_config/u_i2c_dri/dri_clk" drives clk pins.
SYN-4024 : Net "u_es8388_ctrl/u_es8388_config/u_i2c_dri/dri_clk" drives clk pins.
SYN-4025 : Tag rtl::Net aud_bclk_1_dup_1 as clock net
SYN-4025 : Tag rtl::Net aud_bclk_dup_1 as clock net
SYN-4025 : Tag rtl::Net aud_mclk_1_dup_1 as clock net
SYN-4025 : Tag rtl::Net aud_mclk_dup_1 as clock net
SYN-4025 : Tag rtl::Net ilaclk_1_dup_1 as clock net
SYN-4025 : Tag rtl::Net ilaclk_dup_1 as clock net
SYN-4025 : Tag rtl::Net sys_clk_dup_1 as clock net
SYN-4025 : Tag rtl::Net u1_es8388_ctrl/u_es8388_config/u_i2c_dri/dri_clk as clock net
SYN-4025 : Tag rtl::Net u_es8388_ctrl/u_es8388_config/u_i2c_dri/dri_clk as clock net
SYN-4026 : Tagged 9 rtl::Net as clock net
SYN-4015 : Create BUFG instance for clk Net aud_bclk_1_dup_1 to drive 80 clock pins.
SYN-4015 : Create BUFG instance for clk Net aud_bclk_dup_1 to drive 80 clock pins.
SYN-4015 : Create BUFG instance for clk Net u1_es8388_ctrl/u_es8388_config/u_i2c_dri/dri_clk to drive 56 clock pins.
SYN-4015 : Create BUFG instance for clk Net u_es8388_ctrl/u_es8388_config/u_i2c_dri/dri_clk to drive 56 clock pins.
PHY-1001 : Populate physical database on model audio_speak.
RUN-1001 : There are total 4656 instances
RUN-0007 : 2185 luts, 525 seqs, 1251 mslices, 647 lslices, 29 pads, 0 brams, 8 dsps
RUN-1001 : There are total 10193 nets
RUN-1001 : 6127 nets have 2 pins
RUN-1001 : 3769 nets have [3 - 5] pins
RUN-1001 : 86 nets have [6 - 10] pins
RUN-1001 : 98 nets have [11 - 20] pins
RUN-1001 : 88 nets have [21 - 99] pins
RUN-1001 : 25 nets have 100+ pins
RUN-1001 : Report Control nets information:
RUN-1001 : DFF Distribution
RUN-1001 : ----------------------------------
RUN-1001 :   CE   |  SSR  |  ASR  |  DFF Count  
RUN-1001 : ----------------------------------
RUN-1001 :   No   |  No   |  No   |      0      
RUN-1001 :   No   |  No   |  Yes  |     232     
RUN-1001 :   No   |  Yes  |  No   |      0      
RUN-1001 :   Yes  |  No   |  No   |      0      
RUN-1001 :   Yes  |  No   |  Yes  |     293     
RUN-1001 :   Yes  |  Yes  |  No   |      0      
RUN-1001 : ----------------------------------
RUN-0007 : Control Group Statistic
RUN-0007 : ---------------------------
RUN-0007 :   #CLK  |  #CE  |  #SSR/ASR  
RUN-0007 : ---------------------------
RUN-0007 :    5    |   9   |     4      
RUN-0007 : ---------------------------
RUN-0007 : Control Set = 15
PHY-3001 : Initial placement ...
PHY-3001 : design contains 4654 instances, 2185 luts, 525 seqs, 1898 slices, 510 macros(1898 instances: 1251 mslices 647 lslices)
PHY-0007 : Cell area utilization is 30%
PHY-3001 : Global placement ...
PHY-3001 : Initial: Len = 1.44458e+06
PHY-3001 : Clustering ...
PHY-3001 : Level 0 #clusters 4654.
PHY-3001 : End clustering;  0.000036s wall, 0.000000s user + 0.000000s system = 0.000000s CPU (n/a%)

PHY-3001 : Run with size of 4
PHY-3001 : Cell area utilization is 30%
PHY-3001 : :::0::: Try harder cell spreading with beta_ = 0
PHY-3002 : Step(1): len = 1.03262e+06, overlap = 23.125
PHY-3002 : Step(2): len = 918669, overlap = 23.6562
PHY-3002 : Step(3): len = 508593, overlap = 72.5
PHY-3002 : Step(4): len = 484363, overlap = 106.438
PHY-3002 : Step(5): len = 370190, overlap = 128.5
PHY-3002 : Step(6): len = 340442, overlap = 140.375
PHY-3002 : Step(7): len = 301284, overlap = 181.531
PHY-3002 : Step(8): len = 287737, overlap = 239.188
PHY-3002 : Step(9): len = 233941, overlap = 268.812
PHY-3002 : Step(10): len = 216268, overlap = 290.375
PHY-3002 : Step(11): len = 200086, overlap = 336.438
PHY-3002 : Step(12): len = 182562, overlap = 369.469
PHY-3002 : Step(13): len = 168208, overlap = 388.75
PHY-3002 : Step(14): len = 155404, overlap = 399
PHY-3002 : Step(15): len = 144152, overlap = 410.219
PHY-3002 : Step(16): len = 137600, overlap = 413.219
PHY-3002 : Step(17): len = 133341, overlap = 423.719
PHY-3001 : :::1::: Try harder cell spreading with beta_ = 3.27516e-06
PHY-3002 : Step(18): len = 127234, overlap = 414.688
PHY-3002 : Step(19): len = 129495, overlap = 408.656
PHY-3002 : Step(20): len = 142663, overlap = 359.094
PHY-3002 : Step(21): len = 162836, overlap = 286.875
PHY-3002 : Step(22): len = 159967, overlap = 271.375
PHY-3002 : Step(23): len = 158983, overlap = 255.438
PHY-3002 : Step(24): len = 153769, overlap = 241.312
PHY-3002 : Step(25): len = 147777, overlap = 225.562
PHY-3002 : Step(26): len = 141374, overlap = 193.438
PHY-3002 : Step(27): len = 133140, overlap = 189.25
PHY-3002 : Step(28): len = 131743, overlap = 182.969
PHY-3002 : Step(29): len = 128755, overlap = 178.531
PHY-3002 : Step(30): len = 127093, overlap = 168.969
PHY-3002 : Step(31): len = 125560, overlap = 165.75
PHY-3002 : Step(32): len = 123713, overlap = 156.5
PHY-3002 : Step(33): len = 124334, overlap = 152.812
PHY-3002 : Step(34): len = 121991, overlap = 149.062
PHY-3002 : Step(35): len = 121627, overlap = 153.875
PHY-3002 : Step(36): len = 119000, overlap = 158.688
PHY-3002 : Step(37): len = 118232, overlap = 162.531
PHY-3002 : Step(38): len = 118705, overlap = 170.656
PHY-3002 : Step(39): len = 118264, overlap = 174.688
PHY-3002 : Step(40): len = 118763, overlap = 169.625
PHY-3002 : Step(41): len = 117199, overlap = 168.438
PHY-3002 : Step(42): len = 117111, overlap = 167.812
PHY-3002 : Step(43): len = 117177, overlap = 168.781
PHY-3001 : :::2::: Try harder cell spreading with beta_ = 6.55032e-06
PHY-3002 : Step(44): len = 116234, overlap = 168.281
PHY-3002 : Step(45): len = 116686, overlap = 166.969
PHY-3002 : Step(46): len = 117217, overlap = 166.938
PHY-3001 : Legalization ...
PHY-3001 : End legalization;  0.009533s wall, 0.000000s user + 0.015625s system = 0.015625s CPU (163.9%)

PHY-3001 : Run with size of 4
PHY-3001 : Cell area utilization is 36%
PHY-3001 : Analyzing congestion ...
RUN-1001 : Generating global routing grids ...
RUN-1001 : Building simple global routing graph ...
PHY-1001 : Generate routing nets ...
PHY-1001 : Reuse net number 0/10193.
PHY-1001 : Global iterations in 24 thread ...
PHY-1002 : len = 175168, over cnt = 742(2%), over = 5218, worst = 58
PHY-1001 : End global iterations;  0.229676s wall, 0.187500s user + 0.171875s system = 0.359375s CPU (156.5%)

PHY-1001 : Congestion index: top1 = 80.45, top5 = 56.07, top10 = 42.74, top15 = 34.50.
PHY-3001 : End congestion estimation;  0.315397s wall, 0.218750s user + 0.218750s system = 0.437500s CPU (138.7%)

PHY-3001 : Update density targets...
PHY-3001 : Update congestion history...
PHY-3001 : :::0::: Try harder cell spreading with beta_ = 5.58959e-07
PHY-3002 : Step(47): len = 117498, overlap = 297.188
PHY-3002 : Step(48): len = 118093, overlap = 300.062
PHY-3002 : Step(49): len = 112549, overlap = 324.719
PHY-3002 : Step(50): len = 111081, overlap = 351.188
PHY-3002 : Step(51): len = 102314, overlap = 408.188
PHY-3002 : Step(52): len = 97583.2, overlap = 488.438
PHY-3002 : Step(53): len = 91617.3, overlap = 551.312
PHY-3002 : Step(54): len = 88472.1, overlap = 565.031
PHY-3002 : Step(55): len = 83458.2, overlap = 573.281
PHY-3002 : Step(56): len = 84460.4, overlap = 583.062
PHY-3002 : Step(57): len = 85000.6, overlap = 570.719
PHY-3002 : Step(58): len = 80096.2, overlap = 573.438
PHY-3002 : Step(59): len = 76704.3, overlap = 580.594
PHY-3002 : Step(60): len = 77251.4, overlap = 582.875
PHY-3002 : Step(61): len = 75745.8, overlap = 600.906
PHY-3002 : Step(62): len = 76797.3, overlap = 608.281
PHY-3002 : Step(63): len = 77548.4, overlap = 620.281
PHY-3002 : Step(64): len = 76397.7, overlap = 636.469
PHY-3002 : Step(65): len = 70564.7, overlap = 643.156
PHY-3002 : Step(66): len = 70478.1, overlap = 649.875
PHY-3002 : Step(67): len = 70948.2, overlap = 649.812
PHY-3001 : :::1::: Try harder cell spreading with beta_ = 1.11792e-06
PHY-3002 : Step(68): len = 70527.1, overlap = 647.719
PHY-3002 : Step(69): len = 70527.1, overlap = 647.719
PHY-3002 : Step(70): len = 70147.2, overlap = 640.031
PHY-3002 : Step(71): len = 70532.8, overlap = 637.031
PHY-3002 : Step(72): len = 79386.5, overlap = 603.031
PHY-3002 : Step(73): len = 80814.4, overlap = 600.312
PHY-3002 : Step(74): len = 75443.2, overlap = 611.75
PHY-3002 : Step(75): len = 75128.3, overlap = 605.75
PHY-3002 : Step(76): len = 75514.7, overlap = 602.75
PHY-3002 : Step(77): len = 75582.3, overlap = 607.5
PHY-3001 : :::2::: Try harder cell spreading with beta_ = 2.23583e-06
PHY-3002 : Step(78): len = 75290.3, overlap = 606.844
PHY-3002 : Step(79): len = 76203.2, overlap = 604.125
PHY-3002 : Step(80): len = 89558.9, overlap = 568.75
PHY-3002 : Step(81): len = 92338.4, overlap = 560.75
PHY-3002 : Step(82): len = 89261.4, overlap = 524.406
PHY-3002 : Step(83): len = 92214.6, overlap = 499.531
PHY-3002 : Step(84): len = 93316.4, overlap = 470.906
PHY-3002 : Step(85): len = 89633.5, overlap = 426.438
PHY-3002 : Step(86): len = 88782.1, overlap = 427.031
PHY-3002 : Step(87): len = 89067.9, overlap = 423.969
PHY-3002 : Step(88): len = 86704, overlap = 413
PHY-3002 : Step(89): len = 87931.1, overlap = 399.781
PHY-3002 : Step(90): len = 89157.4, overlap = 393.469
PHY-3001 : :::3::: Try harder cell spreading with beta_ = 4.47167e-06
PHY-3002 : Step(91): len = 91356.2, overlap = 379.781
PHY-3002 : Step(92): len = 93030.1, overlap = 371.469
PHY-3002 : Step(93): len = 105735, overlap = 337.156
PHY-3002 : Step(94): len = 110156, overlap = 327
PHY-3002 : Step(95): len = 105016, overlap = 303.5
PHY-3002 : Step(96): len = 105463, overlap = 300.969
PHY-3002 : Step(97): len = 106194, overlap = 305.219
PHY-3002 : Step(98): len = 104930, overlap = 299.562
PHY-3002 : Step(99): len = 105153, overlap = 287.906
PHY-3002 : Step(100): len = 103839, overlap = 276.406
PHY-3002 : Step(101): len = 102276, overlap = 277.719
PHY-3002 : Step(102): len = 103648, overlap = 282.062
PHY-3002 : Step(103): len = 104771, overlap = 277.188
PHY-3001 : :::4::: Try harder cell spreading with beta_ = 8.94334e-06
PHY-3002 : Step(104): len = 103244, overlap = 259.812
PHY-3002 : Step(105): len = 104275, overlap = 260.875
PHY-3002 : Step(106): len = 108809, overlap = 257.406
PHY-3001 : :::5::: Try harder cell spreading with beta_ = 1.78867e-05
PHY-3002 : Step(107): len = 116770, overlap = 220.844
PHY-3002 : Step(108): len = 123867, overlap = 210.562
PHY-3002 : Step(109): len = 138764, overlap = 150.25
PHY-3002 : Step(110): len = 139852, overlap = 152.469
PHY-3002 : Step(111): len = 129725, overlap = 149.531
PHY-3002 : Step(112): len = 125257, overlap = 152.25
PHY-3002 : Step(113): len = 125508, overlap = 142.125
PHY-3002 : Step(114): len = 123336, overlap = 138.375
PHY-3002 : Step(115): len = 120960, overlap = 129.688
PHY-3002 : Step(116): len = 122925, overlap = 118.938
PHY-3002 : Step(117): len = 124945, overlap = 109.5
PHY-3001 : :::6::: Try harder cell spreading with beta_ = 3.57734e-05
PHY-3002 : Step(118): len = 128712, overlap = 112.094
PHY-3002 : Step(119): len = 132264, overlap = 115.469
PHY-3002 : Step(120): len = 140210, overlap = 109.188
PHY-3002 : Step(121): len = 144382, overlap = 86.9688
PHY-3002 : Step(122): len = 140458, overlap = 82.6562
PHY-3002 : Step(123): len = 139820, overlap = 85.4375
PHY-3002 : Step(124): len = 142623, overlap = 71.0938
PHY-3002 : Step(125): len = 142819, overlap = 53.0312
PHY-3002 : Step(126): len = 140407, overlap = 51.75
PHY-3002 : Step(127): len = 139099, overlap = 54.75
PHY-3002 : Step(128): len = 140610, overlap = 52.2188
PHY-3002 : Step(129): len = 141487, overlap = 57.125
PHY-3002 : Step(130): len = 141070, overlap = 66.8438
PHY-3002 : Step(131): len = 138426, overlap = 77.9688
PHY-3002 : Step(132): len = 137623, overlap = 79.4062
PHY-3002 : Step(133): len = 135722, overlap = 77.5312
PHY-3002 : Step(134): len = 134563, overlap = 76.9062
PHY-3002 : Step(135): len = 134051, overlap = 70.7812
PHY-3001 : :::7::: Try harder cell spreading with beta_ = 7.15467e-05
PHY-3002 : Step(136): len = 136408, overlap = 62.5938
PHY-3002 : Step(137): len = 137210, overlap = 60.9375
PHY-3002 : Step(138): len = 140498, overlap = 55.4375
PHY-3002 : Step(139): len = 140498, overlap = 55.4375
PHY-3002 : Step(140): len = 136914, overlap = 56.4375
PHY-3002 : Step(141): len = 136526, overlap = 54.875
PHY-3002 : Step(142): len = 135794, overlap = 55.5
PHY-3001 : :::8::: Try harder cell spreading with beta_ = 0.000136682
PHY-3002 : Step(143): len = 140842, overlap = 46.4062
PHY-3002 : Step(144): len = 142069, overlap = 43.9062
PHY-3002 : Step(145): len = 148306, overlap = 39.4062
PHY-3002 : Step(146): len = 150678, overlap = 43.1562
PHY-3002 : Step(147): len = 149007, overlap = 51.0938
PHY-3002 : Step(148): len = 148741, overlap = 50.7188
PHY-3002 : Step(149): len = 148698, overlap = 42.4688
PHY-3002 : Step(150): len = 148910, overlap = 43.6875
PHY-3002 : Step(151): len = 148257, overlap = 47.6875
PHY-3002 : Step(152): len = 148217, overlap = 48.375
PHY-3002 : Step(153): len = 147372, overlap = 45.6562
PHY-3002 : Step(154): len = 147436, overlap = 45.0625
PHY-3002 : Step(155): len = 146522, overlap = 43.875
PHY-3002 : Step(156): len = 146506, overlap = 44.5938
PHY-3002 : Step(157): len = 146290, overlap = 44.125
PHY-3001 : :::9::: Try harder cell spreading with beta_ = 0.000273363
PHY-3002 : Step(158): len = 147279, overlap = 43.4062
PHY-3002 : Step(159): len = 147486, overlap = 43.2188
PHY-3002 : Step(160): len = 148026, overlap = 40.625
PHY-3002 : Step(161): len = 148026, overlap = 40.625
PHY-3002 : Step(162): len = 147697, overlap = 40.875
PHY-3001 : :::10::: Try harder cell spreading with beta_ = 0.000463492
PHY-3002 : Step(163): len = 148584, overlap = 37.3125
PHY-3002 : Step(164): len = 149299, overlap = 36.25
PHY-3001 : Run with size of 2
PHY-3001 : Cell area utilization is 36%
PHY-3001 : Analyzing congestion ...
RUN-1001 : Generating global routing grids ...
PHY-1001 : Generate routing nets ...
PHY-1001 : Reuse net number 5/10193.
PHY-1001 : Global iterations in 24 thread ...
PHY-1002 : len = 227144, over cnt = 775(2%), over = 5325, worst = 84
PHY-1001 : End global iterations;  0.211015s wall, 0.312500s user + 0.156250s system = 0.468750s CPU (222.1%)

PHY-1001 : Congestion index: top1 = 67.59, top5 = 45.92, top10 = 36.29, top15 = 30.40.
PHY-3001 : End congestion estimation;  0.292608s wall, 0.359375s user + 0.187500s system = 0.546875s CPU (186.9%)

PHY-3001 : Update density targets...
PHY-3001 : Update congestion history...
PHY-3001 : :::0::: Try harder cell spreading with beta_ = 2.61201e-05
PHY-3002 : Step(165): len = 155513, overlap = 166.406
PHY-3002 : Step(166): len = 157817, overlap = 152.25
PHY-3002 : Step(167): len = 152870, overlap = 131.562
PHY-3002 : Step(168): len = 151913, overlap = 115.125
PHY-3002 : Step(169): len = 151665, overlap = 116.562
PHY-3002 : Step(170): len = 151815, overlap = 126.125
PHY-3002 : Step(171): len = 147749, overlap = 124.188
PHY-3002 : Step(172): len = 141729, overlap = 118.312
PHY-3002 : Step(173): len = 140321, overlap = 125.438
PHY-3002 : Step(174): len = 138298, overlap = 125.344
PHY-3002 : Step(175): len = 132240, overlap = 142.094
PHY-3002 : Step(176): len = 130558, overlap = 133.125
PHY-3002 : Step(177): len = 129797, overlap = 130.469
PHY-3002 : Step(178): len = 127607, overlap = 138.156
PHY-3002 : Step(179): len = 125408, overlap = 159.219
PHY-3002 : Step(180): len = 124554, overlap = 158.5
PHY-3002 : Step(181): len = 124573, overlap = 166.969
PHY-3001 : :::1::: Try harder cell spreading with beta_ = 5.22401e-05
PHY-3002 : Step(182): len = 129288, overlap = 123.969
PHY-3002 : Step(183): len = 131430, overlap = 119.562
PHY-3002 : Step(184): len = 136284, overlap = 110.125
PHY-3002 : Step(185): len = 138919, overlap = 103.656
PHY-3002 : Step(186): len = 137946, overlap = 86.75
PHY-3002 : Step(187): len = 135205, overlap = 76.4375
PHY-3002 : Step(188): len = 134458, overlap = 83.4062
PHY-3002 : Step(189): len = 133963, overlap = 91.4062
PHY-3002 : Step(190): len = 134219, overlap = 93.9688
PHY-3002 : Step(191): len = 134828, overlap = 93.4375
PHY-3001 : :::2::: Try harder cell spreading with beta_ = 0.00010448
PHY-3002 : Step(192): len = 137399, overlap = 86.4688
PHY-3002 : Step(193): len = 138465, overlap = 85.4062
PHY-3002 : Step(194): len = 141367, overlap = 72.2812
PHY-3001 : :::3::: Try harder cell spreading with beta_ = 0.00017985
PHY-3002 : Step(195): len = 141951, overlap = 67.7188
PHY-3002 : Step(196): len = 142358, overlap = 68.4062
PHY-3002 : Step(197): len = 146746, overlap = 62.875
PHY-3002 : Step(198): len = 152594, overlap = 65.8438
PHY-3002 : Step(199): len = 153875, overlap = 59.8438
PHY-3002 : Step(200): len = 153890, overlap = 59.625
PHY-3002 : Step(201): len = 152524, overlap = 61.1562
PHY-3002 : Step(202): len = 151346, overlap = 54.4688
PHY-3002 : Step(203): len = 150587, overlap = 53.4688
PHY-3002 : Step(204): len = 150331, overlap = 56.375
PHY-3002 : Step(205): len = 150487, overlap = 56.9688
PHY-3001 : :::4::: Try harder cell spreading with beta_ = 0.0003597
PHY-3002 : Step(206): len = 152674, overlap = 52.3438
PHY-3002 : Step(207): len = 153292, overlap = 52.375
PHY-3002 : Step(208): len = 156363, overlap = 50.625
PHY-3002 : Step(209): len = 158396, overlap = 50.5938
PHY-3002 : Step(210): len = 161369, overlap = 42.625
PHY-3002 : Step(211): len = 162865, overlap = 44.4062
PHY-3002 : Step(212): len = 163770, overlap = 44.8438
PHY-3002 : Step(213): len = 164191, overlap = 42.1562
PHY-3002 : Step(214): len = 163514, overlap = 38.4688
PHY-3002 : Step(215): len = 163259, overlap = 37.5625
PHY-3002 : Step(216): len = 162391, overlap = 35.8125
PHY-3002 : Step(217): len = 162157, overlap = 36.25
PHY-3002 : Step(218): len = 161327, overlap = 35.5312
PHY-3001 : :::5::: Try harder cell spreading with beta_ = 0.000662122
PHY-3002 : Step(219): len = 162662, overlap = 34.2812
PHY-3002 : Step(220): len = 163216, overlap = 34.5312
PHY-3002 : Step(221): len = 165882, overlap = 31.6875
PHY-3002 : Step(222): len = 167710, overlap = 30.9062
PHY-3002 : Step(223): len = 169078, overlap = 29
PHY-3002 : Step(224): len = 170007, overlap = 28.7812
PHY-3002 : Step(225): len = 170757, overlap = 24.6562
PHY-3002 : Step(226): len = 171228, overlap = 25.5938
PHY-3002 : Step(227): len = 171592, overlap = 26.5938
PHY-3002 : Step(228): len = 171444, overlap = 23.625
PHY-3002 : Step(229): len = 171470, overlap = 23.375
PHY-3002 : Step(230): len = 171526, overlap = 22.125
PHY-3002 : Step(231): len = 171744, overlap = 21.75
PHY-3002 : Step(232): len = 172042, overlap = 22.7812
PHY-3001 : :::6::: Try harder cell spreading with beta_ = 0.00115573
PHY-3002 : Step(233): len = 172617, overlap = 23.5625
PHY-3002 : Step(234): len = 172813, overlap = 23.5312
PHY-3002 : Step(235): len = 173791, overlap = 22.1562
OPT-1001 : Start physical optimization ...
OPT-1001 : Total overflow 317.00 peak overflow 3.22
OPT-1001 : Start high-fanout net optimization ...
OPT-1001 : Update timing in global mode
PHY-1001 : Start incremental global routing, caller is place ...
RUN-1001 : Generating global routing grids ...
PHY-1001 : Generate routing nets ...
PHY-1001 : Reuse net number 56/10193.
PHY-1001 : Global iterations in 24 thread ...
PHY-1002 : len = 279000, over cnt = 886(2%), over = 4348, worst = 40
PHY-1001 : End global iterations;  0.298799s wall, 0.250000s user + 0.187500s system = 0.437500s CPU (146.4%)

PHY-1001 : Congestion index: top1 = 46.51, top5 = 36.42, top10 = 31.37, top15 = 28.16.
PHY-1001 : End incremental global routing;  0.377771s wall, 0.296875s user + 0.218750s system = 0.515625s CPU (136.5%)

RUN-1002 : start command "start_timer -report"
TMR-5001 WARNING: No sdc constraints found while initiating timer.
TMR-2505 : Start building timing graph for model audio_speak.
TMR-2506 : Build timing graph completely. Port num: 28, tpin num: 28914, tnet num: 5967, tinst num: 4654, tnode num: 32914, tedge num: 50419.
TMR-2508 : Levelizing timing graph completed, there are 559 levels in total.
TMR-2501 : Timing graph initialized successfully.
OPT-1001 : End timing update;  0.347252s wall, 0.234375s user + 0.046875s system = 0.281250s CPU (81.0%)

OPT-1001 : 0 high-fanout net processed.
OPT-1001 : End high-fanout net optimization;  0.802973s wall, 0.609375s user + 0.265625s system = 0.875000s CPU (109.0%)

OPT-1001 : Current memory(MB): used = 325, reserve = 299, peak = 325.
OPT-1001 : End physical optimization;  0.835939s wall, 0.640625s user + 0.265625s system = 0.906250s CPU (108.4%)

PHY-3001 : Start packing ...
SYN-4007 : Packing 0 MUX to BLE ...
SYN-4008 : Packed 0 MUX and 0 SEQ to BLE.
SYN-4007 : Packing 2185 LUT to BLE ...
SYN-4008 : Packed 2185 LUT and 365 SEQ to BLE.
SYN-4003 : Packing 160 remaining SEQ's ...
SYN-4005 : Packed 89 SEQ with LUT/SLICE
SYN-4006 : 1743 single LUT's are left
SYN-4006 : 71 single SEQ's are left
SYN-4011 : Packing model "audio_speak" (AL_USER_NORMAL) with 2256/4202 primitive instances ...
PHY-3001 : End packing;  0.092551s wall, 0.093750s user + 0.000000s system = 0.093750s CPU (101.3%)

PHY-1001 : Populate physical database on model audio_speak.
RUN-1001 : There are total 3133 instances
RUN-1001 : 1543 mslices, 1542 lslices, 29 pads, 0 brams, 8 dsps
RUN-1001 : There are total 9843 nets
RUN-1001 : 5792 nets have 2 pins
RUN-1001 : 3754 nets have [3 - 5] pins
RUN-1001 : 86 nets have [6 - 10] pins
RUN-1001 : 102 nets have [11 - 20] pins
RUN-1001 : 86 nets have [21 - 99] pins
RUN-1001 : 23 nets have 100+ pins
PHY-3001 : design contains 3131 instances, 3085 slices, 510 macros(1898 instances: 1251 mslices 647 lslices)
PHY-3001 : Cell area utilization is 37%
PHY-3001 : After packing: Len = 173680, Over = 37.75
PHY-3001 : Run with size of 2
PHY-3001 : Cell area utilization is 37%
PHY-3001 : Analyzing congestion ...
RUN-1001 : Generating global routing grids ...
PHY-1001 : Generate routing nets ...
PHY-1001 : Reuse net number 5179/9843.
PHY-1001 : Global iterations in 24 thread ...
PHY-1002 : len = 279176, over cnt = 757(2%), over = 3364, worst = 40
PHY-1002 : len = 301200, over cnt = 574(1%), over = 1799, worst = 21
PHY-1002 : len = 314544, over cnt = 328(0%), over = 958, worst = 21
PHY-1002 : len = 326592, over cnt = 69(0%), over = 181, worst = 17
PHY-1002 : len = 329288, over cnt = 0(0%), over = 0, worst = 0
PHY-1001 : End global iterations;  0.429401s wall, 0.437500s user + 0.265625s system = 0.703125s CPU (163.7%)

PHY-1001 : Congestion index: top1 = 41.79, top5 = 33.87, top10 = 29.62, top15 = 26.80.
PHY-3001 : End congestion estimation;  0.530357s wall, 0.531250s user + 0.265625s system = 0.796875s CPU (150.3%)

PHY-3001 : Update density targets...
PHY-3001 : Update congestion history...
PHY-3001 : :::0::: Try harder cell spreading with beta_ = 4.19337e-05
PHY-3002 : Step(236): len = 160219, overlap = 49.75
PHY-3002 : Step(237): len = 157888, overlap = 48.5
PHY-3002 : Step(238): len = 156022, overlap = 54
PHY-3002 : Step(239): len = 152727, overlap = 60.75
PHY-3002 : Step(240): len = 152071, overlap = 68
PHY-3002 : Step(241): len = 151681, overlap = 69
PHY-3001 : :::1::: Try harder cell spreading with beta_ = 8.38675e-05
PHY-3002 : Step(242): len = 157653, overlap = 66.25
PHY-3002 : Step(243): len = 159593, overlap = 63
PHY-3002 : Step(244): len = 162548, overlap = 58
PHY-3001 : :::2::: Try harder cell spreading with beta_ = 0.000167735
PHY-3002 : Step(245): len = 168129, overlap = 54.25
PHY-3002 : Step(246): len = 170515, overlap = 51.25
PHY-3002 : Step(247): len = 176580, overlap = 44.75
PHY-3002 : Step(248): len = 177862, overlap = 37
PHY-3002 : Step(249): len = 178413, overlap = 32.25
PHY-3002 : Step(250): len = 178008, overlap = 28.75
PHY-3002 : Step(251): len = 177774, overlap = 31.75
PHY-3002 : Step(252): len = 177283, overlap = 32
PHY-3002 : Step(253): len = 177174, overlap = 32.5
PHY-3002 : Step(254): len = 177425, overlap = 31.75
PHY-3002 : Step(255): len = 177686, overlap = 32.25
PHY-3002 : Step(256): len = 178001, overlap = 31.5
PHY-3001 : :::3::: Try harder cell spreading with beta_ = 0.00033547
PHY-3002 : Step(257): len = 181912, overlap = 32.5
PHY-3002 : Step(258): len = 185888, overlap = 26.25
PHY-3002 : Step(259): len = 188390, overlap = 26.75
PHY-3002 : Step(260): len = 187906, overlap = 26.75
PHY-3002 : Step(261): len = 187333, overlap = 26.75
PHY-3002 : Step(262): len = 187157, overlap = 27.25
PHY-3001 : Legalization ...
PHY-3001 : End legalization;  1.051852s wall, 1.328125s user + 1.781250s system = 3.109375s CPU (295.6%)

PHY-3001 : Trial Legalized: Len = 210686
PHY-3001 : Run with size of 2
PHY-3001 : Cell area utilization is 36%
PHY-3001 : Analyzing congestion ...
RUN-1001 : Generating global routing grids ...
PHY-1001 : Generate routing nets ...
PHY-1001 : Reuse net number 184/9843.
PHY-1001 : Global iterations in 24 thread ...
PHY-1002 : len = 315888, over cnt = 657(1%), over = 1343, worst = 8
PHY-1002 : len = 321104, over cnt = 381(1%), over = 662, worst = 8
PHY-1002 : len = 325680, over cnt = 108(0%), over = 194, worst = 8
PHY-1002 : len = 327136, over cnt = 15(0%), over = 24, worst = 4
PHY-1002 : len = 327352, over cnt = 0(0%), over = 0, worst = 0
PHY-1001 : End global iterations;  0.783584s wall, 0.687500s user + 0.171875s system = 0.859375s CPU (109.7%)

PHY-1001 : Congestion index: top1 = 33.12, top5 = 27.49, top10 = 25.07, top15 = 23.48.
PHY-3001 : End congestion estimation;  0.888656s wall, 0.765625s user + 0.187500s system = 0.953125s CPU (107.3%)

PHY-3001 : Update density targets...
PHY-3001 : Update congestion history...
PHY-3001 : :::0::: Try harder cell spreading with beta_ = 9.86443e-05
PHY-3002 : Step(263): len = 191178, overlap = 3.5
PHY-3002 : Step(264): len = 187731, overlap = 6
PHY-3002 : Step(265): len = 186703, overlap = 9
PHY-3002 : Step(266): len = 185685, overlap = 9.25
PHY-3002 : Step(267): len = 185734, overlap = 9.25
PHY-3002 : Step(268): len = 185865, overlap = 9.25
PHY-3001 : Legalization ...
PHY-3001 : End legalization;  0.005639s wall, 0.000000s user + 0.000000s system = 0.000000s CPU (n/a%)

PHY-3001 : Legalized: Len = 191597, Over = 0
PHY-3001 : Spreading special nets. 6 overflows in 2952 tiles.
PHY-3001 : End spreading;  0.009885s wall, 0.015625s user + 0.000000s system = 0.015625s CPU (158.1%)

PHY-3001 : 6 instances has been re-located, deltaX = 1, deltaY = 4, maxDist = 1.
PHY-3001 : Final: Len = 191735, Over = 0
OPT-1001 : Start physical optimization ...
OPT-1001 : Total overflow 0.00 peak overflow 0.00
OPT-1001 : Start high-fanout net optimization ...
OPT-1001 : Update timing in global mode
PHY-1001 : Start incremental global routing, caller is place ...
RUN-1001 : Generating global routing grids ...
PHY-1001 : Generate routing nets ...
PHY-1001 : Reuse net number 1451/9843.
PHY-1001 : Global iterations in 24 thread ...
PHY-1002 : len = 306568, over cnt = 497(1%), over = 792, worst = 6
PHY-1002 : len = 308728, over cnt = 313(0%), over = 432, worst = 5
PHY-1002 : len = 312200, over cnt = 95(0%), over = 121, worst = 3
PHY-1002 : len = 313320, over cnt = 32(0%), over = 36, worst = 2
PHY-1002 : len = 313624, over cnt = 3(0%), over = 4, worst = 2
PHY-1001 : End global iterations;  0.348296s wall, 0.328125s user + 0.156250s system = 0.484375s CPU (139.1%)

PHY-1001 : Congestion index: top1 = 32.54, top5 = 27.78, top10 = 25.17, top15 = 23.40.
PHY-1001 : End incremental global routing;  0.446384s wall, 0.406250s user + 0.171875s system = 0.578125s CPU (129.5%)

RUN-1002 : start command "start_timer -report"
TMR-5001 WARNING: No sdc constraints found while initiating timer.
TMR-2505 : Start building timing graph for model audio_speak.
TMR-2506 : Build timing graph completely. Port num: 28, tpin num: 27645, tnet num: 5617, tinst num: 3131, tnode num: 31091, tedge num: 48857.
TMR-2508 : Levelizing timing graph completed, there are 559 levels in total.
TMR-2501 : Timing graph initialized successfully.
OPT-1001 : End timing update;  0.378333s wall, 0.375000s user + 0.000000s system = 0.375000s CPU (99.1%)

OPT-1001 : 0 high-fanout net processed.
OPT-1001 : End high-fanout net optimization;  0.913191s wall, 0.875000s user + 0.171875s system = 1.046875s CPU (114.6%)

OPT-1001 : Current memory(MB): used = 344, reserve = 318, peak = 344.
OPT-1001 : Update timing in Manhattan mode
OPT-1001 : End timing update;  0.006609s wall, 0.000000s user + 0.000000s system = 0.000000s CPU (n/a%)

OPT-1001 : Start pin optimization...
OPT-1001 : skip pin optimization...
RUN-1001 : Generating global routing grids ...
PHY-1001 : Generate routing nets ...
PHY-1001 : Reuse net number 4890/9843.
PHY-1001 : Global iterations in 24 thread ...
PHY-1002 : len = 313624, over cnt = 3(0%), over = 4, worst = 2
PHY-1002 : len = 313656, over cnt = 1(0%), over = 1, worst = 1
PHY-1002 : len = 313672, over cnt = 0(0%), over = 0, worst = 0
PHY-1001 : End global iterations;  0.074302s wall, 0.078125s user + 0.000000s system = 0.078125s CPU (105.1%)

PHY-1001 : Congestion index: top1 = 32.56, top5 = 27.77, top10 = 25.17, top15 = 23.40.
OPT-1001 : Update timing in Manhattan mode
OPT-1001 : End timing update;  0.007459s wall, 0.000000s user + 0.000000s system = 0.000000s CPU (n/a%)

RUN-1001 : QoR Analysis:
OPT-0007 :   WNS 2147483647 TNS 0 NUM_FEPS 0
RUN-1001 :   No local congestion issue, and most congested 1% tile average routing util is 32.206897
RUN-1001 :   Top critical paths
OPT-1001 : End physical optimization;  1.136525s wall, 1.109375s user + 0.218750s system = 1.328125s CPU (116.9%)

RUN-1003 : finish command "place" in  13.217527s wall, 21.203125s user + 21.250000s system = 42.453125s CPU (321.2%)

RUN-1004 : used memory is 290 MB, reserved memory is 264 MB, peak memory is 348 MB
RUN-1002 : start command "export_db ES8388_place.db"
RUN-1001 : Exported /
RUN-1001 : Exported flow parameters
RUN-1001 : Exported libs
RUN-1001 : Exported entities
RUN-1001 : Exported ports
RUN-1001 : Exported pins
RUN-1001 : Exported instances
RUN-1001 : Exported nets
RUN-1001 : Exported buses
RUN-1001 : Exported models
RUN-1001 : Exported congestions
RUN-1001 : Exported violations
RUN-1001 : Exported IO constraints
RUN-1001 : Exported Inst constraints
RUN-1002 : start command "route"
RUN-1001 : Open license file D:/TD/license/Anlogic.lic
RUN-1001 : Print Global Property
RUN-1001 : ---------------------------------------------------------------
RUN-1001 :        Parameters        |  Settings  |  Default Values  |  Note  
RUN-1001 : ---------------------------------------------------------------
RUN-1001 :          message         |  standard  |     standard     |        
RUN-1001 :   mixed_pack_place_flow  |     on     |        on        |        
RUN-1001 :        qor_monitor       |    off     |       off        |        
RUN-1001 :        syn_ip_flow       |    off     |       off        |        
RUN-1001 :          thread          |    auto    |       auto       |        
RUN-1001 : ---------------------------------------------------------------
RUN-1001 : Print Route Property
RUN-1001 : -------------------------------------------------------
RUN-1001 :    Parameters    |  Settings  |  Default Values  |  Note  
RUN-1001 : -------------------------------------------------------
RUN-1001 :      effort      |   medium   |      medium      |        
RUN-1001 :     fix_hold     |    off     |       off        |        
RUN-1001 :    opt_timing    |   medium   |      medium      |        
RUN-1001 :   phy_sim_model  |    off     |       off        |        
RUN-1001 :     priority     |   timing   |      timing      |        
RUN-1001 :     swap_pin     |     on     |        on        |        
RUN-1001 : -------------------------------------------------------
PHY-1001 : Route runs in 24 thread(s)
RUN-1001 : There are total 3133 instances
RUN-1001 : 1543 mslices, 1542 lslices, 29 pads, 0 brams, 8 dsps
RUN-1001 : There are total 9843 nets
RUN-1001 : 5792 nets have 2 pins
RUN-1001 : 3754 nets have [3 - 5] pins
RUN-1001 : 86 nets have [6 - 10] pins
RUN-1001 : 102 nets have [11 - 20] pins
RUN-1001 : 86 nets have [21 - 99] pins
RUN-1001 : 23 nets have 100+ pins
RUN-1002 : start command "start_timer -report"
TMR-5001 WARNING: No sdc constraints found while initiating timer.
TMR-2505 : Start building timing graph for model audio_speak.
TMR-2506 : Build timing graph completely. Port num: 28, tpin num: 27645, tnet num: 5617, tinst num: 3131, tnode num: 31091, tedge num: 48857.
TMR-2508 : Levelizing timing graph completed, there are 559 levels in total.
TMR-2501 : Timing graph initialized successfully.
PHY-1001 : 1543 mslices, 1542 lslices, 29 pads, 0 brams, 8 dsps
TMR-2503 : Start to update net delay, extr mode = 3.
TMR-2504 : Update delay of 5617 nets completely.
TMR-2502 : Annotate delay completely, extr mode = 3.
TMR-3002 : No user constraint, initiate default constraint.
TMR-1501 : Assign derive clock DeriveClock to 1100 clock pins, and constraint 3439 relative nodes.
TMR-3003 : Constraints initiated successfully.
TMR-3501 : Forward propagation: start to calculate arrival time...
TMR-3502 : Backward propagation: start to calculate required time...
TMR-3503 : Timing propagation completes.
PHY-1001 : Start global routing, caller is route ...
RUN-1001 : Generating global routing grids ...
PHY-1001 : Generate routing nets ...
PHY-1001 : Global iterations in 24 thread ...
PHY-1002 : len = 294704, over cnt = 664(1%), over = 1367, worst = 8
PHY-1002 : len = 301200, over cnt = 367(1%), over = 600, worst = 7
PHY-1002 : len = 305424, over cnt = 114(0%), over = 182, worst = 7
PHY-1002 : len = 307344, over cnt = 0(0%), over = 0, worst = 0
PHY-1001 : End global iterations;  0.806809s wall, 0.984375s user + 0.406250s system = 1.390625s CPU (172.4%)

PHY-1001 : Congestion index: top1 = 32.91, top5 = 27.73, top10 = 25.01, top15 = 23.27.
PHY-1001 : End global routing;  0.925322s wall, 1.109375s user + 0.406250s system = 1.515625s CPU (163.8%)

PHY-1001 : Start detail routing ...
PHY-1001 : Current memory(MB): used = 394, reserve = 369, peak = 418.
PHY-1001 : Detailed router is running in normal mode.
PHY-1001 : Generate detailed routing grids ...
PHY-1001 : Processed IO instance aud_dacdat_syn_4 with INV attribute.
PHY-1001 : Processed IO instance aud_dacdat_1_syn_4 with INV attribute.
PHY-1001 : Generate nets ...
PHY-1001 : clock net aud_bclk_syn_4 will be merged with clock aud_bclk_dup_1
PHY-1001 : clock net aud_bclk_1_syn_4 will be merged with clock aud_bclk_1_dup_1
PHY-1001 : net aud_mclk_dup_1 will be routed on clock mesh
PHY-1001 : net aud_mclk_1_dup_1 will be routed on clock mesh
PHY-1001 : clock net ilaclk_dup_1 will be merged with clock u_pll_clk/clk0_buf
PHY-1001 : clock net ilaclk_1_dup_1 will be merged with clock u1_pll_clk/clk0_buf
PHY-1001 : net sys_clk_dup_1 will be routed on clock mesh
PHY-1001 : clock net u_es8388_ctrl/u_es8388_config/u_i2c_dri/dri_clk_syn_4 will be merged with clock u_es8388_ctrl/u_es8388_config/u_i2c_dri/dri_clk
PHY-1001 : clock net u1_es8388_ctrl/u_es8388_config/u_i2c_dri/dri_clk_syn_4 will be merged with clock u1_es8388_ctrl/u_es8388_config/u_i2c_dri/dri_clk
PHY-1001 : Current memory(MB): used = 663, reserve = 643, peak = 663.
PHY-1001 : End build detailed router design. 2.707258s wall, 2.468750s user + 0.125000s system = 2.593750s CPU (95.8%)

PHY-1001 : Detail Route ...
PHY-1001 : ===== Detail Route Phase 1 =====
PHY-1001 : Clock net routing.....
PHY-1001 : Routed 0% nets.
PHY-1022 : len = 73416, over cnt = 0(0%), over = 0, worst = 0, crit = 0
PHY-1001 : End initial clock net routed; 1.877194s wall, 1.812500s user + 0.062500s system = 1.875000s CPU (99.9%)

PHY-1001 : Current memory(MB): used = 696, reserve = 677, peak = 696.
PHY-1001 : End phase 1; 1.884415s wall, 1.828125s user + 0.062500s system = 1.890625s CPU (100.3%)

PHY-1001 : ===== Detail Route Phase 2 =====
PHY-1001 : Initial routing.....
PHY-1001 : Routed 20% nets.
PHY-1001 : Routed 24% nets.
PHY-1001 : Routed 29% nets.
PHY-1001 : Routed 37% nets.
PHY-1001 : Routed 50% nets.
PHY-1022 : len = 1.31154e+06, over cnt = 165(0%), over = 165, worst = 1, crit = 0
PHY-1001 : Current memory(MB): used = 701, reserve = 682, peak = 701.
PHY-1001 : End initial routed; 8.504049s wall, 7.781250s user + 2.843750s system = 10.625000s CPU (124.9%)

PHY-1001 : Current memory(MB): used = 701, reserve = 682, peak = 701.
PHY-1001 : End phase 2; 8.504131s wall, 7.781250s user + 2.843750s system = 10.625000s CPU (124.9%)

PHY-1001 : ===== Detail Route Phase 3 =====
PHY-1001 : Ripup-reroute.....
PHY-1001 : ===== DR Iter 1 =====
PHY-1022 : len = 1.30798e+06, over cnt = 40(0%), over = 40, worst = 1, crit = 0
PHY-1001 : End DR Iter 1; 0.070310s wall, 0.062500s user + 0.078125s system = 0.140625s CPU (200.0%)

PHY-1001 : ===== DR Iter 2 =====
PHY-1022 : len = 1.30687e+06, over cnt = 2(0%), over = 2, worst = 1, crit = 0
PHY-1001 : End DR Iter 2; 0.053387s wall, 0.031250s user + 0.015625s system = 0.046875s CPU (87.8%)

PHY-1001 : ===== DR Iter 3 =====
PHY-1022 : len = 1.30692e+06, over cnt = 0(0%), over = 0, worst = 0, crit = 0
PHY-1001 : End DR Iter 3; 0.041157s wall, 0.031250s user + 0.000000s system = 0.031250s CPU (75.9%)

PHY-1001 : Commit to database.....
PHY-1001 : 7 feed throughs used by 7 nets
PHY-1001 : End commit to database; 0.687972s wall, 0.671875s user + 0.015625s system = 0.687500s CPU (99.9%)

PHY-1001 : Current memory(MB): used = 739, reserve = 721, peak = 739.
PHY-1001 : End phase 3; 0.984552s wall, 0.890625s user + 0.156250s system = 1.046875s CPU (106.3%)

PHY-1003 : Routed, final wirelength = 1.30692e+06
PHY-1001 : Current memory(MB): used = 741, reserve = 723, peak = 741.
PHY-1001 : End export database. 0.018122s wall, 0.031250s user + 0.000000s system = 0.031250s CPU (172.4%)

PHY-1001 : End detail routing;  14.297662s wall, 13.171875s user + 3.203125s system = 16.375000s CPU (114.5%)

RUN-1003 : finish command "route" in  15.824727s wall, 14.796875s user + 3.640625s system = 18.437500s CPU (116.5%)

RUN-1004 : used memory is 629 MB, reserved memory is 613 MB, peak memory is 741 MB
RUN-1002 : start command "report_area -io_info -file ES8388_phy.area"
RUN-1001 : standard
***Report Model: audio_speak Device: EG4S20BG256***

IO Statistics
#IO                        29
  #input                   11
  #output                  16
  #inout                    2

Utilization Statistics
#lut                     5981   out of  19600   30.52%
#reg                      582   out of  19600    2.97%
#le                      6052
  #lut only              5470   out of   6052   90.38%
  #reg only                71   out of   6052    1.17%
  #lut&reg                511   out of   6052    8.44%
#dsp                        8   out of     29   27.59%
#bram                       0   out of     64    0.00%
  #bram9k                   0
  #fifo9k                   0
#bram32k                    0   out of     16    0.00%
#pad                       29   out of    188   15.43%
  #ireg                     4
  #oreg                     9
  #treg                     2
#pll                        2   out of      4   50.00%
#gclk                       6   out of     16   37.50%

Clock Resource Statistics
Index     ClockNet                                            Type               DriverType         Driver                                                             Fanout
#1        sys_clk_dup_1                                       GCLK               io                 sys_clk_syn_2.di                                                   564
#2        aud_bclk_dup_1                                      GCLK               io                 aud_bclk_syn_2.di                                                  54
#3        aud_bclk_1_dup_1                                    GCLK               io                 aud_bclk_1_syn_2.di                                                48
#4        u1_es8388_ctrl/u_es8388_config/u_i2c_dri/dri_clk    GCLK               lslice             u1_es8388_ctrl/u_es8388_config/u_i2c_dri/clk_cnt_b[3]_syn_17.q0    39
#5        u_es8388_ctrl/u_es8388_config/u_i2c_dri/dri_clk     GCLK               lslice             u_es8388_ctrl/u_es8388_config/u_i2c_dri/clk_cnt_b[3]_syn_17.q0     39
#6        aud_mclk_1_dup_1                                    GCLK               pll                u1_pll_clk/pll_inst.clkc1                                          0
#7        aud_mclk_dup_1                                      GCLK               pll                u_pll_clk/pll_inst.clkc1                                           0
#8        u1_pll_clk/clk0_buf                                 GCLK               pll                u1_pll_clk/pll_inst.clkc0                                          0
#9        u_pll_clk/clk0_buf                                  GCLK               pll                u_pll_clk/pll_inst.clkc0                                           0


Detailed IO Report

      Name        Direction    Location    IOStandard    DriveStrength    PullType     PackReg   
   aud_adcdat       INPUT        R14        LVCMOS25          N/A          PULLUP       IREG     
  aud_adcdat_1      INPUT         F7        LVCMOS25          N/A          PULLUP       IREG     
    aud_bclk        INPUT         M6        LVCMOS25          N/A          PULLUP       NONE     
   aud_bclk_1       INPUT         C4        LVCMOS25          N/A          PULLUP       NONE     
    aud_lrc         INPUT         M7        LVCMOS25          N/A          PULLUP       IREG     
   aud_lrc_1        INPUT         D6        LVCMOS25          N/A          PULLUP       IREG     
    sys_clk         INPUT         R7        LVCMOS25          N/A          PULLUP       NONE     
   sys_rst_n        INPUT         E3        LVCMOS25          N/A          PULLUP       NONE     
  sys_rst_n_1       INPUT        H16        LVCMOS25          N/A           N/A         NONE     
   volume[1]        INPUT        B10        LVCMOS25          N/A          PULLUP       NONE     
   volume[0]        INPUT        A10        LVCMOS25          N/A          PULLUP       NONE     
    I2S_BCLK       OUTPUT        F15        LVCMOS25           8            NONE        NONE     
    I2S_DATA       OUTPUT        F13        LVCMOS25           8            NONE        NONE     
   I2S_LRCLK       OUTPUT        D16        LVCMOS25           8            NONE        NONE     
   aud_dacdat      OUTPUT         P6        LVCMOS25           8            NONE        OREG     
  aud_dacdat_1     OUTPUT         C5        LVCMOS25           8            NONE        OREG     
    aud_mclk       OUTPUT         N5        LVCMOS25           8            NONE        NONE     
   aud_mclk_1      OUTPUT         B3        LVCMOS25           8            NONE        NONE     
    aud_scl        OUTPUT        R12        LVCMOS25           8            NONE        OREG     
   aud_scl_1       OUTPUT         B2        LVCMOS25           8            NONE        OREG     
     ilaclk        OUTPUT         T5        LVCMOS25           8            NONE        NONE     
    ilaclk_1       OUTPUT         D3        LVCMOS25           8            NONE        NONE     
      led          OUTPUT        B14        LVCMOS25           8            NONE        NONE     
     led_1         OUTPUT        B15        LVCMOS25           8            NONE        NONE     
    led_mic0       OUTPUT        C15        LVCMOS25           8            NONE        OREG     
    led_mic1       OUTPUT        E13        LVCMOS25           8            NONE        OREG     
    led_mid        OUTPUT        C16        LVCMOS25           8            NONE        OREG     
    aud_sda         INOUT         R9        LVCMOS25           8           PULLUP     OREG;TREG  
   aud_sda_1        INOUT         B1        LVCMOS25           8           PULLUP     OREG;TREG  

Report Hierarchy Area:
+-----------------------------------------------------------------------------------------------+
|Instance            |Module               |le     |lut     |ripple  |seq     |bram    |dsp     |
+-----------------------------------------------------------------------------------------------+
|top                 |audio_speak          |6052   |5235    |746     |597     |0       |8       |
|  direction         |mic_localization_led |4544   |4277    |213     |285     |0       |8       |
|  u1_es8388_ctrl    |es8388_ctrl          |279    |245     |28      |140     |0       |0       |
|    u_audio_receive |audio_receive        |77     |63      |8       |53      |0       |0       |
|    u_audio_send    |audio_send           |21     |21      |0       |20      |0       |0       |
|    u_es8388_config |es8388_config        |181    |161     |20      |67      |0       |0       |
|      u_i2c_dri     |i2c_dri              |123    |113     |10      |40      |0       |0       |
|      u_i2c_reg_cfg |i2c_reg_cfg          |58     |48      |10      |27      |0       |0       |
|  u1_pll_clk        |clk_wiz_0            |1      |1       |0       |0       |0       |0       |
|  u_es8388_ctrl     |es8388_ctrl          |273    |234     |28      |139     |0       |0       |
|    u_audio_receive |audio_receive        |75     |58      |8       |51      |0       |0       |
|    u_audio_send    |audio_send           |21     |19      |0       |20      |0       |0       |
|    u_es8388_config |es8388_config        |177    |157     |20      |68      |0       |0       |
|      u_i2c_dri     |i2c_dri              |118    |108     |10      |42      |0       |0       |
|      u_i2c_reg_cfg |i2c_reg_cfg          |59     |49      |10      |26      |0       |0       |
|  u_pll_clk         |clk_wiz_0            |1      |1       |0       |0       |0       |0       |
+-----------------------------------------------------------------------------------------------+


DataNet Average Fanout:

   Index     Fanout     Nets  
    #1          1       5761  
    #2          2       3268  
    #3          3       291   
    #4          4       193   
    #5        5-10       95   
    #6        11-50     167   
    #7       51-100      8    
    #8       101-500     12   
    #9        >500       8    
  Average     2.87            

RUN-1002 : start command "export_db ES8388_pr.db"
RUN-1001 : Exported /
RUN-1001 : Exported flow parameters
RUN-1001 : Exported libs
RUN-1001 : Exported entities
RUN-1001 : Exported ports
RUN-1001 : Exported pins
RUN-1001 : Exported instances
RUN-1001 : Exported nets
RUN-1001 : Exported buses
RUN-1001 : Exported models
RUN-1001 : Exported congestions
RUN-1001 : Exported violations
RUN-1001 : Exported IO constraints
RUN-1001 : Exported Inst constraints
RUN-1002 : start command "export_bid ES8388_inst.bid"
RUN-1002 : start command "bitgen -bit ES8388.bit -unused_io_status pulldown"
BIT-1003 : Start to generate bitstream. 
BIT-1002 : Bitgen processed 159 unused pads, reserve input tri_state with pulldown
BIT-1002 : Init instances with 24 threads.
BIT-1002 : Init instances completely, inst num: 3290
BIT-1002 : Init pips with 24 threads.
BIT-1002 : Init pips completely, net num: 9843, pip num: 66225
BIT-1002 : Init feedthrough completely, num: 7
BIT-1003 : Multithreading accelaration with 24 threads.
BIT-1003 : Generate bitstream completely, there are 3203 valid insts, and 177681 bits set as '1'.
BIT-1004 : PLL setting string = 0110
BIT-1004 : Generate bits file ES8388.bit.
RUN-1003 : finish command "bitgen -bit ES8388.bit -unused_io_status pulldown" in  5.635652s wall, 88.171875s user + 1.609375s system = 89.781250s CPU (1593.1%)

RUN-1004 : used memory is 638 MB, reserved memory is 634 MB, peak memory is 861 MB
RUN-1002 : start command "backup_run_log run.log ../.logs/phy_1/td_20251019_192325.log"
