============================================================
   Tang Dynasty, V5.6.71036
      Copyright (c) 2012-2023 Anlogic Inc.
   Executable = E:/Software/Anlogic/TD5.6.2/bin/td.exe
   Built at =   20:34:38 Mar 21 2023
   Run by =     Lviva
   Run Date =   Fri Oct 24 17:59:11 2025

   Run on =     VIVACIOUS
============================================================
RUN-1002 : start command "open_project ES8388.prj"
RUN-1001 : Print Global Property
RUN-1001 : ---------------------------------------------------------------
RUN-1001 :        Parameters        |  Settings  |  Default Values  |  Note  
RUN-1001 : ---------------------------------------------------------------
RUN-1001 :          message         |  standard  |     standard     |        
RUN-1001 :   mixed_pack_place_flow  |     on     |        on        |        
RUN-1001 :        qor_monitor       |    off     |       off        |        
RUN-1001 :        syn_ip_flow       |    off     |       off        |        
RUN-1001 :          thread          |    auto    |       auto       |        
RUN-1001 : ---------------------------------------------------------------
RUN-1001 : Print Design Property
RUN-1001 : --------------------------------------------------------------
RUN-1001 :        Parameters       |  Settings  |  Default Values  |  Note  
RUN-1001 : --------------------------------------------------------------
RUN-1001 :   default_reg_initial   |    auto    |       auto       |        
RUN-1001 :        infer_add        |     on     |        on        |        
RUN-1001 :        infer_fsm        |    off     |       off        |        
RUN-1001 :        infer_mult       |     on     |        on        |        
RUN-1001 :        infer_ram        |     on     |        on        |        
RUN-1001 :        infer_reg        |     on     |        on        |        
RUN-1001 :   infer_reg_init_value  |     on     |        on        |        
RUN-1001 :        infer_rom        |     on     |        on        |        
RUN-1001 :      infer_shifter      |     on     |        on        |        
RUN-1001 : --------------------------------------------------------------
RUN-1001 : Print Rtl Property
RUN-1001 : --------------------------------------------------------------
RUN-1001 :        Parameters       |  Settings  |  Default Values  |  Note  
RUN-1001 : --------------------------------------------------------------
RUN-1001 :       compress_add      |   ripple   |      ripple      |        
RUN-1001 :        elf_sload        |    off     |       off        |        
RUN-1001 :       fix_undriven      |     0      |        0         |        
RUN-1001 :         flatten         |    off     |       off        |        
RUN-1001 :       gate_sharing      |     on     |        on        |        
RUN-1001 :    hdl_warning_level    |   normal   |      normal      |        
RUN-1001 :   impl_internal_tribuf  |     on     |        on        |        
RUN-1001 :      impl_set_reset     |     on     |        on        |        
RUN-1001 :        infer_gsr        |    off     |       off        |        
RUN-1001 :      keep_hierarchy     |    auto    |       auto       |        
RUN-1001 :        max_fanout       |    9999    |       9999       |        
RUN-1001 :      max_oh2bin_len     |     10     |        10        |        
RUN-1001 :       merge_equal       |     on     |        on        |        
RUN-1001 :       merge_equiv       |     on     |        on        |        
RUN-1001 :        merge_mux        |    off     |       off        |        
RUN-1001 :     min_control_set     |     8      |        8         |        
RUN-1001 :      min_ripple_len     |    auto    |       auto       |        
RUN-1001 :       oh2bin_ratio      |    0.08    |       0.08       |        
RUN-1001 :     opt_adder_fanout    |     on     |        on        |        
RUN-1001 :        opt_arith        |     on     |        on        |        
RUN-1001 :       opt_big_gate      |    off     |       off        |        
RUN-1001 :        opt_const        |     on     |        on        |        
RUN-1001 :      opt_const_mult     |     on     |        on        |        
RUN-1001 :       opt_lessthan      |     on     |        on        |        
RUN-1001 :         opt_mux         |    off     |       off        |        
RUN-1001 :         opt_ram         |    high    |       high       |        
RUN-1001 :      rtl_sim_model      |    off     |       off        |        
RUN-1001 :         seq_syn         |     on     |        on        |        
RUN-1001 : --------------------------------------------------------------
HDL-1007 : analyze verilog file ../../al_ip/clk_wiz_0.v
HDL-1007 : undeclared symbol 'open', assumed default net type 'wire' in ../../al_ip/clk_wiz_0.v(80)
HDL-1007 : analyze verilog file ../../../RTL/audio_receive.v
HDL-1007 : analyze verilog file ../../../RTL/audio_send.v
HDL-1007 : analyze verilog file ../../../RTL/audio_speak.v
HDL-1007 : analyze verilog file ../../../RTL/es8388_config.v
HDL-1007 : analyze verilog file ../../../RTL/es8388_ctrl.v
HDL-1007 : analyze verilog file ../../../RTL/i2c_dri.v
HDL-1007 : analyze verilog file ../../../RTL/i2c_reg_cfg.v
RUN-1001 : Project manager successfully analyzed 8 source files.
RUN-1002 : start command "import_device eagle_s20.db -package EG4S20BG256"
ARC-1001 : Device Initialization.
ARC-1001 : ------------------------------------------------------------------
ARC-1001 :            OPTION            |          IO          |   SETTING   
ARC-1001 : ------------------------------------------------------------------
ARC-1001 :   cso_b/cclk/mosi/miso/dout  |  T3/R11/T10/P10/S11  |    gpio    
ARC-1001 :             done             |         P13          |    gpio    
ARC-1001 :           program_b          |          T2          |  dedicate  
ARC-1001 :        tdi/tms/tck/tdo       |   C12/A15/C14/E14    |  dedicate  
ARC-1001 : ------------------------------------------------------------------
ARC-1004 : Device setting, marked 5 dedicate IOs in total.
RUN-1002 : start command "import_db ../syn_1/ES8388_gate.db"
RUN-1001 : Importing database generated by Tang Dynasty, V5.6.71036.
RUN-1001 : Database version number 46146.
RUN-1001 : Import flow parameters
RUN-1001 : Import IO constraints
RUN-1001 : Import Inst constraints
RUN-1001 : Import design success TD_VERSION=5.6.71036 , DB_VERSION=46146
RUN-1002 : start command "place"
RUN-1001 : Open license file E:/Software/Anlogic/TD5.6.2/license/Anlogic.lic
RUN-1001 : Print Global Property
RUN-1001 : ---------------------------------------------------------------
RUN-1001 :        Parameters        |  Settings  |  Default Values  |  Note  
RUN-1001 : ---------------------------------------------------------------
RUN-1001 :          message         |  standard  |     standard     |        
RUN-1001 :   mixed_pack_place_flow  |     on     |        on        |        
RUN-1001 :        qor_monitor       |    off     |       off        |        
RUN-1001 :        syn_ip_flow       |    off     |       off        |        
RUN-1001 :          thread          |    auto    |       auto       |        
RUN-1001 : ---------------------------------------------------------------
RUN-1001 : Print Place Property
RUN-1001 : --------------------------------------------------------------
RUN-1001 :        Parameters       |  Settings  |  Default Values  |  Note  
RUN-1001 : --------------------------------------------------------------
RUN-1001 :      detailed_place     |     on     |        on        |        
RUN-1001 :          effort         |   medium   |      medium      |        
RUN-1001 :         fix_hold        |    off     |       off        |        
RUN-1001 :       legalization      |    ori     |       ori        |        
RUN-1001 :      new_spreading      |     on     |        on        |        
RUN-1001 :        opt_timing       |   medium   |      medium      |        
RUN-1001 :   post_clock_route_opt  |    off     |       off        |        
RUN-1001 :       pr_strategy       |     1      |        1         |        
RUN-1001 :        relaxation       |    1.00    |       1.00       |        
RUN-1001 :         retiming        |    off     |       off        |        
RUN-1001 : --------------------------------------------------------------
PHY-3001 : Placer runs in 16 thread(s).
RUN-1002 : start command "legalize_phy_inst"
SYN-1011 : Flatten model audio_speak
RUN-1002 : start command "phys_opt -simplify_lut"
SYN-4016 : Net ilaclk_1_dup_1 driven by BUFG (0 clock/control pins, 2 other pins).
SYN-4016 : Net ilaclk_2_dup_1 driven by BUFG (0 clock/control pins, 2 other pins).
SYN-4016 : Net ilaclk_3_dup_1 driven by BUFG (0 clock/control pins, 2 other pins).
SYN-4016 : Net ilaclk_dup_1 driven by BUFG (0 clock/control pins, 2 other pins).
SYN-4027 : Net aud_mclk_1_dup_1 is clkc1 of pll u1_pll_clk/pll_inst.
SYN-4019 : Net sys_clk_dup_1 is refclk of pll u1_pll_clk/pll_inst.
SYN-4020 : Net sys_clk_dup_1 is fbclk of pll u1_pll_clk/pll_inst.
SYN-4027 : Net aud_mclk_2_dup_1 is clkc1 of pll u2_pll_clk/pll_inst.
SYN-4019 : Net sys_clk_dup_1 is refclk of pll u2_pll_clk/pll_inst.
SYN-4020 : Net sys_clk_dup_1 is fbclk of pll u2_pll_clk/pll_inst.
SYN-4027 : Net aud_mclk_3_dup_1 is clkc1 of pll u3_pll_clk/pll_inst.
SYN-4019 : Net sys_clk_dup_1 is refclk of pll u3_pll_clk/pll_inst.
SYN-4020 : Net sys_clk_dup_1 is fbclk of pll u3_pll_clk/pll_inst.
SYN-4027 : Net aud_mclk_dup_1 is clkc1 of pll u_pll_clk/pll_inst.
SYN-4019 : Net sys_clk_dup_1 is refclk of pll u_pll_clk/pll_inst.
SYN-4020 : Net sys_clk_dup_1 is fbclk of pll u_pll_clk/pll_inst.
SYN-4024 : Net "aud_bclk_dup_1" drives clk pins.
SYN-4024 : Net "aud_bclk_1_dup_1" drives clk pins.
SYN-4024 : Net "aud_bclk_2_dup_1" drives clk pins.
SYN-4024 : Net "aud_bclk_3_dup_1" drives clk pins.
SYN-4024 : Net "u1_es8388_ctrl/u_es8388_config/u_i2c_dri/dri_clk" drives clk pins.
SYN-4024 : Net "u2_es8388_ctrl/u_es8388_config/u_i2c_dri/dri_clk" drives clk pins.
SYN-4024 : Net "u3_es8388_ctrl/u_es8388_config/u_i2c_dri/dri_clk" drives clk pins.
SYN-7503 WARNING: Net "u_es8388_ctrl/u_es8388_config/u_i2c_dri/dri_clk" drives clk pins. However it will not be tagged as clk net, for there's no more slots.
SYN-4025 : Tag rtl::Net aud_bclk_1_dup_1 as clock net
SYN-4025 : Tag rtl::Net aud_bclk_2_dup_1 as clock net
SYN-4025 : Tag rtl::Net aud_bclk_3_dup_1 as clock net
SYN-4025 : Tag rtl::Net aud_bclk_dup_1 as clock net
SYN-4025 : Tag rtl::Net aud_mclk_1_dup_1 as clock net
SYN-4025 : Tag rtl::Net aud_mclk_2_dup_1 as clock net
SYN-4025 : Tag rtl::Net aud_mclk_3_dup_1 as clock net
SYN-4025 : Tag rtl::Net aud_mclk_dup_1 as clock net
SYN-4025 : Tag rtl::Net ilaclk_1_dup_1 as clock net
SYN-4025 : Tag rtl::Net ilaclk_2_dup_1 as clock net
SYN-4025 : Tag rtl::Net ilaclk_3_dup_1 as clock net
SYN-4025 : Tag rtl::Net ilaclk_dup_1 as clock net
SYN-4025 : Tag rtl::Net sys_clk_dup_1 as clock net
SYN-4025 : Tag rtl::Net u1_es8388_ctrl/u_es8388_config/u_i2c_dri/dri_clk as clock net
SYN-4025 : Tag rtl::Net u2_es8388_ctrl/u_es8388_config/u_i2c_dri/dri_clk as clock net
SYN-4025 : Tag rtl::Net u3_es8388_ctrl/u_es8388_config/u_i2c_dri/dri_clk as clock net
SYN-4026 : Tagged 16 rtl::Net as clock net
SYN-4015 : Create BUFG instance for clk Net aud_bclk_1_dup_1 to drive 80 clock pins.
SYN-4015 : Create BUFG instance for clk Net aud_bclk_2_dup_1 to drive 80 clock pins.
SYN-4015 : Create BUFG instance for clk Net aud_bclk_dup_1 to drive 80 clock pins.
SYN-4015 : Create BUFG instance for clk Net u1_es8388_ctrl/u_es8388_config/u_i2c_dri/dri_clk to drive 59 clock pins.
SYN-4015 : Create BUFG instance for clk Net u2_es8388_ctrl/u_es8388_config/u_i2c_dri/dri_clk to drive 59 clock pins.
SYN-4015 : Create BUFG instance for clk Net u3_es8388_ctrl/u_es8388_config/u_i2c_dri/dri_clk to drive 59 clock pins.
PHY-1001 : Populate physical database on model audio_speak.
RUN-1001 : There are total 1577 instances
RUN-0007 : 791 luts, 612 seqs, 72 mslices, 42 lslices, 43 pads, 0 brams, 0 dsps
RUN-1001 : There are total 1761 nets
RUN-1001 : 1124 nets have 2 pins
RUN-1001 : 425 nets have [3 - 5] pins
RUN-1001 : 98 nets have [6 - 10] pins
RUN-1001 : 70 nets have [11 - 20] pins
RUN-1001 : 38 nets have [21 - 99] pins
RUN-1001 : 6 nets have 100+ pins
RUN-1001 : Report Control nets information:
RUN-1001 : DFF Distribution
RUN-1001 : ----------------------------------
RUN-1001 :   CE   |  SSR  |  ASR  |  DFF Count  
RUN-1001 : ----------------------------------
RUN-1001 :   No   |  No   |  No   |      0      
RUN-1001 :   No   |  No   |  Yes  |     292     
RUN-1001 :   No   |  Yes  |  No   |      0      
RUN-1001 :   Yes  |  No   |  No   |      0      
RUN-1001 :   Yes  |  No   |  Yes  |     288     
RUN-1001 :   Yes  |  Yes  |  No   |     32      
RUN-1001 : ----------------------------------
RUN-0007 : Control Group Statistic
RUN-0007 : ---------------------------
RUN-0007 :   #CLK  |  #CE  |  #SSR/ASR  
RUN-0007 : ---------------------------
RUN-0007 :    9    |  21   |     9      
RUN-0007 : ---------------------------
RUN-0007 : Control Set = 32
PHY-3001 : Initial placement ...
PHY-3001 : design contains 1575 instances, 791 luts, 612 seqs, 114 slices, 32 macros(114 instances: 72 mslices 42 lslices)
PHY-0007 : Cell area utilization is 5%
PHY-3001 : Global placement ...
PHY-3001 : Initial: Len = 339317
PHY-3001 : Clustering ...
PHY-3001 : Level 0 #clusters 1575.
PHY-3001 : End clustering;  0.000075s wall, 0.000000s user + 0.000000s system = 0.000000s CPU (n/a%)

PHY-3001 : Run with size of 4
PHY-3001 : Cell area utilization is 5%
PHY-3001 : :::0::: Try harder cell spreading with beta_ = 0
PHY-3002 : Step(1): len = 195380, overlap = 0
PHY-3002 : Step(2): len = 131497, overlap = 0
PHY-3002 : Step(3): len = 91894.6, overlap = 0
PHY-3002 : Step(4): len = 73189.3, overlap = 0
PHY-3002 : Step(5): len = 61795.3, overlap = 0
PHY-3002 : Step(6): len = 54985.1, overlap = 0
PHY-3002 : Step(7): len = 48880.2, overlap = 0
PHY-3002 : Step(8): len = 48649.5, overlap = 0
PHY-3002 : Step(9): len = 47166.9, overlap = 0
PHY-3002 : Step(10): len = 43582, overlap = 0
PHY-3002 : Step(11): len = 40330.5, overlap = 0
PHY-3002 : Step(12): len = 38468.1, overlap = 0
PHY-3002 : Step(13): len = 38548.4, overlap = 0
PHY-3002 : Step(14): len = 38356.7, overlap = 0
PHY-3002 : Step(15): len = 34417.5, overlap = 0
PHY-3002 : Step(16): len = 34483.8, overlap = 0
PHY-3002 : Step(17): len = 35240.7, overlap = 0
PHY-3002 : Step(18): len = 33136.9, overlap = 0.125
PHY-3002 : Step(19): len = 31347.5, overlap = 0
PHY-3002 : Step(20): len = 31347.5, overlap = 0
PHY-3002 : Step(21): len = 29287.7, overlap = 0.0625
PHY-3002 : Step(22): len = 29287.7, overlap = 0.0625
PHY-3002 : Step(23): len = 28735.1, overlap = 0.1875
PHY-3001 : Legalization ...
PHY-3001 : End legalization;  0.002125s wall, 0.000000s user + 0.000000s system = 0.000000s CPU (n/a%)

PHY-3001 : Run with size of 4
PHY-3001 : Cell area utilization is 6%
PHY-3001 : :::0::: Try harder cell spreading with beta_ = 0
PHY-3002 : Step(24): len = 28542, overlap = 11.9688
PHY-3002 : Step(25): len = 28542, overlap = 11.9688
PHY-3002 : Step(26): len = 28241.6, overlap = 11.75
PHY-3002 : Step(27): len = 28241.6, overlap = 11.75
PHY-3002 : Step(28): len = 28032.7, overlap = 11.9688
PHY-3002 : Step(29): len = 28228.4, overlap = 12.4688
PHY-3002 : Step(30): len = 28378.8, overlap = 13
PHY-3001 : Run with size of 2
PHY-3001 : Cell area utilization is 6%
PHY-3001 : :::0::: Try harder cell spreading with beta_ = 3.37116e-05
PHY-3002 : Step(31): len = 28981.4, overlap = 56.4688
PHY-3002 : Step(32): len = 29209.9, overlap = 56.5312
PHY-3002 : Step(33): len = 31614.6, overlap = 52.5
PHY-3002 : Step(34): len = 32084.3, overlap = 49.0938
PHY-3002 : Step(35): len = 31291.7, overlap = 43.4688
PHY-3002 : Step(36): len = 31559, overlap = 41.9062
PHY-3002 : Step(37): len = 31551.1, overlap = 43.625
PHY-3001 : :::1::: Try harder cell spreading with beta_ = 6.74233e-05
PHY-3002 : Step(38): len = 29942, overlap = 44.2188
PHY-3002 : Step(39): len = 30091.6, overlap = 45.6562
PHY-3002 : Step(40): len = 30230.2, overlap = 45.9688
PHY-3001 : :::2::: Try harder cell spreading with beta_ = 0.000134847
PHY-3002 : Step(41): len = 29925.1, overlap = 45.4062
PHY-3002 : Step(42): len = 30150.9, overlap = 45.7188
PHY-3001 : :::3::: Try harder cell spreading with beta_ = 0.000269693
PHY-3002 : Step(43): len = 30685.2, overlap = 45.5312
PHY-3002 : Step(44): len = 30685.2, overlap = 45.5312
PHY-3001 : :::4::: Try harder cell spreading with beta_ = 0.000539386
PHY-3002 : Step(45): len = 31293.4, overlap = 40.3125
PHY-3002 : Step(46): len = 31497.4, overlap = 39.9375
PHY-3002 : Step(47): len = 31610.1, overlap = 37.5
PHY-3001 : :::5::: Try harder cell spreading with beta_ = 0.00107877
PHY-3002 : Step(48): len = 30869.4, overlap = 38.7812
PHY-3002 : Step(49): len = 30869.4, overlap = 38.7812
PHY-3001 : :::6::: Try harder cell spreading with beta_ = 0.00215754
PHY-3002 : Step(50): len = 31018, overlap = 38.6562
PHY-3002 : Step(51): len = 31104.7, overlap = 38.5312
PHY-3001 : :::7::: Try harder cell spreading with beta_ = 0.00431509
PHY-3002 : Step(52): len = 31015.6, overlap = 38.2812
PHY-3002 : Step(53): len = 31015.6, overlap = 38.2812
PHY-3001 : :::8::: Try harder cell spreading with beta_ = 0.00852328
PHY-3002 : Step(54): len = 31101.2, overlap = 38.125
PHY-3002 : Step(55): len = 31101.2, overlap = 38.125
PHY-3001 : :::9::: Try harder cell spreading with beta_ = 0.0170466
PHY-3002 : Step(56): len = 31087.7, overlap = 38.0312
PHY-3002 : Step(57): len = 31087.7, overlap = 38.0312
OPT-1001 : Start physical optimization ...
OPT-1001 : Total overflow 88.16 peak overflow 7.16
OPT-1001 : Start high-fanout net optimization ...
OPT-1001 : Update timing in global mode
PHY-1001 : Start incremental global routing, caller is place ...
RUN-1001 : Generating global routing grids ...
RUN-1001 : Building simple global routing graph ...
PHY-1001 : Generate routing nets ...
PHY-1001 : Reuse net number 0/1761.
PHY-1001 : Global iterations in 16 thread ...
PHY-1002 : len = 33128, over cnt = 114(0%), over = 588, worst = 26
PHY-1001 : End global iterations;  0.035572s wall, 0.015625s user + 0.062500s system = 0.078125s CPU (219.6%)

PHY-1001 : Congestion index: top1 = 31.49, top5 = 14.00, top10 = 8.42, top15 = 6.06.
PHY-1001 : End incremental global routing;  0.077744s wall, 0.046875s user + 0.078125s system = 0.125000s CPU (160.8%)

RUN-1002 : start command "start_timer -report"
TMR-5001 WARNING: No sdc constraints found while initiating timer.
TMR-2505 : Start building timing graph for model audio_speak.
TMR-2506 : Build timing graph completely. Port num: 45, tpin num: 7341, tnet num: 1759, tinst num: 1575, tnode num: 9577, tedge num: 11585.
TMR-2508 : Levelizing timing graph completed, there are 17 levels in total.
TMR-2501 : Timing graph initialized successfully.
OPT-1001 : End timing update;  0.179385s wall, 0.171875s user + 0.000000s system = 0.171875s CPU (95.8%)

OPT-1001 : 0 high-fanout net processed.
OPT-1001 : End high-fanout net optimization;  0.276761s wall, 0.250000s user + 0.078125s system = 0.328125s CPU (118.6%)

OPT-1001 : Current memory(MB): used = 173, reserve = 141, peak = 173.
OPT-1001 : End physical optimization;  0.291744s wall, 0.250000s user + 0.078125s system = 0.328125s CPU (112.5%)

PHY-3001 : Start packing ...
SYN-4007 : Packing 0 MUX to BLE ...
SYN-4008 : Packed 0 MUX and 0 SEQ to BLE.
SYN-4007 : Packing 791 LUT to BLE ...
SYN-4008 : Packed 791 LUT and 328 SEQ to BLE.
SYN-4003 : Packing 284 remaining SEQ's ...
SYN-4005 : Packed 182 SEQ with LUT/SLICE
SYN-4006 : 322 single LUT's are left
SYN-4006 : 102 single SEQ's are left
SYN-4011 : Packing model "audio_speak" (AL_USER_NORMAL) with 893/1067 primitive instances ...
PHY-3001 : End packing;  0.040657s wall, 0.046875s user + 0.000000s system = 0.046875s CPU (115.3%)

PHY-1001 : Populate physical database on model audio_speak.
RUN-1001 : There are total 669 instances
RUN-1001 : 304 mslices, 305 lslices, 43 pads, 0 brams, 0 dsps
RUN-1001 : There are total 1445 nets
RUN-1001 : 791 nets have 2 pins
RUN-1001 : 437 nets have [3 - 5] pins
RUN-1001 : 103 nets have [6 - 10] pins
RUN-1001 : 80 nets have [11 - 20] pins
RUN-1001 : 32 nets have [21 - 99] pins
RUN-1001 : 2 nets have 100+ pins
PHY-3001 : design contains 667 instances, 609 slices, 32 macros(114 instances: 72 mslices 42 lslices)
PHY-3001 : Cell area utilization is 8%
PHY-3001 : After packing: Len = 31225.4, Over = 51.25
PHY-3001 : Run with size of 2
PHY-3001 : Cell area utilization is 8%
PHY-3001 : :::0::: Try harder cell spreading with beta_ = 4.08135e-05
PHY-3002 : Step(58): len = 30569.1, overlap = 53.25
PHY-3002 : Step(59): len = 30617.8, overlap = 53.75
PHY-3002 : Step(60): len = 30129.2, overlap = 54
PHY-3002 : Step(61): len = 30165.3, overlap = 54
PHY-3002 : Step(62): len = 29868.3, overlap = 56.5
PHY-3001 : :::1::: Try harder cell spreading with beta_ = 8.1627e-05
PHY-3002 : Step(63): len = 30213.5, overlap = 51.75
PHY-3002 : Step(64): len = 30213.5, overlap = 51.75
PHY-3002 : Step(65): len = 30151.7, overlap = 49.5
PHY-3001 : :::2::: Try harder cell spreading with beta_ = 0.000163254
PHY-3002 : Step(66): len = 30902.8, overlap = 48.25
PHY-3002 : Step(67): len = 31217.1, overlap = 48.75
PHY-3002 : Step(68): len = 31579.1, overlap = 46.75
PHY-3001 : Legalization ...
PHY-3001 : End legalization;  0.119665s wall, 0.109375s user + 0.203125s system = 0.312500s CPU (261.1%)

PHY-3001 : Trial Legalized: Len = 52036.7
PHY-3001 : Run with size of 2
PHY-3001 : Cell area utilization is 8%
PHY-3001 : :::0::: Try harder cell spreading with beta_ = 0.0348056
PHY-3002 : Step(69): len = 49981.5, overlap = 0.25
PHY-3002 : Step(70): len = 46706.5, overlap = 1.75
PHY-3002 : Step(71): len = 42973.3, overlap = 9.75
PHY-3002 : Step(72): len = 42939.3, overlap = 9.75
PHY-3002 : Step(73): len = 42870, overlap = 10.25
PHY-3002 : Step(74): len = 42379.3, overlap = 11.25
PHY-3002 : Step(75): len = 41514.9, overlap = 13
PHY-3002 : Step(76): len = 41085.9, overlap = 13.75
PHY-3002 : Step(77): len = 40736.5, overlap = 15
PHY-3002 : Step(78): len = 39760.7, overlap = 16.25
PHY-3002 : Step(79): len = 39254.4, overlap = 17.75
PHY-3002 : Step(80): len = 39063.8, overlap = 18.75
PHY-3002 : Step(81): len = 38035.4, overlap = 19.75
PHY-3002 : Step(82): len = 37806.1, overlap = 20.75
PHY-3002 : Step(83): len = 37297.6, overlap = 21.5
PHY-3002 : Step(84): len = 36965.2, overlap = 22
PHY-3002 : Step(85): len = 36612.3, overlap = 23.25
PHY-3001 : :::1::: Try harder cell spreading with beta_ = 0.0685634
PHY-3002 : Step(86): len = 36583.7, overlap = 23.5
PHY-3002 : Step(87): len = 36392.1, overlap = 23.75
PHY-3001 : Legalization ...
PHY-3001 : End legalization;  0.003573s wall, 0.000000s user + 0.000000s system = 0.000000s CPU (n/a%)

PHY-3001 : Legalized: Len = 42532, Over = 0
PHY-3001 : End spreading;  0.004189s wall, 0.000000s user + 0.000000s system = 0.000000s CPU (n/a%)

PHY-3001 : Final: Len = 42532, Over = 0
OPT-1001 : Start physical optimization ...
OPT-1001 : Total overflow 0.00 peak overflow 0.00
OPT-1001 : Start high-fanout net optimization ...
OPT-1001 : Update timing in global mode
PHY-1001 : Start incremental global routing, caller is place ...
RUN-1001 : Generating global routing grids ...
PHY-1001 : Generate routing nets ...
PHY-1001 : Reuse net number 61/1445.
PHY-1001 : Global iterations in 16 thread ...
PHY-1002 : len = 49792, over cnt = 168(0%), over = 241, worst = 4
PHY-1002 : len = 50936, over cnt = 72(0%), over = 87, worst = 3
PHY-1002 : len = 51896, over cnt = 12(0%), over = 13, worst = 2
PHY-1002 : len = 52088, over cnt = 1(0%), over = 1, worst = 1
PHY-1002 : len = 52104, over cnt = 0(0%), over = 0, worst = 0
PHY-1001 : End global iterations;  0.095339s wall, 0.171875s user + 0.078125s system = 0.250000s CPU (262.2%)

PHY-1001 : Congestion index: top1 = 25.58, top5 = 18.50, top10 = 13.55, top15 = 10.13.
PHY-1001 : End incremental global routing;  0.145712s wall, 0.203125s user + 0.093750s system = 0.296875s CPU (203.7%)

RUN-1002 : start command "start_timer -report"
TMR-5001 WARNING: No sdc constraints found while initiating timer.
TMR-2505 : Start building timing graph for model audio_speak.
TMR-2506 : Build timing graph completely. Port num: 45, tpin num: 6233, tnet num: 1443, tinst num: 667, tnode num: 7829, tedge num: 10328.
TMR-2508 : Levelizing timing graph completed, there are 17 levels in total.
TMR-2501 : Timing graph initialized successfully.
OPT-1001 : End timing update;  0.173317s wall, 0.171875s user + 0.000000s system = 0.171875s CPU (99.2%)

OPT-1001 : 0 high-fanout net processed.
OPT-1001 : End high-fanout net optimization;  0.335590s wall, 0.390625s user + 0.093750s system = 0.484375s CPU (144.3%)

OPT-1001 : Current memory(MB): used = 179, reserve = 147, peak = 179.
OPT-1001 : Update timing in Manhattan mode
OPT-1001 : End timing update;  0.001227s wall, 0.000000s user + 0.000000s system = 0.000000s CPU (n/a%)

OPT-1001 : Start pin optimization...
OPT-1001 : skip pin optimization...
RUN-1001 : Generating global routing grids ...
PHY-1001 : Generate routing nets ...
PHY-1001 : Reuse net number 1190/1445.
PHY-1001 : Global iterations in 16 thread ...
PHY-1002 : len = 52104, over cnt = 0(0%), over = 0, worst = 0
PHY-1001 : End global iterations;  0.002437s wall, 0.000000s user + 0.000000s system = 0.000000s CPU (n/a%)

PHY-1001 : Congestion index: top1 = 25.58, top5 = 18.50, top10 = 13.55, top15 = 10.13.
OPT-1001 : Update timing in Manhattan mode
OPT-1001 : End timing update;  0.002169s wall, 0.000000s user + 0.000000s system = 0.000000s CPU (n/a%)

RUN-1001 : QoR Analysis:
OPT-0007 :   WNS 2147483647 TNS 0 NUM_FEPS 0
RUN-1001 :   No local congestion issue, and most congested 1% tile average routing util is 25.137931
RUN-1001 :   Top critical paths
OPT-1001 : End physical optimization;  0.397924s wall, 0.453125s user + 0.093750s system = 0.546875s CPU (137.4%)

RUN-1003 : finish command "place" in  2.820749s wall, 3.812500s user + 4.000000s system = 7.812500s CPU (277.0%)

RUN-1004 : used memory is 157 MB, reserved memory is 124 MB, peak memory is 180 MB
RUN-1002 : start command "export_db ES8388_place.db"
RUN-1001 : Exported /
RUN-1001 : Exported flow parameters
RUN-1001 : Exported libs
RUN-1001 : Exported entities
RUN-1001 : Exported ports
RUN-1001 : Exported pins
RUN-1001 : Exported instances
RUN-1001 : Exported nets
RUN-1001 : Exported buses
RUN-1001 : Exported models
RUN-1001 : Exported congestions
RUN-1001 : Exported violations
RUN-1001 : Exported IO constraints
RUN-1001 : Exported Inst constraints
RUN-1002 : start command "route"
RUN-1001 : Open license file E:/Software/Anlogic/TD5.6.2/license/Anlogic.lic
RUN-1001 : Print Global Property
RUN-1001 : ---------------------------------------------------------------
RUN-1001 :        Parameters        |  Settings  |  Default Values  |  Note  
RUN-1001 : ---------------------------------------------------------------
RUN-1001 :          message         |  standard  |     standard     |        
RUN-1001 :   mixed_pack_place_flow  |     on     |        on        |        
RUN-1001 :        qor_monitor       |    off     |       off        |        
RUN-1001 :        syn_ip_flow       |    off     |       off        |        
RUN-1001 :          thread          |    auto    |       auto       |        
RUN-1001 : ---------------------------------------------------------------
RUN-1001 : Print Route Property
RUN-1001 : -------------------------------------------------------
RUN-1001 :    Parameters    |  Settings  |  Default Values  |  Note  
RUN-1001 : -------------------------------------------------------
RUN-1001 :      effort      |   medium   |      medium      |        
RUN-1001 :     fix_hold     |    off     |       off        |        
RUN-1001 :    opt_timing    |   medium   |      medium      |        
RUN-1001 :   phy_sim_model  |    off     |       off        |        
RUN-1001 :     priority     |   timing   |      timing      |        
RUN-1001 :     swap_pin     |     on     |        on        |        
RUN-1001 : -------------------------------------------------------
PHY-1001 : Route runs in 16 thread(s)
RUN-1001 : There are total 669 instances
RUN-1001 : 304 mslices, 305 lslices, 43 pads, 0 brams, 0 dsps
RUN-1001 : There are total 1445 nets
RUN-1001 : 791 nets have 2 pins
RUN-1001 : 437 nets have [3 - 5] pins
RUN-1001 : 103 nets have [6 - 10] pins
RUN-1001 : 80 nets have [11 - 20] pins
RUN-1001 : 32 nets have [21 - 99] pins
RUN-1001 : 2 nets have 100+ pins
RUN-1002 : start command "start_timer -report"
TMR-5001 WARNING: No sdc constraints found while initiating timer.
TMR-2505 : Start building timing graph for model audio_speak.
TMR-2506 : Build timing graph completely. Port num: 45, tpin num: 6233, tnet num: 1443, tinst num: 667, tnode num: 7829, tedge num: 10328.
TMR-2508 : Levelizing timing graph completed, there are 17 levels in total.
TMR-2501 : Timing graph initialized successfully.
PHY-1001 : 304 mslices, 305 lslices, 43 pads, 0 brams, 0 dsps
TMR-2503 : Start to update net delay, extr mode = 3.
TMR-2504 : Update delay of 1443 nets completely.
TMR-2502 : Annotate delay completely, extr mode = 3.
TMR-3002 : No user constraint, initiate default constraint.
TMR-1501 : Assign derive clock DeriveClock to 764 clock pins, and constraint 1588 relative nodes.
TMR-3003 : Constraints initiated successfully.
TMR-3501 : Forward propagation: start to calculate arrival time...
TMR-3502 : Backward propagation: start to calculate required time...
TMR-3503 : Timing propagation completes.
PHY-1001 : Start global routing, caller is route ...
RUN-1001 : Generating global routing grids ...
PHY-1001 : Generate routing nets ...
PHY-1001 : Global iterations in 16 thread ...
PHY-1002 : len = 49240, over cnt = 166(0%), over = 241, worst = 4
PHY-1002 : len = 50448, over cnt = 70(0%), over = 87, worst = 3
PHY-1002 : len = 51512, over cnt = 6(0%), over = 6, worst = 1
PHY-1002 : len = 51592, over cnt = 0(0%), over = 0, worst = 0
PHY-1001 : End global iterations;  0.095299s wall, 0.078125s user + 0.125000s system = 0.203125s CPU (213.1%)

PHY-1001 : Congestion index: top1 = 25.22, top5 = 18.40, top10 = 13.42, top15 = 10.05.
PHY-1001 : End global routing;  0.142636s wall, 0.109375s user + 0.140625s system = 0.250000s CPU (175.3%)

PHY-1001 : Start detail routing ...
PHY-1001 : Current memory(MB): used = 210, reserve = 178, peak = 222.
PHY-1001 : Detailed router is running in normal mode.
PHY-1001 : Generate detailed routing grids ...
PHY-1001 : Processed IO instance aud_dacdat_syn_4 with INV attribute.
PHY-1001 : Processed IO instance aud_dacdat_1_syn_4 with INV attribute.
PHY-1001 : Processed IO instance aud_dacdat_2_syn_4 with INV attribute.
PHY-1001 : Processed IO instance aud_dacdat_3_syn_4 with INV attribute.
PHY-1001 : Generate nets ...
PHY-1001 : clock net aud_bclk_syn_4 will be merged with clock aud_bclk_dup_1
PHY-1001 : clock net aud_bclk_1_syn_4 will be merged with clock aud_bclk_1_dup_1
PHY-1001 : clock net aud_bclk_2_syn_4 will be merged with clock aud_bclk_2_dup_1
PHY-1001 : net aud_bclk_3_dup_1 will be routed on clock mesh
PHY-1001 : net aud_mclk_dup_1 will be routed on clock mesh
PHY-1001 : net aud_mclk_1_dup_1 will be routed on clock mesh
PHY-1001 : net aud_mclk_2_dup_1 will be routed on clock mesh
PHY-1001 : net aud_mclk_3_dup_1 will be routed on clock mesh
PHY-1001 : clock net ilaclk_dup_1 will be merged with clock u_pll_clk/clk0_buf
PHY-1001 : clock net ilaclk_1_dup_1 will be merged with clock u1_pll_clk/clk0_buf
PHY-1001 : clock net ilaclk_2_dup_1 will be merged with clock u2_pll_clk/clk0_buf
PHY-1001 : clock net ilaclk_3_dup_1 will be merged with clock u3_pll_clk/clk0_buf
PHY-1001 : net sys_clk_dup_1 will be routed on clock mesh
PHY-1001 : clock net u1_es8388_ctrl/u_es8388_config/u_i2c_dri/dri_clk_syn_4 will be merged with clock u1_es8388_ctrl/u_es8388_config/u_i2c_dri/dri_clk
PHY-1001 : clock net u2_es8388_ctrl/u_es8388_config/u_i2c_dri/dri_clk_syn_4 will be merged with clock u2_es8388_ctrl/u_es8388_config/u_i2c_dri/dri_clk
PHY-1001 : clock net u3_es8388_ctrl/u_es8388_config/u_i2c_dri/dri_clk_syn_4 will be merged with clock u3_es8388_ctrl/u_es8388_config/u_i2c_dri/dri_clk
PHY-1001 : Current memory(MB): used = 475, reserve = 448, peak = 475.
PHY-1001 : End build detailed router design. 2.184635s wall, 2.156250s user + 0.031250s system = 2.187500s CPU (100.1%)

PHY-1001 : Detail Route ...
PHY-1001 : ===== Detail Route Phase 1 =====
PHY-1001 : Clock net routing.....
PHY-1001 : Routed 1% nets.
PHY-1022 : len = 33840, over cnt = 0(0%), over = 0, worst = 0, crit = 0
PHY-1001 : End initial clock net routed; 3.795193s wall, 3.750000s user + 0.015625s system = 3.765625s CPU (99.2%)

PHY-1001 : Current memory(MB): used = 507, reserve = 481, peak = 507.
PHY-1001 : End phase 1; 3.798088s wall, 3.765625s user + 0.015625s system = 3.781250s CPU (99.6%)

PHY-1001 : ===== Detail Route Phase 2 =====
PHY-1001 : Initial routing.....
PHY-1001 : Routed 39% nets.
PHY-1001 : Routed 48% nets.
PHY-1001 : Routed 59% nets.
PHY-1001 : Routed 71% nets.
PHY-1001 : Routed 90% nets.
PHY-1022 : len = 242304, over cnt = 75(0%), over = 75, worst = 1, crit = 0
PHY-1001 : Current memory(MB): used = 508, reserve = 482, peak = 509.
PHY-1001 : End initial routed; 2.751249s wall, 2.546875s user + 0.796875s system = 3.343750s CPU (121.5%)

PHY-1001 : Current memory(MB): used = 508, reserve = 482, peak = 509.
PHY-1001 : End phase 2; 2.751351s wall, 2.546875s user + 0.796875s system = 3.343750s CPU (121.5%)

PHY-1001 : ===== Detail Route Phase 3 =====
PHY-1001 : Ripup-reroute.....
PHY-1001 : ===== DR Iter 1 =====
PHY-1022 : len = 241800, over cnt = 13(0%), over = 13, worst = 1, crit = 0
PHY-1001 : End DR Iter 1; 0.034670s wall, 0.046875s user + 0.000000s system = 0.046875s CPU (135.2%)

PHY-1001 : ===== DR Iter 2 =====
PHY-1022 : len = 241880, over cnt = 3(0%), over = 3, worst = 1, crit = 0
PHY-1001 : End DR Iter 2; 0.023770s wall, 0.015625s user + 0.015625s system = 0.031250s CPU (131.5%)

PHY-1001 : ===== DR Iter 3 =====
PHY-1022 : len = 241760, over cnt = 0(0%), over = 0, worst = 0, crit = 0
PHY-1001 : End DR Iter 3; 0.016412s wall, 0.000000s user + 0.015625s system = 0.015625s CPU (95.2%)

PHY-1001 : Commit to database.....
PHY-1001 : 16 feed throughs used by 14 nets
PHY-1001 : End commit to database; 0.113198s wall, 0.109375s user + 0.000000s system = 0.109375s CPU (96.6%)

PHY-1001 : Current memory(MB): used = 523, reserve = 497, peak = 523.
PHY-1001 : End phase 3; 0.273067s wall, 0.234375s user + 0.046875s system = 0.281250s CPU (103.0%)

PHY-1003 : Routed, final wirelength = 241760
PHY-1001 : Current memory(MB): used = 524, reserve = 497, peak = 524.
PHY-1001 : End export database. 0.006532s wall, 0.015625s user + 0.000000s system = 0.015625s CPU (239.2%)

PHY-1001 : End detail routing;  9.163809s wall, 8.859375s user + 0.890625s system = 9.750000s CPU (106.4%)

RUN-1003 : finish command "route" in  9.565453s wall, 9.234375s user + 1.031250s system = 10.265625s CPU (107.3%)

RUN-1004 : used memory is 454 MB, reserved memory is 427 MB, peak memory is 524 MB
RUN-1002 : start command "report_area -io_info -file ES8388_phy.area"
RUN-1001 : standard
***Report Model: audio_speak Device: EG4S20BG256***

IO Statistics
#IO                        46
  #input                   19
  #output                  23
  #inout                    4

Utilization Statistics
#lut                     1063   out of  19600    5.42%
#reg                      612   out of  19600    3.12%
#le                      1165
  #lut only               553   out of   1165   47.47%
  #reg only               102   out of   1165    8.76%
  #lut&reg                510   out of   1165   43.78%
#dsp                        0   out of     29    0.00%
#bram                       0   out of     64    0.00%
  #bram9k                   0
  #fifo9k                   0
#bram32k                    0   out of     16    0.00%
#pad                       43   out of    188   22.87%
  #ireg                     8
  #oreg                    12
  #treg                     4
#pll                        4   out of      4  100.00%
#gclk                      10   out of     16   62.50%

Clock Resource Statistics
Index     ClockNet                                            Type               DriverType         Driver                                                           Fanout
#1        aud_bclk_2_dup_1                                    GCLK               io                 aud_bclk_2_syn_2.di                                              45
#2        aud_bclk_dup_1                                      GCLK               io                 aud_bclk_syn_2.di                                                45
#3        aud_bclk_1_dup_1                                    GCLK               io                 aud_bclk_1_syn_2.di                                              44
#4        aud_bclk_3_dup_1                                    GCLK               io                 aud_bclk_3_syn_2.di                                              44
#5        sys_clk_dup_1                                       GCLK               io                 sys_clk_syn_2.di                                                 44
#6        u3_es8388_ctrl/u_es8388_config/u_i2c_dri/dri_clk    GCLK               lslice             u3_es8388_ctrl/u_es8388_config/u_i2c_dri/dri_clk_reg_syn_9.q1    44
#7        u2_es8388_ctrl/u_es8388_config/u_i2c_dri/dri_clk    GCLK               lslice             u2_es8388_ctrl/u_es8388_config/u_i2c_dri/dri_clk_reg_syn_9.q0    40
#8        u1_es8388_ctrl/u_es8388_config/u_i2c_dri/dri_clk    GCLK               lslice             u1_es8388_ctrl/u_es8388_config/u_i2c_dri/dri_clk_reg_syn_9.q1    38
#9        aud_mclk_1_dup_1                                    GCLK               pll                u1_pll_clk/pll_inst.clkc1                                        0
#10       aud_mclk_2_dup_1                                    GCLK               pll                u2_pll_clk/pll_inst.clkc1                                        0
#11       aud_mclk_3_dup_1                                    GCLK               pll                u3_pll_clk/pll_inst.clkc1                                        0
#12       aud_mclk_dup_1                                      GCLK               pll                u_pll_clk/pll_inst.clkc1                                         0
#13       u1_pll_clk/clk0_buf                                 GCLK               pll                u1_pll_clk/pll_inst.clkc0                                        0
#14       u2_pll_clk/clk0_buf                                 GCLK               pll                u2_pll_clk/pll_inst.clkc0                                        0
#15       u3_pll_clk/clk0_buf                                 GCLK               pll                u3_pll_clk/pll_inst.clkc0                                        0
#16       u_pll_clk/clk0_buf                                  GCLK               pll                u_pll_clk/pll_inst.clkc0                                         0


Detailed IO Report

      Name        Direction    Location    IOStandard    DriveStrength    PullType     PackReg   
   aud_adcdat       INPUT        R14        LVCMOS25          N/A          PULLUP       IREG     
  aud_adcdat_1      INPUT         N6        LVCMOS25          N/A          PULLUP       IREG     
  aud_adcdat_2      INPUT         E7        LVCMOS25          N/A          PULLUP       IREG     
  aud_adcdat_3      INPUT        H16        LVCMOS25          N/A           N/A         IREG     
    aud_bclk        INPUT         M6        LVCMOS25          N/A          PULLUP       NONE     
   aud_bclk_1       INPUT        T12        LVCMOS25          N/A          PULLUP       NONE     
   aud_bclk_2       INPUT         D5        LVCMOS25          N/A          PULLUP       NONE     
   aud_bclk_3       INPUT         F9        LVCMOS25          N/A           N/A         NONE     
    aud_lrc         INPUT         M7        LVCMOS25          N/A          PULLUP       IREG     
   aud_lrc_1        INPUT         P5        LVCMOS25          N/A          PULLUP       IREG     
   aud_lrc_2        INPUT         C6        LVCMOS25          N/A          PULLUP       IREG     
   aud_lrc_3        INPUT         H5        LVCMOS25          N/A           N/A         IREG     
    sys_clk         INPUT         R7        LVCMOS25          N/A          PULLUP       NONE     
   sys_rst_n        INPUT         E3        LVCMOS25          N/A          PULLUP       NONE     
  sys_rst_n_1       INPUT         E2        LVCMOS25          N/A           N/A         NONE     
  sys_rst_n_2       INPUT         M2        LVCMOS25          N/A           N/A         NONE     
  sys_rst_n_3       INPUT        G14        LVCMOS25          N/A           N/A         NONE     
   volume[1]        INPUT        B10        LVCMOS25          N/A          PULLUP       NONE     
   volume[0]        INPUT        A10        LVCMOS25          N/A          PULLUP       NONE     
   aud_dacdat      OUTPUT         P6        LVCMOS25           8            NONE        OREG     
  aud_dacdat_1     OUTPUT        T13        LVCMOS25           8            NONE        OREG     
  aud_dacdat_2     OUTPUT         E6        LVCMOS25           8            NONE        OREG     
  aud_dacdat_3     OUTPUT        C16        LVCMOS25           8            N/A         OREG     
    aud_mclk       OUTPUT         N5        LVCMOS25           8            NONE        NONE     
   aud_mclk_1      OUTPUT         T9        LVCMOS25           8            NONE        NONE     
   aud_mclk_2      OUTPUT         F6        LVCMOS25           8            NONE        NONE     
   aud_mclk_3      OUTPUT         N8        LVCMOS25           8            N/A         NONE     
    aud_scl        OUTPUT        R12        LVCMOS25           8            NONE        OREG     
   aud_scl_1       OUTPUT         T7        LVCMOS25           8            NONE        OREG     
   aud_scl_2       OUTPUT         A2        LVCMOS25           8            NONE        OREG     
   aud_scl_3       OUTPUT        D16        LVCMOS25           8            N/A         OREG     
     ilaclk        OUTPUT        P12        LVCMOS25           8            NONE        NONE     
    ilaclk_1       OUTPUT        K15        LVCMOS25           8            NONE        NONE     
    ilaclk_2       OUTPUT         D3        LVCMOS25           8            NONE        NONE     
    ilaclk_3       OUTPUT         K2        LVCMOS25           8            N/A         NONE     
      led          OUTPUT        B14        LVCMOS25           8            NONE        NONE     
     led_1         OUTPUT        B16        LVCMOS25           8            NONE        NONE     
     led_2         OUTPUT        B15        LVCMOS25           8            NONE        NONE     
     led_3         OUTPUT        F10        LVCMOS25           8            N/A         NONE     
    aud_sda         INOUT         R9        LVCMOS25           8           PULLUP     OREG;TREG  
   aud_sda_1        INOUT         T5        LVCMOS25           8           PULLUP     OREG;TREG  
   aud_sda_2        INOUT         C3        LVCMOS25           8           PULLUP     OREG;TREG  
   aud_sda_3        INOUT         F4        LVCMOS25           8            N/A       OREG;TREG  

Report Hierarchy Area:
+----------------------------------------------------------------------------------------+
|Instance            |Module        |le     |lut     |ripple  |seq     |bram    |dsp     |
+----------------------------------------------------------------------------------------+
|top                 |audio_speak   |1165   |949     |114     |636     |0       |0       |
|  u1_es8388_ctrl    |es8388_ctrl   |280    |233     |25      |145     |0       |0       |
|    u_audio_receive |audio_receive |77     |47      |12      |53      |0       |0       |
|    u_audio_send    |audio_send    |24     |24      |0       |24      |0       |0       |
|    u_es8388_config |es8388_config |179    |162     |13      |68      |0       |0       |
|      u_i2c_dri     |i2c_dri       |114    |107     |5       |40      |0       |0       |
|      u_i2c_reg_cfg |i2c_reg_cfg   |65     |55      |8       |28      |0       |0       |
|  u1_pll_clk        |clk_wiz_0     |1      |1       |0       |0       |0       |0       |
|  u2_es8388_ctrl    |es8388_ctrl   |275    |235     |25      |145     |0       |0       |
|    u_audio_receive |audio_receive |76     |52      |12      |56      |0       |0       |
|    u_audio_send    |audio_send    |21     |21      |0       |21      |0       |0       |
|    u_es8388_config |es8388_config |178    |162     |13      |68      |0       |0       |
|      u_i2c_dri     |i2c_dri       |119    |112     |5       |41      |0       |0       |
|      u_i2c_reg_cfg |i2c_reg_cfg   |59     |50      |8       |27      |0       |0       |
|  u2_pll_clk        |clk_wiz_0     |1      |1       |0       |0       |0       |0       |
|  u3_es8388_ctrl    |es8388_ctrl   |281    |235     |25      |145     |0       |0       |
|    u_audio_receive |audio_receive |80     |54      |12      |55      |0       |0       |
|    u_audio_send    |audio_send    |23     |19      |0       |22      |0       |0       |
|    u_es8388_config |es8388_config |178    |162     |13      |68      |0       |0       |
|      u_i2c_dri     |i2c_dri       |117    |110     |5       |41      |0       |0       |
|      u_i2c_reg_cfg |i2c_reg_cfg   |61     |52      |8       |27      |0       |0       |
|  u3_pll_clk        |clk_wiz_0     |1      |1       |0       |0       |0       |0       |
|  u_es8388_ctrl     |es8388_ctrl   |277    |230     |27      |145     |0       |0       |
|    u_audio_receive |audio_receive |76     |47      |12      |53      |0       |0       |
|    u_audio_send    |audio_send    |26     |26      |0       |24      |0       |0       |
|    u_es8388_config |es8388_config |175    |157     |15      |68      |0       |0       |
|      u_i2c_dri     |i2c_dri       |117    |108     |7       |41      |0       |0       |
|      u_i2c_reg_cfg |i2c_reg_cfg   |58     |49      |8       |27      |0       |0       |
|  u_pll_clk         |clk_wiz_0     |1      |1       |0       |0       |0       |0       |
+----------------------------------------------------------------------------------------+


DataNet Average Fanout:

   Index     Fanout    Nets  
    #1         1       744   
    #2         2       305   
    #3         3       103   
    #4         4        25   
    #5        5-10     109   
    #6       11-50      93   
    #7       51-100     4    
  Average     3.14           

RUN-1002 : start command "export_db ES8388_pr.db"
RUN-1001 : Exported /
RUN-1001 : Exported flow parameters
RUN-1001 : Exported libs
RUN-1001 : Exported entities
RUN-1001 : Exported ports
RUN-1001 : Exported pins
RUN-1001 : Exported instances
RUN-1001 : Exported nets
RUN-1001 : Exported buses
RUN-1001 : Exported models
RUN-1001 : Exported congestions
RUN-1001 : Exported violations
RUN-1001 : Exported IO constraints
RUN-1001 : Exported Inst constraints
RUN-1002 : start command "export_bid ES8388_inst.bid"
RUN-1002 : start command "bitgen -bit ES8388.bit -unused_io_status pulldown"
BIT-1003 : Start to generate bitstream. 
BIT-1002 : Bitgen processed 145 unused pads, reserve input tri_state with pulldown
BIT-1002 : Init instances with 16 threads.
BIT-1002 : Init instances completely, inst num: 812
BIT-1002 : Init pips with 16 threads.
BIT-1002 : Init pips completely, net num: 1445, pip num: 15424
BIT-1002 : Init feedthrough with 16 threads.
BIT-1002 : Init feedthrough completely, num: 16
BIT-1003 : Multithreading accelaration with 16 threads.
BIT-1003 : Generate bitstream completely, there are 2188 valid insts, and 42358 bits set as '1'.
BIT-1004 : PLL setting string = 1111
BIT-1004 : Generate bits file ES8388.bit.
RUN-1003 : finish command "bitgen -bit ES8388.bit -unused_io_status pulldown" in  1.613513s wall, 16.843750s user + 1.046875s system = 17.890625s CPU (1108.8%)

RUN-1004 : used memory is 458 MB, reserved memory is 439 MB, peak memory is 653 MB
RUN-1002 : start command "backup_run_log run.log ../.logs/phy_1/td_20251024_175911.log"
