============================================================
   Tang Dynasty, V5.6.71036
      Copyright (c) 2012-2023 Anlogic Inc.
   Executable = E:/Software/Anlogic/TD5.6.2/bin/td.exe
   Built at =   20:34:38 Mar 21 2023
   Run by =     Lviva
   Run Date =   Sun Oct 26 11:38:05 2025

   Run on =     VIVACIOUS
============================================================
RUN-1002 : start command "open_project ES8388.prj"
RUN-1001 : Print Global Property
RUN-1001 : ---------------------------------------------------------------
RUN-1001 :        Parameters        |  Settings  |  Default Values  |  Note  
RUN-1001 : ---------------------------------------------------------------
RUN-1001 :          message         |  standard  |     standard     |        
RUN-1001 :   mixed_pack_place_flow  |     on     |        on        |        
RUN-1001 :        qor_monitor       |    off     |       off        |        
RUN-1001 :        syn_ip_flow       |    off     |       off        |        
RUN-1001 :          thread          |    auto    |       auto       |        
RUN-1001 : ---------------------------------------------------------------
RUN-1001 : Print Design Property
RUN-1001 : --------------------------------------------------------------
RUN-1001 :        Parameters       |  Settings  |  Default Values  |  Note  
RUN-1001 : --------------------------------------------------------------
RUN-1001 :   default_reg_initial   |    auto    |       auto       |        
RUN-1001 :        infer_add        |     on     |        on        |        
RUN-1001 :        infer_fsm        |    off     |       off        |        
RUN-1001 :        infer_mult       |     on     |        on        |        
RUN-1001 :        infer_ram        |     on     |        on        |        
RUN-1001 :        infer_reg        |     on     |        on        |        
RUN-1001 :   infer_reg_init_value  |     on     |        on        |        
RUN-1001 :        infer_rom        |     on     |        on        |        
RUN-1001 :      infer_shifter      |     on     |        on        |        
RUN-1001 : --------------------------------------------------------------
RUN-1001 : Print Rtl Property
RUN-1001 : --------------------------------------------------------------
RUN-1001 :        Parameters       |  Settings  |  Default Values  |  Note  
RUN-1001 : --------------------------------------------------------------
RUN-1001 :       compress_add      |   ripple   |      ripple      |        
RUN-1001 :        elf_sload        |    off     |       off        |        
RUN-1001 :       fix_undriven      |     0      |        0         |        
RUN-1001 :         flatten         |    off     |       off        |        
RUN-1001 :       gate_sharing      |     on     |        on        |        
RUN-1001 :    hdl_warning_level    |   normal   |      normal      |        
RUN-1001 :   impl_internal_tribuf  |     on     |        on        |        
RUN-1001 :      impl_set_reset     |     on     |        on        |        
RUN-1001 :        infer_gsr        |    off     |       off        |        
RUN-1001 :      keep_hierarchy     |    auto    |       auto       |        
RUN-1001 :        max_fanout       |    9999    |       9999       |        
RUN-1001 :      max_oh2bin_len     |     10     |        10        |        
RUN-1001 :       merge_equal       |     on     |        on        |        
RUN-1001 :       merge_equiv       |     on     |        on        |        
RUN-1001 :        merge_mux        |    off     |       off        |        
RUN-1001 :     min_control_set     |     8      |        8         |        
RUN-1001 :      min_ripple_len     |    auto    |       auto       |        
RUN-1001 :       oh2bin_ratio      |    0.08    |       0.08       |        
RUN-1001 :     opt_adder_fanout    |     on     |        on        |        
RUN-1001 :        opt_arith        |     on     |        on        |        
RUN-1001 :       opt_big_gate      |    off     |       off        |        
RUN-1001 :        opt_const        |     on     |        on        |        
RUN-1001 :      opt_const_mult     |     on     |        on        |        
RUN-1001 :       opt_lessthan      |     on     |        on        |        
RUN-1001 :         opt_mux         |    off     |       off        |        
RUN-1001 :         opt_ram         |    high    |       high       |        
RUN-1001 :      rtl_sim_model      |    off     |       off        |        
RUN-1001 :         seq_syn         |     on     |        on        |        
RUN-1001 : --------------------------------------------------------------
HDL-1007 : analyze verilog file ../../al_ip/clk_wiz_0.v
HDL-1007 : undeclared symbol 'open', assumed default net type 'wire' in ../../al_ip/clk_wiz_0.v(80)
HDL-1007 : analyze verilog file ../../../RTL/audio_receive.v
HDL-1007 : analyze verilog file ../../../RTL/audio_send.v
HDL-1007 : analyze verilog file ../../../RTL/audio_speak.v
HDL-1007 : analyze verilog file ../../../RTL/es8388_config.v
HDL-1007 : analyze verilog file ../../../RTL/es8388_ctrl.v
HDL-1007 : analyze verilog file ../../../RTL/i2c_dri.v
HDL-1007 : analyze verilog file ../../../RTL/i2c_reg_cfg.v
HDL-1007 : analyze verilog file ../../../RTL/spar_4mic_localization.v
RUN-1001 : Project manager successfully analyzed 9 source files.
RUN-1002 : start command "import_device eagle_s20.db -package EG4S20BG256"
ARC-1001 : Device Initialization.
ARC-1001 : ------------------------------------------------------------------
ARC-1001 :            OPTION            |          IO          |   SETTING   
ARC-1001 : ------------------------------------------------------------------
ARC-1001 :   cso_b/cclk/mosi/miso/dout  |  T3/R11/T10/P10/S11  |    gpio    
ARC-1001 :             done             |         P13          |    gpio    
ARC-1001 :           program_b          |          T2          |  dedicate  
ARC-1001 :        tdi/tms/tck/tdo       |   C12/A15/C14/E14    |  dedicate  
ARC-1001 : ------------------------------------------------------------------
ARC-1004 : Device setting, marked 5 dedicate IOs in total.
RUN-1002 : start command "import_db ../syn_1/ES8388_gate.db"
RUN-1001 : Importing database generated by Tang Dynasty, V5.6.71036.
RUN-1001 : Database version number 46146.
RUN-1001 : Import flow parameters
RUN-1001 : Import IO constraints
RUN-1001 : Import Inst constraints
RUN-1001 : Import design success TD_VERSION=5.6.71036 , DB_VERSION=46146
RUN-1002 : start command "place"
RUN-1001 : Open license file E:/Software/Anlogic/TD5.6.2/license/Anlogic.lic
RUN-1001 : Print Global Property
RUN-1001 : ---------------------------------------------------------------
RUN-1001 :        Parameters        |  Settings  |  Default Values  |  Note  
RUN-1001 : ---------------------------------------------------------------
RUN-1001 :          message         |  standard  |     standard     |        
RUN-1001 :   mixed_pack_place_flow  |     on     |        on        |        
RUN-1001 :        qor_monitor       |    off     |       off        |        
RUN-1001 :        syn_ip_flow       |    off     |       off        |        
RUN-1001 :          thread          |    auto    |       auto       |        
RUN-1001 : ---------------------------------------------------------------
RUN-1001 : Print Place Property
RUN-1001 : --------------------------------------------------------------
RUN-1001 :        Parameters       |  Settings  |  Default Values  |  Note  
RUN-1001 : --------------------------------------------------------------
RUN-1001 :      detailed_place     |     on     |        on        |        
RUN-1001 :          effort         |   medium   |      medium      |        
RUN-1001 :         fix_hold        |    off     |       off        |        
RUN-1001 :       legalization      |    ori     |       ori        |        
RUN-1001 :      new_spreading      |     on     |        on        |        
RUN-1001 :        opt_timing       |   medium   |      medium      |        
RUN-1001 :   post_clock_route_opt  |    off     |       off        |        
RUN-1001 :       pr_strategy       |     1      |        1         |        
RUN-1001 :        relaxation       |    1.00    |       1.00       |        
RUN-1001 :         retiming        |    off     |       off        |        
RUN-1001 : --------------------------------------------------------------
PHY-3001 : Placer runs in 16 thread(s).
RUN-1002 : start command "legalize_phy_inst"
SYN-1011 : Flatten model audio_speak
RUN-1002 : start command "phys_opt -simplify_lut"
SYN-4016 : Net ilaclk_1_dup_1 driven by BUFG (0 clock/control pins, 2 other pins).
SYN-4016 : Net ilaclk_2_dup_1 driven by BUFG (0 clock/control pins, 2 other pins).
SYN-4016 : Net ilaclk_3_dup_1 driven by BUFG (0 clock/control pins, 2 other pins).
SYN-4016 : Net ilaclk_dup_1 driven by BUFG (0 clock/control pins, 2 other pins).
SYN-4027 : Net aud_mclk_1_dup_1 is clkc1 of pll u1_pll_clk/pll_inst.
SYN-4019 : Net sys_clk_dup_1 is refclk of pll u1_pll_clk/pll_inst.
SYN-4020 : Net sys_clk_dup_1 is fbclk of pll u1_pll_clk/pll_inst.
SYN-4027 : Net aud_mclk_2_dup_1 is clkc1 of pll u2_pll_clk/pll_inst.
SYN-4019 : Net sys_clk_dup_1 is refclk of pll u2_pll_clk/pll_inst.
SYN-4020 : Net sys_clk_dup_1 is fbclk of pll u2_pll_clk/pll_inst.
SYN-4027 : Net aud_mclk_3_dup_1 is clkc1 of pll u3_pll_clk/pll_inst.
SYN-4019 : Net sys_clk_dup_1 is refclk of pll u3_pll_clk/pll_inst.
SYN-4020 : Net sys_clk_dup_1 is fbclk of pll u3_pll_clk/pll_inst.
SYN-4027 : Net aud_mclk_dup_1 is clkc1 of pll u_pll_clk/pll_inst.
SYN-4019 : Net sys_clk_dup_1 is refclk of pll u_pll_clk/pll_inst.
SYN-4020 : Net sys_clk_dup_1 is fbclk of pll u_pll_clk/pll_inst.
SYN-4024 : Net "aud_bclk_dup_1" drives clk pins.
SYN-4024 : Net "aud_bclk_1_dup_1" drives clk pins.
SYN-4024 : Net "aud_bclk_2_dup_1" drives clk pins.
SYN-4024 : Net "aud_bclk_3_dup_1" drives clk pins.
SYN-4024 : Net "u1_es8388_ctrl/u_es8388_config/u_i2c_dri/dri_clk" drives clk pins.
SYN-4024 : Net "u2_es8388_ctrl/u_es8388_config/u_i2c_dri/dri_clk" drives clk pins.
SYN-4024 : Net "u3_es8388_ctrl/u_es8388_config/u_i2c_dri/dri_clk" drives clk pins.
SYN-7503 WARNING: Net "u_es8388_ctrl/u_es8388_config/u_i2c_dri/dri_clk" drives clk pins. However it will not be tagged as clk net, for there's no more slots.
SYN-4025 : Tag rtl::Net aud_bclk_1_dup_1 as clock net
SYN-4025 : Tag rtl::Net aud_bclk_2_dup_1 as clock net
SYN-4025 : Tag rtl::Net aud_bclk_3_dup_1 as clock net
SYN-4025 : Tag rtl::Net aud_bclk_dup_1 as clock net
SYN-4025 : Tag rtl::Net aud_mclk_1_dup_1 as clock net
SYN-4025 : Tag rtl::Net aud_mclk_2_dup_1 as clock net
SYN-4025 : Tag rtl::Net aud_mclk_3_dup_1 as clock net
SYN-4025 : Tag rtl::Net aud_mclk_dup_1 as clock net
SYN-4025 : Tag rtl::Net ilaclk_1_dup_1 as clock net
SYN-4025 : Tag rtl::Net ilaclk_2_dup_1 as clock net
SYN-4025 : Tag rtl::Net ilaclk_3_dup_1 as clock net
SYN-4025 : Tag rtl::Net ilaclk_dup_1 as clock net
SYN-4025 : Tag rtl::Net sys_clk_dup_1 as clock net
SYN-4025 : Tag rtl::Net u1_es8388_ctrl/u_es8388_config/u_i2c_dri/dri_clk as clock net
SYN-4025 : Tag rtl::Net u2_es8388_ctrl/u_es8388_config/u_i2c_dri/dri_clk as clock net
SYN-4025 : Tag rtl::Net u3_es8388_ctrl/u_es8388_config/u_i2c_dri/dri_clk as clock net
SYN-4026 : Tagged 16 rtl::Net as clock net
SYN-4015 : Create BUFG instance for clk Net aud_bclk_1_dup_1 to drive 80 clock pins.
SYN-4015 : Create BUFG instance for clk Net aud_bclk_2_dup_1 to drive 80 clock pins.
SYN-4015 : Create BUFG instance for clk Net aud_bclk_3_dup_1 to drive 80 clock pins.
SYN-4015 : Create BUFG instance for clk Net aud_bclk_dup_1 to drive 80 clock pins.
SYN-4015 : Create BUFG instance for clk Net u1_es8388_ctrl/u_es8388_config/u_i2c_dri/dri_clk to drive 59 clock pins.
SYN-4015 : Create BUFG instance for clk Net u2_es8388_ctrl/u_es8388_config/u_i2c_dri/dri_clk to drive 59 clock pins.
SYN-4015 : Create BUFG instance for clk Net u3_es8388_ctrl/u_es8388_config/u_i2c_dri/dri_clk to drive 59 clock pins.
PHY-1001 : Populate physical database on model audio_speak.
RUN-1001 : There are total 2963 instances
RUN-0007 : 1114 luts, 941 seqs, 546 mslices, 293 lslices, 51 pads, 0 brams, 0 dsps
RUN-1001 : There are total 4828 nets
RUN-1001 : 3005 nets have 2 pins
RUN-1001 : 1401 nets have [3 - 5] pins
RUN-1001 : 265 nets have [6 - 10] pins
RUN-1001 : 96 nets have [11 - 20] pins
RUN-1001 : 47 nets have [21 - 99] pins
RUN-1001 : 14 nets have 100+ pins
RUN-1001 : Report Control nets information:
RUN-1001 : DFF Distribution
RUN-1001 : ----------------------------------
RUN-1001 :   CE   |  SSR  |  ASR  |  DFF Count  
RUN-1001 : ----------------------------------
RUN-1001 :   No   |  No   |  No   |      0      
RUN-1001 :   No   |  No   |  Yes  |     613     
RUN-1001 :   No   |  Yes  |  No   |      0      
RUN-1001 :   Yes  |  No   |  No   |      0      
RUN-1001 :   Yes  |  No   |  Yes  |     296     
RUN-1001 :   Yes  |  Yes  |  No   |     32      
RUN-1001 : ----------------------------------
RUN-0007 : Control Group Statistic
RUN-0007 : ---------------------------
RUN-0007 :   #CLK  |  #CE  |  #SSR/ASR  
RUN-0007 : ---------------------------
RUN-0007 :    9    |  22   |     9      
RUN-0007 : ---------------------------
RUN-0007 : Control Set = 34
PHY-3001 : Initial placement ...
PHY-3001 : design contains 2961 instances, 1114 luts, 941 seqs, 839 slices, 176 macros(839 instances: 546 mslices 293 lslices)
PHY-0007 : Cell area utilization is 14%
PHY-3001 : Global placement ...
PHY-3001 : Initial: Len = 833881
PHY-3001 : Clustering ...
PHY-3001 : Level 0 #clusters 2961.
PHY-3001 : End clustering;  0.000043s wall, 0.000000s user + 0.000000s system = 0.000000s CPU (n/a%)

PHY-3001 : Run with size of 4
PHY-3001 : Cell area utilization is 14%
PHY-3001 : :::0::: Try harder cell spreading with beta_ = 0
PHY-3002 : Step(1): len = 545637, overlap = 1.25
PHY-3002 : Step(2): len = 364411, overlap = 4.5
PHY-3002 : Step(3): len = 281937, overlap = 10.5
PHY-3002 : Step(4): len = 209346, overlap = 23.4062
PHY-3002 : Step(5): len = 179834, overlap = 53.125
PHY-3002 : Step(6): len = 151703, overlap = 71.125
PHY-3002 : Step(7): len = 126607, overlap = 94.4688
PHY-3002 : Step(8): len = 113894, overlap = 121.094
PHY-3002 : Step(9): len = 105254, overlap = 146.531
PHY-3002 : Step(10): len = 96165.5, overlap = 158.625
PHY-3002 : Step(11): len = 90042.6, overlap = 176.031
PHY-3002 : Step(12): len = 88544.1, overlap = 186.781
PHY-3002 : Step(13): len = 78565.4, overlap = 204.938
PHY-3002 : Step(14): len = 72064.1, overlap = 206.531
PHY-3002 : Step(15): len = 74307.6, overlap = 208.844
PHY-3001 : :::1::: Try harder cell spreading with beta_ = 9.95755e-06
PHY-3002 : Step(16): len = 89100.9, overlap = 118.375
PHY-3002 : Step(17): len = 92126.5, overlap = 113.406
PHY-3002 : Step(18): len = 83824, overlap = 106.75
PHY-3002 : Step(19): len = 76075, overlap = 107.75
PHY-3002 : Step(20): len = 74203.5, overlap = 106.531
PHY-3002 : Step(21): len = 75106, overlap = 106.469
PHY-3002 : Step(22): len = 77117.6, overlap = 104.719
PHY-3002 : Step(23): len = 78612.3, overlap = 84.6875
PHY-3002 : Step(24): len = 74891.9, overlap = 91.4375
PHY-3002 : Step(25): len = 72644.5, overlap = 95.5312
PHY-3002 : Step(26): len = 73197.8, overlap = 98.9062
PHY-3002 : Step(27): len = 72367.9, overlap = 95.75
PHY-3002 : Step(28): len = 71372.1, overlap = 78.2188
PHY-3002 : Step(29): len = 68623.2, overlap = 89.75
PHY-3002 : Step(30): len = 64842.9, overlap = 101.594
PHY-3002 : Step(31): len = 65129.1, overlap = 104.906
PHY-3002 : Step(32): len = 65681.4, overlap = 108.469
PHY-3002 : Step(33): len = 66206.2, overlap = 108.688
PHY-3002 : Step(34): len = 64403.9, overlap = 96.3125
PHY-3002 : Step(35): len = 62431.9, overlap = 98.0938
PHY-3002 : Step(36): len = 62497.2, overlap = 99.875
PHY-3002 : Step(37): len = 62339.5, overlap = 99.875
PHY-3002 : Step(38): len = 61894, overlap = 99.9375
PHY-3002 : Step(39): len = 59595.1, overlap = 98.9062
PHY-3002 : Step(40): len = 59586.7, overlap = 98.5
PHY-3002 : Step(41): len = 59490.1, overlap = 97.0938
PHY-3001 : :::2::: Try harder cell spreading with beta_ = 1.99151e-05
PHY-3002 : Step(42): len = 60911, overlap = 85.0312
PHY-3002 : Step(43): len = 61322.9, overlap = 83.1875
PHY-3002 : Step(44): len = 61586.7, overlap = 79.6875
PHY-3001 : :::3::: Try harder cell spreading with beta_ = 3.98302e-05
PHY-3002 : Step(45): len = 62197.8, overlap = 71.625
PHY-3002 : Step(46): len = 62197.8, overlap = 71.625
PHY-3002 : Step(47): len = 60309.5, overlap = 73.4375
PHY-3001 : :::4::: Try harder cell spreading with beta_ = 7.96604e-05
PHY-3002 : Step(48): len = 62367.7, overlap = 69.4688
PHY-3002 : Step(49): len = 62522.4, overlap = 69.3125
PHY-3002 : Step(50): len = 62784.6, overlap = 69.7812
PHY-3001 : :::5::: Try harder cell spreading with beta_ = 0.000159321
PHY-3002 : Step(51): len = 63263.6, overlap = 68.375
PHY-3002 : Step(52): len = 63304.7, overlap = 68.4688
PHY-3001 : :::6::: Try harder cell spreading with beta_ = 0.000318641
PHY-3002 : Step(53): len = 62445.2, overlap = 66.5312
PHY-3002 : Step(54): len = 62424, overlap = 65.75
PHY-3001 : :::7::: Try harder cell spreading with beta_ = 0.000637283
PHY-3002 : Step(55): len = 62513.5, overlap = 64.9688
PHY-3002 : Step(56): len = 62513.5, overlap = 64.9688
PHY-3001 : :::8::: Try harder cell spreading with beta_ = 0.00127457
PHY-3002 : Step(57): len = 62546.6, overlap = 64.5312
PHY-3002 : Step(58): len = 62546.6, overlap = 64.5312
PHY-3001 : :::9::: Try harder cell spreading with beta_ = 0.00254913
PHY-3002 : Step(59): len = 62412.4, overlap = 64.3438
PHY-3002 : Step(60): len = 62412.4, overlap = 64.3438
PHY-3001 : Legalization ...
PHY-3001 : End legalization;  0.002202s wall, 0.000000s user + 0.015625s system = 0.015625s CPU (709.5%)

PHY-3001 : Run with size of 4
PHY-3001 : Cell area utilization is 18%
PHY-3001 : :::0::: Try harder cell spreading with beta_ = 2.26228e-06
PHY-3002 : Step(61): len = 57947.2, overlap = 165.875
PHY-3002 : Step(62): len = 57947.2, overlap = 165.875
PHY-3002 : Step(63): len = 56063.1, overlap = 164.219
PHY-3002 : Step(64): len = 56236.3, overlap = 164.719
PHY-3002 : Step(65): len = 56703.6, overlap = 162.125
PHY-3001 : :::1::: Try harder cell spreading with beta_ = 4.52455e-06
PHY-3002 : Step(66): len = 55294.7, overlap = 159.844
PHY-3002 : Step(67): len = 55339, overlap = 158.969
PHY-3001 : :::2::: Try harder cell spreading with beta_ = 9.0491e-06
PHY-3002 : Step(68): len = 60037.1, overlap = 135.781
PHY-3002 : Step(69): len = 60037.1, overlap = 135.781
PHY-3002 : Step(70): len = 58440.2, overlap = 131.969
PHY-3001 : :::3::: Try harder cell spreading with beta_ = 1.80982e-05
PHY-3002 : Step(71): len = 63796.7, overlap = 117.281
PHY-3002 : Step(72): len = 63796.7, overlap = 117.281
PHY-3002 : Step(73): len = 62091.2, overlap = 116.5
PHY-3001 : :::4::: Try harder cell spreading with beta_ = 3.61964e-05
PHY-3002 : Step(74): len = 65394.4, overlap = 111.844
PHY-3002 : Step(75): len = 66171.9, overlap = 107.375
PHY-3002 : Step(76): len = 65714.6, overlap = 105.219
PHY-3001 : :::5::: Try harder cell spreading with beta_ = 7.23928e-05
PHY-3002 : Step(77): len = 66828.2, overlap = 100.875
PHY-3002 : Step(78): len = 67256.2, overlap = 98.375
PHY-3002 : Step(79): len = 66613.6, overlap = 97.75
PHY-3002 : Step(80): len = 66479.2, overlap = 93.0938
PHY-3002 : Step(81): len = 66156.3, overlap = 77.1562
PHY-3001 : Run with size of 2
PHY-3001 : Cell area utilization is 18%
PHY-3001 : :::0::: Try harder cell spreading with beta_ = 1.68265e-05
PHY-3002 : Step(82): len = 65867, overlap = 178.688
PHY-3002 : Step(83): len = 66434.9, overlap = 173.344
PHY-3002 : Step(84): len = 64605.4, overlap = 188.125
PHY-3002 : Step(85): len = 65192.6, overlap = 187.531
PHY-3002 : Step(86): len = 65294.2, overlap = 188.469
PHY-3002 : Step(87): len = 63622.1, overlap = 183.719
PHY-3002 : Step(88): len = 63698.6, overlap = 187.469
PHY-3002 : Step(89): len = 63992.6, overlap = 185
PHY-3001 : :::1::: Try harder cell spreading with beta_ = 3.36529e-05
PHY-3002 : Step(90): len = 65435.8, overlap = 188.969
PHY-3002 : Step(91): len = 66036.4, overlap = 187.812
PHY-3002 : Step(92): len = 67502.4, overlap = 175.625
PHY-3001 : :::2::: Try harder cell spreading with beta_ = 6.73059e-05
PHY-3002 : Step(93): len = 69369.7, overlap = 158.75
PHY-3002 : Step(94): len = 69817.4, overlap = 154.344
PHY-3002 : Step(95): len = 70737.3, overlap = 144.625
PHY-3002 : Step(96): len = 71135.3, overlap = 141.031
PHY-3002 : Step(97): len = 71033.8, overlap = 127.531
PHY-3001 : :::3::: Try harder cell spreading with beta_ = 0.000134612
PHY-3002 : Step(98): len = 71729.2, overlap = 126.812
PHY-3002 : Step(99): len = 71903.5, overlap = 127.062
PHY-3002 : Step(100): len = 72896.6, overlap = 122.438
PHY-3001 : :::4::: Try harder cell spreading with beta_ = 0.000269224
PHY-3002 : Step(101): len = 74354.8, overlap = 125.281
PHY-3002 : Step(102): len = 75810, overlap = 118.781
PHY-3002 : Step(103): len = 77494.4, overlap = 120.531
PHY-3002 : Step(104): len = 76921.3, overlap = 122.312
PHY-3002 : Step(105): len = 76369.6, overlap = 111.094
PHY-3001 : :::5::: Try harder cell spreading with beta_ = 0.000538447
PHY-3002 : Step(106): len = 76920, overlap = 113.906
PHY-3002 : Step(107): len = 77021.2, overlap = 114.031
PHY-3002 : Step(108): len = 77406.1, overlap = 113.875
PHY-3001 : :::6::: Try harder cell spreading with beta_ = 0.000980735
PHY-3002 : Step(109): len = 77892.6, overlap = 111.094
PHY-3002 : Step(110): len = 78017.6, overlap = 111
PHY-3002 : Step(111): len = 78765.3, overlap = 107.906
PHY-3002 : Step(112): len = 79508.3, overlap = 108.25
PHY-3002 : Step(113): len = 79974.9, overlap = 105.656
PHY-3001 : :::7::: Try harder cell spreading with beta_ = 0.00196147
PHY-3002 : Step(114): len = 79968.6, overlap = 105.844
PHY-3002 : Step(115): len = 79968.6, overlap = 105.844
PHY-3001 : :::8::: Try harder cell spreading with beta_ = 0.00374368
PHY-3002 : Step(116): len = 80124.4, overlap = 105.25
PHY-3002 : Step(117): len = 80224.7, overlap = 105.125
PHY-3001 : :::9::: Try harder cell spreading with beta_ = 0.00605728
PHY-3002 : Step(118): len = 80322.9, overlap = 105.562
PHY-3002 : Step(119): len = 81140.1, overlap = 103.875
PHY-3002 : Step(120): len = 81628.2, overlap = 105.969
PHY-3002 : Step(121): len = 81335.5, overlap = 106.375
PHY-3001 : :::10::: Try harder cell spreading with beta_ = 0.0121146
PHY-3002 : Step(122): len = 81322.2, overlap = 106.812
PHY-3002 : Step(123): len = 81299.7, overlap = 106.562
PHY-3001 : :::11::: Try harder cell spreading with beta_ = 0.0196014
PHY-3002 : Step(124): len = 81309.9, overlap = 106.812
PHY-3002 : Step(125): len = 81323, overlap = 106.219
OPT-1001 : Start physical optimization ...
OPT-1001 : Total overflow 292.03 peak overflow 7.44
OPT-1001 : Start high-fanout net optimization ...
OPT-1001 : Update timing in global mode
PHY-1001 : Start incremental global routing, caller is place ...
RUN-1001 : Generating global routing grids ...
RUN-1001 : Building simple global routing graph ...
PHY-1001 : Generate routing nets ...
PHY-1001 : Reuse net number 0/4828.
PHY-1001 : Global iterations in 16 thread ...
PHY-1002 : len = 104368, over cnt = 454(1%), over = 2374, worst = 44
PHY-1001 : End global iterations;  0.128575s wall, 0.078125s user + 0.078125s system = 0.156250s CPU (121.5%)

PHY-1001 : Congestion index: top1 = 49.50, top5 = 35.52, top10 = 27.03, top15 = 21.43.
PHY-1001 : End incremental global routing;  0.191185s wall, 0.140625s user + 0.078125s system = 0.218750s CPU (114.4%)

RUN-1002 : start command "start_timer -report"
TMR-5001 WARNING: No sdc constraints found while initiating timer.
TMR-2505 : Start building timing graph for model audio_speak.
TMR-2506 : Build timing graph completely. Port num: 50, tpin num: 16182, tnet num: 3770, tinst num: 2961, tnode num: 19931, tedge num: 27436.
TMR-2508 : Levelizing timing graph completed, there are 39 levels in total.
TMR-2501 : Timing graph initialized successfully.
OPT-1001 : End timing update;  0.281703s wall, 0.281250s user + 0.000000s system = 0.281250s CPU (99.8%)

OPT-1001 : 0 high-fanout net processed.
OPT-1001 : End high-fanout net optimization;  0.518116s wall, 0.468750s user + 0.078125s system = 0.546875s CPU (105.6%)

OPT-1001 : Current memory(MB): used = 214, reserve = 183, peak = 214.
OPT-1001 : End physical optimization;  0.549562s wall, 0.500000s user + 0.078125s system = 0.578125s CPU (105.2%)

PHY-3001 : Start packing ...
SYN-4007 : Packing 0 MUX to BLE ...
SYN-4008 : Packed 0 MUX and 0 SEQ to BLE.
SYN-4007 : Packing 1114 LUT to BLE ...
SYN-4008 : Packed 1114 LUT and 437 SEQ to BLE.
SYN-4003 : Packing 504 remaining SEQ's ...
SYN-4005 : Packed 217 SEQ with LUT/SLICE
SYN-4006 : 534 single LUT's are left
SYN-4006 : 287 single SEQ's are left
SYN-4011 : Packing model "audio_speak" (AL_USER_NORMAL) with 1401/2309 primitive instances ...
PHY-3001 : End packing;  0.064366s wall, 0.062500s user + 0.000000s system = 0.062500s CPU (97.1%)

PHY-1001 : Populate physical database on model audio_speak.
RUN-1001 : There are total 1634 instances
RUN-1001 : 782 mslices, 783 lslices, 51 pads, 0 brams, 0 dsps
RUN-1001 : There are total 4403 nets
RUN-1001 : 2592 nets have 2 pins
RUN-1001 : 1392 nets have [3 - 5] pins
RUN-1001 : 266 nets have [6 - 10] pins
RUN-1001 : 103 nets have [11 - 20] pins
RUN-1001 : 40 nets have [21 - 99] pins
RUN-1001 : 10 nets have 100+ pins
PHY-3001 : design contains 1632 instances, 1565 slices, 176 macros(839 instances: 546 mslices 293 lslices)
PHY-3001 : Cell area utilization is 20%
PHY-3001 : After packing: Len = 81653.4, Over = 123.75
PHY-3001 : Run with size of 2
PHY-3001 : Cell area utilization is 20%
PHY-3001 : :::0::: Try harder cell spreading with beta_ = 1.34651e-05
PHY-3002 : Step(126): len = 74530.5, overlap = 133
PHY-3002 : Step(127): len = 74760.6, overlap = 133.25
PHY-3002 : Step(128): len = 69297.1, overlap = 141.75
PHY-3002 : Step(129): len = 69111.2, overlap = 144
PHY-3002 : Step(130): len = 66043.1, overlap = 155.75
PHY-3002 : Step(131): len = 65894.9, overlap = 158
PHY-3002 : Step(132): len = 65907, overlap = 155.5
PHY-3002 : Step(133): len = 66037.3, overlap = 158.75
PHY-3002 : Step(134): len = 65911.7, overlap = 153.5
PHY-3001 : :::1::: Try harder cell spreading with beta_ = 2.69302e-05
PHY-3002 : Step(135): len = 68771.9, overlap = 154
PHY-3002 : Step(136): len = 69394.4, overlap = 152.5
PHY-3002 : Step(137): len = 70484.7, overlap = 153
PHY-3001 : :::2::: Try harder cell spreading with beta_ = 5.38604e-05
PHY-3002 : Step(138): len = 74672.2, overlap = 138.75
PHY-3002 : Step(139): len = 76361.2, overlap = 135.25
PHY-3002 : Step(140): len = 78483.9, overlap = 127.25
PHY-3002 : Step(141): len = 77712, overlap = 124
PHY-3002 : Step(142): len = 76913.3, overlap = 123.5
PHY-3002 : Step(143): len = 76768.4, overlap = 122.75
PHY-3001 : Legalization ...
PHY-3001 : End legalization;  0.228139s wall, 0.421875s user + 0.343750s system = 0.765625s CPU (335.6%)

PHY-3001 : Trial Legalized: Len = 108746
PHY-3001 : Run with size of 2
PHY-3001 : Cell area utilization is 19%
PHY-3001 : :::0::: Try harder cell spreading with beta_ = 0.000244549
PHY-3002 : Step(144): len = 96582.5, overlap = 16.5
PHY-3002 : Step(145): len = 93931.8, overlap = 22
PHY-3002 : Step(146): len = 90536.2, overlap = 28
PHY-3002 : Step(147): len = 90031.1, overlap = 28.75
PHY-3002 : Step(148): len = 90042.2, overlap = 28.5
PHY-3001 : :::1::: Try harder cell spreading with beta_ = 0.000489097
PHY-3002 : Step(149): len = 91089.6, overlap = 28
PHY-3002 : Step(150): len = 91327.3, overlap = 28
PHY-3002 : Step(151): len = 91402.8, overlap = 27.25
PHY-3001 : :::2::: Try harder cell spreading with beta_ = 0.000978195
PHY-3002 : Step(152): len = 92031, overlap = 26.75
PHY-3002 : Step(153): len = 92262.3, overlap = 27.25
PHY-3001 : Legalization ...
PHY-3001 : End legalization;  0.003856s wall, 0.000000s user + 0.000000s system = 0.000000s CPU (n/a%)

PHY-3001 : Legalized: Len = 99913.5, Over = 0
PHY-3001 : Spreading special nets. 4 overflows in 2952 tiles.
PHY-3001 : End spreading;  0.009185s wall, 0.000000s user + 0.000000s system = 0.000000s CPU (n/a%)

PHY-3001 : 6 instances has been re-located, deltaX = 8, deltaY = 0, maxDist = 2.
PHY-3001 : Final: Len = 100089, Over = 0
OPT-1001 : Start physical optimization ...
OPT-1001 : Total overflow 0.00 peak overflow 0.00
OPT-1001 : Start high-fanout net optimization ...
OPT-1001 : Update timing in global mode
PHY-1001 : Start incremental global routing, caller is place ...
RUN-1001 : Generating global routing grids ...
PHY-1001 : Generate routing nets ...
PHY-1001 : Reuse net number 67/4403.
PHY-1001 : Global iterations in 16 thread ...
PHY-1002 : len = 128152, over cnt = 382(1%), over = 667, worst = 6
PHY-1002 : len = 131168, over cnt = 186(0%), over = 277, worst = 5
PHY-1002 : len = 133680, over cnt = 48(0%), over = 73, worst = 5
PHY-1002 : len = 133896, over cnt = 38(0%), over = 54, worst = 3
PHY-1002 : len = 134640, over cnt = 0(0%), over = 0, worst = 0
PHY-1001 : End global iterations;  0.249003s wall, 0.234375s user + 0.171875s system = 0.406250s CPU (163.2%)

PHY-1001 : Congestion index: top1 = 34.66, top5 = 28.39, top10 = 24.50, top15 = 21.69.
PHY-1001 : End incremental global routing;  0.325456s wall, 0.281250s user + 0.203125s system = 0.484375s CPU (148.8%)

RUN-1002 : start command "start_timer -report"
TMR-5001 WARNING: No sdc constraints found while initiating timer.
TMR-2505 : Start building timing graph for model audio_speak.
TMR-2506 : Build timing graph completely. Port num: 50, tpin num: 14354, tnet num: 3345, tinst num: 1632, tnode num: 17137, tedge num: 25097.
TMR-2508 : Levelizing timing graph completed, there are 37 levels in total.
TMR-2501 : Timing graph initialized successfully.
OPT-1001 : End timing update;  0.283326s wall, 0.265625s user + 0.015625s system = 0.281250s CPU (99.3%)

OPT-1001 : 0 high-fanout net processed.
OPT-1001 : End high-fanout net optimization;  0.653771s wall, 0.593750s user + 0.218750s system = 0.812500s CPU (124.3%)

OPT-1001 : Current memory(MB): used = 224, reserve = 193, peak = 224.
OPT-1001 : Update timing in Manhattan mode
OPT-1001 : End timing update;  0.004751s wall, 0.000000s user + 0.000000s system = 0.000000s CPU (n/a%)

OPT-1001 : Start pin optimization...
OPT-1001 : skip pin optimization...
RUN-1001 : Generating global routing grids ...
PHY-1001 : Generate routing nets ...
PHY-1001 : Reuse net number 2781/4403.
PHY-1001 : Global iterations in 16 thread ...
PHY-1002 : len = 134640, over cnt = 0(0%), over = 0, worst = 0
PHY-1001 : End global iterations;  0.014240s wall, 0.015625s user + 0.000000s system = 0.015625s CPU (109.7%)

PHY-1001 : Congestion index: top1 = 34.66, top5 = 28.39, top10 = 24.50, top15 = 21.69.
OPT-1001 : Update timing in Manhattan mode
OPT-1001 : End timing update;  0.005195s wall, 0.015625s user + 0.000000s system = 0.015625s CPU (300.8%)

RUN-1001 : QoR Analysis:
OPT-0007 :   WNS 2147483647 TNS 0 NUM_FEPS 0
RUN-1001 :   No local congestion issue, and most congested 1% tile average routing util is 34.206897
RUN-1001 :   Top critical paths
OPT-1001 : End physical optimization;  0.779545s wall, 0.703125s user + 0.218750s system = 0.921875s CPU (118.3%)

RUN-1003 : finish command "place" in  5.784764s wall, 9.312500s user + 9.031250s system = 18.343750s CPU (317.1%)

RUN-1004 : used memory is 189 MB, reserved memory is 158 MB, peak memory is 226 MB
RUN-1002 : start command "export_db ES8388_place.db"
RUN-1001 : Exported /
RUN-1001 : Exported flow parameters
RUN-1001 : Exported libs
RUN-1001 : Exported entities
RUN-1001 : Exported ports
RUN-1001 : Exported pins
RUN-1001 : Exported instances
RUN-1001 : Exported nets
RUN-1001 : Exported buses
RUN-1001 : Exported models
RUN-1001 : Exported congestions
RUN-1001 : Exported violations
RUN-1001 : Exported IO constraints
RUN-1001 : Exported Inst constraints
RUN-1002 : start command "route"
RUN-1001 : Open license file E:/Software/Anlogic/TD5.6.2/license/Anlogic.lic
RUN-1001 : Print Global Property
RUN-1001 : ---------------------------------------------------------------
RUN-1001 :        Parameters        |  Settings  |  Default Values  |  Note  
RUN-1001 : ---------------------------------------------------------------
RUN-1001 :          message         |  standard  |     standard     |        
RUN-1001 :   mixed_pack_place_flow  |     on     |        on        |        
RUN-1001 :        qor_monitor       |    off     |       off        |        
RUN-1001 :        syn_ip_flow       |    off     |       off        |        
RUN-1001 :          thread          |    auto    |       auto       |        
RUN-1001 : ---------------------------------------------------------------
RUN-1001 : Print Route Property
RUN-1001 : -------------------------------------------------------
RUN-1001 :    Parameters    |  Settings  |  Default Values  |  Note  
RUN-1001 : -------------------------------------------------------
RUN-1001 :      effort      |   medium   |      medium      |        
RUN-1001 :     fix_hold     |    off     |       off        |        
RUN-1001 :    opt_timing    |   medium   |      medium      |        
RUN-1001 :   phy_sim_model  |    off     |       off        |        
RUN-1001 :     priority     |   timing   |      timing      |        
RUN-1001 :     swap_pin     |     on     |        on        |        
RUN-1001 : -------------------------------------------------------
PHY-1001 : Route runs in 16 thread(s)
RUN-1001 : There are total 1634 instances
RUN-1001 : 782 mslices, 783 lslices, 51 pads, 0 brams, 0 dsps
RUN-1001 : There are total 4403 nets
RUN-1001 : 2592 nets have 2 pins
RUN-1001 : 1392 nets have [3 - 5] pins
RUN-1001 : 266 nets have [6 - 10] pins
RUN-1001 : 103 nets have [11 - 20] pins
RUN-1001 : 40 nets have [21 - 99] pins
RUN-1001 : 10 nets have 100+ pins
RUN-1002 : start command "start_timer -report"
TMR-5001 WARNING: No sdc constraints found while initiating timer.
TMR-2505 : Start building timing graph for model audio_speak.
TMR-2506 : Build timing graph completely. Port num: 50, tpin num: 14354, tnet num: 3345, tinst num: 1632, tnode num: 17137, tedge num: 25097.
TMR-2508 : Levelizing timing graph completed, there are 37 levels in total.
TMR-2501 : Timing graph initialized successfully.
PHY-1001 : 782 mslices, 783 lslices, 51 pads, 0 brams, 0 dsps
TMR-2503 : Start to update net delay, extr mode = 3.
TMR-2504 : Update delay of 3345 nets completely.
TMR-2502 : Annotate delay completely, extr mode = 3.
TMR-3002 : No user constraint, initiate default constraint.
TMR-1501 : Assign derive clock DeriveClock to 1222 clock pins, and constraint 2775 relative nodes.
TMR-3003 : Constraints initiated successfully.
TMR-3501 : Forward propagation: start to calculate arrival time...
TMR-3502 : Backward propagation: start to calculate required time...
TMR-3503 : Timing propagation completes.
PHY-1001 : Start global routing, caller is route ...
RUN-1001 : Generating global routing grids ...
PHY-1001 : Generate routing nets ...
PHY-1001 : Global iterations in 16 thread ...
PHY-1002 : len = 127312, over cnt = 396(1%), over = 688, worst = 6
PHY-1002 : len = 130456, over cnt = 194(0%), over = 281, worst = 4
PHY-1002 : len = 133432, over cnt = 33(0%), over = 45, worst = 4
PHY-1002 : len = 134040, over cnt = 0(0%), over = 0, worst = 0
PHY-1001 : End global iterations;  0.226604s wall, 0.265625s user + 0.140625s system = 0.406250s CPU (179.3%)

PHY-1001 : Congestion index: top1 = 34.89, top5 = 28.33, top10 = 24.43, top15 = 21.60.
PHY-1001 : End global routing;  0.298908s wall, 0.312500s user + 0.156250s system = 0.468750s CPU (156.8%)

PHY-1001 : Start detail routing ...
PHY-1001 : Current memory(MB): used = 258, reserve = 229, peak = 274.
PHY-1001 : Detailed router is running in normal mode.
PHY-1001 : Generate detailed routing grids ...
PHY-1001 : Processed IO instance aud_dacdat_syn_4 with INV attribute.
PHY-1001 : Processed IO instance aud_dacdat_1_syn_4 with INV attribute.
PHY-1001 : Processed IO instance aud_dacdat_2_syn_4 with INV attribute.
PHY-1001 : Processed IO instance aud_dacdat_3_syn_4 with INV attribute.
PHY-1001 : Generate nets ...
PHY-1001 : clock net aud_bclk_syn_4 will be merged with clock aud_bclk_dup_1
PHY-1001 : clock net aud_bclk_1_syn_4 will be merged with clock aud_bclk_1_dup_1
PHY-1001 : clock net aud_bclk_2_syn_4 will be merged with clock aud_bclk_2_dup_1
PHY-1001 : clock net aud_bclk_3_syn_4 will be merged with clock aud_bclk_3_dup_1
PHY-1001 : net aud_mclk_dup_1 will be routed on clock mesh
PHY-1001 : net aud_mclk_1_dup_1 will be routed on clock mesh
PHY-1001 : net aud_mclk_2_dup_1 will be routed on clock mesh
PHY-1001 : net aud_mclk_3_dup_1 will be routed on clock mesh
PHY-1001 : clock net ilaclk_dup_1 will be merged with clock u_pll_clk/clk0_buf
PHY-1001 : clock net ilaclk_1_dup_1 will be merged with clock u1_pll_clk/clk0_buf
PHY-1001 : clock net ilaclk_2_dup_1 will be merged with clock u2_pll_clk/clk0_buf
PHY-1001 : clock net ilaclk_3_dup_1 will be merged with clock u3_pll_clk/clk0_buf
PHY-1001 : net sys_clk_dup_1 will be routed on clock mesh
PHY-1001 : clock net u1_es8388_ctrl/u_es8388_config/u_i2c_dri/dri_clk_syn_4 will be merged with clock u1_es8388_ctrl/u_es8388_config/u_i2c_dri/dri_clk
PHY-1001 : clock net u2_es8388_ctrl/u_es8388_config/u_i2c_dri/dri_clk_syn_4 will be merged with clock u2_es8388_ctrl/u_es8388_config/u_i2c_dri/dri_clk
PHY-1001 : clock net u3_es8388_ctrl/u_es8388_config/u_i2c_dri/dri_clk_syn_4 will be merged with clock u3_es8388_ctrl/u_es8388_config/u_i2c_dri/dri_clk
PHY-1001 : Current memory(MB): used = 529, reserve = 504, peak = 529.
PHY-1001 : End build detailed router design. 2.195783s wall, 2.171875s user + 0.031250s system = 2.203125s CPU (100.3%)

PHY-1001 : Detail Route ...
PHY-1001 : ===== Detail Route Phase 1 =====
PHY-1001 : Clock net routing.....
PHY-1001 : Routed 0% nets.
PHY-1022 : len = 59048, over cnt = 0(0%), over = 0, worst = 0, crit = 0
PHY-1001 : End initial clock net routed; 3.835844s wall, 3.796875s user + 0.000000s system = 3.796875s CPU (99.0%)

PHY-1001 : Current memory(MB): used = 561, reserve = 537, peak = 561.
PHY-1001 : End phase 1; 3.838515s wall, 3.812500s user + 0.000000s system = 3.812500s CPU (99.3%)

PHY-1001 : ===== Detail Route Phase 2 =====
PHY-1001 : Initial routing.....
PHY-1001 : Routed 26% nets.
PHY-1001 : Routed 31% nets.
PHY-1001 : Routed 38% nets.
PHY-1001 : Routed 48% nets.
PHY-1001 : Routed 63% nets.
PHY-1022 : len = 507984, over cnt = 113(0%), over = 113, worst = 1, crit = 0
PHY-1001 : Current memory(MB): used = 563, reserve = 539, peak = 563.
PHY-1001 : End initial routed; 3.030862s wall, 3.203125s user + 1.296875s system = 4.500000s CPU (148.5%)

PHY-1001 : Current memory(MB): used = 563, reserve = 539, peak = 563.
PHY-1001 : End phase 2; 3.030967s wall, 3.203125s user + 1.296875s system = 4.500000s CPU (148.5%)

PHY-1001 : ===== Detail Route Phase 3 =====
PHY-1001 : Ripup-reroute.....
PHY-1001 : ===== DR Iter 1 =====
PHY-1022 : len = 507160, over cnt = 27(0%), over = 27, worst = 1, crit = 0
PHY-1001 : End DR Iter 1; 0.076816s wall, 0.093750s user + 0.015625s system = 0.109375s CPU (142.4%)

PHY-1001 : ===== DR Iter 2 =====
PHY-1022 : len = 507120, over cnt = 8(0%), over = 8, worst = 1, crit = 0
PHY-1001 : End DR Iter 2; 0.038655s wall, 0.015625s user + 0.015625s system = 0.031250s CPU (80.8%)

PHY-1001 : ===== DR Iter 3 =====
PHY-1022 : len = 507184, over cnt = 0(0%), over = 0, worst = 0, crit = 0
PHY-1001 : End DR Iter 3; 0.031437s wall, 0.015625s user + 0.015625s system = 0.031250s CPU (99.4%)

PHY-1001 : Commit to database.....
PHY-1001 : 19 feed throughs used by 18 nets
PHY-1001 : End commit to database; 0.272321s wall, 0.265625s user + 0.000000s system = 0.265625s CPU (97.5%)

PHY-1001 : Current memory(MB): used = 584, reserve = 560, peak = 584.
PHY-1001 : End phase 3; 0.521668s wall, 0.500000s user + 0.046875s system = 0.546875s CPU (104.8%)

PHY-1003 : Routed, final wirelength = 507184
PHY-1001 : Current memory(MB): used = 585, reserve = 560, peak = 585.
PHY-1001 : End export database. 0.011750s wall, 0.015625s user + 0.000000s system = 0.015625s CPU (133.0%)

PHY-1001 : End detail routing;  9.769421s wall, 9.859375s user + 1.375000s system = 11.234375s CPU (115.0%)

RUN-1003 : finish command "route" in  10.546380s wall, 10.640625s user + 1.546875s system = 12.187500s CPU (115.6%)

RUN-1004 : used memory is 505 MB, reserved memory is 481 MB, peak memory is 585 MB
RUN-1002 : start command "report_area -io_info -file ES8388_phy.area"
RUN-1001 : standard
***Report Model: audio_speak Device: EG4S20BG256***

IO Statistics
#IO                        51
  #input                   19
  #output                  28
  #inout                    4

Utilization Statistics
#lut                     2792   out of  19600   14.24%
#reg                      947   out of  19600    4.83%
#le                      3079
  #lut only              2132   out of   3079   69.24%
  #reg only               287   out of   3079    9.32%
  #lut&reg                660   out of   3079   21.44%
#dsp                        0   out of     29    0.00%
#bram                       0   out of     64    0.00%
  #bram9k                   0
  #fifo9k                   0
#bram32k                    0   out of     16    0.00%
#pad                       51   out of    188   27.13%
  #ireg                     8
  #oreg                    20
  #treg                     4
#pll                        4   out of      4  100.00%
#gclk                      11   out of     16   68.75%

Clock Resource Statistics
Index     ClockNet                                            Type               DriverType         Driver                                                           Fanout
#1        sys_clk_dup_1                                       GCLK               io                 sys_clk_syn_2.di                                                 327
#2        aud_bclk_2_dup_1                                    GCLK               io                 aud_bclk_2_syn_2.di                                              46
#3        aud_bclk_3_dup_1                                    GCLK               io                 aud_bclk_3_syn_2.di                                              45
#4        aud_bclk_dup_1                                      GCLK               io                 aud_bclk_syn_2.di                                                45
#5        aud_bclk_1_dup_1                                    GCLK               io                 aud_bclk_1_syn_2.di                                              44
#6        u1_es8388_ctrl/u_es8388_config/u_i2c_dri/dri_clk    GCLK               mslice             u1_es8388_ctrl/u_es8388_config/u_i2c_dri/dri_clk_reg_syn_9.q1    39
#7        u2_es8388_ctrl/u_es8388_config/u_i2c_dri/dri_clk    GCLK               mslice             u2_es8388_ctrl/u_es8388_config/u_i2c_dri/dri_clk_reg_syn_9.q1    39
#8        u3_es8388_ctrl/u_es8388_config/u_i2c_dri/dri_clk    GCLK               lslice             u3_es8388_ctrl/u_es8388_config/u_i2c_dri/dri_clk_reg_syn_9.q1    38
#9        aud_mclk_1_dup_1                                    GCLK               pll                u1_pll_clk/pll_inst.clkc1                                        0
#10       aud_mclk_2_dup_1                                    GCLK               pll                u2_pll_clk/pll_inst.clkc1                                        0
#11       aud_mclk_3_dup_1                                    GCLK               pll                u3_pll_clk/pll_inst.clkc1                                        0
#12       aud_mclk_dup_1                                      GCLK               pll                u_pll_clk/pll_inst.clkc1                                         0
#13       u1_pll_clk/clk0_buf                                 GCLK               pll                u1_pll_clk/pll_inst.clkc0                                        0
#14       u2_pll_clk/clk0_buf                                 GCLK               pll                u2_pll_clk/pll_inst.clkc0                                        0
#15       u3_pll_clk/clk0_buf                                 GCLK               pll                u3_pll_clk/pll_inst.clkc0                                        0
#16       u_pll_clk/clk0_buf                                  GCLK               pll                u_pll_clk/pll_inst.clkc0                                         0


Detailed IO Report

      Name        Direction    Location    IOStandard    DriveStrength    PullType     PackReg   
   aud_adcdat       INPUT        R14        LVCMOS25          N/A          PULLUP       IREG     
  aud_adcdat_1      INPUT        G16        LVCMOS25          N/A          PULLUP       IREG     
  aud_adcdat_2      INPUT         E7        LVCMOS25          N/A          PULLUP       IREG     
  aud_adcdat_3      INPUT         L4        LVCMOS25          N/A          PULLUP       IREG     
    aud_bclk        INPUT         M6        LVCMOS25          N/A          PULLUP       NONE     
   aud_bclk_1       INPUT        G14        LVCMOS25          N/A          PULLUP       NONE     
   aud_bclk_2       INPUT         D5        LVCMOS25          N/A          PULLUP       NONE     
   aud_bclk_3       INPUT         H5        LVCMOS25          N/A          PULLUP       NONE     
    aud_lrc         INPUT         M7        LVCMOS25          N/A          PULLUP       IREG     
   aud_lrc_1        INPUT        H16        LVCMOS25          N/A          PULLUP       IREG     
   aud_lrc_2        INPUT         C6        LVCMOS25          N/A          PULLUP       IREG     
   aud_lrc_3        INPUT         K6        LVCMOS25          N/A          PULLUP       IREG     
    sys_clk         INPUT         R7        LVCMOS25          N/A          PULLUP       NONE     
   sys_rst_n        INPUT         E3        LVCMOS25          N/A          PULLUP       NONE     
  sys_rst_n_1       INPUT         F2        LVCMOS25          N/A           N/A         NONE     
  sys_rst_n_2       INPUT        K12        LVCMOS25          N/A           N/A         NONE     
  sys_rst_n_3       INPUT         G1        LVCMOS25          N/A           N/A         NONE     
   volume[1]        INPUT        B10        LVCMOS25          N/A          PULLUP       NONE     
   volume[0]        INPUT        A10        LVCMOS25          N/A          PULLUP       NONE     
   aud_dacdat      OUTPUT         P6        LVCMOS25           8            NONE        OREG     
  aud_dacdat_1     OUTPUT        H14        LVCMOS25           8            NONE        OREG     
  aud_dacdat_2     OUTPUT         E6        LVCMOS25           8            NONE        OREG     
  aud_dacdat_3     OUTPUT         K3        LVCMOS25           8            NONE        OREG     
    aud_mclk       OUTPUT         N5        LVCMOS25           8            NONE        NONE     
   aud_mclk_1      OUTPUT        F14        LVCMOS25           8            NONE        NONE     
   aud_mclk_2      OUTPUT         F6        LVCMOS25           8            NONE        NONE     
   aud_mclk_3      OUTPUT         H4        LVCMOS25           8            NONE        NONE     
    aud_scl        OUTPUT        R12        LVCMOS25           8            NONE        OREG     
   aud_scl_1       OUTPUT        D14        LVCMOS25           8            NONE        OREG     
   aud_scl_2       OUTPUT         A2        LVCMOS25           8            NONE        OREG     
   aud_scl_3       OUTPUT         G3        LVCMOS25           8            NONE        OREG     
     ilaclk        OUTPUT         M9        LVCMOS25           8            NONE        NONE     
    ilaclk_1       OUTPUT        L16        LVCMOS25           8            NONE        NONE     
    ilaclk_2       OUTPUT         D3        LVCMOS25           8            NONE        NONE     
    ilaclk_3       OUTPUT        K15        LVCMOS25           8            NONE        NONE     
      led          OUTPUT        F12        LVCMOS25           8            N/A         NONE     
     led_1         OUTPUT         E4        LVCMOS25           8            N/A         NONE     
     led_2         OUTPUT         J6        LVCMOS25           8            N/A         NONE     
     led_3         OUTPUT        J16        LVCMOS25           8            N/A         NONE     
   led_eight       OUTPUT        B14        LVCMOS25           8            NONE        OREG     
    led_five       OUTPUT        E16        LVCMOS25           8            NONE        OREG     
    led_four       OUTPUT        B15        LVCMOS25           8            NONE        OREG     
    led_one        OUTPUT        F16        LVCMOS25           8            NONE        OREG     
   led_seven       OUTPUT        B16        LVCMOS25           8            NONE        OREG     
    led_six        OUTPUT        C16        LVCMOS25           8            NONE        OREG     
    led_tree       OUTPUT        C15        LVCMOS25           8            NONE        OREG     
    led_two        OUTPUT        E13        LVCMOS25           8            NONE        OREG     
    aud_sda         INOUT         R9        LVCMOS25           8           PULLUP     OREG;TREG  
   aud_sda_1        INOUT        E15        LVCMOS25           8           PULLUP     OREG;TREG  
   aud_sda_2        INOUT         C3        LVCMOS25           8           PULLUP     OREG;TREG  
   aud_sda_3        INOUT         F3        LVCMOS25           8           PULLUP     OREG;TREG  

Report Hierarchy Area:
+--------------------------------------------------------------------------------------------------------+
|Instance                   |Module                 |le     |lut     |ripple  |seq     |bram    |dsp     |
+--------------------------------------------------------------------------------------------------------+
|top                        |audio_speak            |3079   |2241    |551     |979     |0       |0       |
|  u1_es8388_ctrl           |es8388_ctrl            |273    |226     |25      |144     |0       |0       |
|    u_audio_receive        |audio_receive          |80     |49      |12      |53      |0       |0       |
|    u_audio_send           |audio_send             |23     |23      |0       |22      |0       |0       |
|    u_es8388_config        |es8388_config          |170    |154     |13      |69      |0       |0       |
|      u_i2c_dri            |i2c_dri                |114    |107     |5       |42      |0       |0       |
|      u_i2c_reg_cfg        |i2c_reg_cfg            |56     |47      |8       |27      |0       |0       |
|  u1_pll_clk               |clk_wiz_0              |1      |1       |0       |0       |0       |0       |
|  u2_es8388_ctrl           |es8388_ctrl            |278    |220     |27      |143     |0       |0       |
|    u_audio_receive        |audio_receive          |92     |57      |12      |53      |0       |0       |
|    u_audio_send           |audio_send             |21     |15      |0       |20      |0       |0       |
|    u_es8388_config        |es8388_config          |165    |148     |15      |70      |0       |0       |
|      u_i2c_dri            |i2c_dri                |110    |101     |7       |42      |0       |0       |
|      u_i2c_reg_cfg        |i2c_reg_cfg            |55     |47      |8       |28      |0       |0       |
|  u2_pll_clk               |clk_wiz_0              |1      |1       |0       |0       |0       |0       |
|  u3_es8388_ctrl           |es8388_ctrl            |267    |218     |27      |141     |0       |0       |
|    u_audio_receive        |audio_receive          |83     |49      |12      |53      |0       |0       |
|    u_audio_send           |audio_send             |23     |23      |0       |22      |0       |0       |
|    u_es8388_config        |es8388_config          |161    |146     |15      |66      |0       |0       |
|      u_i2c_dri            |i2c_dri                |105    |98      |7       |39      |0       |0       |
|      u_i2c_reg_cfg        |i2c_reg_cfg            |56     |48      |8       |27      |0       |0       |
|  u3_pll_clk               |clk_wiz_0              |1      |1       |0       |0       |0       |0       |
|  u_es8388_ctrl            |es8388_ctrl            |332    |250     |55      |151     |0       |0       |
|    u_audio_receive        |audio_receive          |85     |56      |12      |53      |0       |0       |
|    u_audio_send           |audio_send             |84     |48      |28      |30      |0       |0       |
|    u_es8388_config        |es8388_config          |163    |146     |15      |68      |0       |0       |
|      u_i2c_dri            |i2c_dri                |108    |99      |7       |41      |0       |0       |
|      u_i2c_reg_cfg        |i2c_reg_cfg            |55     |47      |8       |27      |0       |0       |
|  u_pll_clk                |clk_wiz_0              |1      |1       |0       |0       |0       |0       |
|  u_spar_4mic_localization |spar_4mic_localization |1842   |1283    |385     |343     |0       |0       |
+--------------------------------------------------------------------------------------------------------+


DataNet Average Fanout:

   Index     Fanout     Nets  
    #1          1       2537  
    #2          2       1089  
    #3          3       274   
    #4          4        25   
    #5        5-10      301   
    #6        11-50      96   
    #7       51-100      4    
    #8       101-500     7    
  Average     2.77            

RUN-1002 : start command "export_db ES8388_pr.db"
RUN-1001 : Exported /
RUN-1001 : Exported flow parameters
RUN-1001 : Exported libs
RUN-1001 : Exported entities
RUN-1001 : Exported ports
RUN-1001 : Exported pins
RUN-1001 : Exported instances
RUN-1001 : Exported nets
RUN-1001 : Exported buses
RUN-1001 : Exported models
RUN-1001 : Exported congestions
RUN-1001 : Exported violations
RUN-1001 : Exported IO constraints
RUN-1001 : Exported Inst constraints
RUN-1002 : start command "export_bid ES8388_inst.bid"
RUN-1002 : start command "bitgen -bit ES8388.bit -unused_io_status pulldown"
BIT-1003 : Start to generate bitstream. 
BIT-1002 : Bitgen processed 137 unused pads, reserve input tri_state with pulldown
BIT-1002 : Init instances with 16 threads.
BIT-1002 : Init instances completely, inst num: 1769
BIT-1002 : Init pips with 16 threads.
BIT-1002 : Init pips completely, net num: 4403, pip num: 32799
BIT-1002 : Init feedthrough with 16 threads.
BIT-1002 : Init feedthrough completely, num: 19
BIT-1003 : Multithreading accelaration with 16 threads.
BIT-1003 : Generate bitstream completely, there are 2393 valid insts, and 92909 bits set as '1'.
BIT-1004 : PLL setting string = 1111
BIT-1004 : Generate bits file ES8388.bit.
RUN-1003 : finish command "bitgen -bit ES8388.bit -unused_io_status pulldown" in  2.293380s wall, 22.046875s user + 1.437500s system = 23.484375s CPU (1024.0%)

RUN-1004 : used memory is 500 MB, reserved memory is 480 MB, peak memory is 702 MB
RUN-1002 : start command "backup_run_log run.log ../.logs/phy_1/td_20251026_113805.log"
