============================================================
   Tang Dynasty, V5.6.71036
      Copyright (c) 2012-2023 Anlogic Inc.
   Executable = E:/Software/Anlogic/TD5.6.2/bin/td.exe
   Built at =   20:34:38 Mar 21 2023
   Run by =     Lviva
   Run Date =   Sun Oct 26 10:42:46 2025

   Run on =     VIVACIOUS
============================================================
RUN-1002 : start command "open_project ES8388.prj"
RUN-1001 : Print Global Property
RUN-1001 : ---------------------------------------------------------------
RUN-1001 :        Parameters        |  Settings  |  Default Values  |  Note  
RUN-1001 : ---------------------------------------------------------------
RUN-1001 :          message         |  standard  |     standard     |        
RUN-1001 :   mixed_pack_place_flow  |     on     |        on        |        
RUN-1001 :        qor_monitor       |    off     |       off        |        
RUN-1001 :        syn_ip_flow       |    off     |       off        |        
RUN-1001 :          thread          |    auto    |       auto       |        
RUN-1001 : ---------------------------------------------------------------
RUN-1001 : Print Design Property
RUN-1001 : --------------------------------------------------------------
RUN-1001 :        Parameters       |  Settings  |  Default Values  |  Note  
RUN-1001 : --------------------------------------------------------------
RUN-1001 :   default_reg_initial   |    auto    |       auto       |        
RUN-1001 :        infer_add        |     on     |        on        |        
RUN-1001 :        infer_fsm        |    off     |       off        |        
RUN-1001 :        infer_mult       |     on     |        on        |        
RUN-1001 :        infer_ram        |     on     |        on        |        
RUN-1001 :        infer_reg        |     on     |        on        |        
RUN-1001 :   infer_reg_init_value  |     on     |        on        |        
RUN-1001 :        infer_rom        |     on     |        on        |        
RUN-1001 :      infer_shifter      |     on     |        on        |        
RUN-1001 : --------------------------------------------------------------
RUN-1001 : Print Rtl Property
RUN-1001 : --------------------------------------------------------------
RUN-1001 :        Parameters       |  Settings  |  Default Values  |  Note  
RUN-1001 : --------------------------------------------------------------
RUN-1001 :       compress_add      |   ripple   |      ripple      |        
RUN-1001 :        elf_sload        |    off     |       off        |        
RUN-1001 :       fix_undriven      |     0      |        0         |        
RUN-1001 :         flatten         |    off     |       off        |        
RUN-1001 :       gate_sharing      |     on     |        on        |        
RUN-1001 :    hdl_warning_level    |   normal   |      normal      |        
RUN-1001 :   impl_internal_tribuf  |     on     |        on        |        
RUN-1001 :      impl_set_reset     |     on     |        on        |        
RUN-1001 :        infer_gsr        |    off     |       off        |        
RUN-1001 :      keep_hierarchy     |    auto    |       auto       |        
RUN-1001 :        max_fanout       |    9999    |       9999       |        
RUN-1001 :      max_oh2bin_len     |     10     |        10        |        
RUN-1001 :       merge_equal       |     on     |        on        |        
RUN-1001 :       merge_equiv       |     on     |        on        |        
RUN-1001 :        merge_mux        |    off     |       off        |        
RUN-1001 :     min_control_set     |     8      |        8         |        
RUN-1001 :      min_ripple_len     |    auto    |       auto       |        
RUN-1001 :       oh2bin_ratio      |    0.08    |       0.08       |        
RUN-1001 :     opt_adder_fanout    |     on     |        on        |        
RUN-1001 :        opt_arith        |     on     |        on        |        
RUN-1001 :       opt_big_gate      |    off     |       off        |        
RUN-1001 :        opt_const        |     on     |        on        |        
RUN-1001 :      opt_const_mult     |     on     |        on        |        
RUN-1001 :       opt_lessthan      |     on     |        on        |        
RUN-1001 :         opt_mux         |    off     |       off        |        
RUN-1001 :         opt_ram         |    high    |       high       |        
RUN-1001 :      rtl_sim_model      |    off     |       off        |        
RUN-1001 :         seq_syn         |     on     |        on        |        
RUN-1001 : --------------------------------------------------------------
HDL-1007 : analyze verilog file ../../al_ip/clk_wiz_0.v
HDL-1007 : undeclared symbol 'open', assumed default net type 'wire' in ../../al_ip/clk_wiz_0.v(80)
HDL-1007 : analyze verilog file ../../../RTL/audio_receive.v
HDL-1007 : analyze verilog file ../../../RTL/audio_send.v
HDL-1007 : analyze verilog file ../../../RTL/audio_speak.v
HDL-1007 : analyze verilog file ../../../RTL/es8388_config.v
HDL-1007 : analyze verilog file ../../../RTL/es8388_ctrl.v
HDL-1007 : analyze verilog file ../../../RTL/i2c_dri.v
HDL-1007 : analyze verilog file ../../../RTL/i2c_reg_cfg.v
HDL-1007 : analyze verilog file ../../../RTL/spar_4mic_localization.v
RUN-1001 : Project manager successfully analyzed 9 source files.
RUN-1002 : start command "import_device eagle_s20.db -package EG4S20BG256"
ARC-1001 : Device Initialization.
ARC-1001 : ------------------------------------------------------------------
ARC-1001 :            OPTION            |          IO          |   SETTING   
ARC-1001 : ------------------------------------------------------------------
ARC-1001 :   cso_b/cclk/mosi/miso/dout  |  T3/R11/T10/P10/S11  |    gpio    
ARC-1001 :             done             |         P13          |    gpio    
ARC-1001 :           program_b          |          T2          |  dedicate  
ARC-1001 :        tdi/tms/tck/tdo       |   C12/A15/C14/E14    |  dedicate  
ARC-1001 : ------------------------------------------------------------------
ARC-1004 : Device setting, marked 5 dedicate IOs in total.
RUN-1002 : start command "import_db ../syn_1/ES8388_gate.db"
RUN-1001 : Importing database generated by Tang Dynasty, V5.6.71036.
RUN-1001 : Database version number 46146.
RUN-1001 : Import flow parameters
RUN-1001 : Import IO constraints
RUN-1001 : Import Inst constraints
RUN-1001 : Import design success TD_VERSION=5.6.71036 , DB_VERSION=46146
RUN-1002 : start command "place"
RUN-1001 : Open license file E:/Software/Anlogic/TD5.6.2/license/Anlogic.lic
RUN-1001 : Print Global Property
RUN-1001 : ---------------------------------------------------------------
RUN-1001 :        Parameters        |  Settings  |  Default Values  |  Note  
RUN-1001 : ---------------------------------------------------------------
RUN-1001 :          message         |  standard  |     standard     |        
RUN-1001 :   mixed_pack_place_flow  |     on     |        on        |        
RUN-1001 :        qor_monitor       |    off     |       off        |        
RUN-1001 :        syn_ip_flow       |    off     |       off        |        
RUN-1001 :          thread          |    auto    |       auto       |        
RUN-1001 : ---------------------------------------------------------------
RUN-1001 : Print Place Property
RUN-1001 : --------------------------------------------------------------
RUN-1001 :        Parameters       |  Settings  |  Default Values  |  Note  
RUN-1001 : --------------------------------------------------------------
RUN-1001 :      detailed_place     |     on     |        on        |        
RUN-1001 :          effort         |   medium   |      medium      |        
RUN-1001 :         fix_hold        |    off     |       off        |        
RUN-1001 :       legalization      |    ori     |       ori        |        
RUN-1001 :      new_spreading      |     on     |        on        |        
RUN-1001 :        opt_timing       |   medium   |      medium      |        
RUN-1001 :   post_clock_route_opt  |    off     |       off        |        
RUN-1001 :       pr_strategy       |     1      |        1         |        
RUN-1001 :        relaxation       |    1.00    |       1.00       |        
RUN-1001 :         retiming        |    off     |       off        |        
RUN-1001 : --------------------------------------------------------------
PHY-3001 : Placer runs in 16 thread(s).
RUN-1002 : start command "legalize_phy_inst"
SYN-1011 : Flatten model audio_speak
RUN-1002 : start command "phys_opt -simplify_lut"
SYN-4016 : Net ilaclk_1_dup_1 driven by BUFG (0 clock/control pins, 2 other pins).
SYN-4016 : Net ilaclk_2_dup_1 driven by BUFG (0 clock/control pins, 2 other pins).
SYN-4016 : Net ilaclk_3_dup_1 driven by BUFG (0 clock/control pins, 2 other pins).
SYN-4016 : Net ilaclk_dup_1 driven by BUFG (0 clock/control pins, 2 other pins).
SYN-4027 : Net aud_mclk_1_dup_1 is clkc1 of pll u1_pll_clk/pll_inst.
SYN-4019 : Net sys_clk_dup_1 is refclk of pll u1_pll_clk/pll_inst.
SYN-4020 : Net sys_clk_dup_1 is fbclk of pll u1_pll_clk/pll_inst.
SYN-4027 : Net aud_mclk_2_dup_1 is clkc1 of pll u2_pll_clk/pll_inst.
SYN-4019 : Net sys_clk_dup_1 is refclk of pll u2_pll_clk/pll_inst.
SYN-4020 : Net sys_clk_dup_1 is fbclk of pll u2_pll_clk/pll_inst.
SYN-4027 : Net aud_mclk_3_dup_1 is clkc1 of pll u3_pll_clk/pll_inst.
SYN-4019 : Net sys_clk_dup_1 is refclk of pll u3_pll_clk/pll_inst.
SYN-4020 : Net sys_clk_dup_1 is fbclk of pll u3_pll_clk/pll_inst.
SYN-4027 : Net aud_mclk_dup_1 is clkc1 of pll u_pll_clk/pll_inst.
SYN-4019 : Net sys_clk_dup_1 is refclk of pll u_pll_clk/pll_inst.
SYN-4020 : Net sys_clk_dup_1 is fbclk of pll u_pll_clk/pll_inst.
SYN-4024 : Net "aud_bclk_dup_1" drives clk pins.
SYN-4024 : Net "aud_bclk_1_dup_1" drives clk pins.
SYN-4024 : Net "aud_bclk_2_dup_1" drives clk pins.
SYN-4024 : Net "aud_bclk_3_dup_1" drives clk pins.
SYN-4024 : Net "u1_es8388_ctrl/u_es8388_config/u_i2c_dri/dri_clk" drives clk pins.
SYN-4024 : Net "u2_es8388_ctrl/u_es8388_config/u_i2c_dri/dri_clk" drives clk pins.
SYN-4024 : Net "u3_es8388_ctrl/u_es8388_config/u_i2c_dri/dri_clk" drives clk pins.
SYN-7503 WARNING: Net "u_es8388_ctrl/u_es8388_config/u_i2c_dri/dri_clk" drives clk pins. However it will not be tagged as clk net, for there's no more slots.
SYN-4025 : Tag rtl::Net aud_bclk_1_dup_1 as clock net
SYN-4025 : Tag rtl::Net aud_bclk_2_dup_1 as clock net
SYN-4025 : Tag rtl::Net aud_bclk_3_dup_1 as clock net
SYN-4025 : Tag rtl::Net aud_bclk_dup_1 as clock net
SYN-4025 : Tag rtl::Net aud_mclk_1_dup_1 as clock net
SYN-4025 : Tag rtl::Net aud_mclk_2_dup_1 as clock net
SYN-4025 : Tag rtl::Net aud_mclk_3_dup_1 as clock net
SYN-4025 : Tag rtl::Net aud_mclk_dup_1 as clock net
SYN-4025 : Tag rtl::Net ilaclk_1_dup_1 as clock net
SYN-4025 : Tag rtl::Net ilaclk_2_dup_1 as clock net
SYN-4025 : Tag rtl::Net ilaclk_3_dup_1 as clock net
SYN-4025 : Tag rtl::Net ilaclk_dup_1 as clock net
SYN-4025 : Tag rtl::Net sys_clk_dup_1 as clock net
SYN-4025 : Tag rtl::Net u1_es8388_ctrl/u_es8388_config/u_i2c_dri/dri_clk as clock net
SYN-4025 : Tag rtl::Net u2_es8388_ctrl/u_es8388_config/u_i2c_dri/dri_clk as clock net
SYN-4025 : Tag rtl::Net u3_es8388_ctrl/u_es8388_config/u_i2c_dri/dri_clk as clock net
SYN-4026 : Tagged 16 rtl::Net as clock net
SYN-4015 : Create BUFG instance for clk Net aud_bclk_1_dup_1 to drive 80 clock pins.
SYN-4015 : Create BUFG instance for clk Net aud_bclk_2_dup_1 to drive 80 clock pins.
SYN-4015 : Create BUFG instance for clk Net aud_bclk_3_dup_1 to drive 80 clock pins.
SYN-4015 : Create BUFG instance for clk Net aud_bclk_dup_1 to drive 80 clock pins.
SYN-4015 : Create BUFG instance for clk Net u1_es8388_ctrl/u_es8388_config/u_i2c_dri/dri_clk to drive 59 clock pins.
SYN-4015 : Create BUFG instance for clk Net u2_es8388_ctrl/u_es8388_config/u_i2c_dri/dri_clk to drive 59 clock pins.
SYN-4015 : Create BUFG instance for clk Net u3_es8388_ctrl/u_es8388_config/u_i2c_dri/dri_clk to drive 59 clock pins.
PHY-1001 : Populate physical database on model audio_speak.
RUN-1001 : There are total 2753 instances
RUN-0007 : 920 luts, 928 seqs, 596 mslices, 216 lslices, 51 pads, 0 brams, 24 dsps
RUN-1001 : There are total 4245 nets
RUN-1001 : 2786 nets have 2 pins
RUN-1001 : 938 nets have [3 - 5] pins
RUN-1001 : 396 nets have [6 - 10] pins
RUN-1001 : 71 nets have [11 - 20] pins
RUN-1001 : 42 nets have [21 - 99] pins
RUN-1001 : 12 nets have 100+ pins
RUN-1001 : Report Control nets information:
RUN-1001 : DFF Distribution
RUN-1001 : ----------------------------------
RUN-1001 :   CE   |  SSR  |  ASR  |  DFF Count  
RUN-1001 : ----------------------------------
RUN-1001 :   No   |  No   |  No   |      0      
RUN-1001 :   No   |  No   |  Yes  |     608     
RUN-1001 :   No   |  Yes  |  No   |      0      
RUN-1001 :   Yes  |  No   |  No   |      0      
RUN-1001 :   Yes  |  No   |  Yes  |     288     
RUN-1001 :   Yes  |  Yes  |  No   |     32      
RUN-1001 : ----------------------------------
RUN-0007 : Control Group Statistic
RUN-0007 : ---------------------------
RUN-0007 :   #CLK  |  #CE  |  #SSR/ASR  
RUN-0007 : ---------------------------
RUN-0007 :    9    |  21   |     9      
RUN-0007 : ---------------------------
RUN-0007 : Control Set = 33
PHY-3001 : Initial placement ...
PHY-3001 : design contains 2751 instances, 920 luts, 928 seqs, 812 slices, 116 macros(812 instances: 596 mslices 216 lslices)
PHY-0007 : Cell area utilization is 12%
PHY-3001 : Global placement ...
PHY-3001 : Initial: Len = 1.09625e+06
PHY-3001 : Clustering ...
PHY-3001 : Level 0 #clusters 2751.
PHY-3001 : End clustering;  0.000044s wall, 0.000000s user + 0.000000s system = 0.000000s CPU (n/a%)

PHY-3001 : Run with size of 4
PHY-3001 : Cell area utilization is 12%
PHY-3001 : :::0::: Try harder cell spreading with beta_ = 0
PHY-3002 : Step(1): len = 749074, overlap = 51.75
PHY-3002 : Step(2): len = 579111, overlap = 40.5
PHY-3002 : Step(3): len = 492643, overlap = 50.25
PHY-3002 : Step(4): len = 357602, overlap = 47.75
PHY-3002 : Step(5): len = 287174, overlap = 52.125
PHY-3002 : Step(6): len = 236904, overlap = 59.875
PHY-3002 : Step(7): len = 213504, overlap = 63.3125
PHY-3002 : Step(8): len = 193332, overlap = 87.5312
PHY-3002 : Step(9): len = 170004, overlap = 114.875
PHY-3002 : Step(10): len = 152273, overlap = 135.812
PHY-3002 : Step(11): len = 135980, overlap = 152.969
PHY-3002 : Step(12): len = 124771, overlap = 168.938
PHY-3002 : Step(13): len = 116649, overlap = 175.375
PHY-3002 : Step(14): len = 115076, overlap = 196.125
PHY-3002 : Step(15): len = 105593, overlap = 207.75
PHY-3002 : Step(16): len = 101610, overlap = 219.969
PHY-3002 : Step(17): len = 98310.5, overlap = 232.312
PHY-3001 : :::1::: Try harder cell spreading with beta_ = 5.45505e-06
PHY-3002 : Step(18): len = 113456, overlap = 219.344
PHY-3002 : Step(19): len = 117204, overlap = 214.906
PHY-3002 : Step(20): len = 121102, overlap = 182.688
PHY-3002 : Step(21): len = 123781, overlap = 158.375
PHY-3002 : Step(22): len = 114888, overlap = 139.188
PHY-3002 : Step(23): len = 112546, overlap = 124.969
PHY-3002 : Step(24): len = 118370, overlap = 121.406
PHY-3002 : Step(25): len = 119266, overlap = 113.688
PHY-3002 : Step(26): len = 119620, overlap = 112.312
PHY-3002 : Step(27): len = 114033, overlap = 90.9688
PHY-3002 : Step(28): len = 111108, overlap = 86.0938
PHY-3002 : Step(29): len = 111019, overlap = 95.5625
PHY-3002 : Step(30): len = 110051, overlap = 106.031
PHY-3002 : Step(31): len = 109178, overlap = 107.906
PHY-3002 : Step(32): len = 103623, overlap = 106.094
PHY-3002 : Step(33): len = 102788, overlap = 107.531
PHY-3002 : Step(34): len = 102050, overlap = 113.594
PHY-3002 : Step(35): len = 101739, overlap = 111.469
PHY-3002 : Step(36): len = 100187, overlap = 114.656
PHY-3002 : Step(37): len = 96441.2, overlap = 107.594
PHY-3002 : Step(38): len = 95930.6, overlap = 111.531
PHY-3002 : Step(39): len = 96431.7, overlap = 104.312
PHY-3002 : Step(40): len = 96218.7, overlap = 112.875
PHY-3002 : Step(41): len = 93812.1, overlap = 105.281
PHY-3002 : Step(42): len = 91455.6, overlap = 109.344
PHY-3002 : Step(43): len = 91364.8, overlap = 109.344
PHY-3002 : Step(44): len = 91482.5, overlap = 115.875
PHY-3002 : Step(45): len = 91920.2, overlap = 124.406
PHY-3002 : Step(46): len = 92030.9, overlap = 141.031
PHY-3001 : :::2::: Try harder cell spreading with beta_ = 1.09101e-05
PHY-3002 : Step(47): len = 93005.8, overlap = 132.906
PHY-3002 : Step(48): len = 93358.4, overlap = 132.969
PHY-3002 : Step(49): len = 93518.5, overlap = 133.219
PHY-3001 : :::3::: Try harder cell spreading with beta_ = 2.18202e-05
PHY-3002 : Step(50): len = 97890.2, overlap = 124.219
PHY-3002 : Step(51): len = 97935.5, overlap = 124.219
PHY-3002 : Step(52): len = 98606.4, overlap = 112.812
PHY-3002 : Step(53): len = 98784.8, overlap = 112.375
PHY-3002 : Step(54): len = 101350, overlap = 98.9375
PHY-3002 : Step(55): len = 103094, overlap = 91.875
PHY-3002 : Step(56): len = 102512, overlap = 91.6562
PHY-3002 : Step(57): len = 102406, overlap = 91.5938
PHY-3002 : Step(58): len = 101133, overlap = 88.4688
PHY-3002 : Step(59): len = 100688, overlap = 90.875
PHY-3002 : Step(60): len = 100309, overlap = 94.7188
PHY-3001 : :::4::: Try harder cell spreading with beta_ = 4.36404e-05
PHY-3002 : Step(61): len = 105208, overlap = 97.9688
PHY-3002 : Step(62): len = 107037, overlap = 96.1562
PHY-3002 : Step(63): len = 109188, overlap = 87.9062
PHY-3002 : Step(64): len = 107247, overlap = 90.7812
PHY-3002 : Step(65): len = 107013, overlap = 90.6562
PHY-3002 : Step(66): len = 106368, overlap = 92.5938
PHY-3001 : :::5::: Try harder cell spreading with beta_ = 8.72808e-05
PHY-3002 : Step(67): len = 110425, overlap = 85.3438
PHY-3002 : Step(68): len = 112478, overlap = 87.2812
PHY-3002 : Step(69): len = 117139, overlap = 83.8438
PHY-3002 : Step(70): len = 116751, overlap = 81.4062
PHY-3002 : Step(71): len = 116680, overlap = 81.4062
PHY-3002 : Step(72): len = 116413, overlap = 80.3125
PHY-3002 : Step(73): len = 116659, overlap = 77.625
PHY-3002 : Step(74): len = 117314, overlap = 78.9375
PHY-3002 : Step(75): len = 117340, overlap = 78.5625
PHY-3002 : Step(76): len = 117097, overlap = 75.6562
PHY-3001 : :::6::: Try harder cell spreading with beta_ = 0.000174562
PHY-3002 : Step(77): len = 117972, overlap = 73.4062
PHY-3002 : Step(78): len = 118654, overlap = 73.2188
PHY-3002 : Step(79): len = 120800, overlap = 71.9688
PHY-3002 : Step(80): len = 122767, overlap = 68.4375
PHY-3002 : Step(81): len = 123598, overlap = 70.6875
PHY-3002 : Step(82): len = 123751, overlap = 70.4375
PHY-3002 : Step(83): len = 123459, overlap = 70.0625
PHY-3002 : Step(84): len = 123391, overlap = 70.0625
PHY-3002 : Step(85): len = 123343, overlap = 69.8125
PHY-3002 : Step(86): len = 123316, overlap = 69.8125
PHY-3002 : Step(87): len = 123294, overlap = 69.5625
PHY-3001 : :::7::: Try harder cell spreading with beta_ = 0.000349123
PHY-3002 : Step(88): len = 123881, overlap = 71.8125
PHY-3002 : Step(89): len = 124312, overlap = 69.5
PHY-3002 : Step(90): len = 126667, overlap = 69.4375
PHY-3002 : Step(91): len = 131413, overlap = 71.1875
PHY-3002 : Step(92): len = 134466, overlap = 75.6875
PHY-3002 : Step(93): len = 136698, overlap = 73.4375
PHY-3002 : Step(94): len = 137235, overlap = 73.1875
PHY-3002 : Step(95): len = 137334, overlap = 71.1875
PHY-3002 : Step(96): len = 137035, overlap = 69.5625
PHY-3002 : Step(97): len = 136697, overlap = 73.5625
PHY-3002 : Step(98): len = 135885, overlap = 71.875
PHY-3002 : Step(99): len = 135470, overlap = 71.875
PHY-3002 : Step(100): len = 135144, overlap = 66.9375
PHY-3002 : Step(101): len = 134963, overlap = 66.6875
PHY-3002 : Step(102): len = 134864, overlap = 69
PHY-3002 : Step(103): len = 134559, overlap = 71.25
PHY-3002 : Step(104): len = 134418, overlap = 71
PHY-3002 : Step(105): len = 134373, overlap = 73.3125
PHY-3001 : :::8::: Try harder cell spreading with beta_ = 0.000698247
PHY-3002 : Step(106): len = 135030, overlap = 68.625
PHY-3002 : Step(107): len = 135302, overlap = 68.5625
PHY-3002 : Step(108): len = 137230, overlap = 68.5625
PHY-3002 : Step(109): len = 138694, overlap = 68.5625
PHY-3002 : Step(110): len = 139424, overlap = 70.25
PHY-3002 : Step(111): len = 139772, overlap = 69.875
PHY-3002 : Step(112): len = 139878, overlap = 69.8125
PHY-3002 : Step(113): len = 139874, overlap = 67.625
PHY-3002 : Step(114): len = 139853, overlap = 67.625
PHY-3001 : :::9::: Try harder cell spreading with beta_ = 0.00139649
PHY-3002 : Step(115): len = 140082, overlap = 67.5
PHY-3002 : Step(116): len = 140432, overlap = 65.5
PHY-3002 : Step(117): len = 140900, overlap = 65.375
PHY-3001 : Legalization ...
PHY-3001 : End legalization;  0.014838s wall, 0.031250s user + 0.000000s system = 0.031250s CPU (210.6%)

PHY-3001 : Run with size of 4
PHY-3001 : Cell area utilization is 16%
PHY-3001 : :::0::: Try harder cell spreading with beta_ = 4.94903e-06
PHY-3002 : Step(118): len = 147936, overlap = 103.219
PHY-3002 : Step(119): len = 147873, overlap = 103.5
PHY-3002 : Step(120): len = 137538, overlap = 117.25
PHY-3002 : Step(121): len = 137764, overlap = 127.219
PHY-3002 : Step(122): len = 134021, overlap = 127.656
PHY-3002 : Step(123): len = 134614, overlap = 127.312
PHY-3002 : Step(124): len = 131537, overlap = 125.375
PHY-3002 : Step(125): len = 131262, overlap = 125.219
PHY-3002 : Step(126): len = 128136, overlap = 123
PHY-3002 : Step(127): len = 128069, overlap = 125.344
PHY-3002 : Step(128): len = 126182, overlap = 128.188
PHY-3002 : Step(129): len = 126772, overlap = 126.469
PHY-3002 : Step(130): len = 124988, overlap = 148.625
PHY-3002 : Step(131): len = 125119, overlap = 144.625
PHY-3002 : Step(132): len = 124825, overlap = 123
PHY-3002 : Step(133): len = 124633, overlap = 115.719
PHY-3002 : Step(134): len = 123292, overlap = 108.656
PHY-3002 : Step(135): len = 123364, overlap = 101.812
PHY-3002 : Step(136): len = 122474, overlap = 102.906
PHY-3002 : Step(137): len = 122249, overlap = 105.312
PHY-3002 : Step(138): len = 122563, overlap = 105.25
PHY-3002 : Step(139): len = 121373, overlap = 104.656
PHY-3002 : Step(140): len = 121112, overlap = 100.125
PHY-3002 : Step(141): len = 120985, overlap = 90.375
PHY-3001 : :::1::: Try harder cell spreading with beta_ = 9.89806e-06
PHY-3002 : Step(142): len = 120451, overlap = 100.031
PHY-3002 : Step(143): len = 120451, overlap = 100.031
PHY-3002 : Step(144): len = 120641, overlap = 102.656
PHY-3001 : :::2::: Try harder cell spreading with beta_ = 1.97961e-05
PHY-3002 : Step(145): len = 124183, overlap = 96.5625
PHY-3002 : Step(146): len = 124183, overlap = 96.5625
PHY-3002 : Step(147): len = 123491, overlap = 98.4688
PHY-3002 : Step(148): len = 123491, overlap = 98.4688
PHY-3002 : Step(149): len = 123432, overlap = 99.3438
PHY-3001 : :::3::: Try harder cell spreading with beta_ = 3.95922e-05
PHY-3002 : Step(150): len = 126913, overlap = 94.5625
PHY-3002 : Step(151): len = 127340, overlap = 94.125
PHY-3002 : Step(152): len = 128170, overlap = 84.6562
PHY-3002 : Step(153): len = 127446, overlap = 82.375
PHY-3002 : Step(154): len = 127637, overlap = 78.4688
PHY-3002 : Step(155): len = 127109, overlap = 75.0312
PHY-3001 : Run with size of 2
PHY-3001 : Cell area utilization is 16%
PHY-3001 : :::0::: Try harder cell spreading with beta_ = 1.47242e-05
PHY-3002 : Step(156): len = 128082, overlap = 198.406
PHY-3002 : Step(157): len = 128434, overlap = 197.812
PHY-3002 : Step(158): len = 128555, overlap = 192.875
PHY-3002 : Step(159): len = 129090, overlap = 189.75
PHY-3002 : Step(160): len = 129734, overlap = 180.719
PHY-3001 : :::1::: Try harder cell spreading with beta_ = 2.94485e-05
PHY-3002 : Step(161): len = 130746, overlap = 164.562
PHY-3002 : Step(162): len = 131244, overlap = 159.25
PHY-3002 : Step(163): len = 133224, overlap = 141.062
PHY-3002 : Step(164): len = 133749, overlap = 142.938
PHY-3002 : Step(165): len = 134052, overlap = 142.812
PHY-3002 : Step(166): len = 132582, overlap = 141.281
PHY-3002 : Step(167): len = 132378, overlap = 140.938
PHY-3002 : Step(168): len = 132004, overlap = 141.562
PHY-3001 : :::2::: Try harder cell spreading with beta_ = 5.8897e-05
PHY-3002 : Step(169): len = 134222, overlap = 123.844
PHY-3002 : Step(170): len = 134643, overlap = 122.75
PHY-3002 : Step(171): len = 135695, overlap = 116.156
PHY-3001 : :::3::: Try harder cell spreading with beta_ = 0.000113505
PHY-3002 : Step(172): len = 138001, overlap = 116.188
PHY-3002 : Step(173): len = 139123, overlap = 114.594
PHY-3002 : Step(174): len = 139381, overlap = 115.625
PHY-3001 : :::4::: Try harder cell spreading with beta_ = 0.000227011
PHY-3002 : Step(175): len = 140251, overlap = 117.312
PHY-3002 : Step(176): len = 140251, overlap = 117.312
PHY-3002 : Step(177): len = 140717, overlap = 113.5
PHY-3001 : :::5::: Try harder cell spreading with beta_ = 0.000367304
PHY-3002 : Step(178): len = 141494, overlap = 113.344
PHY-3002 : Step(179): len = 142837, overlap = 114.312
PHY-3002 : Step(180): len = 144219, overlap = 110.188
PHY-3002 : Step(181): len = 144446, overlap = 108.844
PHY-3002 : Step(182): len = 144616, overlap = 105.562
PHY-3001 : :::6::: Try harder cell spreading with beta_ = 0.000734607
PHY-3002 : Step(183): len = 145564, overlap = 105.094
PHY-3002 : Step(184): len = 145851, overlap = 104.781
PHY-3002 : Step(185): len = 146371, overlap = 102.5
PHY-3001 : :::7::: Try harder cell spreading with beta_ = 0.00145006
PHY-3002 : Step(186): len = 146552, overlap = 104
PHY-3002 : Step(187): len = 147502, overlap = 101.5
PHY-3002 : Step(188): len = 148528, overlap = 102.094
PHY-3002 : Step(189): len = 148568, overlap = 101.031
PHY-3002 : Step(190): len = 148525, overlap = 100.812
PHY-3001 : :::8::: Try harder cell spreading with beta_ = 0.00290013
PHY-3002 : Step(191): len = 148651, overlap = 99.875
PHY-3002 : Step(192): len = 148739, overlap = 101.25
PHY-3001 : :::9::: Try harder cell spreading with beta_ = 0.0046924
PHY-3002 : Step(193): len = 148964, overlap = 101.125
PHY-3002 : Step(194): len = 149645, overlap = 93.4062
OPT-1001 : Start physical optimization ...
OPT-1001 : Total overflow 264.38 peak overflow 4.69
OPT-1001 : Start high-fanout net optimization ...
OPT-1001 : Update timing in global mode
PHY-1001 : Start incremental global routing, caller is place ...
RUN-1001 : Generating global routing grids ...
RUN-1001 : Building simple global routing graph ...
PHY-1001 : Generate routing nets ...
PHY-1001 : Reuse net number 0/4245.
PHY-1001 : Global iterations in 16 thread ...
PHY-1002 : len = 173272, over cnt = 581(1%), over = 2679, worst = 20
PHY-1001 : End global iterations;  0.150715s wall, 0.125000s user + 0.109375s system = 0.234375s CPU (155.5%)

PHY-1001 : Congestion index: top1 = 63.25, top5 = 43.72, top10 = 33.72, top15 = 27.17.
PHY-1001 : End incremental global routing;  0.210940s wall, 0.156250s user + 0.140625s system = 0.296875s CPU (140.7%)

RUN-1002 : start command "start_timer -report"
TMR-5001 WARNING: No sdc constraints found while initiating timer.
TMR-2505 : Start building timing graph for model audio_speak.
TMR-2506 : Build timing graph completely. Port num: 50, tpin num: 15124, tnet num: 3979, tinst num: 2751, tnode num: 18524, tedge num: 25476.
TMR-2508 : Levelizing timing graph completed, there are 47 levels in total.
TMR-2501 : Timing graph initialized successfully.
OPT-1001 : End timing update;  0.295935s wall, 0.281250s user + 0.015625s system = 0.296875s CPU (100.3%)

OPT-1001 : 0 high-fanout net processed.
OPT-1001 : End high-fanout net optimization;  0.547306s wall, 0.468750s user + 0.156250s system = 0.625000s CPU (114.2%)

OPT-1001 : Current memory(MB): used = 213, reserve = 183, peak = 213.
OPT-1001 : End physical optimization;  0.575019s wall, 0.500000s user + 0.156250s system = 0.656250s CPU (114.1%)

PHY-3001 : Start packing ...
SYN-4007 : Packing 0 MUX to BLE ...
SYN-4008 : Packed 0 MUX and 0 SEQ to BLE.
SYN-4007 : Packing 920 LUT to BLE ...
SYN-4008 : Packed 920 LUT and 432 SEQ to BLE.
SYN-4003 : Packing 496 remaining SEQ's ...
SYN-4005 : Packed 178 SEQ with LUT/SLICE
SYN-4006 : 379 single LUT's are left
SYN-4006 : 318 single SEQ's are left
SYN-4011 : Packing model "audio_speak" (AL_USER_NORMAL) with 1238/2143 primitive instances ...
PHY-3001 : End packing;  0.058606s wall, 0.062500s user + 0.000000s system = 0.062500s CPU (106.6%)

PHY-1001 : Populate physical database on model audio_speak.
RUN-1001 : There are total 1556 instances
RUN-1001 : 732 mslices, 731 lslices, 51 pads, 0 brams, 24 dsps
RUN-1001 : There are total 3825 nets
RUN-1001 : 2378 nets have 2 pins
RUN-1001 : 930 nets have [3 - 5] pins
RUN-1001 : 396 nets have [6 - 10] pins
RUN-1001 : 76 nets have [11 - 20] pins
RUN-1001 : 37 nets have [21 - 99] pins
RUN-1001 : 8 nets have 100+ pins
PHY-3001 : design contains 1554 instances, 1463 slices, 116 macros(812 instances: 596 mslices 216 lslices)
PHY-3001 : Cell area utilization is 18%
PHY-3001 : After packing: Len = 148908, Over = 120
PHY-3001 : Run with size of 2
PHY-3001 : Cell area utilization is 18%
PHY-3001 : :::0::: Try harder cell spreading with beta_ = 1.35733e-05
PHY-3002 : Step(195): len = 141130, overlap = 126.5
PHY-3002 : Step(196): len = 141132, overlap = 129.5
PHY-3002 : Step(197): len = 133998, overlap = 146
PHY-3002 : Step(198): len = 132781, overlap = 151
PHY-3002 : Step(199): len = 131289, overlap = 153.25
PHY-3002 : Step(200): len = 131191, overlap = 158
PHY-3002 : Step(201): len = 130484, overlap = 159.75
PHY-3002 : Step(202): len = 129892, overlap = 163.75
PHY-3002 : Step(203): len = 129442, overlap = 157.25
PHY-3001 : :::1::: Try harder cell spreading with beta_ = 2.71466e-05
PHY-3002 : Step(204): len = 134467, overlap = 145.25
PHY-3002 : Step(205): len = 134886, overlap = 145.75
PHY-3002 : Step(206): len = 136588, overlap = 142.5
PHY-3002 : Step(207): len = 134791, overlap = 144.75
PHY-3002 : Step(208): len = 135446, overlap = 144.25
PHY-3001 : :::2::: Try harder cell spreading with beta_ = 5.42933e-05
PHY-3002 : Step(209): len = 138909, overlap = 133.75
PHY-3002 : Step(210): len = 141792, overlap = 126
PHY-3002 : Step(211): len = 141792, overlap = 126
PHY-3002 : Step(212): len = 140666, overlap = 129
PHY-3001 : Legalization ...
PHY-3001 : End legalization;  0.126928s wall, 0.109375s user + 0.156250s system = 0.265625s CPU (209.3%)

PHY-3001 : Trial Legalized: Len = 173551
PHY-3001 : Run with size of 2
PHY-3001 : Cell area utilization is 18%
PHY-3001 : :::0::: Try harder cell spreading with beta_ = 0.000283396
PHY-3002 : Step(213): len = 163240, overlap = 25
PHY-3002 : Step(214): len = 161945, overlap = 32
PHY-3002 : Step(215): len = 159983, overlap = 31.5
PHY-3002 : Step(216): len = 159612, overlap = 32.5
PHY-3002 : Step(217): len = 159205, overlap = 37.5
PHY-3001 : :::1::: Try harder cell spreading with beta_ = 0.000566793
PHY-3002 : Step(218): len = 159886, overlap = 34.5
PHY-3002 : Step(219): len = 159931, overlap = 35.5
PHY-3002 : Step(220): len = 159931, overlap = 35.5
PHY-3001 : :::2::: Try harder cell spreading with beta_ = 0.00113359
PHY-3002 : Step(221): len = 160329, overlap = 33.75
PHY-3002 : Step(222): len = 160394, overlap = 34.5
PHY-3001 : Legalization ...
PHY-3001 : End legalization;  0.004428s wall, 0.000000s user + 0.000000s system = 0.000000s CPU (n/a%)

PHY-3001 : Legalized: Len = 166914, Over = 0
PHY-3001 : Spreading special nets. 4 overflows in 2952 tiles.
PHY-3001 : End spreading;  0.007822s wall, 0.000000s user + 0.015625s system = 0.015625s CPU (199.7%)

PHY-3001 : 7 instances has been re-located, deltaX = 2, deltaY = 6, maxDist = 2.
PHY-3001 : Final: Len = 166972, Over = 0
OPT-1001 : Start physical optimization ...
OPT-1001 : Total overflow 0.00 peak overflow 0.00
OPT-1001 : Start high-fanout net optimization ...
OPT-1001 : Update timing in global mode
PHY-1001 : Start incremental global routing, caller is place ...
RUN-1001 : Generating global routing grids ...
PHY-1001 : Generate routing nets ...
PHY-1001 : Reuse net number 162/3825.
PHY-1001 : Global iterations in 16 thread ...
PHY-1002 : len = 190680, over cnt = 473(1%), over = 942, worst = 8
PHY-1002 : len = 194104, over cnt = 320(0%), over = 508, worst = 6
PHY-1002 : len = 197616, over cnt = 132(0%), over = 200, worst = 6
PHY-1002 : len = 199792, over cnt = 25(0%), over = 31, worst = 4
PHY-1002 : len = 200192, over cnt = 0(0%), over = 0, worst = 0
PHY-1001 : End global iterations;  0.307014s wall, 0.312500s user + 0.234375s system = 0.546875s CPU (178.1%)

PHY-1001 : Congestion index: top1 = 45.39, top5 = 35.92, top10 = 30.60, top15 = 26.89.
PHY-1001 : End incremental global routing;  0.387826s wall, 0.375000s user + 0.250000s system = 0.625000s CPU (161.2%)

RUN-1002 : start command "start_timer -report"
TMR-5001 WARNING: No sdc constraints found while initiating timer.
TMR-2505 : Start building timing graph for model audio_speak.
TMR-2506 : Build timing graph completely. Port num: 50, tpin num: 13329, tnet num: 3559, tinst num: 1554, tnode num: 15786, tedge num: 23184.
TMR-2508 : Levelizing timing graph completed, there are 45 levels in total.
TMR-2501 : Timing graph initialized successfully.
OPT-1001 : End timing update;  0.306188s wall, 0.312500s user + 0.000000s system = 0.312500s CPU (102.1%)

OPT-1001 : 0 high-fanout net processed.
OPT-1001 : End high-fanout net optimization;  0.733967s wall, 0.718750s user + 0.250000s system = 0.968750s CPU (132.0%)

OPT-1001 : Current memory(MB): used = 220, reserve = 190, peak = 220.
OPT-1001 : Update timing in Manhattan mode
OPT-1001 : End timing update;  0.004196s wall, 0.000000s user + 0.000000s system = 0.000000s CPU (n/a%)

OPT-1001 : Start pin optimization...
OPT-1001 : skip pin optimization...
RUN-1001 : Generating global routing grids ...
PHY-1001 : Generate routing nets ...
PHY-1001 : Reuse net number 3015/3825.
PHY-1001 : Global iterations in 16 thread ...
PHY-1002 : len = 200192, over cnt = 0(0%), over = 0, worst = 0
PHY-1001 : End global iterations;  0.011637s wall, 0.015625s user + 0.000000s system = 0.015625s CPU (134.3%)

PHY-1001 : Congestion index: top1 = 45.39, top5 = 35.92, top10 = 30.60, top15 = 26.89.
OPT-1001 : Update timing in Manhattan mode
OPT-1001 : End timing update;  0.004507s wall, 0.015625s user + 0.000000s system = 0.015625s CPU (346.7%)

RUN-1001 : QoR Analysis:
OPT-0007 :   WNS 2147483647 TNS 0 NUM_FEPS 0
RUN-1001 :   No local congestion issue, and most congested 1% tile average routing util is 44.896552
RUN-1001 :   Top critical paths
OPT-1001 : End physical optimization;  0.845690s wall, 0.828125s user + 0.250000s system = 1.078125s CPU (127.5%)

RUN-1003 : finish command "place" in  7.477008s wall, 12.359375s user + 12.000000s system = 24.359375s CPU (325.8%)

RUN-1004 : used memory is 189 MB, reserved memory is 158 MB, peak memory is 224 MB
RUN-1002 : start command "export_db ES8388_place.db"
RUN-1001 : Exported /
RUN-1001 : Exported flow parameters
RUN-1001 : Exported libs
RUN-1001 : Exported entities
RUN-1001 : Exported ports
RUN-1001 : Exported pins
RUN-1001 : Exported instances
RUN-1001 : Exported nets
RUN-1001 : Exported buses
RUN-1001 : Exported models
RUN-1001 : Exported congestions
RUN-1001 : Exported violations
RUN-1001 : Exported IO constraints
RUN-1001 : Exported Inst constraints
RUN-1002 : start command "route"
RUN-1001 : Open license file E:/Software/Anlogic/TD5.6.2/license/Anlogic.lic
RUN-1001 : Print Global Property
RUN-1001 : ---------------------------------------------------------------
RUN-1001 :        Parameters        |  Settings  |  Default Values  |  Note  
RUN-1001 : ---------------------------------------------------------------
RUN-1001 :          message         |  standard  |     standard     |        
RUN-1001 :   mixed_pack_place_flow  |     on     |        on        |        
RUN-1001 :        qor_monitor       |    off     |       off        |        
RUN-1001 :        syn_ip_flow       |    off     |       off        |        
RUN-1001 :          thread          |    auto    |       auto       |        
RUN-1001 : ---------------------------------------------------------------
RUN-1001 : Print Route Property
RUN-1001 : -------------------------------------------------------
RUN-1001 :    Parameters    |  Settings  |  Default Values  |  Note  
RUN-1001 : -------------------------------------------------------
RUN-1001 :      effort      |   medium   |      medium      |        
RUN-1001 :     fix_hold     |    off     |       off        |        
RUN-1001 :    opt_timing    |   medium   |      medium      |        
RUN-1001 :   phy_sim_model  |    off     |       off        |        
RUN-1001 :     priority     |   timing   |      timing      |        
RUN-1001 :     swap_pin     |     on     |        on        |        
RUN-1001 : -------------------------------------------------------
PHY-1001 : Route runs in 16 thread(s)
RUN-1001 : There are total 1556 instances
RUN-1001 : 732 mslices, 731 lslices, 51 pads, 0 brams, 24 dsps
RUN-1001 : There are total 3825 nets
RUN-1001 : 2378 nets have 2 pins
RUN-1001 : 930 nets have [3 - 5] pins
RUN-1001 : 396 nets have [6 - 10] pins
RUN-1001 : 76 nets have [11 - 20] pins
RUN-1001 : 37 nets have [21 - 99] pins
RUN-1001 : 8 nets have 100+ pins
RUN-1002 : start command "start_timer -report"
TMR-5001 WARNING: No sdc constraints found while initiating timer.
TMR-2505 : Start building timing graph for model audio_speak.
TMR-2506 : Build timing graph completely. Port num: 50, tpin num: 13329, tnet num: 3559, tinst num: 1554, tnode num: 15786, tedge num: 23184.
TMR-2508 : Levelizing timing graph completed, there are 45 levels in total.
TMR-2501 : Timing graph initialized successfully.
PHY-1001 : 732 mslices, 731 lslices, 51 pads, 0 brams, 24 dsps
TMR-2503 : Start to update net delay, extr mode = 3.
TMR-2504 : Update delay of 3559 nets completely.
TMR-2502 : Annotate delay completely, extr mode = 3.
TMR-3002 : No user constraint, initiate default constraint.
TMR-1501 : Assign derive clock DeriveClock to 1182 clock pins, and constraint 2449 relative nodes.
TMR-3003 : Constraints initiated successfully.
TMR-3501 : Forward propagation: start to calculate arrival time...
TMR-3502 : Backward propagation: start to calculate required time...
TMR-3503 : Timing propagation completes.
PHY-1001 : Start global routing, caller is route ...
RUN-1001 : Generating global routing grids ...
PHY-1001 : Generate routing nets ...
PHY-1001 : Global iterations in 16 thread ...
PHY-1002 : len = 189392, over cnt = 464(1%), over = 920, worst = 8
PHY-1002 : len = 192616, over cnt = 321(0%), over = 508, worst = 6
PHY-1002 : len = 197288, over cnt = 61(0%), over = 88, worst = 6
PHY-1002 : len = 198192, over cnt = 0(0%), over = 0, worst = 0
PHY-1001 : End global iterations;  0.279664s wall, 0.250000s user + 0.203125s system = 0.453125s CPU (162.0%)

PHY-1001 : Congestion index: top1 = 44.16, top5 = 35.15, top10 = 30.06, top15 = 26.48.
PHY-1001 : End global routing;  0.350969s wall, 0.312500s user + 0.203125s system = 0.515625s CPU (146.9%)

PHY-1001 : Start detail routing ...
PHY-1001 : Current memory(MB): used = 257, reserve = 228, peak = 272.
PHY-1001 : Detailed router is running in normal mode.
PHY-1001 : Generate detailed routing grids ...
PHY-1001 : Processed IO instance aud_dacdat_syn_4 with INV attribute.
PHY-1001 : Processed IO instance aud_dacdat_1_syn_4 with INV attribute.
PHY-1001 : Processed IO instance aud_dacdat_2_syn_4 with INV attribute.
PHY-1001 : Processed IO instance aud_dacdat_3_syn_4 with INV attribute.
PHY-1001 : Generate nets ...
PHY-1001 : clock net aud_bclk_syn_4 will be merged with clock aud_bclk_dup_1
PHY-1001 : clock net aud_bclk_1_syn_4 will be merged with clock aud_bclk_1_dup_1
PHY-1001 : clock net aud_bclk_2_syn_4 will be merged with clock aud_bclk_2_dup_1
PHY-1001 : clock net aud_bclk_3_syn_4 will be merged with clock aud_bclk_3_dup_1
PHY-1001 : net aud_mclk_dup_1 will be routed on clock mesh
PHY-1001 : net aud_mclk_1_dup_1 will be routed on clock mesh
PHY-1001 : net aud_mclk_2_dup_1 will be routed on clock mesh
PHY-1001 : net aud_mclk_3_dup_1 will be routed on clock mesh
PHY-1001 : clock net ilaclk_dup_1 will be merged with clock u_pll_clk/clk0_buf
PHY-1001 : clock net ilaclk_1_dup_1 will be merged with clock u1_pll_clk/clk0_buf
PHY-1001 : clock net ilaclk_2_dup_1 will be merged with clock u2_pll_clk/clk0_buf
PHY-1001 : clock net ilaclk_3_dup_1 will be merged with clock u3_pll_clk/clk0_buf
PHY-1001 : net sys_clk_dup_1 will be routed on clock mesh
PHY-1001 : clock net u1_es8388_ctrl/u_es8388_config/u_i2c_dri/dri_clk_syn_4 will be merged with clock u1_es8388_ctrl/u_es8388_config/u_i2c_dri/dri_clk
PHY-1001 : clock net u2_es8388_ctrl/u_es8388_config/u_i2c_dri/dri_clk_syn_4 will be merged with clock u2_es8388_ctrl/u_es8388_config/u_i2c_dri/dri_clk
PHY-1001 : clock net u3_es8388_ctrl/u_es8388_config/u_i2c_dri/dri_clk_syn_4 will be merged with clock u3_es8388_ctrl/u_es8388_config/u_i2c_dri/dri_clk
PHY-1001 : Current memory(MB): used = 526, reserve = 501, peak = 526.
PHY-1001 : End build detailed router design. 2.148236s wall, 2.093750s user + 0.046875s system = 2.140625s CPU (99.6%)

PHY-1001 : Detail Route ...
PHY-1001 : ===== Detail Route Phase 1 =====
PHY-1001 : Clock net routing.....
PHY-1001 : Routed 0% nets.
PHY-1022 : len = 43824, over cnt = 0(0%), over = 0, worst = 0, crit = 0
PHY-1001 : End initial clock net routed; 3.745296s wall, 3.750000s user + 0.000000s system = 3.750000s CPU (100.1%)

PHY-1001 : Current memory(MB): used = 558, reserve = 535, peak = 558.
PHY-1001 : End phase 1; 3.747946s wall, 3.750000s user + 0.000000s system = 3.750000s CPU (100.1%)

PHY-1001 : ===== Detail Route Phase 2 =====
PHY-1001 : Initial routing.....
PHY-1001 : Routed 28% nets.
PHY-1001 : Routed 34% nets.
PHY-1001 : Routed 41% nets.
PHY-1001 : Routed 53% nets.
PHY-1001 : Routed 74% nets.
PHY-1022 : len = 539240, over cnt = 120(0%), over = 120, worst = 1, crit = 0
PHY-1001 : Current memory(MB): used = 560, reserve = 537, peak = 561.
PHY-1001 : End initial routed; 4.727186s wall, 4.484375s user + 2.328125s system = 6.812500s CPU (144.1%)

PHY-1001 : Current memory(MB): used = 560, reserve = 537, peak = 561.
PHY-1001 : End phase 2; 4.727286s wall, 4.484375s user + 2.328125s system = 6.812500s CPU (144.1%)

PHY-1001 : ===== Detail Route Phase 3 =====
PHY-1001 : Ripup-reroute.....
PHY-1001 : ===== DR Iter 1 =====
PHY-1022 : len = 537272, over cnt = 15(0%), over = 15, worst = 1, crit = 0
PHY-1001 : End DR Iter 1; 0.080695s wall, 0.093750s user + 0.000000s system = 0.093750s CPU (116.2%)

PHY-1001 : ===== DR Iter 2 =====
PHY-1022 : len = 537336, over cnt = 3(0%), over = 3, worst = 1, crit = 0
PHY-1001 : End DR Iter 2; 0.034559s wall, 0.031250s user + 0.000000s system = 0.031250s CPU (90.4%)

PHY-1001 : ===== DR Iter 3 =====
PHY-1022 : len = 537400, over cnt = 0(0%), over = 0, worst = 0, crit = 0
PHY-1001 : End DR Iter 3; 0.025223s wall, 0.015625s user + 0.000000s system = 0.015625s CPU (61.9%)

PHY-1001 : Commit to database.....
PHY-1001 : 10 feed throughs used by 10 nets
PHY-1001 : End commit to database; 0.263014s wall, 0.265625s user + 0.000000s system = 0.265625s CPU (101.0%)

PHY-1001 : Current memory(MB): used = 582, reserve = 557, peak = 582.
PHY-1001 : End phase 3; 0.498241s wall, 0.500000s user + 0.015625s system = 0.515625s CPU (103.5%)

PHY-1003 : Routed, final wirelength = 537400
PHY-1001 : Current memory(MB): used = 583, reserve = 558, peak = 583.
PHY-1001 : End export database. 0.011178s wall, 0.015625s user + 0.000000s system = 0.015625s CPU (139.8%)

PHY-1001 : End detail routing;  11.295118s wall, 11.000000s user + 2.390625s system = 13.390625s CPU (118.6%)

RUN-1003 : finish command "route" in  12.081521s wall, 11.750000s user + 2.593750s system = 14.343750s CPU (118.7%)

RUN-1004 : used memory is 503 MB, reserved memory is 481 MB, peak memory is 583 MB
RUN-1002 : start command "report_area -io_info -file ES8388_phy.area"
RUN-1001 : standard
***Report Model: audio_speak Device: EG4S20BG256***

IO Statistics
#IO                        51
  #input                   19
  #output                  28
  #inout                    4

Utilization Statistics
#lut                     2544   out of  19600   12.98%
#reg                      928   out of  19600    4.73%
#le                      2862
  #lut only              1934   out of   2862   67.58%
  #reg only               318   out of   2862   11.11%
  #lut&reg                610   out of   2862   21.31%
#dsp                       24   out of     29   82.76%
#bram                       0   out of     64    0.00%
  #bram9k                   0
  #fifo9k                   0
#bram32k                    0   out of     16    0.00%
#pad                       51   out of    188   27.13%
  #ireg                     8
  #oreg                    20
  #treg                     4
#pll                        4   out of      4  100.00%
#gclk                      11   out of     16   68.75%

Clock Resource Statistics
Index     ClockNet                                            Type               DriverType         Driver                                                           Fanout
#1        sys_clk_dup_1                                       GCLK               io                 sys_clk_syn_2.di                                                 267
#2        aud_bclk_1_dup_1                                    GCLK               io                 aud_bclk_1_syn_2.di                                              46
#3        aud_bclk_3_dup_1                                    GCLK               io                 aud_bclk_3_syn_2.di                                              46
#4        aud_bclk_2_dup_1                                    GCLK               io                 aud_bclk_2_syn_2.di                                              44
#5        aud_bclk_dup_1                                      GCLK               io                 aud_bclk_syn_2.di                                                44
#6        u1_es8388_ctrl/u_es8388_config/u_i2c_dri/dri_clk    GCLK               lslice             u1_es8388_ctrl/u_es8388_config/u_i2c_dri/dri_clk_reg_syn_9.q1    40
#7        u2_es8388_ctrl/u_es8388_config/u_i2c_dri/dri_clk    GCLK               lslice             u2_es8388_ctrl/u_es8388_config/u_i2c_dri/dri_clk_reg_syn_9.q1    40
#8        u3_es8388_ctrl/u_es8388_config/u_i2c_dri/dri_clk    GCLK               lslice             u3_es8388_ctrl/u_es8388_config/u_i2c_dri/dri_clk_reg_syn_9.q1    40
#9        aud_mclk_1_dup_1                                    GCLK               pll                u1_pll_clk/pll_inst.clkc1                                        0
#10       aud_mclk_2_dup_1                                    GCLK               pll                u2_pll_clk/pll_inst.clkc1                                        0
#11       aud_mclk_3_dup_1                                    GCLK               pll                u3_pll_clk/pll_inst.clkc1                                        0
#12       aud_mclk_dup_1                                      GCLK               pll                u_pll_clk/pll_inst.clkc1                                         0
#13       u1_pll_clk/clk0_buf                                 GCLK               pll                u1_pll_clk/pll_inst.clkc0                                        0
#14       u2_pll_clk/clk0_buf                                 GCLK               pll                u2_pll_clk/pll_inst.clkc0                                        0
#15       u3_pll_clk/clk0_buf                                 GCLK               pll                u3_pll_clk/pll_inst.clkc0                                        0
#16       u_pll_clk/clk0_buf                                  GCLK               pll                u_pll_clk/pll_inst.clkc0                                         0


Detailed IO Report

      Name        Direction    Location    IOStandard    DriveStrength    PullType     PackReg   
   aud_adcdat       INPUT        R14        LVCMOS25          N/A          PULLUP       IREG     
  aud_adcdat_1      INPUT        G16        LVCMOS25          N/A          PULLUP       IREG     
  aud_adcdat_2      INPUT         E7        LVCMOS25          N/A          PULLUP       IREG     
  aud_adcdat_3      INPUT         L4        LVCMOS25          N/A          PULLUP       IREG     
    aud_bclk        INPUT         M6        LVCMOS25          N/A          PULLUP       NONE     
   aud_bclk_1       INPUT        G14        LVCMOS25          N/A          PULLUP       NONE     
   aud_bclk_2       INPUT         D5        LVCMOS25          N/A          PULLUP       NONE     
   aud_bclk_3       INPUT         H5        LVCMOS25          N/A          PULLUP       NONE     
    aud_lrc         INPUT         M7        LVCMOS25          N/A          PULLUP       IREG     
   aud_lrc_1        INPUT        H16        LVCMOS25          N/A          PULLUP       IREG     
   aud_lrc_2        INPUT         C6        LVCMOS25          N/A          PULLUP       IREG     
   aud_lrc_3        INPUT         K6        LVCMOS25          N/A          PULLUP       IREG     
    sys_clk         INPUT         R7        LVCMOS25          N/A          PULLUP       NONE     
   sys_rst_n        INPUT         E3        LVCMOS25          N/A          PULLUP       NONE     
  sys_rst_n_1       INPUT         F2        LVCMOS25          N/A           N/A         NONE     
  sys_rst_n_2       INPUT         N3        LVCMOS25          N/A           N/A         NONE     
  sys_rst_n_3       INPUT         A8        LVCMOS25          N/A           N/A         NONE     
   volume[1]        INPUT        B10        LVCMOS25          N/A          PULLUP       NONE     
   volume[0]        INPUT        A10        LVCMOS25          N/A          PULLUP       NONE     
   aud_dacdat      OUTPUT         P6        LVCMOS25           8            NONE        OREG     
  aud_dacdat_1     OUTPUT        H14        LVCMOS25           8            NONE        OREG     
  aud_dacdat_2     OUTPUT         E6        LVCMOS25           8            NONE        OREG     
  aud_dacdat_3     OUTPUT         K3        LVCMOS25           8            NONE        OREG     
    aud_mclk       OUTPUT         N5        LVCMOS25           8            NONE        NONE     
   aud_mclk_1      OUTPUT        F14        LVCMOS25           8            NONE        NONE     
   aud_mclk_2      OUTPUT         F6        LVCMOS25           8            NONE        NONE     
   aud_mclk_3      OUTPUT         H4        LVCMOS25           8            NONE        NONE     
    aud_scl        OUTPUT        R12        LVCMOS25           8            NONE        OREG     
   aud_scl_1       OUTPUT        D14        LVCMOS25           8            NONE        OREG     
   aud_scl_2       OUTPUT         A2        LVCMOS25           8            NONE        OREG     
   aud_scl_3       OUTPUT         G3        LVCMOS25           8            NONE        OREG     
     ilaclk        OUTPUT         M9        LVCMOS25           8            NONE        NONE     
    ilaclk_1       OUTPUT        L16        LVCMOS25           8            NONE        NONE     
    ilaclk_2       OUTPUT         D3        LVCMOS25           8            NONE        NONE     
    ilaclk_3       OUTPUT        K15        LVCMOS25           8            NONE        NONE     
      led          OUTPUT        F12        LVCMOS25           8            N/A         NONE     
     led_1         OUTPUT         E4        LVCMOS25           8            N/A         NONE     
     led_2         OUTPUT         J6        LVCMOS25           8            N/A         NONE     
     led_3         OUTPUT        J16        LVCMOS25           8            N/A         NONE     
   led_eight       OUTPUT        B14        LVCMOS25           8            NONE        OREG     
    led_five       OUTPUT        E16        LVCMOS25           8            NONE        OREG     
    led_four       OUTPUT        B15        LVCMOS25           8            NONE        OREG     
    led_one        OUTPUT        F16        LVCMOS25           8            NONE        OREG     
   led_seven       OUTPUT        B16        LVCMOS25           8            NONE        OREG     
    led_six        OUTPUT        C16        LVCMOS25           8            NONE        OREG     
    led_tree       OUTPUT        C15        LVCMOS25           8            NONE        OREG     
    led_two        OUTPUT        E13        LVCMOS25           8            NONE        OREG     
    aud_sda         INOUT         R9        LVCMOS25           8           PULLUP     OREG;TREG  
   aud_sda_1        INOUT        E15        LVCMOS25           8           PULLUP     OREG;TREG  
   aud_sda_2        INOUT         C3        LVCMOS25           8           PULLUP     OREG;TREG  
   aud_sda_3        INOUT         F3        LVCMOS25           8           PULLUP     OREG;TREG  

Report Hierarchy Area:
+--------------------------------------------------------------------------------------------------------+
|Instance                   |Module                 |le     |lut     |ripple  |seq     |bram    |dsp     |
+--------------------------------------------------------------------------------------------------------+
|top                        |audio_speak            |2862   |1804    |740     |960     |0       |24      |
|  u1_es8388_ctrl           |es8388_ctrl            |270    |224     |25      |138     |0       |0       |
|    u_audio_receive        |audio_receive          |84     |52      |12      |54      |0       |0       |
|    u_audio_send           |audio_send             |20     |20      |0       |19      |0       |0       |
|    u_es8388_config        |es8388_config          |166    |152     |13      |65      |0       |0       |
|      u_i2c_dri            |i2c_dri                |111    |105     |5       |41      |0       |0       |
|      u_i2c_reg_cfg        |i2c_reg_cfg            |55     |47      |8       |24      |0       |0       |
|  u1_pll_clk               |clk_wiz_0              |1      |1       |0       |0       |0       |0       |
|  u2_es8388_ctrl           |es8388_ctrl            |274    |224     |25      |143     |0       |0       |
|    u_audio_receive        |audio_receive          |84     |57      |12      |53      |0       |0       |
|    u_audio_send           |audio_send             |21     |14      |0       |21      |0       |0       |
|    u_es8388_config        |es8388_config          |169    |153     |13      |69      |0       |0       |
|      u_i2c_dri            |i2c_dri                |111    |103     |5       |41      |0       |0       |
|      u_i2c_reg_cfg        |i2c_reg_cfg            |58     |50      |8       |28      |0       |0       |
|  u2_pll_clk               |clk_wiz_0              |1      |1       |0       |0       |0       |0       |
|  u3_es8388_ctrl           |es8388_ctrl            |277    |212     |25      |145     |0       |0       |
|    u_audio_receive        |audio_receive          |93     |58      |12      |56      |0       |0       |
|    u_audio_send           |audio_send             |23     |8       |0       |22      |0       |0       |
|    u_es8388_config        |es8388_config          |161    |146     |13      |67      |0       |0       |
|      u_i2c_dri            |i2c_dri                |104    |97      |5       |41      |0       |0       |
|      u_i2c_reg_cfg        |i2c_reg_cfg            |57     |49      |8       |26      |0       |0       |
|  u3_pll_clk               |clk_wiz_0              |1      |1       |0       |0       |0       |0       |
|  u_es8388_ctrl            |es8388_ctrl            |345    |247     |53      |154     |0       |0       |
|    u_audio_receive        |audio_receive          |93     |59      |12      |54      |0       |0       |
|    u_audio_send           |audio_send             |79     |35      |28      |30      |0       |0       |
|    u_es8388_config        |es8388_config          |173    |153     |13      |70      |0       |0       |
|      u_i2c_dri            |i2c_dri                |116    |105     |5       |44      |0       |0       |
|      u_i2c_reg_cfg        |i2c_reg_cfg            |57     |48      |8       |26      |0       |0       |
|  u_pll_clk                |clk_wiz_0              |1      |1       |0       |0       |0       |0       |
|  u_spar_4mic_localization |spar_4mic_localization |1642   |881     |600     |316     |0       |24      |
+--------------------------------------------------------------------------------------------------------+


DataNet Average Fanout:

   Index     Fanout     Nets  
    #1          1       2323  
    #2          2       577   
    #3          3       314   
    #4          4        35   
    #5        5-10      402   
    #6        11-50      95   
    #7       51-100      4    
    #8       101-500     5    
  Average     2.54            

RUN-1002 : start command "export_db ES8388_pr.db"
RUN-1001 : Exported /
RUN-1001 : Exported flow parameters
RUN-1001 : Exported libs
RUN-1001 : Exported entities
RUN-1001 : Exported ports
RUN-1001 : Exported pins
RUN-1001 : Exported instances
RUN-1001 : Exported nets
RUN-1001 : Exported buses
RUN-1001 : Exported models
RUN-1001 : Exported congestions
RUN-1001 : Exported violations
RUN-1001 : Exported IO constraints
RUN-1001 : Exported Inst constraints
RUN-1002 : start command "export_bid ES8388_inst.bid"
RUN-1002 : start command "bitgen -bit ES8388.bit -unused_io_status pulldown"
BIT-1003 : Start to generate bitstream. 
BIT-1002 : Bitgen processed 137 unused pads, reserve input tri_state with pulldown
BIT-1002 : Init instances with 16 threads.
BIT-1002 : Init instances completely, inst num: 1691
BIT-1002 : Init pips with 16 threads.
BIT-1002 : Init pips completely, net num: 3825, pip num: 35316
BIT-1002 : Init feedthrough with 16 threads.
BIT-1002 : Init feedthrough completely, num: 10
BIT-1003 : Multithreading accelaration with 16 threads.
BIT-1003 : Generate bitstream completely, there are 2549 valid insts, and 96677 bits set as '1'.
BIT-1004 : PLL setting string = 1111
BIT-1004 : Generate bits file ES8388.bit.
RUN-1003 : finish command "bitgen -bit ES8388.bit -unused_io_status pulldown" in  2.440279s wall, 27.609375s user + 0.984375s system = 28.593750s CPU (1171.7%)

RUN-1004 : used memory is 506 MB, reserved memory is 486 MB, peak memory is 701 MB
RUN-1002 : start command "backup_run_log run.log ../.logs/phy_1/td_20251026_104246.log"
