============================================================
   Tang Dynasty, V5.6.71036
      Copyright (c) 2012-2023 Anlogic Inc.
   Executable = D:/TD/bin/td.exe
   Built at =   20:34:38 Mar 21 2023
   Run by =     lyw15
   Run Date =   Fri Oct 31 22:30:29 2025

   Run on =     -001
============================================================
RUN-1002 : start command "open_project ES8388.prj"
RUN-1001 : Print Global Property
RUN-1001 : ---------------------------------------------------------------
RUN-1001 :        Parameters        |  Settings  |  Default Values  |  Note  
RUN-1001 : ---------------------------------------------------------------
RUN-1001 :          message         |  standard  |     standard     |        
RUN-1001 :   mixed_pack_place_flow  |     on     |        on        |        
RUN-1001 :        qor_monitor       |    off     |       off        |        
RUN-1001 :        syn_ip_flow       |    off     |       off        |        
RUN-1001 :          thread          |    auto    |       auto       |        
RUN-1001 : ---------------------------------------------------------------
RUN-1001 : Print Design Property
RUN-1001 : --------------------------------------------------------------
RUN-1001 :        Parameters       |  Settings  |  Default Values  |  Note  
RUN-1001 : --------------------------------------------------------------
RUN-1001 :   default_reg_initial   |    auto    |       auto       |        
RUN-1001 :        infer_add        |     on     |        on        |        
RUN-1001 :        infer_fsm        |    off     |       off        |        
RUN-1001 :        infer_mult       |     on     |        on        |        
RUN-1001 :        infer_ram        |     on     |        on        |        
RUN-1001 :        infer_reg        |     on     |        on        |        
RUN-1001 :   infer_reg_init_value  |     on     |        on        |        
RUN-1001 :        infer_rom        |     on     |        on        |        
RUN-1001 :      infer_shifter      |     on     |        on        |        
RUN-1001 : --------------------------------------------------------------
RUN-1001 : Print Rtl Property
RUN-1001 : --------------------------------------------------------------
RUN-1001 :        Parameters       |  Settings  |  Default Values  |  Note  
RUN-1001 : --------------------------------------------------------------
RUN-1001 :       compress_add      |   ripple   |      ripple      |        
RUN-1001 :        elf_sload        |    off     |       off        |        
RUN-1001 :       fix_undriven      |     0      |        0         |        
RUN-1001 :         flatten         |    off     |       off        |        
RUN-1001 :       gate_sharing      |     on     |        on        |        
RUN-1001 :    hdl_warning_level    |   normal   |      normal      |        
RUN-1001 :   impl_internal_tribuf  |     on     |        on        |        
RUN-1001 :      impl_set_reset     |     on     |        on        |        
RUN-1001 :        infer_gsr        |    off     |       off        |        
RUN-1001 :      keep_hierarchy     |    auto    |       auto       |        
RUN-1001 :        max_fanout       |    9999    |       9999       |        
RUN-1001 :      max_oh2bin_len     |     10     |        10        |        
RUN-1001 :       merge_equal       |     on     |        on        |        
RUN-1001 :       merge_equiv       |     on     |        on        |        
RUN-1001 :        merge_mux        |    off     |       off        |        
RUN-1001 :     min_control_set     |     8      |        8         |        
RUN-1001 :      min_ripple_len     |    auto    |       auto       |        
RUN-1001 :       oh2bin_ratio      |    0.08    |       0.08       |        
RUN-1001 :     opt_adder_fanout    |     on     |        on        |        
RUN-1001 :        opt_arith        |     on     |        on        |        
RUN-1001 :       opt_big_gate      |    off     |       off        |        
RUN-1001 :        opt_const        |     on     |        on        |        
RUN-1001 :      opt_const_mult     |     on     |        on        |        
RUN-1001 :       opt_lessthan      |     on     |        on        |        
RUN-1001 :         opt_mux         |    off     |       off        |        
RUN-1001 :         opt_ram         |    high    |       high       |        
RUN-1001 :      rtl_sim_model      |    off     |       off        |        
RUN-1001 :         seq_syn         |     on     |        on        |        
RUN-1001 : --------------------------------------------------------------
HDL-1007 : analyze verilog file ../../al_ip/clk_wiz_0.v
HDL-1007 : undeclared symbol 'open', assumed default net type 'wire' in ../../al_ip/clk_wiz_0.v(80)
HDL-1007 : analyze verilog file ../../../RTL/audio_receive.v
HDL-1007 : analyze verilog file ../../../RTL/audio_send.v
HDL-1007 : analyze verilog file ../../../RTL/audio_speak.v
HDL-1007 : analyze verilog file ../../../RTL/es8388_config.v
HDL-1007 : analyze verilog file ../../../RTL/es8388_ctrl.v
HDL-1007 : analyze verilog file ../../../RTL/i2c_dri.v
HDL-1007 : analyze verilog file ../../../RTL/i2c_reg_cfg.v
HDL-1007 : analyze verilog file ../../../RTL/spar_4mic_localization.v
HDL-1007 : analyze verilog file ../../../RTL/noise_suppress.v
HDL-1007 : analyze verilog file ../../../RTL/pitch_shift.v
HDL-5007 WARNING: loop variable declaration is not allowed in this mode of Verilog in ../../../RTL/pitch_shift.v(30)
HDL-1007 : analyze verilog file ../../../RTL/simple_denoise.v
RUN-1001 : Project manager successfully analyzed 12 source files.
RUN-1002 : start command "import_device eagle_s20.db -package EG4S20BG256"
ARC-1001 : Device Initialization.
ARC-1001 : ------------------------------------------------------------------
ARC-1001 :            OPTION            |          IO          |   SETTING   
ARC-1001 : ------------------------------------------------------------------
ARC-1001 :   cso_b/cclk/mosi/miso/dout  |  T3/R11/T10/P10/S11  |    gpio    
ARC-1001 :             done             |         P13          |    gpio    
ARC-1001 :           program_b          |          T2          |  dedicate  
ARC-1001 :        tdi/tms/tck/tdo       |   C12/A15/C14/E14    |  dedicate  
ARC-1001 : ------------------------------------------------------------------
ARC-1004 : Device setting, marked 5 dedicate IOs in total.
RUN-1002 : start command "import_db ../syn_1/ES8388_gate.db"
RUN-1001 : Importing database generated by Tang Dynasty, V5.6.71036.
RUN-1001 : Database version number 46146.
RUN-1001 : Import flow parameters
RUN-1001 : Import IO constraints
RUN-1001 : Import Inst constraints
RUN-1001 : Import design success TD_VERSION=5.6.71036 , DB_VERSION=46146
RUN-1002 : start command "place"
RUN-1001 : Open license file D:/TD/license/Anlogic.lic
RUN-1001 : Print Global Property
RUN-1001 : ---------------------------------------------------------------
RUN-1001 :        Parameters        |  Settings  |  Default Values  |  Note  
RUN-1001 : ---------------------------------------------------------------
RUN-1001 :          message         |  standard  |     standard     |        
RUN-1001 :   mixed_pack_place_flow  |     on     |        on        |        
RUN-1001 :        qor_monitor       |    off     |       off        |        
RUN-1001 :        syn_ip_flow       |    off     |       off        |        
RUN-1001 :          thread          |    auto    |       auto       |        
RUN-1001 : ---------------------------------------------------------------
RUN-1001 : Print Place Property
RUN-1001 : --------------------------------------------------------------
RUN-1001 :        Parameters       |  Settings  |  Default Values  |  Note  
RUN-1001 : --------------------------------------------------------------
RUN-1001 :      detailed_place     |     on     |        on        |        
RUN-1001 :          effort         |   medium   |      medium      |        
RUN-1001 :         fix_hold        |    off     |       off        |        
RUN-1001 :       legalization      |    ori     |       ori        |        
RUN-1001 :      new_spreading      |     on     |        on        |        
RUN-1001 :        opt_timing       |   medium   |      medium      |        
RUN-1001 :   post_clock_route_opt  |    off     |       off        |        
RUN-1001 :       pr_strategy       |     1      |        1         |        
RUN-1001 :        relaxation       |    1.00    |       1.00       |        
RUN-1001 :         retiming        |    off     |       off        |        
RUN-1001 : --------------------------------------------------------------
PHY-3001 : Placer runs in 24 thread(s).
RUN-1002 : start command "legalize_phy_inst"
SYN-1011 : Flatten model audio_speak
RUN-1002 : start command "phys_opt -simplify_lut"
SYN-4016 : Net ilaclk_1_dup_1 driven by BUFG (0 clock/control pins, 2 other pins).
SYN-4016 : Net ilaclk_2_dup_1 driven by BUFG (0 clock/control pins, 2 other pins).
SYN-4016 : Net ilaclk_3_dup_1 driven by BUFG (0 clock/control pins, 2 other pins).
SYN-4016 : Net ilaclk_dup_1 driven by BUFG (0 clock/control pins, 2 other pins).
SYN-4027 : Net aud_mclk_1_dup_1 is clkc1 of pll u1_pll_clk/pll_inst.
SYN-4019 : Net sys_clk_dup_1 is refclk of pll u1_pll_clk/pll_inst.
SYN-4020 : Net sys_clk_dup_1 is fbclk of pll u1_pll_clk/pll_inst.
SYN-4027 : Net aud_mclk_2_dup_1 is clkc1 of pll u2_pll_clk/pll_inst.
SYN-4019 : Net sys_clk_dup_1 is refclk of pll u2_pll_clk/pll_inst.
SYN-4020 : Net sys_clk_dup_1 is fbclk of pll u2_pll_clk/pll_inst.
SYN-4027 : Net aud_mclk_3_dup_1 is clkc1 of pll u3_pll_clk/pll_inst.
SYN-4019 : Net sys_clk_dup_1 is refclk of pll u3_pll_clk/pll_inst.
SYN-4020 : Net sys_clk_dup_1 is fbclk of pll u3_pll_clk/pll_inst.
SYN-4027 : Net aud_mclk_dup_1 is clkc1 of pll u_pll_clk/pll_inst.
SYN-4019 : Net sys_clk_dup_1 is refclk of pll u_pll_clk/pll_inst.
SYN-4020 : Net sys_clk_dup_1 is fbclk of pll u_pll_clk/pll_inst.
SYN-4024 : Net "aud_bclk_2_dup_1" drives clk pins.
SYN-4024 : Net "aud_bclk_dup_1" drives clk pins.
SYN-4024 : Net "aud_bclk_1_dup_1" drives clk pins.
SYN-4024 : Net "aud_bclk_3_dup_1" drives clk pins.
SYN-4024 : Net "u1_es8388_ctrl/u_es8388_config/u_i2c_dri/dri_clk" drives clk pins.
SYN-4024 : Net "u2_es8388_ctrl/u_es8388_config/u_i2c_dri/dri_clk" drives clk pins.
SYN-4024 : Net "u3_es8388_ctrl/u_es8388_config/u_i2c_dri/dri_clk" drives clk pins.
SYN-7503 WARNING: Net "u_es8388_ctrl/u_es8388_config/u_i2c_dri/dri_clk" drives clk pins. However it will not be tagged as clk net, for there's no more slots.
SYN-4025 : Tag rtl::Net aud_bclk_1_dup_1 as clock net
SYN-4025 : Tag rtl::Net aud_bclk_2_dup_1 as clock net
SYN-4025 : Tag rtl::Net aud_bclk_3_dup_1 as clock net
SYN-4025 : Tag rtl::Net aud_bclk_dup_1 as clock net
SYN-4025 : Tag rtl::Net aud_mclk_1_dup_1 as clock net
SYN-4025 : Tag rtl::Net aud_mclk_2_dup_1 as clock net
SYN-4025 : Tag rtl::Net aud_mclk_3_dup_1 as clock net
SYN-4025 : Tag rtl::Net aud_mclk_dup_1 as clock net
SYN-4025 : Tag rtl::Net ilaclk_1_dup_1 as clock net
SYN-4025 : Tag rtl::Net ilaclk_2_dup_1 as clock net
SYN-4025 : Tag rtl::Net ilaclk_3_dup_1 as clock net
SYN-4025 : Tag rtl::Net ilaclk_dup_1 as clock net
SYN-4025 : Tag rtl::Net sys_clk_dup_1 as clock net
SYN-4025 : Tag rtl::Net u1_es8388_ctrl/u_es8388_config/u_i2c_dri/dri_clk as clock net
SYN-4025 : Tag rtl::Net u2_es8388_ctrl/u_es8388_config/u_i2c_dri/dri_clk as clock net
SYN-4025 : Tag rtl::Net u3_es8388_ctrl/u_es8388_config/u_i2c_dri/dri_clk as clock net
SYN-4026 : Tagged 16 rtl::Net as clock net
SYN-4015 : Create BUFG instance for clk Net aud_bclk_2_dup_1 to drive 83 clock pins.
SYN-4015 : Create BUFG instance for clk Net aud_bclk_1_dup_1 to drive 80 clock pins.
SYN-4015 : Create BUFG instance for clk Net aud_bclk_3_dup_1 to drive 80 clock pins.
SYN-4015 : Create BUFG instance for clk Net aud_bclk_dup_1 to drive 80 clock pins.
SYN-4015 : Create BUFG instance for clk Net u1_es8388_ctrl/u_es8388_config/u_i2c_dri/dri_clk to drive 59 clock pins.
SYN-4015 : Create BUFG instance for clk Net u2_es8388_ctrl/u_es8388_config/u_i2c_dri/dri_clk to drive 59 clock pins.
SYN-4015 : Create BUFG instance for clk Net u3_es8388_ctrl/u_es8388_config/u_i2c_dri/dri_clk to drive 59 clock pins.
PHY-1001 : Populate physical database on model audio_speak.
RUN-1001 : There are total 13990 instances
RUN-0007 : 5774 luts, 7232 seqs, 593 mslices, 317 lslices, 54 pads, 0 brams, 2 dsps
RUN-1001 : There are total 15987 nets
RUN-1001 : 13689 nets have 2 pins
RUN-1001 : 1511 nets have [3 - 5] pins
RUN-1001 : 294 nets have [6 - 10] pins
RUN-1001 : 137 nets have [11 - 20] pins
RUN-1001 : 312 nets have [21 - 99] pins
RUN-1001 : 44 nets have 100+ pins
RUN-1001 : Report Control nets information:
RUN-1001 : DFF Distribution
RUN-1001 : ----------------------------------
RUN-1001 :   CE   |  SSR  |  ASR  |  DFF Count  
RUN-1001 : ----------------------------------
RUN-1001 :   No   |  No   |  No   |     24      
RUN-1001 :   No   |  No   |  Yes  |     671     
RUN-1001 :   No   |  Yes  |  No   |     27      
RUN-1001 :   Yes  |  No   |  No   |      0      
RUN-1001 :   Yes  |  No   |  Yes  |    6478     
RUN-1001 :   Yes  |  Yes  |  No   |     32      
RUN-1001 : ----------------------------------
RUN-0007 : Control Group Statistic
RUN-0007 : ---------------------------
RUN-0007 :   #CLK  |  #CE  |  #SSR/ASR  
RUN-0007 : ---------------------------
RUN-0007 :    9    |  278  |     11     
RUN-0007 : ---------------------------
RUN-0007 : Control Set = 293
PHY-3001 : Initial placement ...
PHY-3001 : design contains 13988 instances, 5774 luts, 7232 seqs, 910 slices, 188 macros(910 instances: 593 mslices 317 lslices)
PHY-3001 : Huge net led_dup_1 with 6372 pins
PHY-3001 : Huge net u_pitch_shift/read_ptr[1] with 3077 pins
PHY-3001 : Huge net u_pitch_shift/read_ptr[0] with 1621 pins
PHY-0007 : Cell area utilization is 38%
PHY-3001 : Global placement ...
PHY-3001 : Initial: Len = 2.84515e+06
PHY-3001 : Clustering ...
PHY-3001 : Level 0 #clusters 13988.
PHY-3001 : Level 1 #clusters 1460.
PHY-3001 : End clustering;  0.085232s wall, 0.046875s user + 0.031250s system = 0.078125s CPU (91.7%)

PHY-3001 : Run with size of 4
PHY-3001 : Cell area utilization is 38%
PHY-3001 : :::0::: Try harder cell spreading with beta_ = 0
PHY-3002 : Step(1): len = 596310, overlap = 253.406
PHY-3002 : Step(2): len = 533255, overlap = 329.062
PHY-3002 : Step(3): len = 375105, overlap = 524.219
PHY-3002 : Step(4): len = 340529, overlap = 566.5
PHY-3002 : Step(5): len = 262963, overlap = 698.625
PHY-3002 : Step(6): len = 234553, overlap = 757.75
PHY-3002 : Step(7): len = 189646, overlap = 863.094
PHY-3002 : Step(8): len = 167849, overlap = 916.031
PHY-3002 : Step(9): len = 138573, overlap = 971
PHY-3002 : Step(10): len = 123573, overlap = 1022.47
PHY-3002 : Step(11): len = 104408, overlap = 1063.94
PHY-3002 : Step(12): len = 93911, overlap = 1100.47
PHY-3002 : Step(13): len = 82145.5, overlap = 1127.31
PHY-3002 : Step(14): len = 75738.4, overlap = 1148.16
PHY-3002 : Step(15): len = 67144.2, overlap = 1180.5
PHY-3001 : :::1::: Try harder cell spreading with beta_ = 3.05535e-07
PHY-3002 : Step(16): len = 74316.6, overlap = 1167.94
PHY-3002 : Step(17): len = 96178.2, overlap = 1124.81
PHY-3002 : Step(18): len = 92191, overlap = 1098.06
PHY-3002 : Step(19): len = 92735.6, overlap = 1063.38
PHY-3002 : Step(20): len = 89488.4, overlap = 1044.47
PHY-3002 : Step(21): len = 91817.9, overlap = 997.938
PHY-3002 : Step(22): len = 92833.9, overlap = 957.938
PHY-3002 : Step(23): len = 95465.1, overlap = 947.812
PHY-3002 : Step(24): len = 93139.2, overlap = 921.031
PHY-3002 : Step(25): len = 92542.2, overlap = 905.469
PHY-3002 : Step(26): len = 90362.2, overlap = 895.812
PHY-3002 : Step(27): len = 89667.4, overlap = 906.156
PHY-3002 : Step(28): len = 88845.9, overlap = 920.938
PHY-3002 : Step(29): len = 88081, overlap = 917.906
PHY-3002 : Step(30): len = 87655.3, overlap = 911.719
PHY-3002 : Step(31): len = 86830.5, overlap = 914.594
PHY-3002 : Step(32): len = 86052.1, overlap = 923.531
PHY-3002 : Step(33): len = 85334.8, overlap = 915.844
PHY-3002 : Step(34): len = 84730.4, overlap = 909.531
PHY-3002 : Step(35): len = 84235.5, overlap = 924.062
PHY-3002 : Step(36): len = 83810.5, overlap = 912.531
PHY-3002 : Step(37): len = 83390.4, overlap = 916.688
PHY-3002 : Step(38): len = 82637.4, overlap = 912.156
PHY-3002 : Step(39): len = 82023.4, overlap = 906.438
PHY-3001 : :::2::: Try harder cell spreading with beta_ = 6.1107e-07
PHY-3002 : Step(40): len = 86188.4, overlap = 909.25
PHY-3002 : Step(41): len = 90128.8, overlap = 900.812
PHY-3002 : Step(42): len = 90666.1, overlap = 861.781
PHY-3002 : Step(43): len = 90571.2, overlap = 861.688
PHY-3002 : Step(44): len = 90496.1, overlap = 868.562
PHY-3001 : :::3::: Try harder cell spreading with beta_ = 1.22214e-06
PHY-3002 : Step(45): len = 97186.4, overlap = 814.156
PHY-3002 : Step(46): len = 108204, overlap = 761.469
PHY-3002 : Step(47): len = 111765, overlap = 743.5
PHY-3002 : Step(48): len = 113827, overlap = 707.438
PHY-3002 : Step(49): len = 114006, overlap = 692.031
PHY-3002 : Step(50): len = 114154, overlap = 695.5
PHY-3002 : Step(51): len = 113535, overlap = 695.812
PHY-3002 : Step(52): len = 112924, overlap = 704.969
PHY-3002 : Step(53): len = 111753, overlap = 715.938
PHY-3002 : Step(54): len = 111092, overlap = 719.062
PHY-3002 : Step(55): len = 110579, overlap = 724.031
PHY-3001 : :::4::: Try harder cell spreading with beta_ = 2.44428e-06
PHY-3002 : Step(56): len = 121459, overlap = 702.312
PHY-3002 : Step(57): len = 129031, overlap = 569.875
PHY-3002 : Step(58): len = 131792, overlap = 485.312
PHY-3002 : Step(59): len = 132613, overlap = 461.094
PHY-3002 : Step(60): len = 132062, overlap = 425.875
PHY-3002 : Step(61): len = 131986, overlap = 429.062
PHY-3002 : Step(62): len = 131718, overlap = 442.156
PHY-3001 : :::5::: Try harder cell spreading with beta_ = 4.88856e-06
PHY-3002 : Step(63): len = 144600, overlap = 382.312
PHY-3002 : Step(64): len = 153802, overlap = 339.094
PHY-3002 : Step(65): len = 156240, overlap = 263.531
PHY-3002 : Step(66): len = 156510, overlap = 260.656
PHY-3002 : Step(67): len = 154525, overlap = 267.875
PHY-3002 : Step(68): len = 153319, overlap = 293.375
PHY-3002 : Step(69): len = 152467, overlap = 301.656
PHY-3002 : Step(70): len = 152473, overlap = 293.375
PHY-3002 : Step(71): len = 151397, overlap = 276.938
PHY-3002 : Step(72): len = 151621, overlap = 279.562
PHY-3002 : Step(73): len = 151670, overlap = 299.531
PHY-3001 : :::6::: Try harder cell spreading with beta_ = 9.77712e-06
PHY-3002 : Step(74): len = 162162, overlap = 267.031
PHY-3002 : Step(75): len = 170375, overlap = 251.219
PHY-3002 : Step(76): len = 169902, overlap = 196.406
PHY-3002 : Step(77): len = 170767, overlap = 189.656
PHY-3002 : Step(78): len = 170283, overlap = 184.156
PHY-3002 : Step(79): len = 171501, overlap = 187.375
PHY-3002 : Step(80): len = 170766, overlap = 181.688
PHY-3002 : Step(81): len = 171872, overlap = 174.281
PHY-3002 : Step(82): len = 171541, overlap = 162.281
PHY-3002 : Step(83): len = 171830, overlap = 163.094
PHY-3002 : Step(84): len = 170870, overlap = 173.469
PHY-3001 : :::7::: Try harder cell spreading with beta_ = 1.95542e-05
PHY-3002 : Step(85): len = 180077, overlap = 129.281
PHY-3002 : Step(86): len = 187212, overlap = 110.281
PHY-3002 : Step(87): len = 186309, overlap = 108.281
PHY-3002 : Step(88): len = 186765, overlap = 121.062
PHY-3002 : Step(89): len = 186650, overlap = 113.906
PHY-3002 : Step(90): len = 187656, overlap = 122.594
PHY-3002 : Step(91): len = 187027, overlap = 118.188
PHY-3002 : Step(92): len = 187145, overlap = 123.344
PHY-3002 : Step(93): len = 187131, overlap = 122.469
PHY-3002 : Step(94): len = 187483, overlap = 129.281
PHY-3002 : Step(95): len = 186455, overlap = 127.781
PHY-3001 : :::8::: Try harder cell spreading with beta_ = 3.91085e-05
PHY-3002 : Step(96): len = 192834, overlap = 118.531
PHY-3002 : Step(97): len = 198205, overlap = 110.656
PHY-3002 : Step(98): len = 198239, overlap = 83.0312
PHY-3002 : Step(99): len = 198505, overlap = 81.8125
PHY-3002 : Step(100): len = 199778, overlap = 72.3438
PHY-3002 : Step(101): len = 200870, overlap = 74.5312
PHY-3002 : Step(102): len = 199585, overlap = 67.5938
PHY-3002 : Step(103): len = 199201, overlap = 65.2188
PHY-3002 : Step(104): len = 199554, overlap = 52.7188
PHY-3001 : :::9::: Try harder cell spreading with beta_ = 7.8217e-05
PHY-3002 : Step(105): len = 204942, overlap = 52.25
PHY-3002 : Step(106): len = 209553, overlap = 54.375
PHY-3002 : Step(107): len = 209785, overlap = 48.0625
PHY-3002 : Step(108): len = 210237, overlap = 47.25
PHY-3002 : Step(109): len = 211513, overlap = 44.5625
PHY-3002 : Step(110): len = 212462, overlap = 41.75
PHY-3002 : Step(111): len = 212563, overlap = 38.7812
PHY-3002 : Step(112): len = 212695, overlap = 39.9688
PHY-3002 : Step(113): len = 213376, overlap = 39.5938
PHY-3002 : Step(114): len = 214065, overlap = 35.9062
PHY-3002 : Step(115): len = 213912, overlap = 28.2812
PHY-3001 : :::10::: Try harder cell spreading with beta_ = 0.000147721
PHY-3002 : Step(116): len = 216616, overlap = 25.6875
PHY-3002 : Step(117): len = 220516, overlap = 33.25
PHY-3002 : Step(118): len = 222352, overlap = 36.5625
PHY-3002 : Step(119): len = 223889, overlap = 37.25
PHY-3002 : Step(120): len = 224980, overlap = 34.875
PHY-3002 : Step(121): len = 226047, overlap = 37
PHY-3002 : Step(122): len = 226204, overlap = 21.5625
PHY-3002 : Step(123): len = 226807, overlap = 23.4375
PHY-3002 : Step(124): len = 227254, overlap = 23.9375
PHY-3002 : Step(125): len = 227627, overlap = 25.5
PHY-3002 : Step(126): len = 227418, overlap = 28.5
PHY-3002 : Step(127): len = 227383, overlap = 28.4375
PHY-3002 : Step(128): len = 227616, overlap = 24.3125
PHY-3001 : :::11::: Try harder cell spreading with beta_ = 0.000295441
PHY-3002 : Step(129): len = 230169, overlap = 24.3125
PHY-3002 : Step(130): len = 235566, overlap = 23.1875
PHY-3002 : Step(131): len = 237266, overlap = 22.625
PHY-3002 : Step(132): len = 238719, overlap = 22.125
PHY-3002 : Step(133): len = 239344, overlap = 22.125
PHY-3002 : Step(134): len = 240305, overlap = 22.4375
PHY-3002 : Step(135): len = 240343, overlap = 19.1875
PHY-3002 : Step(136): len = 240535, overlap = 21
PHY-3002 : Step(137): len = 241344, overlap = 20.9375
PHY-3002 : Step(138): len = 242211, overlap = 20.4375
PHY-3002 : Step(139): len = 242099, overlap = 17
PHY-3002 : Step(140): len = 242087, overlap = 12.75
PHY-3002 : Step(141): len = 242361, overlap = 13.25
PHY-3002 : Step(142): len = 242470, overlap = 13.75
PHY-3002 : Step(143): len = 242063, overlap = 16.625
PHY-3001 : :::12::: Try harder cell spreading with beta_ = 0.00054238
PHY-3002 : Step(144): len = 243405, overlap = 16.75
PHY-3002 : Step(145): len = 245657, overlap = 14.125
PHY-3002 : Step(146): len = 246928, overlap = 10.9375
PHY-3002 : Step(147): len = 248487, overlap = 11.875
PHY-3002 : Step(148): len = 249955, overlap = 12
PHY-3002 : Step(149): len = 251364, overlap = 12
PHY-3002 : Step(150): len = 251688, overlap = 12.125
PHY-3002 : Step(151): len = 252245, overlap = 7.9375
PHY-3002 : Step(152): len = 253185, overlap = 6.6875
PHY-3002 : Step(153): len = 254033, overlap = 7.1875
PHY-3002 : Step(154): len = 254001, overlap = 7.4375
PHY-3002 : Step(155): len = 254116, overlap = 7.1875
PHY-3002 : Step(156): len = 254521, overlap = 7.1875
PHY-3002 : Step(157): len = 254951, overlap = 6.1875
PHY-3002 : Step(158): len = 254589, overlap = 8.4375
PHY-3002 : Step(159): len = 254503, overlap = 8.4375
PHY-3002 : Step(160): len = 254755, overlap = 9.25
PHY-3001 : :::13::: Try harder cell spreading with beta_ = 0.0009487
PHY-3002 : Step(161): len = 255792, overlap = 9.25
PHY-3002 : Step(162): len = 258926, overlap = 8.4375
PHY-3002 : Step(163): len = 260223, overlap = 9.25
PHY-3002 : Step(164): len = 261567, overlap = 10.3125
PHY-3002 : Step(165): len = 262513, overlap = 10.3125
PHY-3002 : Step(166): len = 263345, overlap = 9.4375
PHY-3002 : Step(167): len = 263533, overlap = 9.9375
PHY-3002 : Step(168): len = 263642, overlap = 9.9375
PHY-3002 : Step(169): len = 263802, overlap = 9.9375
PHY-3002 : Step(170): len = 263964, overlap = 9.6875
PHY-3002 : Step(171): len = 263946, overlap = 9.6875
PHY-3002 : Step(172): len = 263937, overlap = 9.9375
PHY-3002 : Step(173): len = 263929, overlap = 9.9375
PHY-3001 : Legalization ...
PHY-3001 : End legalization;  0.005021s wall, 0.000000s user + 0.000000s system = 0.000000s CPU (n/a%)

PHY-3001 : Run with size of 4
PHY-3001 : Cell area utilization is 45%
PHY-3001 : Analyzing congestion ...
RUN-1001 : Generating global routing grids ...
RUN-1001 : Building simple global routing graph ...
PHY-1001 : Generate routing nets ...
PHY-1001 : Reuse net number 0/15987.
PHY-1001 : Global iterations in 24 thread ...
PHY-1002 : len = 425304, over cnt = 1284(3%), over = 5758, worst = 40
PHY-1001 : End global iterations;  0.686397s wall, 0.578125s user + 0.218750s system = 0.796875s CPU (116.1%)

PHY-1001 : Congestion index: top1 = 57.52, top5 = 43.52, top10 = 37.83, top15 = 34.22.
PHY-3001 : End congestion estimation;  0.794252s wall, 0.671875s user + 0.218750s system = 0.890625s CPU (112.1%)

PHY-3001 : Update density targets...
PHY-3001 : Update congestion history...
PHY-3001 : :::0::: Try harder cell spreading with beta_ = 4.42484e-05
PHY-3002 : Step(174): len = 294099, overlap = 21.125
PHY-3002 : Step(175): len = 304336, overlap = 21.3438
PHY-3002 : Step(176): len = 304306, overlap = 25.125
PHY-3002 : Step(177): len = 289133, overlap = 27.375
PHY-3002 : Step(178): len = 284688, overlap = 26.5938
PHY-3002 : Step(179): len = 279617, overlap = 24.2812
PHY-3002 : Step(180): len = 271971, overlap = 24.5
PHY-3002 : Step(181): len = 266608, overlap = 24.125
PHY-3002 : Step(182): len = 263901, overlap = 24.0938
PHY-3002 : Step(183): len = 259746, overlap = 28.1875
PHY-3002 : Step(184): len = 259289, overlap = 30.75
PHY-3002 : Step(185): len = 259139, overlap = 32.625
PHY-3001 : :::1::: Try harder cell spreading with beta_ = 8.84968e-05
PHY-3002 : Step(186): len = 261693, overlap = 29.4062
PHY-3002 : Step(187): len = 262628, overlap = 31.8125
PHY-3002 : Step(188): len = 264527, overlap = 31.8438
PHY-3001 : :::2::: Try harder cell spreading with beta_ = 0.000175375
PHY-3002 : Step(189): len = 270373, overlap = 27.7188
PHY-3002 : Step(190): len = 283253, overlap = 25.7812
PHY-3002 : Step(191): len = 291972, overlap = 27.9688
PHY-3002 : Step(192): len = 295240, overlap = 27.7812
PHY-3002 : Step(193): len = 295929, overlap = 26.875
PHY-3002 : Step(194): len = 294984, overlap = 26.1562
PHY-3002 : Step(195): len = 291636, overlap = 25.5
PHY-3001 : Run with size of 2
PHY-3001 : Cell area utilization is 45%
PHY-3001 : Analyzing congestion ...
RUN-1001 : Generating global routing grids ...
PHY-1001 : Generate routing nets ...
PHY-1001 : Reuse net number 87/15987.
PHY-1001 : Global iterations in 24 thread ...
PHY-1002 : len = 438744, over cnt = 1811(5%), over = 9067, worst = 50
PHY-1001 : End global iterations;  0.838230s wall, 0.937500s user + 0.265625s system = 1.203125s CPU (143.5%)

PHY-1001 : Congestion index: top1 = 66.68, top5 = 52.92, top10 = 45.72, top15 = 41.27.
PHY-3001 : End congestion estimation;  0.963953s wall, 1.062500s user + 0.265625s system = 1.328125s CPU (137.8%)

PHY-3001 : Update density targets...
PHY-3001 : Update congestion history...
PHY-3001 : :::0::: Try harder cell spreading with beta_ = 3.94457e-05
PHY-3002 : Step(196): len = 269561, overlap = 154.312
PHY-3002 : Step(197): len = 271147, overlap = 146.781
PHY-3002 : Step(198): len = 270891, overlap = 124.656
PHY-3002 : Step(199): len = 263242, overlap = 113.375
PHY-3002 : Step(200): len = 258710, overlap = 104.625
PHY-3002 : Step(201): len = 259563, overlap = 96.5625
PHY-3002 : Step(202): len = 257937, overlap = 92.25
PHY-3002 : Step(203): len = 251616, overlap = 81.2812
PHY-3002 : Step(204): len = 247395, overlap = 76
PHY-3002 : Step(205): len = 247123, overlap = 74.5938
PHY-3002 : Step(206): len = 246291, overlap = 82.4688
PHY-3001 : :::1::: Try harder cell spreading with beta_ = 7.88914e-05
PHY-3002 : Step(207): len = 249681, overlap = 84
PHY-3002 : Step(208): len = 255902, overlap = 73.0938
PHY-3002 : Step(209): len = 259132, overlap = 72.9688
PHY-3002 : Step(210): len = 259011, overlap = 74.5625
PHY-3001 : :::2::: Try harder cell spreading with beta_ = 0.000157783
PHY-3002 : Step(211): len = 260077, overlap = 76.0312
PHY-3002 : Step(212): len = 263065, overlap = 67.2188
PHY-3002 : Step(213): len = 266660, overlap = 66
PHY-3002 : Step(214): len = 268053, overlap = 61.5312
OPT-1001 : Start physical optimization ...
OPT-1001 : Total overflow 363.12 peak overflow 4.00
OPT-1001 : Start high-fanout net optimization ...
OPT-1001 : Update timing in global mode
PHY-1001 : Start incremental global routing, caller is place ...
RUN-1001 : Generating global routing grids ...
PHY-1001 : Generate routing nets ...
PHY-1001 : Reuse net number 205/15987.
PHY-1001 : Global iterations in 24 thread ...
PHY-1002 : len = 437760, over cnt = 1984(5%), over = 7310, worst = 43
PHY-1001 : End global iterations;  1.392659s wall, 1.359375s user + 0.218750s system = 1.578125s CPU (113.3%)

PHY-1001 : Congestion index: top1 = 51.85, top5 = 41.81, top10 = 37.25, top15 = 34.57.
PHY-1001 : End incremental global routing;  1.535164s wall, 1.484375s user + 0.218750s system = 1.703125s CPU (110.9%)

RUN-1002 : start command "start_timer -report"
TMR-5001 WARNING: No sdc constraints found while initiating timer.
TMR-2505 : Start building timing graph for model audio_speak.
TMR-2506 : Build timing graph completely. Port num: 54, tpin num: 70804, tnet num: 14929, tinst num: 13988, tnode num: 99631, tedge num: 114778.
TMR-2508 : Levelizing timing graph completed, there are 43 levels in total.
TMR-2501 : Timing graph initialized successfully.
OPT-1001 : End timing update;  0.621800s wall, 0.546875s user + 0.046875s system = 0.593750s CPU (95.5%)

OPT-1001 : 0 high-fanout net processed.
OPT-1001 : End high-fanout net optimization;  2.363920s wall, 2.234375s user + 0.265625s system = 2.500000s CPU (105.8%)

OPT-1001 : Current memory(MB): used = 484, reserve = 463, peak = 484.
OPT-1001 : End physical optimization;  2.466861s wall, 2.359375s user + 0.312500s system = 2.671875s CPU (108.3%)

PHY-3001 : Start packing ...
SYN-4007 : Packing 0 MUX to BLE ...
SYN-4008 : Packed 0 MUX and 0 SEQ to BLE.
SYN-4007 : Packing 5774 LUT to BLE ...
SYN-4008 : Packed 5774 LUT and 553 SEQ to BLE.
SYN-4003 : Packing 6679 remaining SEQ's ...
SYN-4005 : Packed 4884 SEQ with LUT/SLICE
SYN-4006 : 440 single LUT's are left
SYN-4006 : 1795 single SEQ's are left
SYN-4011 : Packing model "audio_speak" (AL_USER_NORMAL) with 7569/8553 primitive instances ...
PHY-3001 : End packing;  0.955416s wall, 0.921875s user + 0.015625s system = 0.937500s CPU (98.1%)

PHY-1001 : Populate physical database on model audio_speak.
RUN-1001 : There are total 5723 instances
RUN-1001 : 2825 mslices, 2824 lslices, 54 pads, 0 brams, 2 dsps
RUN-1001 : There are total 15446 nets
RUN-1001 : 13079 nets have 2 pins
RUN-1001 : 1584 nets have [3 - 5] pins
RUN-1001 : 293 nets have [6 - 10] pins
RUN-1001 : 401 nets have [11 - 20] pins
RUN-1001 : 48 nets have [21 - 99] pins
RUN-1001 : 41 nets have 100+ pins
PHY-3001 : design contains 5721 instances, 5649 slices, 188 macros(910 instances: 593 mslices 317 lslices)
PHY-3001 : Huge net led_dup_1 with 4190 pins
PHY-3001 : Huge net u_pitch_shift/read_ptr[1] with 2143 pins
PHY-3001 : Huge net u_pitch_shift/read_ptr[0] with 1293 pins
PHY-3001 : Cell area utilization is 64%
PHY-3001 : After packing: Len = 296730, Over = 183.5
PHY-3001 : Run with size of 2
PHY-3001 : Cell area utilization is 64%
PHY-3001 : Analyzing congestion ...
RUN-1001 : Generating global routing grids ...
PHY-1001 : Generate routing nets ...
PHY-1001 : Reuse net number 5142/15446.
PHY-1001 : Global iterations in 24 thread ...
PHY-1002 : len = 475384, over cnt = 1992(5%), over = 5040, worst = 43
PHY-1002 : len = 500592, over cnt = 1245(3%), over = 2727, worst = 40
PHY-1002 : len = 531464, over cnt = 316(0%), over = 514, worst = 8
PHY-1002 : len = 536496, over cnt = 113(0%), over = 177, worst = 5
PHY-1002 : len = 540392, over cnt = 0(0%), over = 0, worst = 0
PHY-1001 : End global iterations;  1.600636s wall, 1.578125s user + 0.484375s system = 2.062500s CPU (128.9%)

PHY-1001 : Congestion index: top1 = 45.45, top5 = 39.68, top10 = 36.60, top15 = 34.59.
PHY-3001 : End congestion estimation;  1.824232s wall, 1.781250s user + 0.484375s system = 2.265625s CPU (124.2%)

PHY-3001 : Update density targets...
PHY-3001 : Update congestion history...
PHY-3001 : :::0::: Try harder cell spreading with beta_ = 1.87318e-05
PHY-3002 : Step(215): len = 276572, overlap = 183.25
PHY-3002 : Step(216): len = 276352, overlap = 184.5
PHY-3002 : Step(217): len = 268960, overlap = 195.75
PHY-3002 : Step(218): len = 258630, overlap = 212
PHY-3002 : Step(219): len = 258852, overlap = 215.25
PHY-3002 : Step(220): len = 259156, overlap = 224.75
PHY-3001 : :::1::: Try harder cell spreading with beta_ = 3.74637e-05
PHY-3002 : Step(221): len = 264737, overlap = 214.75
PHY-3002 : Step(222): len = 266698, overlap = 209
PHY-3002 : Step(223): len = 268426, overlap = 205.25
PHY-3001 : :::2::: Try harder cell spreading with beta_ = 7.49273e-05
PHY-3002 : Step(224): len = 275116, overlap = 191.75
PHY-3002 : Step(225): len = 277023, overlap = 187.5
PHY-3002 : Step(226): len = 278968, overlap = 177.25
PHY-3001 : Legalization ...
PHY-3001 : End legalization;  0.951462s wall, 1.140625s user + 1.890625s system = 3.031250s CPU (318.6%)

PHY-3001 : Trial Legalized: Len = 350454
PHY-3001 : Run with size of 2
PHY-3001 : Cell area utilization is 63%
PHY-3001 : Analyzing congestion ...
RUN-1001 : Generating global routing grids ...
PHY-1001 : Generate routing nets ...
PHY-1001 : Reuse net number 595/15446.
PHY-1001 : Global iterations in 24 thread ...
PHY-1002 : len = 527952, over cnt = 2004(5%), over = 3370, worst = 7
PHY-1002 : len = 542824, over cnt = 1099(3%), over = 1612, worst = 6
PHY-1002 : len = 553912, over cnt = 591(1%), over = 836, worst = 4
PHY-1002 : len = 560704, over cnt = 288(0%), over = 408, worst = 4
PHY-1002 : len = 567416, over cnt = 0(0%), over = 0, worst = 0
PHY-1001 : End global iterations;  1.968912s wall, 2.078125s user + 0.421875s system = 2.500000s CPU (127.0%)

PHY-1001 : Congestion index: top1 = 45.41, top5 = 39.91, top10 = 37.22, top15 = 35.49.
PHY-3001 : End congestion estimation;  2.234863s wall, 2.328125s user + 0.437500s system = 2.765625s CPU (123.7%)

PHY-3001 : Update density targets...
PHY-3001 : Update congestion history...
PHY-3001 : :::0::: Try harder cell spreading with beta_ = 5.72618e-05
PHY-3002 : Step(227): len = 308056, overlap = 45.25
PHY-3002 : Step(228): len = 296611, overlap = 82.75
PHY-3002 : Step(229): len = 289559, overlap = 104.5
PHY-3002 : Step(230): len = 287716, overlap = 120.75
PHY-3002 : Step(231): len = 287122, overlap = 124.5
PHY-3001 : :::1::: Try harder cell spreading with beta_ = 0.000114524
PHY-3002 : Step(232): len = 291827, overlap = 121
PHY-3002 : Step(233): len = 293791, overlap = 117.25
PHY-3002 : Step(234): len = 296369, overlap = 108.25
PHY-3001 : :::2::: Try harder cell spreading with beta_ = 0.000229047
PHY-3002 : Step(235): len = 300025, overlap = 107.5
PHY-3002 : Step(236): len = 301854, overlap = 105.25
PHY-3002 : Step(237): len = 304877, overlap = 103
PHY-3002 : Step(238): len = 308010, overlap = 102
PHY-3002 : Step(239): len = 310631, overlap = 103
PHY-3001 : Legalization ...
PHY-3001 : End legalization;  0.012028s wall, 0.000000s user + 0.015625s system = 0.015625s CPU (129.9%)

PHY-3001 : Legalized: Len = 339419, Over = 0
PHY-3001 : Spreading special nets. 30 overflows in 2952 tiles.
PHY-3001 : End spreading;  0.036201s wall, 0.046875s user + 0.000000s system = 0.046875s CPU (129.5%)

PHY-3001 : 40 instances has been re-located, deltaX = 8, deltaY = 31, maxDist = 2.
PHY-3001 : Final: Len = 340133, Over = 0
OPT-1001 : Start physical optimization ...
OPT-1001 : Total overflow 0.00 peak overflow 0.00
OPT-1001 : Start high-fanout net optimization ...
OPT-1001 : Update timing in global mode
PHY-1001 : Start incremental global routing, caller is place ...
RUN-1001 : Generating global routing grids ...
PHY-1001 : Generate routing nets ...
PHY-1001 : Reuse net number 2580/15446.
PHY-1001 : Global iterations in 24 thread ...
PHY-1002 : len = 531240, over cnt = 1857(5%), over = 2936, worst = 6
PHY-1002 : len = 543672, over cnt = 879(2%), over = 1262, worst = 6
PHY-1002 : len = 555416, over cnt = 276(0%), over = 392, worst = 4
PHY-1002 : len = 557648, over cnt = 156(0%), over = 231, worst = 4
PHY-1002 : len = 561464, over cnt = 0(0%), over = 0, worst = 0
PHY-1001 : End global iterations;  1.625980s wall, 1.687500s user + 0.343750s system = 2.031250s CPU (124.9%)

PHY-1001 : Congestion index: top1 = 43.15, top5 = 38.57, top10 = 35.97, top15 = 34.22.
PHY-1001 : End incremental global routing;  1.842947s wall, 1.906250s user + 0.343750s system = 2.250000s CPU (122.1%)

RUN-1002 : start command "start_timer -report"
TMR-5001 WARNING: No sdc constraints found while initiating timer.
TMR-2505 : Start building timing graph for model audio_speak.
TMR-2506 : Build timing graph completely. Port num: 54, tpin num: 62553, tnet num: 14388, tinst num: 5721, tnode num: 83999, tedge num: 101976.
TMR-2508 : Levelizing timing graph completed, there are 41 levels in total.
TMR-2501 : Timing graph initialized successfully.
OPT-1001 : End timing update;  0.829217s wall, 0.781250s user + 0.015625s system = 0.796875s CPU (96.1%)

OPT-1001 : 0 high-fanout net processed.
OPT-1001 : End high-fanout net optimization;  2.896937s wall, 2.906250s user + 0.359375s system = 3.265625s CPU (112.7%)

OPT-1001 : Current memory(MB): used = 511, reserve = 492, peak = 511.
OPT-1001 : Update timing in Manhattan mode
OPT-1001 : End timing update;  0.017633s wall, 0.015625s user + 0.000000s system = 0.015625s CPU (88.6%)

OPT-1001 : Start pin optimization...
OPT-1001 : skip pin optimization...
RUN-1001 : Generating global routing grids ...
PHY-1001 : Generate routing nets ...
PHY-1001 : Reuse net number 11240/15446.
PHY-1001 : Global iterations in 24 thread ...
PHY-1002 : len = 561464, over cnt = 0(0%), over = 0, worst = 0
PHY-1001 : End global iterations;  0.049475s wall, 0.046875s user + 0.000000s system = 0.046875s CPU (94.7%)

PHY-1001 : Congestion index: top1 = 43.15, top5 = 38.57, top10 = 35.97, top15 = 34.22.
OPT-1001 : Update timing in Manhattan mode
OPT-1001 : End timing update;  0.017942s wall, 0.015625s user + 0.000000s system = 0.015625s CPU (87.1%)

RUN-1001 : QoR Analysis:
OPT-0007 :   WNS 2147483647 TNS 0 NUM_FEPS 0
RUN-1001 :   No local congestion issue, and most congested 1% tile average routing util is 42.793103
RUN-1001 :   Top critical paths
OPT-1001 : End physical optimization;  3.241045s wall, 3.250000s user + 0.359375s system = 3.609375s CPU (111.4%)

RUN-1003 : finish command "place" in  20.492950s wall, 26.546875s user + 18.250000s system = 44.796875s CPU (218.6%)

RUN-1004 : used memory is 406 MB, reserved memory is 386 MB, peak memory is 520 MB
RUN-1002 : start command "export_db ES8388_place.db"
RUN-1001 : Exported /
RUN-1001 : Exported flow parameters
RUN-1001 : Exported libs
RUN-1001 : Exported entities
RUN-1001 : Exported ports
RUN-1001 : Exported pins
RUN-1001 : Exported instances
RUN-1001 : Exported nets
RUN-1001 : Exported buses
RUN-1001 : Exported models
RUN-1001 : Exported congestions
RUN-1001 : Exported violations
RUN-1001 : Exported IO constraints
RUN-1001 : Exported Inst constraints
RUN-1003 : finish command "export_db ES8388_place.db" in  1.011368s wall, 1.562500s user + 0.015625s system = 1.578125s CPU (156.0%)

RUN-1004 : used memory is 422 MB, reserved memory is 407 MB, peak memory is 520 MB
RUN-1002 : start command "route"
RUN-1001 : Open license file D:/TD/license/Anlogic.lic
RUN-1001 : Print Global Property
RUN-1001 : ---------------------------------------------------------------
RUN-1001 :        Parameters        |  Settings  |  Default Values  |  Note  
RUN-1001 : ---------------------------------------------------------------
RUN-1001 :          message         |  standard  |     standard     |        
RUN-1001 :   mixed_pack_place_flow  |     on     |        on        |        
RUN-1001 :        qor_monitor       |    off     |       off        |        
RUN-1001 :        syn_ip_flow       |    off     |       off        |        
RUN-1001 :          thread          |    auto    |       auto       |        
RUN-1001 : ---------------------------------------------------------------
RUN-1001 : Print Route Property
RUN-1001 : -------------------------------------------------------
RUN-1001 :    Parameters    |  Settings  |  Default Values  |  Note  
RUN-1001 : -------------------------------------------------------
RUN-1001 :      effort      |   medium   |      medium      |        
RUN-1001 :     fix_hold     |    off     |       off        |        
RUN-1001 :    opt_timing    |   medium   |      medium      |        
RUN-1001 :   phy_sim_model  |    off     |       off        |        
RUN-1001 :     priority     |   timing   |      timing      |        
RUN-1001 :     swap_pin     |     on     |        on        |        
RUN-1001 : -------------------------------------------------------
PHY-1001 : Route runs in 24 thread(s)
RUN-1001 : There are total 5723 instances
RUN-1001 : 2825 mslices, 2824 lslices, 54 pads, 0 brams, 2 dsps
RUN-1001 : There are total 15446 nets
RUN-1001 : 13079 nets have 2 pins
RUN-1001 : 1584 nets have [3 - 5] pins
RUN-1001 : 293 nets have [6 - 10] pins
RUN-1001 : 401 nets have [11 - 20] pins
RUN-1001 : 48 nets have [21 - 99] pins
RUN-1001 : 41 nets have 100+ pins
RUN-1002 : start command "start_timer -report"
TMR-5001 WARNING: No sdc constraints found while initiating timer.
TMR-2505 : Start building timing graph for model audio_speak.
TMR-2506 : Build timing graph completely. Port num: 54, tpin num: 62553, tnet num: 14388, tinst num: 5721, tnode num: 83999, tedge num: 101976.
TMR-2508 : Levelizing timing graph completed, there are 41 levels in total.
TMR-2501 : Timing graph initialized successfully.
PHY-1001 : 2825 mslices, 2824 lslices, 54 pads, 0 brams, 2 dsps
TMR-2503 : Start to update net delay, extr mode = 3.
TMR-2504 : Update delay of 14388 nets completely.
TMR-2502 : Annotate delay completely, extr mode = 3.
TMR-3002 : No user constraint, initiate default constraint.
TMR-1501 : Assign derive clock DeriveClock to 9512 clock pins, and constraint 21438 relative nodes.
TMR-3003 : Constraints initiated successfully.
TMR-3501 : Forward propagation: start to calculate arrival time...
TMR-3502 : Backward propagation: start to calculate required time...
TMR-3503 : Timing propagation completes.
PHY-1001 : Start global routing, caller is route ...
RUN-1001 : Generating global routing grids ...
PHY-1001 : Generate routing nets ...
PHY-1001 : Global iterations in 24 thread ...
PHY-1002 : len = 506872, over cnt = 2081(5%), over = 3545, worst = 6
PHY-1002 : len = 522416, over cnt = 1132(3%), over = 1715, worst = 6
PHY-1002 : len = 537968, over cnt = 382(1%), over = 532, worst = 5
PHY-1002 : len = 546440, over cnt = 35(0%), over = 42, worst = 4
PHY-1002 : len = 547248, over cnt = 0(0%), over = 0, worst = 0
PHY-1001 : End global iterations;  2.276452s wall, 2.500000s user + 0.500000s system = 3.000000s CPU (131.8%)

PHY-1001 : Congestion index: top1 = 43.02, top5 = 38.01, top10 = 35.45, top15 = 33.85.
PHY-1001 : End global routing;  2.465592s wall, 2.703125s user + 0.500000s system = 3.203125s CPU (129.9%)

PHY-1001 : Start detail routing ...
PHY-1001 : Current memory(MB): used = 618, reserve = 604, peak = 618.
PHY-1001 : Detailed router is running in normal mode.
PHY-1001 : Generate detailed routing grids ...
PHY-1001 : Processed IO instance aud_dacdat_syn_4 with INV attribute.
PHY-1001 : Processed IO instance aud_dacdat_1_syn_4 with INV attribute.
PHY-1001 : Processed IO instance aud_dacdat_2_syn_4 with INV attribute.
PHY-1001 : Processed IO instance aud_dacdat_3_syn_4 with INV attribute.
PHY-1001 : Generate nets ...
PHY-1001 : clock net aud_bclk_syn_4 will be merged with clock aud_bclk_dup_1
PHY-1001 : clock net aud_bclk_1_syn_4 will be merged with clock aud_bclk_1_dup_1
PHY-1001 : clock net aud_bclk_2_syn_4 will be merged with clock aud_bclk_2_dup_1
PHY-1001 : clock net aud_bclk_3_syn_4 will be merged with clock aud_bclk_3_dup_1
PHY-1001 : net aud_mclk_dup_1 will be routed on clock mesh
PHY-1001 : net aud_mclk_1_dup_1 will be routed on clock mesh
PHY-1001 : net aud_mclk_2_dup_1 will be routed on clock mesh
PHY-1001 : net aud_mclk_3_dup_1 will be routed on clock mesh
PHY-1001 : clock net ilaclk_dup_1 will be merged with clock u_pll_clk/clk0_buf
PHY-1001 : clock net ilaclk_1_dup_1 will be merged with clock u1_pll_clk/clk0_buf
PHY-1001 : clock net ilaclk_2_dup_1 will be merged with clock u2_pll_clk/clk0_buf
PHY-1001 : clock net ilaclk_3_dup_1 will be merged with clock u3_pll_clk/clk0_buf
PHY-1001 : net sys_clk_dup_1 will be routed on clock mesh
PHY-1001 : clock net u1_es8388_ctrl/u_es8388_config/u_i2c_dri/dri_clk_syn_4 will be merged with clock u1_es8388_ctrl/u_es8388_config/u_i2c_dri/dri_clk
PHY-1001 : clock net u2_es8388_ctrl/u_es8388_config/u_i2c_dri/dri_clk_syn_4 will be merged with clock u2_es8388_ctrl/u_es8388_config/u_i2c_dri/dri_clk
PHY-1001 : clock net u3_es8388_ctrl/u_es8388_config/u_i2c_dri/dri_clk_syn_4 will be merged with clock u3_es8388_ctrl/u_es8388_config/u_i2c_dri/dri_clk
PHY-1001 : Current memory(MB): used = 879, reserve = 868, peak = 879.
PHY-1001 : End build detailed router design. 2.862526s wall, 2.812500s user + 0.015625s system = 2.828125s CPU (98.8%)

PHY-1001 : Detail Route ...
PHY-1001 : ===== Detail Route Phase 1 =====
PHY-1001 : Clock net routing.....
PHY-1001 : Routed 0% nets.
PHY-1022 : len = 166416, over cnt = 0(0%), over = 0, worst = 0, crit = 0
PHY-1001 : End initial clock net routed; 3.481405s wall, 3.390625s user + 0.000000s system = 3.390625s CPU (97.4%)

PHY-1001 : Current memory(MB): used = 915, reserve = 905, peak = 915.
PHY-1001 : End phase 1; 3.486983s wall, 3.406250s user + 0.000000s system = 3.406250s CPU (97.7%)

PHY-1001 : ===== Detail Route Phase 2 =====
PHY-1001 : Initial routing.....
PHY-1001 : Routed 50% nets.
PHY-1001 : Routed 56% nets.
PHY-1001 : Routed 67% nets.
PHY-1001 : Routed 77% nets.
PHY-1001 : Routed 89% nets.
PHY-1022 : len = 3.0091e+06, over cnt = 1342(0%), over = 1344, worst = 2, crit = 0
PHY-1001 : Current memory(MB): used = 926, reserve = 915, peak = 926.
PHY-1001 : End initial routed; 12.323342s wall, 13.796875s user + 5.390625s system = 19.187500s CPU (155.7%)

PHY-1001 : Current memory(MB): used = 926, reserve = 915, peak = 926.
PHY-1001 : End phase 2; 12.323445s wall, 13.796875s user + 5.390625s system = 19.187500s CPU (155.7%)

PHY-1001 : ===== Detail Route Phase 3 =====
PHY-1001 : Ripup-reroute.....
PHY-1001 : ===== DR Iter 1 =====
PHY-1022 : len = 2.94908e+06, over cnt = 696(0%), over = 697, worst = 2, crit = 0
PHY-1001 : End DR Iter 1; 3.321442s wall, 4.281250s user + 0.218750s system = 4.500000s CPU (135.5%)

PHY-1001 : ===== DR Iter 2 =====
PHY-1022 : len = 2.92558e+06, over cnt = 249(0%), over = 250, worst = 2, crit = 0
PHY-1001 : End DR Iter 2; 1.740222s wall, 2.109375s user + 0.109375s system = 2.218750s CPU (127.5%)

PHY-1001 : ===== DR Iter 3 =====
PHY-1022 : len = 2.92172e+06, over cnt = 27(0%), over = 27, worst = 1, crit = 0
PHY-1001 : End DR Iter 3; 1.129508s wall, 1.140625s user + 0.125000s system = 1.265625s CPU (112.1%)

PHY-1001 : ===== DR Iter 4 =====
PHY-1022 : len = 2.92197e+06, over cnt = 6(0%), over = 6, worst = 1, crit = 0
PHY-1001 : End DR Iter 4; 0.224668s wall, 0.203125s user + 0.046875s system = 0.250000s CPU (111.3%)

PHY-1001 : ===== DR Iter 5 =====
PHY-1022 : len = 2.92173e+06, over cnt = 0(0%), over = 0, worst = 0, crit = 0
PHY-1001 : End DR Iter 5; 0.118598s wall, 0.109375s user + 0.000000s system = 0.109375s CPU (92.2%)

PHY-1001 : Commit to database.....
PHY-1001 : 647 feed throughs used by 257 nets
PHY-1001 : End commit to database; 1.529913s wall, 1.437500s user + 0.000000s system = 1.437500s CPU (94.0%)

PHY-1001 : Current memory(MB): used = 1017, reserve = 1009, peak = 1017.
PHY-1001 : End phase 3; 8.250102s wall, 9.468750s user + 0.500000s system = 9.968750s CPU (120.8%)

PHY-1003 : Routed, final wirelength = 2.92173e+06
PHY-1001 : Current memory(MB): used = 1021, reserve = 1013, peak = 1021.
PHY-1001 : End export database. 0.033469s wall, 0.031250s user + 0.000000s system = 0.031250s CPU (93.4%)

PHY-1001 : End detail routing;  27.191989s wall, 29.687500s user + 5.953125s system = 35.640625s CPU (131.1%)

RUN-1003 : finish command "route" in  31.000422s wall, 33.687500s user + 6.500000s system = 40.187500s CPU (129.6%)

RUN-1004 : used memory is 818 MB, reserved memory is 824 MB, peak memory is 1021 MB
RUN-1002 : start command "report_area -io_info -file ES8388_phy.area"
RUN-1001 : standard
***Report Model: audio_speak Device: EG4S20BG256***

IO Statistics
#IO                        57
  #input                   25
  #output                  28
  #inout                    4

Utilization Statistics
#lut                     7650   out of  19600   39.03%
#reg                     7254   out of  19600   37.01%
#le                      9445
  #lut only              2191   out of   9445   23.20%
  #reg only              1795   out of   9445   19.00%
  #lut&reg               5459   out of   9445   57.80%
#dsp                        2   out of     29    6.90%
#bram                       0   out of     64    0.00%
  #bram9k                   0
  #fifo9k                   0
#bram32k                    0   out of     16    0.00%
#pad                       54   out of    188   28.72%
  #ireg                     8
  #oreg                    20
  #treg                     4
#pll                        4   out of      4  100.00%
#gclk                      11   out of     16   68.75%

Clock Resource Statistics
Index     ClockNet                                            Type               DriverType         Driver                                                           Fanout
#1        sys_clk_dup_1                                       GCLK               io                 sys_clk_syn_2.di                                                 4470
#2        aud_bclk_1_dup_1                                    GCLK               io                 aud_bclk_1_syn_2.di                                              45
#3        aud_bclk_2_dup_1                                    GCLK               io                 aud_bclk_2_syn_2.di                                              45
#4        aud_bclk_3_dup_1                                    GCLK               io                 aud_bclk_3_syn_2.di                                              44
#5        aud_bclk_dup_1                                      GCLK               io                 aud_bclk_syn_2.di                                                44
#6        u1_es8388_ctrl/u_es8388_config/u_i2c_dri/dri_clk    GCLK               mslice             u1_es8388_ctrl/u_es8388_config/u_i2c_dri/dri_clk_reg_syn_9.q1    41
#7        u2_es8388_ctrl/u_es8388_config/u_i2c_dri/dri_clk    GCLK               mslice             u2_es8388_ctrl/u_es8388_config/u_i2c_dri/dri_clk_reg_syn_9.q1    41
#8        u3_es8388_ctrl/u_es8388_config/u_i2c_dri/dri_clk    GCLK               lslice             u3_es8388_ctrl/u_es8388_config/u_i2c_dri/dri_clk_reg_syn_9.q1    39
#9        aud_mclk_1_dup_1                                    GCLK               pll                u1_pll_clk/pll_inst.clkc1                                        0
#10       aud_mclk_2_dup_1                                    GCLK               pll                u2_pll_clk/pll_inst.clkc1                                        0
#11       aud_mclk_3_dup_1                                    GCLK               pll                u3_pll_clk/pll_inst.clkc1                                        0
#12       aud_mclk_dup_1                                      GCLK               pll                u_pll_clk/pll_inst.clkc1                                         0
#13       u1_pll_clk/clk0_buf                                 GCLK               pll                u1_pll_clk/pll_inst.clkc0                                        0
#14       u2_pll_clk/clk0_buf                                 GCLK               pll                u2_pll_clk/pll_inst.clkc0                                        0
#15       u3_pll_clk/clk0_buf                                 GCLK               pll                u3_pll_clk/pll_inst.clkc0                                        0
#16       u_pll_clk/clk0_buf                                  GCLK               pll                u_pll_clk/pll_inst.clkc0                                         0


Detailed IO Report

        Name          Direction    Location    IOStandard    DriveStrength    PullType     PackReg   
     aud_adcdat         INPUT        R14        LVCMOS25          N/A          PULLUP       IREG     
    aud_adcdat_1        INPUT        G16        LVCMOS25          N/A          PULLUP       IREG     
    aud_adcdat_2        INPUT         E7        LVCMOS25          N/A          PULLUP       IREG     
    aud_adcdat_3        INPUT         L4        LVCMOS25          N/A          PULLUP       IREG     
      aud_bclk          INPUT         M6        LVCMOS25          N/A          PULLUP       NONE     
     aud_bclk_1         INPUT        G14        LVCMOS25          N/A          PULLUP       NONE     
     aud_bclk_2         INPUT         D5        LVCMOS25          N/A          PULLUP       NONE     
     aud_bclk_3         INPUT         H5        LVCMOS25          N/A          PULLUP       NONE     
      aud_lrc           INPUT         M7        LVCMOS25          N/A          PULLUP       IREG     
     aud_lrc_1          INPUT        H16        LVCMOS25          N/A          PULLUP       IREG     
     aud_lrc_2          INPUT         C6        LVCMOS25          N/A          PULLUP       IREG     
     aud_lrc_3          INPUT         K6        LVCMOS25          N/A          PULLUP       IREG     
     denoise_en         INPUT        A13        LVCMOS25          N/A          PULLUP       NONE     
  pitch_control[2]      INPUT        B10        LVCMOS25          N/A          PULLUP       NONE     
  pitch_control[1]      INPUT        A10        LVCMOS25          N/A          PULLUP       NONE     
  pitch_control[0]      INPUT         A9        LVCMOS25          N/A          PULLUP       NONE     
      pitch_en          INPUT        A14        LVCMOS25          N/A          PULLUP       NONE     
      sys_clk           INPUT         R7        LVCMOS25          N/A          PULLUP       NONE     
     sys_rst_n          INPUT         E3        LVCMOS25          N/A          PULLUP       NONE     
    sys_rst_n_1         INPUT         G6        LVCMOS25          N/A           N/A         NONE     
    sys_rst_n_2         INPUT        F16        LVCMOS25          N/A           N/A         NONE     
    sys_rst_n_3         INPUT        L12        LVCMOS25          N/A           N/A         NONE     
     aud_dacdat        OUTPUT         P6        LVCMOS25           8            NONE        OREG     
    aud_dacdat_1       OUTPUT        H14        LVCMOS25           8            NONE        OREG     
    aud_dacdat_2       OUTPUT         E6        LVCMOS25           8            NONE        OREG     
    aud_dacdat_3       OUTPUT         K3        LVCMOS25           8            NONE        OREG     
      aud_mclk         OUTPUT         N5        LVCMOS25           8            NONE        NONE     
     aud_mclk_1        OUTPUT        F14        LVCMOS25           8            NONE        NONE     
     aud_mclk_2        OUTPUT         F6        LVCMOS25           8            NONE        NONE     
     aud_mclk_3        OUTPUT         H4        LVCMOS25           8            NONE        NONE     
      aud_scl          OUTPUT        R12        LVCMOS25           8            NONE        OREG     
     aud_scl_1         OUTPUT        D14        LVCMOS25           8            NONE        OREG     
     aud_scl_2         OUTPUT         A2        LVCMOS25           8            NONE        OREG     
     aud_scl_3         OUTPUT         G3        LVCMOS25           8            NONE        OREG     
       ilaclk          OUTPUT         M9        LVCMOS25           8            NONE        NONE     
      ilaclk_1         OUTPUT        L16        LVCMOS25           8            NONE        NONE     
      ilaclk_2         OUTPUT         D3        LVCMOS25           8            NONE        NONE     
      ilaclk_3         OUTPUT        K15        LVCMOS25           8            NONE        NONE     
        led            OUTPUT        E16        LVCMOS25           8            N/A         NONE     
       led_1           OUTPUT         F4        LVCMOS25           8            N/A         NONE     
       led_2           OUTPUT         J6        LVCMOS25           8            N/A         NONE     
       led_3           OUTPUT        M16        LVCMOS25           8            N/A         NONE     
     led_eight         OUTPUT        M12        LVCMOS25           8            NONE        OREG     
      led_five         OUTPUT        M10        LVCMOS25           8            NONE        OREG     
      led_four         OUTPUT        P11        LVCMOS25           8            NONE        OREG     
      led_one          OUTPUT         P9        LVCMOS25           8            NONE        OREG     
     led_seven         OUTPUT        N12        LVCMOS25           8            NONE        OREG     
      led_six          OUTPUT        L10        LVCMOS25           8            NONE        OREG     
      led_tree         OUTPUT        R16        LVCMOS25           8            NONE        OREG     
      led_two          OUTPUT        P12        LVCMOS25           8            NONE        OREG     
      aud_sda           INOUT         R9        LVCMOS25           8           PULLUP     OREG;TREG  
     aud_sda_1          INOUT        E15        LVCMOS25           8           PULLUP     OREG;TREG  
     aud_sda_2          INOUT         C3        LVCMOS25           8           PULLUP     OREG;TREG  
     aud_sda_3          INOUT         F3        LVCMOS25           8           PULLUP     OREG;TREG  

Report Hierarchy Area:
+--------------------------------------------------------------------------------------------------------+
|Instance                   |Module                 |le     |lut     |ripple  |seq     |bram    |dsp     |
+--------------------------------------------------------------------------------------------------------+
|top                        |audio_speak            |9445   |7028    |622     |7286    |0       |2       |
|  u1_es8388_ctrl           |es8388_ctrl            |263    |209     |27      |154     |0       |0       |
|    u_audio_receive        |audio_receive          |83     |52      |12      |53      |0       |0       |
|    u_audio_send           |audio_send             |25     |20      |0       |23      |0       |0       |
|    u_es8388_config        |es8388_config          |155    |137     |15      |78      |0       |0       |
|      u_i2c_dri            |i2c_dri                |92     |82      |7       |51      |0       |0       |
|      u_i2c_reg_cfg        |i2c_reg_cfg            |63     |55      |8       |27      |0       |0       |
|  u1_pll_clk               |clk_wiz_0              |0      |0       |0       |0       |0       |0       |
|  u2_es8388_ctrl           |es8388_ctrl            |253    |197     |27      |159     |0       |0       |
|    u_audio_receive        |audio_receive          |73     |41      |12      |53      |0       |0       |
|    u_audio_send           |audio_send             |27     |27      |0       |27      |0       |0       |
|    u_es8388_config        |es8388_config          |153    |129     |15      |79      |0       |0       |
|      u_i2c_dri            |i2c_dri                |90     |78      |7       |52      |0       |0       |
|      u_i2c_reg_cfg        |i2c_reg_cfg            |63     |51      |8       |27      |0       |0       |
|  u2_pll_clk               |clk_wiz_0              |0      |0       |0       |0       |0       |0       |
|  u3_es8388_ctrl           |es8388_ctrl            |234    |188     |27      |155     |0       |0       |
|    u_audio_receive        |audio_receive          |76     |49      |12      |54      |0       |0       |
|    u_audio_send           |audio_send             |22     |18      |0       |22      |0       |0       |
|    u_es8388_config        |es8388_config          |136    |121     |15      |79      |0       |0       |
|      u_i2c_dri            |i2c_dri                |73     |66      |7       |51      |0       |0       |
|      u_i2c_reg_cfg        |i2c_reg_cfg            |63     |55      |8       |28      |0       |0       |
|  u3_pll_clk               |clk_wiz_0              |2      |2       |0       |0       |0       |0       |
|  u_es8388_ctrl            |es8388_ctrl            |327    |244     |61      |174     |0       |0       |
|    u_audio_receive        |audio_receive          |75     |43      |12      |53      |0       |0       |
|    u_audio_send           |audio_send             |36     |36      |0       |30      |0       |0       |
|    u_es8388_config        |es8388_config          |216    |165     |49      |91      |0       |0       |
|      u_i2c_dri            |i2c_dri                |91     |82      |7       |60      |0       |0       |
|      u_i2c_reg_cfg        |i2c_reg_cfg            |125    |83      |42      |31      |0       |0       |
|  u_noise_suppress         |noise_suppress         |50     |37      |13      |24      |0       |0       |
|  u_pitch_shift            |pitch_shift            |6250   |4783    |15      |6122    |0       |0       |
|  u_pll_clk                |clk_wiz_0              |1      |1       |0       |0       |0       |0       |
|  u_simple_denoise         |simple_denoise         |140    |62      |35      |78      |0       |2       |
|  u_spar_4mic_localization |spar_4mic_localization |1819   |1265    |377     |348     |0       |0       |
+--------------------------------------------------------------------------------------------------------+


DataNet Average Fanout:

   Index     Fanout     Nets   
    #1          1       13021  
    #2          2       1253   
    #3          3        254   
    #4          4        73    
    #5        5-10       337   
    #6        11-50      393   
    #7       51-100       4    
    #8       101-500     33    
    #9        >500        5    
  Average     2.93             

RUN-1002 : start command "export_db ES8388_pr.db"
RUN-1001 : Exported /
RUN-1001 : Exported flow parameters
RUN-1001 : Exported libs
RUN-1001 : Exported entities
RUN-1001 : Exported ports
RUN-1001 : Exported pins
RUN-1001 : Exported instances
RUN-1001 : Exported nets
RUN-1001 : Exported buses
RUN-1001 : Exported models
RUN-1001 : Exported congestions
RUN-1001 : Exported violations
RUN-1001 : Exported IO constraints
RUN-1001 : Exported Inst constraints
RUN-1003 : finish command "export_db ES8388_pr.db" in  1.444943s wall, 2.093750s user + 0.046875s system = 2.140625s CPU (148.1%)

RUN-1004 : used memory is 819 MB, reserved memory is 826 MB, peak memory is 1021 MB
RUN-1002 : start command "export_bid ES8388_inst.bid"
RUN-1002 : start command "bitgen -bit ES8388.bit -unused_io_status pulldown"
BIT-1003 : Start to generate bitstream. 
BIT-1002 : Bitgen processed 134 unused pads, reserve input tri_state with pulldown
BIT-1002 : Init instances with 24 threads.
BIT-1002 : Init instances completely, inst num: 5855
BIT-1002 : Init pips with 24 threads.
BIT-1002 : Init pips completely, net num: 15446, pip num: 161869
BIT-1002 : Init feedthrough with 24 threads.
BIT-1002 : Init feedthrough completely, num: 647
BIT-1003 : Multithreading accelaration with 24 threads.
BIT-1003 : Generate bitstream completely, there are 3271 valid insts, and 402875 bits set as '1'.
BIT-1004 : PLL setting string = 1111
BIT-1004 : Generate bits file ES8388.bit.
RUN-1003 : finish command "bitgen -bit ES8388.bit -unused_io_status pulldown" in  15.715064s wall, 264.406250s user + 4.406250s system = 268.812500s CPU (1710.5%)

RUN-1004 : used memory is 846 MB, reserved memory is 856 MB, peak memory is 1056 MB
RUN-1002 : start command "backup_run_log run.log ../.logs/phy_1/td_20251031_223029.log"
