============================================================
   Tang Dynasty, V5.6.71036
      Copyright (c) 2012-2023 Anlogic Inc.
   Executable = E:/Software/Anlogic/TD5.6.2/bin/td.exe
   Built at =   20:34:38 Mar 21 2023
   Run by =     Lviva
   Run Date =   Sun Oct 26 10:46:33 2025

   Run on =     VIVACIOUS
============================================================
RUN-1002 : start command "open_project ES8388.prj"
RUN-1001 : Print Global Property
RUN-1001 : ---------------------------------------------------------------
RUN-1001 :        Parameters        |  Settings  |  Default Values  |  Note  
RUN-1001 : ---------------------------------------------------------------
RUN-1001 :          message         |  standard  |     standard     |        
RUN-1001 :   mixed_pack_place_flow  |     on     |        on        |        
RUN-1001 :        qor_monitor       |    off     |       off        |        
RUN-1001 :        syn_ip_flow       |    off     |       off        |        
RUN-1001 :          thread          |    auto    |       auto       |        
RUN-1001 : ---------------------------------------------------------------
RUN-1001 : Print Design Property
RUN-1001 : --------------------------------------------------------------
RUN-1001 :        Parameters       |  Settings  |  Default Values  |  Note  
RUN-1001 : --------------------------------------------------------------
RUN-1001 :   default_reg_initial   |    auto    |       auto       |        
RUN-1001 :        infer_add        |     on     |        on        |        
RUN-1001 :        infer_fsm        |    off     |       off        |        
RUN-1001 :        infer_mult       |     on     |        on        |        
RUN-1001 :        infer_ram        |     on     |        on        |        
RUN-1001 :        infer_reg        |     on     |        on        |        
RUN-1001 :   infer_reg_init_value  |     on     |        on        |        
RUN-1001 :        infer_rom        |     on     |        on        |        
RUN-1001 :      infer_shifter      |     on     |        on        |        
RUN-1001 : --------------------------------------------------------------
RUN-1001 : Print Rtl Property
RUN-1001 : --------------------------------------------------------------
RUN-1001 :        Parameters       |  Settings  |  Default Values  |  Note  
RUN-1001 : --------------------------------------------------------------
RUN-1001 :       compress_add      |   ripple   |      ripple      |        
RUN-1001 :        elf_sload        |    off     |       off        |        
RUN-1001 :       fix_undriven      |     0      |        0         |        
RUN-1001 :         flatten         |    off     |       off        |        
RUN-1001 :       gate_sharing      |     on     |        on        |        
RUN-1001 :    hdl_warning_level    |   normal   |      normal      |        
RUN-1001 :   impl_internal_tribuf  |     on     |        on        |        
RUN-1001 :      impl_set_reset     |     on     |        on        |        
RUN-1001 :        infer_gsr        |    off     |       off        |        
RUN-1001 :      keep_hierarchy     |    auto    |       auto       |        
RUN-1001 :        max_fanout       |    9999    |       9999       |        
RUN-1001 :      max_oh2bin_len     |     10     |        10        |        
RUN-1001 :       merge_equal       |     on     |        on        |        
RUN-1001 :       merge_equiv       |     on     |        on        |        
RUN-1001 :        merge_mux        |    off     |       off        |        
RUN-1001 :     min_control_set     |     8      |        8         |        
RUN-1001 :      min_ripple_len     |    auto    |       auto       |        
RUN-1001 :       oh2bin_ratio      |    0.08    |       0.08       |        
RUN-1001 :     opt_adder_fanout    |     on     |        on        |        
RUN-1001 :        opt_arith        |     on     |        on        |        
RUN-1001 :       opt_big_gate      |    off     |       off        |        
RUN-1001 :        opt_const        |     on     |        on        |        
RUN-1001 :      opt_const_mult     |     on     |        on        |        
RUN-1001 :       opt_lessthan      |     on     |        on        |        
RUN-1001 :         opt_mux         |    off     |       off        |        
RUN-1001 :         opt_ram         |    high    |       high       |        
RUN-1001 :      rtl_sim_model      |    off     |       off        |        
RUN-1001 :         seq_syn         |     on     |        on        |        
RUN-1001 : --------------------------------------------------------------
HDL-1007 : analyze verilog file ../../al_ip/clk_wiz_0.v
HDL-1007 : undeclared symbol 'open', assumed default net type 'wire' in ../../al_ip/clk_wiz_0.v(80)
HDL-1007 : analyze verilog file ../../../RTL/audio_receive.v
HDL-1007 : analyze verilog file ../../../RTL/audio_send.v
HDL-1007 : analyze verilog file ../../../RTL/audio_speak.v
HDL-1007 : analyze verilog file ../../../RTL/es8388_config.v
HDL-1007 : analyze verilog file ../../../RTL/es8388_ctrl.v
HDL-1007 : analyze verilog file ../../../RTL/i2c_dri.v
HDL-1007 : analyze verilog file ../../../RTL/i2c_reg_cfg.v
HDL-1007 : analyze verilog file ../../../RTL/spar_4mic_localization.v
RUN-1001 : Project manager successfully analyzed 9 source files.
RUN-1002 : start command "import_device eagle_s20.db -package EG4S20BG256"
ARC-1001 : Device Initialization.
ARC-1001 : ------------------------------------------------------------------
ARC-1001 :            OPTION            |          IO          |   SETTING   
ARC-1001 : ------------------------------------------------------------------
ARC-1001 :   cso_b/cclk/mosi/miso/dout  |  T3/R11/T10/P10/S11  |    gpio    
ARC-1001 :             done             |         P13          |    gpio    
ARC-1001 :           program_b          |          T2          |  dedicate  
ARC-1001 :        tdi/tms/tck/tdo       |   C12/A15/C14/E14    |  dedicate  
ARC-1001 : ------------------------------------------------------------------
ARC-1004 : Device setting, marked 5 dedicate IOs in total.
RUN-1002 : start command "import_db ../syn_1/ES8388_gate.db"
RUN-1001 : Importing database generated by Tang Dynasty, V5.6.71036.
RUN-1001 : Database version number 46146.
RUN-1001 : Import flow parameters
RUN-1001 : Import IO constraints
RUN-1001 : Import Inst constraints
RUN-1001 : Import design success TD_VERSION=5.6.71036 , DB_VERSION=46146
RUN-1002 : start command "place"
RUN-1001 : Open license file E:/Software/Anlogic/TD5.6.2/license/Anlogic.lic
RUN-1001 : Print Global Property
RUN-1001 : ---------------------------------------------------------------
RUN-1001 :        Parameters        |  Settings  |  Default Values  |  Note  
RUN-1001 : ---------------------------------------------------------------
RUN-1001 :          message         |  standard  |     standard     |        
RUN-1001 :   mixed_pack_place_flow  |     on     |        on        |        
RUN-1001 :        qor_monitor       |    off     |       off        |        
RUN-1001 :        syn_ip_flow       |    off     |       off        |        
RUN-1001 :          thread          |    auto    |       auto       |        
RUN-1001 : ---------------------------------------------------------------
RUN-1001 : Print Place Property
RUN-1001 : --------------------------------------------------------------
RUN-1001 :        Parameters       |  Settings  |  Default Values  |  Note  
RUN-1001 : --------------------------------------------------------------
RUN-1001 :      detailed_place     |     on     |        on        |        
RUN-1001 :          effort         |   medium   |      medium      |        
RUN-1001 :         fix_hold        |    off     |       off        |        
RUN-1001 :       legalization      |    ori     |       ori        |        
RUN-1001 :      new_spreading      |     on     |        on        |        
RUN-1001 :        opt_timing       |   medium   |      medium      |        
RUN-1001 :   post_clock_route_opt  |    off     |       off        |        
RUN-1001 :       pr_strategy       |     1      |        1         |        
RUN-1001 :        relaxation       |    1.00    |       1.00       |        
RUN-1001 :         retiming        |    off     |       off        |        
RUN-1001 : --------------------------------------------------------------
PHY-3001 : Placer runs in 16 thread(s).
RUN-1002 : start command "legalize_phy_inst"
SYN-1011 : Flatten model audio_speak
RUN-1002 : start command "phys_opt -simplify_lut"
SYN-4016 : Net ilaclk_1_dup_1 driven by BUFG (0 clock/control pins, 2 other pins).
SYN-4016 : Net ilaclk_2_dup_1 driven by BUFG (0 clock/control pins, 2 other pins).
SYN-4016 : Net ilaclk_3_dup_1 driven by BUFG (0 clock/control pins, 2 other pins).
SYN-4016 : Net ilaclk_dup_1 driven by BUFG (0 clock/control pins, 2 other pins).
SYN-4027 : Net aud_mclk_1_dup_1 is clkc1 of pll u1_pll_clk/pll_inst.
SYN-4019 : Net sys_clk_dup_1 is refclk of pll u1_pll_clk/pll_inst.
SYN-4020 : Net sys_clk_dup_1 is fbclk of pll u1_pll_clk/pll_inst.
SYN-4027 : Net aud_mclk_2_dup_1 is clkc1 of pll u2_pll_clk/pll_inst.
SYN-4019 : Net sys_clk_dup_1 is refclk of pll u2_pll_clk/pll_inst.
SYN-4020 : Net sys_clk_dup_1 is fbclk of pll u2_pll_clk/pll_inst.
SYN-4027 : Net aud_mclk_3_dup_1 is clkc1 of pll u3_pll_clk/pll_inst.
SYN-4019 : Net sys_clk_dup_1 is refclk of pll u3_pll_clk/pll_inst.
SYN-4020 : Net sys_clk_dup_1 is fbclk of pll u3_pll_clk/pll_inst.
SYN-4027 : Net aud_mclk_dup_1 is clkc1 of pll u_pll_clk/pll_inst.
SYN-4019 : Net sys_clk_dup_1 is refclk of pll u_pll_clk/pll_inst.
SYN-4020 : Net sys_clk_dup_1 is fbclk of pll u_pll_clk/pll_inst.
SYN-4024 : Net "aud_bclk_dup_1" drives clk pins.
SYN-4024 : Net "aud_bclk_1_dup_1" drives clk pins.
SYN-4024 : Net "aud_bclk_2_dup_1" drives clk pins.
SYN-4024 : Net "aud_bclk_3_dup_1" drives clk pins.
SYN-4024 : Net "u1_es8388_ctrl/u_es8388_config/u_i2c_dri/dri_clk" drives clk pins.
SYN-4024 : Net "u2_es8388_ctrl/u_es8388_config/u_i2c_dri/dri_clk" drives clk pins.
SYN-4024 : Net "u3_es8388_ctrl/u_es8388_config/u_i2c_dri/dri_clk" drives clk pins.
SYN-7503 WARNING: Net "u_es8388_ctrl/u_es8388_config/u_i2c_dri/dri_clk" drives clk pins. However it will not be tagged as clk net, for there's no more slots.
SYN-4025 : Tag rtl::Net aud_bclk_1_dup_1 as clock net
SYN-4025 : Tag rtl::Net aud_bclk_2_dup_1 as clock net
SYN-4025 : Tag rtl::Net aud_bclk_3_dup_1 as clock net
SYN-4025 : Tag rtl::Net aud_bclk_dup_1 as clock net
SYN-4025 : Tag rtl::Net aud_mclk_1_dup_1 as clock net
SYN-4025 : Tag rtl::Net aud_mclk_2_dup_1 as clock net
SYN-4025 : Tag rtl::Net aud_mclk_3_dup_1 as clock net
SYN-4025 : Tag rtl::Net aud_mclk_dup_1 as clock net
SYN-4025 : Tag rtl::Net ilaclk_1_dup_1 as clock net
SYN-4025 : Tag rtl::Net ilaclk_2_dup_1 as clock net
SYN-4025 : Tag rtl::Net ilaclk_3_dup_1 as clock net
SYN-4025 : Tag rtl::Net ilaclk_dup_1 as clock net
SYN-4025 : Tag rtl::Net sys_clk_dup_1 as clock net
SYN-4025 : Tag rtl::Net u1_es8388_ctrl/u_es8388_config/u_i2c_dri/dri_clk as clock net
SYN-4025 : Tag rtl::Net u2_es8388_ctrl/u_es8388_config/u_i2c_dri/dri_clk as clock net
SYN-4025 : Tag rtl::Net u3_es8388_ctrl/u_es8388_config/u_i2c_dri/dri_clk as clock net
SYN-4026 : Tagged 16 rtl::Net as clock net
SYN-4015 : Create BUFG instance for clk Net aud_bclk_1_dup_1 to drive 80 clock pins.
SYN-4015 : Create BUFG instance for clk Net aud_bclk_2_dup_1 to drive 80 clock pins.
SYN-4015 : Create BUFG instance for clk Net aud_bclk_3_dup_1 to drive 80 clock pins.
SYN-4015 : Create BUFG instance for clk Net aud_bclk_dup_1 to drive 80 clock pins.
SYN-4015 : Create BUFG instance for clk Net u1_es8388_ctrl/u_es8388_config/u_i2c_dri/dri_clk to drive 59 clock pins.
SYN-4015 : Create BUFG instance for clk Net u2_es8388_ctrl/u_es8388_config/u_i2c_dri/dri_clk to drive 59 clock pins.
SYN-4015 : Create BUFG instance for clk Net u3_es8388_ctrl/u_es8388_config/u_i2c_dri/dri_clk to drive 59 clock pins.
PHY-1001 : Populate physical database on model audio_speak.
RUN-1001 : There are total 2774 instances
RUN-0007 : 920 luts, 928 seqs, 592 mslices, 236 lslices, 51 pads, 0 brams, 29 dsps
RUN-1001 : There are total 4283 nets
RUN-1001 : 2822 nets have 2 pins
RUN-1001 : 952 nets have [3 - 5] pins
RUN-1001 : 384 nets have [6 - 10] pins
RUN-1001 : 71 nets have [11 - 20] pins
RUN-1001 : 42 nets have [21 - 99] pins
RUN-1001 : 12 nets have 100+ pins
RUN-1001 : Report Control nets information:
RUN-1001 : DFF Distribution
RUN-1001 : ----------------------------------
RUN-1001 :   CE   |  SSR  |  ASR  |  DFF Count  
RUN-1001 : ----------------------------------
RUN-1001 :   No   |  No   |  No   |      0      
RUN-1001 :   No   |  No   |  Yes  |     608     
RUN-1001 :   No   |  Yes  |  No   |      0      
RUN-1001 :   Yes  |  No   |  No   |      0      
RUN-1001 :   Yes  |  No   |  Yes  |     288     
RUN-1001 :   Yes  |  Yes  |  No   |     32      
RUN-1001 : ----------------------------------
RUN-0007 : Control Group Statistic
RUN-0007 : ---------------------------
RUN-0007 :   #CLK  |  #CE  |  #SSR/ASR  
RUN-0007 : ---------------------------
RUN-0007 :    9    |  21   |     9      
RUN-0007 : ---------------------------
RUN-0007 : Control Set = 33
PHY-3001 : Initial placement ...
PHY-3001 : design contains 2772 instances, 920 luts, 928 seqs, 828 slices, 122 macros(828 instances: 592 mslices 236 lslices)
PHY-0007 : Cell area utilization is 13%
PHY-3001 : Global placement ...
PHY-3001 : Initial: Len = 1.10021e+06
PHY-3001 : Clustering ...
PHY-3001 : Level 0 #clusters 2772.
PHY-3001 : End clustering;  0.000035s wall, 0.000000s user + 0.000000s system = 0.000000s CPU (n/a%)

PHY-3001 : Run with size of 4
PHY-3001 : Cell area utilization is 13%
PHY-3001 : :::0::: Try harder cell spreading with beta_ = 0
PHY-3002 : Step(1): len = 767762, overlap = 63
PHY-3002 : Step(2): len = 619560, overlap = 63.5
PHY-3002 : Step(3): len = 441095, overlap = 59.25
PHY-3002 : Step(4): len = 364169, overlap = 57.5625
PHY-3002 : Step(5): len = 302709, overlap = 71.8125
PHY-3002 : Step(6): len = 258063, overlap = 78.1875
PHY-3002 : Step(7): len = 222980, overlap = 91.5312
PHY-3002 : Step(8): len = 194156, overlap = 102.969
PHY-3002 : Step(9): len = 167636, overlap = 118.844
PHY-3002 : Step(10): len = 148619, overlap = 147.312
PHY-3002 : Step(11): len = 136918, overlap = 158.188
PHY-3002 : Step(12): len = 125160, overlap = 178.75
PHY-3002 : Step(13): len = 119829, overlap = 183.094
PHY-3002 : Step(14): len = 111024, overlap = 191.75
PHY-3002 : Step(15): len = 108061, overlap = 208.094
PHY-3002 : Step(16): len = 101617, overlap = 241.812
PHY-3002 : Step(17): len = 95383.9, overlap = 263.438
PHY-3002 : Step(18): len = 93326.7, overlap = 262.781
PHY-3001 : :::1::: Try harder cell spreading with beta_ = 2.72653e-06
PHY-3002 : Step(19): len = 102389, overlap = 255.906
PHY-3002 : Step(20): len = 105535, overlap = 249.531
PHY-3002 : Step(21): len = 107493, overlap = 247.375
PHY-3002 : Step(22): len = 105806, overlap = 210.781
PHY-3002 : Step(23): len = 105659, overlap = 193.75
PHY-3002 : Step(24): len = 104277, overlap = 184.531
PHY-3002 : Step(25): len = 104530, overlap = 169.281
PHY-3002 : Step(26): len = 104832, overlap = 166.344
PHY-3002 : Step(27): len = 104008, overlap = 164.719
PHY-3002 : Step(28): len = 102982, overlap = 168.438
PHY-3002 : Step(29): len = 102484, overlap = 168.031
PHY-3002 : Step(30): len = 101382, overlap = 164.375
PHY-3002 : Step(31): len = 101256, overlap = 162.281
PHY-3002 : Step(32): len = 99239.2, overlap = 163.312
PHY-3002 : Step(33): len = 98188.5, overlap = 166.094
PHY-3002 : Step(34): len = 96597.9, overlap = 167.094
PHY-3002 : Step(35): len = 95768.5, overlap = 165.938
PHY-3002 : Step(36): len = 95128.7, overlap = 157.5
PHY-3002 : Step(37): len = 94030.1, overlap = 164.469
PHY-3002 : Step(38): len = 93765.5, overlap = 167.938
PHY-3002 : Step(39): len = 92659.1, overlap = 169.594
PHY-3002 : Step(40): len = 90766.2, overlap = 172.25
PHY-3002 : Step(41): len = 89765.9, overlap = 174.625
PHY-3002 : Step(42): len = 89296.7, overlap = 176.406
PHY-3002 : Step(43): len = 88729.5, overlap = 177.594
PHY-3002 : Step(44): len = 88156.5, overlap = 167.844
PHY-3002 : Step(45): len = 85420.3, overlap = 155.312
PHY-3002 : Step(46): len = 83740, overlap = 150.062
PHY-3002 : Step(47): len = 82532.8, overlap = 145.281
PHY-3002 : Step(48): len = 81327.1, overlap = 137.094
PHY-3002 : Step(49): len = 81416.3, overlap = 136.188
PHY-3002 : Step(50): len = 80395.8, overlap = 139.594
PHY-3002 : Step(51): len = 80336.5, overlap = 137.281
PHY-3002 : Step(52): len = 80460.9, overlap = 128.312
PHY-3001 : :::2::: Try harder cell spreading with beta_ = 5.45306e-06
PHY-3002 : Step(53): len = 83073.7, overlap = 123.562
PHY-3002 : Step(54): len = 83761, overlap = 126.969
PHY-3002 : Step(55): len = 84338.5, overlap = 126.469
PHY-3001 : :::3::: Try harder cell spreading with beta_ = 1.09061e-05
PHY-3002 : Step(56): len = 89026.4, overlap = 133.188
PHY-3002 : Step(57): len = 89479.9, overlap = 133.125
PHY-3002 : Step(58): len = 93292.7, overlap = 123.438
PHY-3002 : Step(59): len = 94160.4, overlap = 119.562
PHY-3002 : Step(60): len = 93440.6, overlap = 126.938
PHY-3002 : Step(61): len = 93597.3, overlap = 128.625
PHY-3002 : Step(62): len = 93103, overlap = 128.062
PHY-3002 : Step(63): len = 93193.6, overlap = 126.875
PHY-3002 : Step(64): len = 92952.9, overlap = 129.125
PHY-3001 : :::4::: Try harder cell spreading with beta_ = 2.18123e-05
PHY-3002 : Step(65): len = 96565.8, overlap = 126.562
PHY-3002 : Step(66): len = 97452.2, overlap = 122.062
PHY-3002 : Step(67): len = 99459.6, overlap = 122.719
PHY-3002 : Step(68): len = 99485.6, overlap = 122.719
PHY-3002 : Step(69): len = 99483, overlap = 120.469
PHY-3002 : Step(70): len = 99434.3, overlap = 120.469
PHY-3001 : :::5::: Try harder cell spreading with beta_ = 4.36245e-05
PHY-3002 : Step(71): len = 101302, overlap = 122.906
PHY-3002 : Step(72): len = 101614, overlap = 124.781
PHY-3002 : Step(73): len = 104631, overlap = 127.531
PHY-3002 : Step(74): len = 105758, overlap = 124.469
PHY-3002 : Step(75): len = 108447, overlap = 119.469
PHY-3002 : Step(76): len = 109305, overlap = 117.156
PHY-3002 : Step(77): len = 109887, overlap = 117.531
PHY-3001 : :::6::: Try harder cell spreading with beta_ = 8.7249e-05
PHY-3002 : Step(78): len = 110421, overlap = 119.719
PHY-3002 : Step(79): len = 110656, overlap = 119.719
PHY-3002 : Step(80): len = 111399, overlap = 110.594
PHY-3001 : Legalization ...
PHY-3001 : End legalization;  0.009317s wall, 0.015625s user + 0.015625s system = 0.031250s CPU (335.4%)

PHY-3001 : Run with size of 4
PHY-3001 : Cell area utilization is 16%
PHY-3001 : :::0::: Try harder cell spreading with beta_ = 3.75318e-06
PHY-3002 : Step(81): len = 171192, overlap = 128.125
PHY-3002 : Step(82): len = 171177, overlap = 127.844
PHY-3002 : Step(83): len = 165600, overlap = 122.156
PHY-3002 : Step(84): len = 165287, overlap = 123.75
PHY-3002 : Step(85): len = 160925, overlap = 131.812
PHY-3002 : Step(86): len = 160513, overlap = 123.344
PHY-3002 : Step(87): len = 155897, overlap = 121.906
PHY-3002 : Step(88): len = 155934, overlap = 118.5
PHY-3002 : Step(89): len = 153543, overlap = 111.344
PHY-3002 : Step(90): len = 153583, overlap = 119.344
PHY-3002 : Step(91): len = 153636, overlap = 116.062
PHY-3002 : Step(92): len = 153773, overlap = 115.625
PHY-3002 : Step(93): len = 152060, overlap = 119.219
PHY-3002 : Step(94): len = 152334, overlap = 118.438
PHY-3002 : Step(95): len = 151938, overlap = 124.5
PHY-3001 : :::1::: Try harder cell spreading with beta_ = 7.50637e-06
PHY-3002 : Step(96): len = 151418, overlap = 116.5
PHY-3002 : Step(97): len = 151418, overlap = 116.5
PHY-3002 : Step(98): len = 151210, overlap = 121.312
PHY-3001 : :::2::: Try harder cell spreading with beta_ = 1.50127e-05
PHY-3002 : Step(99): len = 155445, overlap = 98.875
PHY-3002 : Step(100): len = 155841, overlap = 98.75
PHY-3002 : Step(101): len = 157577, overlap = 94.4688
PHY-3002 : Step(102): len = 155261, overlap = 96.9375
PHY-3002 : Step(103): len = 155037, overlap = 94.875
PHY-3001 : Run with size of 2
PHY-3001 : Cell area utilization is 16%
PHY-3001 : :::0::: Try harder cell spreading with beta_ = 1.02935e-05
PHY-3002 : Step(104): len = 158638, overlap = 184.438
PHY-3002 : Step(105): len = 158866, overlap = 185.75
PHY-3002 : Step(106): len = 157480, overlap = 183.938
PHY-3002 : Step(107): len = 157753, overlap = 182.5
PHY-3002 : Step(108): len = 158157, overlap = 178.031
PHY-3001 : :::1::: Try harder cell spreading with beta_ = 2.05871e-05
PHY-3002 : Step(109): len = 159147, overlap = 169.125
PHY-3002 : Step(110): len = 159697, overlap = 167.344
PHY-3002 : Step(111): len = 161076, overlap = 165.562
PHY-3001 : :::2::: Try harder cell spreading with beta_ = 4.11742e-05
PHY-3002 : Step(112): len = 163140, overlap = 154.906
PHY-3002 : Step(113): len = 164830, overlap = 156.969
PHY-3002 : Step(114): len = 167951, overlap = 146.25
PHY-3002 : Step(115): len = 168322, overlap = 143.125
PHY-3002 : Step(116): len = 166853, overlap = 147.094
PHY-3002 : Step(117): len = 166636, overlap = 145.469
PHY-3002 : Step(118): len = 164723, overlap = 141.156
PHY-3001 : :::3::: Try harder cell spreading with beta_ = 8.23483e-05
PHY-3002 : Step(119): len = 167872, overlap = 143.688
PHY-3002 : Step(120): len = 168767, overlap = 140.594
PHY-3002 : Step(121): len = 170023, overlap = 139.094
PHY-3001 : :::4::: Try harder cell spreading with beta_ = 0.000155391
PHY-3002 : Step(122): len = 170896, overlap = 132.906
PHY-3002 : Step(123): len = 172349, overlap = 132.25
PHY-3002 : Step(124): len = 173474, overlap = 122.312
PHY-3002 : Step(125): len = 174170, overlap = 120.469
PHY-3002 : Step(126): len = 174559, overlap = 118.719
PHY-3001 : :::5::: Try harder cell spreading with beta_ = 0.000310781
PHY-3002 : Step(127): len = 174845, overlap = 118.25
PHY-3002 : Step(128): len = 174944, overlap = 118.969
PHY-3002 : Step(129): len = 175529, overlap = 114.031
PHY-3001 : :::6::: Try harder cell spreading with beta_ = 0.000569146
PHY-3002 : Step(130): len = 176325, overlap = 113.469
PHY-3002 : Step(131): len = 177060, overlap = 110.312
PHY-3002 : Step(132): len = 179585, overlap = 106.688
PHY-3002 : Step(133): len = 179072, overlap = 104.656
PHY-3002 : Step(134): len = 178955, overlap = 105
PHY-3002 : Step(135): len = 178613, overlap = 106.812
PHY-3001 : :::7::: Try harder cell spreading with beta_ = 0.00113829
PHY-3002 : Step(136): len = 179597, overlap = 109.281
PHY-3002 : Step(137): len = 179905, overlap = 109
PHY-3002 : Step(138): len = 181360, overlap = 94.25
PHY-3002 : Step(139): len = 182104, overlap = 96.1562
PHY-3002 : Step(140): len = 182103, overlap = 93.8438
PHY-3002 : Step(141): len = 182068, overlap = 96.0312
PHY-3002 : Step(142): len = 181623, overlap = 96.4062
PHY-3001 : :::8::: Try harder cell spreading with beta_ = 0.00227658
PHY-3002 : Step(143): len = 181955, overlap = 95.75
PHY-3002 : Step(144): len = 182100, overlap = 91.5938
PHY-3001 : :::9::: Try harder cell spreading with beta_ = 0.00368351
PHY-3002 : Step(145): len = 182285, overlap = 91.5
PHY-3002 : Step(146): len = 182736, overlap = 92.8125
PHY-3002 : Step(147): len = 183396, overlap = 91.4062
PHY-3001 : :::10::: Try harder cell spreading with beta_ = 0.00595993
PHY-3002 : Step(148): len = 183651, overlap = 90.9375
PHY-3002 : Step(149): len = 183836, overlap = 89.25
PHY-3002 : Step(150): len = 184141, overlap = 89.625
PHY-3001 : :::11::: Try harder cell spreading with beta_ = 0.00964316
PHY-3002 : Step(151): len = 184188, overlap = 91.7188
PHY-3002 : Step(152): len = 184279, overlap = 90.625
PHY-3002 : Step(153): len = 184453, overlap = 90.3125
PHY-3001 : :::12::: Try harder cell spreading with beta_ = 0.0192827
PHY-3002 : Step(154): len = 184520, overlap = 90.25
PHY-3002 : Step(155): len = 184571, overlap = 89.9062
PHY-3001 : :::13::: Try harder cell spreading with beta_ = 0.0311994
PHY-3002 : Step(156): len = 184562, overlap = 89.8438
PHY-3002 : Step(157): len = 184589, overlap = 90.0938
PHY-3001 : :::14::: Try harder cell spreading with beta_ = 0.0504806
PHY-3002 : Step(158): len = 184616, overlap = 90.0312
PHY-3002 : Step(159): len = 184616, overlap = 90.0312
PHY-3001 : :::15::: Try harder cell spreading with beta_ = 0.0816776
PHY-3002 : Step(160): len = 184645, overlap = 90.0312
PHY-3002 : Step(161): len = 184678, overlap = 89.8125
PHY-3001 : :::16::: Try harder cell spreading with beta_ = 0.132154
PHY-3002 : Step(162): len = 184664, overlap = 86.9062
PHY-3002 : Step(163): len = 184664, overlap = 86.9062
OPT-1001 : Start physical optimization ...
OPT-1001 : Total overflow 263.84 peak overflow 4.19
OPT-1001 : Start high-fanout net optimization ...
OPT-1001 : Update timing in global mode
PHY-1001 : Start incremental global routing, caller is place ...
RUN-1001 : Generating global routing grids ...
RUN-1001 : Building simple global routing graph ...
PHY-1001 : Generate routing nets ...
PHY-1001 : Reuse net number 0/4283.
PHY-1001 : Global iterations in 16 thread ...
PHY-1002 : len = 208992, over cnt = 639(1%), over = 2874, worst = 23
PHY-1001 : End global iterations;  0.152987s wall, 0.171875s user + 0.140625s system = 0.312500s CPU (204.3%)

PHY-1001 : Congestion index: top1 = 64.05, top5 = 44.35, top10 = 34.88, top15 = 28.80.
PHY-1001 : End incremental global routing;  0.216965s wall, 0.218750s user + 0.156250s system = 0.375000s CPU (172.8%)

RUN-1002 : start command "start_timer -report"
TMR-5001 WARNING: No sdc constraints found while initiating timer.
TMR-2505 : Start building timing graph for model audio_speak.
TMR-2506 : Build timing graph completely. Port num: 50, tpin num: 15404, tnet num: 4017, tinst num: 2772, tnode num: 18819, tedge num: 26389.
TMR-2508 : Levelizing timing graph completed, there are 45 levels in total.
TMR-2501 : Timing graph initialized successfully.
OPT-1001 : End timing update;  0.304197s wall, 0.296875s user + 0.000000s system = 0.296875s CPU (97.6%)

OPT-1001 : 0 high-fanout net processed.
OPT-1001 : End high-fanout net optimization;  0.560474s wall, 0.562500s user + 0.156250s system = 0.718750s CPU (128.2%)

OPT-1001 : Current memory(MB): used = 237, reserve = 207, peak = 237.
OPT-1001 : End physical optimization;  0.588689s wall, 0.578125s user + 0.156250s system = 0.734375s CPU (124.7%)

PHY-3001 : Start packing ...
SYN-4007 : Packing 0 MUX to BLE ...
SYN-4008 : Packed 0 MUX and 0 SEQ to BLE.
SYN-4007 : Packing 920 LUT to BLE ...
SYN-4008 : Packed 920 LUT and 432 SEQ to BLE.
SYN-4003 : Packing 496 remaining SEQ's ...
SYN-4005 : Packed 192 SEQ with LUT/SLICE
SYN-4006 : 375 single LUT's are left
SYN-4006 : 304 single SEQ's are left
SYN-4011 : Packing model "audio_speak" (AL_USER_NORMAL) with 1224/2150 primitive instances ...
PHY-3001 : End packing;  0.055747s wall, 0.062500s user + 0.000000s system = 0.062500s CPU (112.1%)

PHY-1001 : Populate physical database on model audio_speak.
RUN-1001 : There are total 1569 instances
RUN-1001 : 736 mslices, 735 lslices, 51 pads, 0 brams, 29 dsps
RUN-1001 : There are total 3863 nets
RUN-1001 : 2414 nets have 2 pins
RUN-1001 : 943 nets have [3 - 5] pins
RUN-1001 : 385 nets have [6 - 10] pins
RUN-1001 : 77 nets have [11 - 20] pins
RUN-1001 : 36 nets have [21 - 99] pins
RUN-1001 : 8 nets have 100+ pins
PHY-3001 : design contains 1567 instances, 1471 slices, 122 macros(828 instances: 592 mslices 236 lslices)
PHY-3001 : Cell area utilization is 19%
PHY-3001 : After packing: Len = 184212, Over = 103.25
PHY-3001 : Run with size of 2
PHY-3001 : Cell area utilization is 19%
PHY-3001 : :::0::: Try harder cell spreading with beta_ = 1.68332e-05
PHY-3002 : Step(164): len = 173865, overlap = 118.75
PHY-3002 : Step(165): len = 173887, overlap = 125.25
PHY-3002 : Step(166): len = 164645, overlap = 141.75
PHY-3002 : Step(167): len = 163430, overlap = 144.25
PHY-3002 : Step(168): len = 162254, overlap = 158.75
PHY-3002 : Step(169): len = 162124, overlap = 154.5
PHY-3002 : Step(170): len = 161090, overlap = 154.25
PHY-3002 : Step(171): len = 161177, overlap = 153.5
PHY-3002 : Step(172): len = 161671, overlap = 152.5
PHY-3001 : :::1::: Try harder cell spreading with beta_ = 3.36665e-05
PHY-3002 : Step(173): len = 165794, overlap = 143.25
PHY-3002 : Step(174): len = 166216, overlap = 141.75
PHY-3002 : Step(175): len = 167441, overlap = 131
PHY-3002 : Step(176): len = 167620, overlap = 130.75
PHY-3002 : Step(177): len = 166800, overlap = 129.5
PHY-3001 : :::2::: Try harder cell spreading with beta_ = 6.7333e-05
PHY-3002 : Step(178): len = 170395, overlap = 126.5
PHY-3002 : Step(179): len = 172698, overlap = 119
PHY-3002 : Step(180): len = 173418, overlap = 115.5
PHY-3001 : Legalization ...
PHY-3001 : End legalization;  0.136368s wall, 0.171875s user + 0.234375s system = 0.406250s CPU (297.9%)

PHY-3001 : Trial Legalized: Len = 203169
PHY-3001 : Run with size of 2
PHY-3001 : Cell area utilization is 18%
PHY-3001 : :::0::: Try harder cell spreading with beta_ = 0.000399033
PHY-3002 : Step(181): len = 193488, overlap = 19.25
PHY-3002 : Step(182): len = 190572, overlap = 26
PHY-3002 : Step(183): len = 189052, overlap = 26.25
PHY-3002 : Step(184): len = 188291, overlap = 30
PHY-3002 : Step(185): len = 186716, overlap = 29.75
PHY-3002 : Step(186): len = 186019, overlap = 34
PHY-3002 : Step(187): len = 185529, overlap = 35
PHY-3001 : :::1::: Try harder cell spreading with beta_ = 0.000769642
PHY-3002 : Step(188): len = 186177, overlap = 33.5
PHY-3002 : Step(189): len = 186336, overlap = 33.75
PHY-3002 : Step(190): len = 186362, overlap = 33
PHY-3001 : :::2::: Try harder cell spreading with beta_ = 0.00153928
PHY-3002 : Step(191): len = 186449, overlap = 32.25
PHY-3002 : Step(192): len = 186449, overlap = 32.25
PHY-3001 : Legalization ...
PHY-3001 : End legalization;  0.003974s wall, 0.000000s user + 0.000000s system = 0.000000s CPU (n/a%)

PHY-3001 : Legalized: Len = 194316, Over = 0
PHY-3001 : Spreading special nets. 4 overflows in 2952 tiles.
PHY-3001 : End spreading;  0.007910s wall, 0.015625s user + 0.000000s system = 0.015625s CPU (197.5%)

PHY-3001 : 6 instances has been re-located, deltaX = 5, deltaY = 3, maxDist = 2.
PHY-3001 : Final: Len = 194516, Over = 0
OPT-1001 : Start physical optimization ...
OPT-1001 : Total overflow 0.00 peak overflow 0.00
OPT-1001 : Start high-fanout net optimization ...
OPT-1001 : Update timing in global mode
PHY-1001 : Start incremental global routing, caller is place ...
RUN-1001 : Generating global routing grids ...
PHY-1001 : Generate routing nets ...
PHY-1001 : Reuse net number 85/3863.
PHY-1001 : Global iterations in 16 thread ...
PHY-1002 : len = 220392, over cnt = 528(1%), over = 1106, worst = 9
PHY-1002 : len = 225176, over cnt = 373(1%), over = 615, worst = 8
PHY-1002 : len = 229656, over cnt = 126(0%), over = 203, worst = 7
PHY-1002 : len = 231232, over cnt = 5(0%), over = 5, worst = 1
PHY-1002 : len = 231272, over cnt = 0(0%), over = 0, worst = 0
PHY-1001 : End global iterations;  0.321934s wall, 0.390625s user + 0.203125s system = 0.593750s CPU (184.4%)

PHY-1001 : Congestion index: top1 = 49.76, top5 = 39.57, top10 = 33.03, top15 = 28.72.
PHY-1001 : End incremental global routing;  0.395726s wall, 0.468750s user + 0.203125s system = 0.671875s CPU (169.8%)

RUN-1002 : start command "start_timer -report"
TMR-5001 WARNING: No sdc constraints found while initiating timer.
TMR-2505 : Start building timing graph for model audio_speak.
TMR-2506 : Build timing graph completely. Port num: 50, tpin num: 13618, tnet num: 3597, tinst num: 1567, tnode num: 16099, tedge num: 24111.
TMR-2508 : Levelizing timing graph completed, there are 43 levels in total.
TMR-2501 : Timing graph initialized successfully.
OPT-1001 : End timing update;  0.299017s wall, 0.281250s user + 0.015625s system = 0.296875s CPU (99.3%)

OPT-1001 : 0 high-fanout net processed.
OPT-1001 : End high-fanout net optimization;  0.734643s wall, 0.796875s user + 0.218750s system = 1.015625s CPU (138.2%)

OPT-1001 : Current memory(MB): used = 246, reserve = 216, peak = 246.
OPT-1001 : Update timing in Manhattan mode
OPT-1001 : End timing update;  0.004153s wall, 0.000000s user + 0.000000s system = 0.000000s CPU (n/a%)

OPT-1001 : Start pin optimization...
OPT-1001 : skip pin optimization...
RUN-1001 : Generating global routing grids ...
PHY-1001 : Generate routing nets ...
PHY-1001 : Reuse net number 3031/3863.
PHY-1001 : Global iterations in 16 thread ...
PHY-1002 : len = 231272, over cnt = 0(0%), over = 0, worst = 0
PHY-1001 : End global iterations;  0.010398s wall, 0.015625s user + 0.000000s system = 0.015625s CPU (150.3%)

PHY-1001 : Congestion index: top1 = 49.76, top5 = 39.57, top10 = 33.03, top15 = 28.72.
OPT-1001 : Update timing in Manhattan mode
OPT-1001 : End timing update;  0.004831s wall, 0.000000s user + 0.015625s system = 0.015625s CPU (323.4%)

RUN-1001 : QoR Analysis:
OPT-0007 :   WNS 2147483647 TNS 0 NUM_FEPS 0
RUN-1001 :   No local congestion issue, and most congested 1% tile average routing util is 49.344828
RUN-1001 :   Top critical paths
OPT-1001 : End physical optimization;  0.848173s wall, 0.890625s user + 0.234375s system = 1.125000s CPU (132.6%)

RUN-1003 : finish command "place" in  7.342785s wall, 10.937500s user + 10.937500s system = 21.875000s CPU (297.9%)

RUN-1004 : used memory is 215 MB, reserved memory is 185 MB, peak memory is 249 MB
RUN-1002 : start command "export_db ES8388_place.db"
RUN-1001 : Exported /
RUN-1001 : Exported flow parameters
RUN-1001 : Exported libs
RUN-1001 : Exported entities
RUN-1001 : Exported ports
RUN-1001 : Exported pins
RUN-1001 : Exported instances
RUN-1001 : Exported nets
RUN-1001 : Exported buses
RUN-1001 : Exported models
RUN-1001 : Exported congestions
RUN-1001 : Exported violations
RUN-1001 : Exported IO constraints
RUN-1001 : Exported Inst constraints
RUN-1002 : start command "route"
RUN-1001 : Open license file E:/Software/Anlogic/TD5.6.2/license/Anlogic.lic
RUN-1001 : Print Global Property
RUN-1001 : ---------------------------------------------------------------
RUN-1001 :        Parameters        |  Settings  |  Default Values  |  Note  
RUN-1001 : ---------------------------------------------------------------
RUN-1001 :          message         |  standard  |     standard     |        
RUN-1001 :   mixed_pack_place_flow  |     on     |        on        |        
RUN-1001 :        qor_monitor       |    off     |       off        |        
RUN-1001 :        syn_ip_flow       |    off     |       off        |        
RUN-1001 :          thread          |    auto    |       auto       |        
RUN-1001 : ---------------------------------------------------------------
RUN-1001 : Print Route Property
RUN-1001 : -------------------------------------------------------
RUN-1001 :    Parameters    |  Settings  |  Default Values  |  Note  
RUN-1001 : -------------------------------------------------------
RUN-1001 :      effort      |   medium   |      medium      |        
RUN-1001 :     fix_hold     |    off     |       off        |        
RUN-1001 :    opt_timing    |   medium   |      medium      |        
RUN-1001 :   phy_sim_model  |    off     |       off        |        
RUN-1001 :     priority     |   timing   |      timing      |        
RUN-1001 :     swap_pin     |     on     |        on        |        
RUN-1001 : -------------------------------------------------------
PHY-1001 : Route runs in 16 thread(s)
RUN-1001 : There are total 1569 instances
RUN-1001 : 736 mslices, 735 lslices, 51 pads, 0 brams, 29 dsps
RUN-1001 : There are total 3863 nets
RUN-1001 : 2414 nets have 2 pins
RUN-1001 : 943 nets have [3 - 5] pins
RUN-1001 : 385 nets have [6 - 10] pins
RUN-1001 : 77 nets have [11 - 20] pins
RUN-1001 : 36 nets have [21 - 99] pins
RUN-1001 : 8 nets have 100+ pins
RUN-1002 : start command "start_timer -report"
TMR-5001 WARNING: No sdc constraints found while initiating timer.
TMR-2505 : Start building timing graph for model audio_speak.
TMR-2506 : Build timing graph completely. Port num: 50, tpin num: 13618, tnet num: 3597, tinst num: 1567, tnode num: 16099, tedge num: 24111.
TMR-2508 : Levelizing timing graph completed, there are 43 levels in total.
TMR-2501 : Timing graph initialized successfully.
PHY-1001 : 736 mslices, 735 lslices, 51 pads, 0 brams, 29 dsps
TMR-2503 : Start to update net delay, extr mode = 3.
TMR-2504 : Update delay of 3597 nets completely.
TMR-2502 : Annotate delay completely, extr mode = 3.
TMR-3002 : No user constraint, initiate default constraint.
TMR-1501 : Assign derive clock DeriveClock to 1200 clock pins, and constraint 2473 relative nodes.
TMR-3003 : Constraints initiated successfully.
TMR-3501 : Forward propagation: start to calculate arrival time...
TMR-3502 : Backward propagation: start to calculate required time...
TMR-3503 : Timing propagation completes.
PHY-1001 : Start global routing, caller is route ...
RUN-1001 : Generating global routing grids ...
PHY-1001 : Generate routing nets ...
PHY-1001 : Global iterations in 16 thread ...
PHY-1002 : len = 219960, over cnt = 526(1%), over = 1095, worst = 9
PHY-1002 : len = 224600, over cnt = 375(1%), over = 607, worst = 8
PHY-1002 : len = 228616, over cnt = 111(0%), over = 197, worst = 7
PHY-1002 : len = 230656, over cnt = 0(0%), over = 0, worst = 0
PHY-1001 : End global iterations;  0.287673s wall, 0.296875s user + 0.078125s system = 0.375000s CPU (130.4%)

PHY-1001 : Congestion index: top1 = 50.34, top5 = 39.27, top10 = 32.88, top15 = 28.57.
PHY-1001 : End global routing;  0.360103s wall, 0.375000s user + 0.078125s system = 0.453125s CPU (125.8%)

PHY-1001 : Start detail routing ...
PHY-1001 : Current memory(MB): used = 298, reserve = 269, peak = 298.
PHY-1001 : Detailed router is running in normal mode.
PHY-1001 : Generate detailed routing grids ...
PHY-1001 : Processed IO instance aud_dacdat_syn_4 with INV attribute.
PHY-1001 : Processed IO instance aud_dacdat_1_syn_4 with INV attribute.
PHY-1001 : Processed IO instance aud_dacdat_2_syn_4 with INV attribute.
PHY-1001 : Processed IO instance aud_dacdat_3_syn_4 with INV attribute.
PHY-1001 : Generate nets ...
PHY-1001 : clock net aud_bclk_syn_4 will be merged with clock aud_bclk_dup_1
PHY-1001 : clock net aud_bclk_1_syn_4 will be merged with clock aud_bclk_1_dup_1
PHY-1001 : clock net aud_bclk_2_syn_4 will be merged with clock aud_bclk_2_dup_1
PHY-1001 : clock net aud_bclk_3_syn_4 will be merged with clock aud_bclk_3_dup_1
PHY-1001 : net aud_mclk_dup_1 will be routed on clock mesh
PHY-1001 : net aud_mclk_1_dup_1 will be routed on clock mesh
PHY-1001 : net aud_mclk_2_dup_1 will be routed on clock mesh
PHY-1001 : net aud_mclk_3_dup_1 will be routed on clock mesh
PHY-1001 : clock net ilaclk_dup_1 will be merged with clock u_pll_clk/clk0_buf
PHY-1001 : clock net ilaclk_1_dup_1 will be merged with clock u1_pll_clk/clk0_buf
PHY-1001 : clock net ilaclk_2_dup_1 will be merged with clock u2_pll_clk/clk0_buf
PHY-1001 : clock net ilaclk_3_dup_1 will be merged with clock u3_pll_clk/clk0_buf
PHY-1001 : net sys_clk_dup_1 will be routed on clock mesh
PHY-1001 : clock net u1_es8388_ctrl/u_es8388_config/u_i2c_dri/dri_clk_syn_4 will be merged with clock u1_es8388_ctrl/u_es8388_config/u_i2c_dri/dri_clk
PHY-1001 : clock net u2_es8388_ctrl/u_es8388_config/u_i2c_dri/dri_clk_syn_4 will be merged with clock u2_es8388_ctrl/u_es8388_config/u_i2c_dri/dri_clk
PHY-1001 : clock net u3_es8388_ctrl/u_es8388_config/u_i2c_dri/dri_clk_syn_4 will be merged with clock u3_es8388_ctrl/u_es8388_config/u_i2c_dri/dri_clk
PHY-1001 : Current memory(MB): used = 550, reserve = 525, peak = 550.
PHY-1001 : End build detailed router design. 2.170434s wall, 2.140625s user + 0.000000s system = 2.140625s CPU (98.6%)

PHY-1001 : Detail Route ...
PHY-1001 : ===== Detail Route Phase 1 =====
PHY-1001 : Clock net routing.....
PHY-1001 : Routed 0% nets.
PHY-1022 : len = 46088, over cnt = 0(0%), over = 0, worst = 0, crit = 0
PHY-1001 : End initial clock net routed; 3.933921s wall, 3.921875s user + 0.015625s system = 3.937500s CPU (100.1%)

PHY-1001 : Current memory(MB): used = 582, reserve = 559, peak = 582.
PHY-1001 : End phase 1; 3.936887s wall, 3.921875s user + 0.015625s system = 3.937500s CPU (100.0%)

PHY-1001 : ===== Detail Route Phase 2 =====
PHY-1001 : Initial routing.....
PHY-1001 : Routed 31% nets.
PHY-1001 : Routed 35% nets.
PHY-1001 : Routed 44% nets.
PHY-1001 : Routed 54% nets.
PHY-1001 : Routed 74% nets.
PHY-1022 : len = 574288, over cnt = 147(0%), over = 147, worst = 1, crit = 0
PHY-1001 : Current memory(MB): used = 583, reserve = 560, peak = 584.
PHY-1001 : End initial routed; 6.054075s wall, 5.812500s user + 2.468750s system = 8.281250s CPU (136.8%)

PHY-1001 : Current memory(MB): used = 583, reserve = 560, peak = 584.
PHY-1001 : End phase 2; 6.054179s wall, 5.812500s user + 2.468750s system = 8.281250s CPU (136.8%)

PHY-1001 : ===== Detail Route Phase 3 =====
PHY-1001 : Ripup-reroute.....
PHY-1001 : ===== DR Iter 1 =====
PHY-1022 : len = 572856, over cnt = 31(0%), over = 31, worst = 1, crit = 0
PHY-1001 : End DR Iter 1; 0.079759s wall, 0.109375s user + 0.046875s system = 0.156250s CPU (195.9%)

PHY-1001 : ===== DR Iter 2 =====
PHY-1022 : len = 572640, over cnt = 9(0%), over = 9, worst = 1, crit = 0
PHY-1001 : End DR Iter 2; 0.044604s wall, 0.046875s user + 0.000000s system = 0.046875s CPU (105.1%)

PHY-1001 : ===== DR Iter 3 =====
PHY-1022 : len = 572608, over cnt = 0(0%), over = 0, worst = 0, crit = 0
PHY-1001 : End DR Iter 3; 0.036468s wall, 0.046875s user + 0.000000s system = 0.046875s CPU (128.5%)

PHY-1001 : Commit to database.....
PHY-1001 : 13 feed throughs used by 13 nets
PHY-1001 : End commit to database; 0.279655s wall, 0.281250s user + 0.000000s system = 0.281250s CPU (100.6%)

PHY-1001 : Current memory(MB): used = 605, reserve = 582, peak = 605.
PHY-1001 : End phase 3; 0.539356s wall, 0.546875s user + 0.062500s system = 0.609375s CPU (113.0%)

PHY-1003 : Routed, final wirelength = 572608
PHY-1001 : Current memory(MB): used = 606, reserve = 582, peak = 606.
PHY-1001 : End export database. 0.011075s wall, 0.015625s user + 0.000000s system = 0.015625s CPU (141.1%)

PHY-1001 : End detail routing;  12.872948s wall, 12.578125s user + 2.578125s system = 15.156250s CPU (117.7%)

RUN-1003 : finish command "route" in  13.699297s wall, 13.375000s user + 2.703125s system = 16.078125s CPU (117.4%)

RUN-1004 : used memory is 525 MB, reserved memory is 504 MB, peak memory is 606 MB
RUN-1002 : start command "report_area -io_info -file ES8388_phy.area"
RUN-1001 : standard
***Report Model: audio_speak Device: EG4S20BG256***

IO Statistics
#IO                        51
  #input                   19
  #output                  28
  #inout                    4

Utilization Statistics
#lut                     2576   out of  19600   13.14%
#reg                      928   out of  19600    4.73%
#le                      2880
  #lut only              1952   out of   2880   67.78%
  #reg only               304   out of   2880   10.56%
  #lut&reg                624   out of   2880   21.67%
#dsp                       29   out of     29  100.00%
#bram                       0   out of     64    0.00%
  #bram9k                   0
  #fifo9k                   0
#bram32k                    0   out of     16    0.00%
#pad                       51   out of    188   27.13%
  #ireg                     8
  #oreg                    20
  #treg                     4
#pll                        4   out of      4  100.00%
#gclk                      11   out of     16   68.75%

Clock Resource Statistics
Index     ClockNet                                            Type               DriverType         Driver                                                           Fanout
#1        sys_clk_dup_1                                       GCLK               io                 sys_clk_syn_2.di                                                 277
#2        aud_bclk_1_dup_1                                    GCLK               io                 aud_bclk_1_syn_2.di                                              46
#3        aud_bclk_dup_1                                      GCLK               io                 aud_bclk_syn_2.di                                                46
#4        aud_bclk_3_dup_1                                    GCLK               io                 aud_bclk_3_syn_2.di                                              45
#5        aud_bclk_2_dup_1                                    GCLK               io                 aud_bclk_2_syn_2.di                                              44
#6        u2_es8388_ctrl/u_es8388_config/u_i2c_dri/dri_clk    GCLK               lslice             u2_es8388_ctrl/u_es8388_config/u_i2c_dri/dri_clk_reg_syn_9.q1    41
#7        u1_es8388_ctrl/u_es8388_config/u_i2c_dri/dri_clk    GCLK               lslice             u1_es8388_ctrl/u_es8388_config/u_i2c_dri/dri_clk_reg_syn_9.q1    39
#8        u3_es8388_ctrl/u_es8388_config/u_i2c_dri/dri_clk    GCLK               lslice             u3_es8388_ctrl/u_es8388_config/u_i2c_dri/dri_clk_reg_syn_9.q1    39
#9        aud_mclk_1_dup_1                                    GCLK               pll                u1_pll_clk/pll_inst.clkc1                                        0
#10       aud_mclk_2_dup_1                                    GCLK               pll                u2_pll_clk/pll_inst.clkc1                                        0
#11       aud_mclk_3_dup_1                                    GCLK               pll                u3_pll_clk/pll_inst.clkc1                                        0
#12       aud_mclk_dup_1                                      GCLK               pll                u_pll_clk/pll_inst.clkc1                                         0
#13       u1_pll_clk/clk0_buf                                 GCLK               pll                u1_pll_clk/pll_inst.clkc0                                        0
#14       u2_pll_clk/clk0_buf                                 GCLK               pll                u2_pll_clk/pll_inst.clkc0                                        0
#15       u3_pll_clk/clk0_buf                                 GCLK               pll                u3_pll_clk/pll_inst.clkc0                                        0
#16       u_pll_clk/clk0_buf                                  GCLK               pll                u_pll_clk/pll_inst.clkc0                                         0


Detailed IO Report

      Name        Direction    Location    IOStandard    DriveStrength    PullType     PackReg   
   aud_adcdat       INPUT        R14        LVCMOS25          N/A          PULLUP       IREG     
  aud_adcdat_1      INPUT        G16        LVCMOS25          N/A          PULLUP       IREG     
  aud_adcdat_2      INPUT         E7        LVCMOS25          N/A          PULLUP       IREG     
  aud_adcdat_3      INPUT         L4        LVCMOS25          N/A          PULLUP       IREG     
    aud_bclk        INPUT         M6        LVCMOS25          N/A          PULLUP       NONE     
   aud_bclk_1       INPUT        G14        LVCMOS25          N/A          PULLUP       NONE     
   aud_bclk_2       INPUT         D5        LVCMOS25          N/A          PULLUP       NONE     
   aud_bclk_3       INPUT         H5        LVCMOS25          N/A          PULLUP       NONE     
    aud_lrc         INPUT         M7        LVCMOS25          N/A          PULLUP       IREG     
   aud_lrc_1        INPUT        H16        LVCMOS25          N/A          PULLUP       IREG     
   aud_lrc_2        INPUT         C6        LVCMOS25          N/A          PULLUP       IREG     
   aud_lrc_3        INPUT         K6        LVCMOS25          N/A          PULLUP       IREG     
    sys_clk         INPUT         R7        LVCMOS25          N/A          PULLUP       NONE     
   sys_rst_n        INPUT         E3        LVCMOS25          N/A          PULLUP       NONE     
  sys_rst_n_1       INPUT         F2        LVCMOS25          N/A           N/A         NONE     
  sys_rst_n_2       INPUT         N3        LVCMOS25          N/A           N/A         NONE     
  sys_rst_n_3       INPUT         A8        LVCMOS25          N/A           N/A         NONE     
   volume[1]        INPUT        B10        LVCMOS25          N/A          PULLUP       NONE     
   volume[0]        INPUT        A10        LVCMOS25          N/A          PULLUP       NONE     
   aud_dacdat      OUTPUT         P6        LVCMOS25           8            NONE        OREG     
  aud_dacdat_1     OUTPUT        H14        LVCMOS25           8            NONE        OREG     
  aud_dacdat_2     OUTPUT         E6        LVCMOS25           8            NONE        OREG     
  aud_dacdat_3     OUTPUT         K3        LVCMOS25           8            NONE        OREG     
    aud_mclk       OUTPUT         N5        LVCMOS25           8            NONE        NONE     
   aud_mclk_1      OUTPUT        F14        LVCMOS25           8            NONE        NONE     
   aud_mclk_2      OUTPUT         F6        LVCMOS25           8            NONE        NONE     
   aud_mclk_3      OUTPUT         H4        LVCMOS25           8            NONE        NONE     
    aud_scl        OUTPUT        R12        LVCMOS25           8            NONE        OREG     
   aud_scl_1       OUTPUT        D14        LVCMOS25           8            NONE        OREG     
   aud_scl_2       OUTPUT         A2        LVCMOS25           8            NONE        OREG     
   aud_scl_3       OUTPUT         G3        LVCMOS25           8            NONE        OREG     
     ilaclk        OUTPUT         M9        LVCMOS25           8            NONE        NONE     
    ilaclk_1       OUTPUT        L16        LVCMOS25           8            NONE        NONE     
    ilaclk_2       OUTPUT         D3        LVCMOS25           8            NONE        NONE     
    ilaclk_3       OUTPUT        K15        LVCMOS25           8            NONE        NONE     
      led          OUTPUT        F12        LVCMOS25           8            N/A         NONE     
     led_1         OUTPUT         E4        LVCMOS25           8            N/A         NONE     
     led_2         OUTPUT         J6        LVCMOS25           8            N/A         NONE     
     led_3         OUTPUT        J16        LVCMOS25           8            N/A         NONE     
   led_eight       OUTPUT        B14        LVCMOS25           8            NONE        OREG     
    led_five       OUTPUT        E16        LVCMOS25           8            NONE        OREG     
    led_four       OUTPUT        B15        LVCMOS25           8            NONE        OREG     
    led_one        OUTPUT        F16        LVCMOS25           8            NONE        OREG     
   led_seven       OUTPUT        B16        LVCMOS25           8            NONE        OREG     
    led_six        OUTPUT        C16        LVCMOS25           8            NONE        OREG     
    led_tree       OUTPUT        C15        LVCMOS25           8            NONE        OREG     
    led_two        OUTPUT        E13        LVCMOS25           8            NONE        OREG     
    aud_sda         INOUT         R9        LVCMOS25           8           PULLUP     OREG;TREG  
   aud_sda_1        INOUT        E15        LVCMOS25           8           PULLUP     OREG;TREG  
   aud_sda_2        INOUT         C3        LVCMOS25           8           PULLUP     OREG;TREG  
   aud_sda_3        INOUT         F3        LVCMOS25           8           PULLUP     OREG;TREG  

Report Hierarchy Area:
+--------------------------------------------------------------------------------------------------------+
|Instance                   |Module                 |le     |lut     |ripple  |seq     |bram    |dsp     |
+--------------------------------------------------------------------------------------------------------+
|top                        |audio_speak            |2880   |1820    |756     |960     |0       |29      |
|  u1_es8388_ctrl           |es8388_ctrl            |271    |224     |25      |141     |0       |0       |
|    u_audio_receive        |audio_receive          |84     |53      |12      |53      |0       |0       |
|    u_audio_send           |audio_send             |21     |20      |0       |20      |0       |0       |
|    u_es8388_config        |es8388_config          |166    |151     |13      |68      |0       |0       |
|      u_i2c_dri            |i2c_dri                |111    |104     |5       |41      |0       |0       |
|      u_i2c_reg_cfg        |i2c_reg_cfg            |55     |47      |8       |27      |0       |0       |
|  u1_pll_clk               |clk_wiz_0              |1      |1       |0       |0       |0       |0       |
|  u2_es8388_ctrl           |es8388_ctrl            |272    |224     |25      |143     |0       |0       |
|    u_audio_receive        |audio_receive          |83     |56      |12      |54      |0       |0       |
|    u_audio_send           |audio_send             |22     |15      |0       |22      |0       |0       |
|    u_es8388_config        |es8388_config          |167    |153     |13      |67      |0       |0       |
|      u_i2c_dri            |i2c_dri                |110    |105     |5       |40      |0       |0       |
|      u_i2c_reg_cfg        |i2c_reg_cfg            |57     |48      |8       |27      |0       |0       |
|  u2_pll_clk               |clk_wiz_0              |1      |1       |0       |0       |0       |0       |
|  u3_es8388_ctrl           |es8388_ctrl            |277    |218     |25      |142     |0       |0       |
|    u_audio_receive        |audio_receive          |93     |58      |12      |53      |0       |0       |
|    u_audio_send           |audio_send             |23     |14      |0       |21      |0       |0       |
|    u_es8388_config        |es8388_config          |161    |146     |13      |68      |0       |0       |
|      u_i2c_dri            |i2c_dri                |104    |97      |5       |41      |0       |0       |
|      u_i2c_reg_cfg        |i2c_reg_cfg            |57     |49      |8       |27      |0       |0       |
|  u3_pll_clk               |clk_wiz_0              |1      |1       |0       |0       |0       |0       |
|  u_es8388_ctrl            |es8388_ctrl            |344    |255     |53      |150     |0       |0       |
|    u_audio_receive        |audio_receive          |95     |61      |12      |54      |0       |0       |
|    u_audio_send           |audio_send             |79     |39      |28      |28      |0       |0       |
|    u_es8388_config        |es8388_config          |170    |155     |13      |68      |0       |0       |
|      u_i2c_dri            |i2c_dri                |113    |106     |5       |41      |0       |0       |
|      u_i2c_reg_cfg        |i2c_reg_cfg            |57     |49      |8       |27      |0       |0       |
|  u_pll_clk                |clk_wiz_0              |1      |1       |0       |0       |0       |0       |
|  u_spar_4mic_localization |spar_4mic_localization |1670   |883     |616     |326     |0       |29      |
+--------------------------------------------------------------------------------------------------------+


DataNet Average Fanout:

   Index     Fanout     Nets  
    #1          1       2359  
    #2          2       579   
    #3          3       194   
    #4          4       166   
    #5        5-10      391   
    #6        11-50      95   
    #7       51-100      4    
    #8       101-500     5    
  Average     2.58            

RUN-1002 : start command "export_db ES8388_pr.db"
RUN-1001 : Exported /
RUN-1001 : Exported flow parameters
RUN-1001 : Exported libs
RUN-1001 : Exported entities
RUN-1001 : Exported ports
RUN-1001 : Exported pins
RUN-1001 : Exported instances
RUN-1001 : Exported nets
RUN-1001 : Exported buses
RUN-1001 : Exported models
RUN-1001 : Exported congestions
RUN-1001 : Exported violations
RUN-1001 : Exported IO constraints
RUN-1001 : Exported Inst constraints
RUN-1002 : start command "export_bid ES8388_inst.bid"
RUN-1002 : start command "bitgen -bit ES8388.bit -unused_io_status pulldown"
BIT-1003 : Start to generate bitstream. 
BIT-1002 : Bitgen processed 137 unused pads, reserve input tri_state with pulldown
BIT-1002 : Init instances with 16 threads.
BIT-1002 : Init instances completely, inst num: 1704
BIT-1002 : Init pips with 16 threads.
BIT-1002 : Init pips completely, net num: 3863, pip num: 36521
BIT-1002 : Init feedthrough with 16 threads.
BIT-1002 : Init feedthrough completely, num: 13
BIT-1003 : Multithreading accelaration with 16 threads.
BIT-1003 : Generate bitstream completely, there are 2611 valid insts, and 99562 bits set as '1'.
BIT-1004 : PLL setting string = 1111
BIT-1004 : Generate bits file ES8388.bit.
RUN-1003 : finish command "bitgen -bit ES8388.bit -unused_io_status pulldown" in  2.476164s wall, 27.500000s user + 1.406250s system = 28.906250s CPU (1167.4%)

RUN-1004 : used memory is 524 MB, reserved memory is 509 MB, peak memory is 724 MB
RUN-1002 : start command "backup_run_log run.log ../.logs/phy_1/td_20251026_104633.log"
