============================================================
   Tang Dynasty, V5.6.71036
      Copyright (c) 2012-2023 Anlogic Inc.
   Executable = D:/TD/bin/td.exe
   Built at =   20:34:38 Mar 21 2023
   Run by =     lyw15
   Run Date =   Fri Oct 17 15:38:47 2025

   Run on =     -001
============================================================
RUN-1002 : start command "open_project ES8388.prj"
RUN-1001 : Print Global Property
RUN-1001 : ---------------------------------------------------------------
RUN-1001 :        Parameters        |  Settings  |  Default Values  |  Note  
RUN-1001 : ---------------------------------------------------------------
RUN-1001 :          message         |  standard  |     standard     |        
RUN-1001 :   mixed_pack_place_flow  |     on     |        on        |        
RUN-1001 :        qor_monitor       |    off     |       off        |        
RUN-1001 :        syn_ip_flow       |    off     |       off        |        
RUN-1001 :          thread          |    auto    |       auto       |        
RUN-1001 : ---------------------------------------------------------------
RUN-1001 : Print Design Property
RUN-1001 : --------------------------------------------------------------
RUN-1001 :        Parameters       |  Settings  |  Default Values  |  Note  
RUN-1001 : --------------------------------------------------------------
RUN-1001 :   default_reg_initial   |    auto    |       auto       |        
RUN-1001 :        infer_add        |     on     |        on        |        
RUN-1001 :        infer_fsm        |    off     |       off        |        
RUN-1001 :        infer_mult       |     on     |        on        |        
RUN-1001 :        infer_ram        |     on     |        on        |        
RUN-1001 :        infer_reg        |     on     |        on        |        
RUN-1001 :   infer_reg_init_value  |     on     |        on        |        
RUN-1001 :        infer_rom        |     on     |        on        |        
RUN-1001 :      infer_shifter      |     on     |        on        |        
RUN-1001 : --------------------------------------------------------------
RUN-1001 : Print Rtl Property
RUN-1001 : --------------------------------------------------------------
RUN-1001 :        Parameters       |  Settings  |  Default Values  |  Note  
RUN-1001 : --------------------------------------------------------------
RUN-1001 :       compress_add      |   ripple   |      ripple      |        
RUN-1001 :        elf_sload        |    off     |       off        |        
RUN-1001 :       fix_undriven      |     0      |        0         |        
RUN-1001 :         flatten         |    off     |       off        |        
RUN-1001 :       gate_sharing      |     on     |        on        |        
RUN-1001 :    hdl_warning_level    |   normal   |      normal      |        
RUN-1001 :   impl_internal_tribuf  |     on     |        on        |        
RUN-1001 :      impl_set_reset     |     on     |        on        |        
RUN-1001 :        infer_gsr        |    off     |       off        |        
RUN-1001 :      keep_hierarchy     |    auto    |       auto       |        
RUN-1001 :        max_fanout       |    9999    |       9999       |        
RUN-1001 :      max_oh2bin_len     |     10     |        10        |        
RUN-1001 :       merge_equal       |     on     |        on        |        
RUN-1001 :       merge_equiv       |     on     |        on        |        
RUN-1001 :        merge_mux        |    off     |       off        |        
RUN-1001 :     min_control_set     |     8      |        8         |        
RUN-1001 :      min_ripple_len     |    auto    |       auto       |        
RUN-1001 :       oh2bin_ratio      |    0.08    |       0.08       |        
RUN-1001 :     opt_adder_fanout    |     on     |        on        |        
RUN-1001 :        opt_arith        |     on     |        on        |        
RUN-1001 :       opt_big_gate      |    off     |       off        |        
RUN-1001 :        opt_const        |     on     |        on        |        
RUN-1001 :      opt_const_mult     |     on     |        on        |        
RUN-1001 :       opt_lessthan      |     on     |        on        |        
RUN-1001 :         opt_mux         |    off     |       off        |        
RUN-1001 :         opt_ram         |    high    |       high       |        
RUN-1001 :      rtl_sim_model      |    off     |       off        |        
RUN-1001 :         seq_syn         |     on     |        on        |        
RUN-1001 : --------------------------------------------------------------
HDL-1007 : analyze verilog file ../../al_ip/clk_wiz_0.v
HDL-1007 : undeclared symbol 'open', assumed default net type 'wire' in ../../al_ip/clk_wiz_0.v(80)
HDL-1007 : analyze verilog file ../../../RTL/audio_receive.v
HDL-1007 : analyze verilog file ../../../RTL/audio_send.v
HDL-1007 : analyze verilog file ../../../RTL/audio_speak.v
HDL-1007 : analyze verilog file ../../../RTL/es8388_config.v
HDL-1007 : analyze verilog file ../../../RTL/es8388_ctrl.v
HDL-1007 : analyze verilog file ../../../RTL/i2c_dri.v
HDL-1007 : analyze verilog file ../../../RTL/i2c_reg_cfg.v
HDL-1007 : analyze verilog file ../../sound_direction_led.v
RUN-1001 : Project manager successfully analyzed 9 source files.
RUN-1002 : start command "import_device eagle_s20.db -package EG4S20BG256"
ARC-1001 : Device Initialization.
ARC-1001 : ------------------------------------------------------------------
ARC-1001 :            OPTION            |          IO          |   SETTING   
ARC-1001 : ------------------------------------------------------------------
ARC-1001 :   cso_b/cclk/mosi/miso/dout  |  T3/R11/T10/P10/S11  |    gpio    
ARC-1001 :             done             |         P13          |    gpio    
ARC-1001 :           program_b          |          T2          |  dedicate  
ARC-1001 :        tdi/tms/tck/tdo       |   C12/A15/C14/E14    |  dedicate  
ARC-1001 : ------------------------------------------------------------------
ARC-1004 : Device setting, marked 5 dedicate IOs in total.
RUN-1002 : start command "import_db ../syn_1/ES8388_gate.db"
RUN-1001 : Importing database generated by Tang Dynasty, V5.6.71036.
RUN-1001 : Database version number 46146.
RUN-1001 : Import flow parameters
RUN-1001 : Import IO constraints
RUN-1001 : Import Inst constraints
RUN-1001 : Import design success TD_VERSION=5.6.71036 , DB_VERSION=46146
RUN-1002 : start command "place"
RUN-1001 : Open license file D:/TD/license/Anlogic.lic
RUN-1001 : Print Global Property
RUN-1001 : ---------------------------------------------------------------
RUN-1001 :        Parameters        |  Settings  |  Default Values  |  Note  
RUN-1001 : ---------------------------------------------------------------
RUN-1001 :          message         |  standard  |     standard     |        
RUN-1001 :   mixed_pack_place_flow  |     on     |        on        |        
RUN-1001 :        qor_monitor       |    off     |       off        |        
RUN-1001 :        syn_ip_flow       |    off     |       off        |        
RUN-1001 :          thread          |    auto    |       auto       |        
RUN-1001 : ---------------------------------------------------------------
RUN-1001 : Print Place Property
RUN-1001 : --------------------------------------------------------------
RUN-1001 :        Parameters       |  Settings  |  Default Values  |  Note  
RUN-1001 : --------------------------------------------------------------
RUN-1001 :      detailed_place     |     on     |        on        |        
RUN-1001 :          effort         |   medium   |      medium      |        
RUN-1001 :         fix_hold        |    off     |       off        |        
RUN-1001 :       legalization      |    ori     |       ori        |        
RUN-1001 :      new_spreading      |     on     |        on        |        
RUN-1001 :        opt_timing       |   medium   |      medium      |        
RUN-1001 :   post_clock_route_opt  |    off     |       off        |        
RUN-1001 :       pr_strategy       |     1      |        1         |        
RUN-1001 :        relaxation       |    1.00    |       1.00       |        
RUN-1001 :         retiming        |    off     |       off        |        
RUN-1001 : --------------------------------------------------------------
PHY-3001 : Placer runs in 24 thread(s).
RUN-1002 : start command "legalize_phy_inst"
SYN-1011 : Flatten model audio_speak
RUN-1002 : start command "phys_opt -simplify_lut"
SYN-4016 : Net ilaclk_1_dup_1 driven by BUFG (0 clock/control pins, 2 other pins).
SYN-4016 : Net ilaclk_dup_1 driven by BUFG (0 clock/control pins, 2 other pins).
SYN-4027 : Net aud_mclk_1_dup_1 is clkc1 of pll u1_pll_clk/pll_inst.
SYN-4019 : Net sys_clk_dup_1 is refclk of pll u1_pll_clk/pll_inst.
SYN-4020 : Net sys_clk_dup_1 is fbclk of pll u1_pll_clk/pll_inst.
SYN-4027 : Net aud_mclk_dup_1 is clkc1 of pll u_pll_clk/pll_inst.
SYN-4019 : Net sys_clk_dup_1 is refclk of pll u_pll_clk/pll_inst.
SYN-4020 : Net sys_clk_dup_1 is fbclk of pll u_pll_clk/pll_inst.
SYN-4024 : Net "aud_bclk_dup_1" drives clk pins.
SYN-4024 : Net "aud_bclk_1_dup_1" drives clk pins.
SYN-4024 : Net "show/sample_clk" drives clk pins.
SYN-4024 : Net "u1_es8388_ctrl/u_es8388_config/u_i2c_dri/dri_clk" drives clk pins.
SYN-4024 : Net "u_es8388_ctrl/u_es8388_config/u_i2c_dri/dri_clk" drives clk pins.
SYN-4025 : Tag rtl::Net aud_bclk_1_dup_1 as clock net
SYN-4025 : Tag rtl::Net aud_bclk_dup_1 as clock net
SYN-4025 : Tag rtl::Net aud_mclk_1_dup_1 as clock net
SYN-4025 : Tag rtl::Net aud_mclk_dup_1 as clock net
SYN-4025 : Tag rtl::Net ilaclk_1_dup_1 as clock net
SYN-4025 : Tag rtl::Net ilaclk_dup_1 as clock net
SYN-4025 : Tag rtl::Net show/sample_clk as clock net
SYN-4025 : Tag rtl::Net sys_clk_dup_1 as clock net
SYN-4025 : Tag rtl::Net u1_es8388_ctrl/u_es8388_config/u_i2c_dri/dri_clk as clock net
SYN-4025 : Tag rtl::Net u_es8388_ctrl/u_es8388_config/u_i2c_dri/dri_clk as clock net
SYN-4026 : Tagged 10 rtl::Net as clock net
SYN-4015 : Create BUFG instance for clk Net aud_bclk_1_dup_1 to drive 80 clock pins.
SYN-4015 : Create BUFG instance for clk Net aud_bclk_dup_1 to drive 80 clock pins.
SYN-4015 : Create BUFG instance for clk Net show/sample_clk to drive 67 clock pins.
SYN-4015 : Create BUFG instance for clk Net u1_es8388_ctrl/u_es8388_config/u_i2c_dri/dri_clk to drive 59 clock pins.
SYN-4015 : Create BUFG instance for clk Net u_es8388_ctrl/u_es8388_config/u_i2c_dri/dri_clk to drive 59 clock pins.
PHY-1001 : Populate physical database on model audio_speak.
RUN-1001 : There are total 1003 instances
RUN-0007 : 463 luts, 381 seqs, 91 mslices, 30 lslices, 26 pads, 0 brams, 0 dsps
RUN-1001 : There are total 1119 nets
RUN-1001 : 669 nets have 2 pins
RUN-1001 : 340 nets have [3 - 5] pins
RUN-1001 : 45 nets have [6 - 10] pins
RUN-1001 : 37 nets have [11 - 20] pins
RUN-1001 : 25 nets have [21 - 99] pins
RUN-1001 : 3 nets have 100+ pins
RUN-1001 : Report Control nets information:
RUN-1001 : DFF Distribution
RUN-1001 : ----------------------------------
RUN-1001 :   CE   |  SSR  |  ASR  |  DFF Count  
RUN-1001 : ----------------------------------
RUN-1001 :   No   |  No   |  No   |      0      
RUN-1001 :   No   |  No   |  Yes  |     221     
RUN-1001 :   No   |  Yes  |  No   |      0      
RUN-1001 :   Yes  |  No   |  No   |      0      
RUN-1001 :   Yes  |  No   |  Yes  |     144     
RUN-1001 :   Yes  |  Yes  |  No   |     16      
RUN-1001 : ----------------------------------
RUN-0007 : Control Group Statistic
RUN-0007 : ---------------------------
RUN-0007 :   #CLK  |  #CE  |  #SSR/ASR  
RUN-0007 : ---------------------------
RUN-0007 :    6    |  11   |     5      
RUN-0007 : ---------------------------
RUN-0007 : Control Set = 18
PHY-3001 : Initial placement ...
PHY-3001 : design contains 1001 instances, 463 luts, 381 seqs, 121 slices, 23 macros(121 instances: 91 mslices 30 lslices)
PHY-0007 : Cell area utilization is 3%
PHY-3001 : Global placement ...
PHY-3001 : Initial: Len = 252501
PHY-3001 : Clustering ...
PHY-3001 : Level 0 #clusters 1001.
PHY-3001 : End clustering;  0.000039s wall, 0.000000s user + 0.000000s system = 0.000000s CPU (n/a%)

PHY-3001 : Run with size of 4
PHY-3001 : Cell area utilization is 3%
PHY-3001 : :::0::: Try harder cell spreading with beta_ = 0
PHY-3002 : Step(1): len = 140672, overlap = 0
PHY-3002 : Step(2): len = 99979.4, overlap = 0
PHY-3002 : Step(3): len = 66341.2, overlap = 0
PHY-3002 : Step(4): len = 52274.4, overlap = 0
PHY-3002 : Step(5): len = 46155.6, overlap = 0
PHY-3002 : Step(6): len = 42069.5, overlap = 0
PHY-3002 : Step(7): len = 37186.9, overlap = 1
PHY-3002 : Step(8): len = 36233.2, overlap = 0.75
PHY-3002 : Step(9): len = 33661.2, overlap = 0.5
PHY-3002 : Step(10): len = 30925.6, overlap = 0
PHY-3002 : Step(11): len = 30331.5, overlap = 0
PHY-3002 : Step(12): len = 29261.5, overlap = 0
PHY-3002 : Step(13): len = 27786, overlap = 0
PHY-3002 : Step(14): len = 26552.3, overlap = 0
PHY-3002 : Step(15): len = 24408.3, overlap = 0.0625
PHY-3002 : Step(16): len = 25035.5, overlap = 0
PHY-3002 : Step(17): len = 24732.1, overlap = 0
PHY-3002 : Step(18): len = 23245.9, overlap = 1.65625
PHY-3002 : Step(19): len = 21802.2, overlap = 2.5625
PHY-3002 : Step(20): len = 22027.6, overlap = 2.75
PHY-3002 : Step(21): len = 20615.3, overlap = 3.9375
PHY-3002 : Step(22): len = 20178.1, overlap = 5
PHY-3002 : Step(23): len = 20178.1, overlap = 5
PHY-3002 : Step(24): len = 19315.9, overlap = 6.125
PHY-3002 : Step(25): len = 19315.9, overlap = 6.125
PHY-3002 : Step(26): len = 18844.3, overlap = 6.25
PHY-3001 : Legalization ...
PHY-3001 : End legalization;  0.002379s wall, 0.000000s user + 0.000000s system = 0.000000s CPU (n/a%)

PHY-3001 : Run with size of 4
PHY-3001 : Cell area utilization is 4%
PHY-3001 : :::0::: Try harder cell spreading with beta_ = 0
PHY-3002 : Step(27): len = 18566.7, overlap = 16.2188
PHY-3002 : Step(28): len = 18566.7, overlap = 16.2188
PHY-3002 : Step(29): len = 18539.5, overlap = 16
PHY-3002 : Step(30): len = 18539.5, overlap = 16
PHY-3002 : Step(31): len = 18298.7, overlap = 15.9062
PHY-3002 : Step(32): len = 18298.7, overlap = 15.9062
PHY-3002 : Step(33): len = 18317, overlap = 16.0938
PHY-3002 : Step(34): len = 18317, overlap = 16.0938
PHY-3002 : Step(35): len = 18138.7, overlap = 16.1562
PHY-3002 : Step(36): len = 18138.7, overlap = 16.1562
PHY-3002 : Step(37): len = 18130.1, overlap = 16.4375
PHY-3002 : Step(38): len = 18130.1, overlap = 16.4375
PHY-3002 : Step(39): len = 18009.9, overlap = 16.75
PHY-3002 : Step(40): len = 18009.9, overlap = 16.75
PHY-3002 : Step(41): len = 17923.8, overlap = 16.75
PHY-3002 : Step(42): len = 17971.7, overlap = 16.6875
PHY-3002 : Step(43): len = 17971.7, overlap = 16.6875
PHY-3001 : Run with size of 2
PHY-3001 : Cell area utilization is 4%
PHY-3001 : :::0::: Try harder cell spreading with beta_ = 1.87323e-05
PHY-3002 : Step(44): len = 18621.8, overlap = 34.4062
PHY-3002 : Step(45): len = 18840.1, overlap = 34.4688
PHY-3002 : Step(46): len = 19410.7, overlap = 33.9688
PHY-3001 : :::1::: Try harder cell spreading with beta_ = 3.74646e-05
PHY-3002 : Step(47): len = 18988.2, overlap = 33.8125
PHY-3002 : Step(48): len = 19059.5, overlap = 33.75
PHY-3002 : Step(49): len = 19368.9, overlap = 31.3438
PHY-3001 : :::2::: Try harder cell spreading with beta_ = 7.49291e-05
PHY-3002 : Step(50): len = 19556.9, overlap = 29.5
PHY-3002 : Step(51): len = 19789.8, overlap = 28.875
PHY-3002 : Step(52): len = 20463.6, overlap = 25.6875
PHY-3001 : :::3::: Try harder cell spreading with beta_ = 0.000149858
PHY-3002 : Step(53): len = 20193.8, overlap = 23.7812
PHY-3002 : Step(54): len = 20193.8, overlap = 23.7812
PHY-3002 : Step(55): len = 20194.3, overlap = 23.625
PHY-3001 : :::4::: Try harder cell spreading with beta_ = 0.000299716
PHY-3002 : Step(56): len = 20654.7, overlap = 22.4062
PHY-3002 : Step(57): len = 20994.1, overlap = 21.3438
PHY-3002 : Step(58): len = 21053.6, overlap = 21.2812
OPT-1001 : Start physical optimization ...
OPT-1001 : Total overflow 57.16 peak overflow 3.84
OPT-1001 : Start high-fanout net optimization ...
OPT-1001 : Update timing in global mode
PHY-1001 : Start incremental global routing, caller is place ...
RUN-1001 : Generating global routing grids ...
RUN-1001 : Building simple global routing graph ...
PHY-1001 : Generate routing nets ...
PHY-1001 : Reuse net number 0/1119.
PHY-1001 : Global iterations in 24 thread ...
PHY-1002 : len = 21520, over cnt = 98(0%), over = 471, worst = 19
PHY-1001 : End global iterations;  0.028265s wall, 0.046875s user + 0.015625s system = 0.062500s CPU (221.1%)

PHY-1001 : Congestion index: top1 = 33.81, top5 = 12.71, top10 = 7.08, top15 = 4.81.
PHY-1001 : End incremental global routing;  0.061033s wall, 0.046875s user + 0.046875s system = 0.093750s CPU (153.6%)

RUN-1002 : start command "start_timer -report"
TMR-5001 WARNING: No sdc constraints found while initiating timer.
TMR-2505 : Start building timing graph for model audio_speak.
TMR-2506 : Build timing graph completely. Port num: 23, tpin num: 4657, tnet num: 1117, tinst num: 1001, tnode num: 6012, tedge num: 7373.
TMR-2508 : Levelizing timing graph completed, there are 31 levels in total.
TMR-2501 : Timing graph initialized successfully.
OPT-1001 : End timing update;  0.124775s wall, 0.093750s user + 0.031250s system = 0.125000s CPU (100.2%)

OPT-1001 : 0 high-fanout net processed.
OPT-1001 : End high-fanout net optimization;  0.196713s wall, 0.156250s user + 0.078125s system = 0.234375s CPU (119.1%)

OPT-1001 : Current memory(MB): used = 170, reserve = 137, peak = 170.
OPT-1001 : End physical optimization;  0.201906s wall, 0.156250s user + 0.078125s system = 0.234375s CPU (116.1%)

PHY-3001 : Start packing ...
SYN-4007 : Packing 0 MUX to BLE ...
SYN-4008 : Packed 0 MUX and 0 SEQ to BLE.
SYN-4007 : Packing 463 LUT to BLE ...
SYN-4008 : Packed 463 LUT and 228 SEQ to BLE.
SYN-4003 : Packing 153 remaining SEQ's ...
SYN-4005 : Packed 85 SEQ with LUT/SLICE
SYN-4006 : 170 single LUT's are left
SYN-4006 : 68 single SEQ's are left
SYN-4011 : Packing model "audio_speak" (AL_USER_NORMAL) with 531/690 primitive instances ...
PHY-3001 : End packing;  0.019682s wall, 0.015625s user + 0.000000s system = 0.015625s CPU (79.4%)

PHY-1001 : Populate physical database on model audio_speak.
RUN-1001 : There are total 442 instances
RUN-1001 : 202 mslices, 202 lslices, 26 pads, 0 brams, 0 dsps
RUN-1001 : There are total 897 nets
RUN-1001 : 453 nets have 2 pins
RUN-1001 : 335 nets have [3 - 5] pins
RUN-1001 : 46 nets have [6 - 10] pins
RUN-1001 : 39 nets have [11 - 20] pins
RUN-1001 : 23 nets have [21 - 99] pins
RUN-1001 : 1 nets have 100+ pins
PHY-3001 : design contains 440 instances, 404 slices, 23 macros(121 instances: 91 mslices 30 lslices)
PHY-3001 : Cell area utilization is 5%
PHY-3001 : After packing: Len = 20690.2, Over = 33.75
PHY-3001 : Run with size of 2
PHY-3001 : Cell area utilization is 5%
PHY-3001 : :::0::: Try harder cell spreading with beta_ = 2.37298e-05
PHY-3002 : Step(59): len = 19838.7, overlap = 36.25
PHY-3002 : Step(60): len = 19856.7, overlap = 36.75
PHY-3002 : Step(61): len = 19779.9, overlap = 36.25
PHY-3001 : :::1::: Try harder cell spreading with beta_ = 4.74597e-05
PHY-3002 : Step(62): len = 19878.2, overlap = 32.25
PHY-3002 : Step(63): len = 20117.6, overlap = 30.25
PHY-3002 : Step(64): len = 20519.5, overlap = 28.75
PHY-3001 : :::2::: Try harder cell spreading with beta_ = 9.49193e-05
PHY-3002 : Step(65): len = 21452.7, overlap = 24.75
PHY-3002 : Step(66): len = 21800.2, overlap = 24.5
PHY-3002 : Step(67): len = 22182, overlap = 24.25
PHY-3001 : Legalization ...
PHY-3001 : End legalization;  0.085669s wall, 0.125000s user + 0.078125s system = 0.203125s CPU (237.1%)

PHY-3001 : Trial Legalized: Len = 31178.5
PHY-3001 : Run with size of 2
PHY-3001 : Cell area utilization is 5%
PHY-3001 : :::0::: Try harder cell spreading with beta_ = 0.00401131
PHY-3002 : Step(68): len = 29029.2, overlap = 2
PHY-3002 : Step(69): len = 28178, overlap = 4.5
PHY-3002 : Step(70): len = 27014.8, overlap = 5.75
PHY-3002 : Step(71): len = 26210.4, overlap = 8
PHY-3002 : Step(72): len = 25363.5, overlap = 9.25
PHY-3002 : Step(73): len = 24759.9, overlap = 10.75
PHY-3002 : Step(74): len = 24669.7, overlap = 10.75
PHY-3002 : Step(75): len = 24360.3, overlap = 10.5
PHY-3002 : Step(76): len = 24050.3, overlap = 11
PHY-3002 : Step(77): len = 23815, overlap = 11.75
PHY-3002 : Step(78): len = 23652.9, overlap = 11
PHY-3002 : Step(79): len = 23535.6, overlap = 10.75
PHY-3001 : Legalization ...
PHY-3001 : End legalization;  0.003778s wall, 0.000000s user + 0.000000s system = 0.000000s CPU (n/a%)

PHY-3001 : Legalized: Len = 26920.6, Over = 0
PHY-3001 : End spreading;  0.002152s wall, 0.000000s user + 0.000000s system = 0.000000s CPU (n/a%)

PHY-3001 : Final: Len = 26920.6, Over = 0
OPT-1001 : Start physical optimization ...
OPT-1001 : Total overflow 0.00 peak overflow 0.00
OPT-1001 : Start high-fanout net optimization ...
OPT-1001 : Update timing in global mode
PHY-1001 : Start incremental global routing, caller is place ...
RUN-1001 : Generating global routing grids ...
PHY-1001 : Generate routing nets ...
PHY-1001 : Reuse net number 30/897.
PHY-1001 : Global iterations in 24 thread ...
PHY-1002 : len = 31704, over cnt = 91(0%), over = 132, worst = 5
PHY-1002 : len = 32384, over cnt = 20(0%), over = 24, worst = 2
PHY-1002 : len = 32576, over cnt = 9(0%), over = 11, worst = 2
PHY-1002 : len = 32728, over cnt = 1(0%), over = 1, worst = 1
PHY-1002 : len = 32744, over cnt = 0(0%), over = 0, worst = 0
PHY-1001 : End global iterations;  0.055202s wall, 0.062500s user + 0.062500s system = 0.125000s CPU (226.4%)

PHY-1001 : Congestion index: top1 = 23.43, top5 = 15.87, top10 = 10.22, top15 = 7.25.
PHY-1001 : End incremental global routing;  0.087067s wall, 0.109375s user + 0.062500s system = 0.171875s CPU (197.4%)

RUN-1002 : start command "start_timer -report"
TMR-5001 WARNING: No sdc constraints found while initiating timer.
TMR-2505 : Start building timing graph for model audio_speak.
TMR-2506 : Build timing graph completely. Port num: 23, tpin num: 3825, tnet num: 895, tinst num: 440, tnode num: 4798, tedge num: 6338.
TMR-2508 : Levelizing timing graph completed, there are 31 levels in total.
TMR-2501 : Timing graph initialized successfully.
OPT-1001 : End timing update;  0.113814s wall, 0.093750s user + 0.015625s system = 0.109375s CPU (96.1%)

OPT-1001 : 0 high-fanout net processed.
OPT-1001 : End high-fanout net optimization;  0.210044s wall, 0.218750s user + 0.078125s system = 0.296875s CPU (141.3%)

OPT-1001 : Current memory(MB): used = 174, reserve = 141, peak = 174.
OPT-1001 : Update timing in Manhattan mode
OPT-1001 : End timing update;  0.000630s wall, 0.000000s user + 0.000000s system = 0.000000s CPU (n/a%)

OPT-1001 : Start pin optimization...
OPT-1001 : skip pin optimization...
RUN-1001 : Generating global routing grids ...
PHY-1001 : Generate routing nets ...
PHY-1001 : Reuse net number 736/897.
PHY-1001 : Global iterations in 24 thread ...
PHY-1002 : len = 32744, over cnt = 0(0%), over = 0, worst = 0
PHY-1001 : End global iterations;  0.001809s wall, 0.000000s user + 0.000000s system = 0.000000s CPU (n/a%)

PHY-1001 : Congestion index: top1 = 23.43, top5 = 15.87, top10 = 10.22, top15 = 7.25.
OPT-1001 : Update timing in Manhattan mode
OPT-1001 : End timing update;  0.000866s wall, 0.000000s user + 0.000000s system = 0.000000s CPU (n/a%)

RUN-1001 : QoR Analysis:
OPT-0007 :   WNS 2147483647 TNS 0 NUM_FEPS 0
RUN-1001 :   No local congestion issue, and most congested 1% tile average routing util is 23.034483
RUN-1001 :   Top critical paths
OPT-1001 : End physical optimization;  0.247747s wall, 0.250000s user + 0.078125s system = 0.328125s CPU (132.4%)

RUN-1003 : finish command "place" in  2.429531s wall, 3.484375s user + 3.406250s system = 6.890625s CPU (283.6%)

RUN-1004 : used memory is 150 MB, reserved memory is 117 MB, peak memory is 175 MB
RUN-1002 : start command "export_db ES8388_place.db"
RUN-1001 : Exported /
RUN-1001 : Exported flow parameters
RUN-1001 : Exported libs
RUN-1001 : Exported entities
RUN-1001 : Exported ports
RUN-1001 : Exported pins
RUN-1001 : Exported instances
RUN-1001 : Exported nets
RUN-1001 : Exported buses
RUN-1001 : Exported models
RUN-1001 : Exported congestions
RUN-1001 : Exported violations
RUN-1001 : Exported IO constraints
RUN-1001 : Exported Inst constraints
RUN-1002 : start command "route"
RUN-1001 : Open license file D:/TD/license/Anlogic.lic
RUN-1001 : Print Global Property
RUN-1001 : ---------------------------------------------------------------
RUN-1001 :        Parameters        |  Settings  |  Default Values  |  Note  
RUN-1001 : ---------------------------------------------------------------
RUN-1001 :          message         |  standard  |     standard     |        
RUN-1001 :   mixed_pack_place_flow  |     on     |        on        |        
RUN-1001 :        qor_monitor       |    off     |       off        |        
RUN-1001 :        syn_ip_flow       |    off     |       off        |        
RUN-1001 :          thread          |    auto    |       auto       |        
RUN-1001 : ---------------------------------------------------------------
RUN-1001 : Print Route Property
RUN-1001 : -------------------------------------------------------
RUN-1001 :    Parameters    |  Settings  |  Default Values  |  Note  
RUN-1001 : -------------------------------------------------------
RUN-1001 :      effort      |   medium   |      medium      |        
RUN-1001 :     fix_hold     |    off     |       off        |        
RUN-1001 :    opt_timing    |   medium   |      medium      |        
RUN-1001 :   phy_sim_model  |    off     |       off        |        
RUN-1001 :     priority     |   timing   |      timing      |        
RUN-1001 :     swap_pin     |     on     |        on        |        
RUN-1001 : -------------------------------------------------------
PHY-1001 : Route runs in 24 thread(s)
RUN-1001 : There are total 442 instances
RUN-1001 : 202 mslices, 202 lslices, 26 pads, 0 brams, 0 dsps
RUN-1001 : There are total 897 nets
RUN-1001 : 453 nets have 2 pins
RUN-1001 : 335 nets have [3 - 5] pins
RUN-1001 : 46 nets have [6 - 10] pins
RUN-1001 : 39 nets have [11 - 20] pins
RUN-1001 : 23 nets have [21 - 99] pins
RUN-1001 : 1 nets have 100+ pins
RUN-1002 : start command "start_timer -report"
TMR-5001 WARNING: No sdc constraints found while initiating timer.
TMR-2505 : Start building timing graph for model audio_speak.
TMR-2506 : Build timing graph completely. Port num: 23, tpin num: 3825, tnet num: 895, tinst num: 440, tnode num: 4798, tedge num: 6338.
TMR-2508 : Levelizing timing graph completed, there are 31 levels in total.
TMR-2501 : Timing graph initialized successfully.
PHY-1001 : 202 mslices, 202 lslices, 26 pads, 0 brams, 0 dsps
TMR-2503 : Start to update net delay, extr mode = 3.
TMR-2504 : Update delay of 895 nets completely.
TMR-2502 : Annotate delay completely, extr mode = 3.
TMR-3002 : No user constraint, initiate default constraint.
TMR-1501 : Assign derive clock DeriveClock to 474 clock pins, and constraint 969 relative nodes.
TMR-3003 : Constraints initiated successfully.
TMR-3501 : Forward propagation: start to calculate arrival time...
TMR-3502 : Backward propagation: start to calculate required time...
TMR-3503 : Timing propagation completes.
PHY-1001 : Start global routing, caller is route ...
RUN-1001 : Generating global routing grids ...
PHY-1001 : Generate routing nets ...
PHY-1001 : Global iterations in 24 thread ...
PHY-1002 : len = 31296, over cnt = 90(0%), over = 130, worst = 5
PHY-1002 : len = 32024, over cnt = 21(0%), over = 26, worst = 2
PHY-1002 : len = 32384, over cnt = 2(0%), over = 3, worst = 2
PHY-1002 : len = 32432, over cnt = 0(0%), over = 0, worst = 0
PHY-1001 : End global iterations;  0.061208s wall, 0.046875s user + 0.000000s system = 0.046875s CPU (76.6%)

PHY-1001 : Congestion index: top1 = 23.02, top5 = 15.71, top10 = 10.14, top15 = 7.20.
PHY-1001 : End global routing;  0.095744s wall, 0.078125s user + 0.000000s system = 0.078125s CPU (81.6%)

PHY-1001 : Start detail routing ...
PHY-1001 : Current memory(MB): used = 209, reserve = 177, peak = 229.
PHY-1001 : Detailed router is running in normal mode.
PHY-1001 : Generate detailed routing grids ...
PHY-1001 : Processed IO instance aud_dacdat_syn_4 with INV attribute.
PHY-1001 : Processed IO instance aud_dacdat_1_syn_4 with INV attribute.
PHY-1001 : Generate nets ...
PHY-1001 : clock net aud_bclk_syn_4 will be merged with clock aud_bclk_dup_1
PHY-1001 : clock net aud_bclk_1_syn_4 will be merged with clock aud_bclk_1_dup_1
PHY-1001 : net aud_mclk_dup_1 will be routed on clock mesh
PHY-1001 : net aud_mclk_1_dup_1 will be routed on clock mesh
PHY-1001 : clock net ilaclk_dup_1 will be merged with clock u_pll_clk/clk0_buf
PHY-1001 : clock net ilaclk_1_dup_1 will be merged with clock u1_pll_clk/clk0_buf
PHY-1001 : net sys_clk_dup_1 will be routed on clock mesh
PHY-1001 : clock net show/sample_clk_syn_4 will be merged with clock show/sample_clk
PHY-1001 : clock net u_es8388_ctrl/u_es8388_config/u_i2c_dri/dri_clk_syn_4 will be merged with clock u_es8388_ctrl/u_es8388_config/u_i2c_dri/dri_clk
PHY-1001 : clock net u1_es8388_ctrl/u_es8388_config/u_i2c_dri/dri_clk_syn_4 will be merged with clock u1_es8388_ctrl/u_es8388_config/u_i2c_dri/dri_clk
PHY-1001 : Current memory(MB): used = 476, reserve = 449, peak = 476.
PHY-1001 : End build detailed router design. 2.482925s wall, 2.390625s user + 0.062500s system = 2.453125s CPU (98.8%)

PHY-1001 : Detail Route ...
PHY-1001 : ===== Detail Route Phase 1 =====
PHY-1001 : Clock net routing.....
PHY-1001 : Routed 1% nets.
PHY-1022 : len = 21896, over cnt = 0(0%), over = 0, worst = 0, crit = 0
PHY-1001 : End initial clock net routed; 1.865309s wall, 1.812500s user + 0.031250s system = 1.843750s CPU (98.8%)

PHY-1001 : Current memory(MB): used = 508, reserve = 482, peak = 508.
PHY-1001 : End phase 1; 1.869960s wall, 1.828125s user + 0.031250s system = 1.859375s CPU (99.4%)

PHY-1001 : ===== Detail Route Phase 2 =====
PHY-1001 : Initial routing.....
PHY-1001 : Routed 35% nets.
PHY-1001 : Routed 44% nets.
PHY-1001 : Routed 51% nets.
PHY-1001 : Routed 64% nets.
PHY-1001 : Routed 85% nets.
PHY-1022 : len = 150832, over cnt = 21(0%), over = 21, worst = 1, crit = 0
PHY-1001 : Current memory(MB): used = 508, reserve = 482, peak = 509.
PHY-1001 : End initial routed; 0.742676s wall, 0.781250s user + 0.234375s system = 1.015625s CPU (136.8%)

PHY-1001 : Current memory(MB): used = 509, reserve = 482, peak = 509.
PHY-1001 : End phase 2; 0.742751s wall, 0.781250s user + 0.234375s system = 1.015625s CPU (136.7%)

PHY-1001 : ===== Detail Route Phase 3 =====
PHY-1001 : Ripup-reroute.....
PHY-1001 : ===== DR Iter 1 =====
PHY-1022 : len = 150760, over cnt = 5(0%), over = 5, worst = 1, crit = 0
PHY-1001 : End DR Iter 1; 0.015596s wall, 0.000000s user + 0.031250s system = 0.031250s CPU (200.4%)

PHY-1001 : ===== DR Iter 2 =====
PHY-1022 : len = 150816, over cnt = 2(0%), over = 2, worst = 1, crit = 0
PHY-1001 : End DR Iter 2; 0.014879s wall, 0.015625s user + 0.000000s system = 0.015625s CPU (105.0%)

PHY-1001 : ===== DR Iter 3 =====
PHY-1022 : len = 150840, over cnt = 0(0%), over = 0, worst = 0, crit = 0
PHY-1001 : End DR Iter 3; 0.013275s wall, 0.000000s user + 0.000000s system = 0.000000s CPU (n/a%)

PHY-1001 : Commit to database.....
PHY-1001 : 8 feed throughs used by 6 nets
PHY-1001 : End commit to database; 0.088188s wall, 0.078125s user + 0.015625s system = 0.093750s CPU (106.3%)

PHY-1001 : Current memory(MB): used = 521, reserve = 494, peak = 521.
PHY-1001 : End phase 3; 0.230996s wall, 0.203125s user + 0.046875s system = 0.250000s CPU (108.2%)

PHY-1003 : Routed, final wirelength = 150840
PHY-1001 : Current memory(MB): used = 521, reserve = 494, peak = 521.
PHY-1001 : End export database. 0.006626s wall, 0.000000s user + 0.000000s system = 0.000000s CPU (n/a%)

PHY-1001 : End detail routing;  5.490106s wall, 5.359375s user + 0.390625s system = 5.750000s CPU (104.7%)

RUN-1003 : finish command "route" in  5.764706s wall, 5.609375s user + 0.390625s system = 6.000000s CPU (104.1%)

RUN-1004 : used memory is 438 MB, reserved memory is 412 MB, peak memory is 521 MB
RUN-1002 : start command "report_area -io_info -file ES8388_phy.area"
RUN-1001 : standard
***Report Model: audio_speak Device: EG4S20BG256***

IO Statistics
#IO                        26
  #input                   11
  #output                  13
  #inout                    2

Utilization Statistics
#lut                      705   out of  19600    3.60%
#reg                      381   out of  19600    1.94%
#le                       773
  #lut only               392   out of    773   50.71%
  #reg only                68   out of    773    8.80%
  #lut&reg                313   out of    773   40.49%
#dsp                        0   out of     29    0.00%
#bram                       0   out of     64    0.00%
  #bram9k                   0
  #fifo9k                   0
#bram32k                    0   out of     16    0.00%
#pad                       26   out of    188   13.83%
  #ireg                     4
  #oreg                     9
  #treg                     2
#pll                        2   out of      4   50.00%
#gclk                       7   out of     16   43.75%

Clock Resource Statistics
Index     ClockNet                                            Type               DriverType         Driver                                                           Fanout
#1        aud_bclk_1_dup_1                                    GCLK               io                 aud_bclk_1_syn_2.di                                              47
#2        aud_bclk_dup_1                                      GCLK               io                 aud_bclk_syn_2.di                                                45
#3        u1_es8388_ctrl/u_es8388_config/u_i2c_dri/dri_clk    GCLK               mslice             u1_es8388_ctrl/u_es8388_config/u_i2c_dri/dri_clk_reg_syn_9.q1    41
#4        u_es8388_ctrl/u_es8388_config/u_i2c_dri/dri_clk     GCLK               mslice             u_es8388_ctrl/u_es8388_config/u_i2c_dri/dri_clk_reg_syn_9.q0     41
#5        show/sample_clk                                     GCLK               lslice             show/sample_clk_reg_syn_9.q0                                     37
#6        sys_clk_dup_1                                       GCLK               io                 sys_clk_syn_2.di                                                 28
#7        aud_mclk_1_dup_1                                    GCLK               pll                u1_pll_clk/pll_inst.clkc1                                        0
#8        aud_mclk_dup_1                                      GCLK               pll                u_pll_clk/pll_inst.clkc1                                         0
#9        u1_pll_clk/clk0_buf                                 GCLK               pll                u1_pll_clk/pll_inst.clkc0                                        0
#10       u_pll_clk/clk0_buf                                  GCLK               pll                u_pll_clk/pll_inst.clkc0                                         0


Detailed IO Report

      Name        Direction    Location    IOStandard    DriveStrength    PullType     PackReg   
   aud_adcdat       INPUT        R14        LVCMOS25          N/A          PULLUP       IREG     
  aud_adcdat_1      INPUT         F7        LVCMOS25          N/A          PULLUP       IREG     
    aud_bclk        INPUT         M6        LVCMOS25          N/A          PULLUP       NONE     
   aud_bclk_1       INPUT         C4        LVCMOS25          N/A          PULLUP       NONE     
    aud_lrc         INPUT         M7        LVCMOS25          N/A          PULLUP       IREG     
   aud_lrc_1        INPUT         D6        LVCMOS25          N/A          PULLUP       IREG     
    sys_clk         INPUT         R7        LVCMOS25          N/A          PULLUP       NONE     
   sys_rst_n        INPUT         E3        LVCMOS25          N/A          PULLUP       NONE     
  sys_rst_n_1       INPUT        H16        LVCMOS25          N/A           N/A         NONE     
   volume[1]        INPUT        B10        LVCMOS25          N/A          PULLUP       NONE     
   volume[0]        INPUT        A10        LVCMOS25          N/A          PULLUP       NONE     
   aud_dacdat      OUTPUT         P6        LVCMOS25           8            NONE        OREG     
  aud_dacdat_1     OUTPUT         C5        LVCMOS25           8            NONE        OREG     
    aud_mclk       OUTPUT         N5        LVCMOS25           8            NONE        NONE     
   aud_mclk_1      OUTPUT         B3        LVCMOS25           8            NONE        NONE     
    aud_scl        OUTPUT        R12        LVCMOS25           8            NONE        OREG     
   aud_scl_1       OUTPUT         B2        LVCMOS25           8            NONE        OREG     
     ilaclk        OUTPUT         T5        LVCMOS25           8            NONE        NONE     
    ilaclk_1       OUTPUT         D3        LVCMOS25           8            NONE        NONE     
      led          OUTPUT        B14        LVCMOS25           8            NONE        NONE     
     led_1         OUTPUT        B15        LVCMOS25           8            NONE        NONE     
    leds[2]        OUTPUT        C15        LVCMOS25           8            NONE        OREG     
    leds[1]        OUTPUT        C16        LVCMOS25           8            NONE        OREG     
    leds[0]        OUTPUT        E13        LVCMOS25           8            NONE        OREG     
    aud_sda         INOUT         R9        LVCMOS25           8           PULLUP     OREG;TREG  
   aud_sda_1        INOUT         B1        LVCMOS25           8           PULLUP     OREG;TREG  

Report Hierarchy Area:
+---------------------------------------------------------------------------------------------------+
|Instance            |Module                   |le     |lut     |ripple  |seq     |bram    |dsp     |
+---------------------------------------------------------------------------------------------------+
|top                 |audio_speak              |773    |584     |121     |396     |0       |0       |
|  show              |sound_localization_final |204    |135     |65      |77      |0       |0       |
|  u1_es8388_ctrl    |es8388_ctrl              |268    |220     |25      |144     |0       |0       |
|    u_audio_receive |audio_receive            |81     |50      |12      |54      |0       |0       |
|    u_audio_send    |audio_send               |23     |22      |0       |21      |0       |0       |
|    u_es8388_config |es8388_config            |164    |148     |13      |69      |0       |0       |
|      u_i2c_dri     |i2c_dri                  |108    |101     |5       |42      |0       |0       |
|      u_i2c_reg_cfg |i2c_reg_cfg              |56     |47      |8       |27      |0       |0       |
|  u1_pll_clk        |clk_wiz_0                |1      |1       |0       |0       |0       |0       |
|  u_es8388_ctrl     |es8388_ctrl              |275    |221     |25      |144     |0       |0       |
|    u_audio_receive |audio_receive            |81     |54      |12      |50      |0       |0       |
|    u_audio_send    |audio_send               |29     |18      |0       |26      |0       |0       |
|    u_es8388_config |es8388_config            |165    |149     |13      |68      |0       |0       |
|      u_i2c_dri     |i2c_dri                  |109    |102     |5       |41      |0       |0       |
|      u_i2c_reg_cfg |i2c_reg_cfg              |56     |47      |8       |27      |0       |0       |
|  u_pll_clk         |clk_wiz_0                |1      |1       |0       |0       |0       |0       |
+---------------------------------------------------------------------------------------------------+


DataNet Average Fanout:

   Index     Fanout    Nets  
    #1         1       425   
    #2         2       176   
    #3         3        98   
    #4         4        59   
    #5        5-10      49   
    #6       11-50      49   
    #7       51-100     3    
  Average     3.10           

RUN-1002 : start command "export_db ES8388_pr.db"
RUN-1001 : Exported /
RUN-1001 : Exported flow parameters
RUN-1001 : Exported libs
RUN-1001 : Exported entities
RUN-1001 : Exported ports
RUN-1001 : Exported pins
RUN-1001 : Exported instances
RUN-1001 : Exported nets
RUN-1001 : Exported buses
RUN-1001 : Exported models
RUN-1001 : Exported congestions
RUN-1001 : Exported violations
RUN-1001 : Exported IO constraints
RUN-1001 : Exported Inst constraints
RUN-1002 : start command "export_bid ES8388_inst.bid"
RUN-1002 : start command "bitgen -bit ES8388.bit -unused_io_status pulldown"
BIT-1003 : Start to generate bitstream. 
BIT-1002 : Bitgen processed 162 unused pads, reserve input tri_state with pulldown
BIT-1002 : Init instances with 24 threads.
BIT-1002 : Init instances completely, inst num: 602
BIT-1002 : Init pips with 24 threads.
BIT-1002 : Init pips completely, net num: 897, pip num: 9581
BIT-1002 : Init feedthrough completely, num: 8
BIT-1003 : Multithreading accelaration with 24 threads.
BIT-1003 : Generate bitstream completely, there are 1661 valid insts, and 26980 bits set as '1'.
BIT-1004 : PLL setting string = 0110
BIT-1004 : Generate bits file ES8388.bit.
RUN-1003 : finish command "bitgen -bit ES8388.bit -unused_io_status pulldown" in  1.398626s wall, 19.187500s user + 1.343750s system = 20.531250s CPU (1468.0%)

RUN-1004 : used memory is 453 MB, reserved memory is 429 MB, peak memory is 683 MB
RUN-1002 : start command "backup_run_log run.log ../.logs/phy_1/td_20251017_153847.log"
