============================================================
   Tang Dynasty, V5.6.71036
      Copyright (c) 2012-2023 Anlogic Inc.
   Executable = D:/TD/bin/td.exe
   Built at =   20:34:38 Mar 21 2023
   Run by =     lyw15
   Run Date =   Sun Oct 19 19:44:29 2025

   Run on =     -001
============================================================
RUN-1002 : start command "open_project ES8388.prj"
RUN-1001 : Print Global Property
RUN-1001 : ---------------------------------------------------------------
RUN-1001 :        Parameters        |  Settings  |  Default Values  |  Note  
RUN-1001 : ---------------------------------------------------------------
RUN-1001 :          message         |  standard  |     standard     |        
RUN-1001 :   mixed_pack_place_flow  |     on     |        on        |        
RUN-1001 :        qor_monitor       |    off     |       off        |        
RUN-1001 :        syn_ip_flow       |    off     |       off        |        
RUN-1001 :          thread          |    auto    |       auto       |        
RUN-1001 : ---------------------------------------------------------------
RUN-1001 : Print Design Property
RUN-1001 : --------------------------------------------------------------
RUN-1001 :        Parameters       |  Settings  |  Default Values  |  Note  
RUN-1001 : --------------------------------------------------------------
RUN-1001 :   default_reg_initial   |    auto    |       auto       |        
RUN-1001 :        infer_add        |     on     |        on        |        
RUN-1001 :        infer_fsm        |    off     |       off        |        
RUN-1001 :        infer_mult       |     on     |        on        |        
RUN-1001 :        infer_ram        |     on     |        on        |        
RUN-1001 :        infer_reg        |     on     |        on        |        
RUN-1001 :   infer_reg_init_value  |     on     |        on        |        
RUN-1001 :        infer_rom        |     on     |        on        |        
RUN-1001 :      infer_shifter      |     on     |        on        |        
RUN-1001 : --------------------------------------------------------------
RUN-1001 : Print Rtl Property
RUN-1001 : --------------------------------------------------------------
RUN-1001 :        Parameters       |  Settings  |  Default Values  |  Note  
RUN-1001 : --------------------------------------------------------------
RUN-1001 :       compress_add      |   ripple   |      ripple      |        
RUN-1001 :        elf_sload        |    off     |       off        |        
RUN-1001 :       fix_undriven      |     0      |        0         |        
RUN-1001 :         flatten         |    off     |       off        |        
RUN-1001 :       gate_sharing      |     on     |        on        |        
RUN-1001 :    hdl_warning_level    |   normal   |      normal      |        
RUN-1001 :   impl_internal_tribuf  |     on     |        on        |        
RUN-1001 :      impl_set_reset     |     on     |        on        |        
RUN-1001 :        infer_gsr        |    off     |       off        |        
RUN-1001 :      keep_hierarchy     |    auto    |       auto       |        
RUN-1001 :        max_fanout       |    9999    |       9999       |        
RUN-1001 :      max_oh2bin_len     |     10     |        10        |        
RUN-1001 :       merge_equal       |     on     |        on        |        
RUN-1001 :       merge_equiv       |     on     |        on        |        
RUN-1001 :        merge_mux        |    off     |       off        |        
RUN-1001 :     min_control_set     |     8      |        8         |        
RUN-1001 :      min_ripple_len     |    auto    |       auto       |        
RUN-1001 :       oh2bin_ratio      |    0.08    |       0.08       |        
RUN-1001 :     opt_adder_fanout    |     on     |        on        |        
RUN-1001 :        opt_arith        |     on     |        on        |        
RUN-1001 :       opt_big_gate      |    off     |       off        |        
RUN-1001 :        opt_const        |     on     |        on        |        
RUN-1001 :      opt_const_mult     |     on     |        on        |        
RUN-1001 :       opt_lessthan      |     on     |        on        |        
RUN-1001 :         opt_mux         |    off     |       off        |        
RUN-1001 :         opt_ram         |    high    |       high       |        
RUN-1001 :      rtl_sim_model      |    off     |       off        |        
RUN-1001 :         seq_syn         |     on     |        on        |        
RUN-1001 : --------------------------------------------------------------
HDL-1007 : analyze verilog file ../../al_ip/clk_wiz_0.v
HDL-1007 : undeclared symbol 'open', assumed default net type 'wire' in ../../al_ip/clk_wiz_0.v(80)
HDL-1007 : analyze verilog file ../../../RTL/audio_receive.v
HDL-1007 : analyze verilog file ../../../RTL/audio_send.v
HDL-1007 : analyze verilog file ../../../RTL/audio_speak.v
HDL-1007 : analyze verilog file ../../../RTL/es8388_config.v
HDL-1007 : analyze verilog file ../../../RTL/es8388_ctrl.v
HDL-1007 : analyze verilog file ../../../RTL/i2c_dri.v
HDL-1007 : analyze verilog file ../../../RTL/i2c_reg_cfg.v
HDL-1007 : analyze verilog file ../../al_ip/direction.v
RUN-1001 : Project manager successfully analyzed 9 source files.
RUN-1002 : start command "import_device eagle_s20.db -package EG4S20BG256"
ARC-1001 : Device Initialization.
ARC-1001 : ------------------------------------------------------------------
ARC-1001 :            OPTION            |          IO          |   SETTING   
ARC-1001 : ------------------------------------------------------------------
ARC-1001 :   cso_b/cclk/mosi/miso/dout  |  T3/R11/T10/P10/S11  |    gpio    
ARC-1001 :             done             |         P13          |    gpio    
ARC-1001 :           program_b          |          T2          |  dedicate  
ARC-1001 :        tdi/tms/tck/tdo       |   C12/A15/C14/E14    |  dedicate  
ARC-1001 : ------------------------------------------------------------------
ARC-1004 : Device setting, marked 5 dedicate IOs in total.
RUN-1002 : start command "import_db ../syn_1/ES8388_gate.db"
RUN-1001 : Importing database generated by Tang Dynasty, V5.6.71036.
RUN-1001 : Database version number 46146.
RUN-1001 : Import flow parameters
RUN-1001 : Import IO constraints
RUN-1001 : Import Inst constraints
RUN-1001 : Import design success TD_VERSION=5.6.71036 , DB_VERSION=46146
RUN-1002 : start command "place"
RUN-1001 : Open license file D:/TD/license/Anlogic.lic
RUN-1001 : Print Global Property
RUN-1001 : ---------------------------------------------------------------
RUN-1001 :        Parameters        |  Settings  |  Default Values  |  Note  
RUN-1001 : ---------------------------------------------------------------
RUN-1001 :          message         |  standard  |     standard     |        
RUN-1001 :   mixed_pack_place_flow  |     on     |        on        |        
RUN-1001 :        qor_monitor       |    off     |       off        |        
RUN-1001 :        syn_ip_flow       |    off     |       off        |        
RUN-1001 :          thread          |    auto    |       auto       |        
RUN-1001 : ---------------------------------------------------------------
RUN-1001 : Print Place Property
RUN-1001 : --------------------------------------------------------------
RUN-1001 :        Parameters       |  Settings  |  Default Values  |  Note  
RUN-1001 : --------------------------------------------------------------
RUN-1001 :      detailed_place     |     on     |        on        |        
RUN-1001 :          effort         |   medium   |      medium      |        
RUN-1001 :         fix_hold        |    off     |       off        |        
RUN-1001 :       legalization      |    ori     |       ori        |        
RUN-1001 :      new_spreading      |     on     |        on        |        
RUN-1001 :        opt_timing       |   medium   |      medium      |        
RUN-1001 :   post_clock_route_opt  |    off     |       off        |        
RUN-1001 :       pr_strategy       |     1      |        1         |        
RUN-1001 :        relaxation       |    1.00    |       1.00       |        
RUN-1001 :         retiming        |    off     |       off        |        
RUN-1001 : --------------------------------------------------------------
PHY-3001 : Placer runs in 24 thread(s).
RUN-1002 : start command "legalize_phy_inst"
SYN-1011 : Flatten model audio_speak
RUN-1002 : start command "phys_opt -simplify_lut"
SYN-4016 : Net ilaclk_1_dup_1 driven by BUFG (0 clock/control pins, 2 other pins).
SYN-4016 : Net ilaclk_dup_1 driven by BUFG (0 clock/control pins, 2 other pins).
SYN-4027 : Net aud_mclk_1_dup_1 is clkc1 of pll u1_pll_clk/pll_inst.
SYN-4019 : Net sys_clk_dup_1 is refclk of pll u1_pll_clk/pll_inst.
SYN-4020 : Net sys_clk_dup_1 is fbclk of pll u1_pll_clk/pll_inst.
SYN-4027 : Net aud_mclk_dup_1 is clkc1 of pll u_pll_clk/pll_inst.
SYN-4019 : Net sys_clk_dup_1 is refclk of pll u_pll_clk/pll_inst.
SYN-4020 : Net sys_clk_dup_1 is fbclk of pll u_pll_clk/pll_inst.
SYN-4024 : Net "aud_bclk_dup_1" drives clk pins.
SYN-4024 : Net "aud_bclk_1_dup_1" drives clk pins.
SYN-4024 : Net "u1_es8388_ctrl/u_es8388_config/u_i2c_dri/dri_clk" drives clk pins.
SYN-4024 : Net "u_es8388_ctrl/u_es8388_config/u_i2c_dri/dri_clk" drives clk pins.
SYN-4025 : Tag rtl::Net aud_bclk_1_dup_1 as clock net
SYN-4025 : Tag rtl::Net aud_bclk_dup_1 as clock net
SYN-4025 : Tag rtl::Net aud_mclk_1_dup_1 as clock net
SYN-4025 : Tag rtl::Net aud_mclk_dup_1 as clock net
SYN-4025 : Tag rtl::Net ilaclk_1_dup_1 as clock net
SYN-4025 : Tag rtl::Net ilaclk_dup_1 as clock net
SYN-4025 : Tag rtl::Net sys_clk_dup_1 as clock net
SYN-4025 : Tag rtl::Net u1_es8388_ctrl/u_es8388_config/u_i2c_dri/dri_clk as clock net
SYN-4025 : Tag rtl::Net u_es8388_ctrl/u_es8388_config/u_i2c_dri/dri_clk as clock net
SYN-4026 : Tagged 9 rtl::Net as clock net
SYN-4015 : Create BUFG instance for clk Net aud_bclk_1_dup_1 to drive 80 clock pins.
SYN-4015 : Create BUFG instance for clk Net aud_bclk_dup_1 to drive 80 clock pins.
SYN-4015 : Create BUFG instance for clk Net u1_es8388_ctrl/u_es8388_config/u_i2c_dri/dri_clk to drive 56 clock pins.
SYN-4015 : Create BUFG instance for clk Net u_es8388_ctrl/u_es8388_config/u_i2c_dri/dri_clk to drive 56 clock pins.
PHY-1001 : Populate physical database on model audio_speak.
RUN-1001 : There are total 2662 instances
RUN-0007 : 1201 luts, 560 seqs, 567 mslices, 290 lslices, 29 pads, 0 brams, 4 dsps
RUN-1001 : There are total 5449 nets
RUN-1001 : 3388 nets have 2 pins
RUN-1001 : 1783 nets have [3 - 5] pins
RUN-1001 : 121 nets have [6 - 10] pins
RUN-1001 : 74 nets have [11 - 20] pins
RUN-1001 : 61 nets have [21 - 99] pins
RUN-1001 : 22 nets have 100+ pins
RUN-1001 : Report Control nets information:
RUN-1001 : DFF Distribution
RUN-1001 : ----------------------------------
RUN-1001 :   CE   |  SSR  |  ASR  |  DFF Count  
RUN-1001 : ----------------------------------
RUN-1001 :   No   |  No   |  No   |      0      
RUN-1001 :   No   |  No   |  Yes  |     278     
RUN-1001 :   No   |  Yes  |  No   |      0      
RUN-1001 :   Yes  |  No   |  No   |      0      
RUN-1001 :   Yes  |  No   |  Yes  |     282     
RUN-1001 :   Yes  |  Yes  |  No   |      0      
RUN-1001 : ----------------------------------
RUN-0007 : Control Group Statistic
RUN-0007 : ---------------------------
RUN-0007 :   #CLK  |  #CE  |  #SSR/ASR  
RUN-0007 : ---------------------------
RUN-0007 :    5    |   9   |     4      
RUN-0007 : ---------------------------
RUN-0007 : Control Set = 15
PHY-3001 : Initial placement ...
PHY-3001 : design contains 2660 instances, 1201 luts, 560 seqs, 857 slices, 232 macros(857 instances: 567 mslices 290 lslices)
PHY-0007 : Cell area utilization is 14%
PHY-3001 : Global placement ...
PHY-3001 : Initial: Len = 809085
PHY-3001 : Clustering ...
PHY-3001 : Level 0 #clusters 2660.
PHY-3001 : End clustering;  0.000039s wall, 0.000000s user + 0.000000s system = 0.000000s CPU (n/a%)

PHY-3001 : Run with size of 4
PHY-3001 : Cell area utilization is 14%
PHY-3001 : :::0::: Try harder cell spreading with beta_ = 0
PHY-3002 : Step(1): len = 592036, overlap = 9
PHY-3002 : Step(2): len = 501338, overlap = 9
PHY-3002 : Step(3): len = 295984, overlap = 10.125
PHY-3002 : Step(4): len = 273779, overlap = 17.25
PHY-3002 : Step(5): len = 207798, overlap = 18.0938
PHY-3002 : Step(6): len = 194902, overlap = 18.0938
PHY-3002 : Step(7): len = 175546, overlap = 22.7812
PHY-3002 : Step(8): len = 160566, overlap = 28.2188
PHY-3002 : Step(9): len = 145954, overlap = 35.7812
PHY-3002 : Step(10): len = 135935, overlap = 45.2812
PHY-3002 : Step(11): len = 117112, overlap = 45.5938
PHY-3002 : Step(12): len = 112377, overlap = 48.6562
PHY-3002 : Step(13): len = 105355, overlap = 55.5312
PHY-3002 : Step(14): len = 101852, overlap = 58.6875
PHY-3002 : Step(15): len = 99173.6, overlap = 78.375
PHY-3001 : :::1::: Try harder cell spreading with beta_ = 3.10487e-05
PHY-3002 : Step(16): len = 94517.9, overlap = 78.5625
PHY-3002 : Step(17): len = 94924.7, overlap = 79.25
PHY-3002 : Step(18): len = 94883.7, overlap = 82.75
PHY-3002 : Step(19): len = 95308.8, overlap = 81.3125
PHY-3002 : Step(20): len = 93785.8, overlap = 82.1562
PHY-3002 : Step(21): len = 94036.7, overlap = 83.2188
PHY-3002 : Step(22): len = 92459.2, overlap = 80.7188
PHY-3002 : Step(23): len = 92458.8, overlap = 85.6562
PHY-3002 : Step(24): len = 90407, overlap = 82.5938
PHY-3002 : Step(25): len = 84615.5, overlap = 77.75
PHY-3002 : Step(26): len = 81683, overlap = 78.4375
PHY-3002 : Step(27): len = 80237.5, overlap = 81.0312
PHY-3002 : Step(28): len = 79482.6, overlap = 78.7188
PHY-3002 : Step(29): len = 77629.4, overlap = 76.5
PHY-3002 : Step(30): len = 76880.2, overlap = 78.2812
PHY-3002 : Step(31): len = 75900.6, overlap = 77.8125
PHY-3002 : Step(32): len = 74311.7, overlap = 77.3438
PHY-3002 : Step(33): len = 74350.8, overlap = 78.9375
PHY-3002 : Step(34): len = 73356, overlap = 75.5
PHY-3002 : Step(35): len = 72957.6, overlap = 75.0312
PHY-3002 : Step(36): len = 72676.2, overlap = 73.75
PHY-3001 : :::2::: Try harder cell spreading with beta_ = 6.20975e-05
PHY-3002 : Step(37): len = 72162, overlap = 72.4062
PHY-3002 : Step(38): len = 72142.8, overlap = 72.4062
PHY-3002 : Step(39): len = 71637.1, overlap = 72.625
PHY-3001 : :::3::: Try harder cell spreading with beta_ = 0.000117769
PHY-3002 : Step(40): len = 71826.3, overlap = 75.0312
PHY-3002 : Step(41): len = 71944.5, overlap = 77.6875
PHY-3002 : Step(42): len = 73601.4, overlap = 76.6562
PHY-3002 : Step(43): len = 73461.2, overlap = 77.5312
PHY-3002 : Step(44): len = 73406.8, overlap = 75.4062
PHY-3002 : Step(45): len = 73301.7, overlap = 75.9688
PHY-3001 : :::4::: Try harder cell spreading with beta_ = 0.000235538
PHY-3002 : Step(46): len = 72998.8, overlap = 78.1875
PHY-3002 : Step(47): len = 72977.5, overlap = 77.75
PHY-3002 : Step(48): len = 72880.4, overlap = 76.0938
PHY-3001 : Legalization ...
PHY-3001 : End legalization;  0.007385s wall, 0.000000s user + 0.000000s system = 0.000000s CPU (n/a%)

PHY-3001 : Run with size of 4
PHY-3001 : Cell area utilization is 18%
PHY-3001 : :::0::: Try harder cell spreading with beta_ = 2.00123e-06
PHY-3002 : Step(49): len = 69717.3, overlap = 152.219
PHY-3002 : Step(50): len = 70356.8, overlap = 158.688
PHY-3002 : Step(51): len = 63479.4, overlap = 156.688
PHY-3002 : Step(52): len = 61296.9, overlap = 162.406
PHY-3002 : Step(53): len = 62439.9, overlap = 164.438
PHY-3002 : Step(54): len = 61966.7, overlap = 170.688
PHY-3002 : Step(55): len = 62426.5, overlap = 176.469
PHY-3002 : Step(56): len = 58255.5, overlap = 188.125
PHY-3002 : Step(57): len = 54543.5, overlap = 197.406
PHY-3002 : Step(58): len = 55317.7, overlap = 200.688
PHY-3002 : Step(59): len = 56118.5, overlap = 207.562
PHY-3002 : Step(60): len = 56261.5, overlap = 207.469
PHY-3002 : Step(61): len = 52680.7, overlap = 208.406
PHY-3002 : Step(62): len = 50279.8, overlap = 212.094
PHY-3002 : Step(63): len = 50579.3, overlap = 216.25
PHY-3002 : Step(64): len = 49512.8, overlap = 227.875
PHY-3002 : Step(65): len = 49900.1, overlap = 235.406
PHY-3002 : Step(66): len = 49221.8, overlap = 234.219
PHY-3002 : Step(67): len = 49295.1, overlap = 232.438
PHY-3002 : Step(68): len = 47453.7, overlap = 233.562
PHY-3002 : Step(69): len = 47255.5, overlap = 236.594
PHY-3002 : Step(70): len = 47591.5, overlap = 233.656
PHY-3001 : :::1::: Try harder cell spreading with beta_ = 4.00247e-06
PHY-3002 : Step(71): len = 47464, overlap = 219.75
PHY-3002 : Step(72): len = 48175, overlap = 213.75
PHY-3002 : Step(73): len = 50802.2, overlap = 199.219
PHY-3002 : Step(74): len = 51417.4, overlap = 199.719
PHY-3002 : Step(75): len = 50423.5, overlap = 197.375
PHY-3002 : Step(76): len = 49143.6, overlap = 186.625
PHY-3002 : Step(77): len = 49279.4, overlap = 179.375
PHY-3002 : Step(78): len = 49606.8, overlap = 158.438
PHY-3001 : :::2::: Try harder cell spreading with beta_ = 8.00493e-06
PHY-3002 : Step(79): len = 51011.3, overlap = 159.781
PHY-3002 : Step(80): len = 52021.2, overlap = 155.406
PHY-3002 : Step(81): len = 55426.8, overlap = 160.75
PHY-3002 : Step(82): len = 56343.8, overlap = 159.812
PHY-3002 : Step(83): len = 55397.8, overlap = 157.312
PHY-3002 : Step(84): len = 52543.6, overlap = 156.688
PHY-3002 : Step(85): len = 52198, overlap = 157.156
PHY-3002 : Step(86): len = 52254.1, overlap = 157
PHY-3001 : :::3::: Try harder cell spreading with beta_ = 1.60099e-05
PHY-3002 : Step(87): len = 56263.2, overlap = 155.094
PHY-3002 : Step(88): len = 58360.1, overlap = 146.875
PHY-3002 : Step(89): len = 56860.9, overlap = 122.562
PHY-3002 : Step(90): len = 55854.3, overlap = 117.5
PHY-3002 : Step(91): len = 55381.9, overlap = 113.938
PHY-3002 : Step(92): len = 55090.6, overlap = 114.812
PHY-3001 : :::4::: Try harder cell spreading with beta_ = 3.20197e-05
PHY-3002 : Step(93): len = 54581.4, overlap = 115.531
PHY-3002 : Step(94): len = 54581.4, overlap = 115.531
PHY-3002 : Step(95): len = 54073, overlap = 114.156
PHY-3001 : :::5::: Try harder cell spreading with beta_ = 6.40395e-05
PHY-3002 : Step(96): len = 57785.6, overlap = 101.438
PHY-3002 : Step(97): len = 59552, overlap = 90.375
PHY-3002 : Step(98): len = 59456.8, overlap = 95.2812
PHY-3001 : :::6::: Try harder cell spreading with beta_ = 0.000128079
PHY-3002 : Step(99): len = 57703.8, overlap = 97.3438
PHY-3002 : Step(100): len = 57612.8, overlap = 98.0625
PHY-3002 : Step(101): len = 58007.2, overlap = 104.75
PHY-3001 : :::7::: Try harder cell spreading with beta_ = 0.000256158
PHY-3002 : Step(102): len = 57364.4, overlap = 98.1875
PHY-3002 : Step(103): len = 57349.8, overlap = 98.5938
PHY-3002 : Step(104): len = 57300.5, overlap = 99.125
PHY-3001 : :::8::: Try harder cell spreading with beta_ = 0.000512316
PHY-3002 : Step(105): len = 57762.9, overlap = 97.4375
PHY-3002 : Step(106): len = 57922.3, overlap = 96.1562
PHY-3002 : Step(107): len = 58211.7, overlap = 93.1875
PHY-3001 : Run with size of 2
PHY-3001 : Cell area utilization is 18%
PHY-3001 : :::0::: Try harder cell spreading with beta_ = 1.37896e-05
PHY-3002 : Step(108): len = 61648.7, overlap = 221.875
PHY-3002 : Step(109): len = 62605, overlap = 210.062
PHY-3002 : Step(110): len = 61544.6, overlap = 201.688
PHY-3002 : Step(111): len = 60892.3, overlap = 187.656
PHY-3002 : Step(112): len = 60102.8, overlap = 179.75
PHY-3002 : Step(113): len = 60002.6, overlap = 182.625
PHY-3002 : Step(114): len = 59226.5, overlap = 180
PHY-3002 : Step(115): len = 56827, overlap = 173.938
PHY-3002 : Step(116): len = 54843.8, overlap = 175
PHY-3002 : Step(117): len = 54326.9, overlap = 173.812
PHY-3002 : Step(118): len = 54420.4, overlap = 182.906
PHY-3002 : Step(119): len = 53112.5, overlap = 198.031
PHY-3002 : Step(120): len = 52767.9, overlap = 195.812
PHY-3002 : Step(121): len = 52908.6, overlap = 198.469
PHY-3001 : :::1::: Try harder cell spreading with beta_ = 2.75792e-05
PHY-3002 : Step(122): len = 56360.1, overlap = 184.094
PHY-3002 : Step(123): len = 57020.5, overlap = 182.719
PHY-3002 : Step(124): len = 57623, overlap = 182.219
PHY-3002 : Step(125): len = 57466.9, overlap = 182.5
PHY-3002 : Step(126): len = 56209.1, overlap = 186.062
PHY-3002 : Step(127): len = 56118.8, overlap = 184.938
PHY-3002 : Step(128): len = 54994.7, overlap = 185.844
PHY-3001 : :::2::: Try harder cell spreading with beta_ = 5.51584e-05
PHY-3002 : Step(129): len = 55723.3, overlap = 179.156
PHY-3002 : Step(130): len = 55723.3, overlap = 179.156
PHY-3002 : Step(131): len = 55848.9, overlap = 177.656
PHY-3001 : :::3::: Try harder cell spreading with beta_ = 9.97906e-05
PHY-3002 : Step(132): len = 57696, overlap = 170.281
PHY-3002 : Step(133): len = 58012.8, overlap = 165.062
PHY-3002 : Step(134): len = 60314.9, overlap = 152.844
PHY-3002 : Step(135): len = 61446.2, overlap = 143.656
PHY-3002 : Step(136): len = 62428.1, overlap = 146.375
PHY-3001 : :::4::: Try harder cell spreading with beta_ = 0.000199581
PHY-3002 : Step(137): len = 62657.9, overlap = 147.938
PHY-3002 : Step(138): len = 62752.4, overlap = 147.219
PHY-3002 : Step(139): len = 62983.4, overlap = 142.812
PHY-3001 : :::5::: Try harder cell spreading with beta_ = 0.000322922
PHY-3002 : Step(140): len = 63371.1, overlap = 146.812
PHY-3002 : Step(141): len = 63728.5, overlap = 145.094
PHY-3002 : Step(142): len = 66097, overlap = 133.344
PHY-3002 : Step(143): len = 67728.8, overlap = 129.812
PHY-3002 : Step(144): len = 66414.4, overlap = 130.125
PHY-3002 : Step(145): len = 65908.3, overlap = 129.312
PHY-3002 : Step(146): len = 65217.8, overlap = 128.688
PHY-3001 : :::6::: Try harder cell spreading with beta_ = 0.000577012
PHY-3002 : Step(147): len = 65719.4, overlap = 127.188
PHY-3002 : Step(148): len = 65931, overlap = 126.844
PHY-3002 : Step(149): len = 66328.5, overlap = 124.875
PHY-3001 : :::7::: Try harder cell spreading with beta_ = 0.000946154
PHY-3002 : Step(150): len = 66763.8, overlap = 127.531
PHY-3002 : Step(151): len = 66946.6, overlap = 125.469
PHY-3002 : Step(152): len = 67512.9, overlap = 122.25
PHY-3001 : :::8::: Try harder cell spreading with beta_ = 0.00153088
PHY-3002 : Step(153): len = 67797, overlap = 121.25
PHY-3002 : Step(154): len = 67868.5, overlap = 121.031
PHY-3002 : Step(155): len = 68203.6, overlap = 118.125
PHY-3001 : :::9::: Try harder cell spreading with beta_ = 0.00247696
PHY-3002 : Step(156): len = 68420.5, overlap = 114.844
PHY-3002 : Step(157): len = 68507.8, overlap = 116.406
PHY-3001 : :::10::: Try harder cell spreading with beta_ = 0.00400772
PHY-3002 : Step(158): len = 68692.7, overlap = 115.438
PHY-3002 : Step(159): len = 68995.1, overlap = 114.844
PHY-3002 : Step(160): len = 69620.3, overlap = 115.031
PHY-3002 : Step(161): len = 69561.9, overlap = 117.062
PHY-3002 : Step(162): len = 69462.8, overlap = 115.312
PHY-3001 : :::11::: Try harder cell spreading with beta_ = 0.00789384
PHY-3002 : Step(163): len = 69600.6, overlap = 115.125
PHY-3002 : Step(164): len = 69610.9, overlap = 114.781
PHY-3001 : :::12::: Try harder cell spreading with beta_ = 0.0127722
PHY-3002 : Step(165): len = 69636.8, overlap = 114.031
PHY-3002 : Step(166): len = 69636.8, overlap = 114.031
OPT-1001 : Start physical optimization ...
OPT-1001 : Total overflow 302.78 peak overflow 7.94
OPT-1001 : Start high-fanout net optimization ...
OPT-1001 : Update timing in global mode
PHY-1001 : Start incremental global routing, caller is place ...
RUN-1001 : Generating global routing grids ...
RUN-1001 : Building simple global routing graph ...
PHY-1001 : Generate routing nets ...
PHY-1001 : Reuse net number 0/5449.
PHY-1001 : Global iterations in 24 thread ...
PHY-1002 : len = 101712, over cnt = 452(1%), over = 2642, worst = 40
PHY-1001 : End global iterations;  0.134724s wall, 0.078125s user + 0.093750s system = 0.171875s CPU (127.6%)

PHY-1001 : Congestion index: top1 = 51.85, top5 = 35.86, top10 = 27.92, top15 = 22.09.
PHY-1001 : End incremental global routing;  0.190622s wall, 0.109375s user + 0.109375s system = 0.218750s CPU (114.8%)

RUN-1002 : start command "start_timer -report"
TMR-5001 WARNING: No sdc constraints found while initiating timer.
TMR-2505 : Start building timing graph for model audio_speak.
TMR-2506 : Build timing graph completely. Port num: 28, tpin num: 16333, tnet num: 3335, tinst num: 2660, tnode num: 19428, tedge num: 29254.
TMR-2508 : Levelizing timing graph completed, there are 73 levels in total.
TMR-2501 : Timing graph initialized successfully.
OPT-1001 : End timing update;  0.223388s wall, 0.203125s user + 0.015625s system = 0.218750s CPU (97.9%)

OPT-1001 : 0 high-fanout net processed.
OPT-1001 : End high-fanout net optimization;  0.454797s wall, 0.359375s user + 0.125000s system = 0.484375s CPU (106.5%)

OPT-1001 : Current memory(MB): used = 222, reserve = 192, peak = 222.
OPT-1001 : End physical optimization;  0.470910s wall, 0.390625s user + 0.125000s system = 0.515625s CPU (109.5%)

PHY-3001 : Start packing ...
SYN-4007 : Packing 0 MUX to BLE ...
SYN-4008 : Packed 0 MUX and 0 SEQ to BLE.
SYN-4007 : Packing 1201 LUT to BLE ...
SYN-4008 : Packed 1201 LUT and 377 SEQ to BLE.
SYN-4003 : Packing 183 remaining SEQ's ...
SYN-4005 : Packed 104 SEQ with LUT/SLICE
SYN-4006 : 736 single LUT's are left
SYN-4006 : 79 single SEQ's are left
SYN-4011 : Packing model "audio_speak" (AL_USER_NORMAL) with 1280/2181 primitive instances ...
PHY-3001 : End packing;  0.051526s wall, 0.046875s user + 0.000000s system = 0.046875s CPU (91.0%)

PHY-1001 : Populate physical database on model audio_speak.
RUN-1001 : There are total 1554 instances
RUN-1001 : 755 mslices, 755 lslices, 29 pads, 0 brams, 4 dsps
RUN-1001 : There are total 5078 nets
RUN-1001 : 3023 nets have 2 pins
RUN-1001 : 1777 nets have [3 - 5] pins
RUN-1001 : 121 nets have [6 - 10] pins
RUN-1001 : 79 nets have [11 - 20] pins
RUN-1001 : 59 nets have [21 - 99] pins
RUN-1001 : 19 nets have 100+ pins
PHY-3001 : design contains 1552 instances, 1510 slices, 232 macros(857 instances: 567 mslices 290 lslices)
PHY-3001 : Cell area utilization is 19%
PHY-3001 : After packing: Len = 68273, Over = 118.75
PHY-3001 : Run with size of 2
PHY-3001 : Cell area utilization is 19%
PHY-3001 : :::0::: Try harder cell spreading with beta_ = 2.30726e-05
PHY-3002 : Step(167): len = 63749.5, overlap = 131.25
PHY-3002 : Step(168): len = 63900.4, overlap = 130.5
PHY-3002 : Step(169): len = 61680.6, overlap = 141.5
PHY-3002 : Step(170): len = 61277.7, overlap = 145
PHY-3002 : Step(171): len = 59347.1, overlap = 153.5
PHY-3002 : Step(172): len = 57408.2, overlap = 152.75
PHY-3002 : Step(173): len = 57301.1, overlap = 154.25
PHY-3002 : Step(174): len = 56577.4, overlap = 151.25
PHY-3002 : Step(175): len = 56636, overlap = 152.5
PHY-3002 : Step(176): len = 56770.4, overlap = 150.25
PHY-3001 : :::1::: Try harder cell spreading with beta_ = 4.61452e-05
PHY-3002 : Step(177): len = 60202.5, overlap = 153.25
PHY-3002 : Step(178): len = 61176.4, overlap = 153.75
PHY-3002 : Step(179): len = 62799.6, overlap = 141.5
PHY-3002 : Step(180): len = 61413.8, overlap = 140
PHY-3002 : Step(181): len = 61268.6, overlap = 137.5
PHY-3002 : Step(182): len = 60924.2, overlap = 139
PHY-3001 : :::2::: Try harder cell spreading with beta_ = 9.06194e-05
PHY-3002 : Step(183): len = 63459.6, overlap = 134.25
PHY-3002 : Step(184): len = 64626.7, overlap = 132
PHY-3002 : Step(185): len = 65699.7, overlap = 131.5
PHY-3001 : Legalization ...
PHY-3001 : End legalization;  0.181171s wall, 0.218750s user + 0.218750s system = 0.437500s CPU (241.5%)

PHY-3001 : Trial Legalized: Len = 97254.7
PHY-3001 : Run with size of 2
PHY-3001 : Cell area utilization is 18%
PHY-3001 : :::0::: Try harder cell spreading with beta_ = 0.000389683
PHY-3002 : Step(186): len = 86600.8, overlap = 14.75
PHY-3002 : Step(187): len = 81243, overlap = 29.5
PHY-3002 : Step(188): len = 79366.6, overlap = 32.5
PHY-3002 : Step(189): len = 77950, overlap = 35
PHY-3002 : Step(190): len = 75905, overlap = 39
PHY-3002 : Step(191): len = 75333.4, overlap = 38.75
PHY-3002 : Step(192): len = 74777.6, overlap = 39.75
PHY-3002 : Step(193): len = 74620.3, overlap = 41.25
PHY-3002 : Step(194): len = 74554.2, overlap = 39.5
PHY-3001 : :::1::: Try harder cell spreading with beta_ = 0.000779366
PHY-3002 : Step(195): len = 74971.6, overlap = 41
PHY-3002 : Step(196): len = 75317.8, overlap = 41
PHY-3002 : Step(197): len = 75475.2, overlap = 41.25
PHY-3001 : :::2::: Try harder cell spreading with beta_ = 0.00155873
PHY-3002 : Step(198): len = 75799.1, overlap = 40.5
PHY-3002 : Step(199): len = 75799.1, overlap = 40.5
PHY-3001 : Legalization ...
PHY-3001 : End legalization;  0.004607s wall, 0.000000s user + 0.015625s system = 0.015625s CPU (339.2%)

PHY-3001 : Legalized: Len = 84199.9, Over = 0
PHY-3001 : Spreading special nets. 14 overflows in 2952 tiles.
PHY-3001 : End spreading;  0.006176s wall, 0.000000s user + 0.000000s system = 0.000000s CPU (n/a%)

PHY-3001 : 21 instances has been re-located, deltaX = 23, deltaY = 4, maxDist = 3.
PHY-3001 : Final: Len = 85229.9, Over = 0
OPT-1001 : Start physical optimization ...
OPT-1001 : Total overflow 0.00 peak overflow 0.00
OPT-1001 : Start high-fanout net optimization ...
OPT-1001 : Update timing in global mode
PHY-1001 : Start incremental global routing, caller is place ...
RUN-1001 : Generating global routing grids ...
PHY-1001 : Generate routing nets ...
PHY-1001 : Reuse net number 45/5078.
PHY-1001 : Global iterations in 24 thread ...
PHY-1002 : len = 123280, over cnt = 496(1%), over = 969, worst = 7
PHY-1002 : len = 128096, over cnt = 249(0%), over = 373, worst = 6
PHY-1002 : len = 129392, over cnt = 156(0%), over = 232, worst = 5
PHY-1002 : len = 131640, over cnt = 33(0%), over = 51, worst = 3
PHY-1002 : len = 132280, over cnt = 0(0%), over = 0, worst = 0
PHY-1001 : End global iterations;  0.338560s wall, 0.265625s user + 0.156250s system = 0.421875s CPU (124.6%)

PHY-1001 : Congestion index: top1 = 35.00, top5 = 30.32, top10 = 26.68, top15 = 23.60.
PHY-1001 : End incremental global routing;  0.401930s wall, 0.328125s user + 0.156250s system = 0.484375s CPU (120.5%)

RUN-1002 : start command "start_timer -report"
TMR-5001 WARNING: No sdc constraints found while initiating timer.
TMR-2505 : Start building timing graph for model audio_speak.
TMR-2506 : Build timing graph completely. Port num: 28, tpin num: 14984, tnet num: 2964, tinst num: 1552, tnode num: 17478, tedge num: 27566.
TMR-2508 : Levelizing timing graph completed, there are 73 levels in total.
TMR-2501 : Timing graph initialized successfully.
OPT-1001 : End timing update;  0.233204s wall, 0.218750s user + 0.000000s system = 0.218750s CPU (93.8%)

OPT-1001 : 0 high-fanout net processed.
OPT-1001 : End high-fanout net optimization;  0.678022s wall, 0.593750s user + 0.156250s system = 0.750000s CPU (110.6%)

OPT-1001 : Current memory(MB): used = 233, reserve = 203, peak = 233.
OPT-1001 : Update timing in Manhattan mode
OPT-1001 : End timing update;  0.002855s wall, 0.000000s user + 0.000000s system = 0.000000s CPU (n/a%)

OPT-1001 : Start pin optimization...
OPT-1001 : skip pin optimization...
RUN-1001 : Generating global routing grids ...
PHY-1001 : Generate routing nets ...
PHY-1001 : Reuse net number 2587/5078.
PHY-1001 : Global iterations in 24 thread ...
PHY-1002 : len = 132280, over cnt = 0(0%), over = 0, worst = 0
PHY-1001 : End global iterations;  0.007978s wall, 0.000000s user + 0.000000s system = 0.000000s CPU (n/a%)

PHY-1001 : Congestion index: top1 = 35.00, top5 = 30.32, top10 = 26.68, top15 = 23.60.
OPT-1001 : Update timing in Manhattan mode
OPT-1001 : End timing update;  0.003487s wall, 0.000000s user + 0.000000s system = 0.000000s CPU (n/a%)

RUN-1001 : QoR Analysis:
OPT-0007 :   WNS 2147483647 TNS 0 NUM_FEPS 0
RUN-1001 :   No local congestion issue, and most congested 1% tile average routing util is 34.655172
RUN-1001 :   Top critical paths
OPT-1001 : End physical optimization;  0.760911s wall, 0.671875s user + 0.156250s system = 0.828125s CPU (108.8%)

RUN-1003 : finish command "place" in  7.077720s wall, 10.281250s user + 10.359375s system = 20.640625s CPU (291.6%)

RUN-1004 : used memory is 193 MB, reserved memory is 163 MB, peak memory is 237 MB
RUN-1002 : start command "export_db ES8388_place.db"
RUN-1001 : Exported /
RUN-1001 : Exported flow parameters
RUN-1001 : Exported libs
RUN-1001 : Exported entities
RUN-1001 : Exported ports
RUN-1001 : Exported pins
RUN-1001 : Exported instances
RUN-1001 : Exported nets
RUN-1001 : Exported buses
RUN-1001 : Exported models
RUN-1001 : Exported congestions
RUN-1001 : Exported violations
RUN-1001 : Exported IO constraints
RUN-1001 : Exported Inst constraints
RUN-1002 : start command "route"
RUN-1001 : Open license file D:/TD/license/Anlogic.lic
RUN-1001 : Print Global Property
RUN-1001 : ---------------------------------------------------------------
RUN-1001 :        Parameters        |  Settings  |  Default Values  |  Note  
RUN-1001 : ---------------------------------------------------------------
RUN-1001 :          message         |  standard  |     standard     |        
RUN-1001 :   mixed_pack_place_flow  |     on     |        on        |        
RUN-1001 :        qor_monitor       |    off     |       off        |        
RUN-1001 :        syn_ip_flow       |    off     |       off        |        
RUN-1001 :          thread          |    auto    |       auto       |        
RUN-1001 : ---------------------------------------------------------------
RUN-1001 : Print Route Property
RUN-1001 : -------------------------------------------------------
RUN-1001 :    Parameters    |  Settings  |  Default Values  |  Note  
RUN-1001 : -------------------------------------------------------
RUN-1001 :      effort      |   medium   |      medium      |        
RUN-1001 :     fix_hold     |    off     |       off        |        
RUN-1001 :    opt_timing    |   medium   |      medium      |        
RUN-1001 :   phy_sim_model  |    off     |       off        |        
RUN-1001 :     priority     |   timing   |      timing      |        
RUN-1001 :     swap_pin     |     on     |        on        |        
RUN-1001 : -------------------------------------------------------
PHY-1001 : Route runs in 24 thread(s)
RUN-1001 : There are total 1554 instances
RUN-1001 : 755 mslices, 755 lslices, 29 pads, 0 brams, 4 dsps
RUN-1001 : There are total 5078 nets
RUN-1001 : 3023 nets have 2 pins
RUN-1001 : 1777 nets have [3 - 5] pins
RUN-1001 : 121 nets have [6 - 10] pins
RUN-1001 : 79 nets have [11 - 20] pins
RUN-1001 : 59 nets have [21 - 99] pins
RUN-1001 : 19 nets have 100+ pins
RUN-1002 : start command "start_timer -report"
TMR-5001 WARNING: No sdc constraints found while initiating timer.
TMR-2505 : Start building timing graph for model audio_speak.
TMR-2506 : Build timing graph completely. Port num: 28, tpin num: 14984, tnet num: 2964, tinst num: 1552, tnode num: 17478, tedge num: 27566.
TMR-2508 : Levelizing timing graph completed, there are 73 levels in total.
TMR-2501 : Timing graph initialized successfully.
PHY-1001 : 755 mslices, 755 lslices, 29 pads, 0 brams, 4 dsps
TMR-2503 : Start to update net delay, extr mode = 3.
TMR-2504 : Update delay of 2964 nets completely.
TMR-2502 : Annotate delay completely, extr mode = 3.
TMR-3002 : No user constraint, initiate default constraint.
TMR-1501 : Assign derive clock DeriveClock to 912 clock pins, and constraint 2487 relative nodes.
TMR-3003 : Constraints initiated successfully.
TMR-3501 : Forward propagation: start to calculate arrival time...
TMR-3502 : Backward propagation: start to calculate required time...
TMR-3503 : Timing propagation completes.
PHY-1001 : Start global routing, caller is route ...
RUN-1001 : Generating global routing grids ...
PHY-1001 : Generate routing nets ...
PHY-1001 : Global iterations in 24 thread ...
PHY-1002 : len = 122512, over cnt = 488(1%), over = 964, worst = 7
PHY-1002 : len = 126928, over cnt = 278(0%), over = 432, worst = 6
PHY-1002 : len = 129416, over cnt = 139(0%), over = 202, worst = 4
PHY-1002 : len = 131920, over cnt = 0(0%), over = 0, worst = 0
PHY-1001 : End global iterations;  0.337918s wall, 0.328125s user + 0.140625s system = 0.468750s CPU (138.7%)

PHY-1001 : Congestion index: top1 = 35.06, top5 = 30.36, top10 = 26.66, top15 = 23.58.
PHY-1001 : End global routing;  0.432632s wall, 0.375000s user + 0.156250s system = 0.531250s CPU (122.8%)

PHY-1001 : Start detail routing ...
PHY-1001 : Current memory(MB): used = 285, reserve = 256, peak = 302.
PHY-1001 : Detailed router is running in normal mode.
PHY-1001 : Generate detailed routing grids ...
PHY-1001 : Processed IO instance aud_dacdat_syn_4 with INV attribute.
PHY-1001 : Processed IO instance aud_dacdat_1_syn_4 with INV attribute.
PHY-1001 : Generate nets ...
PHY-1001 : clock net aud_bclk_syn_4 will be merged with clock aud_bclk_dup_1
PHY-1001 : clock net aud_bclk_1_syn_4 will be merged with clock aud_bclk_1_dup_1
PHY-1001 : net aud_mclk_dup_1 will be routed on clock mesh
PHY-1001 : net aud_mclk_1_dup_1 will be routed on clock mesh
PHY-1001 : clock net ilaclk_dup_1 will be merged with clock u_pll_clk/clk0_buf
PHY-1001 : clock net ilaclk_1_dup_1 will be merged with clock u1_pll_clk/clk0_buf
PHY-1001 : net sys_clk_dup_1 will be routed on clock mesh
PHY-1001 : clock net u_es8388_ctrl/u_es8388_config/u_i2c_dri/dri_clk_syn_4 will be merged with clock u_es8388_ctrl/u_es8388_config/u_i2c_dri/dri_clk
PHY-1001 : clock net u1_es8388_ctrl/u_es8388_config/u_i2c_dri/dri_clk_syn_4 will be merged with clock u1_es8388_ctrl/u_es8388_config/u_i2c_dri/dri_clk
PHY-1001 : Current memory(MB): used = 547, reserve = 522, peak = 547.
PHY-1001 : End build detailed router design. 2.597964s wall, 2.484375s user + 0.046875s system = 2.531250s CPU (97.4%)

PHY-1001 : Detail Route ...
PHY-1001 : ===== Detail Route Phase 1 =====
PHY-1001 : Clock net routing.....
PHY-1001 : Routed 0% nets.
PHY-1022 : len = 45976, over cnt = 0(0%), over = 0, worst = 0, crit = 0
PHY-1001 : End initial clock net routed; 1.746674s wall, 1.734375s user + 0.000000s system = 1.734375s CPU (99.3%)

PHY-1001 : Current memory(MB): used = 579, reserve = 556, peak = 579.
PHY-1001 : End phase 1; 1.752469s wall, 1.734375s user + 0.000000s system = 1.734375s CPU (99.0%)

PHY-1001 : ===== Detail Route Phase 2 =====
PHY-1001 : Initial routing.....
PHY-1001 : Routed 20% nets.
PHY-1001 : Routed 24% nets.
PHY-1001 : Routed 32% nets.
PHY-1001 : Routed 40% nets.
PHY-1001 : Routed 52% nets.
PHY-1022 : len = 564768, over cnt = 149(0%), over = 149, worst = 1, crit = 0
PHY-1001 : Current memory(MB): used = 582, reserve = 559, peak = 582.
PHY-1001 : End initial routed; 2.655111s wall, 2.421875s user + 1.437500s system = 3.859375s CPU (145.4%)

PHY-1001 : Current memory(MB): used = 582, reserve = 559, peak = 582.
PHY-1001 : End phase 2; 2.655197s wall, 2.421875s user + 1.437500s system = 3.859375s CPU (145.4%)

PHY-1001 : ===== Detail Route Phase 3 =====
PHY-1001 : Ripup-reroute.....
PHY-1001 : ===== DR Iter 1 =====
PHY-1022 : len = 558784, over cnt = 47(0%), over = 47, worst = 1, crit = 0
PHY-1001 : End DR Iter 1; 0.192192s wall, 0.171875s user + 0.031250s system = 0.203125s CPU (105.7%)

PHY-1001 : ===== DR Iter 2 =====
PHY-1022 : len = 558584, over cnt = 8(0%), over = 8, worst = 1, crit = 0
PHY-1001 : End DR Iter 2; 0.068788s wall, 0.046875s user + 0.015625s system = 0.062500s CPU (90.9%)

PHY-1001 : ===== DR Iter 3 =====
PHY-1022 : len = 558536, over cnt = 0(0%), over = 0, worst = 0, crit = 0
PHY-1001 : End DR Iter 3; 0.025936s wall, 0.031250s user + 0.000000s system = 0.031250s CPU (120.5%)

PHY-1001 : Commit to database.....
PHY-1001 : 40 feed throughs used by 30 nets
PHY-1001 : End commit to database; 0.353600s wall, 0.312500s user + 0.046875s system = 0.359375s CPU (101.6%)

PHY-1001 : Current memory(MB): used = 604, reserve = 580, peak = 604.
PHY-1001 : End phase 3; 0.753443s wall, 0.671875s user + 0.093750s system = 0.765625s CPU (101.6%)

PHY-1003 : Routed, final wirelength = 558536
PHY-1001 : Current memory(MB): used = 605, reserve = 581, peak = 605.
PHY-1001 : End export database. 0.014359s wall, 0.015625s user + 0.000000s system = 0.015625s CPU (108.8%)

PHY-1001 : End detail routing;  7.944865s wall, 7.500000s user + 1.578125s system = 9.078125s CPU (114.3%)

RUN-1003 : finish command "route" in  8.763498s wall, 8.265625s user + 1.734375s system = 10.000000s CPU (114.1%)

RUN-1004 : used memory is 496 MB, reserved memory is 474 MB, peak memory is 605 MB
RUN-1002 : start command "report_area -io_info -file ES8388_phy.area"
RUN-1001 : standard
***Report Model: audio_speak Device: EG4S20BG256***

IO Statistics
#IO                        29
  #input                   11
  #output                  16
  #inout                    2

Utilization Statistics
#lut                     2915   out of  19600   14.87%
#reg                      601   out of  19600    3.07%
#le                      2994
  #lut only              2393   out of   2994   79.93%
  #reg only                79   out of   2994    2.64%
  #lut&reg                522   out of   2994   17.43%
#dsp                        4   out of     29   13.79%
#bram                       0   out of     64    0.00%
  #bram9k                   0
  #fifo9k                   0
#bram32k                    0   out of     16    0.00%
#pad                       29   out of    188   15.43%
  #ireg                     4
  #oreg                     9
  #treg                     2
#pll                        2   out of      4   50.00%
#gclk                       6   out of     16   37.50%

Clock Resource Statistics
Index     ClockNet                                            Type               DriverType         Driver                                                           Fanout
#1        sys_clk_dup_1                                       GCLK               io                 sys_clk_syn_2.di                                                 382
#2        aud_bclk_1_dup_1                                    GCLK               io                 aud_bclk_1_syn_2.di                                              45
#3        aud_bclk_dup_1                                      GCLK               io                 aud_bclk_syn_2.di                                                45
#4        u1_es8388_ctrl/u_es8388_config/u_i2c_dri/dri_clk    GCLK               lslice             u1_es8388_ctrl/u_es8388_config/u_i2c_dri/dri_clk_reg_syn_9.q1    41
#5        u_es8388_ctrl/u_es8388_config/u_i2c_dri/dri_clk     GCLK               lslice             u_es8388_ctrl/u_es8388_config/u_i2c_dri/dri_clk_reg_syn_9.q1     41
#6        aud_mclk_1_dup_1                                    GCLK               pll                u1_pll_clk/pll_inst.clkc1                                        0
#7        aud_mclk_dup_1                                      GCLK               pll                u_pll_clk/pll_inst.clkc1                                         0
#8        u1_pll_clk/clk0_buf                                 GCLK               pll                u1_pll_clk/pll_inst.clkc0                                        0
#9        u_pll_clk/clk0_buf                                  GCLK               pll                u_pll_clk/pll_inst.clkc0                                         0


Detailed IO Report

      Name        Direction    Location    IOStandard    DriveStrength    PullType     PackReg   
   aud_adcdat       INPUT        R14        LVCMOS25          N/A          PULLUP       IREG     
  aud_adcdat_1      INPUT         F7        LVCMOS25          N/A          PULLUP       IREG     
    aud_bclk        INPUT         M6        LVCMOS25          N/A          PULLUP       NONE     
   aud_bclk_1       INPUT         C4        LVCMOS25          N/A          PULLUP       NONE     
    aud_lrc         INPUT         M7        LVCMOS25          N/A          PULLUP       IREG     
   aud_lrc_1        INPUT         D6        LVCMOS25          N/A          PULLUP       IREG     
    sys_clk         INPUT         R7        LVCMOS25          N/A          PULLUP       NONE     
   sys_rst_n        INPUT        H16        LVCMOS25          N/A           N/A         NONE     
  sys_rst_n_1       INPUT         E3        LVCMOS25          N/A          PULLUP       NONE     
   volume[1]        INPUT        B10        LVCMOS25          N/A          PULLUP       NONE     
   volume[0]        INPUT        A10        LVCMOS25          N/A          PULLUP       NONE     
    I2S_BCLK       OUTPUT        F15        LVCMOS25           8            NONE        NONE     
    I2S_DATA       OUTPUT        F13        LVCMOS25           8            NONE        NONE     
   I2S_LRCLK       OUTPUT        D16        LVCMOS25           8            NONE        NONE     
   aud_dacdat      OUTPUT         P6        LVCMOS25           8            NONE        OREG     
  aud_dacdat_1     OUTPUT         C5        LVCMOS25           8            NONE        OREG     
    aud_mclk       OUTPUT         N5        LVCMOS25           8            NONE        NONE     
   aud_mclk_1      OUTPUT         B3        LVCMOS25           8            NONE        NONE     
    aud_scl        OUTPUT        R12        LVCMOS25           8            NONE        OREG     
   aud_scl_1       OUTPUT         B2        LVCMOS25           8            NONE        OREG     
     ilaclk        OUTPUT         T5        LVCMOS25           8            NONE        NONE     
    ilaclk_1       OUTPUT         D3        LVCMOS25           8            NONE        NONE     
      led          OUTPUT        B14        LVCMOS25           8            NONE        NONE     
     led_1         OUTPUT        B15        LVCMOS25           8            NONE        NONE     
    led_mic0       OUTPUT        C15        LVCMOS25           8            NONE        OREG     
    led_mic1       OUTPUT        E13        LVCMOS25           8            NONE        OREG     
    led_mid        OUTPUT        C16        LVCMOS25           8            NONE        OREG     
    aud_sda         INOUT         R9        LVCMOS25           8           PULLUP     OREG;TREG  
   aud_sda_1        INOUT         B1        LVCMOS25           8           PULLUP     OREG;TREG  

Report Hierarchy Area:
+-----------------------------------------------------------------------------------------------+
|Instance            |Module               |le     |lut     |ripple  |seq     |bram    |dsp     |
+-----------------------------------------------------------------------------------------------+
|top                 |audio_speak          |2994   |2634    |281     |616     |0       |4       |
|  direction         |mic_localization_led |2404   |2147    |213     |297     |0       |4       |
|  u1_es8388_ctrl    |es8388_ctrl          |273    |224     |25      |143     |0       |0       |
|    u_audio_receive |audio_receive        |82     |56      |8       |52      |0       |0       |
|    u_audio_send    |audio_send           |25     |21      |0       |23      |0       |0       |
|    u_es8388_config |es8388_config        |166    |147     |17      |68      |0       |0       |
|      u_i2c_dri     |i2c_dri              |108    |99      |7       |41      |0       |0       |
|      u_i2c_reg_cfg |i2c_reg_cfg          |58     |48      |10      |27      |0       |0       |
|  u1_pll_clk        |clk_wiz_0            |1      |1       |0       |0       |0       |0       |
|  u_es8388_ctrl     |es8388_ctrl          |279    |243     |25      |143     |0       |0       |
|    u_audio_receive |audio_receive        |78     |61      |8       |51      |0       |0       |
|    u_audio_send    |audio_send           |28     |28      |0       |24      |0       |0       |
|    u_es8388_config |es8388_config        |173    |154     |17      |68      |0       |0       |
|      u_i2c_dri     |i2c_dri              |116    |107     |7       |41      |0       |0       |
|      u_i2c_reg_cfg |i2c_reg_cfg          |57     |47      |10      |27      |0       |0       |
|  u_pll_clk         |clk_wiz_0            |1      |1       |0       |0       |0       |0       |
+-----------------------------------------------------------------------------------------------+


DataNet Average Fanout:

   Index     Fanout     Nets  
    #1          1       2992  
    #2          2       1705  
    #3          3        44   
    #4          4        26   
    #5        5-10      127   
    #6        11-50     116   
    #7       51-100      12   
    #8       101-500     16   
  Average     2.95            

RUN-1002 : start command "export_db ES8388_pr.db"
RUN-1001 : Exported /
RUN-1001 : Exported flow parameters
RUN-1001 : Exported libs
RUN-1001 : Exported entities
RUN-1001 : Exported ports
RUN-1001 : Exported pins
RUN-1001 : Exported instances
RUN-1001 : Exported nets
RUN-1001 : Exported buses
RUN-1001 : Exported models
RUN-1001 : Exported congestions
RUN-1001 : Exported violations
RUN-1001 : Exported IO constraints
RUN-1001 : Exported Inst constraints
RUN-1002 : start command "export_bid ES8388_inst.bid"
RUN-1002 : start command "bitgen -bit ES8388.bit -unused_io_status pulldown"
BIT-1003 : Start to generate bitstream. 
BIT-1002 : Bitgen processed 159 unused pads, reserve input tri_state with pulldown
BIT-1002 : Init instances with 24 threads.
BIT-1002 : Init instances completely, inst num: 1711
BIT-1002 : Init pips with 24 threads.
BIT-1002 : Init pips completely, net num: 5078, pip num: 33842
BIT-1002 : Init feedthrough with 24 threads.
BIT-1002 : Init feedthrough completely, num: 40
BIT-1003 : Multithreading accelaration with 24 threads.
BIT-1003 : Generate bitstream completely, there are 2118 valid insts, and 89000 bits set as '1'.
BIT-1004 : PLL setting string = 0110
BIT-1004 : Generate bits file ES8388.bit.
RUN-1003 : finish command "bitgen -bit ES8388.bit -unused_io_status pulldown" in  3.093072s wall, 40.765625s user + 1.718750s system = 42.484375s CPU (1373.5%)

RUN-1004 : used memory is 520 MB, reserved memory is 507 MB, peak memory is 745 MB
RUN-1002 : start command "backup_run_log run.log ../.logs/phy_1/td_20251019_194429.log"
