============================================================
   Tang Dynasty, V5.6.71036
      Copyright (c) 2012-2023 Anlogic Inc.
   Executable = D:/TD/bin/td.exe
   Built at =   20:34:38 Mar 21 2023
   Run by =     lyw15
   Run Date =   Sat Oct 18 13:08:28 2025

   Run on =     -001
============================================================
RUN-1002 : start command "open_project ES8388.prj"
RUN-1001 : Print Global Property
RUN-1001 : ---------------------------------------------------------------
RUN-1001 :        Parameters        |  Settings  |  Default Values  |  Note  
RUN-1001 : ---------------------------------------------------------------
RUN-1001 :          message         |  standard  |     standard     |        
RUN-1001 :   mixed_pack_place_flow  |     on     |        on        |        
RUN-1001 :        qor_monitor       |    off     |       off        |        
RUN-1001 :        syn_ip_flow       |    off     |       off        |        
RUN-1001 :          thread          |    auto    |       auto       |        
RUN-1001 : ---------------------------------------------------------------
RUN-1001 : Print Design Property
RUN-1001 : --------------------------------------------------------------
RUN-1001 :        Parameters       |  Settings  |  Default Values  |  Note  
RUN-1001 : --------------------------------------------------------------
RUN-1001 :   default_reg_initial   |    auto    |       auto       |        
RUN-1001 :        infer_add        |     on     |        on        |        
RUN-1001 :        infer_fsm        |    off     |       off        |        
RUN-1001 :        infer_mult       |     on     |        on        |        
RUN-1001 :        infer_ram        |     on     |        on        |        
RUN-1001 :        infer_reg        |     on     |        on        |        
RUN-1001 :   infer_reg_init_value  |     on     |        on        |        
RUN-1001 :        infer_rom        |     on     |        on        |        
RUN-1001 :      infer_shifter      |     on     |        on        |        
RUN-1001 : --------------------------------------------------------------
RUN-1001 : Print Rtl Property
RUN-1001 : --------------------------------------------------------------
RUN-1001 :        Parameters       |  Settings  |  Default Values  |  Note  
RUN-1001 : --------------------------------------------------------------
RUN-1001 :       compress_add      |   ripple   |      ripple      |        
RUN-1001 :        elf_sload        |    off     |       off        |        
RUN-1001 :       fix_undriven      |     0      |        0         |        
RUN-1001 :         flatten         |    off     |       off        |        
RUN-1001 :       gate_sharing      |     on     |        on        |        
RUN-1001 :    hdl_warning_level    |   normal   |      normal      |        
RUN-1001 :   impl_internal_tribuf  |     on     |        on        |        
RUN-1001 :      impl_set_reset     |     on     |        on        |        
RUN-1001 :        infer_gsr        |    off     |       off        |        
RUN-1001 :      keep_hierarchy     |    auto    |       auto       |        
RUN-1001 :        max_fanout       |    9999    |       9999       |        
RUN-1001 :      max_oh2bin_len     |     10     |        10        |        
RUN-1001 :       merge_equal       |     on     |        on        |        
RUN-1001 :       merge_equiv       |     on     |        on        |        
RUN-1001 :        merge_mux        |    off     |       off        |        
RUN-1001 :     min_control_set     |     8      |        8         |        
RUN-1001 :      min_ripple_len     |    auto    |       auto       |        
RUN-1001 :       oh2bin_ratio      |    0.08    |       0.08       |        
RUN-1001 :     opt_adder_fanout    |     on     |        on        |        
RUN-1001 :        opt_arith        |     on     |        on        |        
RUN-1001 :       opt_big_gate      |    off     |       off        |        
RUN-1001 :        opt_const        |     on     |        on        |        
RUN-1001 :      opt_const_mult     |     on     |        on        |        
RUN-1001 :       opt_lessthan      |     on     |        on        |        
RUN-1001 :         opt_mux         |    off     |       off        |        
RUN-1001 :         opt_ram         |    high    |       high       |        
RUN-1001 :      rtl_sim_model      |    off     |       off        |        
RUN-1001 :         seq_syn         |     on     |        on        |        
RUN-1001 : --------------------------------------------------------------
HDL-1007 : analyze verilog file ../../al_ip/clk_wiz_0.v
HDL-1007 : undeclared symbol 'open', assumed default net type 'wire' in ../../al_ip/clk_wiz_0.v(80)
HDL-1007 : analyze verilog file ../../../RTL/audio_receive.v
HDL-1007 : analyze verilog file ../../../RTL/audio_send.v
HDL-1007 : analyze verilog file ../../../RTL/audio_speak.v
HDL-1007 : analyze verilog file ../../../RTL/es8388_config.v
HDL-1007 : analyze verilog file ../../../RTL/es8388_ctrl.v
HDL-1007 : analyze verilog file ../../../RTL/i2c_dri.v
HDL-1007 : analyze verilog file ../../../RTL/i2c_reg_cfg.v
HDL-1007 : analyze verilog file ../../sound_direction_led.v
RUN-1001 : Project manager successfully analyzed 9 source files.
RUN-1002 : start command "import_device eagle_s20.db -package EG4S20BG256"
ARC-1001 : Device Initialization.
ARC-1001 : ------------------------------------------------------------------
ARC-1001 :            OPTION            |          IO          |   SETTING   
ARC-1001 : ------------------------------------------------------------------
ARC-1001 :   cso_b/cclk/mosi/miso/dout  |  T3/R11/T10/P10/S11  |    gpio    
ARC-1001 :             done             |         P13          |    gpio    
ARC-1001 :           program_b          |          T2          |  dedicate  
ARC-1001 :        tdi/tms/tck/tdo       |   C12/A15/C14/E14    |  dedicate  
ARC-1001 : ------------------------------------------------------------------
ARC-1004 : Device setting, marked 5 dedicate IOs in total.
RUN-1002 : start command "import_db ../syn_1/ES8388_gate.db"
RUN-1001 : Importing database generated by Tang Dynasty, V5.6.71036.
RUN-1001 : Database version number 46146.
RUN-1001 : Import flow parameters
RUN-1001 : Import IO constraints
RUN-1001 : Import Inst constraints
RUN-1001 : Import design success TD_VERSION=5.6.71036 , DB_VERSION=46146
RUN-1002 : start command "place"
RUN-1001 : Open license file D:/TD/license/Anlogic.lic
RUN-1001 : Print Global Property
RUN-1001 : ---------------------------------------------------------------
RUN-1001 :        Parameters        |  Settings  |  Default Values  |  Note  
RUN-1001 : ---------------------------------------------------------------
RUN-1001 :          message         |  standard  |     standard     |        
RUN-1001 :   mixed_pack_place_flow  |     on     |        on        |        
RUN-1001 :        qor_monitor       |    off     |       off        |        
RUN-1001 :        syn_ip_flow       |    off     |       off        |        
RUN-1001 :          thread          |    auto    |       auto       |        
RUN-1001 : ---------------------------------------------------------------
RUN-1001 : Print Place Property
RUN-1001 : --------------------------------------------------------------
RUN-1001 :        Parameters       |  Settings  |  Default Values  |  Note  
RUN-1001 : --------------------------------------------------------------
RUN-1001 :      detailed_place     |     on     |        on        |        
RUN-1001 :          effort         |   medium   |      medium      |        
RUN-1001 :         fix_hold        |    off     |       off        |        
RUN-1001 :       legalization      |    ori     |       ori        |        
RUN-1001 :      new_spreading      |     on     |        on        |        
RUN-1001 :        opt_timing       |   medium   |      medium      |        
RUN-1001 :   post_clock_route_opt  |    off     |       off        |        
RUN-1001 :       pr_strategy       |     1      |        1         |        
RUN-1001 :        relaxation       |    1.00    |       1.00       |        
RUN-1001 :         retiming        |    off     |       off        |        
RUN-1001 : --------------------------------------------------------------
PHY-3001 : Placer runs in 24 thread(s).
RUN-1002 : start command "legalize_phy_inst"
SYN-1011 : Flatten model audio_speak
RUN-1002 : start command "phys_opt -simplify_lut"
SYN-4016 : Net ilaclk_1_dup_1 driven by BUFG (0 clock/control pins, 2 other pins).
SYN-4016 : Net ilaclk_dup_1 driven by BUFG (0 clock/control pins, 2 other pins).
SYN-4027 : Net aud_mclk_1_dup_1 is clkc1 of pll u1_pll_clk/pll_inst.
SYN-4019 : Net sys_clk_dup_1 is refclk of pll u1_pll_clk/pll_inst.
SYN-4020 : Net sys_clk_dup_1 is fbclk of pll u1_pll_clk/pll_inst.
SYN-4027 : Net aud_mclk_dup_1 is clkc1 of pll u_pll_clk/pll_inst.
SYN-4019 : Net sys_clk_dup_1 is refclk of pll u_pll_clk/pll_inst.
SYN-4020 : Net sys_clk_dup_1 is fbclk of pll u_pll_clk/pll_inst.
SYN-4024 : Net "aud_bclk_dup_1" drives clk pins.
SYN-4024 : Net "aud_bclk_1_dup_1" drives clk pins.
SYN-4024 : Net "show/sample_clk" drives clk pins.
SYN-4024 : Net "u1_es8388_ctrl/u_es8388_config/u_i2c_dri/dri_clk" drives clk pins.
SYN-4024 : Net "u_es8388_ctrl/u_es8388_config/u_i2c_dri/dri_clk" drives clk pins.
SYN-4025 : Tag rtl::Net aud_bclk_1_dup_1 as clock net
SYN-4025 : Tag rtl::Net aud_bclk_dup_1 as clock net
SYN-4025 : Tag rtl::Net aud_mclk_1_dup_1 as clock net
SYN-4025 : Tag rtl::Net aud_mclk_dup_1 as clock net
SYN-4025 : Tag rtl::Net ilaclk_1_dup_1 as clock net
SYN-4025 : Tag rtl::Net ilaclk_dup_1 as clock net
SYN-4025 : Tag rtl::Net show/sample_clk as clock net
SYN-4025 : Tag rtl::Net sys_clk_dup_1 as clock net
SYN-4025 : Tag rtl::Net u1_es8388_ctrl/u_es8388_config/u_i2c_dri/dri_clk as clock net
SYN-4025 : Tag rtl::Net u_es8388_ctrl/u_es8388_config/u_i2c_dri/dri_clk as clock net
SYN-4026 : Tagged 10 rtl::Net as clock net
SYN-4015 : Create BUFG instance for clk Net aud_bclk_1_dup_1 to drive 80 clock pins.
SYN-4015 : Create BUFG instance for clk Net aud_bclk_dup_1 to drive 80 clock pins.
SYN-4015 : Create BUFG instance for clk Net show/sample_clk to drive 67 clock pins.
SYN-4015 : Create BUFG instance for clk Net u1_es8388_ctrl/u_es8388_config/u_i2c_dri/dri_clk to drive 59 clock pins.
SYN-4015 : Create BUFG instance for clk Net u_es8388_ctrl/u_es8388_config/u_i2c_dri/dri_clk to drive 59 clock pins.
PHY-1001 : Populate physical database on model audio_speak.
RUN-1001 : There are total 1040 instances
RUN-0007 : 474 luts, 381 seqs, 117 mslices, 30 lslices, 26 pads, 0 brams, 0 dsps
RUN-1001 : There are total 1156 nets
RUN-1001 : 700 nets have 2 pins
RUN-1001 : 294 nets have [3 - 5] pins
RUN-1001 : 99 nets have [6 - 10] pins
RUN-1001 : 35 nets have [11 - 20] pins
RUN-1001 : 25 nets have [21 - 99] pins
RUN-1001 : 3 nets have 100+ pins
RUN-1001 : Report Control nets information:
RUN-1001 : DFF Distribution
RUN-1001 : ----------------------------------
RUN-1001 :   CE   |  SSR  |  ASR  |  DFF Count  
RUN-1001 : ----------------------------------
RUN-1001 :   No   |  No   |  No   |      0      
RUN-1001 :   No   |  No   |  Yes  |     221     
RUN-1001 :   No   |  Yes  |  No   |      0      
RUN-1001 :   Yes  |  No   |  No   |      0      
RUN-1001 :   Yes  |  No   |  Yes  |     144     
RUN-1001 :   Yes  |  Yes  |  No   |     16      
RUN-1001 : ----------------------------------
RUN-0007 : Control Group Statistic
RUN-0007 : ---------------------------
RUN-0007 :   #CLK  |  #CE  |  #SSR/ASR  
RUN-0007 : ---------------------------
RUN-0007 :    6    |  11   |     5      
RUN-0007 : ---------------------------
RUN-0007 : Control Set = 18
PHY-3001 : Initial placement ...
PHY-3001 : design contains 1038 instances, 474 luts, 381 seqs, 147 slices, 25 macros(147 instances: 117 mslices 30 lslices)
PHY-0007 : Cell area utilization is 3%
PHY-3001 : Global placement ...
PHY-3001 : Initial: Len = 269956
PHY-3001 : Clustering ...
PHY-3001 : Level 0 #clusters 1038.
PHY-3001 : End clustering;  0.000042s wall, 0.000000s user + 0.000000s system = 0.000000s CPU (n/a%)

PHY-3001 : Run with size of 4
PHY-3001 : Cell area utilization is 3%
PHY-3001 : :::0::: Try harder cell spreading with beta_ = 0
PHY-3002 : Step(1): len = 159057, overlap = 0
PHY-3002 : Step(2): len = 114704, overlap = 0
PHY-3002 : Step(3): len = 77223.3, overlap = 0
PHY-3002 : Step(4): len = 58012.9, overlap = 0
PHY-3002 : Step(5): len = 49664.9, overlap = 0
PHY-3002 : Step(6): len = 43049.6, overlap = 3.5
PHY-3002 : Step(7): len = 36290.5, overlap = 2.75
PHY-3002 : Step(8): len = 32758.6, overlap = 2
PHY-3002 : Step(9): len = 32938, overlap = 1.5
PHY-3002 : Step(10): len = 29709.1, overlap = 1
PHY-3002 : Step(11): len = 29932.2, overlap = 0
PHY-3002 : Step(12): len = 30489.5, overlap = 0
PHY-3002 : Step(13): len = 28565, overlap = 0
PHY-3002 : Step(14): len = 27045.6, overlap = 0
PHY-3002 : Step(15): len = 27371.1, overlap = 0
PHY-3002 : Step(16): len = 24832, overlap = 0
PHY-3002 : Step(17): len = 24973.1, overlap = 0
PHY-3002 : Step(18): len = 25303.6, overlap = 0
PHY-3002 : Step(19): len = 22929.5, overlap = 0
PHY-3002 : Step(20): len = 22835.3, overlap = 0
PHY-3002 : Step(21): len = 22281, overlap = 0.4375
PHY-3002 : Step(22): len = 22403.2, overlap = 1.3125
PHY-3002 : Step(23): len = 21352, overlap = 0.9375
PHY-3002 : Step(24): len = 20857.8, overlap = 3.6875
PHY-3002 : Step(25): len = 20835, overlap = 4.28125
PHY-3002 : Step(26): len = 19219.9, overlap = 4.875
PHY-3002 : Step(27): len = 19219.9, overlap = 4.875
PHY-3002 : Step(28): len = 18635.3, overlap = 5.21875
PHY-3001 : Legalization ...
PHY-3001 : End legalization;  0.002409s wall, 0.015625s user + 0.000000s system = 0.015625s CPU (648.7%)

PHY-3001 : Run with size of 4
PHY-3001 : Cell area utilization is 5%
PHY-3001 : :::0::: Try harder cell spreading with beta_ = 0.000827803
PHY-3002 : Step(29): len = 18653.5, overlap = 17
PHY-3002 : Step(30): len = 18627.9, overlap = 17.3125
PHY-3002 : Step(31): len = 18627.9, overlap = 17.3125
PHY-3001 : :::1::: Try harder cell spreading with beta_ = 0.00165561
PHY-3002 : Step(32): len = 18601.5, overlap = 16.9375
PHY-3002 : Step(33): len = 18518.4, overlap = 17.4688
PHY-3001 : Run with size of 2
PHY-3001 : Cell area utilization is 5%
PHY-3001 : :::0::: Try harder cell spreading with beta_ = 1.68584e-05
PHY-3002 : Step(34): len = 19334.1, overlap = 46.0312
PHY-3002 : Step(35): len = 19497, overlap = 46.125
PHY-3002 : Step(36): len = 19887.4, overlap = 38.8438
PHY-3001 : :::1::: Try harder cell spreading with beta_ = 3.37168e-05
PHY-3002 : Step(37): len = 19597.6, overlap = 39.2812
PHY-3002 : Step(38): len = 19686.8, overlap = 38.4688
PHY-3002 : Step(39): len = 19819.2, overlap = 38.625
PHY-3001 : :::2::: Try harder cell spreading with beta_ = 6.74335e-05
PHY-3002 : Step(40): len = 20461.9, overlap = 35.4688
PHY-3002 : Step(41): len = 20944.5, overlap = 34.9375
PHY-3002 : Step(42): len = 21356, overlap = 34.3125
PHY-3001 : :::3::: Try harder cell spreading with beta_ = 0.000134867
PHY-3002 : Step(43): len = 21613.5, overlap = 33.7812
PHY-3002 : Step(44): len = 21989.8, overlap = 33.625
PHY-3002 : Step(45): len = 22514, overlap = 31.1562
OPT-1001 : Start physical optimization ...
OPT-1001 : Total overflow 61.06 peak overflow 3.19
OPT-1001 : Start high-fanout net optimization ...
OPT-1001 : Update timing in global mode
PHY-1001 : Start incremental global routing, caller is place ...
RUN-1001 : Generating global routing grids ...
RUN-1001 : Building simple global routing graph ...
PHY-1001 : Generate routing nets ...
PHY-1001 : Reuse net number 0/1156.
PHY-1001 : Global iterations in 24 thread ...
PHY-1002 : len = 23920, over cnt = 114(0%), over = 549, worst = 23
PHY-1001 : End global iterations;  0.034735s wall, 0.000000s user + 0.125000s system = 0.125000s CPU (359.9%)

PHY-1001 : Congestion index: top1 = 34.44, top5 = 14.19, top10 = 7.87, top15 = 5.39.
PHY-1001 : End incremental global routing;  0.067292s wall, 0.031250s user + 0.125000s system = 0.156250s CPU (232.2%)

RUN-1002 : start command "start_timer -report"
TMR-5001 WARNING: No sdc constraints found while initiating timer.
TMR-2505 : Start building timing graph for model audio_speak.
TMR-2506 : Build timing graph completely. Port num: 23, tpin num: 4795, tnet num: 1154, tinst num: 1038, tnode num: 6150, tedge num: 7575.
TMR-2508 : Levelizing timing graph completed, there are 33 levels in total.
TMR-2501 : Timing graph initialized successfully.
OPT-1001 : End timing update;  0.130548s wall, 0.078125s user + 0.046875s system = 0.125000s CPU (95.8%)

OPT-1001 : 0 high-fanout net processed.
OPT-1001 : End high-fanout net optimization;  0.208357s wall, 0.125000s user + 0.171875s system = 0.296875s CPU (142.5%)

OPT-1001 : Current memory(MB): used = 171, reserve = 138, peak = 171.
OPT-1001 : End physical optimization;  0.214448s wall, 0.125000s user + 0.187500s system = 0.312500s CPU (145.7%)

PHY-3001 : Start packing ...
SYN-4007 : Packing 0 MUX to BLE ...
SYN-4008 : Packed 0 MUX and 0 SEQ to BLE.
SYN-4007 : Packing 474 LUT to BLE ...
SYN-4008 : Packed 474 LUT and 229 SEQ to BLE.
SYN-4003 : Packing 152 remaining SEQ's ...
SYN-4005 : Packed 92 SEQ with LUT/SLICE
SYN-4006 : 174 single LUT's are left
SYN-4006 : 60 single SEQ's are left
SYN-4011 : Packing model "audio_speak" (AL_USER_NORMAL) with 534/719 primitive instances ...
PHY-3001 : End packing;  0.023383s wall, 0.031250s user + 0.000000s system = 0.031250s CPU (133.6%)

PHY-1001 : Populate physical database on model audio_speak.
RUN-1001 : There are total 466 instances
RUN-1001 : 214 mslices, 214 lslices, 26 pads, 0 brams, 0 dsps
RUN-1001 : There are total 933 nets
RUN-1001 : 483 nets have 2 pins
RUN-1001 : 288 nets have [3 - 5] pins
RUN-1001 : 101 nets have [6 - 10] pins
RUN-1001 : 38 nets have [11 - 20] pins
RUN-1001 : 22 nets have [21 - 99] pins
RUN-1001 : 1 nets have 100+ pins
PHY-3001 : design contains 464 instances, 428 slices, 25 macros(147 instances: 117 mslices 30 lslices)
PHY-3001 : Cell area utilization is 5%
PHY-3001 : After packing: Len = 22063.6, Over = 38.5
PHY-3001 : Run with size of 2
PHY-3001 : Cell area utilization is 5%
PHY-3001 : :::0::: Try harder cell spreading with beta_ = 1.90235e-05
PHY-3002 : Step(46): len = 21135.1, overlap = 40
PHY-3002 : Step(47): len = 21162.2, overlap = 40
PHY-3002 : Step(48): len = 20427, overlap = 39.5
PHY-3002 : Step(49): len = 20404.3, overlap = 40
PHY-3002 : Step(50): len = 20159.3, overlap = 39.75
PHY-3001 : :::1::: Try harder cell spreading with beta_ = 3.80469e-05
PHY-3002 : Step(51): len = 21138.2, overlap = 37.75
PHY-3002 : Step(52): len = 21322.3, overlap = 37.5
PHY-3002 : Step(53): len = 21547.5, overlap = 36.25
PHY-3001 : :::2::: Try harder cell spreading with beta_ = 7.60938e-05
PHY-3002 : Step(54): len = 22250, overlap = 36
PHY-3002 : Step(55): len = 22531.1, overlap = 35.75
PHY-3002 : Step(56): len = 22735.6, overlap = 34.75
PHY-3001 : Legalization ...
PHY-3001 : End legalization;  0.080490s wall, 0.109375s user + 0.109375s system = 0.218750s CPU (271.8%)

PHY-3001 : Trial Legalized: Len = 33276.8
PHY-3001 : Run with size of 2
PHY-3001 : Cell area utilization is 5%
PHY-3001 : :::0::: Try harder cell spreading with beta_ = 0.00167396
PHY-3002 : Step(57): len = 30356.4, overlap = 2.75
PHY-3002 : Step(58): len = 28879, overlap = 5.5
PHY-3002 : Step(59): len = 27121, overlap = 10
PHY-3002 : Step(60): len = 26151.2, overlap = 12
PHY-3002 : Step(61): len = 25742.7, overlap = 13.75
PHY-3002 : Step(62): len = 25430.6, overlap = 12
PHY-3002 : Step(63): len = 25274.9, overlap = 11.75
PHY-3002 : Step(64): len = 24937.9, overlap = 11.5
PHY-3002 : Step(65): len = 24785.9, overlap = 11.75
PHY-3002 : Step(66): len = 24678.8, overlap = 11.5
PHY-3001 : :::1::: Try harder cell spreading with beta_ = 0.00334792
PHY-3002 : Step(67): len = 24662.8, overlap = 11.75
PHY-3002 : Step(68): len = 24629.7, overlap = 12
PHY-3001 : :::2::: Try harder cell spreading with beta_ = 0.00669583
PHY-3002 : Step(69): len = 24647.3, overlap = 11.75
PHY-3002 : Step(70): len = 24647.3, overlap = 11.75
PHY-3001 : Legalization ...
PHY-3001 : End legalization;  0.003828s wall, 0.000000s user + 0.000000s system = 0.000000s CPU (n/a%)

PHY-3001 : Legalized: Len = 28246.2, Over = 0
PHY-3001 : End spreading;  0.002325s wall, 0.000000s user + 0.000000s system = 0.000000s CPU (n/a%)

PHY-3001 : Final: Len = 28246.2, Over = 0
OPT-1001 : Start physical optimization ...
OPT-1001 : Total overflow 0.00 peak overflow 0.00
OPT-1001 : Start high-fanout net optimization ...
OPT-1001 : Update timing in global mode
PHY-1001 : Start incremental global routing, caller is place ...
RUN-1001 : Generating global routing grids ...
PHY-1001 : Generate routing nets ...
PHY-1001 : Reuse net number 40/933.
PHY-1001 : Global iterations in 24 thread ...
PHY-1002 : len = 33352, over cnt = 93(0%), over = 128, worst = 4
PHY-1002 : len = 34048, over cnt = 30(0%), over = 33, worst = 2
PHY-1002 : len = 34424, over cnt = 4(0%), over = 4, worst = 1
PHY-1002 : len = 34472, over cnt = 0(0%), over = 0, worst = 0
PHY-1001 : End global iterations;  0.055104s wall, 0.015625s user + 0.046875s system = 0.062500s CPU (113.4%)

PHY-1001 : Congestion index: top1 = 23.56, top5 = 16.50, top10 = 10.68, top15 = 7.59.
PHY-1001 : End incremental global routing;  0.088701s wall, 0.031250s user + 0.046875s system = 0.078125s CPU (88.1%)

RUN-1002 : start command "start_timer -report"
TMR-5001 WARNING: No sdc constraints found while initiating timer.
TMR-2505 : Start building timing graph for model audio_speak.
TMR-2506 : Build timing graph completely. Port num: 23, tpin num: 3954, tnet num: 931, tinst num: 464, tnode num: 4920, tedge num: 6526.
TMR-2508 : Levelizing timing graph completed, there are 33 levels in total.
TMR-2501 : Timing graph initialized successfully.
OPT-1001 : End timing update;  0.117220s wall, 0.125000s user + 0.000000s system = 0.125000s CPU (106.6%)

OPT-1001 : 0 high-fanout net processed.
OPT-1001 : End high-fanout net optimization;  0.215828s wall, 0.156250s user + 0.046875s system = 0.203125s CPU (94.1%)

OPT-1001 : Current memory(MB): used = 175, reserve = 142, peak = 175.
OPT-1001 : Update timing in Manhattan mode
OPT-1001 : End timing update;  0.000560s wall, 0.000000s user + 0.000000s system = 0.000000s CPU (n/a%)

OPT-1001 : Start pin optimization...
OPT-1001 : skip pin optimization...
RUN-1001 : Generating global routing grids ...
PHY-1001 : Generate routing nets ...
PHY-1001 : Reuse net number 763/933.
PHY-1001 : Global iterations in 24 thread ...
PHY-1002 : len = 34472, over cnt = 0(0%), over = 0, worst = 0
PHY-1001 : End global iterations;  0.001914s wall, 0.000000s user + 0.000000s system = 0.000000s CPU (n/a%)

PHY-1001 : Congestion index: top1 = 23.56, top5 = 16.50, top10 = 10.68, top15 = 7.59.
OPT-1001 : Update timing in Manhattan mode
OPT-1001 : End timing update;  0.000906s wall, 0.000000s user + 0.000000s system = 0.000000s CPU (n/a%)

RUN-1001 : QoR Analysis:
OPT-0007 :   WNS 2147483647 TNS 0 NUM_FEPS 0
RUN-1001 :   No local congestion issue, and most congested 1% tile average routing util is 23.103448
RUN-1001 :   Top critical paths
OPT-1001 : End physical optimization;  0.255617s wall, 0.312500s user + 0.125000s system = 0.437500s CPU (171.2%)

RUN-1003 : finish command "place" in  2.319481s wall, 3.515625s user + 3.062500s system = 6.578125s CPU (283.6%)

RUN-1004 : used memory is 152 MB, reserved memory is 119 MB, peak memory is 176 MB
RUN-1002 : start command "export_db ES8388_place.db"
RUN-1001 : Exported /
RUN-1001 : Exported flow parameters
RUN-1001 : Exported libs
RUN-1001 : Exported entities
RUN-1001 : Exported ports
RUN-1001 : Exported pins
RUN-1001 : Exported instances
RUN-1001 : Exported nets
RUN-1001 : Exported buses
RUN-1001 : Exported models
RUN-1001 : Exported congestions
RUN-1001 : Exported violations
RUN-1001 : Exported IO constraints
RUN-1001 : Exported Inst constraints
RUN-1002 : start command "route"
RUN-1001 : Open license file D:/TD/license/Anlogic.lic
RUN-1001 : Print Global Property
RUN-1001 : ---------------------------------------------------------------
RUN-1001 :        Parameters        |  Settings  |  Default Values  |  Note  
RUN-1001 : ---------------------------------------------------------------
RUN-1001 :          message         |  standard  |     standard     |        
RUN-1001 :   mixed_pack_place_flow  |     on     |        on        |        
RUN-1001 :        qor_monitor       |    off     |       off        |        
RUN-1001 :        syn_ip_flow       |    off     |       off        |        
RUN-1001 :          thread          |    auto    |       auto       |        
RUN-1001 : ---------------------------------------------------------------
RUN-1001 : Print Route Property
RUN-1001 : -------------------------------------------------------
RUN-1001 :    Parameters    |  Settings  |  Default Values  |  Note  
RUN-1001 : -------------------------------------------------------
RUN-1001 :      effort      |   medium   |      medium      |        
RUN-1001 :     fix_hold     |    off     |       off        |        
RUN-1001 :    opt_timing    |   medium   |      medium      |        
RUN-1001 :   phy_sim_model  |    off     |       off        |        
RUN-1001 :     priority     |   timing   |      timing      |        
RUN-1001 :     swap_pin     |     on     |        on        |        
RUN-1001 : -------------------------------------------------------
PHY-1001 : Route runs in 24 thread(s)
RUN-1001 : There are total 466 instances
RUN-1001 : 214 mslices, 214 lslices, 26 pads, 0 brams, 0 dsps
RUN-1001 : There are total 933 nets
RUN-1001 : 483 nets have 2 pins
RUN-1001 : 288 nets have [3 - 5] pins
RUN-1001 : 101 nets have [6 - 10] pins
RUN-1001 : 38 nets have [11 - 20] pins
RUN-1001 : 22 nets have [21 - 99] pins
RUN-1001 : 1 nets have 100+ pins
RUN-1002 : start command "start_timer -report"
TMR-5001 WARNING: No sdc constraints found while initiating timer.
TMR-2505 : Start building timing graph for model audio_speak.
TMR-2506 : Build timing graph completely. Port num: 23, tpin num: 3954, tnet num: 931, tinst num: 464, tnode num: 4920, tedge num: 6526.
TMR-2508 : Levelizing timing graph completed, there are 33 levels in total.
TMR-2501 : Timing graph initialized successfully.
PHY-1001 : 214 mslices, 214 lslices, 26 pads, 0 brams, 0 dsps
TMR-2503 : Start to update net delay, extr mode = 3.
TMR-2504 : Update delay of 931 nets completely.
TMR-2502 : Annotate delay completely, extr mode = 3.
TMR-3002 : No user constraint, initiate default constraint.
TMR-1501 : Assign derive clock DeriveClock to 468 clock pins, and constraint 962 relative nodes.
TMR-3003 : Constraints initiated successfully.
TMR-3501 : Forward propagation: start to calculate arrival time...
TMR-3502 : Backward propagation: start to calculate required time...
TMR-3503 : Timing propagation completes.
PHY-1001 : Start global routing, caller is route ...
RUN-1001 : Generating global routing grids ...
PHY-1001 : Generate routing nets ...
PHY-1001 : Global iterations in 24 thread ...
PHY-1002 : len = 33008, over cnt = 97(0%), over = 141, worst = 4
PHY-1002 : len = 33864, over cnt = 29(0%), over = 32, worst = 2
PHY-1002 : len = 34144, over cnt = 7(0%), over = 7, worst = 1
PHY-1002 : len = 34256, over cnt = 0(0%), over = 0, worst = 0
PHY-1001 : End global iterations;  0.060216s wall, 0.031250s user + 0.046875s system = 0.078125s CPU (129.7%)

PHY-1001 : Congestion index: top1 = 23.99, top5 = 16.55, top10 = 10.63, top15 = 7.54.
PHY-1001 : End global routing;  0.093227s wall, 0.062500s user + 0.046875s system = 0.109375s CPU (117.3%)

PHY-1001 : Start detail routing ...
PHY-1001 : Current memory(MB): used = 211, reserve = 179, peak = 232.
PHY-1001 : Detailed router is running in normal mode.
PHY-1001 : Generate detailed routing grids ...
PHY-1001 : Processed IO instance aud_dacdat_syn_4 with INV attribute.
PHY-1001 : Processed IO instance aud_dacdat_1_syn_4 with INV attribute.
PHY-1001 : Generate nets ...
PHY-1001 : clock net aud_bclk_syn_4 will be merged with clock aud_bclk_dup_1
PHY-1001 : clock net aud_bclk_1_syn_4 will be merged with clock aud_bclk_1_dup_1
PHY-1001 : net aud_mclk_dup_1 will be routed on clock mesh
PHY-1001 : net aud_mclk_1_dup_1 will be routed on clock mesh
PHY-1001 : clock net ilaclk_dup_1 will be merged with clock u_pll_clk/clk0_buf
PHY-1001 : clock net ilaclk_1_dup_1 will be merged with clock u1_pll_clk/clk0_buf
PHY-1001 : net sys_clk_dup_1 will be routed on clock mesh
PHY-1001 : clock net show/sample_clk_syn_4 will be merged with clock show/sample_clk
PHY-1001 : clock net u_es8388_ctrl/u_es8388_config/u_i2c_dri/dri_clk_syn_4 will be merged with clock u_es8388_ctrl/u_es8388_config/u_i2c_dri/dri_clk
PHY-1001 : clock net u1_es8388_ctrl/u_es8388_config/u_i2c_dri/dri_clk_syn_4 will be merged with clock u1_es8388_ctrl/u_es8388_config/u_i2c_dri/dri_clk
PHY-1001 : Current memory(MB): used = 476, reserve = 448, peak = 476.
PHY-1001 : End build detailed router design. 2.553424s wall, 2.328125s user + 0.109375s system = 2.437500s CPU (95.5%)

PHY-1001 : Detail Route ...
PHY-1001 : ===== Detail Route Phase 1 =====
PHY-1001 : Clock net routing.....
PHY-1001 : Routed 1% nets.
PHY-1022 : len = 23976, over cnt = 0(0%), over = 0, worst = 0, crit = 0
PHY-1001 : End initial clock net routed; 1.991289s wall, 1.859375s user + 0.093750s system = 1.953125s CPU (98.1%)

PHY-1001 : Current memory(MB): used = 508, reserve = 481, peak = 508.
PHY-1001 : End phase 1; 1.995992s wall, 1.859375s user + 0.093750s system = 1.953125s CPU (97.9%)

PHY-1001 : ===== Detail Route Phase 2 =====
PHY-1001 : Initial routing.....
PHY-1001 : Routed 38% nets.
PHY-1001 : Routed 42% nets.
PHY-1001 : Routed 52% nets.
PHY-1001 : Routed 63% nets.
PHY-1001 : Routed 83% nets.
PHY-1022 : len = 151192, over cnt = 42(0%), over = 42, worst = 1, crit = 0
PHY-1001 : Current memory(MB): used = 508, reserve = 481, peak = 508.
PHY-1001 : End initial routed; 0.880487s wall, 0.843750s user + 0.437500s system = 1.281250s CPU (145.5%)

PHY-1001 : Current memory(MB): used = 508, reserve = 481, peak = 508.
PHY-1001 : End phase 2; 0.880572s wall, 0.843750s user + 0.437500s system = 1.281250s CPU (145.5%)

PHY-1001 : ===== Detail Route Phase 3 =====
PHY-1001 : Ripup-reroute.....
PHY-1001 : ===== DR Iter 1 =====
PHY-1022 : len = 150912, over cnt = 11(0%), over = 11, worst = 1, crit = 0
PHY-1001 : End DR Iter 1; 0.021735s wall, 0.015625s user + 0.000000s system = 0.015625s CPU (71.9%)

PHY-1001 : ===== DR Iter 2 =====
PHY-1022 : len = 150960, over cnt = 1(0%), over = 1, worst = 1, crit = 0
PHY-1001 : End DR Iter 2; 0.016292s wall, 0.031250s user + 0.046875s system = 0.078125s CPU (479.5%)

PHY-1001 : ===== DR Iter 3 =====
PHY-1022 : len = 150984, over cnt = 0(0%), over = 0, worst = 0, crit = 0
PHY-1001 : End DR Iter 3; 0.012194s wall, 0.015625s user + 0.000000s system = 0.015625s CPU (128.1%)

PHY-1001 : Commit to database.....
PHY-1001 : 14 feed throughs used by 11 nets
PHY-1001 : End commit to database; 0.094846s wall, 0.078125s user + 0.000000s system = 0.078125s CPU (82.4%)

PHY-1001 : Current memory(MB): used = 520, reserve = 493, peak = 520.
PHY-1001 : End phase 3; 0.245855s wall, 0.218750s user + 0.062500s system = 0.281250s CPU (114.4%)

PHY-1003 : Routed, final wirelength = 150984
PHY-1001 : Current memory(MB): used = 520, reserve = 493, peak = 520.
PHY-1001 : End export database. 0.005876s wall, 0.015625s user + 0.000000s system = 0.015625s CPU (265.9%)

PHY-1001 : End detail routing;  5.839748s wall, 5.421875s user + 0.703125s system = 6.125000s CPU (104.9%)

RUN-1003 : finish command "route" in  6.116619s wall, 5.671875s user + 0.765625s system = 6.437500s CPU (105.2%)

RUN-1004 : used memory is 446 MB, reserved memory is 419 MB, peak memory is 520 MB
RUN-1002 : start command "report_area -io_info -file ES8388_phy.area"
RUN-1001 : standard
***Report Model: audio_speak Device: EG4S20BG256***

IO Statistics
#IO                        26
  #input                   11
  #output                  13
  #inout                    2

Utilization Statistics
#lut                      768   out of  19600    3.92%
#reg                      381   out of  19600    1.94%
#le                       828
  #lut only               447   out of    828   53.99%
  #reg only                60   out of    828    7.25%
  #lut&reg                321   out of    828   38.77%
#dsp                        0   out of     29    0.00%
#bram                       0   out of     64    0.00%
  #bram9k                   0
  #fifo9k                   0
#bram32k                    0   out of     16    0.00%
#pad                       26   out of    188   13.83%
  #ireg                     4
  #oreg                     9
  #treg                     2
#pll                        2   out of      4   50.00%
#gclk                       7   out of     16   43.75%

Clock Resource Statistics
Index     ClockNet                                            Type               DriverType         Driver                                                           Fanout
#1        aud_bclk_1_dup_1                                    GCLK               io                 aud_bclk_1_syn_2.di                                              45
#2        aud_bclk_dup_1                                      GCLK               io                 aud_bclk_syn_2.di                                                45
#3        u_es8388_ctrl/u_es8388_config/u_i2c_dri/dri_clk     GCLK               mslice             u_es8388_ctrl/u_es8388_config/u_i2c_dri/dri_clk_reg_syn_9.q1     41
#4        show/sample_clk                                     GCLK               lslice             show/sample_clk_reg_syn_9.q1                                     38
#5        u1_es8388_ctrl/u_es8388_config/u_i2c_dri/dri_clk    GCLK               lslice             u1_es8388_ctrl/u_es8388_config/u_i2c_dri/dri_clk_reg_syn_9.q1    38
#6        sys_clk_dup_1                                       GCLK               io                 sys_clk_syn_2.di                                                 29
#7        aud_mclk_1_dup_1                                    GCLK               pll                u1_pll_clk/pll_inst.clkc1                                        0
#8        aud_mclk_dup_1                                      GCLK               pll                u_pll_clk/pll_inst.clkc1                                         0
#9        u1_pll_clk/clk0_buf                                 GCLK               pll                u1_pll_clk/pll_inst.clkc0                                        0
#10       u_pll_clk/clk0_buf                                  GCLK               pll                u_pll_clk/pll_inst.clkc0                                         0


Detailed IO Report

      Name        Direction    Location    IOStandard    DriveStrength    PullType     PackReg   
   aud_adcdat       INPUT        R14        LVCMOS25          N/A          PULLUP       IREG     
  aud_adcdat_1      INPUT         F7        LVCMOS25          N/A          PULLUP       IREG     
    aud_bclk        INPUT         M6        LVCMOS25          N/A          PULLUP       NONE     
   aud_bclk_1       INPUT         C4        LVCMOS25          N/A          PULLUP       NONE     
    aud_lrc         INPUT         M7        LVCMOS25          N/A          PULLUP       IREG     
   aud_lrc_1        INPUT         D6        LVCMOS25          N/A          PULLUP       IREG     
    sys_clk         INPUT         R7        LVCMOS25          N/A          PULLUP       NONE     
   sys_rst_n        INPUT         E3        LVCMOS25          N/A          PULLUP       NONE     
  sys_rst_n_1       INPUT        H16        LVCMOS25          N/A           N/A         NONE     
   volume[1]        INPUT        B10        LVCMOS25          N/A          PULLUP       NONE     
   volume[0]        INPUT        A10        LVCMOS25          N/A          PULLUP       NONE     
   aud_dacdat      OUTPUT         P6        LVCMOS25           8            NONE        OREG     
  aud_dacdat_1     OUTPUT         C5        LVCMOS25           8            NONE        OREG     
    aud_mclk       OUTPUT         N5        LVCMOS25           8            NONE        NONE     
   aud_mclk_1      OUTPUT         B3        LVCMOS25           8            NONE        NONE     
    aud_scl        OUTPUT        R12        LVCMOS25           8            NONE        OREG     
   aud_scl_1       OUTPUT         B2        LVCMOS25           8            NONE        OREG     
     ilaclk        OUTPUT         T5        LVCMOS25           8            NONE        NONE     
    ilaclk_1       OUTPUT         D3        LVCMOS25           8            NONE        NONE     
      led          OUTPUT        B14        LVCMOS25           8            NONE        NONE     
     led_1         OUTPUT        B15        LVCMOS25           8            NONE        NONE     
    leds[2]        OUTPUT        E13        LVCMOS25           8            NONE        OREG     
    leds[1]        OUTPUT        C16        LVCMOS25           8            NONE        OREG     
    leds[0]        OUTPUT        C15        LVCMOS25           8            NONE        OREG     
    aud_sda         INOUT         R9        LVCMOS25           8           PULLUP     OREG;TREG  
   aud_sda_1        INOUT         B1        LVCMOS25           8           PULLUP     OREG;TREG  

Report Hierarchy Area:
+---------------------------------------------------------------------------------------------------+
|Instance            |Module                   |le     |lut     |ripple  |seq     |bram    |dsp     |
+---------------------------------------------------------------------------------------------------+
|top                 |audio_speak              |828    |621     |147     |396     |0       |0       |
|  show              |sound_localization_final |258    |164     |91      |77      |0       |0       |
|  u1_es8388_ctrl    |es8388_ctrl              |270    |224     |25      |147     |0       |0       |
|    u_audio_receive |audio_receive            |82     |55      |12      |55      |0       |0       |
|    u_audio_send    |audio_send               |21     |17      |0       |21      |0       |0       |
|    u_es8388_config |es8388_config            |167    |152     |13      |71      |0       |0       |
|      u_i2c_dri     |i2c_dri                  |112    |105     |5       |44      |0       |0       |
|      u_i2c_reg_cfg |i2c_reg_cfg              |55     |47      |8       |27      |0       |0       |
|  u1_pll_clk        |clk_wiz_0                |1      |1       |0       |0       |0       |0       |
|  u_es8388_ctrl     |es8388_ctrl              |275    |225     |25      |142     |0       |0       |
|    u_audio_receive |audio_receive            |84     |60      |12      |51      |0       |0       |
|    u_audio_send    |audio_send               |26     |15      |0       |23      |0       |0       |
|    u_es8388_config |es8388_config            |165    |150     |13      |68      |0       |0       |
|      u_i2c_dri     |i2c_dri                  |110    |103     |5       |41      |0       |0       |
|      u_i2c_reg_cfg |i2c_reg_cfg              |55     |47      |8       |27      |0       |0       |
|  u_pll_clk         |clk_wiz_0                |1      |1       |0       |0       |0       |0       |
+---------------------------------------------------------------------------------------------------+


DataNet Average Fanout:

   Index     Fanout    Nets  
    #1         1       455   
    #2         2       179   
    #3         3        99   
    #4         4        8    
    #5        5-10     106   
    #6       11-50      45   
    #7       51-100     3    
  Average     3.08           

RUN-1002 : start command "export_db ES8388_pr.db"
RUN-1001 : Exported /
RUN-1001 : Exported flow parameters
RUN-1001 : Exported libs
RUN-1001 : Exported entities
RUN-1001 : Exported ports
RUN-1001 : Exported pins
RUN-1001 : Exported instances
RUN-1001 : Exported nets
RUN-1001 : Exported buses
RUN-1001 : Exported models
RUN-1001 : Exported congestions
RUN-1001 : Exported violations
RUN-1001 : Exported IO constraints
RUN-1001 : Exported Inst constraints
RUN-1002 : start command "export_bid ES8388_inst.bid"
RUN-1002 : start command "bitgen -bit ES8388.bit -unused_io_status pulldown"
BIT-1003 : Start to generate bitstream. 
BIT-1002 : Bitgen processed 162 unused pads, reserve input tri_state with pulldown
BIT-1002 : Init instances with 24 threads.
BIT-1002 : Init instances completely, inst num: 626
BIT-1002 : Init pips with 24 threads.
BIT-1002 : Init pips completely, net num: 933, pip num: 9818
BIT-1002 : Init feedthrough with 24 threads.
BIT-1002 : Init feedthrough completely, num: 14
BIT-1003 : Multithreading accelaration with 24 threads.
BIT-1003 : Generate bitstream completely, there are 1613 valid insts, and 28273 bits set as '1'.
BIT-1004 : PLL setting string = 0110
BIT-1004 : Generate bits file ES8388.bit.
RUN-1003 : finish command "bitgen -bit ES8388.bit -unused_io_status pulldown" in  1.428677s wall, 18.750000s user + 1.375000s system = 20.125000s CPU (1408.6%)

RUN-1004 : used memory is 453 MB, reserved memory is 430 MB, peak memory is 685 MB
RUN-1002 : start command "backup_run_log run.log ../.logs/phy_1/td_20251018_130828.log"
