============================================================
   Tang Dynasty, V5.6.71036
      Copyright (c) 2012-2023 Anlogic Inc.
   Executable = E:/Software/Anlogic/TD5.6.2/bin/td.exe
   Built at =   20:34:38 Mar 21 2023
   Run by =     Lviva
   Run Date =   Sat Oct 25 11:02:49 2025

   Run on =     VIVACIOUS
============================================================
RUN-1002 : start command "open_project ES8388.prj"
RUN-1001 : Print Global Property
RUN-1001 : ---------------------------------------------------------------
RUN-1001 :        Parameters        |  Settings  |  Default Values  |  Note  
RUN-1001 : ---------------------------------------------------------------
RUN-1001 :          message         |  standard  |     standard     |        
RUN-1001 :   mixed_pack_place_flow  |     on     |        on        |        
RUN-1001 :        qor_monitor       |    off     |       off        |        
RUN-1001 :        syn_ip_flow       |    off     |       off        |        
RUN-1001 :          thread          |    auto    |       auto       |        
RUN-1001 : ---------------------------------------------------------------
RUN-1001 : Print Design Property
RUN-1001 : --------------------------------------------------------------
RUN-1001 :        Parameters       |  Settings  |  Default Values  |  Note  
RUN-1001 : --------------------------------------------------------------
RUN-1001 :   default_reg_initial   |    auto    |       auto       |        
RUN-1001 :        infer_add        |     on     |        on        |        
RUN-1001 :        infer_fsm        |    off     |       off        |        
RUN-1001 :        infer_mult       |     on     |        on        |        
RUN-1001 :        infer_ram        |     on     |        on        |        
RUN-1001 :        infer_reg        |     on     |        on        |        
RUN-1001 :   infer_reg_init_value  |     on     |        on        |        
RUN-1001 :        infer_rom        |     on     |        on        |        
RUN-1001 :      infer_shifter      |     on     |        on        |        
RUN-1001 : --------------------------------------------------------------
RUN-1001 : Print Rtl Property
RUN-1001 : --------------------------------------------------------------
RUN-1001 :        Parameters       |  Settings  |  Default Values  |  Note  
RUN-1001 : --------------------------------------------------------------
RUN-1001 :       compress_add      |   ripple   |      ripple      |        
RUN-1001 :        elf_sload        |    off     |       off        |        
RUN-1001 :       fix_undriven      |     0      |        0         |        
RUN-1001 :         flatten         |    off     |       off        |        
RUN-1001 :       gate_sharing      |     on     |        on        |        
RUN-1001 :    hdl_warning_level    |   normal   |      normal      |        
RUN-1001 :   impl_internal_tribuf  |     on     |        on        |        
RUN-1001 :      impl_set_reset     |     on     |        on        |        
RUN-1001 :        infer_gsr        |    off     |       off        |        
RUN-1001 :      keep_hierarchy     |    auto    |       auto       |        
RUN-1001 :        max_fanout       |    9999    |       9999       |        
RUN-1001 :      max_oh2bin_len     |     10     |        10        |        
RUN-1001 :       merge_equal       |     on     |        on        |        
RUN-1001 :       merge_equiv       |     on     |        on        |        
RUN-1001 :        merge_mux        |    off     |       off        |        
RUN-1001 :     min_control_set     |     8      |        8         |        
RUN-1001 :      min_ripple_len     |    auto    |       auto       |        
RUN-1001 :       oh2bin_ratio      |    0.08    |       0.08       |        
RUN-1001 :     opt_adder_fanout    |     on     |        on        |        
RUN-1001 :        opt_arith        |     on     |        on        |        
RUN-1001 :       opt_big_gate      |    off     |       off        |        
RUN-1001 :        opt_const        |     on     |        on        |        
RUN-1001 :      opt_const_mult     |     on     |        on        |        
RUN-1001 :       opt_lessthan      |     on     |        on        |        
RUN-1001 :         opt_mux         |    off     |       off        |        
RUN-1001 :         opt_ram         |    high    |       high       |        
RUN-1001 :      rtl_sim_model      |    off     |       off        |        
RUN-1001 :         seq_syn         |     on     |        on        |        
RUN-1001 : --------------------------------------------------------------
HDL-1007 : analyze verilog file ../../al_ip/clk_wiz_0.v
HDL-1007 : undeclared symbol 'open', assumed default net type 'wire' in ../../al_ip/clk_wiz_0.v(80)
HDL-1007 : analyze verilog file ../../../RTL/audio_receive.v
HDL-1007 : analyze verilog file ../../../RTL/audio_send.v
HDL-1007 : analyze verilog file ../../../RTL/audio_speak.v
HDL-1007 : analyze verilog file ../../../RTL/es8388_config.v
HDL-1007 : analyze verilog file ../../../RTL/es8388_ctrl.v
HDL-1007 : analyze verilog file ../../../RTL/i2c_dri.v
HDL-1007 : analyze verilog file ../../../RTL/i2c_reg_cfg.v
HDL-1007 : analyze verilog file ../../../RTL/spar_4mic_localization.v
RUN-1001 : Project manager successfully analyzed 9 source files.
RUN-1002 : start command "import_device eagle_s20.db -package EG4S20BG256"
ARC-1001 : Device Initialization.
ARC-1001 : ------------------------------------------------------------------
ARC-1001 :            OPTION            |          IO          |   SETTING   
ARC-1001 : ------------------------------------------------------------------
ARC-1001 :   cso_b/cclk/mosi/miso/dout  |  T3/R11/T10/P10/S11  |    gpio    
ARC-1001 :             done             |         P13          |    gpio    
ARC-1001 :           program_b          |          T2          |  dedicate  
ARC-1001 :        tdi/tms/tck/tdo       |   C12/A15/C14/E14    |  dedicate  
ARC-1001 : ------------------------------------------------------------------
ARC-1004 : Device setting, marked 5 dedicate IOs in total.
RUN-1002 : start command "import_db ../syn_1/ES8388_gate.db"
RUN-1001 : Importing database generated by Tang Dynasty, V5.6.71036.
RUN-1001 : Database version number 46146.
RUN-1001 : Import flow parameters
RUN-1001 : Import IO constraints
RUN-1001 : Import Inst constraints
RUN-1001 : Import design success TD_VERSION=5.6.71036 , DB_VERSION=46146
RUN-1002 : start command "place"
RUN-1001 : Open license file E:/Software/Anlogic/TD5.6.2/license/Anlogic.lic
RUN-1001 : Print Global Property
RUN-1001 : ---------------------------------------------------------------
RUN-1001 :        Parameters        |  Settings  |  Default Values  |  Note  
RUN-1001 : ---------------------------------------------------------------
RUN-1001 :          message         |  standard  |     standard     |        
RUN-1001 :   mixed_pack_place_flow  |     on     |        on        |        
RUN-1001 :        qor_monitor       |    off     |       off        |        
RUN-1001 :        syn_ip_flow       |    off     |       off        |        
RUN-1001 :          thread          |    auto    |       auto       |        
RUN-1001 : ---------------------------------------------------------------
RUN-1001 : Print Place Property
RUN-1001 : --------------------------------------------------------------
RUN-1001 :        Parameters       |  Settings  |  Default Values  |  Note  
RUN-1001 : --------------------------------------------------------------
RUN-1001 :      detailed_place     |     on     |        on        |        
RUN-1001 :          effort         |   medium   |      medium      |        
RUN-1001 :         fix_hold        |    off     |       off        |        
RUN-1001 :       legalization      |    ori     |       ori        |        
RUN-1001 :      new_spreading      |     on     |        on        |        
RUN-1001 :        opt_timing       |   medium   |      medium      |        
RUN-1001 :   post_clock_route_opt  |    off     |       off        |        
RUN-1001 :       pr_strategy       |     1      |        1         |        
RUN-1001 :        relaxation       |    1.00    |       1.00       |        
RUN-1001 :         retiming        |    off     |       off        |        
RUN-1001 : --------------------------------------------------------------
PHY-3001 : Placer runs in 16 thread(s).
RUN-1002 : start command "legalize_phy_inst"
SYN-1011 : Flatten model audio_speak
RUN-1002 : start command "phys_opt -simplify_lut"
SYN-4016 : Net ilaclk_1_dup_1 driven by BUFG (0 clock/control pins, 2 other pins).
SYN-4016 : Net ilaclk_2_dup_1 driven by BUFG (0 clock/control pins, 2 other pins).
SYN-4016 : Net ilaclk_3_dup_1 driven by BUFG (0 clock/control pins, 2 other pins).
SYN-4016 : Net ilaclk_dup_1 driven by BUFG (0 clock/control pins, 2 other pins).
SYN-4027 : Net aud_mclk_1_dup_1 is clkc1 of pll u1_pll_clk/pll_inst.
SYN-4019 : Net sys_clk_dup_1 is refclk of pll u1_pll_clk/pll_inst.
SYN-4020 : Net sys_clk_dup_1 is fbclk of pll u1_pll_clk/pll_inst.
SYN-4027 : Net aud_mclk_2_dup_1 is clkc1 of pll u2_pll_clk/pll_inst.
SYN-4019 : Net sys_clk_dup_1 is refclk of pll u2_pll_clk/pll_inst.
SYN-4020 : Net sys_clk_dup_1 is fbclk of pll u2_pll_clk/pll_inst.
SYN-4027 : Net aud_mclk_3_dup_1 is clkc1 of pll u3_pll_clk/pll_inst.
SYN-4019 : Net sys_clk_dup_1 is refclk of pll u3_pll_clk/pll_inst.
SYN-4020 : Net sys_clk_dup_1 is fbclk of pll u3_pll_clk/pll_inst.
SYN-4027 : Net aud_mclk_dup_1 is clkc1 of pll u_pll_clk/pll_inst.
SYN-4019 : Net sys_clk_dup_1 is refclk of pll u_pll_clk/pll_inst.
SYN-4020 : Net sys_clk_dup_1 is fbclk of pll u_pll_clk/pll_inst.
SYN-4024 : Net "aud_bclk_dup_1" drives clk pins.
SYN-4024 : Net "aud_bclk_1_dup_1" drives clk pins.
SYN-4024 : Net "aud_bclk_2_dup_1" drives clk pins.
SYN-4024 : Net "aud_bclk_3_dup_1" drives clk pins.
SYN-4024 : Net "u1_es8388_ctrl/u_es8388_config/u_i2c_dri/dri_clk" drives clk pins.
SYN-4024 : Net "u2_es8388_ctrl/u_es8388_config/u_i2c_dri/dri_clk" drives clk pins.
SYN-4024 : Net "u3_es8388_ctrl/u_es8388_config/u_i2c_dri/dri_clk" drives clk pins.
SYN-7503 WARNING: Net "u_es8388_ctrl/u_es8388_config/u_i2c_dri/dri_clk" drives clk pins. However it will not be tagged as clk net, for there's no more slots.
SYN-4025 : Tag rtl::Net aud_bclk_1_dup_1 as clock net
SYN-4025 : Tag rtl::Net aud_bclk_2_dup_1 as clock net
SYN-4025 : Tag rtl::Net aud_bclk_3_dup_1 as clock net
SYN-4025 : Tag rtl::Net aud_bclk_dup_1 as clock net
SYN-4025 : Tag rtl::Net aud_mclk_1_dup_1 as clock net
SYN-4025 : Tag rtl::Net aud_mclk_2_dup_1 as clock net
SYN-4025 : Tag rtl::Net aud_mclk_3_dup_1 as clock net
SYN-4025 : Tag rtl::Net aud_mclk_dup_1 as clock net
SYN-4025 : Tag rtl::Net ilaclk_1_dup_1 as clock net
SYN-4025 : Tag rtl::Net ilaclk_2_dup_1 as clock net
SYN-4025 : Tag rtl::Net ilaclk_3_dup_1 as clock net
SYN-4025 : Tag rtl::Net ilaclk_dup_1 as clock net
SYN-4025 : Tag rtl::Net sys_clk_dup_1 as clock net
SYN-4025 : Tag rtl::Net u1_es8388_ctrl/u_es8388_config/u_i2c_dri/dri_clk as clock net
SYN-4025 : Tag rtl::Net u2_es8388_ctrl/u_es8388_config/u_i2c_dri/dri_clk as clock net
SYN-4025 : Tag rtl::Net u3_es8388_ctrl/u_es8388_config/u_i2c_dri/dri_clk as clock net
SYN-4026 : Tagged 16 rtl::Net as clock net
SYN-4015 : Create BUFG instance for clk Net aud_bclk_1_dup_1 to drive 80 clock pins.
SYN-4015 : Create BUFG instance for clk Net aud_bclk_2_dup_1 to drive 80 clock pins.
SYN-4015 : Create BUFG instance for clk Net aud_bclk_3_dup_1 to drive 80 clock pins.
SYN-4015 : Create BUFG instance for clk Net aud_bclk_dup_1 to drive 80 clock pins.
SYN-4015 : Create BUFG instance for clk Net u1_es8388_ctrl/u_es8388_config/u_i2c_dri/dri_clk to drive 56 clock pins.
SYN-4015 : Create BUFG instance for clk Net u2_es8388_ctrl/u_es8388_config/u_i2c_dri/dri_clk to drive 56 clock pins.
SYN-4015 : Create BUFG instance for clk Net u3_es8388_ctrl/u_es8388_config/u_i2c_dri/dri_clk to drive 56 clock pins.
PHY-1001 : Populate physical database on model audio_speak.
RUN-1001 : There are total 2535 instances
RUN-0007 : 914 luts, 1101 seqs, 298 mslices, 157 lslices, 47 pads, 0 brams, 0 dsps
RUN-1001 : There are total 3220 nets
RUN-1001 : 2188 nets have 2 pins
RUN-1001 : 742 nets have [3 - 5] pins
RUN-1001 : 170 nets have [6 - 10] pins
RUN-1001 : 67 nets have [11 - 20] pins
RUN-1001 : 45 nets have [21 - 99] pins
RUN-1001 : 8 nets have 100+ pins
RUN-1001 : Report Control nets information:
RUN-1001 : DFF Distribution
RUN-1001 : ----------------------------------
RUN-1001 :   CE   |  SSR  |  ASR  |  DFF Count  
RUN-1001 : ----------------------------------
RUN-1001 :   No   |  No   |  No   |      0      
RUN-1001 :   No   |  No   |  Yes  |     461     
RUN-1001 :   No   |  Yes  |  No   |      0      
RUN-1001 :   Yes  |  No   |  No   |     384     
RUN-1001 :   Yes  |  No   |  Yes  |     256     
RUN-1001 :   Yes  |  Yes  |  No   |      0      
RUN-1001 : ----------------------------------
RUN-0007 : Control Group Statistic
RUN-0007 : ---------------------------
RUN-0007 :   #CLK  |  #CE  |  #SSR/ASR  
RUN-0007 : ---------------------------
RUN-0007 :    9    |  17   |     6      
RUN-0007 : ---------------------------
RUN-0007 : Control Set = 29
PHY-3001 : Initial placement ...
PHY-3001 : design contains 2533 instances, 914 luts, 1101 seqs, 455 slices, 67 macros(455 instances: 298 mslices 157 lslices)
PHY-0007 : Cell area utilization is 9%
PHY-3001 : Global placement ...
PHY-3001 : Initial: Len = 752862
PHY-3001 : Clustering ...
PHY-3001 : Level 0 #clusters 2533.
PHY-3001 : End clustering;  0.000073s wall, 0.000000s user + 0.000000s system = 0.000000s CPU (n/a%)

PHY-3001 : Run with size of 4
PHY-3001 : Cell area utilization is 9%
PHY-3001 : :::0::: Try harder cell spreading with beta_ = 0
PHY-3002 : Step(1): len = 470033, overlap = 0
PHY-3002 : Step(2): len = 300964, overlap = 0
PHY-3002 : Step(3): len = 222294, overlap = 2.5
PHY-3002 : Step(4): len = 173601, overlap = 10.3438
PHY-3002 : Step(5): len = 146996, overlap = 15.25
PHY-3002 : Step(6): len = 123714, overlap = 21.8438
PHY-3002 : Step(7): len = 110433, overlap = 26.25
PHY-3002 : Step(8): len = 100358, overlap = 28.2812
PHY-3002 : Step(9): len = 94900.3, overlap = 33.2188
PHY-3002 : Step(10): len = 90063.9, overlap = 50.6562
PHY-3002 : Step(11): len = 88037.7, overlap = 52.6562
PHY-3002 : Step(12): len = 83225.7, overlap = 52.125
PHY-3002 : Step(13): len = 76685.6, overlap = 57.3125
PHY-3002 : Step(14): len = 74599.3, overlap = 61.75
PHY-3002 : Step(15): len = 71510, overlap = 66.0312
PHY-3002 : Step(16): len = 65187, overlap = 69.2188
PHY-3002 : Step(17): len = 60714.4, overlap = 72.4688
PHY-3002 : Step(18): len = 61151.6, overlap = 76.6562
PHY-3001 : :::1::: Try harder cell spreading with beta_ = 8.01627e-05
PHY-3002 : Step(19): len = 68394.3, overlap = 63.0312
PHY-3002 : Step(20): len = 72295.2, overlap = 59.6875
PHY-3002 : Step(21): len = 69601.1, overlap = 43.5
PHY-3002 : Step(22): len = 66905.4, overlap = 26.2812
PHY-3002 : Step(23): len = 64276.8, overlap = 26.2188
PHY-3002 : Step(24): len = 60986.2, overlap = 25.0312
PHY-3002 : Step(25): len = 61165.8, overlap = 24.3438
PHY-3002 : Step(26): len = 61727.9, overlap = 23.9375
PHY-3002 : Step(27): len = 62344.7, overlap = 21.5938
PHY-3002 : Step(28): len = 59936.1, overlap = 24.0312
PHY-3002 : Step(29): len = 59597.7, overlap = 23.3438
PHY-3002 : Step(30): len = 58786.2, overlap = 23.8438
PHY-3002 : Step(31): len = 59428.9, overlap = 24.7812
PHY-3002 : Step(32): len = 58074.3, overlap = 35.5625
PHY-3002 : Step(33): len = 55506.9, overlap = 29.1562
PHY-3002 : Step(34): len = 55690.3, overlap = 24.9062
PHY-3002 : Step(35): len = 54241.7, overlap = 28.625
PHY-3002 : Step(36): len = 52886.8, overlap = 43
PHY-3002 : Step(37): len = 51741.3, overlap = 33.875
PHY-3002 : Step(38): len = 51959.6, overlap = 30.4062
PHY-3002 : Step(39): len = 51540.1, overlap = 25.0625
PHY-3002 : Step(40): len = 51724.3, overlap = 18.3125
PHY-3002 : Step(41): len = 49328.1, overlap = 19.9375
PHY-3002 : Step(42): len = 48004.3, overlap = 26.9375
PHY-3002 : Step(43): len = 48165.1, overlap = 26.6562
PHY-3002 : Step(44): len = 47948.6, overlap = 37.2812
PHY-3002 : Step(45): len = 47828.9, overlap = 38.875
PHY-3002 : Step(46): len = 46161.8, overlap = 44.9688
PHY-3002 : Step(47): len = 46177, overlap = 49.6875
PHY-3002 : Step(48): len = 46498.5, overlap = 47.7812
PHY-3001 : :::2::: Try harder cell spreading with beta_ = 0.000160325
PHY-3002 : Step(49): len = 45898.7, overlap = 43.6562
PHY-3002 : Step(50): len = 45363.7, overlap = 38.3125
PHY-3002 : Step(51): len = 45363.7, overlap = 38.3125
PHY-3001 : :::3::: Try harder cell spreading with beta_ = 0.000320651
PHY-3002 : Step(52): len = 45646, overlap = 37.9688
PHY-3002 : Step(53): len = 45646, overlap = 37.9688
PHY-3001 : Legalization ...
PHY-3001 : End legalization;  0.002254s wall, 0.000000s user + 0.000000s system = 0.000000s CPU (n/a%)

PHY-3001 : Run with size of 4
PHY-3001 : Cell area utilization is 12%
PHY-3001 : :::0::: Try harder cell spreading with beta_ = 1.31646e-06
PHY-3002 : Step(54): len = 43477.3, overlap = 87.3125
PHY-3002 : Step(55): len = 43490.5, overlap = 87.7188
PHY-3002 : Step(56): len = 43160.4, overlap = 101.094
PHY-3001 : :::1::: Try harder cell spreading with beta_ = 2.63292e-06
PHY-3002 : Step(57): len = 42058.7, overlap = 101.906
PHY-3002 : Step(58): len = 41878.5, overlap = 106.375
PHY-3002 : Step(59): len = 41878.5, overlap = 106.375
PHY-3001 : :::2::: Try harder cell spreading with beta_ = 5.26584e-06
PHY-3002 : Step(60): len = 42075.7, overlap = 97.3438
PHY-3002 : Step(61): len = 42075.7, overlap = 97.3438
PHY-3001 : :::3::: Try harder cell spreading with beta_ = 1.05317e-05
PHY-3002 : Step(62): len = 42629, overlap = 92
PHY-3002 : Step(63): len = 43178, overlap = 91.9375
PHY-3001 : :::4::: Try harder cell spreading with beta_ = 2.06243e-05
PHY-3002 : Step(64): len = 44980.3, overlap = 89.9688
PHY-3002 : Step(65): len = 45660.4, overlap = 89.3438
PHY-3002 : Step(66): len = 48945.4, overlap = 91.375
PHY-3002 : Step(67): len = 48295.3, overlap = 90.875
PHY-3002 : Step(68): len = 47480.8, overlap = 90.875
PHY-3002 : Step(69): len = 46848.1, overlap = 91.0312
PHY-3001 : Run with size of 2
PHY-3001 : Cell area utilization is 12%
PHY-3001 : :::0::: Try harder cell spreading with beta_ = 6.38165e-06
PHY-3002 : Step(70): len = 46639.5, overlap = 173
PHY-3002 : Step(71): len = 46639.5, overlap = 173
PHY-3002 : Step(72): len = 46784.9, overlap = 166.875
PHY-3001 : :::1::: Try harder cell spreading with beta_ = 1.20544e-05
PHY-3002 : Step(73): len = 49475.1, overlap = 154.906
PHY-3002 : Step(74): len = 50150.8, overlap = 154.375
PHY-3002 : Step(75): len = 50427.6, overlap = 151.406
PHY-3002 : Step(76): len = 50852.7, overlap = 146.406
PHY-3002 : Step(77): len = 51133.6, overlap = 141
PHY-3001 : :::2::: Try harder cell spreading with beta_ = 2.41087e-05
PHY-3002 : Step(78): len = 50975.6, overlap = 133
PHY-3002 : Step(79): len = 51236.5, overlap = 130.875
PHY-3002 : Step(80): len = 52172.4, overlap = 129
PHY-3001 : :::3::: Try harder cell spreading with beta_ = 3.90079e-05
PHY-3002 : Step(81): len = 54661, overlap = 125.156
PHY-3002 : Step(82): len = 55382.3, overlap = 121.906
PHY-3002 : Step(83): len = 54889.6, overlap = 117.75
PHY-3002 : Step(84): len = 55981.1, overlap = 114.344
PHY-3002 : Step(85): len = 57433.6, overlap = 111
PHY-3002 : Step(86): len = 57336.8, overlap = 110.125
PHY-3002 : Step(87): len = 57412.4, overlap = 110.031
PHY-3001 : :::4::: Try harder cell spreading with beta_ = 7.80158e-05
PHY-3002 : Step(88): len = 58362.3, overlap = 108.219
PHY-3002 : Step(89): len = 59000.4, overlap = 101.719
PHY-3002 : Step(90): len = 59193.3, overlap = 96.9375
PHY-3002 : Step(91): len = 59326.5, overlap = 96.1562
PHY-3002 : Step(92): len = 59448.9, overlap = 100.781
PHY-3001 : :::5::: Try harder cell spreading with beta_ = 0.000156032
PHY-3002 : Step(93): len = 60656.5, overlap = 92.7812
PHY-3002 : Step(94): len = 60759.1, overlap = 92.75
PHY-3002 : Step(95): len = 60316.9, overlap = 91.3125
PHY-3001 : :::6::: Try harder cell spreading with beta_ = 0.000252459
PHY-3002 : Step(96): len = 61270.5, overlap = 95.3438
PHY-3002 : Step(97): len = 62380.1, overlap = 93.125
PHY-3001 : :::7::: Try harder cell spreading with beta_ = 0.000412597
PHY-3002 : Step(98): len = 62477.3, overlap = 92.1562
PHY-3002 : Step(99): len = 63124, overlap = 91.4062
PHY-3001 : :::8::: Try harder cell spreading with beta_ = 0.000667582
PHY-3002 : Step(100): len = 63768.2, overlap = 89.0625
PHY-3002 : Step(101): len = 65418.6, overlap = 77.4688
PHY-3002 : Step(102): len = 65363.7, overlap = 77.1875
PHY-3002 : Step(103): len = 65310.2, overlap = 76.75
PHY-3002 : Step(104): len = 65329.9, overlap = 71.125
PHY-3001 : :::9::: Try harder cell spreading with beta_ = 0.00133516
PHY-3002 : Step(105): len = 65912, overlap = 70.5
PHY-3002 : Step(106): len = 66049.5, overlap = 70.4375
PHY-3002 : Step(107): len = 65640.7, overlap = 68.8438
PHY-3001 : :::10::: Try harder cell spreading with beta_ = 0.00267033
PHY-3002 : Step(108): len = 66018.3, overlap = 70.2812
PHY-3002 : Step(109): len = 66285.8, overlap = 69.8438
PHY-3001 : :::11::: Try harder cell spreading with beta_ = 0.00432059
PHY-3002 : Step(110): len = 66408.9, overlap = 69.4062
PHY-3002 : Step(111): len = 66429.7, overlap = 69.125
PHY-3001 : :::12::: Try harder cell spreading with beta_ = 0.00699071
PHY-3002 : Step(112): len = 66815.1, overlap = 65.125
PHY-3002 : Step(113): len = 67089.2, overlap = 64.75
PHY-3001 : :::13::: Try harder cell spreading with beta_ = 0.0139814
PHY-3002 : Step(114): len = 67035.1, overlap = 64.8438
PHY-3002 : Step(115): len = 66967.6, overlap = 65.125
PHY-3001 : :::14::: Try harder cell spreading with beta_ = 0.0229257
PHY-3002 : Step(116): len = 67039.6, overlap = 64.9688
PHY-3002 : Step(117): len = 67085.5, overlap = 64.9375
PHY-3001 : :::15::: Try harder cell spreading with beta_ = 0.0436423
PHY-3002 : Step(118): len = 67072.8, overlap = 64.3438
PHY-3002 : Step(119): len = 67072.8, overlap = 64.3438
OPT-1001 : Start physical optimization ...
OPT-1001 : Total overflow 182.66 peak overflow 4.75
OPT-1001 : Start high-fanout net optimization ...
OPT-1001 : Update timing in global mode
PHY-1001 : Start incremental global routing, caller is place ...
RUN-1001 : Generating global routing grids ...
RUN-1001 : Building simple global routing graph ...
PHY-1001 : Generate routing nets ...
PHY-1001 : Reuse net number 0/3220.
PHY-1001 : Global iterations in 16 thread ...
PHY-1002 : len = 75864, over cnt = 340(0%), over = 2024, worst = 44
PHY-1001 : End global iterations;  0.093962s wall, 0.046875s user + 0.062500s system = 0.109375s CPU (116.4%)

PHY-1001 : Congestion index: top1 = 53.66, top5 = 33.51, top10 = 23.15, top15 = 17.05.
PHY-1001 : End incremental global routing;  0.144943s wall, 0.078125s user + 0.093750s system = 0.171875s CPU (118.6%)

RUN-1002 : start command "start_timer -report"
TMR-5001 WARNING: No sdc constraints found while initiating timer.
TMR-2505 : Start building timing graph for model audio_speak.
TMR-2506 : Build timing graph completely. Port num: 46, tpin num: 12400, tnet num: 3218, tinst num: 2533, tnode num: 16280, tedge num: 21035.
TMR-2508 : Levelizing timing graph completed, there are 37 levels in total.
TMR-2501 : Timing graph initialized successfully.
OPT-1001 : End timing update;  0.227022s wall, 0.218750s user + 0.000000s system = 0.218750s CPU (96.4%)

OPT-1001 : 0 high-fanout net processed.
OPT-1001 : End high-fanout net optimization;  0.402364s wall, 0.328125s user + 0.093750s system = 0.421875s CPU (104.8%)

OPT-1001 : Current memory(MB): used = 201, reserve = 170, peak = 201.
OPT-1001 : End physical optimization;  0.425219s wall, 0.343750s user + 0.093750s system = 0.437500s CPU (102.9%)

PHY-3001 : Start packing ...
SYN-4007 : Packing 0 MUX to BLE ...
SYN-4008 : Packed 0 MUX and 0 SEQ to BLE.
SYN-4007 : Packing 914 LUT to BLE ...
SYN-4008 : Packed 914 LUT and 426 SEQ to BLE.
SYN-4003 : Packing 675 remaining SEQ's ...
SYN-4005 : Packed 182 SEQ with LUT/SLICE
SYN-4006 : 370 single LUT's are left
SYN-4006 : 493 single SEQ's are left
SYN-4011 : Packing model "audio_speak" (AL_USER_NORMAL) with 1407/1927 primitive instances ...
PHY-3001 : End packing;  0.057456s wall, 0.062500s user + 0.000000s system = 0.062500s CPU (108.8%)

PHY-1001 : Populate physical database on model audio_speak.
RUN-1001 : There are total 1261 instances
RUN-1001 : 598 mslices, 598 lslices, 47 pads, 0 brams, 0 dsps
RUN-1001 : There are total 2810 nets
RUN-1001 : 1794 nets have 2 pins
RUN-1001 : 726 nets have [3 - 5] pins
RUN-1001 : 170 nets have [6 - 10] pins
RUN-1001 : 77 nets have [11 - 20] pins
RUN-1001 : 39 nets have [21 - 99] pins
RUN-1001 : 4 nets have 100+ pins
PHY-3001 : design contains 1259 instances, 1196 slices, 67 macros(455 instances: 298 mslices 157 lslices)
PHY-3001 : Cell area utilization is 15%
PHY-3001 : After packing: Len = 67178.4, Over = 103.75
PHY-3001 : Run with size of 2
PHY-3001 : Cell area utilization is 15%
PHY-3001 : :::0::: Try harder cell spreading with beta_ = 1.6907e-05
PHY-3002 : Step(120): len = 61727.3, overlap = 110.75
PHY-3002 : Step(121): len = 59943.8, overlap = 114.75
PHY-3002 : Step(122): len = 58434, overlap = 117
PHY-3002 : Step(123): len = 57425.4, overlap = 125
PHY-3002 : Step(124): len = 57112.5, overlap = 128.5
PHY-3002 : Step(125): len = 57194.6, overlap = 130.75
PHY-3002 : Step(126): len = 57128.2, overlap = 128.5
PHY-3001 : :::1::: Try harder cell spreading with beta_ = 3.3814e-05
PHY-3002 : Step(127): len = 60400.4, overlap = 112.5
PHY-3002 : Step(128): len = 61664.3, overlap = 106.75
PHY-3002 : Step(129): len = 62329.2, overlap = 104.75
PHY-3001 : :::2::: Try harder cell spreading with beta_ = 6.7628e-05
PHY-3002 : Step(130): len = 65903, overlap = 91
PHY-3002 : Step(131): len = 66664.7, overlap = 91.5
PHY-3002 : Step(132): len = 67059.2, overlap = 83.75
PHY-3002 : Step(133): len = 67099.7, overlap = 85.5
PHY-3002 : Step(134): len = 66893.2, overlap = 86.5
PHY-3001 : Legalization ...
PHY-3001 : End legalization;  0.162230s wall, 0.187500s user + 0.328125s system = 0.515625s CPU (317.8%)

PHY-3001 : Trial Legalized: Len = 90137.9
PHY-3001 : Run with size of 2
PHY-3001 : Cell area utilization is 15%
PHY-3001 : :::0::: Try harder cell spreading with beta_ = 0.000289613
PHY-3002 : Step(135): len = 80135.1, overlap = 20
PHY-3002 : Step(136): len = 77131.2, overlap = 30.75
PHY-3002 : Step(137): len = 74123.3, overlap = 39
PHY-3002 : Step(138): len = 73481.4, overlap = 41
PHY-3002 : Step(139): len = 72854.9, overlap = 41.25
PHY-3002 : Step(140): len = 72674.9, overlap = 42.75
PHY-3002 : Step(141): len = 72336.4, overlap = 43.75
PHY-3001 : :::1::: Try harder cell spreading with beta_ = 0.000579227
PHY-3002 : Step(142): len = 72838.5, overlap = 43.25
PHY-3002 : Step(143): len = 73050, overlap = 42.75
PHY-3002 : Step(144): len = 73276.6, overlap = 42
PHY-3001 : :::2::: Try harder cell spreading with beta_ = 0.00115845
PHY-3002 : Step(145): len = 73443.9, overlap = 42.25
PHY-3002 : Step(146): len = 73518.7, overlap = 41.5
PHY-3001 : Legalization ...
PHY-3001 : End legalization;  0.004598s wall, 0.000000s user + 0.000000s system = 0.000000s CPU (n/a%)

PHY-3001 : Legalized: Len = 82287.5, Over = 0
PHY-3001 : Spreading special nets. 14 overflows in 2952 tiles.
PHY-3001 : End spreading;  0.007777s wall, 0.000000s user + 0.015625s system = 0.015625s CPU (200.9%)

PHY-3001 : 19 instances has been re-located, deltaX = 9, deltaY = 10, maxDist = 2.
PHY-3001 : Final: Len = 82505.5, Over = 0
OPT-1001 : Start physical optimization ...
OPT-1001 : Total overflow 0.00 peak overflow 0.00
OPT-1001 : Start high-fanout net optimization ...
OPT-1001 : Update timing in global mode
PHY-1001 : Start incremental global routing, caller is place ...
RUN-1001 : Generating global routing grids ...
PHY-1001 : Generate routing nets ...
PHY-1001 : Reuse net number 55/2810.
PHY-1001 : Global iterations in 16 thread ...
PHY-1002 : len = 99136, over cnt = 339(0%), over = 626, worst = 7
PHY-1002 : len = 102536, over cnt = 195(0%), over = 260, worst = 4
PHY-1002 : len = 105080, over cnt = 51(0%), over = 65, worst = 4
PHY-1002 : len = 105912, over cnt = 0(0%), over = 0, worst = 0
PHY-1001 : End global iterations;  0.169920s wall, 0.093750s user + 0.093750s system = 0.187500s CPU (110.3%)

PHY-1001 : Congestion index: top1 = 33.30, top5 = 27.28, top10 = 22.95, top15 = 19.51.
PHY-1001 : End incremental global routing;  0.232742s wall, 0.125000s user + 0.125000s system = 0.250000s CPU (107.4%)

RUN-1002 : start command "start_timer -report"
TMR-5001 WARNING: No sdc constraints found while initiating timer.
TMR-2505 : Start building timing graph for model audio_speak.
TMR-2506 : Build timing graph completely. Port num: 46, tpin num: 10506, tnet num: 2808, tinst num: 1259, tnode num: 13328, tedge num: 18613.
TMR-2508 : Levelizing timing graph completed, there are 37 levels in total.
TMR-2501 : Timing graph initialized successfully.
OPT-1001 : End timing update;  0.242970s wall, 0.250000s user + 0.000000s system = 0.250000s CPU (102.9%)

OPT-1001 : 0 high-fanout net processed.
OPT-1001 : End high-fanout net optimization;  0.508043s wall, 0.406250s user + 0.125000s system = 0.531250s CPU (104.6%)

OPT-1001 : Current memory(MB): used = 207, reserve = 176, peak = 207.
OPT-1001 : Update timing in Manhattan mode
OPT-1001 : End timing update;  0.003500s wall, 0.000000s user + 0.000000s system = 0.000000s CPU (n/a%)

OPT-1001 : Start pin optimization...
OPT-1001 : skip pin optimization...
RUN-1001 : Generating global routing grids ...
PHY-1001 : Generate routing nets ...
PHY-1001 : Reuse net number 2330/2810.
PHY-1001 : Global iterations in 16 thread ...
PHY-1002 : len = 105912, over cnt = 0(0%), over = 0, worst = 0
PHY-1001 : End global iterations;  0.007315s wall, 0.015625s user + 0.000000s system = 0.015625s CPU (213.6%)

PHY-1001 : Congestion index: top1 = 33.30, top5 = 27.28, top10 = 22.95, top15 = 19.51.
OPT-1001 : Update timing in Manhattan mode
OPT-1001 : End timing update;  0.003593s wall, 0.015625s user + 0.000000s system = 0.015625s CPU (434.8%)

RUN-1001 : QoR Analysis:
OPT-0007 :   WNS 2147483647 TNS 0 NUM_FEPS 0
RUN-1001 :   No local congestion issue, and most congested 1% tile average routing util is 32.862069
RUN-1001 :   Top critical paths
OPT-1001 : End physical optimization;  0.600967s wall, 0.500000s user + 0.125000s system = 0.625000s CPU (104.0%)

RUN-1003 : finish command "place" in  5.211908s wall, 7.734375s user + 7.921875s system = 15.656250s CPU (300.4%)

RUN-1004 : used memory is 178 MB, reserved memory is 147 MB, peak memory is 210 MB
RUN-1002 : start command "export_db ES8388_place.db"
RUN-1001 : Exported /
RUN-1001 : Exported flow parameters
RUN-1001 : Exported libs
RUN-1001 : Exported entities
RUN-1001 : Exported ports
RUN-1001 : Exported pins
RUN-1001 : Exported instances
RUN-1001 : Exported nets
RUN-1001 : Exported buses
RUN-1001 : Exported models
RUN-1001 : Exported congestions
RUN-1001 : Exported violations
RUN-1001 : Exported IO constraints
RUN-1001 : Exported Inst constraints
RUN-1002 : start command "route"
RUN-1001 : Open license file E:/Software/Anlogic/TD5.6.2/license/Anlogic.lic
RUN-1001 : Print Global Property
RUN-1001 : ---------------------------------------------------------------
RUN-1001 :        Parameters        |  Settings  |  Default Values  |  Note  
RUN-1001 : ---------------------------------------------------------------
RUN-1001 :          message         |  standard  |     standard     |        
RUN-1001 :   mixed_pack_place_flow  |     on     |        on        |        
RUN-1001 :        qor_monitor       |    off     |       off        |        
RUN-1001 :        syn_ip_flow       |    off     |       off        |        
RUN-1001 :          thread          |    auto    |       auto       |        
RUN-1001 : ---------------------------------------------------------------
RUN-1001 : Print Route Property
RUN-1001 : -------------------------------------------------------
RUN-1001 :    Parameters    |  Settings  |  Default Values  |  Note  
RUN-1001 : -------------------------------------------------------
RUN-1001 :      effort      |   medium   |      medium      |        
RUN-1001 :     fix_hold     |    off     |       off        |        
RUN-1001 :    opt_timing    |   medium   |      medium      |        
RUN-1001 :   phy_sim_model  |    off     |       off        |        
RUN-1001 :     priority     |   timing   |      timing      |        
RUN-1001 :     swap_pin     |     on     |        on        |        
RUN-1001 : -------------------------------------------------------
PHY-1001 : Route runs in 16 thread(s)
RUN-1001 : There are total 1261 instances
RUN-1001 : 598 mslices, 598 lslices, 47 pads, 0 brams, 0 dsps
RUN-1001 : There are total 2810 nets
RUN-1001 : 1794 nets have 2 pins
RUN-1001 : 726 nets have [3 - 5] pins
RUN-1001 : 170 nets have [6 - 10] pins
RUN-1001 : 77 nets have [11 - 20] pins
RUN-1001 : 39 nets have [21 - 99] pins
RUN-1001 : 4 nets have 100+ pins
RUN-1002 : start command "start_timer -report"
TMR-5001 WARNING: No sdc constraints found while initiating timer.
TMR-2505 : Start building timing graph for model audio_speak.
TMR-2506 : Build timing graph completely. Port num: 46, tpin num: 10506, tnet num: 2808, tinst num: 1259, tnode num: 13328, tedge num: 18613.
TMR-2508 : Levelizing timing graph completed, there are 37 levels in total.
TMR-2501 : Timing graph initialized successfully.
PHY-1001 : 598 mslices, 598 lslices, 47 pads, 0 brams, 0 dsps
TMR-2503 : Start to update net delay, extr mode = 3.
TMR-2504 : Update delay of 2808 nets completely.
TMR-2502 : Annotate delay completely, extr mode = 3.
TMR-3002 : No user constraint, initiate default constraint.
TMR-1501 : Assign derive clock DeriveClock to 1406 clock pins, and constraint 2814 relative nodes.
TMR-3003 : Constraints initiated successfully.
TMR-3501 : Forward propagation: start to calculate arrival time...
TMR-3502 : Backward propagation: start to calculate required time...
TMR-3503 : Timing propagation completes.
PHY-1001 : Start global routing, caller is route ...
RUN-1001 : Generating global routing grids ...
PHY-1001 : Generate routing nets ...
PHY-1001 : Global iterations in 16 thread ...
PHY-1002 : len = 98440, over cnt = 340(0%), over = 631, worst = 7
PHY-1002 : len = 101912, over cnt = 188(0%), over = 251, worst = 4
PHY-1002 : len = 104424, over cnt = 47(0%), over = 59, worst = 3
PHY-1002 : len = 105272, over cnt = 0(0%), over = 0, worst = 0
PHY-1001 : End global iterations;  0.178398s wall, 0.171875s user + 0.093750s system = 0.265625s CPU (148.9%)

PHY-1001 : Congestion index: top1 = 33.23, top5 = 27.25, top10 = 22.83, top15 = 19.35.
PHY-1001 : End global routing;  0.235260s wall, 0.234375s user + 0.093750s system = 0.328125s CPU (139.5%)

PHY-1001 : Start detail routing ...
PHY-1001 : Current memory(MB): used = 251, reserve = 221, peak = 256.
PHY-1001 : Detailed router is running in normal mode.
PHY-1001 : Generate detailed routing grids ...
PHY-1001 : Processed IO instance aud_dacdat_syn_4 with INV attribute.
PHY-1001 : Processed IO instance aud_dacdat_1_syn_4 with INV attribute.
PHY-1001 : Processed IO instance aud_dacdat_2_syn_4 with INV attribute.
PHY-1001 : Processed IO instance aud_dacdat_3_syn_4 with INV attribute.
PHY-1001 : Generate nets ...
PHY-1001 : clock net aud_bclk_syn_4 will be merged with clock aud_bclk_dup_1
PHY-1001 : clock net aud_bclk_1_syn_4 will be merged with clock aud_bclk_1_dup_1
PHY-1001 : clock net aud_bclk_2_syn_4 will be merged with clock aud_bclk_2_dup_1
PHY-1001 : clock net aud_bclk_3_syn_4 will be merged with clock aud_bclk_3_dup_1
PHY-1001 : net aud_mclk_dup_1 will be routed on clock mesh
PHY-1001 : net aud_mclk_1_dup_1 will be routed on clock mesh
PHY-1001 : net aud_mclk_2_dup_1 will be routed on clock mesh
PHY-1001 : net aud_mclk_3_dup_1 will be routed on clock mesh
PHY-1001 : clock net ilaclk_dup_1 will be merged with clock u_pll_clk/clk0_buf
PHY-1001 : clock net ilaclk_1_dup_1 will be merged with clock u1_pll_clk/clk0_buf
PHY-1001 : clock net ilaclk_2_dup_1 will be merged with clock u2_pll_clk/clk0_buf
PHY-1001 : clock net ilaclk_3_dup_1 will be merged with clock u3_pll_clk/clk0_buf
PHY-1001 : net sys_clk_dup_1 will be routed on clock mesh
PHY-1001 : clock net u1_es8388_ctrl/u_es8388_config/u_i2c_dri/dri_clk_syn_4 will be merged with clock u1_es8388_ctrl/u_es8388_config/u_i2c_dri/dri_clk
PHY-1001 : clock net u2_es8388_ctrl/u_es8388_config/u_i2c_dri/dri_clk_syn_4 will be merged with clock u2_es8388_ctrl/u_es8388_config/u_i2c_dri/dri_clk
PHY-1001 : clock net u3_es8388_ctrl/u_es8388_config/u_i2c_dri/dri_clk_syn_4 will be merged with clock u3_es8388_ctrl/u_es8388_config/u_i2c_dri/dri_clk
PHY-1001 : Current memory(MB): used = 508, reserve = 482, peak = 508.
PHY-1001 : End build detailed router design. 2.154216s wall, 2.125000s user + 0.031250s system = 2.156250s CPU (100.1%)

PHY-1001 : Detail Route ...
PHY-1001 : ===== Detail Route Phase 1 =====
PHY-1001 : Clock net routing.....
PHY-1001 : Routed 0% nets.
PHY-1022 : len = 52440, over cnt = 0(0%), over = 0, worst = 0, crit = 0
PHY-1001 : End initial clock net routed; 3.880575s wall, 3.875000s user + 0.015625s system = 3.890625s CPU (100.3%)

PHY-1001 : Current memory(MB): used = 542, reserve = 517, peak = 542.
PHY-1001 : End phase 1; 3.882884s wall, 3.875000s user + 0.015625s system = 3.890625s CPU (100.2%)

PHY-1001 : ===== Detail Route Phase 2 =====
PHY-1001 : Initial routing.....
PHY-1001 : Routed 35% nets.
PHY-1001 : Routed 45% nets.
PHY-1001 : Routed 54% nets.
PHY-1001 : Routed 66% nets.
PHY-1001 : Routed 84% nets.
PHY-1022 : len = 363880, over cnt = 117(0%), over = 117, worst = 1, crit = 0
PHY-1001 : Current memory(MB): used = 542, reserve = 517, peak = 542.
PHY-1001 : End initial routed; 2.337575s wall, 2.093750s user + 1.171875s system = 3.265625s CPU (139.7%)

PHY-1001 : Current memory(MB): used = 542, reserve = 517, peak = 542.
PHY-1001 : End phase 2; 2.337675s wall, 2.093750s user + 1.171875s system = 3.265625s CPU (139.7%)

PHY-1001 : ===== Detail Route Phase 3 =====
PHY-1001 : Ripup-reroute.....
PHY-1001 : ===== DR Iter 1 =====
PHY-1022 : len = 363336, over cnt = 52(0%), over = 52, worst = 1, crit = 0
PHY-1001 : End DR Iter 1; 0.048078s wall, 0.078125s user + 0.000000s system = 0.078125s CPU (162.5%)

PHY-1001 : ===== DR Iter 2 =====
PHY-1022 : len = 363392, over cnt = 17(0%), over = 17, worst = 1, crit = 0
PHY-1001 : End DR Iter 2; 0.036270s wall, 0.015625s user + 0.015625s system = 0.031250s CPU (86.2%)

PHY-1001 : ===== DR Iter 3 =====
PHY-1022 : len = 363376, over cnt = 0(0%), over = 0, worst = 0, crit = 0
PHY-1001 : End DR Iter 3; 0.028190s wall, 0.031250s user + 0.000000s system = 0.031250s CPU (110.9%)

PHY-1001 : Commit to database.....
PHY-1001 : 20 feed throughs used by 17 nets
PHY-1001 : End commit to database; 0.187439s wall, 0.187500s user + 0.000000s system = 0.187500s CPU (100.0%)

PHY-1001 : Current memory(MB): used = 560, reserve = 534, peak = 560.
PHY-1001 : End phase 3; 0.393988s wall, 0.390625s user + 0.031250s system = 0.421875s CPU (107.1%)

PHY-1003 : Routed, final wirelength = 363376
PHY-1001 : Current memory(MB): used = 561, reserve = 535, peak = 561.
PHY-1001 : End export database. 0.008943s wall, 0.015625s user + 0.000000s system = 0.015625s CPU (174.7%)

PHY-1001 : End detail routing;  8.931761s wall, 8.640625s user + 1.265625s system = 9.906250s CPU (110.9%)

RUN-1003 : finish command "route" in  9.539010s wall, 9.218750s user + 1.375000s system = 10.593750s CPU (111.1%)

RUN-1004 : used memory is 486 MB, reserved memory is 460 MB, peak memory is 561 MB
RUN-1002 : start command "report_area -io_info -file ES8388_phy.area"
RUN-1001 : standard
***Report Model: audio_speak Device: EG4S20BG256***

IO Statistics
#IO                        47
  #input                   19
  #output                  24
  #inout                    4

Utilization Statistics
#lut                     1824   out of  19600    9.31%
#reg                     1186   out of  19600    6.05%
#le                      2317
  #lut only              1131   out of   2317   48.81%
  #reg only               493   out of   2317   21.28%
  #lut&reg                693   out of   2317   29.91%
#dsp                        0   out of     29    0.00%
#bram                       0   out of     64    0.00%
  #bram9k                   0
  #fifo9k                   0
#bram32k                    0   out of     16    0.00%
#pad                       47   out of    188   25.00%
  #ireg                     8
  #oreg                    16
  #treg                     4
#pll                        4   out of      4  100.00%
#gclk                      11   out of     16   68.75%

Clock Resource Statistics
Index     ClockNet                                            Type               DriverType         Driver                                                           Fanout
#1        sys_clk_dup_1                                       GCLK               io                 sys_clk_syn_2.di                                                 364
#2        aud_bclk_3_dup_1                                    GCLK               io                 aud_bclk_3_syn_2.di                                              47
#3        aud_bclk_1_dup_1                                    GCLK               io                 aud_bclk_1_syn_2.di                                              45
#4        aud_bclk_dup_1                                      GCLK               io                 aud_bclk_syn_2.di                                                45
#5        aud_bclk_2_dup_1                                    GCLK               io                 aud_bclk_2_syn_2.di                                              44
#6        u1_es8388_ctrl/u_es8388_config/u_i2c_dri/dri_clk    GCLK               mslice             u1_es8388_ctrl/u_es8388_config/u_i2c_dri/dri_clk_reg_syn_9.q0    41
#7        u3_es8388_ctrl/u_es8388_config/u_i2c_dri/dri_clk    GCLK               lslice             u3_es8388_ctrl/u_es8388_config/u_i2c_dri/dri_clk_reg_syn_9.q1    41
#8        u2_es8388_ctrl/u_es8388_config/u_i2c_dri/dri_clk    GCLK               lslice             u2_es8388_ctrl/u_es8388_config/u_i2c_dri/dri_clk_reg_syn_9.q1    40
#9        aud_mclk_1_dup_1                                    GCLK               pll                u1_pll_clk/pll_inst.clkc1                                        0
#10       aud_mclk_2_dup_1                                    GCLK               pll                u2_pll_clk/pll_inst.clkc1                                        0
#11       aud_mclk_3_dup_1                                    GCLK               pll                u3_pll_clk/pll_inst.clkc1                                        0
#12       aud_mclk_dup_1                                      GCLK               pll                u_pll_clk/pll_inst.clkc1                                         0
#13       u1_pll_clk/clk0_buf                                 GCLK               pll                u1_pll_clk/pll_inst.clkc0                                        0
#14       u2_pll_clk/clk0_buf                                 GCLK               pll                u2_pll_clk/pll_inst.clkc0                                        0
#15       u3_pll_clk/clk0_buf                                 GCLK               pll                u3_pll_clk/pll_inst.clkc0                                        0
#16       u_pll_clk/clk0_buf                                  GCLK               pll                u_pll_clk/pll_inst.clkc0                                         0


Detailed IO Report

      Name        Direction    Location    IOStandard    DriveStrength    PullType     PackReg   
   aud_adcdat       INPUT        R14        LVCMOS25          N/A          PULLUP       IREG     
  aud_adcdat_1      INPUT        M16        LVCMOS25          N/A          PULLUP       IREG     
  aud_adcdat_2      INPUT         E7        LVCMOS25          N/A          PULLUP       IREG     
  aud_adcdat_3      INPUT         N6        LVCMOS25          N/A          PULLUP       IREG     
    aud_bclk        INPUT         M6        LVCMOS25          N/A          PULLUP       NONE     
   aud_bclk_1       INPUT        P16        LVCMOS25          N/A          PULLUP       NONE     
   aud_bclk_2       INPUT         D5        LVCMOS25          N/A          PULLUP       NONE     
   aud_bclk_3       INPUT        T12        LVCMOS25          N/A          PULLUP       NONE     
    aud_lrc         INPUT         M7        LVCMOS25          N/A          PULLUP       IREG     
   aud_lrc_1        INPUT        N16        LVCMOS25          N/A          PULLUP       IREG     
   aud_lrc_2        INPUT         C6        LVCMOS25          N/A          PULLUP       IREG     
   aud_lrc_3        INPUT         P5        LVCMOS25          N/A          PULLUP       IREG     
    sys_clk         INPUT         R7        LVCMOS25          N/A          PULLUP       NONE     
   sys_rst_n        INPUT         E3        LVCMOS25          N/A          PULLUP       NONE     
  sys_rst_n_1       INPUT        H16        LVCMOS25          N/A           N/A         NONE     
  sys_rst_n_2       INPUT         G6        LVCMOS25          N/A           N/A         NONE     
  sys_rst_n_3       INPUT         D9        LVCMOS25          N/A           N/A         NONE     
   volume[1]        INPUT        B10        LVCMOS25          N/A          PULLUP       NONE     
   volume[0]        INPUT        A10        LVCMOS25          N/A          PULLUP       NONE     
   aud_dacdat      OUTPUT         P6        LVCMOS25           8            NONE        OREG     
  aud_dacdat_1     OUTPUT        N14        LVCMOS25           8            NONE        OREG     
  aud_dacdat_2     OUTPUT         E6        LVCMOS25           8            NONE        OREG     
  aud_dacdat_3     OUTPUT        T13        LVCMOS25           8            NONE        OREG     
    aud_mclk       OUTPUT         N5        LVCMOS25           8            NONE        NONE     
   aud_mclk_1      OUTPUT        P15        LVCMOS25           8            NONE        NONE     
   aud_mclk_2      OUTPUT         F6        LVCMOS25           8            NONE        NONE     
   aud_mclk_3      OUTPUT         T9        LVCMOS25           8            NONE        NONE     
    aud_scl        OUTPUT        R12        LVCMOS25           8            NONE        OREG     
   aud_scl_1       OUTPUT        L12        LVCMOS25           8            NONE        OREG     
   aud_scl_2       OUTPUT         A2        LVCMOS25           8            NONE        OREG     
   aud_scl_3       OUTPUT         T7        LVCMOS25           8            NONE        OREG     
     ilaclk        OUTPUT         M9        LVCMOS25           8            NONE        NONE     
    ilaclk_1       OUTPUT        L16        LVCMOS25           8            NONE        NONE     
    ilaclk_2       OUTPUT         D3        LVCMOS25           8            NONE        NONE     
    ilaclk_3       OUTPUT        K15        LVCMOS25           8            NONE        NONE     
      led          OUTPUT        B14        LVCMOS25           8            NONE        NONE     
     led_1         OUTPUT        P14        LVCMOS25           8            NONE        NONE     
     led_2         OUTPUT        B15        LVCMOS25           8            NONE        NONE     
     led_3         OUTPUT        B16        LVCMOS25           8            NONE        NONE     
    led_four       OUTPUT        C16        LVCMOS25           8            NONE        OREG     
    led_one        OUTPUT        F16        LVCMOS25           8            NONE        OREG     
    led_tree       OUTPUT        E13        LVCMOS25           8            NONE        OREG     
    led_two        OUTPUT        E16        LVCMOS25           8            NONE        OREG     
    aud_sda         INOUT         R9        LVCMOS25           8           PULLUP     OREG;TREG  
   aud_sda_1        INOUT        M11        LVCMOS25           8           PULLUP     OREG;TREG  
   aud_sda_2        INOUT         C3        LVCMOS25           8           PULLUP     OREG;TREG  
   aud_sda_3        INOUT         T5        LVCMOS25           8           PULLUP     OREG;TREG  

Report Hierarchy Area:
+--------------------------------------------------------------------------------------------------------+
|Instance                   |Module                 |le     |lut     |ripple  |seq     |bram    |dsp     |
+--------------------------------------------------------------------------------------------------------+
|top                        |audio_speak            |2317   |1369    |455     |1214    |0       |0       |
|  u1_es8388_ctrl           |es8388_ctrl            |280    |232     |29      |142     |0       |0       |
|    u_audio_receive        |audio_receive          |81     |52      |12      |53      |0       |0       |
|    u_audio_send           |audio_send             |21     |21      |0       |21      |0       |0       |
|    u_es8388_config        |es8388_config          |178    |159     |17      |68      |0       |0       |
|      u_i2c_dri            |i2c_dri                |116    |107     |7       |41      |0       |0       |
|      u_i2c_reg_cfg        |i2c_reg_cfg            |62     |52      |10      |27      |0       |0       |
|  u1_pll_clk               |clk_wiz_0              |1      |1       |0       |0       |0       |0       |
|  u2_es8388_ctrl           |es8388_ctrl            |288    |236     |32      |143     |0       |0       |
|    u_audio_receive        |audio_receive          |80     |48      |12      |52      |0       |0       |
|    u_audio_send           |audio_send             |25     |25      |0       |23      |0       |0       |
|    u_es8388_config        |es8388_config          |183    |163     |20      |68      |0       |0       |
|      u_i2c_dri            |i2c_dri                |121    |111     |10      |41      |0       |0       |
|      u_i2c_reg_cfg        |i2c_reg_cfg            |62     |52      |10      |27      |0       |0       |
|  u2_pll_clk               |clk_wiz_0              |1      |1       |0       |0       |0       |0       |
|  u3_es8388_ctrl           |es8388_ctrl            |280    |228     |32      |142     |0       |0       |
|    u_audio_receive        |audio_receive          |80     |50      |12      |51      |0       |0       |
|    u_audio_send           |audio_send             |23     |21      |0       |21      |0       |0       |
|    u_es8388_config        |es8388_config          |177    |157     |20      |70      |0       |0       |
|      u_i2c_dri            |i2c_dri                |117    |107     |10      |42      |0       |0       |
|      u_i2c_reg_cfg        |i2c_reg_cfg            |60     |50      |10      |28      |0       |0       |
|  u3_pll_clk               |clk_wiz_0              |1      |1       |0       |0       |0       |0       |
|  u_es8388_ctrl            |es8388_ctrl            |336    |252     |60      |160     |0       |0       |
|    u_audio_receive        |audio_receive          |82     |55      |12      |60      |0       |0       |
|    u_audio_send           |audio_send             |81     |44      |28      |31      |0       |0       |
|    u_es8388_config        |es8388_config          |173    |153     |20      |69      |0       |0       |
|      u_i2c_dri            |i2c_dri                |113    |103     |10      |40      |0       |0       |
|      u_i2c_reg_cfg        |i2c_reg_cfg            |60     |50      |10      |29      |0       |0       |
|  u_pll_clk                |clk_wiz_0              |1      |1       |0       |0       |0       |0       |
|  u_spar_4mic_localization |spar_4mic_localization |1017   |361     |246     |562     |0       |0       |
+--------------------------------------------------------------------------------------------------------+


DataNet Average Fanout:

   Index     Fanout     Nets  
    #1          1       1743  
    #2          2       370   
    #3          3       218   
    #4          4       134   
    #5        5-10      182   
    #6        11-50      88   
    #7       51-100      8    
    #8       101-500     1    
  Average     2.53            

RUN-1002 : start command "export_db ES8388_pr.db"
RUN-1001 : Exported /
RUN-1001 : Exported flow parameters
RUN-1001 : Exported libs
RUN-1001 : Exported entities
RUN-1001 : Exported ports
RUN-1001 : Exported pins
RUN-1001 : Exported instances
RUN-1001 : Exported nets
RUN-1001 : Exported buses
RUN-1001 : Exported models
RUN-1001 : Exported congestions
RUN-1001 : Exported violations
RUN-1001 : Exported IO constraints
RUN-1001 : Exported Inst constraints
RUN-1002 : start command "export_bid ES8388_inst.bid"
RUN-1002 : start command "bitgen -bit ES8388.bit -unused_io_status pulldown"
BIT-1003 : Start to generate bitstream. 
BIT-1002 : Bitgen processed 141 unused pads, reserve input tri_state with pulldown
BIT-1002 : Init instances with 16 threads.
BIT-1002 : Init instances completely, inst num: 1400
BIT-1002 : Init pips with 16 threads.
BIT-1002 : Init pips completely, net num: 2810, pip num: 24740
BIT-1002 : Init feedthrough with 16 threads.
BIT-1002 : Init feedthrough completely, num: 20
BIT-1003 : Multithreading accelaration with 16 threads.
BIT-1003 : Generate bitstream completely, there are 2222 valid insts, and 71404 bits set as '1'.
BIT-1004 : PLL setting string = 1111
BIT-1004 : Generate bits file ES8388.bit.
RUN-1003 : finish command "bitgen -bit ES8388.bit -unused_io_status pulldown" in  1.972299s wall, 21.343750s user + 0.921875s system = 22.265625s CPU (1128.9%)

RUN-1004 : used memory is 488 MB, reserved memory is 477 MB, peak memory is 684 MB
RUN-1002 : start command "backup_run_log run.log ../.logs/phy_1/td_20251025_110249.log"
