============================================================
   Tang Dynasty, V5.6.71036
      Copyright (c) 2012-2023 Anlogic Inc.
   Executable = D:/TD/bin/td.exe
   Built at =   20:34:38 Mar 21 2023
   Run by =     lyw15
   Run Date =   Sun Oct  5 12:01:38 2025

   Run on =     -001
============================================================
RUN-1002 : start command "open_project ES8388.prj"
RUN-1001 : Print Global Property
RUN-1001 : ---------------------------------------------------------------
RUN-1001 :        Parameters        |  Settings  |  Default Values  |  Note  
RUN-1001 : ---------------------------------------------------------------
RUN-1001 :          message         |  standard  |     standard     |        
RUN-1001 :   mixed_pack_place_flow  |     on     |        on        |        
RUN-1001 :        qor_monitor       |    off     |       off        |        
RUN-1001 :        syn_ip_flow       |    off     |       off        |        
RUN-1001 :          thread          |    auto    |       auto       |        
RUN-1001 : ---------------------------------------------------------------
RUN-1001 : Print Design Property
RUN-1001 : --------------------------------------------------------------
RUN-1001 :        Parameters       |  Settings  |  Default Values  |  Note  
RUN-1001 : --------------------------------------------------------------
RUN-1001 :   default_reg_initial   |    auto    |       auto       |        
RUN-1001 :        infer_add        |     on     |        on        |        
RUN-1001 :        infer_fsm        |    off     |       off        |        
RUN-1001 :        infer_mult       |     on     |        on        |        
RUN-1001 :        infer_ram        |     on     |        on        |        
RUN-1001 :        infer_reg        |     on     |        on        |        
RUN-1001 :   infer_reg_init_value  |     on     |        on        |        
RUN-1001 :        infer_rom        |     on     |        on        |        
RUN-1001 :      infer_shifter      |     on     |        on        |        
RUN-1001 : --------------------------------------------------------------
RUN-1001 : Print Rtl Property
RUN-1001 : --------------------------------------------------------------
RUN-1001 :        Parameters       |  Settings  |  Default Values  |  Note  
RUN-1001 : --------------------------------------------------------------
RUN-1001 :       compress_add      |   ripple   |      ripple      |        
RUN-1001 :        elf_sload        |    off     |       off        |        
RUN-1001 :       fix_undriven      |     0      |        0         |        
RUN-1001 :         flatten         |    off     |       off        |        
RUN-1001 :       gate_sharing      |     on     |        on        |        
RUN-1001 :    hdl_warning_level    |   normal   |      normal      |        
RUN-1001 :   impl_internal_tribuf  |     on     |        on        |        
RUN-1001 :      impl_set_reset     |     on     |        on        |        
RUN-1001 :        infer_gsr        |    off     |       off        |        
RUN-1001 :      keep_hierarchy     |    auto    |       auto       |        
RUN-1001 :        max_fanout       |    9999    |       9999       |        
RUN-1001 :      max_oh2bin_len     |     10     |        10        |        
RUN-1001 :       merge_equal       |     on     |        on        |        
RUN-1001 :       merge_equiv       |     on     |        on        |        
RUN-1001 :        merge_mux        |    off     |       off        |        
RUN-1001 :     min_control_set     |     8      |        8         |        
RUN-1001 :      min_ripple_len     |    auto    |       auto       |        
RUN-1001 :       oh2bin_ratio      |    0.08    |       0.08       |        
RUN-1001 :     opt_adder_fanout    |     on     |        on        |        
RUN-1001 :        opt_arith        |     on     |        on        |        
RUN-1001 :       opt_big_gate      |    off     |       off        |        
RUN-1001 :        opt_const        |     on     |        on        |        
RUN-1001 :      opt_const_mult     |     on     |        on        |        
RUN-1001 :       opt_lessthan      |     on     |        on        |        
RUN-1001 :         opt_mux         |    off     |       off        |        
RUN-1001 :         opt_ram         |    high    |       high       |        
RUN-1001 :      rtl_sim_model      |    off     |       off        |        
RUN-1001 :         seq_syn         |     on     |        on        |        
RUN-1001 : --------------------------------------------------------------
HDL-1007 : analyze verilog file ../../al_ip/clk_wiz_0.v
HDL-1007 : undeclared symbol 'open', assumed default net type 'wire' in ../../al_ip/clk_wiz_0.v(80)
HDL-1007 : analyze verilog file ../../../RTL/audio_receive.v
HDL-1007 : analyze verilog file ../../../RTL/audio_send.v
HDL-1007 : analyze verilog file ../../../RTL/audio_speak.v
HDL-1007 : analyze verilog file ../../../RTL/es8388_config.v
HDL-1007 : analyze verilog file ../../../RTL/es8388_ctrl.v
HDL-1007 : analyze verilog file ../../../RTL/i2c_dri.v
HDL-1007 : analyze verilog file ../../../RTL/i2c_reg_cfg.v
RUN-1001 : Project manager successfully analyzed 8 source files.
RUN-1002 : start command "import_device eagle_s20.db -package EG4S20BG256"
ARC-1001 : Device Initialization.
ARC-1001 : ------------------------------------------------------------------
ARC-1001 :            OPTION            |          IO          |   SETTING   
ARC-1001 : ------------------------------------------------------------------
ARC-1001 :   cso_b/cclk/mosi/miso/dout  |  T3/R11/T10/P10/S11  |    gpio    
ARC-1001 :             done             |         P13          |    gpio    
ARC-1001 :           program_b          |          T2          |  dedicate  
ARC-1001 :        tdi/tms/tck/tdo       |   C12/A15/C14/E14    |  dedicate  
ARC-1001 : ------------------------------------------------------------------
ARC-1004 : Device setting, marked 5 dedicate IOs in total.
RUN-1002 : start command "import_db ../syn_1/ES8388_gate.db"
RUN-1001 : Importing database generated by Tang Dynasty, V5.6.71036.
RUN-1001 : Database version number 46146.
RUN-1001 : Import flow parameters
RUN-1001 : Import IO constraints
RUN-1001 : Import Inst constraints
RUN-1001 : Import design success TD_VERSION=5.6.71036 , DB_VERSION=46146
RUN-1002 : start command "place"
RUN-1001 : Open license file D:/TD/license/Anlogic.lic
RUN-1001 : Print Global Property
RUN-1001 : ---------------------------------------------------------------
RUN-1001 :        Parameters        |  Settings  |  Default Values  |  Note  
RUN-1001 : ---------------------------------------------------------------
RUN-1001 :          message         |  standard  |     standard     |        
RUN-1001 :   mixed_pack_place_flow  |     on     |        on        |        
RUN-1001 :        qor_monitor       |    off     |       off        |        
RUN-1001 :        syn_ip_flow       |    off     |       off        |        
RUN-1001 :          thread          |    auto    |       auto       |        
RUN-1001 : ---------------------------------------------------------------
RUN-1001 : Print Place Property
RUN-1001 : --------------------------------------------------------------
RUN-1001 :        Parameters       |  Settings  |  Default Values  |  Note  
RUN-1001 : --------------------------------------------------------------
RUN-1001 :      detailed_place     |     on     |        on        |        
RUN-1001 :          effort         |   medium   |      medium      |        
RUN-1001 :         fix_hold        |    off     |       off        |        
RUN-1001 :       legalization      |    ori     |       ori        |        
RUN-1001 :      new_spreading      |     on     |        on        |        
RUN-1001 :        opt_timing       |   medium   |      medium      |        
RUN-1001 :   post_clock_route_opt  |    off     |       off        |        
RUN-1001 :       pr_strategy       |     1      |        1         |        
RUN-1001 :        relaxation       |    1.00    |       1.00       |        
RUN-1001 :         retiming        |    off     |       off        |        
RUN-1001 : --------------------------------------------------------------
PHY-3001 : Placer runs in 24 thread(s).
RUN-1002 : start command "legalize_phy_inst"
SYN-1011 : Flatten model audio_speak
RUN-1002 : start command "phys_opt -simplify_lut"
SYN-4016 : Net ilaclk_1_dup_1 driven by BUFG (0 clock/control pins, 2 other pins).
SYN-4016 : Net ilaclk_dup_1 driven by BUFG (0 clock/control pins, 2 other pins).
SYN-4027 : Net aud_mclk_1_dup_1 is clkc1 of pll u1_pll_clk/pll_inst.
SYN-4019 : Net sys_clk_1_dup_1 is refclk of pll u1_pll_clk/pll_inst.
SYN-4020 : Net sys_clk_1_dup_1 is fbclk of pll u1_pll_clk/pll_inst.
SYN-4027 : Net aud_mclk_dup_1 is clkc1 of pll u_pll_clk/pll_inst.
SYN-4019 : Net sys_clk_dup_1 is refclk of pll u_pll_clk/pll_inst.
SYN-4020 : Net sys_clk_dup_1 is fbclk of pll u_pll_clk/pll_inst.
SYN-4024 : Net "aud_bclk_dup_1" drives clk pins.
SYN-4024 : Net "aud_bclk_1_dup_1" drives clk pins.
SYN-4024 : Net "u1_es8388_ctrl/u_es8388_config/u_i2c_dri/dri_clk" drives clk pins.
SYN-4024 : Net "u_es8388_ctrl/u_es8388_config/u_i2c_dri/dri_clk" drives clk pins.
SYN-4025 : Tag rtl::Net aud_bclk_1_dup_1 as clock net
SYN-4025 : Tag rtl::Net aud_bclk_dup_1 as clock net
SYN-4025 : Tag rtl::Net aud_mclk_1_dup_1 as clock net
SYN-4025 : Tag rtl::Net aud_mclk_dup_1 as clock net
SYN-4025 : Tag rtl::Net ilaclk_1_dup_1 as clock net
SYN-4025 : Tag rtl::Net ilaclk_dup_1 as clock net
SYN-4025 : Tag rtl::Net sys_clk_1_dup_1 as clock net
SYN-4025 : Tag rtl::Net sys_clk_dup_1 as clock net
SYN-4025 : Tag rtl::Net u1_es8388_ctrl/u_es8388_config/u_i2c_dri/dri_clk as clock net
SYN-4025 : Tag rtl::Net u_es8388_ctrl/u_es8388_config/u_i2c_dri/dri_clk as clock net
SYN-4026 : Tagged 10 rtl::Net as clock net
USR-6011 WARNING: For better performance, please assign GCLKIO[0-3] or GCLKIO[4-7] as a group in ADC. 
		      Current conflict is gclkiot_1 (N9) and gclkiot_5 (R7).
SYN-4015 : Create BUFG instance for clk Net aud_bclk_1_dup_1 to drive 80 clock pins.
SYN-4015 : Create BUFG instance for clk Net aud_bclk_dup_1 to drive 80 clock pins.
SYN-4015 : Create BUFG instance for clk Net u1_es8388_ctrl/u_es8388_config/u_i2c_dri/dri_clk to drive 59 clock pins.
SYN-4015 : Create BUFG instance for clk Net u_es8388_ctrl/u_es8388_config/u_i2c_dri/dri_clk to drive 59 clock pins.
SYN-4015 : Create BUFG instance for clk Net sys_clk_1_dup_1 to drive 19 clock pins.
PHY-1001 : Populate physical database on model audio_speak.
RUN-1001 : There are total 796 instances
RUN-0007 : 399 luts, 306 seqs, 34 mslices, 22 lslices, 23 pads, 0 brams, 0 dsps
RUN-1001 : There are total 887 nets
RUN-1001 : 564 nets have 2 pins
RUN-1001 : 216 nets have [3 - 5] pins
RUN-1001 : 48 nets have [6 - 10] pins
RUN-1001 : 36 nets have [11 - 20] pins
RUN-1001 : 20 nets have [21 - 99] pins
RUN-1001 : 3 nets have 100+ pins
RUN-1001 : Report Control nets information:
RUN-1001 : DFF Distribution
RUN-1001 : ----------------------------------
RUN-1001 :   CE   |  SSR  |  ASR  |  DFF Count  
RUN-1001 : ----------------------------------
RUN-1001 :   No   |  No   |  No   |      0      
RUN-1001 :   No   |  No   |  Yes  |     146     
RUN-1001 :   No   |  Yes  |  No   |      0      
RUN-1001 :   Yes  |  No   |  No   |     16      
RUN-1001 :   Yes  |  No   |  Yes  |     144     
RUN-1001 :   Yes  |  Yes  |  No   |      0      
RUN-1001 : ----------------------------------
RUN-0007 : Control Group Statistic
RUN-0007 : ---------------------------
RUN-0007 :   #CLK  |  #CE  |  #SSR/ASR  
RUN-0007 : ---------------------------
RUN-0007 :    6    |  11   |     3      
RUN-0007 : ---------------------------
RUN-0007 : Control Set = 16
PHY-3001 : Initial placement ...
PHY-3001 : design contains 794 instances, 399 luts, 306 seqs, 56 slices, 16 macros(56 instances: 34 mslices 22 lslices)
PHY-0007 : Cell area utilization is 2%
PHY-3001 : Global placement ...
PHY-3001 : Initial: Len = 187721
PHY-3001 : Clustering ...
PHY-3001 : Level 0 #clusters 794.
PHY-3001 : End clustering;  0.000038s wall, 0.000000s user + 0.000000s system = 0.000000s CPU (n/a%)

PHY-3001 : Run with size of 4
PHY-3001 : Cell area utilization is 2%
PHY-3001 : :::0::: Try harder cell spreading with beta_ = 0
PHY-3002 : Step(1): len = 110080, overlap = 0
PHY-3002 : Step(2): len = 73543.8, overlap = 0
PHY-3002 : Step(3): len = 53309.2, overlap = 0
PHY-3002 : Step(4): len = 41940.9, overlap = 0
PHY-3002 : Step(5): len = 35731, overlap = 0
PHY-3002 : Step(6): len = 32842.8, overlap = 0
PHY-3002 : Step(7): len = 28381, overlap = 0
PHY-3002 : Step(8): len = 25813.4, overlap = 0
PHY-3002 : Step(9): len = 26230.3, overlap = 0
PHY-3002 : Step(10): len = 24587.5, overlap = 0
PHY-3002 : Step(11): len = 23326.8, overlap = 0
PHY-3002 : Step(12): len = 24113.1, overlap = 0
PHY-3002 : Step(13): len = 24632.6, overlap = 0
PHY-3002 : Step(14): len = 21632.6, overlap = 0
PHY-3002 : Step(15): len = 20634.8, overlap = 0
PHY-3002 : Step(16): len = 20554.1, overlap = 0
PHY-3002 : Step(17): len = 18941.3, overlap = 0
PHY-3002 : Step(18): len = 17121.4, overlap = 0
PHY-3002 : Step(19): len = 16157.8, overlap = 0
PHY-3002 : Step(20): len = 16294.4, overlap = 0
PHY-3002 : Step(21): len = 15781.1, overlap = 0
PHY-3002 : Step(22): len = 14719.8, overlap = 0
PHY-3002 : Step(23): len = 14719.8, overlap = 0
PHY-3002 : Step(24): len = 14119.3, overlap = 0
PHY-3002 : Step(25): len = 14119.3, overlap = 0
PHY-3002 : Step(26): len = 13686.3, overlap = 0
PHY-3001 : Legalization ...
PHY-3001 : End legalization;  0.002404s wall, 0.000000s user + 0.000000s system = 0.000000s CPU (n/a%)

PHY-3001 : Run with size of 4
PHY-3001 : Cell area utilization is 3%
PHY-3001 : :::0::: Try harder cell spreading with beta_ = 0
PHY-3002 : Step(27): len = 13528, overlap = 4
PHY-3002 : Step(28): len = 13528, overlap = 4
PHY-3002 : Step(29): len = 13342.7, overlap = 4.34375
PHY-3002 : Step(30): len = 13342.7, overlap = 4.34375
PHY-3002 : Step(31): len = 13284.5, overlap = 4.6875
PHY-3002 : Step(32): len = 13284.5, overlap = 4.6875
PHY-3002 : Step(33): len = 13159.2, overlap = 5.875
PHY-3002 : Step(34): len = 13159.2, overlap = 5.875
PHY-3002 : Step(35): len = 13061.9, overlap = 6.3125
PHY-3002 : Step(36): len = 13061.9, overlap = 6.3125
PHY-3002 : Step(37): len = 13077.6, overlap = 7.875
PHY-3002 : Step(38): len = 13077.6, overlap = 7.875
PHY-3002 : Step(39): len = 12893.3, overlap = 8.34375
PHY-3002 : Step(40): len = 12893.3, overlap = 8.34375
PHY-3002 : Step(41): len = 12919.7, overlap = 9.46875
PHY-3002 : Step(42): len = 12919.7, overlap = 9.46875
PHY-3002 : Step(43): len = 12780.1, overlap = 10.2188
PHY-3002 : Step(44): len = 12780.1, overlap = 10.2188
PHY-3002 : Step(45): len = 12813.7, overlap = 10.3125
PHY-3002 : Step(46): len = 12813.7, overlap = 10.3125
PHY-3002 : Step(47): len = 12616.6, overlap = 10.3125
PHY-3002 : Step(48): len = 12616.6, overlap = 10.3125
PHY-3002 : Step(49): len = 12727.6, overlap = 10.5938
PHY-3002 : Step(50): len = 12727.6, overlap = 10.5938
PHY-3002 : Step(51): len = 12458.5, overlap = 10.8125
PHY-3002 : Step(52): len = 12458.5, overlap = 10.8125
PHY-3002 : Step(53): len = 12558.8, overlap = 11.3438
PHY-3002 : Step(54): len = 12558.8, overlap = 11.3438
PHY-3002 : Step(55): len = 12360.9, overlap = 11.75
PHY-3002 : Step(56): len = 12360.9, overlap = 11.75
PHY-3002 : Step(57): len = 12491.1, overlap = 12.3438
PHY-3002 : Step(58): len = 12491.1, overlap = 12.3438
PHY-3002 : Step(59): len = 12270, overlap = 12.3438
PHY-3002 : Step(60): len = 12270, overlap = 12.3438
PHY-3002 : Step(61): len = 12311.2, overlap = 12.5312
PHY-3002 : Step(62): len = 12311.2, overlap = 12.5312
PHY-3002 : Step(63): len = 12207.4, overlap = 12.5312
PHY-3002 : Step(64): len = 12207.4, overlap = 12.5312
PHY-3002 : Step(65): len = 12249, overlap = 12.75
PHY-3002 : Step(66): len = 12249, overlap = 12.75
PHY-3002 : Step(67): len = 12143.7, overlap = 13.0312
PHY-3002 : Step(68): len = 12143.7, overlap = 13.0312
PHY-3002 : Step(69): len = 12194, overlap = 14.125
PHY-3002 : Step(70): len = 12194, overlap = 14.125
PHY-3002 : Step(71): len = 12086.9, overlap = 14.6875
PHY-3002 : Step(72): len = 12086.9, overlap = 14.6875
PHY-3002 : Step(73): len = 12158.4, overlap = 15.8125
PHY-3002 : Step(74): len = 12158.4, overlap = 15.8125
PHY-3002 : Step(75): len = 12038.9, overlap = 16.6875
PHY-3002 : Step(76): len = 12038.9, overlap = 16.6875
PHY-3002 : Step(77): len = 12117.8, overlap = 17.8438
PHY-3002 : Step(78): len = 12117.8, overlap = 17.8438
PHY-3002 : Step(79): len = 11992.6, overlap = 18.4062
PHY-3002 : Step(80): len = 11992.6, overlap = 18.4062
PHY-3002 : Step(81): len = 12083.5, overlap = 18.5312
PHY-3002 : Step(82): len = 12083.5, overlap = 18.5312
PHY-3002 : Step(83): len = 11948.4, overlap = 18.625
PHY-3002 : Step(84): len = 11948.4, overlap = 18.625
PHY-3002 : Step(85): len = 12044.3, overlap = 18.5312
PHY-3002 : Step(86): len = 12044.3, overlap = 18.5312
PHY-3002 : Step(87): len = 11906, overlap = 18.125
PHY-3002 : Step(88): len = 11906, overlap = 18.125
PHY-3002 : Step(89): len = 12002.1, overlap = 18.0312
PHY-3002 : Step(90): len = 12002.1, overlap = 18.0312
PHY-3002 : Step(91): len = 11860.6, overlap = 18.0312
PHY-3002 : Step(92): len = 11860.6, overlap = 18.0312
PHY-3002 : Step(93): len = 11971.1, overlap = 17.9062
PHY-3002 : Step(94): len = 11971.1, overlap = 17.9062
PHY-3002 : Step(95): len = 11820, overlap = 18.0938
PHY-3002 : Step(96): len = 11820, overlap = 18.0938
PHY-3002 : Step(97): len = 11930.3, overlap = 17.6875
PHY-3002 : Step(98): len = 11930.3, overlap = 17.6875
PHY-3002 : Step(99): len = 11785, overlap = 17.6875
PHY-3002 : Step(100): len = 11785, overlap = 17.6875
PHY-3002 : Step(101): len = 11894.6, overlap = 17.0312
PHY-3002 : Step(102): len = 11894.6, overlap = 17.0312
PHY-3002 : Step(103): len = 11753.2, overlap = 16.875
PHY-3002 : Step(104): len = 11753.2, overlap = 16.875
PHY-3002 : Step(105): len = 11777, overlap = 16.5312
PHY-3002 : Step(106): len = 11777, overlap = 16.5312
PHY-3002 : Step(107): len = 11709.3, overlap = 16.5625
PHY-3002 : Step(108): len = 11709.3, overlap = 16.5625
PHY-3002 : Step(109): len = 11807, overlap = 15.7188
PHY-3002 : Step(110): len = 11807, overlap = 15.7188
PHY-3002 : Step(111): len = 11687.8, overlap = 15.2188
PHY-3002 : Step(112): len = 11687.8, overlap = 15.2188
PHY-3002 : Step(113): len = 11721.2, overlap = 14.9062
PHY-3002 : Step(114): len = 11721.2, overlap = 14.9062
PHY-3002 : Step(115): len = 11649, overlap = 14.8125
PHY-3002 : Step(116): len = 11649, overlap = 14.8125
PHY-3002 : Step(117): len = 11750.2, overlap = 14.6875
PHY-3002 : Step(118): len = 11750.2, overlap = 14.6875
PHY-3002 : Step(119): len = 11622.6, overlap = 14.4688
PHY-3002 : Step(120): len = 11622.6, overlap = 14.4688
PHY-3002 : Step(121): len = 11658.2, overlap = 14.875
PHY-3002 : Step(122): len = 11658.2, overlap = 14.875
PHY-3002 : Step(123): len = 11588, overlap = 15.7188
PHY-3002 : Step(124): len = 11588, overlap = 15.7188
PHY-3002 : Step(125): len = 11694, overlap = 15.7188
PHY-3002 : Step(126): len = 11694, overlap = 15.7188
PHY-3002 : Step(127): len = 11568.4, overlap = 15.5625
PHY-3002 : Step(128): len = 11568.4, overlap = 15.5625
PHY-3002 : Step(129): len = 11608.5, overlap = 15.5625
PHY-3002 : Step(130): len = 11608.5, overlap = 15.5625
PHY-3002 : Step(131): len = 11540.1, overlap = 15.4375
PHY-3002 : Step(132): len = 11540.1, overlap = 15.4375
PHY-3002 : Step(133): len = 11650.2, overlap = 15.4062
PHY-3002 : Step(134): len = 11650.2, overlap = 15.4062
PHY-3002 : Step(135): len = 11510.9, overlap = 15.2812
PHY-3002 : Step(136): len = 11510.9, overlap = 15.2812
PHY-3002 : Step(137): len = 11559, overlap = 15.2812
PHY-3002 : Step(138): len = 11559, overlap = 15.2812
PHY-3002 : Step(139): len = 11483.9, overlap = 15.125
PHY-3002 : Step(140): len = 11483.9, overlap = 15.125
PHY-3002 : Step(141): len = 11522.6, overlap = 15.0625
PHY-3002 : Step(142): len = 11522.6, overlap = 15.0625
PHY-3002 : Step(143): len = 11457, overlap = 16.0312
PHY-3002 : Step(144): len = 11457, overlap = 16.0312
PHY-3002 : Step(145): len = 11568.7, overlap = 15.0938
PHY-3002 : Step(146): len = 11568.7, overlap = 15.0938
PHY-3002 : Step(147): len = 11441.3, overlap = 15.4375
PHY-3002 : Step(148): len = 11441.3, overlap = 15.4375
PHY-3002 : Step(149): len = 11482.7, overlap = 14.9688
PHY-3002 : Step(150): len = 11482.7, overlap = 14.9688
PHY-3002 : Step(151): len = 11414.2, overlap = 15.125
PHY-3002 : Step(152): len = 11414.2, overlap = 15.125
PHY-3002 : Step(153): len = 11456.3, overlap = 14.6562
PHY-3002 : Step(154): len = 11456.3, overlap = 14.6562
PHY-3002 : Step(155): len = 11392, overlap = 14.7188
PHY-3002 : Step(156): len = 11392, overlap = 14.7188
PHY-3002 : Step(157): len = 11430.4, overlap = 13.8438
PHY-3002 : Step(158): len = 11430.4, overlap = 13.8438
PHY-3002 : Step(159): len = 11370.6, overlap = 14
PHY-3002 : Step(160): len = 11370.6, overlap = 14
PHY-3002 : Step(161): len = 11413.7, overlap = 13.4688
PHY-3002 : Step(162): len = 11413.7, overlap = 13.4688
PHY-3002 : Step(163): len = 11350.8, overlap = 13.5938
PHY-3002 : Step(164): len = 11350.8, overlap = 13.5938
PHY-3002 : Step(165): len = 11389.3, overlap = 13.3125
PHY-3002 : Step(166): len = 11389.3, overlap = 13.3125
PHY-3002 : Step(167): len = 11331.6, overlap = 13.1562
PHY-3002 : Step(168): len = 11331.6, overlap = 13.1562
PHY-3002 : Step(169): len = 11371.3, overlap = 13.0625
PHY-3002 : Step(170): len = 11371.3, overlap = 13.0625
PHY-3002 : Step(171): len = 11310.9, overlap = 13.0625
PHY-3002 : Step(172): len = 11310.9, overlap = 13.0625
PHY-3002 : Step(173): len = 11350.7, overlap = 12.6562
PHY-3002 : Step(174): len = 11350.7, overlap = 12.6562
PHY-3002 : Step(175): len = 11291.3, overlap = 12.6875
PHY-3002 : Step(176): len = 11291.3, overlap = 12.6875
PHY-3002 : Step(177): len = 11327.5, overlap = 12.5
PHY-3002 : Step(178): len = 11327.5, overlap = 12.5
PHY-3002 : Step(179): len = 11272.7, overlap = 12.1562
PHY-3002 : Step(180): len = 11272.7, overlap = 12.1562
PHY-3002 : Step(181): len = 11308.4, overlap = 11.9375
PHY-3002 : Step(182): len = 11308.4, overlap = 11.9375
PHY-3002 : Step(183): len = 11254.7, overlap = 11.7812
PHY-3002 : Step(184): len = 11254.7, overlap = 11.7812
PHY-3002 : Step(185): len = 11292.6, overlap = 11.5625
PHY-3002 : Step(186): len = 11292.6, overlap = 11.5625
PHY-3002 : Step(187): len = 11232.8, overlap = 11.5938
PHY-3002 : Step(188): len = 11232.8, overlap = 11.5938
PHY-3002 : Step(189): len = 11274.1, overlap = 10.9688
PHY-3002 : Step(190): len = 11274.1, overlap = 10.9688
PHY-3002 : Step(191): len = 11214.4, overlap = 10.9688
PHY-3002 : Step(192): len = 11214.4, overlap = 10.9688
PHY-3002 : Step(193): len = 11252.1, overlap = 10.8438
PHY-3002 : Step(194): len = 11252.1, overlap = 10.8438
PHY-3002 : Step(195): len = 11190.9, overlap = 10.625
PHY-3002 : Step(196): len = 11190.9, overlap = 10.625
PHY-3002 : Step(197): len = 11231.9, overlap = 10.1562
PHY-3002 : Step(198): len = 11231.9, overlap = 10.1562
PHY-3002 : Step(199): len = 11176.5, overlap = 10.0938
PHY-3002 : Step(200): len = 11176.5, overlap = 10.0938
PHY-3002 : Step(201): len = 11141.5, overlap = 9.65625
PHY-3002 : Step(202): len = 11141.5, overlap = 9.65625
PHY-3002 : Step(203): len = 11248.4, overlap = 9.6875
PHY-3002 : Step(204): len = 11248.4, overlap = 9.6875
PHY-3002 : Step(205): len = 11144.1, overlap = 9.46875
PHY-3002 : Step(206): len = 11144.1, overlap = 9.46875
PHY-3002 : Step(207): len = 11119, overlap = 9.53125
PHY-3002 : Step(208): len = 11119, overlap = 9.53125
PHY-3002 : Step(209): len = 11149.6, overlap = 9.03125
PHY-3002 : Step(210): len = 11149.6, overlap = 9.03125
PHY-3002 : Step(211): len = 11105.6, overlap = 8.875
PHY-3002 : Step(212): len = 11105.6, overlap = 8.875
PHY-3002 : Step(213): len = 11089.1, overlap = 8.4375
PHY-3002 : Step(214): len = 11089.1, overlap = 8.4375
PHY-3002 : Step(215): len = 11180, overlap = 8.21875
PHY-3002 : Step(216): len = 11180, overlap = 8.21875
PHY-3002 : Step(217): len = 11087, overlap = 7.9375
PHY-3002 : Step(218): len = 11087, overlap = 7.9375
PHY-3002 : Step(219): len = 11057.3, overlap = 8.09375
PHY-3002 : Step(220): len = 11057.3, overlap = 8.09375
PHY-3002 : Step(221): len = 11094.6, overlap = 7.09375
PHY-3002 : Step(222): len = 11094.6, overlap = 7.09375
PHY-3002 : Step(223): len = 11049.1, overlap = 7.3125
PHY-3002 : Step(224): len = 11049.1, overlap = 7.3125
PHY-3002 : Step(225): len = 11033.9, overlap = 6.9375
PHY-3002 : Step(226): len = 11033.9, overlap = 6.9375
PHY-3001 : Run with size of 2
PHY-3001 : Cell area utilization is 3%
PHY-3001 : :::0::: Try harder cell spreading with beta_ = 1.29547e-05
PHY-3002 : Step(227): len = 11799.8, overlap = 31.4375
PHY-3002 : Step(228): len = 11799.8, overlap = 31.4375
PHY-3001 : :::1::: Try harder cell spreading with beta_ = 2.59095e-05
PHY-3002 : Step(229): len = 12186, overlap = 30.4375
PHY-3002 : Step(230): len = 12186, overlap = 30.4375
PHY-3002 : Step(231): len = 12048.1, overlap = 28.7188
PHY-3002 : Step(232): len = 12048.1, overlap = 28.7188
PHY-3002 : Step(233): len = 12392.7, overlap = 27.8438
PHY-3001 : :::2::: Try harder cell spreading with beta_ = 5.1819e-05
PHY-3002 : Step(234): len = 12698.5, overlap = 27.5938
PHY-3002 : Step(235): len = 12846.2, overlap = 27.1562
PHY-3002 : Step(236): len = 13337.8, overlap = 21.7812
PHY-3002 : Step(237): len = 13411.2, overlap = 20.125
PHY-3002 : Step(238): len = 13089.2, overlap = 18.875
PHY-3001 : :::3::: Try harder cell spreading with beta_ = 0.000103638
PHY-3002 : Step(239): len = 12967.7, overlap = 19.125
PHY-3002 : Step(240): len = 12967.7, overlap = 19.125
PHY-3001 : :::4::: Try harder cell spreading with beta_ = 0.000207276
PHY-3002 : Step(241): len = 13108, overlap = 19.8125
PHY-3002 : Step(242): len = 13108, overlap = 19.8125
PHY-3001 : :::5::: Try harder cell spreading with beta_ = 0.000414552
PHY-3002 : Step(243): len = 13325.8, overlap = 21
PHY-3002 : Step(244): len = 13325.8, overlap = 21
PHY-3001 : :::6::: Try harder cell spreading with beta_ = 0.000829103
PHY-3002 : Step(245): len = 13445.3, overlap = 20.8125
PHY-3002 : Step(246): len = 13445.3, overlap = 20.8125
PHY-3001 : :::7::: Try harder cell spreading with beta_ = 0.00165821
PHY-3002 : Step(247): len = 13473.2, overlap = 19.5625
PHY-3002 : Step(248): len = 13473.2, overlap = 19.5625
OPT-1001 : Start physical optimization ...
OPT-1001 : Total overflow 43.84 peak overflow 5.38
OPT-1001 : Start high-fanout net optimization ...
OPT-1001 : Update timing in global mode
PHY-1001 : Start incremental global routing, caller is place ...
RUN-1001 : Generating global routing grids ...
RUN-1001 : Building simple global routing graph ...
PHY-1001 : Generate routing nets ...
PHY-1001 : Reuse net number 0/887.
PHY-1001 : Global iterations in 24 thread ...
PHY-1002 : len = 14208, over cnt = 61(0%), over = 299, worst = 19
PHY-1001 : End global iterations;  0.017996s wall, 0.000000s user + 0.015625s system = 0.015625s CPU (86.8%)

PHY-1001 : Congestion index: top1 = 24.48, top5 = 7.95, top10 = 4.43, top15 = 2.95.
PHY-1001 : End incremental global routing;  0.048087s wall, 0.015625s user + 0.031250s system = 0.046875s CPU (97.5%)

RUN-1002 : start command "start_timer -report"
TMR-5001 WARNING: No sdc constraints found while initiating timer.
TMR-2505 : Start building timing graph for model audio_speak.
TMR-2506 : Build timing graph completely. Port num: 23, tpin num: 3666, tnet num: 885, tinst num: 794, tnode num: 4768, tedge num: 5773.
TMR-2508 : Levelizing timing graph completed, there are 17 levels in total.
TMR-2501 : Timing graph initialized successfully.
OPT-1001 : End timing update;  0.112034s wall, 0.093750s user + 0.015625s system = 0.109375s CPU (97.6%)

OPT-1001 : 0 high-fanout net processed.
OPT-1001 : End high-fanout net optimization;  0.169124s wall, 0.125000s user + 0.046875s system = 0.171875s CPU (101.6%)

OPT-1001 : Current memory(MB): used = 165, reserve = 133, peak = 165.
OPT-1001 : End physical optimization;  0.174143s wall, 0.125000s user + 0.046875s system = 0.171875s CPU (98.7%)

PHY-3001 : Start packing ...
SYN-4007 : Packing 0 MUX to BLE ...
SYN-4008 : Packed 0 MUX and 0 SEQ to BLE.
SYN-4007 : Packing 399 LUT to BLE ...
SYN-4008 : Packed 399 LUT and 164 SEQ to BLE.
SYN-4003 : Packing 142 remaining SEQ's ...
SYN-4005 : Packed 86 SEQ with LUT/SLICE
SYN-4006 : 165 single LUT's are left
SYN-4006 : 56 single SEQ's are left
SYN-4011 : Packing model "audio_speak" (AL_USER_NORMAL) with 455/546 primitive instances ...
PHY-3001 : End packing;  0.018226s wall, 0.015625s user + 0.000000s system = 0.015625s CPU (85.7%)

PHY-1001 : Populate physical database on model audio_speak.
RUN-1001 : There are total 340 instances
RUN-1001 : 152 mslices, 153 lslices, 23 pads, 0 brams, 0 dsps
RUN-1001 : There are total 729 nets
RUN-1001 : 400 nets have 2 pins
RUN-1001 : 218 nets have [3 - 5] pins
RUN-1001 : 54 nets have [6 - 10] pins
RUN-1001 : 40 nets have [11 - 20] pins
RUN-1001 : 16 nets have [21 - 99] pins
RUN-1001 : 1 nets have 100+ pins
PHY-3001 : design contains 338 instances, 305 slices, 16 macros(56 instances: 34 mslices 22 lslices)
PHY-3001 : Cell area utilization is 4%
PHY-3001 : After packing: Len = 13657.8, Over = 28
PHY-3001 : Run with size of 2
PHY-3001 : Cell area utilization is 4%
PHY-3001 : :::0::: Try harder cell spreading with beta_ = 2.7877e-05
PHY-3002 : Step(249): len = 13352.6, overlap = 29
PHY-3002 : Step(250): len = 13352.6, overlap = 29
PHY-3002 : Step(251): len = 13275.3, overlap = 28.75
PHY-3001 : :::1::: Try harder cell spreading with beta_ = 5.57539e-05
PHY-3002 : Step(252): len = 13519.5, overlap = 28.75
PHY-3002 : Step(253): len = 13519.5, overlap = 28.75
PHY-3002 : Step(254): len = 13473.3, overlap = 28.25
PHY-3001 : :::2::: Try harder cell spreading with beta_ = 0.000111508
PHY-3002 : Step(255): len = 13862.3, overlap = 25.5
PHY-3002 : Step(256): len = 13982, overlap = 24.75
PHY-3002 : Step(257): len = 14035.3, overlap = 24.5
PHY-3001 : Legalization ...
PHY-3001 : End legalization;  0.045155s wall, 0.109375s user + 0.031250s system = 0.140625s CPU (311.4%)

PHY-3001 : Trial Legalized: Len = 23735
PHY-3001 : Run with size of 2
PHY-3001 : Cell area utilization is 4%
PHY-3001 : :::0::: Try harder cell spreading with beta_ = 0
PHY-3002 : Step(258): len = 17830.4, overlap = 6.25
PHY-3002 : Step(259): len = 15764, overlap = 15
PHY-3002 : Step(260): len = 14805.6, overlap = 21.5
PHY-3002 : Step(261): len = 14492.3, overlap = 23.75
PHY-3002 : Step(262): len = 14125.2, overlap = 25.5
PHY-3001 : :::1::: Try harder cell spreading with beta_ = 5.20983e-05
PHY-3002 : Step(263): len = 14202, overlap = 25.5
PHY-3002 : Step(264): len = 14253, overlap = 25.5
PHY-3002 : Step(265): len = 14132.3, overlap = 25
PHY-3001 : :::2::: Try harder cell spreading with beta_ = 0.000104197
PHY-3002 : Step(266): len = 14298.8, overlap = 22.75
PHY-3002 : Step(267): len = 14341.3, overlap = 21.75
PHY-3001 : Legalization ...
PHY-3001 : End legalization;  0.003885s wall, 0.000000s user + 0.000000s system = 0.000000s CPU (n/a%)

PHY-3001 : Legalized: Len = 20450.9, Over = 0
PHY-3001 : End spreading;  0.001936s wall, 0.000000s user + 0.000000s system = 0.000000s CPU (n/a%)

PHY-3001 : Final: Len = 20450.9, Over = 0
OPT-1001 : Start physical optimization ...
OPT-1001 : Total overflow 0.00 peak overflow 0.00
OPT-1001 : Start high-fanout net optimization ...
OPT-1001 : Update timing in global mode
PHY-1001 : Start incremental global routing, caller is place ...
RUN-1001 : Generating global routing grids ...
PHY-1001 : Generate routing nets ...
PHY-1001 : Reuse net number 37/729.
PHY-1001 : Global iterations in 24 thread ...
PHY-1002 : len = 23552, over cnt = 86(0%), over = 124, worst = 4
PHY-1002 : len = 24064, over cnt = 40(0%), over = 57, worst = 3
PHY-1002 : len = 24792, over cnt = 2(0%), over = 2, worst = 1
PHY-1002 : len = 24808, over cnt = 1(0%), over = 1, worst = 1
PHY-1002 : len = 24824, over cnt = 0(0%), over = 0, worst = 0
PHY-1001 : End global iterations;  0.035154s wall, 0.031250s user + 0.015625s system = 0.046875s CPU (133.3%)

PHY-1001 : Congestion index: top1 = 24.22, top5 = 13.93, top10 = 8.05, top15 = 5.46.
PHY-1001 : End incremental global routing;  0.065016s wall, 0.062500s user + 0.015625s system = 0.078125s CPU (120.2%)

RUN-1002 : start command "start_timer -report"
TMR-5001 WARNING: No sdc constraints found while initiating timer.
TMR-2505 : Start building timing graph for model audio_speak.
TMR-2506 : Build timing graph completely. Port num: 23, tpin num: 3108, tnet num: 727, tinst num: 338, tnode num: 3894, tedge num: 5128.
TMR-2508 : Levelizing timing graph completed, there are 17 levels in total.
TMR-2501 : Timing graph initialized successfully.
OPT-1001 : End timing update;  0.104124s wall, 0.109375s user + 0.000000s system = 0.109375s CPU (105.0%)

OPT-1001 : 0 high-fanout net processed.
OPT-1001 : End high-fanout net optimization;  0.177050s wall, 0.187500s user + 0.015625s system = 0.203125s CPU (114.7%)

OPT-1001 : Current memory(MB): used = 168, reserve = 136, peak = 168.
OPT-1001 : Update timing in Manhattan mode
OPT-1001 : End timing update;  0.000469s wall, 0.000000s user + 0.000000s system = 0.000000s CPU (n/a%)

OPT-1001 : Start pin optimization...
OPT-1001 : skip pin optimization...
RUN-1001 : Generating global routing grids ...
PHY-1001 : Generate routing nets ...
PHY-1001 : Reuse net number 609/729.
PHY-1001 : Global iterations in 24 thread ...
PHY-1002 : len = 24824, over cnt = 0(0%), over = 0, worst = 0
PHY-1001 : End global iterations;  0.001510s wall, 0.000000s user + 0.000000s system = 0.000000s CPU (n/a%)

PHY-1001 : Congestion index: top1 = 24.22, top5 = 13.93, top10 = 8.05, top15 = 5.46.
OPT-1001 : Update timing in Manhattan mode
OPT-1001 : End timing update;  0.000797s wall, 0.000000s user + 0.000000s system = 0.000000s CPU (n/a%)

RUN-1001 : QoR Analysis:
OPT-0007 :   WNS 2147483647 TNS 0 NUM_FEPS 0
RUN-1001 :   No local congestion issue, and most congested 1% tile average routing util is 23.793103
RUN-1001 :   Top critical paths
OPT-1001 : End physical optimization;  0.213997s wall, 0.218750s user + 0.015625s system = 0.234375s CPU (109.5%)

RUN-1003 : finish command "place" in  5.847060s wall, 8.515625s user + 9.781250s system = 18.296875s CPU (312.9%)

RUN-1004 : used memory is 144 MB, reserved memory is 112 MB, peak memory is 169 MB
RUN-1002 : start command "export_db ES8388_place.db"
RUN-1001 : Exported /
RUN-1001 : Exported flow parameters
RUN-1001 : Exported libs
RUN-1001 : Exported entities
RUN-1001 : Exported ports
RUN-1001 : Exported pins
RUN-1001 : Exported instances
RUN-1001 : Exported nets
RUN-1001 : Exported buses
RUN-1001 : Exported models
RUN-1001 : Exported congestions
RUN-1001 : Exported violations
RUN-1001 : Exported IO constraints
RUN-1001 : Exported Inst constraints
RUN-1002 : start command "route"
RUN-1001 : Open license file D:/TD/license/Anlogic.lic
RUN-1001 : Print Global Property
RUN-1001 : ---------------------------------------------------------------
RUN-1001 :        Parameters        |  Settings  |  Default Values  |  Note  
RUN-1001 : ---------------------------------------------------------------
RUN-1001 :          message         |  standard  |     standard     |        
RUN-1001 :   mixed_pack_place_flow  |     on     |        on        |        
RUN-1001 :        qor_monitor       |    off     |       off        |        
RUN-1001 :        syn_ip_flow       |    off     |       off        |        
RUN-1001 :          thread          |    auto    |       auto       |        
RUN-1001 : ---------------------------------------------------------------
RUN-1001 : Print Route Property
RUN-1001 : -------------------------------------------------------
RUN-1001 :    Parameters    |  Settings  |  Default Values  |  Note  
RUN-1001 : -------------------------------------------------------
RUN-1001 :      effort      |   medium   |      medium      |        
RUN-1001 :     fix_hold     |    off     |       off        |        
RUN-1001 :    opt_timing    |   medium   |      medium      |        
RUN-1001 :   phy_sim_model  |    off     |       off        |        
RUN-1001 :     priority     |   timing   |      timing      |        
RUN-1001 :     swap_pin     |     on     |        on        |        
RUN-1001 : -------------------------------------------------------
PHY-1001 : Route runs in 24 thread(s)
RUN-1001 : There are total 340 instances
RUN-1001 : 152 mslices, 153 lslices, 23 pads, 0 brams, 0 dsps
RUN-1001 : There are total 729 nets
RUN-1001 : 400 nets have 2 pins
RUN-1001 : 218 nets have [3 - 5] pins
RUN-1001 : 54 nets have [6 - 10] pins
RUN-1001 : 40 nets have [11 - 20] pins
RUN-1001 : 16 nets have [21 - 99] pins
RUN-1001 : 1 nets have 100+ pins
RUN-1002 : start command "start_timer -report"
TMR-5001 WARNING: No sdc constraints found while initiating timer.
TMR-2505 : Start building timing graph for model audio_speak.
TMR-2506 : Build timing graph completely. Port num: 23, tpin num: 3108, tnet num: 727, tinst num: 338, tnode num: 3894, tedge num: 5128.
TMR-2508 : Levelizing timing graph completed, there are 17 levels in total.
TMR-2501 : Timing graph initialized successfully.
PHY-1001 : 152 mslices, 153 lslices, 23 pads, 0 brams, 0 dsps
TMR-2503 : Start to update net delay, extr mode = 3.
TMR-2504 : Update delay of 727 nets completely.
TMR-2502 : Annotate delay completely, extr mode = 3.
TMR-3002 : No user constraint, initiate default constraint.
TMR-1501 : Assign derive clock DeriveClock to 380 clock pins, and constraint 782 relative nodes.
TMR-3003 : Constraints initiated successfully.
TMR-3501 : Forward propagation: start to calculate arrival time...
TMR-3502 : Backward propagation: start to calculate required time...
TMR-3503 : Timing propagation completes.
PHY-1001 : Start global routing, caller is route ...
RUN-1001 : Generating global routing grids ...
PHY-1001 : Generate routing nets ...
PHY-1001 : Global iterations in 24 thread ...
PHY-1002 : len = 23344, over cnt = 86(0%), over = 124, worst = 4
PHY-1002 : len = 23840, over cnt = 39(0%), over = 55, worst = 3
PHY-1002 : len = 24568, over cnt = 1(0%), over = 1, worst = 1
PHY-1002 : len = 24584, over cnt = 0(0%), over = 0, worst = 0
PHY-1001 : End global iterations;  0.048125s wall, 0.046875s user + 0.078125s system = 0.125000s CPU (259.7%)

PHY-1001 : Congestion index: top1 = 24.40, top5 = 13.98, top10 = 8.04, top15 = 5.41.
PHY-1001 : End global routing;  0.079331s wall, 0.062500s user + 0.093750s system = 0.156250s CPU (197.0%)

PHY-1001 : Start detail routing ...
PHY-1001 : Current memory(MB): used = 201, reserve = 170, peak = 223.
PHY-1001 : Detailed router is running in normal mode.
PHY-1001 : Generate detailed routing grids ...
PHY-1001 : Processed IO instance aud_dacdat_syn_4 with INV attribute.
PHY-1001 : Processed IO instance aud_dacdat_1_syn_4 with INV attribute.
PHY-1001 : Generate nets ...
PHY-1001 : clock net aud_bclk_syn_4 will be merged with clock aud_bclk_dup_1
PHY-1001 : clock net aud_bclk_1_syn_4 will be merged with clock aud_bclk_1_dup_1
PHY-1001 : net aud_mclk_dup_1 will be routed on clock mesh
PHY-1001 : net aud_mclk_1_dup_1 will be routed on clock mesh
PHY-1001 : clock net ilaclk_dup_1 will be merged with clock u_pll_clk/clk0_buf
PHY-1001 : clock net ilaclk_1_dup_1 will be merged with clock u1_pll_clk/clk0_buf
PHY-1001 : net sys_clk_dup_1 will be routed on clock mesh
PHY-1001 : clock net sys_clk_1_syn_4 will be merged with clock sys_clk_1_dup_1
PHY-1001 : clock net u1_es8388_ctrl/u_es8388_config/u_i2c_dri/dri_clk_syn_4 will be merged with clock u1_es8388_ctrl/u_es8388_config/u_i2c_dri/dri_clk
PHY-1001 : clock net u_es8388_ctrl/u_es8388_config/u_i2c_dri/dri_clk_syn_4 will be merged with clock u_es8388_ctrl/u_es8388_config/u_i2c_dri/dri_clk
PHY-1001 : Current memory(MB): used = 469, reserve = 443, peak = 469.
PHY-1001 : End build detailed router design. 2.472247s wall, 2.406250s user + 0.046875s system = 2.453125s CPU (99.2%)

PHY-1001 : Detail Route ...
PHY-1001 : ===== Detail Route Phase 1 =====
PHY-1001 : Clock net routing.....
PHY-1001 : Routed 1% nets.
PHY-1022 : len = 17752, over cnt = 0(0%), over = 0, worst = 0, crit = 0
PHY-1001 : End initial clock net routed; 1.845240s wall, 1.828125s user + 0.000000s system = 1.828125s CPU (99.1%)

PHY-1001 : Current memory(MB): used = 501, reserve = 476, peak = 501.
PHY-1001 : End phase 1; 1.850764s wall, 1.828125s user + 0.000000s system = 1.828125s CPU (98.8%)

PHY-1001 : ===== Detail Route Phase 2 =====
PHY-1001 : Initial routing.....
PHY-1001 : Routed 36% nets.
PHY-1001 : Routed 43% nets.
PHY-1001 : Routed 55% nets.
PHY-1001 : Routed 69% nets.
PHY-1001 : Routed 90% nets.
PHY-1022 : len = 113976, over cnt = 41(0%), over = 41, worst = 1, crit = 0
PHY-1001 : Current memory(MB): used = 502, reserve = 476, peak = 502.
PHY-1001 : End initial routed; 0.566947s wall, 0.562500s user + 0.234375s system = 0.796875s CPU (140.6%)

PHY-1001 : Current memory(MB): used = 502, reserve = 476, peak = 502.
PHY-1001 : End phase 2; 0.567035s wall, 0.562500s user + 0.234375s system = 0.796875s CPU (140.5%)

PHY-1001 : ===== Detail Route Phase 3 =====
PHY-1001 : Ripup-reroute.....
PHY-1001 : ===== DR Iter 1 =====
PHY-1022 : len = 113920, over cnt = 13(0%), over = 13, worst = 1, crit = 0
PHY-1001 : End DR Iter 1; 0.019679s wall, 0.000000s user + 0.015625s system = 0.015625s CPU (79.4%)

PHY-1001 : ===== DR Iter 2 =====
PHY-1022 : len = 113872, over cnt = 1(0%), over = 1, worst = 1, crit = 0
PHY-1001 : End DR Iter 2; 0.014407s wall, 0.015625s user + 0.000000s system = 0.015625s CPU (108.5%)

PHY-1001 : ===== DR Iter 3 =====
PHY-1022 : len = 113912, over cnt = 0(0%), over = 0, worst = 0, crit = 0
PHY-1001 : End DR Iter 3; 0.011026s wall, 0.000000s user + 0.000000s system = 0.000000s CPU (n/a%)

PHY-1001 : Commit to database.....
PHY-1001 : 12 feed throughs used by 12 nets
PHY-1001 : End commit to database; 0.070789s wall, 0.078125s user + 0.000000s system = 0.078125s CPU (110.4%)

PHY-1001 : Current memory(MB): used = 514, reserve = 487, peak = 514.
PHY-1001 : End phase 3; 0.209511s wall, 0.203125s user + 0.015625s system = 0.218750s CPU (104.4%)

PHY-1003 : Routed, final wirelength = 113912
PHY-1001 : Current memory(MB): used = 514, reserve = 487, peak = 514.
PHY-1001 : End export database. 0.005276s wall, 0.000000s user + 0.000000s system = 0.000000s CPU (n/a%)

PHY-1001 : End detail routing;  5.256444s wall, 5.140625s user + 0.296875s system = 5.437500s CPU (103.4%)

RUN-1003 : finish command "route" in  5.496941s wall, 5.359375s user + 0.406250s system = 5.765625s CPU (104.9%)

RUN-1004 : used memory is 429 MB, reserved memory is 402 MB, peak memory is 514 MB
RUN-1002 : start command "report_area -io_info -file ES8388_phy.area"
RUN-1001 : standard
***Report Model: audio_speak Device: EG4S20BG256***

IO Statistics
#IO                        24
  #input                   12
  #output                  10
  #inout                    2

Utilization Statistics
#lut                      531   out of  19600    2.71%
#reg                      306   out of  19600    1.56%
#le                       587
  #lut only               281   out of    587   47.87%
  #reg only                56   out of    587    9.54%
  #lut&reg                250   out of    587   42.59%
#dsp                        0   out of     29    0.00%
#bram                       0   out of     64    0.00%
  #bram9k                   0
  #fifo9k                   0
#bram32k                    0   out of     16    0.00%
#pad                       23   out of    188   12.23%
  #ireg                     4
  #oreg                     6
  #treg                     2
#pll                        2   out of      4   50.00%
#gclk                       7   out of     16   43.75%

Clock Resource Statistics
Index     ClockNet                                            Type               DriverType         Driver                                                           Fanout
#1        aud_bclk_dup_1                                      GCLK               io                 aud_bclk_syn_2.di                                                45
#2        aud_bclk_1_dup_1                                    GCLK               io                 aud_bclk_1_syn_2.di                                              44
#3        u_es8388_ctrl/u_es8388_config/u_i2c_dri/dri_clk     GCLK               lslice             u_es8388_ctrl/u_es8388_config/u_i2c_dri/dri_clk_reg_syn_9.q1     41
#4        u1_es8388_ctrl/u_es8388_config/u_i2c_dri/dri_clk    GCLK               mslice             u1_es8388_ctrl/u_es8388_config/u_i2c_dri/dri_clk_reg_syn_9.q1    40
#5        sys_clk_1_dup_1                                     GCLK               io                 sys_clk_1_syn_2.di                                               11
#6        sys_clk_dup_1                                       GCLK               io                 sys_clk_syn_2.di                                                 11
#7        aud_mclk_1_dup_1                                    GCLK               pll                u1_pll_clk/pll_inst.clkc1                                        0
#8        aud_mclk_dup_1                                      GCLK               pll                u_pll_clk/pll_inst.clkc1                                         0
#9        u1_pll_clk/clk0_buf                                 GCLK               pll                u1_pll_clk/pll_inst.clkc0                                        0
#10       u_pll_clk/clk0_buf                                  GCLK               pll                u_pll_clk/pll_inst.clkc0                                         0


Detailed IO Report

      Name        Direction    Location    IOStandard    DriveStrength    PullType     PackReg   
   aud_adcdat       INPUT         M6        LVCMOS25          N/A          PULLUP       IREG     
  aud_adcdat_1      INPUT         P5        LVCMOS25          N/A          PULLUP       IREG     
    aud_bclk        INPUT         R9        LVCMOS25          N/A          PULLUP       NONE     
   aud_bclk_1       INPUT         T9        LVCMOS25          N/A          PULLUP       NONE     
    aud_lrc         INPUT         N5        LVCMOS25          N/A          PULLUP       IREG     
   aud_lrc_1        INPUT        T13        LVCMOS25          N/A          PULLUP       IREG     
    sys_clk         INPUT         R7        LVCMOS25          N/A          PULLUP       NONE     
   sys_clk_1        INPUT         N9        LVCMOS25          N/A          PULLUP       NONE     
   sys_rst_n        INPUT         A9        LVCMOS25          N/A          PULLUP       NONE     
   volume[1]        INPUT        B10        LVCMOS25          N/A          PULLUP       NONE     
   volume[0]        INPUT        A10        LVCMOS25          N/A          PULLUP       NONE     
   aud_dacdat      OUTPUT        R12        LVCMOS25           8            NONE        OREG     
  aud_dacdat_1     OUTPUT        T12        LVCMOS25           8            NONE        OREG     
    aud_mclk       OUTPUT         T8        LVCMOS25           8            NONE        NONE     
   aud_mclk_1      OUTPUT         T7        LVCMOS25           8            NONE        NONE     
    aud_scl        OUTPUT         T6        LVCMOS25           8            NONE        OREG     
   aud_scl_1       OUTPUT         T5        LVCMOS25           8            NONE        OREG     
     ilaclk        OUTPUT        R15        LVCMOS25           8            NONE        NONE     
    ilaclk_1       OUTPUT        T15        LVCMOS25           8            NONE        NONE     
      led          OUTPUT        B14        LVCMOS25           8            NONE        NONE     
     led_1         OUTPUT        B15        LVCMOS25           8            NONE        NONE     
    aud_sda         INOUT         R5        LVCMOS25           8           PULLUP     OREG;TREG  
   aud_sda_1        INOUT         T4        LVCMOS25           8           PULLUP     OREG;TREG  

Report Hierarchy Area:
+----------------------------------------------------------------------------------------+
|Instance            |Module        |le     |lut     |ripple  |seq     |bram    |dsp     |
+----------------------------------------------------------------------------------------+
|top                 |audio_speak   |587    |475     |56      |318     |0       |0       |
|  u1_es8388_ctrl    |es8388_ctrl   |288    |243     |25      |145     |0       |0       |
|    u_audio_receive |audio_receive |78     |48      |12      |53      |0       |0       |
|    u_audio_send    |audio_send    |24     |24      |0       |24      |0       |0       |
|    u_es8388_config |es8388_config |186    |171     |13      |68      |0       |0       |
|      u_i2c_dri     |i2c_dri       |128    |121     |5       |41      |0       |0       |
|      u_i2c_reg_cfg |i2c_reg_cfg   |58     |50      |8       |27      |0       |0       |
|  u1_pll_clk        |clk_wiz_0     |1      |1       |0       |0       |0       |0       |
|  u_es8388_ctrl     |es8388_ctrl   |273    |224     |25      |145     |0       |0       |
|    u_audio_receive |audio_receive |80     |49      |12      |53      |0       |0       |
|    u_audio_send    |audio_send    |26     |24      |0       |24      |0       |0       |
|    u_es8388_config |es8388_config |167    |151     |13      |68      |0       |0       |
|      u_i2c_dri     |i2c_dri       |107    |100     |5       |41      |0       |0       |
|      u_i2c_reg_cfg |i2c_reg_cfg   |60     |51      |8       |27      |0       |0       |
|  u_pll_clk         |clk_wiz_0     |1      |1       |0       |0       |0       |0       |
+----------------------------------------------------------------------------------------+


DataNet Average Fanout:

   Index     Fanout    Nets  
    #1         1       375   
    #2         2       149   
    #3         3        57   
    #4         4        10   
    #5        5-10      56   
    #6       11-50      45   
    #7       51-100     2    
  Average     3.11           

RUN-1002 : start command "export_db ES8388_pr.db"
RUN-1001 : Exported /
RUN-1001 : Exported flow parameters
RUN-1001 : Exported libs
RUN-1001 : Exported entities
RUN-1001 : Exported ports
RUN-1001 : Exported pins
RUN-1001 : Exported instances
RUN-1001 : Exported nets
RUN-1001 : Exported buses
RUN-1001 : Exported models
RUN-1001 : Exported congestions
RUN-1001 : Exported violations
RUN-1001 : Exported IO constraints
RUN-1001 : Exported Inst constraints
RUN-1002 : start command "export_bid ES8388_inst.bid"
RUN-1002 : start command "bitgen -bit ES8388.bit -unused_io_status pulldown"
BIT-1003 : Start to generate bitstream. 
BIT-1002 : Bitgen processed 165 unused pads, reserve input tri_state with pulldown
BIT-1002 : Init instances with 24 threads.
BIT-1002 : Init instances completely, inst num: 503
BIT-1002 : Init pips with 24 threads.
BIT-1002 : Init pips completely, net num: 729, pip num: 7515
BIT-1002 : Init feedthrough with 24 threads.
BIT-1002 : Init feedthrough completely, num: 12
BIT-1003 : Multithreading accelaration with 24 threads.
BIT-1003 : Generate bitstream completely, there are 1268 valid insts, and 20893 bits set as '1'.
BIT-1004 : PLL setting string = 0110
BIT-1004 : Generate bits file ES8388.bit.
RUN-1003 : finish command "bitgen -bit ES8388.bit -unused_io_status pulldown" in  1.310786s wall, 15.328125s user + 1.000000s system = 16.328125s CPU (1245.7%)

RUN-1004 : used memory is 446 MB, reserved memory is 430 MB, peak memory is 676 MB
RUN-1002 : start command "backup_run_log run.log ../.logs/phy_1/td_20251005_120138.log"
