============================================================
   Tang Dynasty, V5.6.71036
      Copyright (c) 2012-2023 Anlogic Inc.
   Executable = D:/TD/bin/td.exe
   Built at =   20:34:38 Mar 21 2023
   Run by =     lyw15
   Run Date =   Sun Oct 19 13:59:05 2025

   Run on =     -001
============================================================
RUN-1002 : start command "open_project ES8388.prj"
RUN-1001 : Print Global Property
RUN-1001 : ---------------------------------------------------------------
RUN-1001 :        Parameters        |  Settings  |  Default Values  |  Note  
RUN-1001 : ---------------------------------------------------------------
RUN-1001 :          message         |  standard  |     standard     |        
RUN-1001 :   mixed_pack_place_flow  |     on     |        on        |        
RUN-1001 :        qor_monitor       |    off     |       off        |        
RUN-1001 :        syn_ip_flow       |    off     |       off        |        
RUN-1001 :          thread          |    auto    |       auto       |        
RUN-1001 : ---------------------------------------------------------------
RUN-1001 : Print Design Property
RUN-1001 : --------------------------------------------------------------
RUN-1001 :        Parameters       |  Settings  |  Default Values  |  Note  
RUN-1001 : --------------------------------------------------------------
RUN-1001 :   default_reg_initial   |    auto    |       auto       |        
RUN-1001 :        infer_add        |     on     |        on        |        
RUN-1001 :        infer_fsm        |    off     |       off        |        
RUN-1001 :        infer_mult       |     on     |        on        |        
RUN-1001 :        infer_ram        |     on     |        on        |        
RUN-1001 :        infer_reg        |     on     |        on        |        
RUN-1001 :   infer_reg_init_value  |     on     |        on        |        
RUN-1001 :        infer_rom        |     on     |        on        |        
RUN-1001 :      infer_shifter      |     on     |        on        |        
RUN-1001 : --------------------------------------------------------------
RUN-1001 : Print Rtl Property
RUN-1001 : --------------------------------------------------------------
RUN-1001 :        Parameters       |  Settings  |  Default Values  |  Note  
RUN-1001 : --------------------------------------------------------------
RUN-1001 :       compress_add      |   ripple   |      ripple      |        
RUN-1001 :        elf_sload        |    off     |       off        |        
RUN-1001 :       fix_undriven      |     0      |        0         |        
RUN-1001 :         flatten         |    off     |       off        |        
RUN-1001 :       gate_sharing      |     on     |        on        |        
RUN-1001 :    hdl_warning_level    |   normal   |      normal      |        
RUN-1001 :   impl_internal_tribuf  |     on     |        on        |        
RUN-1001 :      impl_set_reset     |     on     |        on        |        
RUN-1001 :        infer_gsr        |    off     |       off        |        
RUN-1001 :      keep_hierarchy     |    auto    |       auto       |        
RUN-1001 :        max_fanout       |    9999    |       9999       |        
RUN-1001 :      max_oh2bin_len     |     10     |        10        |        
RUN-1001 :       merge_equal       |     on     |        on        |        
RUN-1001 :       merge_equiv       |     on     |        on        |        
RUN-1001 :        merge_mux        |    off     |       off        |        
RUN-1001 :     min_control_set     |     8      |        8         |        
RUN-1001 :      min_ripple_len     |    auto    |       auto       |        
RUN-1001 :       oh2bin_ratio      |    0.08    |       0.08       |        
RUN-1001 :     opt_adder_fanout    |     on     |        on        |        
RUN-1001 :        opt_arith        |     on     |        on        |        
RUN-1001 :       opt_big_gate      |    off     |       off        |        
RUN-1001 :        opt_const        |     on     |        on        |        
RUN-1001 :      opt_const_mult     |     on     |        on        |        
RUN-1001 :       opt_lessthan      |     on     |        on        |        
RUN-1001 :         opt_mux         |    off     |       off        |        
RUN-1001 :         opt_ram         |    high    |       high       |        
RUN-1001 :      rtl_sim_model      |    off     |       off        |        
RUN-1001 :         seq_syn         |     on     |        on        |        
RUN-1001 : --------------------------------------------------------------
HDL-1007 : analyze verilog file ../../al_ip/clk_wiz_0.v
HDL-1007 : undeclared symbol 'open', assumed default net type 'wire' in ../../al_ip/clk_wiz_0.v(80)
HDL-1007 : analyze verilog file ../../../RTL/audio_receive.v
HDL-1007 : analyze verilog file ../../../RTL/audio_send.v
HDL-1007 : analyze verilog file ../../../RTL/audio_speak.v
HDL-1007 : analyze verilog file ../../../RTL/es8388_config.v
HDL-1007 : analyze verilog file ../../../RTL/es8388_ctrl.v
HDL-1007 : analyze verilog file ../../../RTL/i2c_dri.v
HDL-1007 : analyze verilog file ../../../RTL/i2c_reg_cfg.v
HDL-1007 : analyze verilog file ../../al_ip/i2s_tx.v
RUN-1001 : Project manager successfully analyzed 9 source files.
RUN-1002 : start command "import_device eagle_s20.db -package EG4S20BG256"
ARC-1001 : Device Initialization.
ARC-1001 : ------------------------------------------------------------------
ARC-1001 :            OPTION            |          IO          |   SETTING   
ARC-1001 : ------------------------------------------------------------------
ARC-1001 :   cso_b/cclk/mosi/miso/dout  |  T3/R11/T10/P10/S11  |    gpio    
ARC-1001 :             done             |         P13          |    gpio    
ARC-1001 :           program_b          |          T2          |  dedicate  
ARC-1001 :        tdi/tms/tck/tdo       |   C12/A15/C14/E14    |  dedicate  
ARC-1001 : ------------------------------------------------------------------
ARC-1004 : Device setting, marked 5 dedicate IOs in total.
RUN-1002 : start command "import_db ../syn_1/ES8388_gate.db"
RUN-1001 : Importing database generated by Tang Dynasty, V5.6.71036.
RUN-1001 : Database version number 46146.
RUN-1001 : Import flow parameters
RUN-1001 : Import IO constraints
RUN-1001 : Import Inst constraints
RUN-1001 : Import design success TD_VERSION=5.6.71036 , DB_VERSION=46146
RUN-1002 : start command "place"
RUN-1001 : Open license file D:/TD/license/Anlogic.lic
RUN-1001 : Print Global Property
RUN-1001 : ---------------------------------------------------------------
RUN-1001 :        Parameters        |  Settings  |  Default Values  |  Note  
RUN-1001 : ---------------------------------------------------------------
RUN-1001 :          message         |  standard  |     standard     |        
RUN-1001 :   mixed_pack_place_flow  |     on     |        on        |        
RUN-1001 :        qor_monitor       |    off     |       off        |        
RUN-1001 :        syn_ip_flow       |    off     |       off        |        
RUN-1001 :          thread          |    auto    |       auto       |        
RUN-1001 : ---------------------------------------------------------------
RUN-1001 : Print Place Property
RUN-1001 : --------------------------------------------------------------
RUN-1001 :        Parameters       |  Settings  |  Default Values  |  Note  
RUN-1001 : --------------------------------------------------------------
RUN-1001 :      detailed_place     |     on     |        on        |        
RUN-1001 :          effort         |   medium   |      medium      |        
RUN-1001 :         fix_hold        |    off     |       off        |        
RUN-1001 :       legalization      |    ori     |       ori        |        
RUN-1001 :      new_spreading      |     on     |        on        |        
RUN-1001 :        opt_timing       |   medium   |      medium      |        
RUN-1001 :   post_clock_route_opt  |    off     |       off        |        
RUN-1001 :       pr_strategy       |     1      |        1         |        
RUN-1001 :        relaxation       |    1.00    |       1.00       |        
RUN-1001 :         retiming        |    off     |       off        |        
RUN-1001 : --------------------------------------------------------------
PHY-3001 : Placer runs in 24 thread(s).
RUN-1002 : start command "legalize_phy_inst"
SYN-1011 : Flatten model audio_speak
RUN-1002 : start command "phys_opt -simplify_lut"
SYN-4016 : Net ilaclk_1_dup_1 driven by BUFG (0 clock/control pins, 2 other pins).
SYN-4016 : Net ilaclk_dup_1 driven by BUFG (0 clock/control pins, 2 other pins).
SYN-4027 : Net aud_mclk_1_dup_1 is clkc1 of pll u1_pll_clk/pll_inst.
SYN-4019 : Net sys_clk_dup_1 is refclk of pll u1_pll_clk/pll_inst.
SYN-4020 : Net sys_clk_dup_1 is fbclk of pll u1_pll_clk/pll_inst.
SYN-4027 : Net aud_mclk_dup_1 is clkc1 of pll u_pll_clk/pll_inst.
SYN-4019 : Net sys_clk_dup_1 is refclk of pll u_pll_clk/pll_inst.
SYN-4020 : Net sys_clk_dup_1 is fbclk of pll u_pll_clk/pll_inst.
SYN-4024 : Net "aud_bclk_dup_1" drives clk pins.
SYN-4024 : Net "aud_bclk_1_dup_1" drives clk pins.
SYN-4024 : Net "u1_es8388_ctrl/u_es8388_config/u_i2c_dri/dri_clk" drives clk pins.
SYN-4024 : Net "u_es8388_ctrl/u_es8388_config/u_i2c_dri/dri_clk" drives clk pins.
SYN-4024 : Net "I2S_BCLK_dup_3" drives clk pins.
SYN-4025 : Tag rtl::Net I2S_BCLK_dup_3 as clock net
SYN-4025 : Tag rtl::Net aud_bclk_1_dup_1 as clock net
SYN-4025 : Tag rtl::Net aud_bclk_dup_1 as clock net
SYN-4025 : Tag rtl::Net aud_mclk_1_dup_1 as clock net
SYN-4025 : Tag rtl::Net aud_mclk_dup_1 as clock net
SYN-4025 : Tag rtl::Net ilaclk_1_dup_1 as clock net
SYN-4025 : Tag rtl::Net ilaclk_dup_1 as clock net
SYN-4025 : Tag rtl::Net sys_clk_dup_1 as clock net
SYN-4025 : Tag rtl::Net u1_es8388_ctrl/u_es8388_config/u_i2c_dri/dri_clk as clock net
SYN-4025 : Tag rtl::Net u_es8388_ctrl/u_es8388_config/u_i2c_dri/dri_clk as clock net
SYN-4026 : Tagged 10 rtl::Net as clock net
SYN-4015 : Create BUFG instance for clk Net aud_bclk_1_dup_1 to drive 80 clock pins.
SYN-4015 : Create BUFG instance for clk Net aud_bclk_dup_1 to drive 80 clock pins.
SYN-4015 : Create BUFG instance for clk Net u1_es8388_ctrl/u_es8388_config/u_i2c_dri/dri_clk to drive 59 clock pins.
SYN-4015 : Create BUFG instance for clk Net u_es8388_ctrl/u_es8388_config/u_i2c_dri/dri_clk to drive 59 clock pins.
SYN-4015 : Create BUFG instance for clk Net I2S_BCLK_dup_3 to drive 32 clock pins.
PHY-1001 : Populate physical database on model audio_speak.
RUN-1001 : There are total 915 instances
RUN-0007 : 429 luts, 389 seqs, 34 mslices, 22 lslices, 29 pads, 0 brams, 0 dsps
RUN-1001 : There are total 1007 nets
RUN-1001 : 653 nets have 2 pins
RUN-1001 : 246 nets have [3 - 5] pins
RUN-1001 : 47 nets have [6 - 10] pins
RUN-1001 : 31 nets have [11 - 20] pins
RUN-1001 : 27 nets have [21 - 99] pins
RUN-1001 : 3 nets have 100+ pins
RUN-1001 : Report Control nets information:
RUN-1001 : DFF Distribution
RUN-1001 : ----------------------------------
RUN-1001 :   CE   |  SSR  |  ASR  |  DFF Count  
RUN-1001 : ----------------------------------
RUN-1001 :   No   |  No   |  No   |      0      
RUN-1001 :   No   |  No   |  Yes  |     181     
RUN-1001 :   No   |  Yes  |  No   |      0      
RUN-1001 :   Yes  |  No   |  No   |      0      
RUN-1001 :   Yes  |  No   |  Yes  |     192     
RUN-1001 :   Yes  |  Yes  |  No   |     16      
RUN-1001 : ----------------------------------
RUN-0007 : Control Group Statistic
RUN-0007 : ---------------------------
RUN-0007 :   #CLK  |  #CE  |  #SSR/ASR  
RUN-0007 : ---------------------------
RUN-0007 :    6    |  12   |     5      
RUN-0007 : ---------------------------
RUN-0007 : Control Set = 19
PHY-3001 : Initial placement ...
PHY-3001 : design contains 913 instances, 429 luts, 389 seqs, 56 slices, 16 macros(56 instances: 34 mslices 22 lslices)
PHY-0007 : Cell area utilization is 2%
PHY-3001 : Global placement ...
PHY-3001 : Initial: Len = 232646
PHY-3001 : Clustering ...
PHY-3001 : Level 0 #clusters 913.
PHY-3001 : End clustering;  0.000040s wall, 0.000000s user + 0.000000s system = 0.000000s CPU (n/a%)

PHY-3001 : Run with size of 4
PHY-3001 : Cell area utilization is 2%
PHY-3001 : :::0::: Try harder cell spreading with beta_ = 0
PHY-3002 : Step(1): len = 145736, overlap = 0
PHY-3002 : Step(2): len = 95496.3, overlap = 0
PHY-3002 : Step(3): len = 63241.2, overlap = 0
PHY-3002 : Step(4): len = 47300.7, overlap = 0
PHY-3002 : Step(5): len = 41073.3, overlap = 0
PHY-3002 : Step(6): len = 39339.2, overlap = 0
PHY-3002 : Step(7): len = 33389.9, overlap = 0
PHY-3002 : Step(8): len = 31319, overlap = 0
PHY-3002 : Step(9): len = 30533.3, overlap = 0
PHY-3002 : Step(10): len = 28431.6, overlap = 0
PHY-3002 : Step(11): len = 28541.4, overlap = 0
PHY-3002 : Step(12): len = 28197.2, overlap = 0
PHY-3002 : Step(13): len = 24864, overlap = 0
PHY-3002 : Step(14): len = 25162.6, overlap = 0
PHY-3002 : Step(15): len = 24823.6, overlap = 0
PHY-3002 : Step(16): len = 23043.2, overlap = 0
PHY-3002 : Step(17): len = 23715, overlap = 0
PHY-3002 : Step(18): len = 23238.2, overlap = 0
PHY-3002 : Step(19): len = 20686.2, overlap = 0
PHY-3002 : Step(20): len = 18776.6, overlap = 0.3125
PHY-3002 : Step(21): len = 18400.1, overlap = 0.4375
PHY-3002 : Step(22): len = 18550.8, overlap = 0.5625
PHY-3002 : Step(23): len = 17555, overlap = 0.1875
PHY-3002 : Step(24): len = 16692.4, overlap = 0
PHY-3002 : Step(25): len = 16595.2, overlap = 0
PHY-3002 : Step(26): len = 16305.7, overlap = 0
PHY-3002 : Step(27): len = 16561, overlap = 0
PHY-3002 : Step(28): len = 16696.7, overlap = 0
PHY-3001 : Legalization ...
PHY-3001 : End legalization;  0.002360s wall, 0.000000s user + 0.000000s system = 0.000000s CPU (n/a%)

PHY-3001 : Run with size of 4
PHY-3001 : Cell area utilization is 3%
PHY-3001 : :::0::: Try harder cell spreading with beta_ = 0
PHY-3002 : Step(29): len = 14789.6, overlap = 5.1875
PHY-3002 : Step(30): len = 14864.2, overlap = 5.5625
PHY-3002 : Step(31): len = 14934.1, overlap = 5.21875
PHY-3002 : Step(32): len = 15033.3, overlap = 6.15625
PHY-3002 : Step(33): len = 15109, overlap = 6.1875
PHY-3002 : Step(34): len = 14802.1, overlap = 7.75
PHY-3002 : Step(35): len = 14946.7, overlap = 7.4375
PHY-3002 : Step(36): len = 15001.7, overlap = 6.4375
PHY-3002 : Step(37): len = 15012.1, overlap = 7.46875
PHY-3002 : Step(38): len = 15123, overlap = 8.375
PHY-3002 : Step(39): len = 15076.3, overlap = 9.6875
PHY-3002 : Step(40): len = 14852.4, overlap = 11.5312
PHY-3002 : Step(41): len = 14726.5, overlap = 13
PHY-3002 : Step(42): len = 14562.5, overlap = 12.1875
PHY-3002 : Step(43): len = 14709.8, overlap = 11.9375
PHY-3002 : Step(44): len = 14591.9, overlap = 11.9375
PHY-3002 : Step(45): len = 14337.3, overlap = 11.2188
PHY-3002 : Step(46): len = 14404.7, overlap = 11.8125
PHY-3002 : Step(47): len = 14599.2, overlap = 12
PHY-3002 : Step(48): len = 14447.5, overlap = 14.8125
PHY-3002 : Step(49): len = 14461.3, overlap = 15.625
PHY-3002 : Step(50): len = 13598.5, overlap = 11.1562
PHY-3002 : Step(51): len = 13689, overlap = 7.53125
PHY-3002 : Step(52): len = 13778.1, overlap = 3.5625
PHY-3002 : Step(53): len = 13324, overlap = 2.90625
PHY-3002 : Step(54): len = 13274.6, overlap = 2.125
PHY-3002 : Step(55): len = 13223.4, overlap = 5.8125
PHY-3002 : Step(56): len = 12533.9, overlap = 8.59375
PHY-3002 : Step(57): len = 12503.9, overlap = 9.03125
PHY-3002 : Step(58): len = 12609.8, overlap = 9.46875
PHY-3002 : Step(59): len = 12465.3, overlap = 10.375
PHY-3002 : Step(60): len = 12077.1, overlap = 13.75
PHY-3002 : Step(61): len = 12247.9, overlap = 14.875
PHY-3002 : Step(62): len = 12432.8, overlap = 16.25
PHY-3002 : Step(63): len = 12262.1, overlap = 16.1562
PHY-3002 : Step(64): len = 11625.2, overlap = 13.875
PHY-3002 : Step(65): len = 11701.4, overlap = 9.90625
PHY-3002 : Step(66): len = 11866.1, overlap = 6.625
PHY-3002 : Step(67): len = 11852.8, overlap = 3.34375
PHY-3002 : Step(68): len = 11492, overlap = 5.21875
PHY-3002 : Step(69): len = 11506.4, overlap = 6.28125
PHY-3002 : Step(70): len = 11501.4, overlap = 3.875
PHY-3002 : Step(71): len = 11606.5, overlap = 2.84375
PHY-3002 : Step(72): len = 11454.6, overlap = 2
PHY-3002 : Step(73): len = 11559.1, overlap = 2
PHY-3002 : Step(74): len = 11370, overlap = 6.1875
PHY-3002 : Step(75): len = 11370, overlap = 6.1875
PHY-3002 : Step(76): len = 10963.5, overlap = 7.125
PHY-3002 : Step(77): len = 10963.5, overlap = 7.125
PHY-3002 : Step(78): len = 10815.3, overlap = 7.1875
PHY-3002 : Step(79): len = 10815.3, overlap = 7.1875
PHY-3002 : Step(80): len = 10816.6, overlap = 7.1875
PHY-3001 : Run with size of 2
PHY-3001 : Cell area utilization is 3%
PHY-3001 : :::0::: Try harder cell spreading with beta_ = 9.13137e-06
PHY-3002 : Step(81): len = 10854.2, overlap = 39.1875
PHY-3002 : Step(82): len = 10854.2, overlap = 39.1875
PHY-3001 : :::1::: Try harder cell spreading with beta_ = 1.82627e-05
PHY-3002 : Step(83): len = 11394.8, overlap = 37.3125
PHY-3002 : Step(84): len = 11394.8, overlap = 37.3125
PHY-3001 : :::2::: Try harder cell spreading with beta_ = 3.65255e-05
PHY-3002 : Step(85): len = 11793.6, overlap = 36.0312
PHY-3002 : Step(86): len = 11793.6, overlap = 36.0312
PHY-3002 : Step(87): len = 11783.9, overlap = 36.25
PHY-3001 : :::3::: Try harder cell spreading with beta_ = 5.90982e-05
PHY-3002 : Step(88): len = 12701.4, overlap = 35.75
PHY-3002 : Step(89): len = 12934.7, overlap = 35.125
PHY-3002 : Step(90): len = 12944.3, overlap = 30.0625
PHY-3002 : Step(91): len = 13082.2, overlap = 29.6562
PHY-3002 : Step(92): len = 13116, overlap = 28.1562
PHY-3001 : :::4::: Try harder cell spreading with beta_ = 0.000118196
PHY-3002 : Step(93): len = 12928.2, overlap = 27.9688
PHY-3002 : Step(94): len = 12928.2, overlap = 27.9688
PHY-3001 : :::5::: Try harder cell spreading with beta_ = 0.000236393
PHY-3002 : Step(95): len = 13021, overlap = 26.9062
PHY-3002 : Step(96): len = 13021, overlap = 26.9062
PHY-3001 : :::6::: Try harder cell spreading with beta_ = 0.000472786
PHY-3002 : Step(97): len = 13324, overlap = 26.0312
PHY-3002 : Step(98): len = 13324, overlap = 26.0312
PHY-3001 : :::7::: Try harder cell spreading with beta_ = 0.000945572
PHY-3002 : Step(99): len = 13249.2, overlap = 22.1562
PHY-3002 : Step(100): len = 13249.2, overlap = 22.1562
PHY-3001 : :::8::: Try harder cell spreading with beta_ = 0.00152994
PHY-3002 : Step(101): len = 13385.2, overlap = 22.125
PHY-3002 : Step(102): len = 13385.2, overlap = 22.125
PHY-3001 : :::9::: Try harder cell spreading with beta_ = 0.00305987
PHY-3002 : Step(103): len = 13327.4, overlap = 21.375
PHY-3002 : Step(104): len = 13327.4, overlap = 21.375
PHY-3001 : :::10::: Try harder cell spreading with beta_ = 0.00495087
PHY-3002 : Step(105): len = 13344.8, overlap = 21.5312
PHY-3002 : Step(106): len = 13344.8, overlap = 21.5312
PHY-3001 : :::11::: Try harder cell spreading with beta_ = 0.00990174
PHY-3002 : Step(107): len = 13338.8, overlap = 21.3438
PHY-3002 : Step(108): len = 13338.8, overlap = 21.3438
OPT-1001 : Start physical optimization ...
OPT-1001 : Total overflow 47.47 peak overflow 7.75
OPT-1001 : Start high-fanout net optimization ...
OPT-1001 : Update timing in global mode
PHY-1001 : Start incremental global routing, caller is place ...
RUN-1001 : Generating global routing grids ...
RUN-1001 : Building simple global routing graph ...
PHY-1001 : Generate routing nets ...
PHY-1001 : Reuse net number 0/1007.
PHY-1001 : Global iterations in 24 thread ...
PHY-1002 : len = 14568, over cnt = 55(0%), over = 347, worst = 23
PHY-1001 : End global iterations;  0.017747s wall, 0.000000s user + 0.015625s system = 0.015625s CPU (88.0%)

PHY-1001 : Congestion index: top1 = 26.68, top5 = 8.65, top10 = 4.87, top15 = 3.26.
PHY-1001 : End incremental global routing;  0.053325s wall, 0.015625s user + 0.046875s system = 0.062500s CPU (117.2%)

RUN-1002 : start command "start_timer -report"
TMR-5001 WARNING: No sdc constraints found while initiating timer.
TMR-2505 : Start building timing graph for model audio_speak.
TMR-2506 : Build timing graph completely. Port num: 26, tpin num: 4260, tnet num: 1005, tinst num: 913, tnode num: 5685, tedge num: 6716.
TMR-2508 : Levelizing timing graph completed, there are 17 levels in total.
TMR-2501 : Timing graph initialized successfully.
OPT-1001 : End timing update;  0.134534s wall, 0.109375s user + 0.015625s system = 0.125000s CPU (92.9%)

OPT-1001 : 0 high-fanout net processed.
OPT-1001 : End high-fanout net optimization;  0.198170s wall, 0.140625s user + 0.062500s system = 0.203125s CPU (102.5%)

OPT-1001 : Current memory(MB): used = 168, reserve = 137, peak = 168.
OPT-1001 : End physical optimization;  0.204271s wall, 0.140625s user + 0.062500s system = 0.203125s CPU (99.4%)

PHY-3001 : Start packing ...
SYN-4007 : Packing 0 MUX to BLE ...
SYN-4008 : Packed 0 MUX and 0 SEQ to BLE.
SYN-4007 : Packing 429 LUT to BLE ...
SYN-4008 : Packed 429 LUT and 199 SEQ to BLE.
SYN-4003 : Packing 190 remaining SEQ's ...
SYN-4005 : Packed 94 SEQ with LUT/SLICE
SYN-4006 : 160 single LUT's are left
SYN-4006 : 96 single SEQ's are left
SYN-4011 : Packing model "audio_speak" (AL_USER_NORMAL) with 525/622 primitive instances ...
PHY-3001 : End packing;  0.023095s wall, 0.031250s user + 0.000000s system = 0.031250s CPU (135.3%)

PHY-1001 : Populate physical database on model audio_speak.
RUN-1001 : There are total 397 instances
RUN-1001 : 178 mslices, 178 lslices, 29 pads, 0 brams, 0 dsps
RUN-1001 : There are total 814 nets
RUN-1001 : 421 nets have 2 pins
RUN-1001 : 281 nets have [3 - 5] pins
RUN-1001 : 51 nets have [6 - 10] pins
RUN-1001 : 33 nets have [11 - 20] pins
RUN-1001 : 27 nets have [21 - 99] pins
RUN-1001 : 1 nets have 100+ pins
PHY-3001 : design contains 395 instances, 356 slices, 16 macros(56 instances: 34 mslices 22 lslices)
PHY-3001 : Cell area utilization is 4%
PHY-3001 : After packing: Len = 13221.6, Over = 32
PHY-3001 : Run with size of 2
PHY-3001 : Cell area utilization is 4%
PHY-3001 : :::0::: Try harder cell spreading with beta_ = 2.40463e-05
PHY-3002 : Step(109): len = 12952.4, overlap = 31.75
PHY-3002 : Step(110): len = 12952.4, overlap = 31.75
PHY-3002 : Step(111): len = 12829.7, overlap = 32.5
PHY-3001 : :::1::: Try harder cell spreading with beta_ = 4.80926e-05
PHY-3002 : Step(112): len = 13161, overlap = 30.5
PHY-3002 : Step(113): len = 13229.1, overlap = 29.75
PHY-3001 : :::2::: Try harder cell spreading with beta_ = 9.61853e-05
PHY-3002 : Step(114): len = 13610.9, overlap = 28.25
PHY-3002 : Step(115): len = 13818, overlap = 28.75
PHY-3002 : Step(116): len = 13981.7, overlap = 29.25
PHY-3001 : Legalization ...
PHY-3001 : End legalization;  0.068152s wall, 0.093750s user + 0.125000s system = 0.218750s CPU (321.0%)

PHY-3001 : Trial Legalized: Len = 25406.1
PHY-3001 : Run with size of 2
PHY-3001 : Cell area utilization is 4%
PHY-3001 : :::0::: Try harder cell spreading with beta_ = 0.00359553
PHY-3002 : Step(117): len = 22174.6, overlap = 2.5
PHY-3002 : Step(118): len = 20941.1, overlap = 4.75
PHY-3002 : Step(119): len = 19906.7, overlap = 5.25
PHY-3002 : Step(120): len = 18874.7, overlap = 10
PHY-3002 : Step(121): len = 18055.6, overlap = 14.25
PHY-3002 : Step(122): len = 17363.8, overlap = 13.5
PHY-3002 : Step(123): len = 16901.5, overlap = 14.25
PHY-3002 : Step(124): len = 16774, overlap = 14
PHY-3002 : Step(125): len = 16670, overlap = 14
PHY-3002 : Step(126): len = 16420.1, overlap = 14
PHY-3002 : Step(127): len = 16333.7, overlap = 15.25
PHY-3002 : Step(128): len = 16062.5, overlap = 15.5
PHY-3002 : Step(129): len = 15685.4, overlap = 18.25
PHY-3002 : Step(130): len = 15598.9, overlap = 18.25
PHY-3002 : Step(131): len = 15457.3, overlap = 18.75
PHY-3001 : :::1::: Try harder cell spreading with beta_ = 0.00581758
PHY-3002 : Step(132): len = 15470.4, overlap = 19
PHY-3002 : Step(133): len = 15359.9, overlap = 19.5
PHY-3001 : :::2::: Try harder cell spreading with beta_ = 0.0116352
PHY-3002 : Step(134): len = 15344.8, overlap = 19.75
PHY-3002 : Step(135): len = 15330.7, overlap = 20.25
PHY-3001 : Legalization ...
PHY-3001 : End legalization;  0.004011s wall, 0.000000s user + 0.000000s system = 0.000000s CPU (n/a%)

PHY-3001 : Legalized: Len = 20113.7, Over = 0
PHY-3001 : Spreading special nets. 1 overflows in 2952 tiles.
PHY-3001 : End spreading;  0.002242s wall, 0.000000s user + 0.000000s system = 0.000000s CPU (n/a%)

PHY-3001 : 1 instances has been re-located, deltaX = 0, deltaY = 1, maxDist = 1.
PHY-3001 : Final: Len = 20127.7, Over = 0
OPT-1001 : Start physical optimization ...
OPT-1001 : Total overflow 0.00 peak overflow 0.00
OPT-1001 : Start high-fanout net optimization ...
OPT-1001 : Update timing in global mode
PHY-1001 : Start incremental global routing, caller is place ...
RUN-1001 : Generating global routing grids ...
PHY-1001 : Generate routing nets ...
PHY-1001 : Reuse net number 43/814.
PHY-1001 : Global iterations in 24 thread ...
PHY-1002 : len = 23728, over cnt = 86(0%), over = 137, worst = 5
PHY-1002 : len = 24768, over cnt = 13(0%), over = 13, worst = 1
PHY-1002 : len = 24928, over cnt = 3(0%), over = 3, worst = 1
PHY-1002 : len = 24976, over cnt = 0(0%), over = 0, worst = 0
PHY-1001 : End global iterations;  0.039467s wall, 0.015625s user + 0.031250s system = 0.046875s CPU (118.8%)

PHY-1001 : Congestion index: top1 = 24.40, top5 = 14.12, top10 = 8.32, top15 = 5.84.
PHY-1001 : End incremental global routing;  0.073807s wall, 0.031250s user + 0.046875s system = 0.078125s CPU (105.9%)

RUN-1002 : start command "start_timer -report"
TMR-5001 WARNING: No sdc constraints found while initiating timer.
TMR-2505 : Start building timing graph for model audio_speak.
TMR-2506 : Build timing graph completely. Port num: 26, tpin num: 3613, tnet num: 812, tinst num: 395, tnode num: 4639, tedge num: 5997.
TMR-2508 : Levelizing timing graph completed, there are 17 levels in total.
TMR-2501 : Timing graph initialized successfully.
OPT-1001 : End timing update;  0.119703s wall, 0.109375s user + 0.015625s system = 0.125000s CPU (104.4%)

OPT-1001 : 0 high-fanout net processed.
OPT-1001 : End high-fanout net optimization;  0.203619s wall, 0.156250s user + 0.062500s system = 0.218750s CPU (107.4%)

OPT-1001 : Current memory(MB): used = 172, reserve = 141, peak = 172.
OPT-1001 : Update timing in Manhattan mode
OPT-1001 : End timing update;  0.000569s wall, 0.000000s user + 0.000000s system = 0.000000s CPU (n/a%)

OPT-1001 : Start pin optimization...
OPT-1001 : skip pin optimization...
RUN-1001 : Generating global routing grids ...
PHY-1001 : Generate routing nets ...
PHY-1001 : Reuse net number 654/814.
PHY-1001 : Global iterations in 24 thread ...
PHY-1002 : len = 24976, over cnt = 0(0%), over = 0, worst = 0
PHY-1001 : End global iterations;  0.001653s wall, 0.000000s user + 0.000000s system = 0.000000s CPU (n/a%)

PHY-1001 : Congestion index: top1 = 24.40, top5 = 14.12, top10 = 8.32, top15 = 5.84.
OPT-1001 : Update timing in Manhattan mode
OPT-1001 : End timing update;  0.000885s wall, 0.000000s user + 0.000000s system = 0.000000s CPU (n/a%)

RUN-1001 : QoR Analysis:
OPT-0007 :   WNS 2147483647 TNS 0 NUM_FEPS 0
RUN-1001 :   No local congestion issue, and most congested 1% tile average routing util is 24.000000
RUN-1001 :   Top critical paths
OPT-1001 : End physical optimization;  0.245103s wall, 0.203125s user + 0.062500s system = 0.265625s CPU (108.4%)

RUN-1003 : finish command "place" in  3.690241s wall, 5.187500s user + 5.156250s system = 10.343750s CPU (280.3%)

RUN-1004 : used memory is 149 MB, reserved memory is 118 MB, peak memory is 174 MB
RUN-1002 : start command "export_db ES8388_place.db"
RUN-1001 : Exported /
RUN-1001 : Exported flow parameters
RUN-1001 : Exported libs
RUN-1001 : Exported entities
RUN-1001 : Exported ports
RUN-1001 : Exported pins
RUN-1001 : Exported instances
RUN-1001 : Exported nets
RUN-1001 : Exported buses
RUN-1001 : Exported models
RUN-1001 : Exported congestions
RUN-1001 : Exported violations
RUN-1001 : Exported IO constraints
RUN-1001 : Exported Inst constraints
RUN-1002 : start command "route"
RUN-1001 : Open license file D:/TD/license/Anlogic.lic
RUN-1001 : Print Global Property
RUN-1001 : ---------------------------------------------------------------
RUN-1001 :        Parameters        |  Settings  |  Default Values  |  Note  
RUN-1001 : ---------------------------------------------------------------
RUN-1001 :          message         |  standard  |     standard     |        
RUN-1001 :   mixed_pack_place_flow  |     on     |        on        |        
RUN-1001 :        qor_monitor       |    off     |       off        |        
RUN-1001 :        syn_ip_flow       |    off     |       off        |        
RUN-1001 :          thread          |    auto    |       auto       |        
RUN-1001 : ---------------------------------------------------------------
RUN-1001 : Print Route Property
RUN-1001 : -------------------------------------------------------
RUN-1001 :    Parameters    |  Settings  |  Default Values  |  Note  
RUN-1001 : -------------------------------------------------------
RUN-1001 :      effort      |   medium   |      medium      |        
RUN-1001 :     fix_hold     |    off     |       off        |        
RUN-1001 :    opt_timing    |   medium   |      medium      |        
RUN-1001 :   phy_sim_model  |    off     |       off        |        
RUN-1001 :     priority     |   timing   |      timing      |        
RUN-1001 :     swap_pin     |     on     |        on        |        
RUN-1001 : -------------------------------------------------------
PHY-1001 : Route runs in 24 thread(s)
RUN-1001 : There are total 397 instances
RUN-1001 : 178 mslices, 178 lslices, 29 pads, 0 brams, 0 dsps
RUN-1001 : There are total 814 nets
RUN-1001 : 421 nets have 2 pins
RUN-1001 : 281 nets have [3 - 5] pins
RUN-1001 : 51 nets have [6 - 10] pins
RUN-1001 : 33 nets have [11 - 20] pins
RUN-1001 : 27 nets have [21 - 99] pins
RUN-1001 : 1 nets have 100+ pins
RUN-1002 : start command "start_timer -report"
TMR-5001 WARNING: No sdc constraints found while initiating timer.
TMR-2505 : Start building timing graph for model audio_speak.
TMR-2506 : Build timing graph completely. Port num: 26, tpin num: 3613, tnet num: 812, tinst num: 395, tnode num: 4639, tedge num: 5997.
TMR-2508 : Levelizing timing graph completed, there are 17 levels in total.
TMR-2501 : Timing graph initialized successfully.
PHY-1001 : 178 mslices, 178 lslices, 29 pads, 0 brams, 0 dsps
TMR-2503 : Start to update net delay, extr mode = 3.
TMR-2504 : Update delay of 812 nets completely.
TMR-2502 : Annotate delay completely, extr mode = 3.
TMR-3002 : No user constraint, initiate default constraint.
TMR-1501 : Assign derive clock DeriveClock to 496 clock pins, and constraint 1019 relative nodes.
TMR-3003 : Constraints initiated successfully.
TMR-3501 : Forward propagation: start to calculate arrival time...
TMR-3502 : Backward propagation: start to calculate required time...
TMR-3503 : Timing propagation completes.
PHY-1001 : Start global routing, caller is route ...
RUN-1001 : Generating global routing grids ...
PHY-1001 : Generate routing nets ...
PHY-1001 : Global iterations in 24 thread ...
PHY-1002 : len = 23280, over cnt = 86(0%), over = 132, worst = 5
PHY-1002 : len = 24232, over cnt = 16(0%), over = 16, worst = 1
PHY-1002 : len = 24312, over cnt = 11(0%), over = 11, worst = 1
PHY-1002 : len = 24488, over cnt = 0(0%), over = 0, worst = 0
PHY-1001 : End global iterations;  0.044229s wall, 0.031250s user + 0.109375s system = 0.140625s CPU (317.9%)

PHY-1001 : Congestion index: top1 = 23.97, top5 = 13.98, top10 = 8.30, top15 = 5.76.
PHY-1001 : End global routing;  0.076490s wall, 0.062500s user + 0.109375s system = 0.171875s CPU (224.7%)

PHY-1001 : Start detail routing ...
PHY-1001 : Current memory(MB): used = 209, reserve = 179, peak = 229.
PHY-1001 : Detailed router is running in normal mode.
PHY-1001 : Generate detailed routing grids ...
PHY-1001 : Processed IO instance I2S_DATA_syn_4 with INV attribute.
PHY-1001 : Processed IO instance I2S_LRCLK_syn_4 with INV attribute.
PHY-1001 : Processed IO instance aud_dacdat_syn_4 with INV attribute.
PHY-1001 : Processed IO instance aud_dacdat_1_syn_4 with INV attribute.
PHY-1001 : Generate nets ...
PHY-1001 : clock net I2S_BCLK_syn_6 will be merged with clock I2S_BCLK_dup_3
PHY-1001 : clock net aud_bclk_syn_4 will be merged with clock aud_bclk_dup_1
PHY-1001 : clock net aud_bclk_1_syn_4 will be merged with clock aud_bclk_1_dup_1
PHY-1001 : net aud_mclk_dup_1 will be routed on clock mesh
PHY-1001 : net aud_mclk_1_dup_1 will be routed on clock mesh
PHY-1001 : clock net ilaclk_dup_1 will be merged with clock u_pll_clk/clk0_buf
PHY-1001 : clock net ilaclk_1_dup_1 will be merged with clock u1_pll_clk/clk0_buf
PHY-1001 : net sys_clk_dup_1 will be routed on clock mesh
PHY-1001 : clock net u_es8388_ctrl/u_es8388_config/u_i2c_dri/dri_clk_syn_4 will be merged with clock u_es8388_ctrl/u_es8388_config/u_i2c_dri/dri_clk
PHY-1001 : clock net u1_es8388_ctrl/u_es8388_config/u_i2c_dri/dri_clk_syn_4 will be merged with clock u1_es8388_ctrl/u_es8388_config/u_i2c_dri/dri_clk
PHY-1001 : Current memory(MB): used = 475, reserve = 449, peak = 475.
PHY-1001 : End build detailed router design. 2.589744s wall, 2.468750s user + 0.062500s system = 2.531250s CPU (97.7%)

PHY-1001 : Detail Route ...
PHY-1001 : ===== Detail Route Phase 1 =====
PHY-1001 : Clock net routing.....
PHY-1001 : Routed 1% nets.
PHY-1022 : len = 26264, over cnt = 0(0%), over = 0, worst = 0, crit = 0
PHY-1001 : End initial clock net routed; 2.056120s wall, 1.953125s user + 0.000000s system = 1.953125s CPU (95.0%)

PHY-1001 : Current memory(MB): used = 507, reserve = 482, peak = 507.
PHY-1001 : End phase 1; 2.061992s wall, 1.953125s user + 0.000000s system = 1.953125s CPU (94.7%)

PHY-1001 : ===== Detail Route Phase 2 =====
PHY-1001 : Initial routing.....
PHY-1001 : Routed 37% nets.
PHY-1001 : Routed 46% nets.
PHY-1001 : Routed 55% nets.
PHY-1001 : Routed 70% nets.
PHY-1001 : Routed 90% nets.
PHY-1022 : len = 142848, over cnt = 53(0%), over = 54, worst = 2, crit = 0
PHY-1001 : Current memory(MB): used = 507, reserve = 482, peak = 508.
PHY-1001 : End initial routed; 0.660522s wall, 0.531250s user + 0.234375s system = 0.765625s CPU (115.9%)

PHY-1001 : Current memory(MB): used = 507, reserve = 482, peak = 508.
PHY-1001 : End phase 2; 0.660615s wall, 0.531250s user + 0.234375s system = 0.765625s CPU (115.9%)

PHY-1001 : ===== Detail Route Phase 3 =====
PHY-1001 : Ripup-reroute.....
PHY-1001 : ===== DR Iter 1 =====
PHY-1022 : len = 142744, over cnt = 15(0%), over = 15, worst = 1, crit = 0
PHY-1001 : End DR Iter 1; 0.025333s wall, 0.015625s user + 0.015625s system = 0.031250s CPU (123.4%)

PHY-1001 : ===== DR Iter 2 =====
PHY-1022 : len = 142792, over cnt = 2(0%), over = 2, worst = 1, crit = 0
PHY-1001 : End DR Iter 2; 0.015242s wall, 0.015625s user + 0.000000s system = 0.015625s CPU (102.5%)

PHY-1001 : ===== DR Iter 3 =====
PHY-1022 : len = 142824, over cnt = 0(0%), over = 0, worst = 0, crit = 0
PHY-1001 : End DR Iter 3; 0.013198s wall, 0.031250s user + 0.000000s system = 0.031250s CPU (236.8%)

PHY-1001 : Commit to database.....
PHY-1001 : 16 feed throughs used by 14 nets
PHY-1001 : End commit to database; 0.077907s wall, 0.078125s user + 0.000000s system = 0.078125s CPU (100.3%)

PHY-1001 : Current memory(MB): used = 519, reserve = 493, peak = 519.
PHY-1001 : End phase 3; 0.227564s wall, 0.234375s user + 0.015625s system = 0.250000s CPU (109.9%)

PHY-1003 : Routed, final wirelength = 142824
PHY-1001 : Current memory(MB): used = 519, reserve = 494, peak = 519.
PHY-1001 : End export database. 0.005936s wall, 0.000000s user + 0.000000s system = 0.000000s CPU (n/a%)

PHY-1001 : End detail routing;  5.701958s wall, 5.312500s user + 0.328125s system = 5.640625s CPU (98.9%)

RUN-1003 : finish command "route" in  5.960772s wall, 5.546875s user + 0.453125s system = 6.000000s CPU (100.7%)

RUN-1004 : used memory is 436 MB, reserved memory is 410 MB, peak memory is 519 MB
RUN-1002 : start command "report_area -io_info -file ES8388_phy.area"
RUN-1001 : standard
***Report Model: audio_speak Device: EG4S20BG256***

IO Statistics
#IO                        29
  #input                   11
  #output                  16
  #inout                    2

Utilization Statistics
#lut                      577   out of  19600    2.94%
#reg                      389   out of  19600    1.98%
#le                       673
  #lut only               284   out of    673   42.20%
  #reg only                96   out of    673   14.26%
  #lut&reg                293   out of    673   43.54%
#dsp                        0   out of     29    0.00%
#bram                       0   out of     64    0.00%
  #bram9k                   0
  #fifo9k                   0
#bram32k                    0   out of     16    0.00%
#pad                       29   out of    188   15.43%
  #ireg                     4
  #oreg                     8
  #treg                     2
#pll                        2   out of      4   50.00%
#gclk                       7   out of     16   43.75%

Clock Resource Statistics
Index     ClockNet                                            Type               DriverType         Driver                                                           Fanout
#1        sys_clk_dup_1                                       GCLK               io                 sys_clk_syn_2.di                                                 52
#2        u_es8388_ctrl/u_es8388_config/u_i2c_dri/dri_clk     GCLK               mslice             u_es8388_ctrl/u_es8388_config/u_i2c_dri/dri_clk_reg_syn_9.q1     45
#3        aud_bclk_1_dup_1                                    GCLK               io                 aud_bclk_1_syn_2.di                                              44
#4        aud_bclk_dup_1                                      GCLK               io                 aud_bclk_syn_2.di                                                44
#5        u1_es8388_ctrl/u_es8388_config/u_i2c_dri/dri_clk    GCLK               lslice             u1_es8388_ctrl/u_es8388_config/u_i2c_dri/dri_clk_reg_syn_9.q1    42
#6        I2S_BCLK_dup_3                                      GCLK               mslice             i2s_tx/I2S_BCLK_reg_syn_12.q0                                    23
#7        aud_mclk_1_dup_1                                    GCLK               pll                u1_pll_clk/pll_inst.clkc1                                        0
#8        aud_mclk_dup_1                                      GCLK               pll                u_pll_clk/pll_inst.clkc1                                         0
#9        u1_pll_clk/clk0_buf                                 GCLK               pll                u1_pll_clk/pll_inst.clkc0                                        0
#10       u_pll_clk/clk0_buf                                  GCLK               pll                u_pll_clk/pll_inst.clkc0                                         0


Detailed IO Report

      Name        Direction    Location    IOStandard    DriveStrength    PullType     PackReg   
   aud_adcdat       INPUT        R14        LVCMOS25          N/A          PULLUP       IREG     
  aud_adcdat_1      INPUT         F7        LVCMOS25          N/A          PULLUP       IREG     
    aud_bclk        INPUT         M6        LVCMOS25          N/A          PULLUP       NONE     
   aud_bclk_1       INPUT         C4        LVCMOS25          N/A          PULLUP       NONE     
    aud_lrc         INPUT         M7        LVCMOS25          N/A          PULLUP       IREG     
   aud_lrc_1        INPUT         D6        LVCMOS25          N/A          PULLUP       IREG     
    sys_clk         INPUT         R7        LVCMOS25          N/A          PULLUP       NONE     
   sys_rst_n        INPUT         E3        LVCMOS25          N/A          PULLUP       NONE     
  sys_rst_n_1       INPUT        H16        LVCMOS25          N/A           N/A         NONE     
   volume[1]        INPUT        B10        LVCMOS25          N/A          PULLUP       NONE     
   volume[0]        INPUT        A10        LVCMOS25          N/A          PULLUP       NONE     
    I2S_BCLK       OUTPUT        F15        LVCMOS25           8            NONE        NONE     
    I2S_DATA       OUTPUT        F13        LVCMOS25           8            NONE        OREG     
   I2S_LRCLK       OUTPUT        D16        LVCMOS25           8            NONE        OREG     
   aud_dacdat      OUTPUT         P6        LVCMOS25           8            NONE        OREG     
  aud_dacdat_1     OUTPUT         C5        LVCMOS25           8            NONE        OREG     
    aud_mclk       OUTPUT         N5        LVCMOS25           8            NONE        NONE     
   aud_mclk_1      OUTPUT         B3        LVCMOS25           8            NONE        NONE     
    aud_scl        OUTPUT        R12        LVCMOS25           8            NONE        OREG     
   aud_scl_1       OUTPUT         B2        LVCMOS25           8            NONE        OREG     
     ilaclk        OUTPUT         T5        LVCMOS25           8            NONE        NONE     
    ilaclk_1       OUTPUT         D3        LVCMOS25           8            NONE        NONE     
      led          OUTPUT        B14        LVCMOS25           8            NONE        NONE     
     led_1         OUTPUT        B15        LVCMOS25           8            NONE        NONE     
    leds[2]        OUTPUT        E13        LVCMOS25           8            NONE        NONE     
    leds[1]        OUTPUT        C16        LVCMOS25           8            NONE        NONE     
    leds[0]        OUTPUT        C15        LVCMOS25           8            NONE        NONE     
    aud_sda         INOUT         R9        LVCMOS25           8           PULLUP     OREG;TREG  
   aud_sda_1        INOUT         B1        LVCMOS25           8           PULLUP     OREG;TREG  

Report Hierarchy Area:
+------------------------------------------------------------------------------------------------+
|Instance            |Module                |le     |lut     |ripple  |seq     |bram    |dsp     |
+------------------------------------------------------------------------------------------------+
|top                 |audio_speak           |673    |521     |56      |403     |0       |0       |
|  i2s_tx            |i2s_tx_24bit_standard |95     |47      |0       |83      |0       |0       |
|  u1_es8388_ctrl    |es8388_ctrl           |274    |234     |25      |145     |0       |0       |
|    u_audio_receive |audio_receive         |72     |48      |12      |53      |0       |0       |
|    u_audio_send    |audio_send            |24     |24      |0       |24      |0       |0       |
|    u_es8388_config |es8388_config         |178    |162     |13      |68      |0       |0       |
|      u_i2c_dri     |i2c_dri               |113    |106     |5       |41      |0       |0       |
|      u_i2c_reg_cfg |i2c_reg_cfg           |65     |56      |8       |27      |0       |0       |
|  u1_pll_clk        |clk_wiz_0             |1      |1       |0       |0       |0       |0       |
|  u_es8388_ctrl     |es8388_ctrl           |278    |232     |25      |145     |0       |0       |
|    u_audio_receive |audio_receive         |77     |47      |12      |53      |0       |0       |
|    u_audio_send    |audio_send            |25     |25      |0       |24      |0       |0       |
|    u_es8388_config |es8388_config         |176    |160     |13      |68      |0       |0       |
|      u_i2c_dri     |i2c_dri               |110    |103     |5       |41      |0       |0       |
|      u_i2c_reg_cfg |i2c_reg_cfg           |66     |57      |8       |27      |0       |0       |
|  u_pll_clk         |clk_wiz_0             |1      |1       |0       |0       |0       |0       |
+------------------------------------------------------------------------------------------------+


DataNet Average Fanout:

   Index     Fanout    Nets  
    #1         1       390   
    #2         2       184   
    #3         3        83   
    #4         4        12   
    #5        5-10      55   
    #6       11-50      46   
    #7       51-100     3    
  Average     3.25           

RUN-1002 : start command "export_db ES8388_pr.db"
RUN-1001 : Exported /
RUN-1001 : Exported flow parameters
RUN-1001 : Exported libs
RUN-1001 : Exported entities
RUN-1001 : Exported ports
RUN-1001 : Exported pins
RUN-1001 : Exported instances
RUN-1001 : Exported nets
RUN-1001 : Exported buses
RUN-1001 : Exported models
RUN-1001 : Exported congestions
RUN-1001 : Exported violations
RUN-1001 : Exported IO constraints
RUN-1001 : Exported Inst constraints
RUN-1002 : start command "export_bid ES8388_inst.bid"
RUN-1002 : start command "bitgen -bit ES8388.bit -unused_io_status pulldown"
BIT-1003 : Start to generate bitstream. 
BIT-1002 : Bitgen processed 159 unused pads, reserve input tri_state with pulldown
BIT-1002 : Init instances with 24 threads.
BIT-1002 : Init instances completely, inst num: 554
BIT-1002 : Init pips with 24 threads.
BIT-1002 : Init pips completely, net num: 814, pip num: 8766
BIT-1002 : Init feedthrough with 24 threads.
BIT-1002 : Init feedthrough completely, num: 16
BIT-1003 : Multithreading accelaration with 24 threads.
BIT-1003 : Generate bitstream completely, there are 1579 valid insts, and 24190 bits set as '1'.
BIT-1004 : PLL setting string = 0110
BIT-1004 : Generate bits file ES8388.bit.
RUN-1003 : finish command "bitgen -bit ES8388.bit -unused_io_status pulldown" in  1.426731s wall, 17.296875s user + 1.437500s system = 18.734375s CPU (1313.1%)

RUN-1004 : used memory is 450 MB, reserved memory is 430 MB, peak memory is 679 MB
RUN-1002 : start command "backup_run_log run.log ../.logs/phy_1/td_20251019_135905.log"
