============================================================
   Tang Dynasty, V5.6.71036
      Copyright (c) 2012-2023 Anlogic Inc.
   Executable = E:/Software/Anlogic/TD5.6.2/bin/td.exe
   Built at =   20:34:38 Mar 21 2023
   Run by =     Lviva
   Run Date =   Sat Oct 25 13:55:51 2025

   Run on =     VIVACIOUS
============================================================
RUN-1002 : start command "open_project ES8388.prj"
RUN-1001 : Print Global Property
RUN-1001 : ---------------------------------------------------------------
RUN-1001 :        Parameters        |  Settings  |  Default Values  |  Note  
RUN-1001 : ---------------------------------------------------------------
RUN-1001 :          message         |  standard  |     standard     |        
RUN-1001 :   mixed_pack_place_flow  |     on     |        on        |        
RUN-1001 :        qor_monitor       |    off     |       off        |        
RUN-1001 :        syn_ip_flow       |    off     |       off        |        
RUN-1001 :          thread          |    auto    |       auto       |        
RUN-1001 : ---------------------------------------------------------------
RUN-1001 : Print Design Property
RUN-1001 : --------------------------------------------------------------
RUN-1001 :        Parameters       |  Settings  |  Default Values  |  Note  
RUN-1001 : --------------------------------------------------------------
RUN-1001 :   default_reg_initial   |    auto    |       auto       |        
RUN-1001 :        infer_add        |     on     |        on        |        
RUN-1001 :        infer_fsm        |    off     |       off        |        
RUN-1001 :        infer_mult       |     on     |        on        |        
RUN-1001 :        infer_ram        |     on     |        on        |        
RUN-1001 :        infer_reg        |     on     |        on        |        
RUN-1001 :   infer_reg_init_value  |     on     |        on        |        
RUN-1001 :        infer_rom        |     on     |        on        |        
RUN-1001 :      infer_shifter      |     on     |        on        |        
RUN-1001 : --------------------------------------------------------------
RUN-1001 : Print Rtl Property
RUN-1001 : --------------------------------------------------------------
RUN-1001 :        Parameters       |  Settings  |  Default Values  |  Note  
RUN-1001 : --------------------------------------------------------------
RUN-1001 :       compress_add      |   ripple   |      ripple      |        
RUN-1001 :        elf_sload        |    off     |       off        |        
RUN-1001 :       fix_undriven      |     0      |        0         |        
RUN-1001 :         flatten         |    off     |       off        |        
RUN-1001 :       gate_sharing      |     on     |        on        |        
RUN-1001 :    hdl_warning_level    |   normal   |      normal      |        
RUN-1001 :   impl_internal_tribuf  |     on     |        on        |        
RUN-1001 :      impl_set_reset     |     on     |        on        |        
RUN-1001 :        infer_gsr        |    off     |       off        |        
RUN-1001 :      keep_hierarchy     |    auto    |       auto       |        
RUN-1001 :        max_fanout       |    9999    |       9999       |        
RUN-1001 :      max_oh2bin_len     |     10     |        10        |        
RUN-1001 :       merge_equal       |     on     |        on        |        
RUN-1001 :       merge_equiv       |     on     |        on        |        
RUN-1001 :        merge_mux        |    off     |       off        |        
RUN-1001 :     min_control_set     |     8      |        8         |        
RUN-1001 :      min_ripple_len     |    auto    |       auto       |        
RUN-1001 :       oh2bin_ratio      |    0.08    |       0.08       |        
RUN-1001 :     opt_adder_fanout    |     on     |        on        |        
RUN-1001 :        opt_arith        |     on     |        on        |        
RUN-1001 :       opt_big_gate      |    off     |       off        |        
RUN-1001 :        opt_const        |     on     |        on        |        
RUN-1001 :      opt_const_mult     |     on     |        on        |        
RUN-1001 :       opt_lessthan      |     on     |        on        |        
RUN-1001 :         opt_mux         |    off     |       off        |        
RUN-1001 :         opt_ram         |    high    |       high       |        
RUN-1001 :      rtl_sim_model      |    off     |       off        |        
RUN-1001 :         seq_syn         |     on     |        on        |        
RUN-1001 : --------------------------------------------------------------
HDL-1007 : analyze verilog file ../../al_ip/clk_wiz_0.v
HDL-1007 : undeclared symbol 'open', assumed default net type 'wire' in ../../al_ip/clk_wiz_0.v(80)
HDL-1007 : analyze verilog file ../../../RTL/audio_receive.v
HDL-1007 : analyze verilog file ../../../RTL/audio_send.v
HDL-1007 : analyze verilog file ../../../RTL/audio_speak.v
HDL-1007 : analyze verilog file ../../../RTL/es8388_config.v
HDL-1007 : analyze verilog file ../../../RTL/es8388_ctrl.v
HDL-1007 : analyze verilog file ../../../RTL/i2c_dri.v
HDL-1007 : analyze verilog file ../../../RTL/i2c_reg_cfg.v
HDL-1007 : analyze verilog file ../../../RTL/spar_4mic_localization.v
RUN-1001 : Project manager successfully analyzed 9 source files.
RUN-1002 : start command "import_device eagle_s20.db -package EG4S20BG256"
ARC-1001 : Device Initialization.
ARC-1001 : ------------------------------------------------------------------
ARC-1001 :            OPTION            |          IO          |   SETTING   
ARC-1001 : ------------------------------------------------------------------
ARC-1001 :   cso_b/cclk/mosi/miso/dout  |  T3/R11/T10/P10/S11  |    gpio    
ARC-1001 :             done             |         P13          |    gpio    
ARC-1001 :           program_b          |          T2          |  dedicate  
ARC-1001 :        tdi/tms/tck/tdo       |   C12/A15/C14/E14    |  dedicate  
ARC-1001 : ------------------------------------------------------------------
ARC-1004 : Device setting, marked 5 dedicate IOs in total.
RUN-1002 : start command "import_db ../syn_1/ES8388_gate.db"
RUN-1001 : Importing database generated by Tang Dynasty, V5.6.71036.
RUN-1001 : Database version number 46146.
RUN-1001 : Import flow parameters
RUN-1001 : Import IO constraints
RUN-1001 : Import Inst constraints
RUN-1001 : Import design success TD_VERSION=5.6.71036 , DB_VERSION=46146
RUN-1002 : start command "place"
RUN-1001 : Open license file E:/Software/Anlogic/TD5.6.2/license/Anlogic.lic
RUN-1001 : Print Global Property
RUN-1001 : ---------------------------------------------------------------
RUN-1001 :        Parameters        |  Settings  |  Default Values  |  Note  
RUN-1001 : ---------------------------------------------------------------
RUN-1001 :          message         |  standard  |     standard     |        
RUN-1001 :   mixed_pack_place_flow  |     on     |        on        |        
RUN-1001 :        qor_monitor       |    off     |       off        |        
RUN-1001 :        syn_ip_flow       |    off     |       off        |        
RUN-1001 :          thread          |    auto    |       auto       |        
RUN-1001 : ---------------------------------------------------------------
RUN-1001 : Print Place Property
RUN-1001 : --------------------------------------------------------------
RUN-1001 :        Parameters       |  Settings  |  Default Values  |  Note  
RUN-1001 : --------------------------------------------------------------
RUN-1001 :      detailed_place     |     on     |        on        |        
RUN-1001 :          effort         |   medium   |      medium      |        
RUN-1001 :         fix_hold        |    off     |       off        |        
RUN-1001 :       legalization      |    ori     |       ori        |        
RUN-1001 :      new_spreading      |     on     |        on        |        
RUN-1001 :        opt_timing       |   medium   |      medium      |        
RUN-1001 :   post_clock_route_opt  |    off     |       off        |        
RUN-1001 :       pr_strategy       |     1      |        1         |        
RUN-1001 :        relaxation       |    1.00    |       1.00       |        
RUN-1001 :         retiming        |    off     |       off        |        
RUN-1001 : --------------------------------------------------------------
PHY-3001 : Placer runs in 16 thread(s).
RUN-1002 : start command "legalize_phy_inst"
SYN-1011 : Flatten model audio_speak
RUN-1002 : start command "phys_opt -simplify_lut"
SYN-4016 : Net ilaclk_1_dup_1 driven by BUFG (0 clock/control pins, 2 other pins).
SYN-4016 : Net ilaclk_2_dup_1 driven by BUFG (0 clock/control pins, 2 other pins).
SYN-4016 : Net ilaclk_3_dup_1 driven by BUFG (0 clock/control pins, 2 other pins).
SYN-4016 : Net ilaclk_dup_1 driven by BUFG (0 clock/control pins, 2 other pins).
SYN-4027 : Net aud_mclk_1_dup_1 is clkc1 of pll u1_pll_clk/pll_inst.
SYN-4019 : Net sys_clk_dup_1 is refclk of pll u1_pll_clk/pll_inst.
SYN-4020 : Net sys_clk_dup_1 is fbclk of pll u1_pll_clk/pll_inst.
SYN-4027 : Net aud_mclk_2_dup_1 is clkc1 of pll u2_pll_clk/pll_inst.
SYN-4019 : Net sys_clk_dup_1 is refclk of pll u2_pll_clk/pll_inst.
SYN-4020 : Net sys_clk_dup_1 is fbclk of pll u2_pll_clk/pll_inst.
SYN-4027 : Net aud_mclk_3_dup_1 is clkc1 of pll u3_pll_clk/pll_inst.
SYN-4019 : Net sys_clk_dup_1 is refclk of pll u3_pll_clk/pll_inst.
SYN-4020 : Net sys_clk_dup_1 is fbclk of pll u3_pll_clk/pll_inst.
SYN-4027 : Net aud_mclk_dup_1 is clkc1 of pll u_pll_clk/pll_inst.
SYN-4019 : Net sys_clk_dup_1 is refclk of pll u_pll_clk/pll_inst.
SYN-4020 : Net sys_clk_dup_1 is fbclk of pll u_pll_clk/pll_inst.
SYN-4024 : Net "aud_bclk_dup_1" drives clk pins.
SYN-4024 : Net "aud_bclk_1_dup_1" drives clk pins.
SYN-4024 : Net "aud_bclk_2_dup_1" drives clk pins.
SYN-4024 : Net "aud_bclk_3_dup_1" drives clk pins.
SYN-4024 : Net "u1_es8388_ctrl/u_es8388_config/u_i2c_dri/dri_clk" drives clk pins.
SYN-4024 : Net "u2_es8388_ctrl/u_es8388_config/u_i2c_dri/dri_clk" drives clk pins.
SYN-4024 : Net "u3_es8388_ctrl/u_es8388_config/u_i2c_dri/dri_clk" drives clk pins.
SYN-7503 WARNING: Net "u_es8388_ctrl/u_es8388_config/u_i2c_dri/dri_clk" drives clk pins. However it will not be tagged as clk net, for there's no more slots.
SYN-4025 : Tag rtl::Net aud_bclk_1_dup_1 as clock net
SYN-4025 : Tag rtl::Net aud_bclk_2_dup_1 as clock net
SYN-4025 : Tag rtl::Net aud_bclk_3_dup_1 as clock net
SYN-4025 : Tag rtl::Net aud_bclk_dup_1 as clock net
SYN-4025 : Tag rtl::Net aud_mclk_1_dup_1 as clock net
SYN-4025 : Tag rtl::Net aud_mclk_2_dup_1 as clock net
SYN-4025 : Tag rtl::Net aud_mclk_3_dup_1 as clock net
SYN-4025 : Tag rtl::Net aud_mclk_dup_1 as clock net
SYN-4025 : Tag rtl::Net ilaclk_1_dup_1 as clock net
SYN-4025 : Tag rtl::Net ilaclk_2_dup_1 as clock net
SYN-4025 : Tag rtl::Net ilaclk_3_dup_1 as clock net
SYN-4025 : Tag rtl::Net ilaclk_dup_1 as clock net
SYN-4025 : Tag rtl::Net sys_clk_dup_1 as clock net
SYN-4025 : Tag rtl::Net u1_es8388_ctrl/u_es8388_config/u_i2c_dri/dri_clk as clock net
SYN-4025 : Tag rtl::Net u2_es8388_ctrl/u_es8388_config/u_i2c_dri/dri_clk as clock net
SYN-4025 : Tag rtl::Net u3_es8388_ctrl/u_es8388_config/u_i2c_dri/dri_clk as clock net
SYN-4026 : Tagged 16 rtl::Net as clock net
SYN-4015 : Create BUFG instance for clk Net aud_bclk_1_dup_1 to drive 80 clock pins.
SYN-4015 : Create BUFG instance for clk Net aud_bclk_2_dup_1 to drive 80 clock pins.
SYN-4015 : Create BUFG instance for clk Net aud_bclk_3_dup_1 to drive 80 clock pins.
SYN-4015 : Create BUFG instance for clk Net aud_bclk_dup_1 to drive 80 clock pins.
SYN-4015 : Create BUFG instance for clk Net u1_es8388_ctrl/u_es8388_config/u_i2c_dri/dri_clk to drive 56 clock pins.
SYN-4015 : Create BUFG instance for clk Net u2_es8388_ctrl/u_es8388_config/u_i2c_dri/dri_clk to drive 56 clock pins.
SYN-4015 : Create BUFG instance for clk Net u3_es8388_ctrl/u_es8388_config/u_i2c_dri/dri_clk to drive 56 clock pins.
PHY-1001 : Populate physical database on model audio_speak.
RUN-1001 : There are total 2529 instances
RUN-0007 : 914 luts, 1122 seqs, 280 mslices, 148 lslices, 47 pads, 0 brams, 0 dsps
RUN-1001 : There are total 3157 nets
RUN-1001 : 2125 nets have 2 pins
RUN-1001 : 808 nets have [3 - 5] pins
RUN-1001 : 104 nets have [6 - 10] pins
RUN-1001 : 67 nets have [11 - 20] pins
RUN-1001 : 45 nets have [21 - 99] pins
RUN-1001 : 8 nets have 100+ pins
RUN-1001 : Report Control nets information:
RUN-1001 : DFF Distribution
RUN-1001 : ----------------------------------
RUN-1001 :   CE   |  SSR  |  ASR  |  DFF Count  
RUN-1001 : ----------------------------------
RUN-1001 :   No   |  No   |  No   |      0      
RUN-1001 :   No   |  No   |  Yes  |     482     
RUN-1001 :   No   |  Yes  |  No   |      0      
RUN-1001 :   Yes  |  No   |  No   |     384     
RUN-1001 :   Yes  |  No   |  Yes  |     256     
RUN-1001 :   Yes  |  Yes  |  No   |      0      
RUN-1001 : ----------------------------------
RUN-0007 : Control Group Statistic
RUN-0007 : ---------------------------
RUN-0007 :   #CLK  |  #CE  |  #SSR/ASR  
RUN-0007 : ---------------------------
RUN-0007 :    9    |  17   |     6      
RUN-0007 : ---------------------------
RUN-0007 : Control Set = 29
PHY-3001 : Initial placement ...
PHY-3001 : design contains 2527 instances, 914 luts, 1122 seqs, 428 slices, 64 macros(428 instances: 280 mslices 148 lslices)
PHY-0007 : Cell area utilization is 9%
PHY-3001 : Global placement ...
PHY-3001 : Initial: Len = 811558
PHY-3001 : Clustering ...
PHY-3001 : Level 0 #clusters 2527.
PHY-3001 : End clustering;  0.000074s wall, 0.000000s user + 0.000000s system = 0.000000s CPU (n/a%)

PHY-3001 : Run with size of 4
PHY-3001 : Cell area utilization is 9%
PHY-3001 : :::0::: Try harder cell spreading with beta_ = 0
PHY-3002 : Step(1): len = 466144, overlap = 0
PHY-3002 : Step(2): len = 319833, overlap = 0
PHY-3002 : Step(3): len = 212895, overlap = 5.3125
PHY-3002 : Step(4): len = 163458, overlap = 21.8438
PHY-3002 : Step(5): len = 136682, overlap = 31.875
PHY-3002 : Step(6): len = 117293, overlap = 37.0312
PHY-3002 : Step(7): len = 102177, overlap = 41.8125
PHY-3002 : Step(8): len = 93828.5, overlap = 41.7188
PHY-3002 : Step(9): len = 90104.6, overlap = 44.6562
PHY-3002 : Step(10): len = 85680.3, overlap = 43.8125
PHY-3002 : Step(11): len = 81525.2, overlap = 46.5
PHY-3002 : Step(12): len = 77064.3, overlap = 46.125
PHY-3002 : Step(13): len = 75385.2, overlap = 49.5
PHY-3002 : Step(14): len = 70917.1, overlap = 51.8125
PHY-3002 : Step(15): len = 65182.6, overlap = 63.9062
PHY-3002 : Step(16): len = 61976.9, overlap = 60.5312
PHY-3002 : Step(17): len = 61508, overlap = 69.375
PHY-3001 : :::1::: Try harder cell spreading with beta_ = 8.19891e-05
PHY-3002 : Step(18): len = 65414.1, overlap = 58.7812
PHY-3002 : Step(19): len = 67738.2, overlap = 53.8438
PHY-3002 : Step(20): len = 62812.4, overlap = 24.125
PHY-3002 : Step(21): len = 62802.8, overlap = 28
PHY-3002 : Step(22): len = 61151.3, overlap = 33.0312
PHY-3002 : Step(23): len = 58331.5, overlap = 32.0625
PHY-3002 : Step(24): len = 58569.3, overlap = 33.8125
PHY-3002 : Step(25): len = 58150.1, overlap = 35.3438
PHY-3002 : Step(26): len = 58079.2, overlap = 41.1875
PHY-3002 : Step(27): len = 56450.9, overlap = 39.375
PHY-3002 : Step(28): len = 56606.9, overlap = 43.0312
PHY-3002 : Step(29): len = 57512.3, overlap = 46.1875
PHY-3002 : Step(30): len = 58496, overlap = 46
PHY-3002 : Step(31): len = 56557.9, overlap = 47.4375
PHY-3002 : Step(32): len = 55093.4, overlap = 46.8438
PHY-3002 : Step(33): len = 54807.7, overlap = 40.5312
PHY-3002 : Step(34): len = 53099.1, overlap = 35.3125
PHY-3002 : Step(35): len = 52380.5, overlap = 31.5
PHY-3002 : Step(36): len = 52575.7, overlap = 26.9062
PHY-3002 : Step(37): len = 52377.4, overlap = 20.0312
PHY-3002 : Step(38): len = 51880.5, overlap = 19.3438
PHY-3002 : Step(39): len = 51553.2, overlap = 17.9688
PHY-3002 : Step(40): len = 49336, overlap = 20.3125
PHY-3002 : Step(41): len = 49168.9, overlap = 19
PHY-3002 : Step(42): len = 48487.2, overlap = 18.25
PHY-3002 : Step(43): len = 48943.8, overlap = 21.125
PHY-3002 : Step(44): len = 47955.9, overlap = 23.9375
PHY-3002 : Step(45): len = 48216.3, overlap = 25.1562
PHY-3002 : Step(46): len = 47795.6, overlap = 26.8438
PHY-3001 : :::2::: Try harder cell spreading with beta_ = 0.000163978
PHY-3002 : Step(47): len = 47582.7, overlap = 25.9688
PHY-3002 : Step(48): len = 47355.2, overlap = 26.2812
PHY-3001 : :::3::: Try harder cell spreading with beta_ = 0.000327957
PHY-3002 : Step(49): len = 47705.6, overlap = 24.5625
PHY-3002 : Step(50): len = 47513.3, overlap = 24.5625
PHY-3001 : Legalization ...
PHY-3001 : End legalization;  0.002207s wall, 0.000000s user + 0.000000s system = 0.000000s CPU (n/a%)

PHY-3001 : Run with size of 4
PHY-3001 : Cell area utilization is 11%
PHY-3001 : :::0::: Try harder cell spreading with beta_ = 1.5377e-06
PHY-3002 : Step(51): len = 44162.8, overlap = 74.25
PHY-3002 : Step(52): len = 44162.8, overlap = 74.25
PHY-3002 : Step(53): len = 43786.2, overlap = 77.7812
PHY-3002 : Step(54): len = 43786.2, overlap = 77.7812
PHY-3002 : Step(55): len = 43256.5, overlap = 76.5
PHY-3001 : :::1::: Try harder cell spreading with beta_ = 3.07541e-06
PHY-3002 : Step(56): len = 43171.5, overlap = 77.4062
PHY-3002 : Step(57): len = 43306.1, overlap = 77.4688
PHY-3001 : :::2::: Try harder cell spreading with beta_ = 6.15082e-06
PHY-3002 : Step(58): len = 42986.9, overlap = 77.0625
PHY-3002 : Step(59): len = 42986.9, overlap = 77.0625
PHY-3001 : Run with size of 2
PHY-3001 : Cell area utilization is 11%
PHY-3001 : :::0::: Try harder cell spreading with beta_ = 4.36122e-06
PHY-3002 : Step(60): len = 45346.6, overlap = 179.594
PHY-3002 : Step(61): len = 45606, overlap = 179.094
PHY-3002 : Step(62): len = 46837.7, overlap = 157.812
PHY-3002 : Step(63): len = 46257.5, overlap = 156
PHY-3002 : Step(64): len = 45515.9, overlap = 157.594
PHY-3001 : :::1::: Try harder cell spreading with beta_ = 8.72244e-06
PHY-3002 : Step(65): len = 46218.2, overlap = 152
PHY-3002 : Step(66): len = 46218.2, overlap = 152
PHY-3002 : Step(67): len = 46291.2, overlap = 150.312
PHY-3001 : :::2::: Try harder cell spreading with beta_ = 1.41129e-05
PHY-3002 : Step(68): len = 48492.5, overlap = 149
PHY-3002 : Step(69): len = 49356.1, overlap = 140.094
PHY-3002 : Step(70): len = 49195.1, overlap = 133.688
PHY-3002 : Step(71): len = 49626.2, overlap = 135.375
PHY-3002 : Step(72): len = 49845.2, overlap = 120.875
PHY-3001 : :::3::: Try harder cell spreading with beta_ = 2.82258e-05
PHY-3002 : Step(73): len = 50184.9, overlap = 104.5
PHY-3002 : Step(74): len = 50582.1, overlap = 105.281
PHY-3002 : Step(75): len = 52331.8, overlap = 102.094
PHY-3001 : :::4::: Try harder cell spreading with beta_ = 4.85524e-05
PHY-3002 : Step(76): len = 53306.7, overlap = 103.156
PHY-3002 : Step(77): len = 55954.5, overlap = 100.469
PHY-3002 : Step(78): len = 56764.3, overlap = 102.062
PHY-3002 : Step(79): len = 56912.3, overlap = 98.3438
PHY-3002 : Step(80): len = 56976.8, overlap = 102.438
PHY-3001 : :::5::: Try harder cell spreading with beta_ = 9.71047e-05
PHY-3002 : Step(81): len = 57602.8, overlap = 90.1875
PHY-3002 : Step(82): len = 57707, overlap = 89.9375
PHY-3002 : Step(83): len = 57664.9, overlap = 92.4062
PHY-3001 : :::6::: Try harder cell spreading with beta_ = 0.000187673
PHY-3002 : Step(84): len = 59231.9, overlap = 83.0625
PHY-3002 : Step(85): len = 60460.2, overlap = 81.9062
PHY-3002 : Step(86): len = 60558.9, overlap = 84.5938
PHY-3002 : Step(87): len = 60527.2, overlap = 84.2188
PHY-3002 : Step(88): len = 60473.3, overlap = 79.9375
PHY-3001 : :::7::: Try harder cell spreading with beta_ = 0.000375346
PHY-3002 : Step(89): len = 61293, overlap = 80.8438
PHY-3002 : Step(90): len = 61544.2, overlap = 76.5938
PHY-3002 : Step(91): len = 61853.8, overlap = 76.0312
PHY-3001 : :::8::: Try harder cell spreading with beta_ = 0.00060731
PHY-3002 : Step(92): len = 62100.8, overlap = 79.75
PHY-3002 : Step(93): len = 63066.1, overlap = 75.8438
PHY-3001 : :::9::: Try harder cell spreading with beta_ = 0.00109568
PHY-3002 : Step(94): len = 63444, overlap = 74.8125
PHY-3002 : Step(95): len = 63762.8, overlap = 68.7812
PHY-3002 : Step(96): len = 63713.9, overlap = 69.625
PHY-3001 : :::10::: Try harder cell spreading with beta_ = 0.00177282
PHY-3002 : Step(97): len = 63908, overlap = 68.4375
PHY-3002 : Step(98): len = 64483.1, overlap = 65.2812
PHY-3001 : :::11::: Try harder cell spreading with beta_ = 0.00286842
PHY-3002 : Step(99): len = 64497, overlap = 64.6562
PHY-3002 : Step(100): len = 64787.3, overlap = 60.6875
OPT-1001 : Start physical optimization ...
OPT-1001 : Total overflow 180.09 peak overflow 5.41
OPT-1001 : Start high-fanout net optimization ...
OPT-1001 : Update timing in global mode
PHY-1001 : Start incremental global routing, caller is place ...
RUN-1001 : Generating global routing grids ...
RUN-1001 : Building simple global routing graph ...
PHY-1001 : Generate routing nets ...
PHY-1001 : Reuse net number 0/3157.
PHY-1001 : Global iterations in 16 thread ...
PHY-1002 : len = 76888, over cnt = 342(0%), over = 1969, worst = 31
PHY-1001 : End global iterations;  0.094924s wall, 0.093750s user + 0.015625s system = 0.109375s CPU (115.2%)

PHY-1001 : Congestion index: top1 = 52.28, top5 = 34.07, top10 = 22.90, top15 = 16.51.
PHY-1001 : End incremental global routing;  0.148843s wall, 0.140625s user + 0.015625s system = 0.156250s CPU (105.0%)

RUN-1002 : start command "start_timer -report"
TMR-5001 WARNING: No sdc constraints found while initiating timer.
TMR-2505 : Start building timing graph for model audio_speak.
TMR-2506 : Build timing graph completely. Port num: 46, tpin num: 12286, tnet num: 3155, tinst num: 2527, tnode num: 16184, tedge num: 20828.
TMR-2508 : Levelizing timing graph completed, there are 37 levels in total.
TMR-2501 : Timing graph initialized successfully.
OPT-1001 : End timing update;  0.235855s wall, 0.234375s user + 0.015625s system = 0.250000s CPU (106.0%)

OPT-1001 : 0 high-fanout net processed.
OPT-1001 : End high-fanout net optimization;  0.416980s wall, 0.406250s user + 0.031250s system = 0.437500s CPU (104.9%)

OPT-1001 : Current memory(MB): used = 199, reserve = 168, peak = 199.
OPT-1001 : End physical optimization;  0.440838s wall, 0.421875s user + 0.031250s system = 0.453125s CPU (102.8%)

PHY-3001 : Start packing ...
SYN-4007 : Packing 0 MUX to BLE ...
SYN-4008 : Packed 0 MUX and 0 SEQ to BLE.
SYN-4007 : Packing 914 LUT to BLE ...
SYN-4008 : Packed 914 LUT and 426 SEQ to BLE.
SYN-4003 : Packing 696 remaining SEQ's ...
SYN-4005 : Packed 206 SEQ with LUT/SLICE
SYN-4006 : 351 single LUT's are left
SYN-4006 : 490 single SEQ's are left
SYN-4011 : Packing model "audio_speak" (AL_USER_NORMAL) with 1404/1897 primitive instances ...
PHY-3001 : End packing;  0.063038s wall, 0.062500s user + 0.000000s system = 0.062500s CPU (99.1%)

PHY-1001 : Populate physical database on model audio_speak.
RUN-1001 : There are total 1236 instances
RUN-1001 : 586 mslices, 585 lslices, 47 pads, 0 brams, 0 dsps
RUN-1001 : There are total 2747 nets
RUN-1001 : 1731 nets have 2 pins
RUN-1001 : 792 nets have [3 - 5] pins
RUN-1001 : 104 nets have [6 - 10] pins
RUN-1001 : 77 nets have [11 - 20] pins
RUN-1001 : 39 nets have [21 - 99] pins
RUN-1001 : 4 nets have 100+ pins
PHY-3001 : design contains 1234 instances, 1171 slices, 64 macros(428 instances: 280 mslices 148 lslices)
PHY-3001 : Cell area utilization is 15%
PHY-3001 : After packing: Len = 64667.6, Over = 102
PHY-3001 : Run with size of 2
PHY-3001 : Cell area utilization is 15%
PHY-3001 : :::0::: Try harder cell spreading with beta_ = 1.54314e-05
PHY-3002 : Step(101): len = 59667, overlap = 113
PHY-3002 : Step(102): len = 59793, overlap = 113.5
PHY-3002 : Step(103): len = 57204.2, overlap = 118.25
PHY-3002 : Step(104): len = 55157.1, overlap = 123.25
PHY-3002 : Step(105): len = 55011.8, overlap = 122.25
PHY-3002 : Step(106): len = 54952.9, overlap = 123.5
PHY-3001 : :::1::: Try harder cell spreading with beta_ = 3.08629e-05
PHY-3002 : Step(107): len = 58384.8, overlap = 120.5
PHY-3002 : Step(108): len = 59390.9, overlap = 121.5
PHY-3002 : Step(109): len = 61194.6, overlap = 118.5
PHY-3001 : :::2::: Try harder cell spreading with beta_ = 6.17258e-05
PHY-3002 : Step(110): len = 64860.4, overlap = 110
PHY-3002 : Step(111): len = 65886.9, overlap = 107
PHY-3002 : Step(112): len = 66490.5, overlap = 101.5
PHY-3002 : Step(113): len = 66577.1, overlap = 100.75
PHY-3002 : Step(114): len = 65756.8, overlap = 96.75
PHY-3002 : Step(115): len = 65756.8, overlap = 96.75
PHY-3002 : Step(116): len = 65555.2, overlap = 98.75
PHY-3001 : Legalization ...
PHY-3001 : End legalization;  0.131987s wall, 0.156250s user + 0.234375s system = 0.390625s CPU (296.0%)

PHY-3001 : Trial Legalized: Len = 92588
PHY-3001 : Run with size of 2
PHY-3001 : Cell area utilization is 15%
PHY-3001 : :::0::: Try harder cell spreading with beta_ = 0.000246316
PHY-3002 : Step(117): len = 81079.4, overlap = 23.5
PHY-3002 : Step(118): len = 78297.3, overlap = 32.5
PHY-3002 : Step(119): len = 75356, overlap = 36
PHY-3002 : Step(120): len = 74122.6, overlap = 39.25
PHY-3002 : Step(121): len = 73776.8, overlap = 38
PHY-3002 : Step(122): len = 72701.2, overlap = 41.25
PHY-3002 : Step(123): len = 72485.3, overlap = 41.75
PHY-3002 : Step(124): len = 72043, overlap = 42.75
PHY-3002 : Step(125): len = 71980.7, overlap = 43.5
PHY-3002 : Step(126): len = 71784.5, overlap = 43.5
PHY-3001 : :::1::: Try harder cell spreading with beta_ = 0.000492633
PHY-3002 : Step(127): len = 72588.6, overlap = 43.5
PHY-3002 : Step(128): len = 72738.3, overlap = 43.5
PHY-3001 : :::2::: Try harder cell spreading with beta_ = 0.000985266
PHY-3002 : Step(129): len = 73293, overlap = 42.75
PHY-3002 : Step(130): len = 73447, overlap = 41.75
PHY-3002 : Step(131): len = 73596.5, overlap = 41
PHY-3001 : Legalization ...
PHY-3001 : End legalization;  0.003945s wall, 0.000000s user + 0.015625s system = 0.015625s CPU (396.0%)

PHY-3001 : Legalized: Len = 81871.2, Over = 0
PHY-3001 : Spreading special nets. 8 overflows in 2952 tiles.
PHY-3001 : End spreading;  0.007687s wall, 0.000000s user + 0.000000s system = 0.000000s CPU (n/a%)

PHY-3001 : 11 instances has been re-located, deltaX = 11, deltaY = 1, maxDist = 2.
PHY-3001 : Final: Len = 82015.2, Over = 0
OPT-1001 : Start physical optimization ...
OPT-1001 : Total overflow 0.00 peak overflow 0.00
OPT-1001 : Start high-fanout net optimization ...
OPT-1001 : Update timing in global mode
PHY-1001 : Start incremental global routing, caller is place ...
RUN-1001 : Generating global routing grids ...
PHY-1001 : Generate routing nets ...
PHY-1001 : Reuse net number 61/2747.
PHY-1001 : Global iterations in 16 thread ...
PHY-1002 : len = 97280, over cnt = 319(0%), over = 646, worst = 6
PHY-1002 : len = 100312, over cnt = 178(0%), over = 288, worst = 5
PHY-1002 : len = 103648, over cnt = 22(0%), over = 30, worst = 4
PHY-1002 : len = 103888, over cnt = 10(0%), over = 13, worst = 3
PHY-1002 : len = 104032, over cnt = 0(0%), over = 0, worst = 0
PHY-1001 : End global iterations;  0.185667s wall, 0.125000s user + 0.156250s system = 0.281250s CPU (151.5%)

PHY-1001 : Congestion index: top1 = 34.78, top5 = 28.09, top10 = 23.14, top15 = 19.38.
PHY-1001 : End incremental global routing;  0.250921s wall, 0.171875s user + 0.171875s system = 0.343750s CPU (137.0%)

RUN-1002 : start command "start_timer -report"
TMR-5001 WARNING: No sdc constraints found while initiating timer.
TMR-2505 : Start building timing graph for model audio_speak.
TMR-2506 : Build timing graph completely. Port num: 46, tpin num: 10360, tnet num: 2745, tinst num: 1234, tnode num: 13168, tedge num: 18356.
TMR-2508 : Levelizing timing graph completed, there are 37 levels in total.
TMR-2501 : Timing graph initialized successfully.
OPT-1001 : End timing update;  0.230253s wall, 0.218750s user + 0.015625s system = 0.234375s CPU (101.8%)

OPT-1001 : 0 high-fanout net processed.
OPT-1001 : End high-fanout net optimization;  0.511569s wall, 0.421875s user + 0.187500s system = 0.609375s CPU (119.1%)

OPT-1001 : Current memory(MB): used = 207, reserve = 175, peak = 207.
OPT-1001 : Update timing in Manhattan mode
OPT-1001 : End timing update;  0.003349s wall, 0.000000s user + 0.000000s system = 0.000000s CPU (n/a%)

OPT-1001 : Start pin optimization...
OPT-1001 : skip pin optimization...
RUN-1001 : Generating global routing grids ...
PHY-1001 : Generate routing nets ...
PHY-1001 : Reuse net number 2304/2747.
PHY-1001 : Global iterations in 16 thread ...
PHY-1002 : len = 104032, over cnt = 0(0%), over = 0, worst = 0
PHY-1001 : End global iterations;  0.004763s wall, 0.000000s user + 0.000000s system = 0.000000s CPU (n/a%)

PHY-1001 : Congestion index: top1 = 34.78, top5 = 28.09, top10 = 23.14, top15 = 19.38.
OPT-1001 : Update timing in Manhattan mode
OPT-1001 : End timing update;  0.003664s wall, 0.000000s user + 0.000000s system = 0.000000s CPU (n/a%)

RUN-1001 : QoR Analysis:
OPT-0007 :   WNS 2147483647 TNS 0 NUM_FEPS 0
RUN-1001 :   No local congestion issue, and most congested 1% tile average routing util is 34.379310
RUN-1001 :   Top critical paths
OPT-1001 : End physical optimization;  0.600752s wall, 0.500000s user + 0.187500s system = 0.687500s CPU (114.4%)

RUN-1003 : finish command "place" in  4.552046s wall, 7.140625s user + 6.531250s system = 13.671875s CPU (300.3%)

RUN-1004 : used memory is 178 MB, reserved memory is 147 MB, peak memory is 209 MB
RUN-1002 : start command "export_db ES8388_place.db"
RUN-1001 : Exported /
RUN-1001 : Exported flow parameters
RUN-1001 : Exported libs
RUN-1001 : Exported entities
RUN-1001 : Exported ports
RUN-1001 : Exported pins
RUN-1001 : Exported instances
RUN-1001 : Exported nets
RUN-1001 : Exported buses
RUN-1001 : Exported models
RUN-1001 : Exported congestions
RUN-1001 : Exported violations
RUN-1001 : Exported IO constraints
RUN-1001 : Exported Inst constraints
RUN-1002 : start command "route"
RUN-1001 : Open license file E:/Software/Anlogic/TD5.6.2/license/Anlogic.lic
RUN-1001 : Print Global Property
RUN-1001 : ---------------------------------------------------------------
RUN-1001 :        Parameters        |  Settings  |  Default Values  |  Note  
RUN-1001 : ---------------------------------------------------------------
RUN-1001 :          message         |  standard  |     standard     |        
RUN-1001 :   mixed_pack_place_flow  |     on     |        on        |        
RUN-1001 :        qor_monitor       |    off     |       off        |        
RUN-1001 :        syn_ip_flow       |    off     |       off        |        
RUN-1001 :          thread          |    auto    |       auto       |        
RUN-1001 : ---------------------------------------------------------------
RUN-1001 : Print Route Property
RUN-1001 : -------------------------------------------------------
RUN-1001 :    Parameters    |  Settings  |  Default Values  |  Note  
RUN-1001 : -------------------------------------------------------
RUN-1001 :      effort      |   medium   |      medium      |        
RUN-1001 :     fix_hold     |    off     |       off        |        
RUN-1001 :    opt_timing    |   medium   |      medium      |        
RUN-1001 :   phy_sim_model  |    off     |       off        |        
RUN-1001 :     priority     |   timing   |      timing      |        
RUN-1001 :     swap_pin     |     on     |        on        |        
RUN-1001 : -------------------------------------------------------
PHY-1001 : Route runs in 16 thread(s)
RUN-1001 : There are total 1236 instances
RUN-1001 : 586 mslices, 585 lslices, 47 pads, 0 brams, 0 dsps
RUN-1001 : There are total 2747 nets
RUN-1001 : 1731 nets have 2 pins
RUN-1001 : 792 nets have [3 - 5] pins
RUN-1001 : 104 nets have [6 - 10] pins
RUN-1001 : 77 nets have [11 - 20] pins
RUN-1001 : 39 nets have [21 - 99] pins
RUN-1001 : 4 nets have 100+ pins
RUN-1002 : start command "start_timer -report"
TMR-5001 WARNING: No sdc constraints found while initiating timer.
TMR-2505 : Start building timing graph for model audio_speak.
TMR-2506 : Build timing graph completely. Port num: 46, tpin num: 10360, tnet num: 2745, tinst num: 1234, tnode num: 13168, tedge num: 18356.
TMR-2508 : Levelizing timing graph completed, there are 37 levels in total.
TMR-2501 : Timing graph initialized successfully.
PHY-1001 : 586 mslices, 585 lslices, 47 pads, 0 brams, 0 dsps
TMR-2503 : Start to update net delay, extr mode = 3.
TMR-2504 : Update delay of 2745 nets completely.
TMR-2502 : Annotate delay completely, extr mode = 3.
TMR-3002 : No user constraint, initiate default constraint.
TMR-1501 : Assign derive clock DeriveClock to 1396 clock pins, and constraint 2800 relative nodes.
TMR-3003 : Constraints initiated successfully.
TMR-3501 : Forward propagation: start to calculate arrival time...
TMR-3502 : Backward propagation: start to calculate required time...
TMR-3503 : Timing propagation completes.
PHY-1001 : Start global routing, caller is route ...
RUN-1001 : Generating global routing grids ...
PHY-1001 : Generate routing nets ...
PHY-1001 : Global iterations in 16 thread ...
PHY-1002 : len = 96608, over cnt = 328(0%), over = 668, worst = 6
PHY-1002 : len = 99552, over cnt = 187(0%), over = 305, worst = 5
PHY-1002 : len = 103352, over cnt = 19(0%), over = 23, worst = 4
PHY-1002 : len = 103640, over cnt = 1(0%), over = 1, worst = 1
PHY-1002 : len = 103688, over cnt = 0(0%), over = 0, worst = 0
PHY-1001 : End global iterations;  0.183186s wall, 0.187500s user + 0.156250s system = 0.343750s CPU (187.7%)

PHY-1001 : Congestion index: top1 = 34.76, top5 = 27.94, top10 = 23.04, top15 = 19.32.
PHY-1001 : End global routing;  0.241441s wall, 0.234375s user + 0.156250s system = 0.390625s CPU (161.8%)

PHY-1001 : Start detail routing ...
PHY-1001 : Current memory(MB): used = 241, reserve = 210, peak = 256.
PHY-1001 : Detailed router is running in normal mode.
PHY-1001 : Generate detailed routing grids ...
PHY-1001 : Processed IO instance aud_dacdat_syn_4 with INV attribute.
PHY-1001 : Processed IO instance aud_dacdat_1_syn_4 with INV attribute.
PHY-1001 : Processed IO instance aud_dacdat_2_syn_4 with INV attribute.
PHY-1001 : Processed IO instance aud_dacdat_3_syn_4 with INV attribute.
PHY-1001 : Generate nets ...
PHY-1001 : clock net aud_bclk_syn_4 will be merged with clock aud_bclk_dup_1
PHY-1001 : clock net aud_bclk_1_syn_4 will be merged with clock aud_bclk_1_dup_1
PHY-1001 : clock net aud_bclk_2_syn_4 will be merged with clock aud_bclk_2_dup_1
PHY-1001 : clock net aud_bclk_3_syn_4 will be merged with clock aud_bclk_3_dup_1
PHY-1001 : net aud_mclk_dup_1 will be routed on clock mesh
PHY-1001 : net aud_mclk_1_dup_1 will be routed on clock mesh
PHY-1001 : net aud_mclk_2_dup_1 will be routed on clock mesh
PHY-1001 : net aud_mclk_3_dup_1 will be routed on clock mesh
PHY-1001 : clock net ilaclk_dup_1 will be merged with clock u_pll_clk/clk0_buf
PHY-1001 : clock net ilaclk_1_dup_1 will be merged with clock u1_pll_clk/clk0_buf
PHY-1001 : clock net ilaclk_2_dup_1 will be merged with clock u2_pll_clk/clk0_buf
PHY-1001 : clock net ilaclk_3_dup_1 will be merged with clock u3_pll_clk/clk0_buf
PHY-1001 : net sys_clk_dup_1 will be routed on clock mesh
PHY-1001 : clock net u1_es8388_ctrl/u_es8388_config/u_i2c_dri/dri_clk_syn_4 will be merged with clock u1_es8388_ctrl/u_es8388_config/u_i2c_dri/dri_clk
PHY-1001 : clock net u2_es8388_ctrl/u_es8388_config/u_i2c_dri/dri_clk_syn_4 will be merged with clock u2_es8388_ctrl/u_es8388_config/u_i2c_dri/dri_clk
PHY-1001 : clock net u3_es8388_ctrl/u_es8388_config/u_i2c_dri/dri_clk_syn_4 will be merged with clock u3_es8388_ctrl/u_es8388_config/u_i2c_dri/dri_clk
PHY-1001 : Current memory(MB): used = 508, reserve = 482, peak = 508.
PHY-1001 : End build detailed router design. 2.208804s wall, 2.203125s user + 0.000000s system = 2.203125s CPU (99.7%)

PHY-1001 : Detail Route ...
PHY-1001 : ===== Detail Route Phase 1 =====
PHY-1001 : Clock net routing.....
PHY-1001 : Routed 0% nets.
PHY-1022 : len = 51200, over cnt = 0(0%), over = 0, worst = 0, crit = 0
PHY-1001 : End initial clock net routed; 3.794802s wall, 3.765625s user + 0.031250s system = 3.796875s CPU (100.1%)

PHY-1001 : Current memory(MB): used = 541, reserve = 516, peak = 541.
PHY-1001 : End phase 1; 3.797100s wall, 3.765625s user + 0.031250s system = 3.796875s CPU (100.0%)

PHY-1001 : ===== Detail Route Phase 2 =====
PHY-1001 : Initial routing.....
PHY-1001 : Routed 33% nets.
PHY-1001 : Routed 44% nets.
PHY-1001 : Routed 53% nets.
PHY-1001 : Routed 66% nets.
PHY-1001 : Routed 84% nets.
PHY-1022 : len = 344328, over cnt = 107(0%), over = 107, worst = 1, crit = 0
PHY-1001 : Current memory(MB): used = 542, reserve = 516, peak = 542.
PHY-1001 : End initial routed; 2.105585s wall, 2.390625s user + 1.296875s system = 3.687500s CPU (175.1%)

PHY-1001 : Current memory(MB): used = 542, reserve = 516, peak = 542.
PHY-1001 : End phase 2; 2.105683s wall, 2.390625s user + 1.296875s system = 3.687500s CPU (175.1%)

PHY-1001 : ===== Detail Route Phase 3 =====
PHY-1001 : Ripup-reroute.....
PHY-1001 : ===== DR Iter 1 =====
PHY-1022 : len = 343904, over cnt = 33(0%), over = 33, worst = 1, crit = 0
PHY-1001 : End DR Iter 1; 0.040292s wall, 0.078125s user + 0.015625s system = 0.093750s CPU (232.7%)

PHY-1001 : ===== DR Iter 2 =====
PHY-1022 : len = 344000, over cnt = 5(0%), over = 5, worst = 1, crit = 0
PHY-1001 : End DR Iter 2; 0.033540s wall, 0.031250s user + 0.000000s system = 0.031250s CPU (93.2%)

PHY-1001 : ===== DR Iter 3 =====
PHY-1022 : len = 344080, over cnt = 0(0%), over = 0, worst = 0, crit = 0
PHY-1001 : End DR Iter 3; 0.025334s wall, 0.015625s user + 0.000000s system = 0.015625s CPU (61.7%)

PHY-1001 : Commit to database.....
PHY-1001 : 11 feed throughs used by 11 nets
PHY-1001 : End commit to database; 0.185836s wall, 0.187500s user + 0.000000s system = 0.187500s CPU (100.9%)

PHY-1001 : Current memory(MB): used = 559, reserve = 534, peak = 559.
PHY-1001 : End phase 3; 0.379269s wall, 0.421875s user + 0.015625s system = 0.437500s CPU (115.4%)

PHY-1003 : Routed, final wirelength = 344080
PHY-1001 : Current memory(MB): used = 560, reserve = 534, peak = 560.
PHY-1001 : End export database. 0.008964s wall, 0.015625s user + 0.000000s system = 0.015625s CPU (174.3%)

PHY-1001 : End detail routing;  8.654448s wall, 8.921875s user + 1.343750s system = 10.265625s CPU (118.6%)

RUN-1003 : finish command "route" in  9.256377s wall, 9.484375s user + 1.531250s system = 11.015625s CPU (119.0%)

RUN-1004 : used memory is 486 MB, reserved memory is 463 MB, peak memory is 560 MB
RUN-1002 : start command "report_area -io_info -file ES8388_phy.area"
RUN-1001 : standard
***Report Model: audio_speak Device: EG4S20BG256***

IO Statistics
#IO                        47
  #input                   19
  #output                  24
  #inout                    4

Utilization Statistics
#lut                     1770   out of  19600    9.03%
#reg                     1186   out of  19600    6.05%
#le                      2260
  #lut only              1074   out of   2260   47.52%
  #reg only               490   out of   2260   21.68%
  #lut&reg                696   out of   2260   30.80%
#dsp                        0   out of     29    0.00%
#bram                       0   out of     64    0.00%
  #bram9k                   0
  #fifo9k                   0
#bram32k                    0   out of     16    0.00%
#pad                       47   out of    188   25.00%
  #ireg                     8
  #oreg                    16
  #treg                     4
#pll                        4   out of      4  100.00%
#gclk                      11   out of     16   68.75%

Clock Resource Statistics
Index     ClockNet                                            Type               DriverType         Driver                                                               Fanout
#1        sys_clk_dup_1                                       GCLK               io                 sys_clk_syn_2.di                                                     365
#2        aud_bclk_1_dup_1                                    GCLK               io                 aud_bclk_1_syn_2.di                                                  45
#3        aud_bclk_3_dup_1                                    GCLK               io                 aud_bclk_3_syn_2.di                                                  45
#4        aud_bclk_dup_1                                      GCLK               io                 aud_bclk_syn_2.di                                                    45
#5        aud_bclk_2_dup_1                                    GCLK               io                 aud_bclk_2_syn_2.di                                                  44
#6        u1_es8388_ctrl/u_es8388_config/u_i2c_dri/dri_clk    GCLK               mslice             u1_es8388_ctrl/u_es8388_config/u_i2c_dri/cur_state[0]_syn_2961.q0    40
#7        u2_es8388_ctrl/u_es8388_config/u_i2c_dri/dri_clk    GCLK               lslice             u2_es8388_ctrl/u_es8388_config/u_i2c_dri/dri_clk_reg_syn_9.q1        40
#8        u3_es8388_ctrl/u_es8388_config/u_i2c_dri/dri_clk    GCLK               lslice             u3_es8388_ctrl/u_es8388_config/u_i2c_dri/dri_clk_reg_syn_9.q1        38
#9        aud_mclk_1_dup_1                                    GCLK               pll                u1_pll_clk/pll_inst.clkc1                                            0
#10       aud_mclk_2_dup_1                                    GCLK               pll                u2_pll_clk/pll_inst.clkc1                                            0
#11       aud_mclk_3_dup_1                                    GCLK               pll                u3_pll_clk/pll_inst.clkc1                                            0
#12       aud_mclk_dup_1                                      GCLK               pll                u_pll_clk/pll_inst.clkc1                                             0
#13       u1_pll_clk/clk0_buf                                 GCLK               pll                u1_pll_clk/pll_inst.clkc0                                            0
#14       u2_pll_clk/clk0_buf                                 GCLK               pll                u2_pll_clk/pll_inst.clkc0                                            0
#15       u3_pll_clk/clk0_buf                                 GCLK               pll                u3_pll_clk/pll_inst.clkc0                                            0
#16       u_pll_clk/clk0_buf                                  GCLK               pll                u_pll_clk/pll_inst.clkc0                                             0


Detailed IO Report

      Name        Direction    Location    IOStandard    DriveStrength    PullType     PackReg   
   aud_adcdat       INPUT        R14        LVCMOS25          N/A          PULLUP       IREG     
  aud_adcdat_1      INPUT        G16        LVCMOS25          N/A          PULLUP       IREG     
  aud_adcdat_2      INPUT         E7        LVCMOS25          N/A          PULLUP       IREG     
  aud_adcdat_3      INPUT         L4        LVCMOS25          N/A          PULLUP       IREG     
    aud_bclk        INPUT         M6        LVCMOS25          N/A          PULLUP       NONE     
   aud_bclk_1       INPUT        G14        LVCMOS25          N/A          PULLUP       NONE     
   aud_bclk_2       INPUT         D5        LVCMOS25          N/A          PULLUP       NONE     
   aud_bclk_3       INPUT         H5        LVCMOS25          N/A          PULLUP       NONE     
    aud_lrc         INPUT         M7        LVCMOS25          N/A          PULLUP       IREG     
   aud_lrc_1        INPUT        H16        LVCMOS25          N/A          PULLUP       IREG     
   aud_lrc_2        INPUT         C6        LVCMOS25          N/A          PULLUP       IREG     
   aud_lrc_3        INPUT         K6        LVCMOS25          N/A          PULLUP       IREG     
    sys_clk         INPUT         R7        LVCMOS25          N/A          PULLUP       NONE     
   sys_rst_n        INPUT         E3        LVCMOS25          N/A          PULLUP       NONE     
  sys_rst_n_1       INPUT        F12        LVCMOS25          N/A           N/A         NONE     
  sys_rst_n_2       INPUT         A3        LVCMOS25          N/A           N/A         NONE     
  sys_rst_n_3       INPUT        P15        LVCMOS25          N/A           N/A         NONE     
   volume[1]        INPUT        B10        LVCMOS25          N/A          PULLUP       NONE     
   volume[0]        INPUT        A10        LVCMOS25          N/A          PULLUP       NONE     
   aud_dacdat      OUTPUT         P6        LVCMOS25           8            NONE        OREG     
  aud_dacdat_1     OUTPUT        H14        LVCMOS25           8            NONE        OREG     
  aud_dacdat_2     OUTPUT         E6        LVCMOS25           8            NONE        OREG     
  aud_dacdat_3     OUTPUT         K3        LVCMOS25           8            NONE        OREG     
    aud_mclk       OUTPUT         N5        LVCMOS25           8            NONE        NONE     
   aud_mclk_1      OUTPUT        F14        LVCMOS25           8            NONE        NONE     
   aud_mclk_2      OUTPUT         F6        LVCMOS25           8            NONE        NONE     
   aud_mclk_3      OUTPUT         H4        LVCMOS25           8            NONE        NONE     
    aud_scl        OUTPUT        R12        LVCMOS25           8            NONE        OREG     
   aud_scl_1       OUTPUT        D14        LVCMOS25           8            NONE        OREG     
   aud_scl_2       OUTPUT         A2        LVCMOS25           8            NONE        OREG     
   aud_scl_3       OUTPUT         G3        LVCMOS25           8            NONE        OREG     
     ilaclk        OUTPUT         M9        LVCMOS25           8            NONE        NONE     
    ilaclk_1       OUTPUT        L16        LVCMOS25           8            NONE        NONE     
    ilaclk_2       OUTPUT         D3        LVCMOS25           8            NONE        NONE     
    ilaclk_3       OUTPUT        K15        LVCMOS25           8            NONE        NONE     
      led          OUTPUT        B14        LVCMOS25           8            NONE        NONE     
     led_1         OUTPUT        P14        LVCMOS25           8            NONE        NONE     
     led_2         OUTPUT        B15        LVCMOS25           8            NONE        NONE     
     led_3         OUTPUT        B16        LVCMOS25           8            NONE        NONE     
    led_four       OUTPUT        C16        LVCMOS25           8            NONE        OREG     
    led_one        OUTPUT        F16        LVCMOS25           8            NONE        OREG     
    led_tree       OUTPUT        E13        LVCMOS25           8            NONE        OREG     
    led_two        OUTPUT        E16        LVCMOS25           8            NONE        OREG     
    aud_sda         INOUT         R9        LVCMOS25           8           PULLUP     OREG;TREG  
   aud_sda_1        INOUT        E15        LVCMOS25           8           PULLUP     OREG;TREG  
   aud_sda_2        INOUT         C3        LVCMOS25           8           PULLUP     OREG;TREG  
   aud_sda_3        INOUT         F3        LVCMOS25           8           PULLUP     OREG;TREG  

Report Hierarchy Area:
+--------------------------------------------------------------------------------------------------------+
|Instance                   |Module                 |le     |lut     |ripple  |seq     |bram    |dsp     |
+--------------------------------------------------------------------------------------------------------+
|top                        |audio_speak            |2260   |1342    |428     |1214    |0       |0       |
|  u1_es8388_ctrl           |es8388_ctrl            |279    |232     |29      |143     |0       |0       |
|    u_audio_receive        |audio_receive          |80     |50      |12      |53      |0       |0       |
|    u_audio_send           |audio_send             |23     |23      |0       |22      |0       |0       |
|    u_es8388_config        |es8388_config          |176    |159     |17      |68      |0       |0       |
|      u_i2c_dri            |i2c_dri                |114    |107     |7       |41      |0       |0       |
|      u_i2c_reg_cfg        |i2c_reg_cfg            |62     |52      |10      |27      |0       |0       |
|  u1_pll_clk               |clk_wiz_0              |1      |1       |0       |0       |0       |0       |
|  u2_es8388_ctrl           |es8388_ctrl            |284    |233     |29      |143     |0       |0       |
|    u_audio_receive        |audio_receive          |80     |48      |12      |52      |0       |0       |
|    u_audio_send           |audio_send             |25     |25      |0       |23      |0       |0       |
|    u_es8388_config        |es8388_config          |179    |160     |17      |68      |0       |0       |
|      u_i2c_dri            |i2c_dri                |117    |108     |7       |41      |0       |0       |
|      u_i2c_reg_cfg        |i2c_reg_cfg            |62     |52      |10      |27      |0       |0       |
|  u2_pll_clk               |clk_wiz_0              |1      |1       |0       |0       |0       |0       |
|  u3_es8388_ctrl           |es8388_ctrl            |270    |210     |29      |149     |0       |0       |
|    u_audio_receive        |audio_receive          |78     |49      |12      |58      |0       |0       |
|    u_audio_send           |audio_send             |22     |10      |0       |22      |0       |0       |
|    u_es8388_config        |es8388_config          |170    |151     |17      |69      |0       |0       |
|      u_i2c_dri            |i2c_dri                |111    |102     |7       |42      |0       |0       |
|      u_i2c_reg_cfg        |i2c_reg_cfg            |59     |49      |10      |27      |0       |0       |
|  u3_pll_clk               |clk_wiz_0              |1      |1       |0       |0       |0       |0       |
|  u_es8388_ctrl            |es8388_ctrl            |332    |255     |57      |150     |0       |0       |
|    u_audio_receive        |audio_receive          |80     |51      |12      |53      |0       |0       |
|    u_audio_send           |audio_send             |78     |47      |28      |30      |0       |0       |
|    u_es8388_config        |es8388_config          |174    |157     |17      |67      |0       |0       |
|      u_i2c_dri            |i2c_dri                |112    |105     |7       |40      |0       |0       |
|      u_i2c_reg_cfg        |i2c_reg_cfg            |62     |52      |10      |27      |0       |0       |
|  u_pll_clk                |clk_wiz_0              |1      |1       |0       |0       |0       |0       |
|  u_spar_4mic_localization |spar_4mic_localization |1051   |388     |264     |569     |0       |0       |
+--------------------------------------------------------------------------------------------------------+


DataNet Average Fanout:

   Index     Fanout     Nets  
    #1          1       1680  
    #2          2       310   
    #3          3       278   
    #4          4       200   
    #5        5-10      116   
    #6        11-50      88   
    #7       51-100      8    
    #8       101-500     1    
  Average     2.56            

RUN-1002 : start command "export_db ES8388_pr.db"
RUN-1001 : Exported /
RUN-1001 : Exported flow parameters
RUN-1001 : Exported libs
RUN-1001 : Exported entities
RUN-1001 : Exported ports
RUN-1001 : Exported pins
RUN-1001 : Exported instances
RUN-1001 : Exported nets
RUN-1001 : Exported buses
RUN-1001 : Exported models
RUN-1001 : Exported congestions
RUN-1001 : Exported violations
RUN-1001 : Exported IO constraints
RUN-1001 : Exported Inst constraints
RUN-1002 : start command "export_bid ES8388_inst.bid"
RUN-1002 : start command "bitgen -bit ES8388.bit -unused_io_status pulldown"
BIT-1003 : Start to generate bitstream. 
BIT-1002 : Bitgen processed 141 unused pads, reserve input tri_state with pulldown
BIT-1002 : Init instances with 16 threads.
BIT-1002 : Init instances completely, inst num: 1375
BIT-1002 : Init pips with 16 threads.
BIT-1002 : Init pips completely, net num: 2747, pip num: 24213
BIT-1002 : Init feedthrough with 16 threads.
BIT-1002 : Init feedthrough completely, num: 11
BIT-1003 : Multithreading accelaration with 16 threads.
BIT-1003 : Generate bitstream completely, there are 2215 valid insts, and 69599 bits set as '1'.
BIT-1004 : PLL setting string = 1111
BIT-1004 : Generate bits file ES8388.bit.
RUN-1003 : finish command "bitgen -bit ES8388.bit -unused_io_status pulldown" in  1.971186s wall, 20.015625s user + 1.390625s system = 21.406250s CPU (1086.0%)

RUN-1004 : used memory is 486 MB, reserved memory is 469 MB, peak memory is 686 MB
RUN-1002 : start command "backup_run_log run.log ../.logs/phy_1/td_20251025_135551.log"
