============================================================
   Tang Dynasty, V5.6.71036
      Copyright (c) 2012-2023 Anlogic Inc.
   Executable = D:/TD/bin/td.exe
   Built at =   20:34:38 Mar 21 2023
   Run by =     lyw15
   Run Date =   Mon Oct 20 16:57:57 2025

   Run on =     -001
============================================================
RUN-1002 : start command "open_project ES8388.prj"
RUN-1001 : Print Global Property
RUN-1001 : ---------------------------------------------------------------
RUN-1001 :        Parameters        |  Settings  |  Default Values  |  Note  
RUN-1001 : ---------------------------------------------------------------
RUN-1001 :          message         |  standard  |     standard     |        
RUN-1001 :   mixed_pack_place_flow  |     on     |        on        |        
RUN-1001 :        qor_monitor       |    off     |       off        |        
RUN-1001 :        syn_ip_flow       |    off     |       off        |        
RUN-1001 :          thread          |    auto    |       auto       |        
RUN-1001 : ---------------------------------------------------------------
RUN-1001 : Print Design Property
RUN-1001 : --------------------------------------------------------------
RUN-1001 :        Parameters       |  Settings  |  Default Values  |  Note  
RUN-1001 : --------------------------------------------------------------
RUN-1001 :   default_reg_initial   |    auto    |       auto       |        
RUN-1001 :        infer_add        |     on     |        on        |        
RUN-1001 :        infer_fsm        |    off     |       off        |        
RUN-1001 :        infer_mult       |     on     |        on        |        
RUN-1001 :        infer_ram        |     on     |        on        |        
RUN-1001 :        infer_reg        |     on     |        on        |        
RUN-1001 :   infer_reg_init_value  |     on     |        on        |        
RUN-1001 :        infer_rom        |     on     |        on        |        
RUN-1001 :      infer_shifter      |     on     |        on        |        
RUN-1001 : --------------------------------------------------------------
RUN-1001 : Print Rtl Property
RUN-1001 : --------------------------------------------------------------
RUN-1001 :        Parameters       |  Settings  |  Default Values  |  Note  
RUN-1001 : --------------------------------------------------------------
RUN-1001 :       compress_add      |   ripple   |      ripple      |        
RUN-1001 :        elf_sload        |    off     |       off        |        
RUN-1001 :       fix_undriven      |     0      |        0         |        
RUN-1001 :         flatten         |    off     |       off        |        
RUN-1001 :       gate_sharing      |     on     |        on        |        
RUN-1001 :    hdl_warning_level    |   normal   |      normal      |        
RUN-1001 :   impl_internal_tribuf  |     on     |        on        |        
RUN-1001 :      impl_set_reset     |     on     |        on        |        
RUN-1001 :        infer_gsr        |    off     |       off        |        
RUN-1001 :      keep_hierarchy     |    auto    |       auto       |        
RUN-1001 :        max_fanout       |    9999    |       9999       |        
RUN-1001 :      max_oh2bin_len     |     10     |        10        |        
RUN-1001 :       merge_equal       |     on     |        on        |        
RUN-1001 :       merge_equiv       |     on     |        on        |        
RUN-1001 :        merge_mux        |    off     |       off        |        
RUN-1001 :     min_control_set     |     8      |        8         |        
RUN-1001 :      min_ripple_len     |    auto    |       auto       |        
RUN-1001 :       oh2bin_ratio      |    0.08    |       0.08       |        
RUN-1001 :     opt_adder_fanout    |     on     |        on        |        
RUN-1001 :        opt_arith        |     on     |        on        |        
RUN-1001 :       opt_big_gate      |    off     |       off        |        
RUN-1001 :        opt_const        |     on     |        on        |        
RUN-1001 :      opt_const_mult     |     on     |        on        |        
RUN-1001 :       opt_lessthan      |     on     |        on        |        
RUN-1001 :         opt_mux         |    off     |       off        |        
RUN-1001 :         opt_ram         |    high    |       high       |        
RUN-1001 :      rtl_sim_model      |    off     |       off        |        
RUN-1001 :         seq_syn         |     on     |        on        |        
RUN-1001 : --------------------------------------------------------------
HDL-1007 : analyze verilog file ../../al_ip/clk_wiz_0.v
HDL-1007 : undeclared symbol 'open', assumed default net type 'wire' in ../../al_ip/clk_wiz_0.v(80)
HDL-1007 : analyze verilog file ../../../RTL/audio_receive.v
HDL-1007 : analyze verilog file ../../../RTL/audio_send.v
HDL-1007 : analyze verilog file ../../../RTL/audio_speak.v
HDL-1007 : analyze verilog file ../../../RTL/es8388_config.v
HDL-1007 : analyze verilog file ../../../RTL/es8388_ctrl.v
HDL-1007 : analyze verilog file ../../../RTL/i2c_dri.v
HDL-1007 : analyze verilog file ../../../RTL/i2c_reg_cfg.v
HDL-1007 : analyze verilog file ../../al_ip/i2s_tx.v
RUN-1001 : Project manager successfully analyzed 9 source files.
RUN-1002 : start command "import_device eagle_s20.db -package EG4S20BG256"
ARC-1001 : Device Initialization.
ARC-1001 : ------------------------------------------------------------------
ARC-1001 :            OPTION            |          IO          |   SETTING   
ARC-1001 : ------------------------------------------------------------------
ARC-1001 :   cso_b/cclk/mosi/miso/dout  |  T3/R11/T10/P10/S11  |    gpio    
ARC-1001 :             done             |         P13          |    gpio    
ARC-1001 :           program_b          |          T2          |  dedicate  
ARC-1001 :        tdi/tms/tck/tdo       |   C12/A15/C14/E14    |  dedicate  
ARC-1001 : ------------------------------------------------------------------
ARC-1004 : Device setting, marked 5 dedicate IOs in total.
RUN-1002 : start command "import_db ../syn_1/ES8388_gate.db"
RUN-1001 : Importing database generated by Tang Dynasty, V5.6.71036.
RUN-1001 : Database version number 46146.
RUN-1001 : Import flow parameters
RUN-1001 : Import IO constraints
RUN-1001 : Import Inst constraints
RUN-1001 : Import design success TD_VERSION=5.6.71036 , DB_VERSION=46146
RUN-1002 : start command "place"
RUN-1001 : Open license file D:/TD/license/Anlogic.lic
RUN-1001 : Print Global Property
RUN-1001 : ---------------------------------------------------------------
RUN-1001 :        Parameters        |  Settings  |  Default Values  |  Note  
RUN-1001 : ---------------------------------------------------------------
RUN-1001 :          message         |  standard  |     standard     |        
RUN-1001 :   mixed_pack_place_flow  |     on     |        on        |        
RUN-1001 :        qor_monitor       |    off     |       off        |        
RUN-1001 :        syn_ip_flow       |    off     |       off        |        
RUN-1001 :          thread          |    auto    |       auto       |        
RUN-1001 : ---------------------------------------------------------------
RUN-1001 : Print Place Property
RUN-1001 : --------------------------------------------------------------
RUN-1001 :        Parameters       |  Settings  |  Default Values  |  Note  
RUN-1001 : --------------------------------------------------------------
RUN-1001 :      detailed_place     |     on     |        on        |        
RUN-1001 :          effort         |   medium   |      medium      |        
RUN-1001 :         fix_hold        |    off     |       off        |        
RUN-1001 :       legalization      |    ori     |       ori        |        
RUN-1001 :      new_spreading      |     on     |        on        |        
RUN-1001 :        opt_timing       |   medium   |      medium      |        
RUN-1001 :   post_clock_route_opt  |    off     |       off        |        
RUN-1001 :       pr_strategy       |     1      |        1         |        
RUN-1001 :        relaxation       |    1.00    |       1.00       |        
RUN-1001 :         retiming        |    off     |       off        |        
RUN-1001 : --------------------------------------------------------------
PHY-3001 : Placer runs in 24 thread(s).
RUN-1002 : start command "legalize_phy_inst"
SYN-1011 : Flatten model audio_speak
RUN-1002 : start command "phys_opt -simplify_lut"
SYN-4016 : Net ilaclk_1_dup_1 driven by BUFG (0 clock/control pins, 2 other pins).
SYN-4016 : Net ilaclk_2_dup_1 driven by BUFG (0 clock/control pins, 2 other pins).
SYN-4016 : Net ilaclk_dup_1 driven by BUFG (0 clock/control pins, 2 other pins).
SYN-4027 : Net aud_mclk_1_dup_1 is clkc1 of pll u1_pll_clk/pll_inst.
SYN-4019 : Net sys_clk_dup_1 is refclk of pll u1_pll_clk/pll_inst.
SYN-4020 : Net sys_clk_dup_1 is fbclk of pll u1_pll_clk/pll_inst.
SYN-4027 : Net aud_mclk_2_dup_1 is clkc1 of pll u2_pll_clk/pll_inst.
SYN-4019 : Net sys_clk_dup_1 is refclk of pll u2_pll_clk/pll_inst.
SYN-4020 : Net sys_clk_dup_1 is fbclk of pll u2_pll_clk/pll_inst.
SYN-4027 : Net aud_mclk_dup_1 is clkc1 of pll u_pll_clk/pll_inst.
SYN-4019 : Net sys_clk_dup_1 is refclk of pll u_pll_clk/pll_inst.
SYN-4020 : Net sys_clk_dup_1 is fbclk of pll u_pll_clk/pll_inst.
SYN-4024 : Net "aud_bclk_dup_1" drives clk pins.
SYN-4024 : Net "aud_bclk_1_dup_1" drives clk pins.
SYN-4024 : Net "aud_bclk_2_dup_1" drives clk pins.
SYN-4024 : Net "I2S_BCLK_dup_3" drives clk pins.
SYN-4024 : Net "u1_es8388_ctrl/u_es8388_config/u_i2c_dri/dri_clk" drives clk pins.
SYN-4024 : Net "u2_es8388_ctrl/u_es8388_config/u_i2c_dri/dri_clk" drives clk pins.
SYN-4024 : Net "u_es8388_ctrl/u_es8388_config/u_i2c_dri/dri_clk" drives clk pins.
SYN-4025 : Tag rtl::Net I2S_BCLK_dup_3 as clock net
SYN-4025 : Tag rtl::Net aud_bclk_1_dup_1 as clock net
SYN-4025 : Tag rtl::Net aud_bclk_2_dup_1 as clock net
SYN-4025 : Tag rtl::Net aud_bclk_dup_1 as clock net
SYN-4025 : Tag rtl::Net aud_mclk_1_dup_1 as clock net
SYN-4025 : Tag rtl::Net aud_mclk_2_dup_1 as clock net
SYN-4025 : Tag rtl::Net aud_mclk_dup_1 as clock net
SYN-4025 : Tag rtl::Net ilaclk_1_dup_1 as clock net
SYN-4025 : Tag rtl::Net ilaclk_2_dup_1 as clock net
SYN-4025 : Tag rtl::Net ilaclk_dup_1 as clock net
SYN-4025 : Tag rtl::Net sys_clk_dup_1 as clock net
SYN-4025 : Tag rtl::Net u1_es8388_ctrl/u_es8388_config/u_i2c_dri/dri_clk as clock net
SYN-4025 : Tag rtl::Net u2_es8388_ctrl/u_es8388_config/u_i2c_dri/dri_clk as clock net
SYN-4025 : Tag rtl::Net u_es8388_ctrl/u_es8388_config/u_i2c_dri/dri_clk as clock net
SYN-4026 : Tagged 14 rtl::Net as clock net
SYN-4015 : Create BUFG instance for clk Net aud_bclk_1_dup_1 to drive 80 clock pins.
SYN-4015 : Create BUFG instance for clk Net aud_bclk_dup_1 to drive 80 clock pins.
SYN-4015 : Create BUFG instance for clk Net I2S_BCLK_dup_3 to drive 62 clock pins.
SYN-4015 : Create BUFG instance for clk Net u1_es8388_ctrl/u_es8388_config/u_i2c_dri/dri_clk to drive 59 clock pins.
SYN-4015 : Create BUFG instance for clk Net u2_es8388_ctrl/u_es8388_config/u_i2c_dri/dri_clk to drive 59 clock pins.
SYN-4015 : Create BUFG instance for clk Net u_es8388_ctrl/u_es8388_config/u_i2c_dri/dri_clk to drive 59 clock pins.
PHY-1001 : Populate physical database on model audio_speak.
RUN-1001 : There are total 1363 instances
RUN-0007 : 662 luts, 547 seqs, 63 mslices, 37 lslices, 39 pads, 0 brams, 0 dsps
RUN-1001 : There are total 1520 nets
RUN-1001 : 987 nets have 2 pins
RUN-1001 : 369 nets have [3 - 5] pins
RUN-1001 : 66 nets have [6 - 10] pins
RUN-1001 : 62 nets have [11 - 20] pins
RUN-1001 : 32 nets have [21 - 99] pins
RUN-1001 : 4 nets have 100+ pins
RUN-1001 : Report Control nets information:
RUN-1001 : DFF Distribution
RUN-1001 : ----------------------------------
RUN-1001 :   CE   |  SSR  |  ASR  |  DFF Count  
RUN-1001 : ----------------------------------
RUN-1001 :   No   |  No   |  No   |      0      
RUN-1001 :   No   |  No   |  Yes  |     271     
RUN-1001 :   No   |  Yes  |  No   |      0      
RUN-1001 :   Yes  |  No   |  No   |      0      
RUN-1001 :   Yes  |  No   |  Yes  |     252     
RUN-1001 :   Yes  |  Yes  |  No   |     24      
RUN-1001 : ----------------------------------
RUN-0007 : Control Group Statistic
RUN-0007 : ---------------------------
RUN-0007 :   #CLK  |  #CE  |  #SSR/ASR  
RUN-0007 : ---------------------------
RUN-0007 :    8    |  18   |     7      
RUN-0007 : ---------------------------
RUN-0007 : Control Set = 28
PHY-3001 : Initial placement ...
PHY-3001 : design contains 1361 instances, 662 luts, 547 seqs, 100 slices, 28 macros(100 instances: 63 mslices 37 lslices)
PHY-0007 : Cell area utilization is 4%
PHY-3001 : Global placement ...
PHY-3001 : Initial: Len = 315142
PHY-3001 : Clustering ...
PHY-3001 : Level 0 #clusters 1361.
PHY-3001 : End clustering;  0.000037s wall, 0.000000s user + 0.000000s system = 0.000000s CPU (n/a%)

PHY-3001 : Run with size of 4
PHY-3001 : Cell area utilization is 4%
PHY-3001 : :::0::: Try harder cell spreading with beta_ = 0
PHY-3002 : Step(1): len = 179884, overlap = 0
PHY-3002 : Step(2): len = 121591, overlap = 0
PHY-3002 : Step(3): len = 82937.4, overlap = 0
PHY-3002 : Step(4): len = 62795.1, overlap = 0
PHY-3002 : Step(5): len = 53660.5, overlap = 0
PHY-3002 : Step(6): len = 50325.9, overlap = 0
PHY-3002 : Step(7): len = 43739.9, overlap = 0
PHY-3002 : Step(8): len = 40542.3, overlap = 0
PHY-3002 : Step(9): len = 37167.7, overlap = 0
PHY-3002 : Step(10): len = 34030.1, overlap = 0
PHY-3002 : Step(11): len = 33475.9, overlap = 0
PHY-3002 : Step(12): len = 32223.1, overlap = 0
PHY-3002 : Step(13): len = 30269.7, overlap = 0
PHY-3002 : Step(14): len = 29854.4, overlap = 0
PHY-3002 : Step(15): len = 27521.2, overlap = 0.5
PHY-3002 : Step(16): len = 24906, overlap = 1.1875
PHY-3002 : Step(17): len = 25312.8, overlap = 1.375
PHY-3002 : Step(18): len = 23297.2, overlap = 1.9375
PHY-3002 : Step(19): len = 22477.6, overlap = 1.15625
PHY-3002 : Step(20): len = 21180.3, overlap = 0.75
PHY-3002 : Step(21): len = 21442.1, overlap = 1.15625
PHY-3002 : Step(22): len = 21160.2, overlap = 1.8125
PHY-3002 : Step(23): len = 19918.7, overlap = 1.09375
PHY-3002 : Step(24): len = 20121, overlap = 0.1875
PHY-3002 : Step(25): len = 20121, overlap = 0.1875
PHY-3001 : Legalization ...
PHY-3001 : End legalization;  0.002379s wall, 0.000000s user + 0.015625s system = 0.015625s CPU (656.8%)

PHY-3001 : Run with size of 4
PHY-3001 : Cell area utilization is 5%
PHY-3001 : :::0::: Try harder cell spreading with beta_ = 0
PHY-3002 : Step(26): len = 18136.7, overlap = 14.25
PHY-3002 : Step(27): len = 18239.5, overlap = 14.7188
PHY-3002 : Step(28): len = 18239.5, overlap = 14.7188
PHY-3002 : Step(29): len = 17259.9, overlap = 14.875
PHY-3002 : Step(30): len = 17309.7, overlap = 14.3438
PHY-3002 : Step(31): len = 17452.4, overlap = 14.25
PHY-3001 : Run with size of 2
PHY-3001 : Cell area utilization is 5%
PHY-3001 : :::0::: Try harder cell spreading with beta_ = 2.71537e-05
PHY-3002 : Step(32): len = 18237.8, overlap = 56.3438
PHY-3002 : Step(33): len = 18237.8, overlap = 56.3438
PHY-3002 : Step(34): len = 17909.3, overlap = 55.1875
PHY-3002 : Step(35): len = 18096.6, overlap = 53.75
PHY-3002 : Step(36): len = 18941, overlap = 54.8125
PHY-3001 : :::1::: Try harder cell spreading with beta_ = 5.43075e-05
PHY-3002 : Step(37): len = 18688.4, overlap = 54.5938
PHY-3002 : Step(38): len = 18840.4, overlap = 54.2188
PHY-3002 : Step(39): len = 20212.4, overlap = 48.5
PHY-3001 : :::2::: Try harder cell spreading with beta_ = 0.000108615
PHY-3002 : Step(40): len = 19518.7, overlap = 45.4375
PHY-3002 : Step(41): len = 19728, overlap = 43.5312
PHY-3002 : Step(42): len = 20795.4, overlap = 38.6875
PHY-3001 : :::3::: Try harder cell spreading with beta_ = 0.00021723
PHY-3002 : Step(43): len = 20785.4, overlap = 31.8125
PHY-3002 : Step(44): len = 21357.7, overlap = 31.7812
PHY-3002 : Step(45): len = 22129.1, overlap = 30.75
PHY-3001 : :::4::: Try harder cell spreading with beta_ = 0.00043446
PHY-3002 : Step(46): len = 21386.7, overlap = 27.8125
PHY-3002 : Step(47): len = 21564.7, overlap = 28
PHY-3002 : Step(48): len = 21343.6, overlap = 27.625
PHY-3002 : Step(49): len = 21343.6, overlap = 27.625
PHY-3002 : Step(50): len = 20694.4, overlap = 27.9062
OPT-1001 : Start physical optimization ...
OPT-1001 : Total overflow 64.69 peak overflow 5.12
OPT-1001 : Start high-fanout net optimization ...
OPT-1001 : Update timing in global mode
PHY-1001 : Start incremental global routing, caller is place ...
RUN-1001 : Generating global routing grids ...
RUN-1001 : Building simple global routing graph ...
PHY-1001 : Generate routing nets ...
PHY-1001 : Reuse net number 0/1520.
PHY-1001 : Global iterations in 24 thread ...
PHY-1002 : len = 22760, over cnt = 102(0%), over = 440, worst = 15
PHY-1001 : End global iterations;  0.029804s wall, 0.046875s user + 0.015625s system = 0.062500s CPU (209.7%)

PHY-1001 : Congestion index: top1 = 27.72, top5 = 12.72, top10 = 7.53, top15 = 5.45.
PHY-1001 : End incremental global routing;  0.064096s wall, 0.078125s user + 0.015625s system = 0.093750s CPU (146.3%)

RUN-1002 : start command "start_timer -report"
TMR-5001 WARNING: No sdc constraints found while initiating timer.
TMR-2505 : Start building timing graph for model audio_speak.
TMR-2506 : Build timing graph completely. Port num: 36, tpin num: 6232, tnet num: 1518, tinst num: 1361, tnode num: 8219, tedge num: 9799.
TMR-2508 : Levelizing timing graph completed, there are 17 levels in total.
TMR-2501 : Timing graph initialized successfully.
OPT-1001 : End timing update;  0.174595s wall, 0.171875s user + 0.000000s system = 0.171875s CPU (98.4%)

OPT-1001 : 0 high-fanout net processed.
OPT-1001 : End high-fanout net optimization;  0.252823s wall, 0.265625s user + 0.015625s system = 0.281250s CPU (111.2%)

OPT-1001 : Current memory(MB): used = 176, reserve = 145, peak = 176.
OPT-1001 : End physical optimization;  0.260499s wall, 0.265625s user + 0.015625s system = 0.281250s CPU (108.0%)

PHY-3001 : Start packing ...
SYN-4007 : Packing 0 MUX to BLE ...
SYN-4008 : Packed 0 MUX and 0 SEQ to BLE.
SYN-4007 : Packing 662 LUT to BLE ...
SYN-4008 : Packed 662 LUT and 310 SEQ to BLE.
SYN-4003 : Packing 237 remaining SEQ's ...
SYN-4005 : Packed 143 SEQ with LUT/SLICE
SYN-4006 : 243 single LUT's are left
SYN-4006 : 94 single SEQ's are left
SYN-4011 : Packing model "audio_speak" (AL_USER_NORMAL) with 756/910 primitive instances ...
PHY-3001 : End packing;  0.030975s wall, 0.031250s user + 0.000000s system = 0.031250s CPU (100.9%)

PHY-1001 : Populate physical database on model audio_speak.
RUN-1001 : There are total 573 instances
RUN-1001 : 259 mslices, 260 lslices, 39 pads, 0 brams, 0 dsps
RUN-1001 : There are total 1219 nets
RUN-1001 : 668 nets have 2 pins
RUN-1001 : 384 nets have [3 - 5] pins
RUN-1001 : 71 nets have [6 - 10] pins
RUN-1001 : 63 nets have [11 - 20] pins
RUN-1001 : 32 nets have [21 - 99] pins
RUN-1001 : 1 nets have 100+ pins
PHY-3001 : design contains 571 instances, 519 slices, 28 macros(100 instances: 63 mslices 37 lslices)
PHY-3001 : Cell area utilization is 6%
PHY-3001 : After packing: Len = 21160.4, Over = 40.75
PHY-3001 : Run with size of 2
PHY-3001 : Cell area utilization is 6%
PHY-3001 : :::0::: Try harder cell spreading with beta_ = 2.57593e-05
PHY-3002 : Step(51): len = 20270, overlap = 41.75
PHY-3002 : Step(52): len = 20315.7, overlap = 42.5
PHY-3002 : Step(53): len = 20301.5, overlap = 43.25
PHY-3001 : :::1::: Try harder cell spreading with beta_ = 5.15186e-05
PHY-3002 : Step(54): len = 20227.5, overlap = 40.25
PHY-3002 : Step(55): len = 20537.3, overlap = 39.25
PHY-3002 : Step(56): len = 20733.7, overlap = 38.75
PHY-3001 : :::2::: Try harder cell spreading with beta_ = 0.000103037
PHY-3002 : Step(57): len = 21064.4, overlap = 35.25
PHY-3002 : Step(58): len = 21244.8, overlap = 33.5
PHY-3002 : Step(59): len = 21463.6, overlap = 33.5
PHY-3001 : Legalization ...
PHY-3001 : End legalization;  0.119999s wall, 0.187500s user + 0.218750s system = 0.406250s CPU (338.5%)

PHY-3001 : Trial Legalized: Len = 36032.9
PHY-3001 : Run with size of 2
PHY-3001 : Cell area utilization is 6%
PHY-3001 : :::0::: Try harder cell spreading with beta_ = 0.00331944
PHY-3002 : Step(60): len = 31998.3, overlap = 4
PHY-3002 : Step(61): len = 31148.3, overlap = 5.75
PHY-3002 : Step(62): len = 29300.3, overlap = 8.25
PHY-3002 : Step(63): len = 27851.8, overlap = 10.75
PHY-3002 : Step(64): len = 25886.3, overlap = 15
PHY-3002 : Step(65): len = 25553.7, overlap = 15
PHY-3002 : Step(66): len = 24908.1, overlap = 16.5
PHY-3002 : Step(67): len = 24545.2, overlap = 17
PHY-3002 : Step(68): len = 24402.8, overlap = 18
PHY-3001 : :::1::: Try harder cell spreading with beta_ = 0.00663889
PHY-3002 : Step(69): len = 24403.3, overlap = 18.5
PHY-3002 : Step(70): len = 24135, overlap = 19.75
PHY-3001 : :::2::: Try harder cell spreading with beta_ = 0.0132778
PHY-3002 : Step(71): len = 24132.9, overlap = 19.5
PHY-3002 : Step(72): len = 23901, overlap = 18.75
PHY-3001 : Legalization ...
PHY-3001 : End legalization;  0.004012s wall, 0.000000s user + 0.000000s system = 0.000000s CPU (n/a%)

PHY-3001 : Legalized: Len = 29432.3, Over = 0
PHY-3001 : End spreading;  0.002633s wall, 0.000000s user + 0.000000s system = 0.000000s CPU (n/a%)

PHY-3001 : Final: Len = 29432.3, Over = 0
OPT-1001 : Start physical optimization ...
OPT-1001 : Total overflow 0.00 peak overflow 0.00
OPT-1001 : Start high-fanout net optimization ...
OPT-1001 : Update timing in global mode
PHY-1001 : Start incremental global routing, caller is place ...
RUN-1001 : Generating global routing grids ...
PHY-1001 : Generate routing nets ...
PHY-1001 : Reuse net number 60/1219.
PHY-1001 : Global iterations in 24 thread ...
PHY-1002 : len = 34456, over cnt = 121(0%), over = 187, worst = 5
PHY-1002 : len = 35336, over cnt = 57(0%), over = 79, worst = 4
PHY-1002 : len = 36168, over cnt = 8(0%), over = 10, worst = 3
PHY-1002 : len = 36312, over cnt = 1(0%), over = 1, worst = 1
PHY-1002 : len = 36328, over cnt = 0(0%), over = 0, worst = 0
PHY-1001 : End global iterations;  0.065940s wall, 0.078125s user + 0.000000s system = 0.078125s CPU (118.5%)

PHY-1001 : Congestion index: top1 = 23.86, top5 = 16.46, top10 = 11.37, top15 = 8.19.
PHY-1001 : End incremental global routing;  0.098975s wall, 0.109375s user + 0.000000s system = 0.109375s CPU (110.5%)

RUN-1002 : start command "start_timer -report"
TMR-5001 WARNING: No sdc constraints found while initiating timer.
TMR-2505 : Start building timing graph for model audio_speak.
TMR-2506 : Build timing graph completely. Port num: 36, tpin num: 5180, tnet num: 1217, tinst num: 571, tnode num: 6598, tedge num: 8572.
TMR-2508 : Levelizing timing graph completed, there are 17 levels in total.
TMR-2501 : Timing graph initialized successfully.
OPT-1001 : End timing update;  0.170428s wall, 0.171875s user + 0.000000s system = 0.171875s CPU (100.8%)

OPT-1001 : 0 high-fanout net processed.
OPT-1001 : End high-fanout net optimization;  0.284793s wall, 0.296875s user + 0.000000s system = 0.296875s CPU (104.2%)

OPT-1001 : Current memory(MB): used = 182, reserve = 150, peak = 182.
OPT-1001 : Update timing in Manhattan mode
OPT-1001 : End timing update;  0.001057s wall, 0.000000s user + 0.000000s system = 0.000000s CPU (n/a%)

OPT-1001 : Start pin optimization...
OPT-1001 : skip pin optimization...
RUN-1001 : Generating global routing grids ...
PHY-1001 : Generate routing nets ...
PHY-1001 : Reuse net number 966/1219.
PHY-1001 : Global iterations in 24 thread ...
PHY-1002 : len = 36328, over cnt = 0(0%), over = 0, worst = 0
PHY-1001 : End global iterations;  0.002605s wall, 0.000000s user + 0.000000s system = 0.000000s CPU (n/a%)

PHY-1001 : Congestion index: top1 = 23.86, top5 = 16.46, top10 = 11.37, top15 = 8.19.
OPT-1001 : Update timing in Manhattan mode
OPT-1001 : End timing update;  0.001406s wall, 0.000000s user + 0.000000s system = 0.000000s CPU (n/a%)

RUN-1001 : QoR Analysis:
OPT-0007 :   WNS 2147483647 TNS 0 NUM_FEPS 0
RUN-1001 :   No local congestion issue, and most congested 1% tile average routing util is 23.344828
RUN-1001 :   Top critical paths
OPT-1001 : End physical optimization;  0.329320s wall, 0.343750s user + 0.000000s system = 0.343750s CPU (104.4%)

RUN-1003 : finish command "place" in  2.487149s wall, 3.421875s user + 2.828125s system = 6.250000s CPU (251.3%)

RUN-1004 : used memory is 154 MB, reserved memory is 122 MB, peak memory is 183 MB
RUN-1002 : start command "export_db ES8388_place.db"
RUN-1001 : Exported /
RUN-1001 : Exported flow parameters
RUN-1001 : Exported libs
RUN-1001 : Exported entities
RUN-1001 : Exported ports
RUN-1001 : Exported pins
RUN-1001 : Exported instances
RUN-1001 : Exported nets
RUN-1001 : Exported buses
RUN-1001 : Exported models
RUN-1001 : Exported congestions
RUN-1001 : Exported violations
RUN-1001 : Exported IO constraints
RUN-1001 : Exported Inst constraints
RUN-1002 : start command "route"
RUN-1001 : Open license file D:/TD/license/Anlogic.lic
RUN-1001 : Print Global Property
RUN-1001 : ---------------------------------------------------------------
RUN-1001 :        Parameters        |  Settings  |  Default Values  |  Note  
RUN-1001 : ---------------------------------------------------------------
RUN-1001 :          message         |  standard  |     standard     |        
RUN-1001 :   mixed_pack_place_flow  |     on     |        on        |        
RUN-1001 :        qor_monitor       |    off     |       off        |        
RUN-1001 :        syn_ip_flow       |    off     |       off        |        
RUN-1001 :          thread          |    auto    |       auto       |        
RUN-1001 : ---------------------------------------------------------------
RUN-1001 : Print Route Property
RUN-1001 : -------------------------------------------------------
RUN-1001 :    Parameters    |  Settings  |  Default Values  |  Note  
RUN-1001 : -------------------------------------------------------
RUN-1001 :      effort      |   medium   |      medium      |        
RUN-1001 :     fix_hold     |    off     |       off        |        
RUN-1001 :    opt_timing    |   medium   |      medium      |        
RUN-1001 :   phy_sim_model  |    off     |       off        |        
RUN-1001 :     priority     |   timing   |      timing      |        
RUN-1001 :     swap_pin     |     on     |        on        |        
RUN-1001 : -------------------------------------------------------
PHY-1001 : Route runs in 24 thread(s)
RUN-1001 : There are total 573 instances
RUN-1001 : 259 mslices, 260 lslices, 39 pads, 0 brams, 0 dsps
RUN-1001 : There are total 1219 nets
RUN-1001 : 668 nets have 2 pins
RUN-1001 : 384 nets have [3 - 5] pins
RUN-1001 : 71 nets have [6 - 10] pins
RUN-1001 : 63 nets have [11 - 20] pins
RUN-1001 : 32 nets have [21 - 99] pins
RUN-1001 : 1 nets have 100+ pins
RUN-1002 : start command "start_timer -report"
TMR-5001 WARNING: No sdc constraints found while initiating timer.
TMR-2505 : Start building timing graph for model audio_speak.
TMR-2506 : Build timing graph completely. Port num: 36, tpin num: 5180, tnet num: 1217, tinst num: 571, tnode num: 6598, tedge num: 8572.
TMR-2508 : Levelizing timing graph completed, there are 17 levels in total.
TMR-2501 : Timing graph initialized successfully.
PHY-1001 : 259 mslices, 260 lslices, 39 pads, 0 brams, 0 dsps
TMR-2503 : Start to update net delay, extr mode = 3.
TMR-2504 : Update delay of 1217 nets completely.
TMR-2502 : Annotate delay completely, extr mode = 3.
TMR-3002 : No user constraint, initiate default constraint.
TMR-1501 : Assign derive clock DeriveClock to 678 clock pins, and constraint 1409 relative nodes.
TMR-3003 : Constraints initiated successfully.
TMR-3501 : Forward propagation: start to calculate arrival time...
TMR-3502 : Backward propagation: start to calculate required time...
TMR-3503 : Timing propagation completes.
PHY-1001 : Start global routing, caller is route ...
RUN-1001 : Generating global routing grids ...
PHY-1001 : Generate routing nets ...
PHY-1001 : Global iterations in 24 thread ...
PHY-1002 : len = 34032, over cnt = 120(0%), over = 181, worst = 5
PHY-1002 : len = 34752, over cnt = 62(0%), over = 83, worst = 4
PHY-1002 : len = 35296, over cnt = 34(0%), over = 43, worst = 3
PHY-1002 : len = 35856, over cnt = 0(0%), over = 0, worst = 0
PHY-1001 : End global iterations;  0.067746s wall, 0.046875s user + 0.031250s system = 0.078125s CPU (115.3%)

PHY-1001 : Congestion index: top1 = 23.66, top5 = 16.32, top10 = 11.25, top15 = 8.10.
PHY-1001 : End global routing;  0.101601s wall, 0.062500s user + 0.031250s system = 0.093750s CPU (92.3%)

PHY-1001 : Start detail routing ...
PHY-1001 : Current memory(MB): used = 220, reserve = 188, peak = 239.
PHY-1001 : Detailed router is running in normal mode.
PHY-1001 : Generate detailed routing grids ...
PHY-1001 : Processed IO instance I2S_DATA_syn_4 with INV attribute.
PHY-1001 : Processed IO instance aud_dacdat_syn_4 with INV attribute.
PHY-1001 : Processed IO instance aud_dacdat_1_syn_4 with INV attribute.
PHY-1001 : Processed IO instance aud_dacdat_2_syn_4 with INV attribute.
PHY-1001 : Generate nets ...
PHY-1001 : clock net I2S_BCLK_syn_6 will be merged with clock I2S_BCLK_dup_3
PHY-1001 : clock net aud_bclk_syn_4 will be merged with clock aud_bclk_dup_1
PHY-1001 : clock net aud_bclk_1_syn_4 will be merged with clock aud_bclk_1_dup_1
PHY-1001 : net aud_bclk_2_dup_1 will be routed on clock mesh
PHY-1001 : net aud_mclk_dup_1 will be routed on clock mesh
PHY-1001 : net aud_mclk_1_dup_1 will be routed on clock mesh
PHY-1001 : net aud_mclk_2_dup_1 will be routed on clock mesh
PHY-1001 : clock net ilaclk_dup_1 will be merged with clock u_pll_clk/clk0_buf
PHY-1001 : clock net ilaclk_1_dup_1 will be merged with clock u1_pll_clk/clk0_buf
PHY-1001 : clock net ilaclk_2_dup_1 will be merged with clock u2_pll_clk/clk0_buf
PHY-1001 : net sys_clk_dup_1 will be routed on clock mesh
PHY-1001 : clock net u_es8388_ctrl/u_es8388_config/u_i2c_dri/dri_clk_syn_4 will be merged with clock u_es8388_ctrl/u_es8388_config/u_i2c_dri/dri_clk
PHY-1001 : clock net u1_es8388_ctrl/u_es8388_config/u_i2c_dri/dri_clk_syn_4 will be merged with clock u1_es8388_ctrl/u_es8388_config/u_i2c_dri/dri_clk
PHY-1001 : clock net u2_es8388_ctrl/u_es8388_config/u_i2c_dri/dri_clk_syn_4 will be merged with clock u2_es8388_ctrl/u_es8388_config/u_i2c_dri/dri_clk
PHY-1001 : Current memory(MB): used = 483, reserve = 456, peak = 483.
PHY-1001 : End build detailed router design. 2.484243s wall, 2.437500s user + 0.031250s system = 2.468750s CPU (99.4%)

PHY-1001 : Detail Route ...
PHY-1001 : ===== Detail Route Phase 1 =====
PHY-1001 : Clock net routing.....
PHY-1001 : Routed 1% nets.
PHY-1022 : len = 34784, over cnt = 0(0%), over = 0, worst = 0, crit = 0
PHY-1001 : End initial clock net routed; 2.680907s wall, 2.562500s user + 0.015625s system = 2.578125s CPU (96.2%)

PHY-1001 : Current memory(MB): used = 515, reserve = 489, peak = 515.
PHY-1001 : End phase 1; 2.685582s wall, 2.578125s user + 0.015625s system = 2.593750s CPU (96.6%)

PHY-1001 : ===== Detail Route Phase 2 =====
PHY-1001 : Initial routing.....
PHY-1001 : Routed 40% nets.
PHY-1001 : Routed 46% nets.
PHY-1001 : Routed 56% nets.
PHY-1001 : Routed 69% nets.
PHY-1001 : Routed 89% nets.
PHY-1022 : len = 167888, over cnt = 56(0%), over = 56, worst = 1, crit = 0
PHY-1001 : Current memory(MB): used = 515, reserve = 489, peak = 516.
PHY-1001 : End initial routed; 0.611091s wall, 0.546875s user + 0.359375s system = 0.906250s CPU (148.3%)

PHY-1001 : Current memory(MB): used = 515, reserve = 489, peak = 516.
PHY-1001 : End phase 2; 0.611176s wall, 0.546875s user + 0.359375s system = 0.906250s CPU (148.3%)

PHY-1001 : ===== Detail Route Phase 3 =====
PHY-1001 : Ripup-reroute.....
PHY-1001 : ===== DR Iter 1 =====
PHY-1022 : len = 167784, over cnt = 14(0%), over = 14, worst = 1, crit = 0
PHY-1001 : End DR Iter 1; 0.028805s wall, 0.015625s user + 0.015625s system = 0.031250s CPU (108.5%)

PHY-1001 : ===== DR Iter 2 =====
PHY-1022 : len = 167856, over cnt = 2(0%), over = 2, worst = 1, crit = 0
PHY-1001 : End DR Iter 2; 0.020274s wall, 0.031250s user + 0.000000s system = 0.031250s CPU (154.1%)

PHY-1001 : ===== DR Iter 3 =====
PHY-1022 : len = 167840, over cnt = 0(0%), over = 0, worst = 0, crit = 0
PHY-1001 : End DR Iter 3; 0.013764s wall, 0.015625s user + 0.000000s system = 0.015625s CPU (113.5%)

PHY-1001 : Commit to database.....
PHY-1001 : 15 feed throughs used by 15 nets
PHY-1001 : End commit to database; 0.104995s wall, 0.109375s user + 0.000000s system = 0.109375s CPU (104.2%)

PHY-1001 : Current memory(MB): used = 529, reserve = 503, peak = 529.
PHY-1001 : End phase 3; 0.266136s wall, 0.265625s user + 0.015625s system = 0.281250s CPU (105.7%)

PHY-1003 : Routed, final wirelength = 167840
PHY-1001 : Current memory(MB): used = 529, reserve = 503, peak = 529.
PHY-1001 : End export database. 0.007751s wall, 0.000000s user + 0.000000s system = 0.000000s CPU (n/a%)

PHY-1001 : End detail routing;  6.212365s wall, 6.000000s user + 0.421875s system = 6.421875s CPU (103.4%)

RUN-1003 : finish command "route" in  6.544383s wall, 6.265625s user + 0.468750s system = 6.734375s CPU (102.9%)

RUN-1004 : used memory is 444 MB, reserved memory is 417 MB, peak memory is 529 MB
RUN-1002 : start command "report_area -io_info -file ES8388_phy.area"
RUN-1001 : standard
***Report Model: audio_speak Device: EG4S20BG256***

IO Statistics
#IO                        39
  #input                   15
  #output                  21
  #inout                    3

Utilization Statistics
#lut                      894   out of  19600    4.56%
#reg                      547   out of  19600    2.79%
#le                       988
  #lut only               441   out of    988   44.64%
  #reg only                94   out of    988    9.51%
  #lut&reg                453   out of    988   45.85%
#dsp                        0   out of     29    0.00%
#bram                       0   out of     64    0.00%
  #bram9k                   0
  #fifo9k                   0
#bram32k                    0   out of     16    0.00%
#pad                       39   out of    188   20.74%
  #ireg                     6
  #oreg                    11
  #treg                     3
#pll                        3   out of      4   75.00%
#gclk                       9   out of     16   56.25%

Clock Resource Statistics
Index     ClockNet                                            Type               DriverType         Driver                                                           Fanout
#1        sys_clk_dup_1                                       GCLK               io                 sys_clk_syn_2.di                                                 50
#2        aud_bclk_dup_1                                      GCLK               io                 aud_bclk_syn_2.di                                                46
#3        aud_bclk_1_dup_1                                    GCLK               io                 aud_bclk_1_syn_2.di                                              45
#4        aud_bclk_2_dup_1                                    GCLK               io                 aud_bclk_2_syn_2.di                                              44
#5        u_es8388_ctrl/u_es8388_config/u_i2c_dri/dri_clk     GCLK               mslice             u_es8388_ctrl/u_es8388_config/u_i2c_dri/dri_clk_reg_syn_9.q1     41
#6        u1_es8388_ctrl/u_es8388_config/u_i2c_dri/dri_clk    GCLK               lslice             u1_es8388_ctrl/u_es8388_config/u_i2c_dri/dri_clk_reg_syn_9.q1    40
#7        u2_es8388_ctrl/u_es8388_config/u_i2c_dri/dri_clk    GCLK               mslice             u2_es8388_ctrl/u_es8388_config/u_i2c_dri/dri_clk_reg_syn_9.q0    39
#8        I2S_BCLK_dup_3                                      GCLK               mslice             i2s_tx/I2S_LRCLK_n1_syn_5.q0                                     37
#9        aud_mclk_1_dup_1                                    GCLK               pll                u1_pll_clk/pll_inst.clkc1                                        0
#10       aud_mclk_2_dup_1                                    GCLK               pll                u2_pll_clk/pll_inst.clkc1                                        0
#11       aud_mclk_dup_1                                      GCLK               pll                u_pll_clk/pll_inst.clkc1                                         0
#12       u1_pll_clk/clk0_buf                                 GCLK               pll                u1_pll_clk/pll_inst.clkc0                                        0
#13       u2_pll_clk/clk0_buf                                 GCLK               pll                u2_pll_clk/pll_inst.clkc0                                        0
#14       u_pll_clk/clk0_buf                                  GCLK               pll                u_pll_clk/pll_inst.clkc0                                         0


Detailed IO Report

      Name        Direction    Location    IOStandard    DriveStrength    PullType     PackReg   
   aud_adcdat       INPUT        R14        LVCMOS25          N/A          PULLUP       IREG     
  aud_adcdat_1      INPUT         F7        LVCMOS25          N/A          PULLUP       IREG     
  aud_adcdat_2      INPUT        H15        LVCMOS25          N/A          PULLUP       IREG     
    aud_bclk        INPUT         M6        LVCMOS25          N/A          PULLUP       NONE     
   aud_bclk_1       INPUT         C4        LVCMOS25          N/A          PULLUP       NONE     
   aud_bclk_2       INPUT        F13        LVCMOS25          N/A          PULLUP       NONE     
    aud_lrc         INPUT         M7        LVCMOS25          N/A          PULLUP       IREG     
   aud_lrc_1        INPUT         D6        LVCMOS25          N/A          PULLUP       IREG     
   aud_lrc_2        INPUT        H13        LVCMOS25          N/A          PULLUP       IREG     
    sys_clk         INPUT         R7        LVCMOS25          N/A          PULLUP       NONE     
   sys_rst_n        INPUT         E3        LVCMOS25          N/A          PULLUP       NONE     
  sys_rst_n_1       INPUT         A9        LVCMOS25          N/A          PULLUP       NONE     
  sys_rst_n_2       INPUT        A10        LVCMOS25          N/A          PULLUP       NONE     
   volume[1]        INPUT        A11        LVCMOS25          N/A          PULLUP       NONE     
   volume[0]        INPUT        B10        LVCMOS25          N/A          PULLUP       NONE     
    I2S_BCLK       OUTPUT        D14        LVCMOS25           8            NONE        NONE     
    I2S_DATA       OUTPUT        F14        LVCMOS25           8            NONE        OREG     
   I2S_LRCLK       OUTPUT        E15        LVCMOS25           8            NONE        OREG     
   aud_dacdat      OUTPUT         P6        LVCMOS25           8            NONE        OREG     
  aud_dacdat_1     OUTPUT         C5        LVCMOS25           8            NONE        OREG     
  aud_dacdat_2     OUTPUT        G12        LVCMOS25           8            NONE        OREG     
    aud_mclk       OUTPUT         N5        LVCMOS25           8            NONE        NONE     
   aud_mclk_1      OUTPUT         B3        LVCMOS25           8            NONE        NONE     
   aud_mclk_2      OUTPUT        F15        LVCMOS25           8            NONE        NONE     
    aud_scl        OUTPUT        R12        LVCMOS25           8            NONE        OREG     
   aud_scl_1       OUTPUT         B2        LVCMOS25           8            NONE        OREG     
   aud_scl_2       OUTPUT        D16        LVCMOS25           8            NONE        OREG     
     ilaclk        OUTPUT         T5        LVCMOS25           8            NONE        NONE     
    ilaclk_1       OUTPUT         D3        LVCMOS25           8            NONE        NONE     
    ilaclk_2       OUTPUT        K15        LVCMOS25           8            NONE        NONE     
      led          OUTPUT        B14        LVCMOS25           8            NONE        NONE     
     led_1         OUTPUT        B15        LVCMOS25           8            NONE        NONE     
     led_2         OUTPUT        B16        LVCMOS25           8            NONE        NONE     
    leds[2]        OUTPUT        E13        LVCMOS25           8            NONE        NONE     
    leds[1]        OUTPUT        C16        LVCMOS25           8            NONE        NONE     
    leds[0]        OUTPUT        C15        LVCMOS25           8            NONE        NONE     
    aud_sda         INOUT         R9        LVCMOS25           8           PULLUP     OREG;TREG  
   aud_sda_1        INOUT         B1        LVCMOS25           8           PULLUP     OREG;TREG  
   aud_sda_2        INOUT        J11        LVCMOS25           8           PULLUP     OREG;TREG  

Report Hierarchy Area:
+-------------------------------------------------------------------------------------------+
|Instance            |Module           |le     |lut     |ripple  |seq     |bram    |dsp     |
+-------------------------------------------------------------------------------------------+
|top                 |audio_speak      |988    |794     |100     |567     |0       |0       |
|  i2s_tx            |i2s_tx_32bit_48k |122    |84      |14      |88      |0       |0       |
|  u1_es8388_ctrl    |es8388_ctrl      |274    |233     |25      |145     |0       |0       |
|    u_audio_receive |audio_receive    |75     |50      |12      |53      |0       |0       |
|    u_audio_send    |audio_send       |24     |24      |0       |24      |0       |0       |
|    u_es8388_config |es8388_config    |175    |159     |13      |68      |0       |0       |
|      u_i2c_dri     |i2c_dri          |119    |111     |5       |41      |0       |0       |
|      u_i2c_reg_cfg |i2c_reg_cfg      |56     |48      |8       |27      |0       |0       |
|  u1_pll_clk        |clk_wiz_0        |1      |1       |0       |0       |0       |0       |
|  u2_es8388_ctrl    |es8388_ctrl      |267    |228     |25      |145     |0       |0       |
|    u_audio_receive |audio_receive    |78     |53      |12      |59      |0       |0       |
|    u_audio_send    |audio_send       |20     |20      |0       |20      |0       |0       |
|    u_es8388_config |es8388_config    |169    |155     |13      |66      |0       |0       |
|      u_i2c_dri     |i2c_dri          |113    |108     |5       |39      |0       |0       |
|      u_i2c_reg_cfg |i2c_reg_cfg      |56     |47      |8       |27      |0       |0       |
|  u2_pll_clk        |clk_wiz_0        |1      |1       |0       |0       |0       |0       |
|  u_es8388_ctrl     |es8388_ctrl      |286    |237     |27      |145     |0       |0       |
|    u_audio_receive |audio_receive    |77     |47      |12      |51      |0       |0       |
|    u_audio_send    |audio_send       |29     |27      |0       |26      |0       |0       |
|    u_es8388_config |es8388_config    |180    |163     |15      |68      |0       |0       |
|      u_i2c_dri     |i2c_dri          |122    |113     |7       |41      |0       |0       |
|      u_i2c_reg_cfg |i2c_reg_cfg      |58     |50      |8       |27      |0       |0       |
|  u_pll_clk         |clk_wiz_0        |1      |1       |0       |0       |0       |0       |
+-------------------------------------------------------------------------------------------+


DataNet Average Fanout:

   Index     Fanout    Nets  
    #1         1       626   
    #2         2       272   
    #3         3        88   
    #4         4        21   
    #5        5-10      76   
    #6       11-50      77   
    #7       51-100     4    
  Average     3.07           

RUN-1002 : start command "export_db ES8388_pr.db"
RUN-1001 : Exported /
RUN-1001 : Exported flow parameters
RUN-1001 : Exported libs
RUN-1001 : Exported entities
RUN-1001 : Exported ports
RUN-1001 : Exported pins
RUN-1001 : Exported instances
RUN-1001 : Exported nets
RUN-1001 : Exported buses
RUN-1001 : Exported models
RUN-1001 : Exported congestions
RUN-1001 : Exported violations
RUN-1001 : Exported IO constraints
RUN-1001 : Exported Inst constraints
RUN-1002 : start command "export_bid ES8388_inst.bid"
RUN-1002 : start command "bitgen -bit ES8388.bit -unused_io_status pulldown"
BIT-1003 : Start to generate bitstream. 
BIT-1002 : Bitgen processed 149 unused pads, reserve input tri_state with pulldown
BIT-1002 : Init instances with 24 threads.
BIT-1002 : Init instances completely, inst num: 720
BIT-1002 : Init pips with 24 threads.
BIT-1002 : Init pips completely, net num: 1219, pip num: 11889
BIT-1002 : Init feedthrough with 24 threads.
BIT-1002 : Init feedthrough completely, num: 15
BIT-1003 : Multithreading accelaration with 24 threads.
BIT-1003 : Generate bitstream completely, there are 1777 valid insts, and 33715 bits set as '1'.
BIT-1004 : PLL setting string = 1110
BIT-1004 : Generate bits file ES8388.bit.
RUN-1003 : finish command "bitgen -bit ES8388.bit -unused_io_status pulldown" in  1.508803s wall, 21.390625s user + 1.078125s system = 22.468750s CPU (1489.2%)

RUN-1004 : used memory is 458 MB, reserved memory is 440 MB, peak memory is 687 MB
RUN-1002 : start command "backup_run_log run.log ../.logs/phy_1/td_20251020_165757.log"
