============================================================
   Tang Dynasty, V5.6.71036
      Copyright (c) 2012-2023 Anlogic Inc.
   Executable = D:/TD/bin/td.exe
   Built at =   20:34:38 Mar 21 2023
   Run by =     lyw15
   Run Date =   Fri Oct 31 20:44:01 2025

   Run on =     -001
============================================================
RUN-1002 : start command "open_project ES8388.prj"
RUN-1001 : Print Global Property
RUN-1001 : ---------------------------------------------------------------
RUN-1001 :        Parameters        |  Settings  |  Default Values  |  Note  
RUN-1001 : ---------------------------------------------------------------
RUN-1001 :          message         |  standard  |     standard     |        
RUN-1001 :   mixed_pack_place_flow  |     on     |        on        |        
RUN-1001 :        qor_monitor       |    off     |       off        |        
RUN-1001 :        syn_ip_flow       |    off     |       off        |        
RUN-1001 :          thread          |    auto    |       auto       |        
RUN-1001 : ---------------------------------------------------------------
RUN-1001 : Print Design Property
RUN-1001 : --------------------------------------------------------------
RUN-1001 :        Parameters       |  Settings  |  Default Values  |  Note  
RUN-1001 : --------------------------------------------------------------
RUN-1001 :   default_reg_initial   |    auto    |       auto       |        
RUN-1001 :        infer_add        |     on     |        on        |        
RUN-1001 :        infer_fsm        |    off     |       off        |        
RUN-1001 :        infer_mult       |     on     |        on        |        
RUN-1001 :        infer_ram        |     on     |        on        |        
RUN-1001 :        infer_reg        |     on     |        on        |        
RUN-1001 :   infer_reg_init_value  |     on     |        on        |        
RUN-1001 :        infer_rom        |     on     |        on        |        
RUN-1001 :      infer_shifter      |     on     |        on        |        
RUN-1001 : --------------------------------------------------------------
RUN-1001 : Print Rtl Property
RUN-1001 : --------------------------------------------------------------
RUN-1001 :        Parameters       |  Settings  |  Default Values  |  Note  
RUN-1001 : --------------------------------------------------------------
RUN-1001 :       compress_add      |   ripple   |      ripple      |        
RUN-1001 :        elf_sload        |    off     |       off        |        
RUN-1001 :       fix_undriven      |     0      |        0         |        
RUN-1001 :         flatten         |    off     |       off        |        
RUN-1001 :       gate_sharing      |     on     |        on        |        
RUN-1001 :    hdl_warning_level    |   normal   |      normal      |        
RUN-1001 :   impl_internal_tribuf  |     on     |        on        |        
RUN-1001 :      impl_set_reset     |     on     |        on        |        
RUN-1001 :        infer_gsr        |    off     |       off        |        
RUN-1001 :      keep_hierarchy     |    auto    |       auto       |        
RUN-1001 :        max_fanout       |    9999    |       9999       |        
RUN-1001 :      max_oh2bin_len     |     10     |        10        |        
RUN-1001 :       merge_equal       |     on     |        on        |        
RUN-1001 :       merge_equiv       |     on     |        on        |        
RUN-1001 :        merge_mux        |    off     |       off        |        
RUN-1001 :     min_control_set     |     8      |        8         |        
RUN-1001 :      min_ripple_len     |    auto    |       auto       |        
RUN-1001 :       oh2bin_ratio      |    0.08    |       0.08       |        
RUN-1001 :     opt_adder_fanout    |     on     |        on        |        
RUN-1001 :        opt_arith        |     on     |        on        |        
RUN-1001 :       opt_big_gate      |    off     |       off        |        
RUN-1001 :        opt_const        |     on     |        on        |        
RUN-1001 :      opt_const_mult     |     on     |        on        |        
RUN-1001 :       opt_lessthan      |     on     |        on        |        
RUN-1001 :         opt_mux         |    off     |       off        |        
RUN-1001 :         opt_ram         |    high    |       high       |        
RUN-1001 :      rtl_sim_model      |    off     |       off        |        
RUN-1001 :         seq_syn         |     on     |        on        |        
RUN-1001 : --------------------------------------------------------------
HDL-1007 : analyze verilog file ../../al_ip/clk_wiz_0.v
HDL-1007 : undeclared symbol 'open', assumed default net type 'wire' in ../../al_ip/clk_wiz_0.v(80)
HDL-1007 : analyze verilog file ../../../RTL/audio_receive.v
HDL-1007 : analyze verilog file ../../../RTL/audio_send.v
HDL-1007 : analyze verilog file ../../../RTL/audio_speak.v
HDL-1007 : analyze verilog file ../../../RTL/es8388_config.v
HDL-1007 : analyze verilog file ../../../RTL/es8388_ctrl.v
HDL-1007 : analyze verilog file ../../../RTL/i2c_dri.v
HDL-1007 : analyze verilog file ../../../RTL/i2c_reg_cfg.v
HDL-1007 : analyze verilog file ../../../RTL/spar_4mic_localization.v
HDL-1007 : analyze verilog file ../../../RTL/noise_suppress.v
HDL-1007 : analyze verilog file ../../../RTL/pitch_shift.v
HDL-5007 WARNING: loop variable declaration is not allowed in this mode of Verilog in ../../../RTL/pitch_shift.v(30)
HDL-1007 : analyze verilog file ../../../RTL/simple_denoise.v
RUN-1001 : Project manager successfully analyzed 12 source files.
RUN-1002 : start command "import_device eagle_s20.db -package EG4S20BG256"
ARC-1001 : Device Initialization.
ARC-1001 : ------------------------------------------------------------------
ARC-1001 :            OPTION            |          IO          |   SETTING   
ARC-1001 : ------------------------------------------------------------------
ARC-1001 :   cso_b/cclk/mosi/miso/dout  |  T3/R11/T10/P10/S11  |    gpio    
ARC-1001 :             done             |         P13          |    gpio    
ARC-1001 :           program_b          |          T2          |  dedicate  
ARC-1001 :        tdi/tms/tck/tdo       |   C12/A15/C14/E14    |  dedicate  
ARC-1001 : ------------------------------------------------------------------
ARC-1004 : Device setting, marked 5 dedicate IOs in total.
RUN-1002 : start command "import_db ../syn_1/ES8388_gate.db"
RUN-1001 : Importing database generated by Tang Dynasty, V5.6.71036.
RUN-1001 : Database version number 46146.
RUN-1001 : Import flow parameters
RUN-1001 : Import IO constraints
RUN-1001 : Import Inst constraints
RUN-1001 : Import design success TD_VERSION=5.6.71036 , DB_VERSION=46146
RUN-1002 : start command "place"
RUN-1001 : Open license file D:/TD/license/Anlogic.lic
RUN-1001 : Print Global Property
RUN-1001 : ---------------------------------------------------------------
RUN-1001 :        Parameters        |  Settings  |  Default Values  |  Note  
RUN-1001 : ---------------------------------------------------------------
RUN-1001 :          message         |  standard  |     standard     |        
RUN-1001 :   mixed_pack_place_flow  |     on     |        on        |        
RUN-1001 :        qor_monitor       |    off     |       off        |        
RUN-1001 :        syn_ip_flow       |    off     |       off        |        
RUN-1001 :          thread          |    auto    |       auto       |        
RUN-1001 : ---------------------------------------------------------------
RUN-1001 : Print Place Property
RUN-1001 : --------------------------------------------------------------
RUN-1001 :        Parameters       |  Settings  |  Default Values  |  Note  
RUN-1001 : --------------------------------------------------------------
RUN-1001 :      detailed_place     |     on     |        on        |        
RUN-1001 :          effort         |   medium   |      medium      |        
RUN-1001 :         fix_hold        |    off     |       off        |        
RUN-1001 :       legalization      |    ori     |       ori        |        
RUN-1001 :      new_spreading      |     on     |        on        |        
RUN-1001 :        opt_timing       |   medium   |      medium      |        
RUN-1001 :   post_clock_route_opt  |    off     |       off        |        
RUN-1001 :       pr_strategy       |     1      |        1         |        
RUN-1001 :        relaxation       |    1.00    |       1.00       |        
RUN-1001 :         retiming        |    off     |       off        |        
RUN-1001 : --------------------------------------------------------------
PHY-3001 : Placer runs in 24 thread(s).
RUN-1002 : start command "legalize_phy_inst"
SYN-1011 : Flatten model audio_speak
RUN-1002 : start command "phys_opt -simplify_lut"
SYN-4016 : Net ilaclk_1_dup_1 driven by BUFG (0 clock/control pins, 2 other pins).
SYN-4016 : Net ilaclk_2_dup_1 driven by BUFG (0 clock/control pins, 2 other pins).
SYN-4016 : Net ilaclk_3_dup_1 driven by BUFG (0 clock/control pins, 2 other pins).
SYN-4016 : Net ilaclk_dup_1 driven by BUFG (0 clock/control pins, 2 other pins).
SYN-4027 : Net aud_mclk_1_dup_1 is clkc1 of pll u1_pll_clk/pll_inst.
SYN-4019 : Net sys_clk_dup_1 is refclk of pll u1_pll_clk/pll_inst.
SYN-4020 : Net sys_clk_dup_1 is fbclk of pll u1_pll_clk/pll_inst.
SYN-4027 : Net aud_mclk_2_dup_1 is clkc1 of pll u2_pll_clk/pll_inst.
SYN-4019 : Net sys_clk_dup_1 is refclk of pll u2_pll_clk/pll_inst.
SYN-4020 : Net sys_clk_dup_1 is fbclk of pll u2_pll_clk/pll_inst.
SYN-4027 : Net aud_mclk_3_dup_1 is clkc1 of pll u3_pll_clk/pll_inst.
SYN-4019 : Net sys_clk_dup_1 is refclk of pll u3_pll_clk/pll_inst.
SYN-4020 : Net sys_clk_dup_1 is fbclk of pll u3_pll_clk/pll_inst.
SYN-4027 : Net aud_mclk_dup_1 is clkc1 of pll u_pll_clk/pll_inst.
SYN-4019 : Net sys_clk_dup_1 is refclk of pll u_pll_clk/pll_inst.
SYN-4020 : Net sys_clk_dup_1 is fbclk of pll u_pll_clk/pll_inst.
SYN-4024 : Net "aud_bclk_dup_1" drives clk pins.
SYN-4024 : Net "aud_bclk_1_dup_1" drives clk pins.
SYN-4024 : Net "aud_bclk_2_dup_1" drives clk pins.
SYN-4024 : Net "aud_bclk_3_dup_1" drives clk pins.
SYN-4024 : Net "u1_es8388_ctrl/u_es8388_config/u_i2c_dri/dri_clk" drives clk pins.
SYN-4024 : Net "u2_es8388_ctrl/u_es8388_config/u_i2c_dri/dri_clk" drives clk pins.
SYN-4024 : Net "u3_es8388_ctrl/u_es8388_config/u_i2c_dri/dri_clk" drives clk pins.
SYN-7503 WARNING: Net "u_es8388_ctrl/u_es8388_config/u_i2c_dri/dri_clk" drives clk pins. However it will not be tagged as clk net, for there's no more slots.
SYN-4025 : Tag rtl::Net aud_bclk_1_dup_1 as clock net
SYN-4025 : Tag rtl::Net aud_bclk_2_dup_1 as clock net
SYN-4025 : Tag rtl::Net aud_bclk_3_dup_1 as clock net
SYN-4025 : Tag rtl::Net aud_bclk_dup_1 as clock net
SYN-4025 : Tag rtl::Net aud_mclk_1_dup_1 as clock net
SYN-4025 : Tag rtl::Net aud_mclk_2_dup_1 as clock net
SYN-4025 : Tag rtl::Net aud_mclk_3_dup_1 as clock net
SYN-4025 : Tag rtl::Net aud_mclk_dup_1 as clock net
SYN-4025 : Tag rtl::Net ilaclk_1_dup_1 as clock net
SYN-4025 : Tag rtl::Net ilaclk_2_dup_1 as clock net
SYN-4025 : Tag rtl::Net ilaclk_3_dup_1 as clock net
SYN-4025 : Tag rtl::Net ilaclk_dup_1 as clock net
SYN-4025 : Tag rtl::Net sys_clk_dup_1 as clock net
SYN-4025 : Tag rtl::Net u1_es8388_ctrl/u_es8388_config/u_i2c_dri/dri_clk as clock net
SYN-4025 : Tag rtl::Net u2_es8388_ctrl/u_es8388_config/u_i2c_dri/dri_clk as clock net
SYN-4025 : Tag rtl::Net u3_es8388_ctrl/u_es8388_config/u_i2c_dri/dri_clk as clock net
SYN-4026 : Tagged 16 rtl::Net as clock net
SYN-4015 : Create BUFG instance for clk Net aud_bclk_dup_1 to drive 83 clock pins.
SYN-4015 : Create BUFG instance for clk Net aud_bclk_1_dup_1 to drive 80 clock pins.
SYN-4015 : Create BUFG instance for clk Net aud_bclk_2_dup_1 to drive 80 clock pins.
SYN-4015 : Create BUFG instance for clk Net aud_bclk_3_dup_1 to drive 80 clock pins.
SYN-4015 : Create BUFG instance for clk Net u1_es8388_ctrl/u_es8388_config/u_i2c_dri/dri_clk to drive 59 clock pins.
SYN-4015 : Create BUFG instance for clk Net u2_es8388_ctrl/u_es8388_config/u_i2c_dri/dri_clk to drive 59 clock pins.
SYN-4015 : Create BUFG instance for clk Net u3_es8388_ctrl/u_es8388_config/u_i2c_dri/dri_clk to drive 59 clock pins.
PHY-1001 : Populate physical database on model audio_speak.
RUN-1001 : There are total 14016 instances
RUN-0007 : 5800 luts, 7232 seqs, 593 mslices, 317 lslices, 54 pads, 0 brams, 2 dsps
RUN-1001 : There are total 16013 nets
RUN-1001 : 13766 nets have 2 pins
RUN-1001 : 1438 nets have [3 - 5] pins
RUN-1001 : 313 nets have [6 - 10] pins
RUN-1001 : 131 nets have [11 - 20] pins
RUN-1001 : 321 nets have [21 - 99] pins
RUN-1001 : 44 nets have 100+ pins
RUN-1001 : Report Control nets information:
RUN-1001 : DFF Distribution
RUN-1001 : ----------------------------------
RUN-1001 :   CE   |  SSR  |  ASR  |  DFF Count  
RUN-1001 : ----------------------------------
RUN-1001 :   No   |  No   |  No   |     24      
RUN-1001 :   No   |  No   |  Yes  |     671     
RUN-1001 :   No   |  Yes  |  No   |     27      
RUN-1001 :   Yes  |  No   |  No   |      0      
RUN-1001 :   Yes  |  No   |  Yes  |    6478     
RUN-1001 :   Yes  |  Yes  |  No   |     32      
RUN-1001 : ----------------------------------
RUN-0007 : Control Group Statistic
RUN-0007 : ---------------------------
RUN-0007 :   #CLK  |  #CE  |  #SSR/ASR  
RUN-0007 : ---------------------------
RUN-0007 :    9    |  278  |     11     
RUN-0007 : ---------------------------
RUN-0007 : Control Set = 293
PHY-3001 : Initial placement ...
PHY-3001 : design contains 14014 instances, 5800 luts, 7232 seqs, 910 slices, 188 macros(910 instances: 593 mslices 317 lslices)
PHY-3001 : Huge net led_dup_1 with 6375 pins
PHY-3001 : Huge net u_pitch_shift/read_ptr[1] with 3027 pins
PHY-3001 : Huge net u_pitch_shift/read_ptr[0] with 1807 pins
PHY-0007 : Cell area utilization is 38%
PHY-3001 : Global placement ...
PHY-3001 : Initial: Len = 2.89738e+06
PHY-3001 : Clustering ...
PHY-3001 : Level 0 #clusters 14014.
PHY-3001 : Level 1 #clusters 1481.
PHY-3001 : End clustering;  0.084659s wall, 0.062500s user + 0.046875s system = 0.109375s CPU (129.2%)

PHY-3001 : Run with size of 4
PHY-3001 : Cell area utilization is 38%
PHY-3001 : :::0::: Try harder cell spreading with beta_ = 0
PHY-3002 : Step(1): len = 585537, overlap = 219.062
PHY-3002 : Step(2): len = 521647, overlap = 296.125
PHY-3002 : Step(3): len = 357037, overlap = 518.781
PHY-3002 : Step(4): len = 320571, overlap = 611.844
PHY-3002 : Step(5): len = 256598, overlap = 732.812
PHY-3002 : Step(6): len = 223325, overlap = 809.156
PHY-3002 : Step(7): len = 185312, overlap = 880.75
PHY-3002 : Step(8): len = 160749, overlap = 931.812
PHY-3002 : Step(9): len = 140360, overlap = 985.312
PHY-3002 : Step(10): len = 120929, overlap = 1045.31
PHY-3002 : Step(11): len = 106946, overlap = 1081.44
PHY-3002 : Step(12): len = 91300.6, overlap = 1132.81
PHY-3002 : Step(13): len = 84301, overlap = 1168.75
PHY-3002 : Step(14): len = 72306.5, overlap = 1189.62
PHY-3002 : Step(15): len = 67211.6, overlap = 1200.31
PHY-3002 : Step(16): len = 59654.5, overlap = 1222.88
PHY-3001 : :::1::: Try harder cell spreading with beta_ = 2.50171e-07
PHY-3002 : Step(17): len = 65775.7, overlap = 1217.91
PHY-3002 : Step(18): len = 84245.2, overlap = 1172.41
PHY-3002 : Step(19): len = 81177, overlap = 1154.78
PHY-3002 : Step(20): len = 81551.2, overlap = 1154.19
PHY-3002 : Step(21): len = 76804.1, overlap = 1159.97
PHY-3002 : Step(22): len = 75739.9, overlap = 1156.16
PHY-3002 : Step(23): len = 73633.5, overlap = 1154.28
PHY-3002 : Step(24): len = 74892.7, overlap = 1137.19
PHY-3002 : Step(25): len = 74140.3, overlap = 1110.69
PHY-3002 : Step(26): len = 76717.2, overlap = 1065.88
PHY-3002 : Step(27): len = 77625.6, overlap = 1050.53
PHY-3002 : Step(28): len = 81977.5, overlap = 1012
PHY-3002 : Step(29): len = 80826.6, overlap = 996.969
PHY-3002 : Step(30): len = 82199.3, overlap = 996.969
PHY-3002 : Step(31): len = 80004.5, overlap = 1005.66
PHY-3002 : Step(32): len = 79654.4, overlap = 1012.56
PHY-3002 : Step(33): len = 77586.3, overlap = 1013.69
PHY-3002 : Step(34): len = 77157.5, overlap = 1017.09
PHY-3002 : Step(35): len = 75499.3, overlap = 1008.97
PHY-3002 : Step(36): len = 75005.9, overlap = 1008.53
PHY-3002 : Step(37): len = 74106.3, overlap = 1019.78
PHY-3002 : Step(38): len = 73715, overlap = 1012
PHY-3002 : Step(39): len = 73657.4, overlap = 995.438
PHY-3001 : :::2::: Try harder cell spreading with beta_ = 5.00341e-07
PHY-3002 : Step(40): len = 79274.2, overlap = 971.406
PHY-3002 : Step(41): len = 85389.8, overlap = 944.688
PHY-3002 : Step(42): len = 85249, overlap = 889.969
PHY-3002 : Step(43): len = 86413.6, overlap = 888.375
PHY-3002 : Step(44): len = 85855.4, overlap = 926.406
PHY-3002 : Step(45): len = 85747.1, overlap = 924.219
PHY-3002 : Step(46): len = 85363.6, overlap = 916.938
PHY-3001 : :::3::: Try harder cell spreading with beta_ = 1.00068e-06
PHY-3002 : Step(47): len = 89709.3, overlap = 888.594
PHY-3002 : Step(48): len = 94659, overlap = 846.656
PHY-3002 : Step(49): len = 97769.1, overlap = 857.844
PHY-3002 : Step(50): len = 100318, overlap = 817.625
PHY-3002 : Step(51): len = 101172, overlap = 783.812
PHY-3002 : Step(52): len = 101391, overlap = 783.688
PHY-3002 : Step(53): len = 101880, overlap = 768.125
PHY-3002 : Step(54): len = 102920, overlap = 754.906
PHY-3001 : :::4::: Try harder cell spreading with beta_ = 2.00137e-06
PHY-3002 : Step(55): len = 111884, overlap = 714.906
PHY-3002 : Step(56): len = 122949, overlap = 651.375
PHY-3002 : Step(57): len = 127393, overlap = 546.906
PHY-3002 : Step(58): len = 128732, overlap = 522.219
PHY-3002 : Step(59): len = 126305, overlap = 520.906
PHY-3002 : Step(60): len = 125635, overlap = 526.281
PHY-3002 : Step(61): len = 124223, overlap = 535.719
PHY-3002 : Step(62): len = 124550, overlap = 537.625
PHY-3002 : Step(63): len = 123986, overlap = 531.125
PHY-3002 : Step(64): len = 124026, overlap = 530.406
PHY-3002 : Step(65): len = 123505, overlap = 523.531
PHY-3001 : :::5::: Try harder cell spreading with beta_ = 4.00273e-06
PHY-3002 : Step(66): len = 134286, overlap = 447.875
PHY-3002 : Step(67): len = 143275, overlap = 344.75
PHY-3002 : Step(68): len = 147510, overlap = 323.031
PHY-3002 : Step(69): len = 148035, overlap = 307.406
PHY-3002 : Step(70): len = 147104, overlap = 314.344
PHY-3002 : Step(71): len = 147528, overlap = 339.969
PHY-3002 : Step(72): len = 146848, overlap = 377.688
PHY-3002 : Step(73): len = 145937, overlap = 422.812
PHY-3002 : Step(74): len = 145067, overlap = 449.094
PHY-3002 : Step(75): len = 145488, overlap = 456.406
PHY-3002 : Step(76): len = 145698, overlap = 458.812
PHY-3001 : :::6::: Try harder cell spreading with beta_ = 8.00546e-06
PHY-3002 : Step(77): len = 153586, overlap = 389.906
PHY-3002 : Step(78): len = 161094, overlap = 316.75
PHY-3002 : Step(79): len = 164010, overlap = 278.75
PHY-3002 : Step(80): len = 165001, overlap = 271.125
PHY-3002 : Step(81): len = 164208, overlap = 268.562
PHY-3002 : Step(82): len = 165011, overlap = 276.281
PHY-3002 : Step(83): len = 164841, overlap = 288.906
PHY-3002 : Step(84): len = 164701, overlap = 284.969
PHY-3002 : Step(85): len = 164599, overlap = 288.812
PHY-3002 : Step(86): len = 165125, overlap = 304.625
PHY-3002 : Step(87): len = 164371, overlap = 324.125
PHY-3001 : :::7::: Try harder cell spreading with beta_ = 1.60109e-05
PHY-3002 : Step(88): len = 172072, overlap = 290.812
PHY-3002 : Step(89): len = 178656, overlap = 262.25
PHY-3002 : Step(90): len = 179718, overlap = 249.125
PHY-3002 : Step(91): len = 180717, overlap = 233.281
PHY-3002 : Step(92): len = 181283, overlap = 210.219
PHY-3002 : Step(93): len = 182545, overlap = 199.25
PHY-3002 : Step(94): len = 181732, overlap = 191.25
PHY-3002 : Step(95): len = 182040, overlap = 188.625
PHY-3002 : Step(96): len = 181747, overlap = 193.344
PHY-3002 : Step(97): len = 181866, overlap = 186.938
PHY-3002 : Step(98): len = 180680, overlap = 183.031
PHY-3001 : :::8::: Try harder cell spreading with beta_ = 3.15308e-05
PHY-3002 : Step(99): len = 186926, overlap = 175.438
PHY-3002 : Step(100): len = 192326, overlap = 142.406
PHY-3002 : Step(101): len = 193493, overlap = 123.5
PHY-3002 : Step(102): len = 194359, overlap = 118.688
PHY-3002 : Step(103): len = 195114, overlap = 120.094
PHY-3002 : Step(104): len = 195953, overlap = 119.844
PHY-3002 : Step(105): len = 195419, overlap = 119.656
PHY-3002 : Step(106): len = 195734, overlap = 117.031
PHY-3002 : Step(107): len = 195691, overlap = 112.438
PHY-3001 : :::9::: Try harder cell spreading with beta_ = 6.30617e-05
PHY-3002 : Step(108): len = 202855, overlap = 101.031
PHY-3002 : Step(109): len = 207969, overlap = 86.2188
PHY-3002 : Step(110): len = 208193, overlap = 79.6562
PHY-3002 : Step(111): len = 208505, overlap = 76.4688
PHY-3002 : Step(112): len = 209899, overlap = 66.3125
PHY-3002 : Step(113): len = 210817, overlap = 67.5625
PHY-3002 : Step(114): len = 210365, overlap = 62.4062
PHY-3002 : Step(115): len = 210322, overlap = 60.7188
PHY-3002 : Step(116): len = 210646, overlap = 63.5625
PHY-3001 : :::10::: Try harder cell spreading with beta_ = 0.000126123
PHY-3002 : Step(117): len = 214588, overlap = 60.25
PHY-3002 : Step(118): len = 218248, overlap = 56.5625
PHY-3002 : Step(119): len = 219502, overlap = 48.8125
PHY-3002 : Step(120): len = 221062, overlap = 38.6562
PHY-3002 : Step(121): len = 223267, overlap = 29.4688
PHY-3002 : Step(122): len = 224953, overlap = 22.5312
PHY-3002 : Step(123): len = 225170, overlap = 20.0938
PHY-3002 : Step(124): len = 225449, overlap = 20.0312
PHY-3002 : Step(125): len = 225799, overlap = 18.2812
PHY-3002 : Step(126): len = 225782, overlap = 16.6562
PHY-3002 : Step(127): len = 225285, overlap = 17.4375
PHY-3002 : Step(128): len = 225127, overlap = 14.25
PHY-3002 : Step(129): len = 224989, overlap = 16.75
PHY-3001 : :::11::: Try harder cell spreading with beta_ = 0.000248296
PHY-3002 : Step(130): len = 227510, overlap = 14.1562
PHY-3002 : Step(131): len = 230802, overlap = 14.8438
PHY-3002 : Step(132): len = 231899, overlap = 11.8438
PHY-3002 : Step(133): len = 233312, overlap = 13.5312
PHY-3002 : Step(134): len = 234586, overlap = 13.4062
PHY-3002 : Step(135): len = 235896, overlap = 13.6562
PHY-3002 : Step(136): len = 236327, overlap = 15.9688
PHY-3002 : Step(137): len = 236580, overlap = 16.2188
PHY-3002 : Step(138): len = 236987, overlap = 15.9688
PHY-3002 : Step(139): len = 237332, overlap = 18.2812
PHY-3002 : Step(140): len = 237091, overlap = 17.8438
PHY-3002 : Step(141): len = 237075, overlap = 19.3438
PHY-3002 : Step(142): len = 237133, overlap = 19.5938
PHY-3001 : :::12::: Try harder cell spreading with beta_ = 0.000466489
PHY-3002 : Step(143): len = 239289, overlap = 18.8438
PHY-3002 : Step(144): len = 244033, overlap = 18.7812
PHY-3002 : Step(145): len = 245962, overlap = 19.4062
PHY-3002 : Step(146): len = 247839, overlap = 17.0312
PHY-3002 : Step(147): len = 249212, overlap = 16.625
PHY-3002 : Step(148): len = 250335, overlap = 16.1875
PHY-3002 : Step(149): len = 250321, overlap = 15.125
PHY-3002 : Step(150): len = 250414, overlap = 18.125
PHY-3002 : Step(151): len = 250943, overlap = 16.2188
PHY-3002 : Step(152): len = 251527, overlap = 16.2188
PHY-3002 : Step(153): len = 251402, overlap = 15.4062
PHY-3002 : Step(154): len = 251108, overlap = 15.4062
PHY-3002 : Step(155): len = 250934, overlap = 16.7188
PHY-3002 : Step(156): len = 250932, overlap = 17.25
PHY-3002 : Step(157): len = 251040, overlap = 17.9375
PHY-3002 : Step(158): len = 251140, overlap = 17.4375
PHY-3002 : Step(159): len = 251098, overlap = 18.4375
PHY-3002 : Step(160): len = 250976, overlap = 19.6875
PHY-3002 : Step(161): len = 251107, overlap = 17.625
PHY-3001 : :::13::: Try harder cell spreading with beta_ = 0.000776047
PHY-3002 : Step(162): len = 252043, overlap = 17.125
PHY-3002 : Step(163): len = 253336, overlap = 18.375
PHY-3002 : Step(164): len = 254350, overlap = 18.125
PHY-3002 : Step(165): len = 255831, overlap = 18.625
PHY-3002 : Step(166): len = 256804, overlap = 18.125
PHY-3002 : Step(167): len = 257466, overlap = 18.125
PHY-3002 : Step(168): len = 257577, overlap = 17.125
PHY-3002 : Step(169): len = 257842, overlap = 17
PHY-3002 : Step(170): len = 258159, overlap = 16.5
PHY-3002 : Step(171): len = 258305, overlap = 16.5
PHY-3002 : Step(172): len = 258411, overlap = 16.4062
PHY-3002 : Step(173): len = 258843, overlap = 16.9062
PHY-3002 : Step(174): len = 259345, overlap = 17.6562
PHY-3002 : Step(175): len = 259953, overlap = 17.4688
PHY-3002 : Step(176): len = 260264, overlap = 18.0312
PHY-3002 : Step(177): len = 260425, overlap = 19.0312
PHY-3002 : Step(178): len = 260648, overlap = 18.7812
PHY-3001 : Legalization ...
PHY-3001 : End legalization;  0.004479s wall, 0.000000s user + 0.000000s system = 0.000000s CPU (n/a%)

PHY-3001 : Run with size of 4
PHY-3001 : Cell area utilization is 45%
PHY-3001 : Analyzing congestion ...
RUN-1001 : Generating global routing grids ...
RUN-1001 : Building simple global routing graph ...
PHY-1001 : Generate routing nets ...
PHY-1001 : Reuse net number 0/16013.
PHY-1001 : Global iterations in 24 thread ...
PHY-1002 : len = 420856, over cnt = 1322(3%), over = 6249, worst = 40
PHY-1001 : End global iterations;  0.649503s wall, 0.671875s user + 0.140625s system = 0.812500s CPU (125.1%)

PHY-1001 : Congestion index: top1 = 60.24, top5 = 45.82, top10 = 39.49, top15 = 35.51.
PHY-3001 : End congestion estimation;  0.757868s wall, 0.734375s user + 0.187500s system = 0.921875s CPU (121.6%)

PHY-3001 : Update density targets...
PHY-3001 : Update congestion history...
PHY-3001 : :::0::: Try harder cell spreading with beta_ = 3.65903e-05
PHY-3002 : Step(179): len = 296710, overlap = 28.7812
PHY-3002 : Step(180): len = 306334, overlap = 27.125
PHY-3002 : Step(181): len = 306549, overlap = 28.3125
PHY-3002 : Step(182): len = 293181, overlap = 26.0625
PHY-3002 : Step(183): len = 283542, overlap = 26.5
PHY-3002 : Step(184): len = 281207, overlap = 27.5
PHY-3002 : Step(185): len = 270455, overlap = 29.2188
PHY-3002 : Step(186): len = 269993, overlap = 32.8125
PHY-3002 : Step(187): len = 269143, overlap = 32.75
PHY-3002 : Step(188): len = 267834, overlap = 35.0625
PHY-3002 : Step(189): len = 265902, overlap = 40.6875
PHY-3002 : Step(190): len = 262902, overlap = 42.1875
PHY-3001 : :::1::: Try harder cell spreading with beta_ = 7.31806e-05
PHY-3002 : Step(191): len = 268935, overlap = 40.5625
PHY-3002 : Step(192): len = 272067, overlap = 34.4688
PHY-3002 : Step(193): len = 274137, overlap = 35.25
PHY-3002 : Step(194): len = 275578, overlap = 38.1562
PHY-3002 : Step(195): len = 276105, overlap = 38.7812
PHY-3002 : Step(196): len = 276303, overlap = 39.2812
PHY-3001 : :::2::: Try harder cell spreading with beta_ = 0.000146361
PHY-3002 : Step(197): len = 284385, overlap = 38.6875
PHY-3002 : Step(198): len = 294481, overlap = 36.3438
PHY-3002 : Step(199): len = 300587, overlap = 36.2188
PHY-3002 : Step(200): len = 305348, overlap = 33.875
PHY-3002 : Step(201): len = 305008, overlap = 33.4688
PHY-3002 : Step(202): len = 298761, overlap = 32.5312
PHY-3002 : Step(203): len = 293000, overlap = 32.5
PHY-3002 : Step(204): len = 288235, overlap = 32.5938
PHY-3001 : Run with size of 2
PHY-3001 : Cell area utilization is 45%
PHY-3001 : Analyzing congestion ...
RUN-1001 : Generating global routing grids ...
PHY-1001 : Generate routing nets ...
PHY-1001 : Reuse net number 78/16013.
PHY-1001 : Global iterations in 24 thread ...
PHY-1002 : len = 425784, over cnt = 1673(4%), over = 8898, worst = 54
PHY-1001 : End global iterations;  0.820825s wall, 0.796875s user + 0.265625s system = 1.062500s CPU (129.4%)

PHY-1001 : Congestion index: top1 = 71.42, top5 = 54.99, top10 = 46.97, top15 = 41.94.
PHY-3001 : End congestion estimation;  0.947680s wall, 0.921875s user + 0.265625s system = 1.187500s CPU (125.3%)

PHY-3001 : Update density targets...
PHY-3001 : Update congestion history...
PHY-3001 : :::0::: Try harder cell spreading with beta_ = 4.17296e-05
PHY-3002 : Step(205): len = 277260, overlap = 194.531
PHY-3002 : Step(206): len = 281921, overlap = 168.219
PHY-3002 : Step(207): len = 273433, overlap = 149.469
PHY-3002 : Step(208): len = 271509, overlap = 122.125
PHY-3002 : Step(209): len = 270070, overlap = 111.281
PHY-3002 : Step(210): len = 265050, overlap = 103.281
PHY-3002 : Step(211): len = 262276, overlap = 105.812
PHY-3002 : Step(212): len = 261476, overlap = 98.125
PHY-3002 : Step(213): len = 261004, overlap = 97.7812
PHY-3002 : Step(214): len = 256794, overlap = 95.4688
PHY-3002 : Step(215): len = 252644, overlap = 91.3438
PHY-3002 : Step(216): len = 252119, overlap = 93.9375
PHY-3002 : Step(217): len = 251380, overlap = 92.9688
PHY-3001 : :::1::: Try harder cell spreading with beta_ = 8.34592e-05
PHY-3002 : Step(218): len = 252677, overlap = 91.7188
PHY-3002 : Step(219): len = 256813, overlap = 81.7812
PHY-3002 : Step(220): len = 260136, overlap = 81.4062
PHY-3002 : Step(221): len = 262298, overlap = 76.1875
PHY-3001 : :::2::: Try harder cell spreading with beta_ = 0.000166918
PHY-3002 : Step(222): len = 263911, overlap = 71.0312
PHY-3002 : Step(223): len = 266984, overlap = 66.1562
PHY-3002 : Step(224): len = 274032, overlap = 59.75
PHY-3002 : Step(225): len = 276359, overlap = 56.9375
PHY-3002 : Step(226): len = 276361, overlap = 58.0312
PHY-3002 : Step(227): len = 273503, overlap = 53.1562
PHY-3002 : Step(228): len = 271446, overlap = 49.3438
PHY-3002 : Step(229): len = 270900, overlap = 48.125
OPT-1001 : Start physical optimization ...
OPT-1001 : Total overflow 325.06 peak overflow 5.06
OPT-1001 : Start high-fanout net optimization ...
OPT-1001 : Update timing in global mode
PHY-1001 : Start incremental global routing, caller is place ...
RUN-1001 : Generating global routing grids ...
PHY-1001 : Generate routing nets ...
PHY-1001 : Reuse net number 155/16013.
PHY-1001 : Global iterations in 24 thread ...
PHY-1002 : len = 445352, over cnt = 2055(5%), over = 7197, worst = 25
PHY-1001 : End global iterations;  1.481927s wall, 1.437500s user + 0.328125s system = 1.765625s CPU (119.1%)

PHY-1001 : Congestion index: top1 = 53.30, top5 = 42.05, top10 = 37.40, top15 = 34.69.
PHY-1001 : End incremental global routing;  1.624097s wall, 1.562500s user + 0.343750s system = 1.906250s CPU (117.4%)

RUN-1002 : start command "start_timer -report"
TMR-5001 WARNING: No sdc constraints found while initiating timer.
TMR-2505 : Start building timing graph for model audio_speak.
TMR-2506 : Build timing graph completely. Port num: 54, tpin num: 71257, tnet num: 14955, tinst num: 14014, tnode num: 100084, tedge num: 115632.
TMR-2508 : Levelizing timing graph completed, there are 43 levels in total.
TMR-2501 : Timing graph initialized successfully.
OPT-1001 : End timing update;  0.616038s wall, 0.578125s user + 0.015625s system = 0.593750s CPU (96.4%)

OPT-1001 : 0 high-fanout net processed.
OPT-1001 : End high-fanout net optimization;  2.447438s wall, 2.343750s user + 0.359375s system = 2.703125s CPU (110.4%)

OPT-1001 : Current memory(MB): used = 488, reserve = 466, peak = 488.
OPT-1001 : End physical optimization;  2.546059s wall, 2.421875s user + 0.359375s system = 2.781250s CPU (109.2%)

PHY-3001 : Start packing ...
SYN-4007 : Packing 0 MUX to BLE ...
SYN-4008 : Packed 0 MUX and 0 SEQ to BLE.
SYN-4007 : Packing 5800 LUT to BLE ...
SYN-4008 : Packed 5800 LUT and 541 SEQ to BLE.
SYN-4003 : Packing 6691 remaining SEQ's ...
SYN-4005 : Packed 4886 SEQ with LUT/SLICE
SYN-4006 : 467 single LUT's are left
SYN-4006 : 1805 single SEQ's are left
SYN-4011 : Packing model "audio_speak" (AL_USER_NORMAL) with 7605/8589 primitive instances ...
PHY-3001 : End packing;  0.980928s wall, 0.968750s user + 0.015625s system = 0.984375s CPU (100.4%)

PHY-1001 : Populate physical database on model audio_speak.
RUN-1001 : There are total 5793 instances
RUN-1001 : 2859 mslices, 2860 lslices, 54 pads, 0 brams, 2 dsps
RUN-1001 : There are total 15484 nets
RUN-1001 : 13135 nets have 2 pins
RUN-1001 : 1537 nets have [3 - 5] pins
RUN-1001 : 318 nets have [6 - 10] pins
RUN-1001 : 390 nets have [11 - 20] pins
RUN-1001 : 63 nets have [21 - 99] pins
RUN-1001 : 41 nets have 100+ pins
PHY-3001 : design contains 5791 instances, 5719 slices, 188 macros(910 instances: 593 mslices 317 lslices)
PHY-3001 : Huge net led_dup_1 with 4248 pins
PHY-3001 : Huge net u_pitch_shift/read_ptr[1] with 2168 pins
PHY-3001 : Huge net u_pitch_shift/read_ptr[0] with 1436 pins
PHY-3001 : Cell area utilization is 65%
PHY-3001 : After packing: Len = 302218, Over = 163.75
PHY-3001 : Run with size of 2
PHY-3001 : Cell area utilization is 65%
PHY-3001 : Analyzing congestion ...
RUN-1001 : Generating global routing grids ...
PHY-1001 : Generate routing nets ...
PHY-1001 : Reuse net number 5003/15484.
PHY-1001 : Global iterations in 24 thread ...
PHY-1002 : len = 489624, over cnt = 2085(5%), over = 4936, worst = 22
PHY-1002 : len = 519376, over cnt = 1222(3%), over = 2284, worst = 18
PHY-1002 : len = 540184, over cnt = 429(1%), over = 711, worst = 14
PHY-1002 : len = 550336, over cnt = 52(0%), over = 65, worst = 3
PHY-1002 : len = 551880, over cnt = 0(0%), over = 0, worst = 0
PHY-1001 : End global iterations;  1.496602s wall, 1.531250s user + 0.437500s system = 1.968750s CPU (131.5%)

PHY-1001 : Congestion index: top1 = 45.65, top5 = 39.61, top10 = 36.65, top15 = 34.73.
PHY-3001 : End congestion estimation;  1.736717s wall, 1.765625s user + 0.437500s system = 2.203125s CPU (126.9%)

PHY-3001 : Update density targets...
PHY-3001 : Update congestion history...
PHY-3001 : :::0::: Try harder cell spreading with beta_ = 1.90226e-05
PHY-3002 : Step(230): len = 283881, overlap = 168
PHY-3002 : Step(231): len = 283399, overlap = 183.25
PHY-3002 : Step(232): len = 276218, overlap = 216.25
PHY-3002 : Step(233): len = 265756, overlap = 223.5
PHY-3002 : Step(234): len = 265834, overlap = 224.5
PHY-3002 : Step(235): len = 265743, overlap = 228
PHY-3001 : :::1::: Try harder cell spreading with beta_ = 3.80452e-05
PHY-3002 : Step(236): len = 271520, overlap = 216
PHY-3002 : Step(237): len = 273646, overlap = 208.5
PHY-3002 : Step(238): len = 276356, overlap = 205.25
PHY-3001 : :::2::: Try harder cell spreading with beta_ = 7.60904e-05
PHY-3002 : Step(239): len = 284194, overlap = 193.75
PHY-3002 : Step(240): len = 286260, overlap = 191.25
PHY-3002 : Step(241): len = 288263, overlap = 176.75
PHY-3001 : Legalization ...
PHY-3001 : End legalization;  1.000582s wall, 1.312500s user + 1.750000s system = 3.062500s CPU (306.1%)

PHY-3001 : Trial Legalized: Len = 362736
PHY-3001 : Run with size of 2
PHY-3001 : Cell area utilization is 64%
PHY-3001 : Analyzing congestion ...
RUN-1001 : Generating global routing grids ...
PHY-1001 : Generate routing nets ...
PHY-1001 : Reuse net number 727/15484.
PHY-1001 : Global iterations in 24 thread ...
PHY-1002 : len = 555728, over cnt = 2073(5%), over = 3057, worst = 6
PHY-1002 : len = 565608, over cnt = 1247(3%), over = 1730, worst = 6
PHY-1002 : len = 580840, over cnt = 441(1%), over = 582, worst = 6
PHY-1002 : len = 588920, over cnt = 65(0%), over = 92, worst = 6
PHY-1002 : len = 590568, over cnt = 0(0%), over = 0, worst = 0
PHY-1001 : End global iterations;  2.187842s wall, 2.125000s user + 0.484375s system = 2.609375s CPU (119.3%)

PHY-1001 : Congestion index: top1 = 43.21, top5 = 38.96, top10 = 36.69, top15 = 35.17.
PHY-3001 : End congestion estimation;  2.482972s wall, 2.406250s user + 0.500000s system = 2.906250s CPU (117.0%)

PHY-3001 : Update density targets...
PHY-3001 : Update congestion history...
PHY-3001 : :::0::: Try harder cell spreading with beta_ = 5.49272e-05
PHY-3002 : Step(242): len = 317464, overlap = 53.75
PHY-3002 : Step(243): len = 304344, overlap = 93.75
PHY-3002 : Step(244): len = 298032, overlap = 120.75
PHY-3002 : Step(245): len = 295379, overlap = 140.5
PHY-3002 : Step(246): len = 294589, overlap = 147
PHY-3001 : :::1::: Try harder cell spreading with beta_ = 0.000109854
PHY-3002 : Step(247): len = 299406, overlap = 141
PHY-3002 : Step(248): len = 302447, overlap = 137.5
PHY-3002 : Step(249): len = 305358, overlap = 131
PHY-3001 : :::2::: Try harder cell spreading with beta_ = 0.000219709
PHY-3002 : Step(250): len = 308615, overlap = 126.5
PHY-3002 : Step(251): len = 310239, overlap = 126.75
PHY-3002 : Step(252): len = 314087, overlap = 118.25
PHY-3002 : Step(253): len = 317784, overlap = 119.5
PHY-3002 : Step(254): len = 321803, overlap = 113.5
PHY-3001 : Legalization ...
PHY-3001 : End legalization;  0.012563s wall, 0.015625s user + 0.000000s system = 0.015625s CPU (124.4%)

PHY-3001 : Legalized: Len = 350189, Over = 0
PHY-3001 : Spreading special nets. 31 overflows in 2952 tiles.
PHY-3001 : End spreading;  0.036687s wall, 0.031250s user + 0.000000s system = 0.031250s CPU (85.2%)

PHY-3001 : 43 instances has been re-located, deltaX = 14, deltaY = 28, maxDist = 2.
PHY-3001 : Final: Len = 350851, Over = 0
OPT-1001 : Start physical optimization ...
OPT-1001 : Total overflow 0.00 peak overflow 0.00
OPT-1001 : Start high-fanout net optimization ...
OPT-1001 : Update timing in global mode
PHY-1001 : Start incremental global routing, caller is place ...
RUN-1001 : Generating global routing grids ...
PHY-1001 : Generate routing nets ...
PHY-1001 : Reuse net number 2250/15484.
PHY-1001 : Global iterations in 24 thread ...
PHY-1002 : len = 546520, over cnt = 1965(5%), over = 2900, worst = 6
PHY-1002 : len = 555712, over cnt = 1188(3%), over = 1634, worst = 5
PHY-1002 : len = 572752, over cnt = 254(0%), over = 320, worst = 4
PHY-1002 : len = 577448, over cnt = 40(0%), over = 46, worst = 4
PHY-1002 : len = 578208, over cnt = 0(0%), over = 0, worst = 0
PHY-1001 : End global iterations;  2.111400s wall, 1.812500s user + 0.484375s system = 2.296875s CPU (108.8%)

PHY-1001 : Congestion index: top1 = 40.84, top5 = 37.33, top10 = 35.19, top15 = 33.77.
PHY-1001 : End incremental global routing;  2.331655s wall, 2.031250s user + 0.484375s system = 2.515625s CPU (107.9%)

RUN-1002 : start command "start_timer -report"
TMR-5001 WARNING: No sdc constraints found while initiating timer.
TMR-2505 : Start building timing graph for model audio_speak.
TMR-2506 : Build timing graph completely. Port num: 54, tpin num: 63250, tnet num: 14426, tinst num: 5791, tnode num: 84872, tedge num: 103255.
TMR-2508 : Levelizing timing graph completed, there are 41 levels in total.
TMR-2501 : Timing graph initialized successfully.
OPT-1001 : End timing update;  0.832340s wall, 0.765625s user + 0.062500s system = 0.828125s CPU (99.5%)

OPT-1001 : 0 high-fanout net processed.
OPT-1001 : End high-fanout net optimization;  3.409935s wall, 3.046875s user + 0.546875s system = 3.593750s CPU (105.4%)

OPT-1001 : Current memory(MB): used = 515, reserve = 495, peak = 515.
OPT-1001 : Update timing in Manhattan mode
OPT-1001 : End timing update;  0.015988s wall, 0.015625s user + 0.000000s system = 0.015625s CPU (97.7%)

OPT-1001 : Start pin optimization...
OPT-1001 : skip pin optimization...
RUN-1001 : Generating global routing grids ...
PHY-1001 : Generate routing nets ...
PHY-1001 : Reuse net number 11532/15484.
PHY-1001 : Global iterations in 24 thread ...
PHY-1002 : len = 578208, over cnt = 0(0%), over = 0, worst = 0
PHY-1001 : End global iterations;  0.058840s wall, 0.046875s user + 0.000000s system = 0.046875s CPU (79.7%)

PHY-1001 : Congestion index: top1 = 40.84, top5 = 37.33, top10 = 35.19, top15 = 33.77.
OPT-1001 : Update timing in Manhattan mode
OPT-1001 : End timing update;  0.018815s wall, 0.015625s user + 0.000000s system = 0.015625s CPU (83.0%)

RUN-1001 : QoR Analysis:
OPT-0007 :   WNS 2147483647 TNS 0 NUM_FEPS 0
RUN-1001 :   No local congestion issue, and most congested 1% tile average routing util is 40.482759
RUN-1001 :   Top critical paths
OPT-1001 : End physical optimization;  3.778409s wall, 3.375000s user + 0.578125s system = 3.953125s CPU (104.6%)

RUN-1003 : finish command "place" in  22.015190s wall, 28.093750s user + 18.328125s system = 46.421875s CPU (210.9%)

RUN-1004 : used memory is 432 MB, reserved memory is 414 MB, peak memory is 525 MB
RUN-1002 : start command "export_db ES8388_place.db"
RUN-1001 : Exported /
RUN-1001 : Exported flow parameters
RUN-1001 : Exported libs
RUN-1001 : Exported entities
RUN-1001 : Exported ports
RUN-1001 : Exported pins
RUN-1001 : Exported instances
RUN-1001 : Exported nets
RUN-1001 : Exported buses
RUN-1001 : Exported models
RUN-1001 : Exported congestions
RUN-1001 : Exported violations
RUN-1001 : Exported IO constraints
RUN-1001 : Exported Inst constraints
RUN-1003 : finish command "export_db ES8388_place.db" in  1.034040s wall, 1.515625s user + 0.031250s system = 1.546875s CPU (149.6%)

RUN-1004 : used memory is 432 MB, reserved memory is 415 MB, peak memory is 525 MB
RUN-1002 : start command "route"
RUN-1001 : Open license file D:/TD/license/Anlogic.lic
RUN-1001 : Print Global Property
RUN-1001 : ---------------------------------------------------------------
RUN-1001 :        Parameters        |  Settings  |  Default Values  |  Note  
RUN-1001 : ---------------------------------------------------------------
RUN-1001 :          message         |  standard  |     standard     |        
RUN-1001 :   mixed_pack_place_flow  |     on     |        on        |        
RUN-1001 :        qor_monitor       |    off     |       off        |        
RUN-1001 :        syn_ip_flow       |    off     |       off        |        
RUN-1001 :          thread          |    auto    |       auto       |        
RUN-1001 : ---------------------------------------------------------------
RUN-1001 : Print Route Property
RUN-1001 : -------------------------------------------------------
RUN-1001 :    Parameters    |  Settings  |  Default Values  |  Note  
RUN-1001 : -------------------------------------------------------
RUN-1001 :      effort      |   medium   |      medium      |        
RUN-1001 :     fix_hold     |    off     |       off        |        
RUN-1001 :    opt_timing    |   medium   |      medium      |        
RUN-1001 :   phy_sim_model  |    off     |       off        |        
RUN-1001 :     priority     |   timing   |      timing      |        
RUN-1001 :     swap_pin     |     on     |        on        |        
RUN-1001 : -------------------------------------------------------
PHY-1001 : Route runs in 24 thread(s)
RUN-1001 : There are total 5793 instances
RUN-1001 : 2859 mslices, 2860 lslices, 54 pads, 0 brams, 2 dsps
RUN-1001 : There are total 15484 nets
RUN-1001 : 13135 nets have 2 pins
RUN-1001 : 1537 nets have [3 - 5] pins
RUN-1001 : 318 nets have [6 - 10] pins
RUN-1001 : 390 nets have [11 - 20] pins
RUN-1001 : 63 nets have [21 - 99] pins
RUN-1001 : 41 nets have 100+ pins
RUN-1002 : start command "start_timer -report"
TMR-5001 WARNING: No sdc constraints found while initiating timer.
TMR-2505 : Start building timing graph for model audio_speak.
TMR-2506 : Build timing graph completely. Port num: 54, tpin num: 63250, tnet num: 14426, tinst num: 5791, tnode num: 84872, tedge num: 103255.
TMR-2508 : Levelizing timing graph completed, there are 41 levels in total.
TMR-2501 : Timing graph initialized successfully.
PHY-1001 : 2859 mslices, 2860 lslices, 54 pads, 0 brams, 2 dsps
TMR-2503 : Start to update net delay, extr mode = 3.
TMR-2504 : Update delay of 14426 nets completely.
TMR-2502 : Annotate delay completely, extr mode = 3.
TMR-3002 : No user constraint, initiate default constraint.
TMR-1501 : Assign derive clock DeriveClock to 9628 clock pins, and constraint 21614 relative nodes.
TMR-3003 : Constraints initiated successfully.
TMR-3501 : Forward propagation: start to calculate arrival time...
TMR-3502 : Backward propagation: start to calculate required time...
TMR-3503 : Timing propagation completes.
PHY-1001 : Start global routing, caller is route ...
RUN-1001 : Generating global routing grids ...
PHY-1001 : Generate routing nets ...
PHY-1001 : Global iterations in 24 thread ...
PHY-1002 : len = 525808, over cnt = 2140(6%), over = 3274, worst = 6
PHY-1002 : len = 537584, over cnt = 1294(3%), over = 1853, worst = 6
PHY-1002 : len = 548392, over cnt = 713(2%), over = 1027, worst = 5
PHY-1002 : len = 565336, over cnt = 2(0%), over = 2, worst = 1
PHY-1002 : len = 565432, over cnt = 0(0%), over = 0, worst = 0
PHY-1001 : End global iterations;  2.734874s wall, 2.765625s user + 0.390625s system = 3.156250s CPU (115.4%)

PHY-1001 : Congestion index: top1 = 39.98, top5 = 36.75, top10 = 34.64, top15 = 33.31.
PHY-1001 : End global routing;  2.927237s wall, 2.953125s user + 0.406250s system = 3.359375s CPU (114.8%)

PHY-1001 : Start detail routing ...
PHY-1001 : Current memory(MB): used = 625, reserve = 612, peak = 625.
PHY-1001 : Detailed router is running in normal mode.
PHY-1001 : Generate detailed routing grids ...
PHY-1001 : Processed IO instance aud_dacdat_syn_4 with INV attribute.
PHY-1001 : Processed IO instance aud_dacdat_1_syn_4 with INV attribute.
PHY-1001 : Processed IO instance aud_dacdat_2_syn_4 with INV attribute.
PHY-1001 : Processed IO instance aud_dacdat_3_syn_4 with INV attribute.
PHY-1001 : Generate nets ...
PHY-1001 : clock net aud_bclk_syn_4 will be merged with clock aud_bclk_dup_1
PHY-1001 : clock net aud_bclk_1_syn_4 will be merged with clock aud_bclk_1_dup_1
PHY-1001 : clock net aud_bclk_2_syn_4 will be merged with clock aud_bclk_2_dup_1
PHY-1001 : clock net aud_bclk_3_syn_4 will be merged with clock aud_bclk_3_dup_1
PHY-1001 : net aud_mclk_dup_1 will be routed on clock mesh
PHY-1001 : net aud_mclk_1_dup_1 will be routed on clock mesh
PHY-1001 : net aud_mclk_2_dup_1 will be routed on clock mesh
PHY-1001 : net aud_mclk_3_dup_1 will be routed on clock mesh
PHY-1001 : clock net ilaclk_dup_1 will be merged with clock u_pll_clk/clk0_buf
PHY-1001 : clock net ilaclk_1_dup_1 will be merged with clock u1_pll_clk/clk0_buf
PHY-1001 : clock net ilaclk_2_dup_1 will be merged with clock u2_pll_clk/clk0_buf
PHY-1001 : clock net ilaclk_3_dup_1 will be merged with clock u3_pll_clk/clk0_buf
PHY-1001 : net sys_clk_dup_1 will be routed on clock mesh
PHY-1001 : clock net u1_es8388_ctrl/u_es8388_config/u_i2c_dri/dri_clk_syn_4 will be merged with clock u1_es8388_ctrl/u_es8388_config/u_i2c_dri/dri_clk
PHY-1001 : clock net u2_es8388_ctrl/u_es8388_config/u_i2c_dri/dri_clk_syn_4 will be merged with clock u2_es8388_ctrl/u_es8388_config/u_i2c_dri/dri_clk
PHY-1001 : clock net u3_es8388_ctrl/u_es8388_config/u_i2c_dri/dri_clk_syn_4 will be merged with clock u3_es8388_ctrl/u_es8388_config/u_i2c_dri/dri_clk
PHY-1001 : Current memory(MB): used = 883, reserve = 873, peak = 883.
PHY-1001 : End build detailed router design. 2.872541s wall, 2.796875s user + 0.046875s system = 2.843750s CPU (99.0%)

PHY-1001 : Detail Route ...
PHY-1001 : ===== Detail Route Phase 1 =====
PHY-1001 : Clock net routing.....
PHY-1001 : Routed 0% nets.
PHY-1022 : len = 177920, over cnt = 0(0%), over = 0, worst = 0, crit = 0
PHY-1001 : End initial clock net routed; 3.608373s wall, 3.484375s user + 0.046875s system = 3.531250s CPU (97.9%)

PHY-1001 : Current memory(MB): used = 919, reserve = 911, peak = 919.
PHY-1001 : End phase 1; 3.614193s wall, 3.500000s user + 0.046875s system = 3.546875s CPU (98.1%)

PHY-1001 : ===== Detail Route Phase 2 =====
PHY-1001 : Initial routing.....
PHY-1001 : Routed 51% nets.
PHY-1001 : Routed 57% nets.
PHY-1001 : Routed 66% nets.
PHY-1001 : Routed 77% nets.
PHY-1001 : Routed 89% nets.
PHY-1022 : len = 3.13714e+06, over cnt = 937(0%), over = 940, worst = 2, crit = 0
PHY-1001 : Current memory(MB): used = 931, reserve = 921, peak = 931.
PHY-1001 : End initial routed; 12.815272s wall, 15.531250s user + 6.109375s system = 21.640625s CPU (168.9%)

PHY-1001 : Current memory(MB): used = 931, reserve = 921, peak = 931.
PHY-1001 : End phase 2; 12.815363s wall, 15.531250s user + 6.109375s system = 21.640625s CPU (168.9%)

PHY-1001 : ===== Detail Route Phase 3 =====
PHY-1001 : Ripup-reroute.....
PHY-1001 : ===== DR Iter 1 =====
PHY-1022 : len = 3.08882e+06, over cnt = 383(0%), over = 384, worst = 2, crit = 0
PHY-1001 : End DR Iter 1; 2.828206s wall, 3.015625s user + 0.171875s system = 3.187500s CPU (112.7%)

PHY-1001 : ===== DR Iter 2 =====
PHY-1022 : len = 3.0767e+06, over cnt = 87(0%), over = 87, worst = 1, crit = 0
PHY-1001 : End DR Iter 2; 0.913666s wall, 1.171875s user + 0.078125s system = 1.250000s CPU (136.8%)

PHY-1001 : ===== DR Iter 3 =====
PHY-1022 : len = 3.07541e+06, over cnt = 29(0%), over = 29, worst = 1, crit = 0
PHY-1001 : End DR Iter 3; 0.378116s wall, 0.343750s user + 0.062500s system = 0.406250s CPU (107.4%)

PHY-1001 : ===== DR Iter 4 =====
PHY-1022 : len = 3.07553e+06, over cnt = 2(0%), over = 2, worst = 1, crit = 0
PHY-1001 : End DR Iter 4; 0.232242s wall, 0.203125s user + 0.031250s system = 0.234375s CPU (100.9%)

PHY-1001 : ===== DR Iter 5 =====
PHY-1022 : len = 3.07556e+06, over cnt = 1(0%), over = 1, worst = 1, crit = 0
PHY-1001 : End DR Iter 5; 0.098092s wall, 0.109375s user + 0.000000s system = 0.109375s CPU (111.5%)

PHY-1001 : ===== DR Iter 6 =====
PHY-1022 : len = 3.07556e+06, over cnt = 1(0%), over = 1, worst = 1, crit = 0
PHY-1001 : End DR Iter 6; 0.153027s wall, 0.109375s user + 0.046875s system = 0.156250s CPU (102.1%)

PHY-1001 : ===== DR Iter 7 =====
PHY-1022 : len = 3.07556e+06, over cnt = 1(0%), over = 1, worst = 1, crit = 0
PHY-1001 : End DR Iter 7; 0.201664s wall, 0.187500s user + 0.015625s system = 0.203125s CPU (100.7%)

PHY-1001 : ===== DR Iter 8 =====
PHY-1022 : len = 3.07556e+06, over cnt = 1(0%), over = 1, worst = 1, crit = 0
PHY-1001 : End DR Iter 8; 0.096855s wall, 0.078125s user + 0.000000s system = 0.078125s CPU (80.7%)

PHY-1001 : ==== DR Iter 9 ====
PHY-1022 : len = 3.07556e+06, over cnt = 1(0%), over = 1, worst = 1, crit = 0
PHY-1001 : End DR Iter 9; 0.109245s wall, 0.125000s user + 0.031250s system = 0.156250s CPU (143.0%)

PHY-1001 : ==== DR Iter 10 ====
PHY-1022 : len = 3.07556e+06, over cnt = 0(0%), over = 0, worst = 0, crit = 0
PHY-1001 : End DR Iter 10; 0.087710s wall, 0.109375s user + 0.046875s system = 0.156250s CPU (178.1%)

PHY-1001 : Commit to database.....
PHY-1001 : 500 feed throughs used by 199 nets
PHY-1001 : End commit to database; 1.491407s wall, 1.484375s user + 0.015625s system = 1.500000s CPU (100.6%)

PHY-1001 : Current memory(MB): used = 1022, reserve = 1015, peak = 1022.
PHY-1001 : End phase 3; 6.799545s wall, 7.125000s user + 0.500000s system = 7.625000s CPU (112.1%)

PHY-1003 : Routed, final wirelength = 3.07556e+06
PHY-1001 : Current memory(MB): used = 1026, reserve = 1019, peak = 1026.
PHY-1001 : End export database. 0.035944s wall, 0.031250s user + 0.015625s system = 0.046875s CPU (130.4%)

PHY-1001 : End detail routing;  26.371196s wall, 29.171875s user + 6.718750s system = 35.890625s CPU (136.1%)

RUN-1003 : finish command "route" in  30.676369s wall, 33.375000s user + 7.234375s system = 40.609375s CPU (132.4%)

RUN-1004 : used memory is 829 MB, reserved memory is 835 MB, peak memory is 1026 MB
RUN-1002 : start command "report_area -io_info -file ES8388_phy.area"
RUN-1001 : standard
***Report Model: audio_speak Device: EG4S20BG256***

IO Statistics
#IO                        57
  #input                   25
  #output                  28
  #inout                    4

Utilization Statistics
#lut                     7687   out of  19600   39.22%
#reg                     7254   out of  19600   37.01%
#le                      9492
  #lut only              2238   out of   9492   23.58%
  #reg only              1805   out of   9492   19.02%
  #lut&reg               5449   out of   9492   57.41%
#dsp                        2   out of     29    6.90%
#bram                       0   out of     64    0.00%
  #bram9k                   0
  #fifo9k                   0
#bram32k                    0   out of     16    0.00%
#pad                       54   out of    188   28.72%
  #ireg                     8
  #oreg                    20
  #treg                     4
#pll                        4   out of      4  100.00%
#gclk                      11   out of     16   68.75%

Clock Resource Statistics
Index     ClockNet                                            Type               DriverType         Driver                                                           Fanout
#1        sys_clk_dup_1                                       GCLK               io                 sys_clk_syn_2.di                                                 4531
#2        aud_bclk_dup_1                                      GCLK               io                 aud_bclk_syn_2.di                                                47
#3        aud_bclk_2_dup_1                                    GCLK               io                 aud_bclk_2_syn_2.di                                              44
#4        aud_bclk_3_dup_1                                    GCLK               io                 aud_bclk_3_syn_2.di                                              44
#5        aud_bclk_1_dup_1                                    GCLK               io                 aud_bclk_1_syn_2.di                                              43
#6        u1_es8388_ctrl/u_es8388_config/u_i2c_dri/dri_clk    GCLK               mslice             u1_es8388_ctrl/u_es8388_config/u_i2c_dri/dri_clk_reg_syn_9.q1    41
#7        u2_es8388_ctrl/u_es8388_config/u_i2c_dri/dri_clk    GCLK               mslice             u2_es8388_ctrl/u_es8388_config/u_i2c_dri/dri_clk_reg_syn_9.q1    40
#8        u3_es8388_ctrl/u_es8388_config/u_i2c_dri/dri_clk    GCLK               lslice             u3_es8388_ctrl/u_es8388_config/u_i2c_dri/dri_clk_reg_syn_9.q1    38
#9        aud_mclk_1_dup_1                                    GCLK               pll                u1_pll_clk/pll_inst.clkc1                                        0
#10       aud_mclk_2_dup_1                                    GCLK               pll                u2_pll_clk/pll_inst.clkc1                                        0
#11       aud_mclk_3_dup_1                                    GCLK               pll                u3_pll_clk/pll_inst.clkc1                                        0
#12       aud_mclk_dup_1                                      GCLK               pll                u_pll_clk/pll_inst.clkc1                                         0
#13       u1_pll_clk/clk0_buf                                 GCLK               pll                u1_pll_clk/pll_inst.clkc0                                        0
#14       u2_pll_clk/clk0_buf                                 GCLK               pll                u2_pll_clk/pll_inst.clkc0                                        0
#15       u3_pll_clk/clk0_buf                                 GCLK               pll                u3_pll_clk/pll_inst.clkc0                                        0
#16       u_pll_clk/clk0_buf                                  GCLK               pll                u_pll_clk/pll_inst.clkc0                                         0


Detailed IO Report

        Name          Direction    Location    IOStandard    DriveStrength    PullType     PackReg   
     aud_adcdat         INPUT        R14        LVCMOS25          N/A          PULLUP       IREG     
    aud_adcdat_1        INPUT        G16        LVCMOS25          N/A          PULLUP       IREG     
    aud_adcdat_2        INPUT         E7        LVCMOS25          N/A          PULLUP       IREG     
    aud_adcdat_3        INPUT         L4        LVCMOS25          N/A          PULLUP       IREG     
      aud_bclk          INPUT         M6        LVCMOS25          N/A          PULLUP       NONE     
     aud_bclk_1         INPUT        G14        LVCMOS25          N/A          PULLUP       NONE     
     aud_bclk_2         INPUT         D5        LVCMOS25          N/A          PULLUP       NONE     
     aud_bclk_3         INPUT         H5        LVCMOS25          N/A          PULLUP       NONE     
      aud_lrc           INPUT         M7        LVCMOS25          N/A          PULLUP       IREG     
     aud_lrc_1          INPUT        H16        LVCMOS25          N/A          PULLUP       IREG     
     aud_lrc_2          INPUT         C6        LVCMOS25          N/A          PULLUP       IREG     
     aud_lrc_3          INPUT         K6        LVCMOS25          N/A          PULLUP       IREG     
     denoise_en         INPUT        A11        LVCMOS25          N/A          PULLUP       NONE     
  pitch_control[2]      INPUT        B10        LVCMOS25          N/A          PULLUP       NONE     
  pitch_control[1]      INPUT        A10        LVCMOS25          N/A          PULLUP       NONE     
  pitch_control[0]      INPUT         A9        LVCMOS25          N/A          PULLUP       NONE     
      pitch_en          INPUT        A12        LVCMOS25          N/A          PULLUP       NONE     
      sys_clk           INPUT         R7        LVCMOS25          N/A          PULLUP       NONE     
     sys_rst_n          INPUT         E3        LVCMOS25          N/A          PULLUP       NONE     
    sys_rst_n_1         INPUT         G6        LVCMOS25          N/A           N/A         NONE     
    sys_rst_n_2         INPUT         D9        LVCMOS25          N/A           N/A         NONE     
    sys_rst_n_3         INPUT         E4        LVCMOS25          N/A           N/A         NONE     
     aud_dacdat        OUTPUT         P6        LVCMOS25           8            NONE        OREG     
    aud_dacdat_1       OUTPUT        H14        LVCMOS25           8            NONE        OREG     
    aud_dacdat_2       OUTPUT         E6        LVCMOS25           8            NONE        OREG     
    aud_dacdat_3       OUTPUT         K3        LVCMOS25           8            NONE        OREG     
      aud_mclk         OUTPUT         N5        LVCMOS25           8            NONE        NONE     
     aud_mclk_1        OUTPUT        F14        LVCMOS25           8            NONE        NONE     
     aud_mclk_2        OUTPUT         F6        LVCMOS25           8            NONE        NONE     
     aud_mclk_3        OUTPUT         H4        LVCMOS25           8            NONE        NONE     
      aud_scl          OUTPUT        R12        LVCMOS25           8            NONE        OREG     
     aud_scl_1         OUTPUT        D14        LVCMOS25           8            NONE        OREG     
     aud_scl_2         OUTPUT         A2        LVCMOS25           8            NONE        OREG     
     aud_scl_3         OUTPUT         G3        LVCMOS25           8            NONE        OREG     
       ilaclk          OUTPUT         M9        LVCMOS25           8            NONE        NONE     
      ilaclk_1         OUTPUT        L16        LVCMOS25           8            NONE        NONE     
      ilaclk_2         OUTPUT         D3        LVCMOS25           8            NONE        NONE     
      ilaclk_3         OUTPUT        K15        LVCMOS25           8            NONE        NONE     
        led            OUTPUT        E16        LVCMOS25           8            N/A         NONE     
       led_1           OUTPUT         F4        LVCMOS25           8            N/A         NONE     
       led_2           OUTPUT         J6        LVCMOS25           8            N/A         NONE     
       led_3           OUTPUT        M16        LVCMOS25           8            N/A         NONE     
     led_eight         OUTPUT        M12        LVCMOS25           8            NONE        OREG     
      led_five         OUTPUT        M10        LVCMOS25           8            NONE        OREG     
      led_four         OUTPUT        P11        LVCMOS25           8            NONE        OREG     
      led_one          OUTPUT         P9        LVCMOS25           8            NONE        OREG     
     led_seven         OUTPUT        N12        LVCMOS25           8            NONE        OREG     
      led_six          OUTPUT        L10        LVCMOS25           8            NONE        OREG     
      led_tree         OUTPUT        R16        LVCMOS25           8            NONE        OREG     
      led_two          OUTPUT        P12        LVCMOS25           8            NONE        OREG     
      aud_sda           INOUT         R9        LVCMOS25           8           PULLUP     OREG;TREG  
     aud_sda_1          INOUT        E15        LVCMOS25           8           PULLUP     OREG;TREG  
     aud_sda_2          INOUT         C3        LVCMOS25           8           PULLUP     OREG;TREG  
     aud_sda_3          INOUT         F3        LVCMOS25           8           PULLUP     OREG;TREG  

Report Hierarchy Area:
+--------------------------------------------------------------------------------------------------------+
|Instance                   |Module                 |le     |lut     |ripple  |seq     |bram    |dsp     |
+--------------------------------------------------------------------------------------------------------+
|top                        |audio_speak            |9492   |7065    |622     |7286    |0       |2       |
|  u1_es8388_ctrl           |es8388_ctrl            |279    |225     |27      |167     |0       |0       |
|    u_audio_receive        |audio_receive          |79     |45      |12      |57      |0       |0       |
|    u_audio_send           |audio_send             |40     |40      |0       |29      |0       |0       |
|    u_es8388_config        |es8388_config          |159    |139     |15      |81      |0       |0       |
|      u_i2c_dri            |i2c_dri                |99     |88      |7       |54      |0       |0       |
|      u_i2c_reg_cfg        |i2c_reg_cfg            |60     |51      |8       |27      |0       |0       |
|  u1_pll_clk               |clk_wiz_0              |0      |0       |0       |0       |0       |0       |
|  u2_es8388_ctrl           |es8388_ctrl            |282    |227     |27      |159     |0       |0       |
|    u_audio_receive        |audio_receive          |107    |74      |12      |53      |0       |0       |
|    u_audio_send           |audio_send             |25     |21      |0       |22      |0       |0       |
|    u_es8388_config        |es8388_config          |150    |132     |15      |84      |0       |0       |
|      u_i2c_dri            |i2c_dri                |87     |78      |7       |55      |0       |0       |
|      u_i2c_reg_cfg        |i2c_reg_cfg            |63     |54      |8       |29      |0       |0       |
|  u2_pll_clk               |clk_wiz_0              |0      |0       |0       |0       |0       |0       |
|  u3_es8388_ctrl           |es8388_ctrl            |273    |217     |27      |162     |0       |0       |
|    u_audio_receive        |audio_receive          |105    |74      |12      |56      |0       |0       |
|    u_audio_send           |audio_send             |24     |16      |0       |24      |0       |0       |
|    u_es8388_config        |es8388_config          |144    |127     |15      |82      |0       |0       |
|      u_i2c_dri            |i2c_dri                |82     |75      |7       |53      |0       |0       |
|      u_i2c_reg_cfg        |i2c_reg_cfg            |62     |52      |8       |29      |0       |0       |
|  u3_pll_clk               |clk_wiz_0              |0      |0       |0       |0       |0       |0       |
|  u_es8388_ctrl            |es8388_ctrl            |356    |272     |61      |189     |0       |0       |
|    u_audio_receive        |audio_receive          |96     |67      |12      |58      |0       |0       |
|    u_audio_send           |audio_send             |31     |31      |0       |28      |0       |0       |
|    u_es8388_config        |es8388_config          |229    |174     |49      |103     |0       |0       |
|      u_i2c_dri            |i2c_dri                |111    |98      |7       |67      |0       |0       |
|      u_i2c_reg_cfg        |i2c_reg_cfg            |118    |76      |42      |36      |0       |0       |
|  u_noise_suppress         |noise_suppress         |49     |25      |13      |24      |0       |0       |
|  u_pitch_shift            |pitch_shift            |6238   |4781    |15      |6094    |0       |0       |
|  u_pll_clk                |clk_wiz_0              |1      |1       |0       |0       |0       |0       |
|  u_simple_denoise         |simple_denoise         |193    |87      |63      |78      |0       |2       |
|  u_spar_4mic_localization |spar_4mic_localization |1771   |1217    |377     |347     |0       |0       |
+--------------------------------------------------------------------------------------------------------+


DataNet Average Fanout:

   Index     Fanout     Nets   
    #1          1       13077  
    #2          2       1278   
    #3          3        177   
    #4          4        78    
    #5        5-10       356   
    #6        11-50      403   
    #7       51-100       4    
    #8       101-500     33    
    #9        >500        5    
  Average     2.96             

RUN-1002 : start command "export_db ES8388_pr.db"
RUN-1001 : Exported /
RUN-1001 : Exported flow parameters
RUN-1001 : Exported libs
RUN-1001 : Exported entities
RUN-1001 : Exported ports
RUN-1001 : Exported pins
RUN-1001 : Exported instances
RUN-1001 : Exported nets
RUN-1001 : Exported buses
RUN-1001 : Exported models
RUN-1001 : Exported congestions
RUN-1001 : Exported violations
RUN-1001 : Exported IO constraints
RUN-1001 : Exported Inst constraints
RUN-1003 : finish command "export_db ES8388_pr.db" in  1.397216s wall, 2.093750s user + 0.000000s system = 2.093750s CPU (149.9%)

RUN-1004 : used memory is 830 MB, reserved memory is 836 MB, peak memory is 1026 MB
RUN-1002 : start command "export_bid ES8388_inst.bid"
RUN-1002 : start command "bitgen -bit ES8388.bit -unused_io_status pulldown"
BIT-1003 : Start to generate bitstream. 
BIT-1002 : Bitgen processed 134 unused pads, reserve input tri_state with pulldown
BIT-1002 : Init instances with 24 threads.
BIT-1002 : Init instances completely, inst num: 5925
BIT-1002 : Init pips with 24 threads.
BIT-1002 : Init pips completely, net num: 15484, pip num: 164091
BIT-1002 : Init feedthrough with 24 threads.
BIT-1002 : Init feedthrough completely, num: 500
BIT-1003 : Multithreading accelaration with 24 threads.
BIT-1003 : Generate bitstream completely, there are 3273 valid insts, and 404635 bits set as '1'.
BIT-1004 : PLL setting string = 1111
BIT-1004 : Generate bits file ES8388.bit.
RUN-1003 : finish command "bitgen -bit ES8388.bit -unused_io_status pulldown" in  13.681144s wall, 231.265625s user + 2.640625s system = 233.906250s CPU (1709.7%)

RUN-1004 : used memory is 860 MB, reserved memory is 873 MB, peak memory is 1066 MB
RUN-1002 : start command "backup_run_log run.log ../.logs/phy_1/td_20251031_204401.log"
