============================================================
   Tang Dynasty, V5.6.71036
      Copyright (c) 2012-2023 Anlogic Inc.
   Executable = E:/Software/Anlogic/TD5.6.2/bin/td.exe
   Built at =   20:34:38 Mar 21 2023
   Run by =     Lviva
   Run Date =   Tue Oct 28 08:35:56 2025

   Run on =     VIVACIOUS
============================================================
RUN-1002 : start command "open_project ES8388.prj"
RUN-1001 : Print Global Property
RUN-1001 : ---------------------------------------------------------------
RUN-1001 :        Parameters        |  Settings  |  Default Values  |  Note  
RUN-1001 : ---------------------------------------------------------------
RUN-1001 :          message         |  standard  |     standard     |        
RUN-1001 :   mixed_pack_place_flow  |     on     |        on        |        
RUN-1001 :        qor_monitor       |    off     |       off        |        
RUN-1001 :        syn_ip_flow       |    off     |       off        |        
RUN-1001 :          thread          |    auto    |       auto       |        
RUN-1001 : ---------------------------------------------------------------
RUN-1001 : Print Design Property
RUN-1001 : --------------------------------------------------------------
RUN-1001 :        Parameters       |  Settings  |  Default Values  |  Note  
RUN-1001 : --------------------------------------------------------------
RUN-1001 :   default_reg_initial   |    auto    |       auto       |        
RUN-1001 :        infer_add        |     on     |        on        |        
RUN-1001 :        infer_fsm        |    off     |       off        |        
RUN-1001 :        infer_mult       |     on     |        on        |        
RUN-1001 :        infer_ram        |     on     |        on        |        
RUN-1001 :        infer_reg        |     on     |        on        |        
RUN-1001 :   infer_reg_init_value  |     on     |        on        |        
RUN-1001 :        infer_rom        |     on     |        on        |        
RUN-1001 :      infer_shifter      |     on     |        on        |        
RUN-1001 : --------------------------------------------------------------
RUN-1001 : Print Rtl Property
RUN-1001 : --------------------------------------------------------------
RUN-1001 :        Parameters       |  Settings  |  Default Values  |  Note  
RUN-1001 : --------------------------------------------------------------
RUN-1001 :       compress_add      |   ripple   |      ripple      |        
RUN-1001 :        elf_sload        |    off     |       off        |        
RUN-1001 :       fix_undriven      |     0      |        0         |        
RUN-1001 :         flatten         |    off     |       off        |        
RUN-1001 :       gate_sharing      |     on     |        on        |        
RUN-1001 :    hdl_warning_level    |   normal   |      normal      |        
RUN-1001 :   impl_internal_tribuf  |     on     |        on        |        
RUN-1001 :      impl_set_reset     |     on     |        on        |        
RUN-1001 :        infer_gsr        |    off     |       off        |        
RUN-1001 :      keep_hierarchy     |    auto    |       auto       |        
RUN-1001 :        max_fanout       |    9999    |       9999       |        
RUN-1001 :      max_oh2bin_len     |     10     |        10        |        
RUN-1001 :       merge_equal       |     on     |        on        |        
RUN-1001 :       merge_equiv       |     on     |        on        |        
RUN-1001 :        merge_mux        |    off     |       off        |        
RUN-1001 :     min_control_set     |     8      |        8         |        
RUN-1001 :      min_ripple_len     |    auto    |       auto       |        
RUN-1001 :       oh2bin_ratio      |    0.08    |       0.08       |        
RUN-1001 :     opt_adder_fanout    |     on     |        on        |        
RUN-1001 :        opt_arith        |     on     |        on        |        
RUN-1001 :       opt_big_gate      |    off     |       off        |        
RUN-1001 :        opt_const        |     on     |        on        |        
RUN-1001 :      opt_const_mult     |     on     |        on        |        
RUN-1001 :       opt_lessthan      |     on     |        on        |        
RUN-1001 :         opt_mux         |    off     |       off        |        
RUN-1001 :         opt_ram         |    high    |       high       |        
RUN-1001 :      rtl_sim_model      |    off     |       off        |        
RUN-1001 :         seq_syn         |     on     |        on        |        
RUN-1001 : --------------------------------------------------------------
HDL-1007 : analyze verilog file ../../al_ip/clk_wiz_0.v
HDL-1007 : undeclared symbol 'open', assumed default net type 'wire' in ../../al_ip/clk_wiz_0.v(80)
HDL-1007 : analyze verilog file ../../../RTL/audio_receive.v
HDL-1007 : analyze verilog file ../../../RTL/audio_send.v
HDL-1007 : analyze verilog file ../../../RTL/audio_speak.v
HDL-1007 : analyze verilog file ../../../RTL/es8388_config.v
HDL-1007 : analyze verilog file ../../../RTL/es8388_ctrl.v
HDL-1007 : analyze verilog file ../../../RTL/i2c_dri.v
HDL-1007 : analyze verilog file ../../../RTL/i2c_reg_cfg.v
HDL-1007 : analyze verilog file ../../../RTL/spar_4mic_localization.v
RUN-1001 : Project manager successfully analyzed 9 source files.
RUN-1002 : start command "import_device eagle_s20.db -package EG4S20BG256"
ARC-1001 : Device Initialization.
ARC-1001 : ------------------------------------------------------------------
ARC-1001 :            OPTION            |          IO          |   SETTING   
ARC-1001 : ------------------------------------------------------------------
ARC-1001 :   cso_b/cclk/mosi/miso/dout  |  T3/R11/T10/P10/S11  |    gpio    
ARC-1001 :             done             |         P13          |    gpio    
ARC-1001 :           program_b          |          T2          |  dedicate  
ARC-1001 :        tdi/tms/tck/tdo       |   C12/A15/C14/E14    |  dedicate  
ARC-1001 : ------------------------------------------------------------------
ARC-1004 : Device setting, marked 5 dedicate IOs in total.
RUN-1002 : start command "import_db ../syn_1/ES8388_gate.db"
RUN-1001 : Importing database generated by Tang Dynasty, V5.6.71036.
RUN-1001 : Database version number 46146.
RUN-1001 : Import flow parameters
RUN-1001 : Import IO constraints
RUN-1001 : Import Inst constraints
RUN-1001 : Import design success TD_VERSION=5.6.71036 , DB_VERSION=46146
RUN-1002 : start command "place"
RUN-1001 : Open license file E:/Software/Anlogic/TD5.6.2/license/Anlogic.lic
RUN-1001 : Print Global Property
RUN-1001 : ---------------------------------------------------------------
RUN-1001 :        Parameters        |  Settings  |  Default Values  |  Note  
RUN-1001 : ---------------------------------------------------------------
RUN-1001 :          message         |  standard  |     standard     |        
RUN-1001 :   mixed_pack_place_flow  |     on     |        on        |        
RUN-1001 :        qor_monitor       |    off     |       off        |        
RUN-1001 :        syn_ip_flow       |    off     |       off        |        
RUN-1001 :          thread          |    auto    |       auto       |        
RUN-1001 : ---------------------------------------------------------------
RUN-1001 : Print Place Property
RUN-1001 : --------------------------------------------------------------
RUN-1001 :        Parameters       |  Settings  |  Default Values  |  Note  
RUN-1001 : --------------------------------------------------------------
RUN-1001 :      detailed_place     |     on     |        on        |        
RUN-1001 :          effort         |   medium   |      medium      |        
RUN-1001 :         fix_hold        |    off     |       off        |        
RUN-1001 :       legalization      |    ori     |       ori        |        
RUN-1001 :      new_spreading      |     on     |        on        |        
RUN-1001 :        opt_timing       |   medium   |      medium      |        
RUN-1001 :   post_clock_route_opt  |    off     |       off        |        
RUN-1001 :       pr_strategy       |     1      |        1         |        
RUN-1001 :        relaxation       |    1.00    |       1.00       |        
RUN-1001 :         retiming        |    off     |       off        |        
RUN-1001 : --------------------------------------------------------------
PHY-3001 : Placer runs in 16 thread(s).
RUN-1002 : start command "legalize_phy_inst"
SYN-1011 : Flatten model audio_speak
RUN-1002 : start command "phys_opt -simplify_lut"
SYN-4016 : Net ilaclk_1_dup_1 driven by BUFG (0 clock/control pins, 2 other pins).
SYN-4016 : Net ilaclk_2_dup_1 driven by BUFG (0 clock/control pins, 2 other pins).
SYN-4016 : Net ilaclk_3_dup_1 driven by BUFG (0 clock/control pins, 2 other pins).
SYN-4016 : Net ilaclk_dup_1 driven by BUFG (0 clock/control pins, 2 other pins).
SYN-4027 : Net aud_mclk_1_dup_1 is clkc1 of pll u1_pll_clk/pll_inst.
SYN-4019 : Net sys_clk_dup_1 is refclk of pll u1_pll_clk/pll_inst.
SYN-4020 : Net sys_clk_dup_1 is fbclk of pll u1_pll_clk/pll_inst.
SYN-4027 : Net aud_mclk_2_dup_1 is clkc1 of pll u2_pll_clk/pll_inst.
SYN-4019 : Net sys_clk_dup_1 is refclk of pll u2_pll_clk/pll_inst.
SYN-4020 : Net sys_clk_dup_1 is fbclk of pll u2_pll_clk/pll_inst.
SYN-4027 : Net aud_mclk_3_dup_1 is clkc1 of pll u3_pll_clk/pll_inst.
SYN-4019 : Net sys_clk_dup_1 is refclk of pll u3_pll_clk/pll_inst.
SYN-4020 : Net sys_clk_dup_1 is fbclk of pll u3_pll_clk/pll_inst.
SYN-4027 : Net aud_mclk_dup_1 is clkc1 of pll u_pll_clk/pll_inst.
SYN-4019 : Net sys_clk_dup_1 is refclk of pll u_pll_clk/pll_inst.
SYN-4020 : Net sys_clk_dup_1 is fbclk of pll u_pll_clk/pll_inst.
SYN-4024 : Net "aud_bclk_dup_1" drives clk pins.
SYN-4024 : Net "aud_bclk_1_dup_1" drives clk pins.
SYN-4024 : Net "aud_bclk_2_dup_1" drives clk pins.
SYN-4024 : Net "aud_bclk_3_dup_1" drives clk pins.
SYN-4024 : Net "u1_es8388_ctrl/u_es8388_config/u_i2c_dri/dri_clk" drives clk pins.
SYN-4024 : Net "u2_es8388_ctrl/u_es8388_config/u_i2c_dri/dri_clk" drives clk pins.
SYN-4024 : Net "u3_es8388_ctrl/u_es8388_config/u_i2c_dri/dri_clk" drives clk pins.
SYN-7503 WARNING: Net "u_es8388_ctrl/u_es8388_config/u_i2c_dri/dri_clk" drives clk pins. However it will not be tagged as clk net, for there's no more slots.
SYN-4025 : Tag rtl::Net aud_bclk_1_dup_1 as clock net
SYN-4025 : Tag rtl::Net aud_bclk_2_dup_1 as clock net
SYN-4025 : Tag rtl::Net aud_bclk_3_dup_1 as clock net
SYN-4025 : Tag rtl::Net aud_bclk_dup_1 as clock net
SYN-4025 : Tag rtl::Net aud_mclk_1_dup_1 as clock net
SYN-4025 : Tag rtl::Net aud_mclk_2_dup_1 as clock net
SYN-4025 : Tag rtl::Net aud_mclk_3_dup_1 as clock net
SYN-4025 : Tag rtl::Net aud_mclk_dup_1 as clock net
SYN-4025 : Tag rtl::Net ilaclk_1_dup_1 as clock net
SYN-4025 : Tag rtl::Net ilaclk_2_dup_1 as clock net
SYN-4025 : Tag rtl::Net ilaclk_3_dup_1 as clock net
SYN-4025 : Tag rtl::Net ilaclk_dup_1 as clock net
SYN-4025 : Tag rtl::Net sys_clk_dup_1 as clock net
SYN-4025 : Tag rtl::Net u1_es8388_ctrl/u_es8388_config/u_i2c_dri/dri_clk as clock net
SYN-4025 : Tag rtl::Net u2_es8388_ctrl/u_es8388_config/u_i2c_dri/dri_clk as clock net
SYN-4025 : Tag rtl::Net u3_es8388_ctrl/u_es8388_config/u_i2c_dri/dri_clk as clock net
SYN-4026 : Tagged 16 rtl::Net as clock net
SYN-4015 : Create BUFG instance for clk Net aud_bclk_1_dup_1 to drive 80 clock pins.
SYN-4015 : Create BUFG instance for clk Net aud_bclk_2_dup_1 to drive 80 clock pins.
SYN-4015 : Create BUFG instance for clk Net aud_bclk_3_dup_1 to drive 80 clock pins.
SYN-4015 : Create BUFG instance for clk Net aud_bclk_dup_1 to drive 80 clock pins.
SYN-4015 : Create BUFG instance for clk Net u1_es8388_ctrl/u_es8388_config/u_i2c_dri/dri_clk to drive 59 clock pins.
SYN-4015 : Create BUFG instance for clk Net u2_es8388_ctrl/u_es8388_config/u_i2c_dri/dri_clk to drive 59 clock pins.
SYN-4015 : Create BUFG instance for clk Net u3_es8388_ctrl/u_es8388_config/u_i2c_dri/dri_clk to drive 59 clock pins.
PHY-1001 : Populate physical database on model audio_speak.
RUN-1001 : There are total 2947 instances
RUN-0007 : 1114 luts, 941 seqs, 538 mslices, 285 lslices, 51 pads, 0 brams, 0 dsps
RUN-1001 : There are total 4780 nets
RUN-1001 : 2965 nets have 2 pins
RUN-1001 : 1393 nets have [3 - 5] pins
RUN-1001 : 257 nets have [6 - 10] pins
RUN-1001 : 104 nets have [11 - 20] pins
RUN-1001 : 47 nets have [21 - 99] pins
RUN-1001 : 14 nets have 100+ pins
RUN-1001 : Report Control nets information:
RUN-1001 : DFF Distribution
RUN-1001 : ----------------------------------
RUN-1001 :   CE   |  SSR  |  ASR  |  DFF Count  
RUN-1001 : ----------------------------------
RUN-1001 :   No   |  No   |  No   |      0      
RUN-1001 :   No   |  No   |  Yes  |     613     
RUN-1001 :   No   |  Yes  |  No   |      0      
RUN-1001 :   Yes  |  No   |  No   |      0      
RUN-1001 :   Yes  |  No   |  Yes  |     296     
RUN-1001 :   Yes  |  Yes  |  No   |     32      
RUN-1001 : ----------------------------------
RUN-0007 : Control Group Statistic
RUN-0007 : ---------------------------
RUN-0007 :   #CLK  |  #CE  |  #SSR/ASR  
RUN-0007 : ---------------------------
RUN-0007 :    9    |  22   |     9      
RUN-0007 : ---------------------------
RUN-0007 : Control Set = 34
PHY-3001 : Initial placement ...
PHY-3001 : design contains 2945 instances, 1114 luts, 941 seqs, 823 slices, 176 macros(823 instances: 538 mslices 285 lslices)
PHY-0007 : Cell area utilization is 14%
PHY-3001 : Global placement ...
PHY-3001 : Initial: Len = 812418
PHY-3001 : Clustering ...
PHY-3001 : Level 0 #clusters 2945.
PHY-3001 : End clustering;  0.000082s wall, 0.000000s user + 0.000000s system = 0.000000s CPU (n/a%)

PHY-3001 : Run with size of 4
PHY-3001 : Cell area utilization is 14%
PHY-3001 : :::0::: Try harder cell spreading with beta_ = 0
PHY-3002 : Step(1): len = 525202, overlap = 0
PHY-3002 : Step(2): len = 362657, overlap = 2.75
PHY-3002 : Step(3): len = 281879, overlap = 5.53125
PHY-3002 : Step(4): len = 205711, overlap = 22.2188
PHY-3002 : Step(5): len = 169072, overlap = 64.5
PHY-3002 : Step(6): len = 153279, overlap = 85.5
PHY-3002 : Step(7): len = 126823, overlap = 100.844
PHY-3002 : Step(8): len = 107086, overlap = 113.562
PHY-3002 : Step(9): len = 97291.2, overlap = 134.719
PHY-3002 : Step(10): len = 96224.9, overlap = 153.312
PHY-3002 : Step(11): len = 92477.9, overlap = 163.156
PHY-3002 : Step(12): len = 83773.9, overlap = 171.906
PHY-3002 : Step(13): len = 76567, overlap = 179.219
PHY-3002 : Step(14): len = 73029.4, overlap = 194.562
PHY-3002 : Step(15): len = 71517.9, overlap = 196.781
PHY-3001 : :::1::: Try harder cell spreading with beta_ = 8.46847e-06
PHY-3002 : Step(16): len = 86388.2, overlap = 123.469
PHY-3002 : Step(17): len = 88583.8, overlap = 117.344
PHY-3002 : Step(18): len = 80700.7, overlap = 112.781
PHY-3002 : Step(19): len = 72848.3, overlap = 125.531
PHY-3002 : Step(20): len = 72300.4, overlap = 127.469
PHY-3002 : Step(21): len = 73301.3, overlap = 128.281
PHY-3002 : Step(22): len = 74600.8, overlap = 131.531
PHY-3002 : Step(23): len = 74689.1, overlap = 118.656
PHY-3002 : Step(24): len = 72006, overlap = 114.625
PHY-3002 : Step(25): len = 72027.1, overlap = 114.719
PHY-3002 : Step(26): len = 72870.9, overlap = 114.062
PHY-3002 : Step(27): len = 70391.3, overlap = 113.812
PHY-3002 : Step(28): len = 68556.9, overlap = 114.25
PHY-3002 : Step(29): len = 68135.9, overlap = 110.469
PHY-3002 : Step(30): len = 65542.1, overlap = 122.656
PHY-3002 : Step(31): len = 66019.7, overlap = 125.969
PHY-3002 : Step(32): len = 66582.7, overlap = 125.812
PHY-3002 : Step(33): len = 63450.9, overlap = 128.656
PHY-3002 : Step(34): len = 62043.8, overlap = 125.062
PHY-3002 : Step(35): len = 61755.1, overlap = 124.344
PHY-3002 : Step(36): len = 60431.1, overlap = 118.281
PHY-3002 : Step(37): len = 60320.3, overlap = 106.75
PHY-3002 : Step(38): len = 60136.6, overlap = 94.9062
PHY-3002 : Step(39): len = 58310.3, overlap = 89.375
PHY-3002 : Step(40): len = 58526.6, overlap = 90.25
PHY-3002 : Step(41): len = 59008.2, overlap = 89.8438
PHY-3001 : :::2::: Try harder cell spreading with beta_ = 1.69369e-05
PHY-3002 : Step(42): len = 58657.9, overlap = 91.1562
PHY-3002 : Step(43): len = 58885.1, overlap = 90.0938
PHY-3002 : Step(44): len = 59072.4, overlap = 82.1562
PHY-3001 : :::3::: Try harder cell spreading with beta_ = 3.38739e-05
PHY-3002 : Step(45): len = 60938, overlap = 69.2188
PHY-3002 : Step(46): len = 61455.3, overlap = 68.4688
PHY-3002 : Step(47): len = 62553.2, overlap = 63.9375
PHY-3001 : :::4::: Try harder cell spreading with beta_ = 6.77478e-05
PHY-3002 : Step(48): len = 62668.2, overlap = 60.0625
PHY-3002 : Step(49): len = 62877, overlap = 58.6875
PHY-3002 : Step(50): len = 62901.4, overlap = 50.6562
PHY-3002 : Step(51): len = 63051.7, overlap = 47.625
PHY-3002 : Step(52): len = 60880.6, overlap = 40.5938
PHY-3002 : Step(53): len = 60855.7, overlap = 39.6875
PHY-3002 : Step(54): len = 61338.4, overlap = 37.3438
PHY-3001 : Legalization ...
PHY-3001 : End legalization;  0.004533s wall, 0.000000s user + 0.000000s system = 0.000000s CPU (n/a%)

PHY-3001 : Run with size of 4
PHY-3001 : Cell area utilization is 17%
PHY-3001 : :::0::: Try harder cell spreading with beta_ = 2.53895e-06
PHY-3002 : Step(55): len = 60028.7, overlap = 115.219
PHY-3002 : Step(56): len = 60028.7, overlap = 115.219
PHY-3002 : Step(57): len = 57021.9, overlap = 118.344
PHY-3002 : Step(58): len = 57086.9, overlap = 117.125
PHY-3002 : Step(59): len = 57148.4, overlap = 118.438
PHY-3001 : :::1::: Try harder cell spreading with beta_ = 5.0779e-06
PHY-3002 : Step(60): len = 56806.7, overlap = 117.781
PHY-3002 : Step(61): len = 56806.7, overlap = 117.781
PHY-3001 : :::2::: Try harder cell spreading with beta_ = 1.01558e-05
PHY-3002 : Step(62): len = 60280.2, overlap = 118.688
PHY-3002 : Step(63): len = 60649.5, overlap = 116.406
PHY-3002 : Step(64): len = 61491.5, overlap = 111.812
PHY-3001 : :::3::: Try harder cell spreading with beta_ = 2.03116e-05
PHY-3002 : Step(65): len = 64001.1, overlap = 103.875
PHY-3002 : Step(66): len = 64219.2, overlap = 103.906
PHY-3002 : Step(67): len = 63810.1, overlap = 99.7812
PHY-3002 : Step(68): len = 64012.2, overlap = 98.75
PHY-3002 : Step(69): len = 64236.4, overlap = 86.9688
PHY-3001 : :::4::: Try harder cell spreading with beta_ = 4.06232e-05
PHY-3002 : Step(70): len = 65039.7, overlap = 76.5938
PHY-3002 : Step(71): len = 65331.3, overlap = 80.4375
PHY-3002 : Step(72): len = 66847.3, overlap = 81.5938
PHY-3001 : :::5::: Try harder cell spreading with beta_ = 8.12464e-05
PHY-3002 : Step(73): len = 68932.3, overlap = 75.125
PHY-3002 : Step(74): len = 69337.7, overlap = 73.9062
PHY-3002 : Step(75): len = 69413.1, overlap = 72.6562
PHY-3002 : Step(76): len = 67990.5, overlap = 74.4688
PHY-3002 : Step(77): len = 67644, overlap = 75.4688
PHY-3002 : Step(78): len = 67186.8, overlap = 79.625
PHY-3001 : :::6::: Try harder cell spreading with beta_ = 0.000162493
PHY-3002 : Step(79): len = 68131.2, overlap = 81.7812
PHY-3002 : Step(80): len = 68249.9, overlap = 84.5625
PHY-3002 : Step(81): len = 68185.8, overlap = 81.25
PHY-3001 : :::7::: Try harder cell spreading with beta_ = 0.000324986
PHY-3002 : Step(82): len = 68786, overlap = 82.3438
PHY-3002 : Step(83): len = 68874.4, overlap = 82.1562
PHY-3001 : :::8::: Try harder cell spreading with beta_ = 0.000649971
PHY-3002 : Step(84): len = 69118.3, overlap = 82.5938
PHY-3002 : Step(85): len = 69271.1, overlap = 83.2188
PHY-3001 : :::9::: Try harder cell spreading with beta_ = 0.00129994
PHY-3002 : Step(86): len = 69486.9, overlap = 79.8438
PHY-3002 : Step(87): len = 69896.9, overlap = 79.9688
PHY-3001 : :::10::: Try harder cell spreading with beta_ = 0.00259988
PHY-3002 : Step(88): len = 69997.1, overlap = 80.2812
PHY-3002 : Step(89): len = 69997.1, overlap = 80.2812
PHY-3001 : :::11::: Try harder cell spreading with beta_ = 0.00426325
PHY-3002 : Step(90): len = 70037.8, overlap = 80.375
PHY-3002 : Step(91): len = 70125.4, overlap = 80
PHY-3001 : Run with size of 2
PHY-3001 : Cell area utilization is 17%
PHY-3001 : :::0::: Try harder cell spreading with beta_ = 1.29434e-05
PHY-3002 : Step(92): len = 69624.3, overlap = 165.188
PHY-3002 : Step(93): len = 70031.1, overlap = 165.719
PHY-3002 : Step(94): len = 65937.3, overlap = 166.5
PHY-3002 : Step(95): len = 63297.7, overlap = 174.25
PHY-3002 : Step(96): len = 62940, overlap = 172.25
PHY-3002 : Step(97): len = 63180, overlap = 170.125
PHY-3002 : Step(98): len = 63307.4, overlap = 175.125
PHY-3002 : Step(99): len = 63468.1, overlap = 174
PHY-3002 : Step(100): len = 62899, overlap = 166.25
PHY-3002 : Step(101): len = 62605.3, overlap = 166
PHY-3002 : Step(102): len = 62308.8, overlap = 169.281
PHY-3001 : :::1::: Try harder cell spreading with beta_ = 2.58868e-05
PHY-3002 : Step(103): len = 64663.8, overlap = 155.156
PHY-3002 : Step(104): len = 65180.8, overlap = 153.156
PHY-3002 : Step(105): len = 66420.6, overlap = 150.75
PHY-3001 : :::2::: Try harder cell spreading with beta_ = 5.17737e-05
PHY-3002 : Step(106): len = 68900.5, overlap = 146.156
PHY-3002 : Step(107): len = 69225.7, overlap = 146.688
PHY-3002 : Step(108): len = 69457.4, overlap = 142.031
PHY-3002 : Step(109): len = 69641.9, overlap = 132.875
PHY-3002 : Step(110): len = 69800, overlap = 138.719
PHY-3001 : :::3::: Try harder cell spreading with beta_ = 0.000103547
PHY-3002 : Step(111): len = 70967.8, overlap = 138.094
PHY-3002 : Step(112): len = 71210.1, overlap = 137.875
PHY-3002 : Step(113): len = 72417, overlap = 136.719
PHY-3001 : :::4::: Try harder cell spreading with beta_ = 0.000189814
PHY-3002 : Step(114): len = 73395.2, overlap = 136.125
PHY-3002 : Step(115): len = 74766.2, overlap = 136.469
PHY-3002 : Step(116): len = 76498.4, overlap = 134.5
PHY-3002 : Step(117): len = 75477.4, overlap = 134.094
PHY-3002 : Step(118): len = 75148.5, overlap = 131.812
PHY-3001 : :::5::: Try harder cell spreading with beta_ = 0.000379628
PHY-3002 : Step(119): len = 76036.3, overlap = 132.062
PHY-3002 : Step(120): len = 76283.1, overlap = 130.469
PHY-3002 : Step(121): len = 77048.9, overlap = 134.531
PHY-3001 : :::6::: Try harder cell spreading with beta_ = 0.000619899
PHY-3002 : Step(122): len = 77460.6, overlap = 130.594
PHY-3002 : Step(123): len = 77931.2, overlap = 121.75
PHY-3001 : :::7::: Try harder cell spreading with beta_ = 0.001003
PHY-3002 : Step(124): len = 78278.1, overlap = 126.75
PHY-3002 : Step(125): len = 79124.3, overlap = 122.938
PHY-3002 : Step(126): len = 80525.1, overlap = 115.344
PHY-3002 : Step(127): len = 81372.2, overlap = 114
PHY-3002 : Step(128): len = 81388.6, overlap = 111.438
PHY-3002 : Step(129): len = 81312.8, overlap = 114.594
PHY-3001 : :::8::: Try harder cell spreading with beta_ = 0.00200599
PHY-3002 : Step(130): len = 81422.5, overlap = 113.969
PHY-3002 : Step(131): len = 81552.2, overlap = 114.406
PHY-3002 : Step(132): len = 81661.2, overlap = 119.625
PHY-3001 : :::9::: Try harder cell spreading with beta_ = 0.0034394
PHY-3002 : Step(133): len = 81802.4, overlap = 119.406
PHY-3002 : Step(134): len = 81953.3, overlap = 120.969
PHY-3001 : :::10::: Try harder cell spreading with beta_ = 0.00556495
PHY-3002 : Step(135): len = 82129.8, overlap = 119.656
PHY-3002 : Step(136): len = 82654.7, overlap = 117.062
OPT-1001 : Start physical optimization ...
OPT-1001 : Total overflow 307.25 peak overflow 4.19
OPT-1001 : Start high-fanout net optimization ...
OPT-1001 : Update timing in global mode
PHY-1001 : Start incremental global routing, caller is place ...
RUN-1001 : Generating global routing grids ...
RUN-1001 : Building simple global routing graph ...
PHY-1001 : Generate routing nets ...
PHY-1001 : Reuse net number 0/4780.
PHY-1001 : Global iterations in 16 thread ...
PHY-1002 : len = 106104, over cnt = 465(1%), over = 2526, worst = 45
PHY-1001 : End global iterations;  0.114295s wall, 0.062500s user + 0.062500s system = 0.125000s CPU (109.4%)

PHY-1001 : Congestion index: top1 = 51.49, top5 = 36.41, top10 = 27.91, top15 = 22.01.
PHY-1001 : End incremental global routing;  0.176566s wall, 0.109375s user + 0.078125s system = 0.187500s CPU (106.2%)

RUN-1002 : start command "start_timer -report"
TMR-5001 WARNING: No sdc constraints found while initiating timer.
TMR-2505 : Start building timing graph for model audio_speak.
TMR-2506 : Build timing graph completely. Port num: 50, tpin num: 16086, tnet num: 3722, tinst num: 2945, tnode num: 19835, tedge num: 27218.
TMR-2508 : Levelizing timing graph completed, there are 39 levels in total.
TMR-2501 : Timing graph initialized successfully.
OPT-1001 : End timing update;  0.280757s wall, 0.250000s user + 0.031250s system = 0.281250s CPU (100.2%)

OPT-1001 : 0 high-fanout net processed.
OPT-1001 : End high-fanout net optimization;  0.501265s wall, 0.406250s user + 0.109375s system = 0.515625s CPU (102.9%)

OPT-1001 : Current memory(MB): used = 213, reserve = 182, peak = 213.
OPT-1001 : End physical optimization;  0.533759s wall, 0.453125s user + 0.109375s system = 0.562500s CPU (105.4%)

PHY-3001 : Start packing ...
SYN-4007 : Packing 0 MUX to BLE ...
SYN-4008 : Packed 0 MUX and 0 SEQ to BLE.
SYN-4007 : Packing 1114 LUT to BLE ...
SYN-4008 : Packed 1114 LUT and 437 SEQ to BLE.
SYN-4003 : Packing 504 remaining SEQ's ...
SYN-4005 : Packed 195 SEQ with LUT/SLICE
SYN-4006 : 533 single LUT's are left
SYN-4006 : 309 single SEQ's are left
SYN-4011 : Packing model "audio_speak" (AL_USER_NORMAL) with 1423/2315 primitive instances ...
PHY-3001 : End packing;  0.065424s wall, 0.062500s user + 0.000000s system = 0.062500s CPU (95.5%)

PHY-1001 : Populate physical database on model audio_speak.
RUN-1001 : There are total 1629 instances
RUN-1001 : 780 mslices, 780 lslices, 51 pads, 0 brams, 0 dsps
RUN-1001 : There are total 4355 nets
RUN-1001 : 2552 nets have 2 pins
RUN-1001 : 1384 nets have [3 - 5] pins
RUN-1001 : 258 nets have [6 - 10] pins
RUN-1001 : 110 nets have [11 - 20] pins
RUN-1001 : 41 nets have [21 - 99] pins
RUN-1001 : 10 nets have 100+ pins
PHY-3001 : design contains 1627 instances, 1560 slices, 176 macros(823 instances: 538 mslices 285 lslices)
PHY-3001 : Cell area utilization is 20%
PHY-3001 : After packing: Len = 82773, Over = 133.5
PHY-3001 : Run with size of 2
PHY-3001 : Cell area utilization is 20%
PHY-3001 : :::0::: Try harder cell spreading with beta_ = 1.71013e-05
PHY-3002 : Step(137): len = 75400.5, overlap = 131.5
PHY-3002 : Step(138): len = 75631.3, overlap = 131.5
PHY-3002 : Step(139): len = 71194, overlap = 140.5
PHY-3002 : Step(140): len = 68918.4, overlap = 144.25
PHY-3002 : Step(141): len = 67792.6, overlap = 148.25
PHY-3002 : Step(142): len = 67990, overlap = 145
PHY-3002 : Step(143): len = 68201.4, overlap = 145.25
PHY-3002 : Step(144): len = 69090.4, overlap = 145
PHY-3001 : :::1::: Try harder cell spreading with beta_ = 3.42027e-05
PHY-3002 : Step(145): len = 71625.3, overlap = 138.25
PHY-3002 : Step(146): len = 72269.4, overlap = 137.75
PHY-3002 : Step(147): len = 73664.4, overlap = 137
PHY-3001 : :::2::: Try harder cell spreading with beta_ = 6.84054e-05
PHY-3002 : Step(148): len = 77967.1, overlap = 128.5
PHY-3002 : Step(149): len = 79778.9, overlap = 125.25
PHY-3002 : Step(150): len = 82203.4, overlap = 116.5
PHY-3002 : Step(151): len = 81299.9, overlap = 111.75
PHY-3002 : Step(152): len = 81132, overlap = 110.5
PHY-3002 : Step(153): len = 80865.5, overlap = 113.75
PHY-3001 : :::3::: Try harder cell spreading with beta_ = 0.000136811
PHY-3002 : Step(154): len = 83619.1, overlap = 107.75
PHY-3002 : Step(155): len = 84870.3, overlap = 104.25
PHY-3002 : Step(156): len = 85404.5, overlap = 104
PHY-3001 : :::4::: Try harder cell spreading with beta_ = 0.000273622
PHY-3002 : Step(157): len = 88187.9, overlap = 102
PHY-3002 : Step(158): len = 89366.3, overlap = 97.75
PHY-3002 : Step(159): len = 90372.5, overlap = 92.25
PHY-3002 : Step(160): len = 89344.5, overlap = 90
PHY-3002 : Step(161): len = 89063.1, overlap = 89.5
PHY-3002 : Step(162): len = 88115.6, overlap = 87
PHY-3001 : Legalization ...
PHY-3001 : End legalization;  0.266034s wall, 0.406250s user + 0.375000s system = 0.781250s CPU (293.7%)

PHY-3001 : Trial Legalized: Len = 116309
PHY-3001 : Run with size of 2
PHY-3001 : Cell area utilization is 19%
PHY-3001 : :::0::: Try harder cell spreading with beta_ = 0.000756536
PHY-3002 : Step(163): len = 105094, overlap = 11.25
PHY-3002 : Step(164): len = 102309, overlap = 19.75
PHY-3002 : Step(165): len = 99117.6, overlap = 23.75
PHY-3002 : Step(166): len = 97915.7, overlap = 24.25
PHY-3002 : Step(167): len = 97442.2, overlap = 22
PHY-3002 : Step(168): len = 96663.2, overlap = 25
PHY-3002 : Step(169): len = 96493.9, overlap = 24.75
PHY-3002 : Step(170): len = 95800.8, overlap = 27.25
PHY-3002 : Step(171): len = 95487.7, overlap = 29.25
PHY-3002 : Step(172): len = 95354.3, overlap = 30.75
PHY-3001 : :::1::: Try harder cell spreading with beta_ = 0.00134266
PHY-3002 : Step(173): len = 95782.9, overlap = 28.5
PHY-3002 : Step(174): len = 95970.1, overlap = 27.75
PHY-3001 : :::2::: Try harder cell spreading with beta_ = 0.00268532
PHY-3002 : Step(175): len = 96139.4, overlap = 27.25
PHY-3002 : Step(176): len = 96227, overlap = 27.25
PHY-3001 : Legalization ...
PHY-3001 : End legalization;  0.006663s wall, 0.000000s user + 0.015625s system = 0.015625s CPU (234.5%)

PHY-3001 : Legalized: Len = 104104, Over = 0
PHY-3001 : End spreading;  0.009186s wall, 0.015625s user + 0.000000s system = 0.015625s CPU (170.1%)

PHY-3001 : Final: Len = 104104, Over = 0
OPT-1001 : Start physical optimization ...
OPT-1001 : Total overflow 0.00 peak overflow 0.00
OPT-1001 : Start high-fanout net optimization ...
OPT-1001 : Update timing in global mode
PHY-1001 : Start incremental global routing, caller is place ...
RUN-1001 : Generating global routing grids ...
PHY-1001 : Generate routing nets ...
PHY-1001 : Reuse net number 35/4355.
PHY-1001 : Global iterations in 16 thread ...
PHY-1002 : len = 132512, over cnt = 414(1%), over = 733, worst = 6
PHY-1002 : len = 135432, over cnt = 243(0%), over = 368, worst = 6
PHY-1002 : len = 138136, over cnt = 107(0%), over = 162, worst = 5
PHY-1002 : len = 139952, over cnt = 5(0%), over = 13, worst = 4
PHY-1002 : len = 140096, over cnt = 0(0%), over = 0, worst = 0
PHY-1001 : End global iterations;  0.252307s wall, 0.171875s user + 0.218750s system = 0.390625s CPU (154.8%)

PHY-1001 : Congestion index: top1 = 35.09, top5 = 28.11, top10 = 24.36, top15 = 21.53.
PHY-1001 : End incremental global routing;  0.325407s wall, 0.234375s user + 0.234375s system = 0.468750s CPU (144.1%)

RUN-1002 : start command "start_timer -report"
TMR-5001 WARNING: No sdc constraints found while initiating timer.
TMR-2505 : Start building timing graph for model audio_speak.
TMR-2506 : Build timing graph completely. Port num: 50, tpin num: 14266, tnet num: 3297, tinst num: 1627, tnode num: 17057, tedge num: 24891.
TMR-2508 : Levelizing timing graph completed, there are 37 levels in total.
TMR-2501 : Timing graph initialized successfully.
OPT-1001 : End timing update;  0.278312s wall, 0.281250s user + 0.000000s system = 0.281250s CPU (101.1%)

OPT-1001 : 0 high-fanout net processed.
OPT-1001 : End high-fanout net optimization;  0.647732s wall, 0.562500s user + 0.234375s system = 0.796875s CPU (123.0%)

OPT-1001 : Current memory(MB): used = 222, reserve = 191, peak = 222.
OPT-1001 : Update timing in Manhattan mode
OPT-1001 : End timing update;  0.004810s wall, 0.000000s user + 0.000000s system = 0.000000s CPU (n/a%)

OPT-1001 : Start pin optimization...
OPT-1001 : skip pin optimization...
RUN-1001 : Generating global routing grids ...
PHY-1001 : Generate routing nets ...
PHY-1001 : Reuse net number 2788/4355.
PHY-1001 : Global iterations in 16 thread ...
PHY-1002 : len = 140096, over cnt = 0(0%), over = 0, worst = 0
PHY-1001 : End global iterations;  0.011909s wall, 0.015625s user + 0.000000s system = 0.015625s CPU (131.2%)

PHY-1001 : Congestion index: top1 = 35.09, top5 = 28.11, top10 = 24.36, top15 = 21.53.
OPT-1001 : Update timing in Manhattan mode
OPT-1001 : End timing update;  0.004695s wall, 0.015625s user + 0.000000s system = 0.015625s CPU (332.8%)

RUN-1001 : QoR Analysis:
OPT-0007 :   WNS 2147483647 TNS 0 NUM_FEPS 0
RUN-1001 :   No local congestion issue, and most congested 1% tile average routing util is 34.724138
RUN-1001 :   Top critical paths
OPT-1001 : End physical optimization;  0.769420s wall, 0.671875s user + 0.234375s system = 0.906250s CPU (117.8%)

RUN-1003 : finish command "place" in  6.491332s wall, 10.359375s user + 10.218750s system = 20.578125s CPU (317.0%)

RUN-1004 : used memory is 189 MB, reserved memory is 157 MB, peak memory is 225 MB
RUN-1002 : start command "export_db ES8388_place.db"
RUN-1001 : Exported /
RUN-1001 : Exported flow parameters
RUN-1001 : Exported libs
RUN-1001 : Exported entities
RUN-1001 : Exported ports
RUN-1001 : Exported pins
RUN-1001 : Exported instances
RUN-1001 : Exported nets
RUN-1001 : Exported buses
RUN-1001 : Exported models
RUN-1001 : Exported congestions
RUN-1001 : Exported violations
RUN-1001 : Exported IO constraints
RUN-1001 : Exported Inst constraints
RUN-1002 : start command "route"
RUN-1001 : Open license file E:/Software/Anlogic/TD5.6.2/license/Anlogic.lic
RUN-1001 : Print Global Property
RUN-1001 : ---------------------------------------------------------------
RUN-1001 :        Parameters        |  Settings  |  Default Values  |  Note  
RUN-1001 : ---------------------------------------------------------------
RUN-1001 :          message         |  standard  |     standard     |        
RUN-1001 :   mixed_pack_place_flow  |     on     |        on        |        
RUN-1001 :        qor_monitor       |    off     |       off        |        
RUN-1001 :        syn_ip_flow       |    off     |       off        |        
RUN-1001 :          thread          |    auto    |       auto       |        
RUN-1001 : ---------------------------------------------------------------
RUN-1001 : Print Route Property
RUN-1001 : -------------------------------------------------------
RUN-1001 :    Parameters    |  Settings  |  Default Values  |  Note  
RUN-1001 : -------------------------------------------------------
RUN-1001 :      effort      |   medium   |      medium      |        
RUN-1001 :     fix_hold     |    off     |       off        |        
RUN-1001 :    opt_timing    |   medium   |      medium      |        
RUN-1001 :   phy_sim_model  |    off     |       off        |        
RUN-1001 :     priority     |   timing   |      timing      |        
RUN-1001 :     swap_pin     |     on     |        on        |        
RUN-1001 : -------------------------------------------------------
PHY-1001 : Route runs in 16 thread(s)
RUN-1001 : There are total 1629 instances
RUN-1001 : 780 mslices, 780 lslices, 51 pads, 0 brams, 0 dsps
RUN-1001 : There are total 4355 nets
RUN-1001 : 2552 nets have 2 pins
RUN-1001 : 1384 nets have [3 - 5] pins
RUN-1001 : 258 nets have [6 - 10] pins
RUN-1001 : 110 nets have [11 - 20] pins
RUN-1001 : 41 nets have [21 - 99] pins
RUN-1001 : 10 nets have 100+ pins
RUN-1002 : start command "start_timer -report"
TMR-5001 WARNING: No sdc constraints found while initiating timer.
TMR-2505 : Start building timing graph for model audio_speak.
TMR-2506 : Build timing graph completely. Port num: 50, tpin num: 14266, tnet num: 3297, tinst num: 1627, tnode num: 17057, tedge num: 24891.
TMR-2508 : Levelizing timing graph completed, there are 37 levels in total.
TMR-2501 : Timing graph initialized successfully.
PHY-1001 : 780 mslices, 780 lslices, 51 pads, 0 brams, 0 dsps
TMR-2503 : Start to update net delay, extr mode = 3.
TMR-2504 : Update delay of 3297 nets completely.
TMR-2502 : Annotate delay completely, extr mode = 3.
TMR-3002 : No user constraint, initiate default constraint.
TMR-1501 : Assign derive clock DeriveClock to 1230 clock pins, and constraint 2783 relative nodes.
TMR-3003 : Constraints initiated successfully.
TMR-3501 : Forward propagation: start to calculate arrival time...
TMR-3502 : Backward propagation: start to calculate required time...
TMR-3503 : Timing propagation completes.
PHY-1001 : Start global routing, caller is route ...
RUN-1001 : Generating global routing grids ...
PHY-1001 : Generate routing nets ...
PHY-1001 : Global iterations in 16 thread ...
PHY-1002 : len = 130992, over cnt = 415(1%), over = 748, worst = 6
PHY-1002 : len = 133760, over cnt = 252(0%), over = 388, worst = 6
PHY-1002 : len = 137064, over cnt = 83(0%), over = 126, worst = 5
PHY-1002 : len = 138680, over cnt = 0(0%), over = 0, worst = 0
PHY-1001 : End global iterations;  0.248712s wall, 0.281250s user + 0.156250s system = 0.437500s CPU (175.9%)

PHY-1001 : Congestion index: top1 = 34.76, top5 = 28.05, top10 = 24.25, top15 = 21.41.
PHY-1001 : End global routing;  0.322279s wall, 0.343750s user + 0.156250s system = 0.500000s CPU (155.1%)

PHY-1001 : Start detail routing ...
PHY-1001 : Current memory(MB): used = 258, reserve = 228, peak = 273.
PHY-1001 : Detailed router is running in normal mode.
PHY-1001 : Generate detailed routing grids ...
PHY-1001 : Processed IO instance aud_dacdat_syn_4 with INV attribute.
PHY-1001 : Processed IO instance aud_dacdat_1_syn_4 with INV attribute.
PHY-1001 : Processed IO instance aud_dacdat_2_syn_4 with INV attribute.
PHY-1001 : Processed IO instance aud_dacdat_3_syn_4 with INV attribute.
PHY-1001 : Generate nets ...
PHY-1001 : clock net aud_bclk_syn_4 will be merged with clock aud_bclk_dup_1
PHY-1001 : clock net aud_bclk_1_syn_4 will be merged with clock aud_bclk_1_dup_1
PHY-1001 : clock net aud_bclk_2_syn_4 will be merged with clock aud_bclk_2_dup_1
PHY-1001 : clock net aud_bclk_3_syn_4 will be merged with clock aud_bclk_3_dup_1
PHY-1001 : net aud_mclk_dup_1 will be routed on clock mesh
PHY-1001 : net aud_mclk_1_dup_1 will be routed on clock mesh
PHY-1001 : net aud_mclk_2_dup_1 will be routed on clock mesh
PHY-1001 : net aud_mclk_3_dup_1 will be routed on clock mesh
PHY-1001 : clock net ilaclk_dup_1 will be merged with clock u_pll_clk/clk0_buf
PHY-1001 : clock net ilaclk_1_dup_1 will be merged with clock u1_pll_clk/clk0_buf
PHY-1001 : clock net ilaclk_2_dup_1 will be merged with clock u2_pll_clk/clk0_buf
PHY-1001 : clock net ilaclk_3_dup_1 will be merged with clock u3_pll_clk/clk0_buf
PHY-1001 : net sys_clk_dup_1 will be routed on clock mesh
PHY-1001 : clock net u1_es8388_ctrl/u_es8388_config/u_i2c_dri/dri_clk_syn_4 will be merged with clock u1_es8388_ctrl/u_es8388_config/u_i2c_dri/dri_clk
PHY-1001 : clock net u2_es8388_ctrl/u_es8388_config/u_i2c_dri/dri_clk_syn_4 will be merged with clock u2_es8388_ctrl/u_es8388_config/u_i2c_dri/dri_clk
PHY-1001 : clock net u3_es8388_ctrl/u_es8388_config/u_i2c_dri/dri_clk_syn_4 will be merged with clock u3_es8388_ctrl/u_es8388_config/u_i2c_dri/dri_clk
PHY-1001 : Current memory(MB): used = 527, reserve = 502, peak = 527.
PHY-1001 : End build detailed router design. 2.197306s wall, 2.171875s user + 0.015625s system = 2.187500s CPU (99.6%)

PHY-1001 : Detail Route ...
PHY-1001 : ===== Detail Route Phase 1 =====
PHY-1001 : Clock net routing.....
PHY-1001 : Routed 0% nets.
PHY-1022 : len = 53400, over cnt = 0(0%), over = 0, worst = 0, crit = 0
PHY-1001 : End initial clock net routed; 4.156712s wall, 4.093750s user + 0.062500s system = 4.156250s CPU (100.0%)

PHY-1001 : Current memory(MB): used = 559, reserve = 535, peak = 559.
PHY-1001 : End phase 1; 4.159260s wall, 4.093750s user + 0.062500s system = 4.156250s CPU (99.9%)

PHY-1001 : ===== Detail Route Phase 2 =====
PHY-1001 : Initial routing.....
PHY-1001 : Routed 27% nets.
PHY-1001 : Routed 31% nets.
PHY-1001 : Routed 38% nets.
PHY-1001 : Routed 48% nets.
PHY-1001 : Routed 63% nets.
PHY-1022 : len = 496920, over cnt = 127(0%), over = 127, worst = 1, crit = 0
PHY-1001 : Current memory(MB): used = 561, reserve = 537, peak = 561.
PHY-1001 : End initial routed; 3.495512s wall, 3.515625s user + 1.890625s system = 5.406250s CPU (154.7%)

PHY-1001 : Current memory(MB): used = 561, reserve = 537, peak = 561.
PHY-1001 : End phase 2; 3.495612s wall, 3.515625s user + 1.890625s system = 5.406250s CPU (154.7%)

PHY-1001 : ===== Detail Route Phase 3 =====
PHY-1001 : Ripup-reroute.....
PHY-1001 : ===== DR Iter 1 =====
PHY-1022 : len = 495696, over cnt = 46(0%), over = 46, worst = 1, crit = 0
PHY-1001 : End DR Iter 1; 0.068370s wall, 0.078125s user + 0.000000s system = 0.078125s CPU (114.3%)

PHY-1001 : ===== DR Iter 2 =====
PHY-1022 : len = 495752, over cnt = 6(0%), over = 6, worst = 1, crit = 0
PHY-1001 : End DR Iter 2; 0.036065s wall, 0.031250s user + 0.015625s system = 0.046875s CPU (130.0%)

PHY-1001 : ===== DR Iter 3 =====
PHY-1022 : len = 495752, over cnt = 0(0%), over = 0, worst = 0, crit = 0
PHY-1001 : End DR Iter 3; 0.038465s wall, 0.031250s user + 0.015625s system = 0.046875s CPU (121.9%)

PHY-1001 : Commit to database.....
PHY-1001 : 20 feed throughs used by 18 nets
PHY-1001 : End commit to database; 0.256976s wall, 0.265625s user + 0.000000s system = 0.265625s CPU (103.4%)

PHY-1001 : Current memory(MB): used = 582, reserve = 558, peak = 582.
PHY-1001 : End phase 3; 0.503364s wall, 0.484375s user + 0.031250s system = 0.515625s CPU (102.4%)

PHY-1003 : Routed, final wirelength = 495752
PHY-1001 : Current memory(MB): used = 583, reserve = 558, peak = 583.
PHY-1001 : End export database. 0.013171s wall, 0.000000s user + 0.015625s system = 0.015625s CPU (118.6%)

PHY-1001 : End detail routing;  10.539206s wall, 10.437500s user + 2.031250s system = 12.468750s CPU (118.3%)

RUN-1003 : finish command "route" in  11.313626s wall, 11.218750s user + 2.203125s system = 13.421875s CPU (118.6%)

RUN-1004 : used memory is 507 MB, reserved memory is 484 MB, peak memory is 583 MB
RUN-1002 : start command "report_area -io_info -file ES8388_phy.area"
RUN-1001 : standard
***Report Model: audio_speak Device: EG4S20BG256***

IO Statistics
#IO                        51
  #input                   19
  #output                  28
  #inout                    4

Utilization Statistics
#lut                     2760   out of  19600   14.08%
#reg                      947   out of  19600    4.83%
#le                      3069
  #lut only              2122   out of   3069   69.14%
  #reg only               309   out of   3069   10.07%
  #lut&reg                638   out of   3069   20.79%
#dsp                        0   out of     29    0.00%
#bram                       0   out of     64    0.00%
  #bram9k                   0
  #fifo9k                   0
#bram32k                    0   out of     16    0.00%
#pad                       51   out of    188   27.13%
  #ireg                     8
  #oreg                    20
  #treg                     4
#pll                        4   out of      4  100.00%
#gclk                      11   out of     16   68.75%

Clock Resource Statistics
Index     ClockNet                                            Type               DriverType         Driver                                                           Fanout
#1        sys_clk_dup_1                                       GCLK               io                 sys_clk_syn_2.di                                                 327
#2        aud_bclk_1_dup_1                                    GCLK               io                 aud_bclk_1_syn_2.di                                              47
#3        aud_bclk_3_dup_1                                    GCLK               io                 aud_bclk_3_syn_2.di                                              45
#4        aud_bclk_2_dup_1                                    GCLK               io                 aud_bclk_2_syn_2.di                                              44
#5        aud_bclk_dup_1                                      GCLK               io                 aud_bclk_syn_2.di                                                44
#6        u2_es8388_ctrl/u_es8388_config/u_i2c_dri/dri_clk    GCLK               mslice             u2_es8388_ctrl/u_es8388_config/u_i2c_dri/dri_clk_reg_syn_9.q1    41
#7        u3_es8388_ctrl/u_es8388_config/u_i2c_dri/dri_clk    GCLK               lslice             u3_es8388_ctrl/u_es8388_config/u_i2c_dri/dri_clk_reg_syn_9.q1    40
#8        u1_es8388_ctrl/u_es8388_config/u_i2c_dri/dri_clk    GCLK               lslice             u1_es8388_ctrl/u_es8388_config/u_i2c_dri/dri_clk_reg_syn_9.q1    38
#9        aud_mclk_1_dup_1                                    GCLK               pll                u1_pll_clk/pll_inst.clkc1                                        0
#10       aud_mclk_2_dup_1                                    GCLK               pll                u2_pll_clk/pll_inst.clkc1                                        0
#11       aud_mclk_3_dup_1                                    GCLK               pll                u3_pll_clk/pll_inst.clkc1                                        0
#12       aud_mclk_dup_1                                      GCLK               pll                u_pll_clk/pll_inst.clkc1                                         0
#13       u1_pll_clk/clk0_buf                                 GCLK               pll                u1_pll_clk/pll_inst.clkc0                                        0
#14       u2_pll_clk/clk0_buf                                 GCLK               pll                u2_pll_clk/pll_inst.clkc0                                        0
#15       u3_pll_clk/clk0_buf                                 GCLK               pll                u3_pll_clk/pll_inst.clkc0                                        0
#16       u_pll_clk/clk0_buf                                  GCLK               pll                u_pll_clk/pll_inst.clkc0                                         0


Detailed IO Report

      Name        Direction    Location    IOStandard    DriveStrength    PullType     PackReg   
   aud_adcdat       INPUT        R14        LVCMOS25          N/A          PULLUP       IREG     
  aud_adcdat_1      INPUT        G16        LVCMOS25          N/A          PULLUP       IREG     
  aud_adcdat_2      INPUT         E7        LVCMOS25          N/A          PULLUP       IREG     
  aud_adcdat_3      INPUT         L4        LVCMOS25          N/A          PULLUP       IREG     
    aud_bclk        INPUT         M6        LVCMOS25          N/A          PULLUP       NONE     
   aud_bclk_1       INPUT        G14        LVCMOS25          N/A          PULLUP       NONE     
   aud_bclk_2       INPUT         D5        LVCMOS25          N/A          PULLUP       NONE     
   aud_bclk_3       INPUT         H5        LVCMOS25          N/A          PULLUP       NONE     
    aud_lrc         INPUT         M7        LVCMOS25          N/A          PULLUP       IREG     
   aud_lrc_1        INPUT        H16        LVCMOS25          N/A          PULLUP       IREG     
   aud_lrc_2        INPUT         C6        LVCMOS25          N/A          PULLUP       IREG     
   aud_lrc_3        INPUT         K6        LVCMOS25          N/A          PULLUP       IREG     
    sys_clk         INPUT         R7        LVCMOS25          N/A          PULLUP       NONE     
   sys_rst_n        INPUT         E3        LVCMOS25          N/A          PULLUP       NONE     
  sys_rst_n_1       INPUT         F2        LVCMOS25          N/A           N/A         NONE     
  sys_rst_n_2       INPUT        K14        LVCMOS25          N/A           N/A         NONE     
  sys_rst_n_3       INPUT         F1        LVCMOS25          N/A           N/A         NONE     
   volume[1]        INPUT        B10        LVCMOS25          N/A          PULLUP       NONE     
   volume[0]        INPUT        A10        LVCMOS25          N/A          PULLUP       NONE     
   aud_dacdat      OUTPUT         P6        LVCMOS25           8            NONE        OREG     
  aud_dacdat_1     OUTPUT        H14        LVCMOS25           8            NONE        OREG     
  aud_dacdat_2     OUTPUT         E6        LVCMOS25           8            NONE        OREG     
  aud_dacdat_3     OUTPUT         K3        LVCMOS25           8            NONE        OREG     
    aud_mclk       OUTPUT         N5        LVCMOS25           8            NONE        NONE     
   aud_mclk_1      OUTPUT        F14        LVCMOS25           8            NONE        NONE     
   aud_mclk_2      OUTPUT         F6        LVCMOS25           8            NONE        NONE     
   aud_mclk_3      OUTPUT         H4        LVCMOS25           8            NONE        NONE     
    aud_scl        OUTPUT        R12        LVCMOS25           8            NONE        OREG     
   aud_scl_1       OUTPUT        D14        LVCMOS25           8            NONE        OREG     
   aud_scl_2       OUTPUT         A2        LVCMOS25           8            NONE        OREG     
   aud_scl_3       OUTPUT         G3        LVCMOS25           8            NONE        OREG     
     ilaclk        OUTPUT         M9        LVCMOS25           8            NONE        NONE     
    ilaclk_1       OUTPUT        L16        LVCMOS25           8            NONE        NONE     
    ilaclk_2       OUTPUT         D3        LVCMOS25           8            NONE        NONE     
    ilaclk_3       OUTPUT        K15        LVCMOS25           8            NONE        NONE     
      led          OUTPUT        E16        LVCMOS25           8            N/A         NONE     
     led_1         OUTPUT         E4        LVCMOS25           8            N/A         NONE     
     led_2         OUTPUT         J6        LVCMOS25           8            N/A         NONE     
     led_3         OUTPUT        J16        LVCMOS25           8            N/A         NONE     
   led_eight       OUTPUT        M12        LVCMOS25           8            NONE        OREG     
    led_five       OUTPUT        M10        LVCMOS25           8            NONE        OREG     
    led_four       OUTPUT        P11        LVCMOS25           8            NONE        OREG     
    led_one        OUTPUT         P9        LVCMOS25           8            NONE        OREG     
   led_seven       OUTPUT        N12        LVCMOS25           8            NONE        OREG     
    led_six        OUTPUT        L10        LVCMOS25           8            NONE        OREG     
    led_tree       OUTPUT        R16        LVCMOS25           8            NONE        OREG     
    led_two        OUTPUT        P12        LVCMOS25           8            NONE        OREG     
    aud_sda         INOUT         R9        LVCMOS25           8           PULLUP     OREG;TREG  
   aud_sda_1        INOUT        E15        LVCMOS25           8           PULLUP     OREG;TREG  
   aud_sda_2        INOUT         C3        LVCMOS25           8           PULLUP     OREG;TREG  
   aud_sda_3        INOUT         F3        LVCMOS25           8           PULLUP     OREG;TREG  

Report Hierarchy Area:
+--------------------------------------------------------------------------------------------------------+
|Instance                   |Module                 |le     |lut     |ripple  |seq     |bram    |dsp     |
+--------------------------------------------------------------------------------------------------------+
|top                        |audio_speak            |3069   |2225    |535     |979     |0       |0       |
|  u1_es8388_ctrl           |es8388_ctrl            |284    |226     |25      |142     |0       |0       |
|    u_audio_receive        |audio_receive          |92     |59      |12      |53      |0       |0       |
|    u_audio_send           |audio_send             |22     |13      |0       |21      |0       |0       |
|    u_es8388_config        |es8388_config          |170    |154     |13      |68      |0       |0       |
|      u_i2c_dri            |i2c_dri                |114    |107     |5       |41      |0       |0       |
|      u_i2c_reg_cfg        |i2c_reg_cfg            |56     |47      |8       |27      |0       |0       |
|  u1_pll_clk               |clk_wiz_0              |1      |1       |0       |0       |0       |0       |
|  u2_es8388_ctrl           |es8388_ctrl            |271    |222     |25      |143     |0       |0       |
|    u_audio_receive        |audio_receive          |84     |50      |12      |53      |0       |0       |
|    u_audio_send           |audio_send             |22     |22      |0       |22      |0       |0       |
|    u_es8388_config        |es8388_config          |165    |150     |13      |68      |0       |0       |
|      u_i2c_dri            |i2c_dri                |110    |103     |5       |41      |0       |0       |
|      u_i2c_reg_cfg        |i2c_reg_cfg            |55     |47      |8       |27      |0       |0       |
|  u2_pll_clk               |clk_wiz_0              |1      |1       |0       |0       |0       |0       |
|  u3_es8388_ctrl           |es8388_ctrl            |268    |216     |25      |144     |0       |0       |
|    u_audio_receive        |audio_receive          |87     |52      |12      |54      |0       |0       |
|    u_audio_send           |audio_send             |23     |20      |0       |23      |0       |0       |
|    u_es8388_config        |es8388_config          |158    |144     |13      |67      |0       |0       |
|      u_i2c_dri            |i2c_dri                |102    |96      |5       |40      |0       |0       |
|      u_i2c_reg_cfg        |i2c_reg_cfg            |56     |48      |8       |27      |0       |0       |
|  u3_pll_clk               |clk_wiz_0              |1      |1       |0       |0       |0       |0       |
|  u_es8388_ctrl            |es8388_ctrl            |328    |250     |55      |149     |0       |0       |
|    u_audio_receive        |audio_receive          |84     |53      |12      |53      |0       |0       |
|    u_audio_send           |audio_send             |82     |50      |28      |28      |0       |0       |
|    u_es8388_config        |es8388_config          |162    |147     |15      |68      |0       |0       |
|      u_i2c_dri            |i2c_dri                |106    |99      |7       |41      |0       |0       |
|      u_i2c_reg_cfg        |i2c_reg_cfg            |56     |48      |8       |27      |0       |0       |
|  u_pll_clk                |clk_wiz_0              |1      |1       |0       |0       |0       |0       |
|  u_spar_4mic_localization |spar_4mic_localization |1830   |1275    |377     |337     |0       |0       |
+--------------------------------------------------------------------------------------------------------+


DataNet Average Fanout:

   Index     Fanout     Nets  
    #1          1       2497  
    #2          2       1089  
    #3          3       266   
    #4          4        25   
    #5        5-10      301   
    #6        11-50      96   
    #7       51-100      4    
    #8       101-500     7    
  Average     2.79            

RUN-1002 : start command "export_db ES8388_pr.db"
RUN-1001 : Exported /
RUN-1001 : Exported flow parameters
RUN-1001 : Exported libs
RUN-1001 : Exported entities
RUN-1001 : Exported ports
RUN-1001 : Exported pins
RUN-1001 : Exported instances
RUN-1001 : Exported nets
RUN-1001 : Exported buses
RUN-1001 : Exported models
RUN-1001 : Exported congestions
RUN-1001 : Exported violations
RUN-1001 : Exported IO constraints
RUN-1001 : Exported Inst constraints
RUN-1002 : start command "export_bid ES8388_inst.bid"
RUN-1002 : start command "bitgen -bit ES8388.bit -unused_io_status pulldown"
BIT-1003 : Start to generate bitstream. 
BIT-1002 : Bitgen processed 137 unused pads, reserve input tri_state with pulldown
BIT-1002 : Init instances with 16 threads.
BIT-1002 : Init instances completely, inst num: 1764
BIT-1002 : Init pips with 16 threads.
BIT-1002 : Init pips completely, net num: 4355, pip num: 32546
BIT-1002 : Init feedthrough with 16 threads.
BIT-1002 : Init feedthrough completely, num: 20
BIT-1003 : Multithreading accelaration with 16 threads.
BIT-1003 : Generate bitstream completely, there are 2466 valid insts, and 91842 bits set as '1'.
BIT-1004 : PLL setting string = 1111
BIT-1004 : Generate bits file ES8388.bit.
RUN-1003 : finish command "bitgen -bit ES8388.bit -unused_io_status pulldown" in  2.338064s wall, 24.375000s user + 0.921875s system = 25.296875s CPU (1082.0%)

RUN-1004 : used memory is 509 MB, reserved memory is 482 MB, peak memory is 704 MB
RUN-1002 : start command "backup_run_log run.log ../.logs/phy_1/td_20251028_083556.log"
