============================================================
   Tang Dynasty, V5.6.71036
      Copyright (c) 2012-2023 Anlogic Inc.
   Executable = E:/Software/Anlogic/TD5.6.2/bin/td.exe
   Built at =   20:34:38 Mar 21 2023
   Run by =     Lviva
   Run Date =   Sat Oct 25 14:50:59 2025

   Run on =     VIVACIOUS
============================================================
RUN-1002 : start command "open_project ES8388.prj"
RUN-1001 : Print Global Property
RUN-1001 : ---------------------------------------------------------------
RUN-1001 :        Parameters        |  Settings  |  Default Values  |  Note  
RUN-1001 : ---------------------------------------------------------------
RUN-1001 :          message         |  standard  |     standard     |        
RUN-1001 :   mixed_pack_place_flow  |     on     |        on        |        
RUN-1001 :        qor_monitor       |    off     |       off        |        
RUN-1001 :        syn_ip_flow       |    off     |       off        |        
RUN-1001 :          thread          |    auto    |       auto       |        
RUN-1001 : ---------------------------------------------------------------
RUN-1001 : Print Design Property
RUN-1001 : --------------------------------------------------------------
RUN-1001 :        Parameters       |  Settings  |  Default Values  |  Note  
RUN-1001 : --------------------------------------------------------------
RUN-1001 :   default_reg_initial   |    auto    |       auto       |        
RUN-1001 :        infer_add        |     on     |        on        |        
RUN-1001 :        infer_fsm        |    off     |       off        |        
RUN-1001 :        infer_mult       |     on     |        on        |        
RUN-1001 :        infer_ram        |     on     |        on        |        
RUN-1001 :        infer_reg        |     on     |        on        |        
RUN-1001 :   infer_reg_init_value  |     on     |        on        |        
RUN-1001 :        infer_rom        |     on     |        on        |        
RUN-1001 :      infer_shifter      |     on     |        on        |        
RUN-1001 : --------------------------------------------------------------
RUN-1001 : Print Rtl Property
RUN-1001 : --------------------------------------------------------------
RUN-1001 :        Parameters       |  Settings  |  Default Values  |  Note  
RUN-1001 : --------------------------------------------------------------
RUN-1001 :       compress_add      |   ripple   |      ripple      |        
RUN-1001 :        elf_sload        |    off     |       off        |        
RUN-1001 :       fix_undriven      |     0      |        0         |        
RUN-1001 :         flatten         |    off     |       off        |        
RUN-1001 :       gate_sharing      |     on     |        on        |        
RUN-1001 :    hdl_warning_level    |   normal   |      normal      |        
RUN-1001 :   impl_internal_tribuf  |     on     |        on        |        
RUN-1001 :      impl_set_reset     |     on     |        on        |        
RUN-1001 :        infer_gsr        |    off     |       off        |        
RUN-1001 :      keep_hierarchy     |    auto    |       auto       |        
RUN-1001 :        max_fanout       |    9999    |       9999       |        
RUN-1001 :      max_oh2bin_len     |     10     |        10        |        
RUN-1001 :       merge_equal       |     on     |        on        |        
RUN-1001 :       merge_equiv       |     on     |        on        |        
RUN-1001 :        merge_mux        |    off     |       off        |        
RUN-1001 :     min_control_set     |     8      |        8         |        
RUN-1001 :      min_ripple_len     |    auto    |       auto       |        
RUN-1001 :       oh2bin_ratio      |    0.08    |       0.08       |        
RUN-1001 :     opt_adder_fanout    |     on     |        on        |        
RUN-1001 :        opt_arith        |     on     |        on        |        
RUN-1001 :       opt_big_gate      |    off     |       off        |        
RUN-1001 :        opt_const        |     on     |        on        |        
RUN-1001 :      opt_const_mult     |     on     |        on        |        
RUN-1001 :       opt_lessthan      |     on     |        on        |        
RUN-1001 :         opt_mux         |    off     |       off        |        
RUN-1001 :         opt_ram         |    high    |       high       |        
RUN-1001 :      rtl_sim_model      |    off     |       off        |        
RUN-1001 :         seq_syn         |     on     |        on        |        
RUN-1001 : --------------------------------------------------------------
HDL-1007 : analyze verilog file ../../al_ip/clk_wiz_0.v
HDL-1007 : undeclared symbol 'open', assumed default net type 'wire' in ../../al_ip/clk_wiz_0.v(80)
HDL-1007 : analyze verilog file ../../../RTL/audio_receive.v
HDL-1007 : analyze verilog file ../../../RTL/audio_send.v
HDL-1007 : analyze verilog file ../../../RTL/audio_speak.v
HDL-1007 : analyze verilog file ../../../RTL/es8388_config.v
HDL-1007 : analyze verilog file ../../../RTL/es8388_ctrl.v
HDL-1007 : analyze verilog file ../../../RTL/i2c_dri.v
HDL-1007 : analyze verilog file ../../../RTL/i2c_reg_cfg.v
HDL-1007 : analyze verilog file ../../../RTL/spar_4mic_localization.v
RUN-1001 : Project manager successfully analyzed 9 source files.
RUN-1002 : start command "import_device eagle_s20.db -package EG4S20BG256"
ARC-1001 : Device Initialization.
ARC-1001 : ------------------------------------------------------------------
ARC-1001 :            OPTION            |          IO          |   SETTING   
ARC-1001 : ------------------------------------------------------------------
ARC-1001 :   cso_b/cclk/mosi/miso/dout  |  T3/R11/T10/P10/S11  |    gpio    
ARC-1001 :             done             |         P13          |    gpio    
ARC-1001 :           program_b          |          T2          |  dedicate  
ARC-1001 :        tdi/tms/tck/tdo       |   C12/A15/C14/E14    |  dedicate  
ARC-1001 : ------------------------------------------------------------------
ARC-1004 : Device setting, marked 5 dedicate IOs in total.
RUN-1002 : start command "import_db ../syn_1/ES8388_gate.db"
RUN-1001 : Importing database generated by Tang Dynasty, V5.6.71036.
RUN-1001 : Database version number 46146.
RUN-1001 : Import flow parameters
RUN-1001 : Import IO constraints
RUN-1001 : Import Inst constraints
RUN-1001 : Import design success TD_VERSION=5.6.71036 , DB_VERSION=46146
RUN-1002 : start command "place"
RUN-1001 : Open license file E:/Software/Anlogic/TD5.6.2/license/Anlogic.lic
RUN-1001 : Print Global Property
RUN-1001 : ---------------------------------------------------------------
RUN-1001 :        Parameters        |  Settings  |  Default Values  |  Note  
RUN-1001 : ---------------------------------------------------------------
RUN-1001 :          message         |  standard  |     standard     |        
RUN-1001 :   mixed_pack_place_flow  |     on     |        on        |        
RUN-1001 :        qor_monitor       |    off     |       off        |        
RUN-1001 :        syn_ip_flow       |    off     |       off        |        
RUN-1001 :          thread          |    auto    |       auto       |        
RUN-1001 : ---------------------------------------------------------------
RUN-1001 : Print Place Property
RUN-1001 : --------------------------------------------------------------
RUN-1001 :        Parameters       |  Settings  |  Default Values  |  Note  
RUN-1001 : --------------------------------------------------------------
RUN-1001 :      detailed_place     |     on     |        on        |        
RUN-1001 :          effort         |   medium   |      medium      |        
RUN-1001 :         fix_hold        |    off     |       off        |        
RUN-1001 :       legalization      |    ori     |       ori        |        
RUN-1001 :      new_spreading      |     on     |        on        |        
RUN-1001 :        opt_timing       |   medium   |      medium      |        
RUN-1001 :   post_clock_route_opt  |    off     |       off        |        
RUN-1001 :       pr_strategy       |     1      |        1         |        
RUN-1001 :        relaxation       |    1.00    |       1.00       |        
RUN-1001 :         retiming        |    off     |       off        |        
RUN-1001 : --------------------------------------------------------------
PHY-3001 : Placer runs in 16 thread(s).
RUN-1002 : start command "legalize_phy_inst"
SYN-1011 : Flatten model audio_speak
RUN-1002 : start command "phys_opt -simplify_lut"
SYN-4016 : Net ilaclk_1_dup_1 driven by BUFG (0 clock/control pins, 2 other pins).
SYN-4016 : Net ilaclk_2_dup_1 driven by BUFG (0 clock/control pins, 2 other pins).
SYN-4016 : Net ilaclk_3_dup_1 driven by BUFG (0 clock/control pins, 2 other pins).
SYN-4016 : Net ilaclk_dup_1 driven by BUFG (0 clock/control pins, 2 other pins).
SYN-4027 : Net aud_mclk_1_dup_1 is clkc1 of pll u1_pll_clk/pll_inst.
SYN-4019 : Net sys_clk_dup_1 is refclk of pll u1_pll_clk/pll_inst.
SYN-4020 : Net sys_clk_dup_1 is fbclk of pll u1_pll_clk/pll_inst.
SYN-4027 : Net aud_mclk_2_dup_1 is clkc1 of pll u2_pll_clk/pll_inst.
SYN-4019 : Net sys_clk_dup_1 is refclk of pll u2_pll_clk/pll_inst.
SYN-4020 : Net sys_clk_dup_1 is fbclk of pll u2_pll_clk/pll_inst.
SYN-4027 : Net aud_mclk_3_dup_1 is clkc1 of pll u3_pll_clk/pll_inst.
SYN-4019 : Net sys_clk_dup_1 is refclk of pll u3_pll_clk/pll_inst.
SYN-4020 : Net sys_clk_dup_1 is fbclk of pll u3_pll_clk/pll_inst.
SYN-4027 : Net aud_mclk_dup_1 is clkc1 of pll u_pll_clk/pll_inst.
SYN-4019 : Net sys_clk_dup_1 is refclk of pll u_pll_clk/pll_inst.
SYN-4020 : Net sys_clk_dup_1 is fbclk of pll u_pll_clk/pll_inst.
SYN-4024 : Net "aud_bclk_dup_1" drives clk pins.
SYN-4024 : Net "aud_bclk_1_dup_1" drives clk pins.
SYN-4024 : Net "aud_bclk_2_dup_1" drives clk pins.
SYN-4024 : Net "aud_bclk_3_dup_1" drives clk pins.
SYN-4024 : Net "u1_es8388_ctrl/u_es8388_config/u_i2c_dri/dri_clk" drives clk pins.
SYN-4024 : Net "u2_es8388_ctrl/u_es8388_config/u_i2c_dri/dri_clk" drives clk pins.
SYN-4024 : Net "u3_es8388_ctrl/u_es8388_config/u_i2c_dri/dri_clk" drives clk pins.
SYN-7503 WARNING: Net "u_es8388_ctrl/u_es8388_config/u_i2c_dri/dri_clk" drives clk pins. However it will not be tagged as clk net, for there's no more slots.
SYN-4025 : Tag rtl::Net aud_bclk_1_dup_1 as clock net
SYN-4025 : Tag rtl::Net aud_bclk_2_dup_1 as clock net
SYN-4025 : Tag rtl::Net aud_bclk_3_dup_1 as clock net
SYN-4025 : Tag rtl::Net aud_bclk_dup_1 as clock net
SYN-4025 : Tag rtl::Net aud_mclk_1_dup_1 as clock net
SYN-4025 : Tag rtl::Net aud_mclk_2_dup_1 as clock net
SYN-4025 : Tag rtl::Net aud_mclk_3_dup_1 as clock net
SYN-4025 : Tag rtl::Net aud_mclk_dup_1 as clock net
SYN-4025 : Tag rtl::Net ilaclk_1_dup_1 as clock net
SYN-4025 : Tag rtl::Net ilaclk_2_dup_1 as clock net
SYN-4025 : Tag rtl::Net ilaclk_3_dup_1 as clock net
SYN-4025 : Tag rtl::Net ilaclk_dup_1 as clock net
SYN-4025 : Tag rtl::Net sys_clk_dup_1 as clock net
SYN-4025 : Tag rtl::Net u1_es8388_ctrl/u_es8388_config/u_i2c_dri/dri_clk as clock net
SYN-4025 : Tag rtl::Net u2_es8388_ctrl/u_es8388_config/u_i2c_dri/dri_clk as clock net
SYN-4025 : Tag rtl::Net u3_es8388_ctrl/u_es8388_config/u_i2c_dri/dri_clk as clock net
SYN-4026 : Tagged 16 rtl::Net as clock net
SYN-4015 : Create BUFG instance for clk Net aud_bclk_1_dup_1 to drive 80 clock pins.
SYN-4015 : Create BUFG instance for clk Net aud_bclk_2_dup_1 to drive 80 clock pins.
SYN-4015 : Create BUFG instance for clk Net aud_bclk_3_dup_1 to drive 80 clock pins.
SYN-4015 : Create BUFG instance for clk Net aud_bclk_dup_1 to drive 80 clock pins.
SYN-4015 : Create BUFG instance for clk Net u1_es8388_ctrl/u_es8388_config/u_i2c_dri/dri_clk to drive 56 clock pins.
SYN-4015 : Create BUFG instance for clk Net u2_es8388_ctrl/u_es8388_config/u_i2c_dri/dri_clk to drive 56 clock pins.
SYN-4015 : Create BUFG instance for clk Net u3_es8388_ctrl/u_es8388_config/u_i2c_dri/dri_clk to drive 56 clock pins.
PHY-1001 : Populate physical database on model audio_speak.
RUN-1001 : There are total 2537 instances
RUN-0007 : 914 luts, 1094 seqs, 304 mslices, 160 lslices, 47 pads, 0 brams, 0 dsps
RUN-1001 : There are total 3241 nets
RUN-1001 : 2209 nets have 2 pins
RUN-1001 : 720 nets have [3 - 5] pins
RUN-1001 : 192 nets have [6 - 10] pins
RUN-1001 : 67 nets have [11 - 20] pins
RUN-1001 : 45 nets have [21 - 99] pins
RUN-1001 : 8 nets have 100+ pins
RUN-1001 : Report Control nets information:
RUN-1001 : DFF Distribution
RUN-1001 : ----------------------------------
RUN-1001 :   CE   |  SSR  |  ASR  |  DFF Count  
RUN-1001 : ----------------------------------
RUN-1001 :   No   |  No   |  No   |      0      
RUN-1001 :   No   |  No   |  Yes  |     454     
RUN-1001 :   No   |  Yes  |  No   |      0      
RUN-1001 :   Yes  |  No   |  No   |     384     
RUN-1001 :   Yes  |  No   |  Yes  |     256     
RUN-1001 :   Yes  |  Yes  |  No   |      0      
RUN-1001 : ----------------------------------
RUN-0007 : Control Group Statistic
RUN-0007 : ---------------------------
RUN-0007 :   #CLK  |  #CE  |  #SSR/ASR  
RUN-0007 : ---------------------------
RUN-0007 :    9    |  17   |     6      
RUN-0007 : ---------------------------
RUN-0007 : Control Set = 29
PHY-3001 : Initial placement ...
PHY-3001 : design contains 2535 instances, 914 luts, 1094 seqs, 464 slices, 68 macros(464 instances: 304 mslices 160 lslices)
PHY-0007 : Cell area utilization is 9%
PHY-3001 : Global placement ...
PHY-3001 : Initial: Len = 829066
PHY-3001 : Clustering ...
PHY-3001 : Level 0 #clusters 2535.
PHY-3001 : End clustering;  0.000042s wall, 0.000000s user + 0.000000s system = 0.000000s CPU (n/a%)

PHY-3001 : Run with size of 4
PHY-3001 : Cell area utilization is 9%
PHY-3001 : :::0::: Try harder cell spreading with beta_ = 0
PHY-3002 : Step(1): len = 504145, overlap = 0
PHY-3002 : Step(2): len = 301091, overlap = 0
PHY-3002 : Step(3): len = 221030, overlap = 0.5
PHY-3002 : Step(4): len = 169904, overlap = 2.75
PHY-3002 : Step(5): len = 147284, overlap = 7.375
PHY-3002 : Step(6): len = 124948, overlap = 20.4375
PHY-3002 : Step(7): len = 109915, overlap = 25.2812
PHY-3002 : Step(8): len = 101552, overlap = 35.4688
PHY-3002 : Step(9): len = 92627.7, overlap = 37.75
PHY-3002 : Step(10): len = 85758.2, overlap = 44.8125
PHY-3002 : Step(11): len = 82441.4, overlap = 45.6562
PHY-3002 : Step(12): len = 79751, overlap = 57.0938
PHY-3002 : Step(13): len = 74079.5, overlap = 62.375
PHY-3002 : Step(14): len = 67299.5, overlap = 67.6562
PHY-3002 : Step(15): len = 68191.6, overlap = 65.9688
PHY-3002 : Step(16): len = 64868, overlap = 65.7812
PHY-3001 : :::1::: Try harder cell spreading with beta_ = 7.19609e-05
PHY-3002 : Step(17): len = 73926.9, overlap = 49.2812
PHY-3002 : Step(18): len = 75464.4, overlap = 40.0312
PHY-3002 : Step(19): len = 66862, overlap = 34.6875
PHY-3002 : Step(20): len = 64614.2, overlap = 35.9062
PHY-3002 : Step(21): len = 63382.3, overlap = 35.9688
PHY-3002 : Step(22): len = 61053.6, overlap = 41.2188
PHY-3002 : Step(23): len = 59111.6, overlap = 41.8125
PHY-3002 : Step(24): len = 58355.7, overlap = 44.3125
PHY-3002 : Step(25): len = 56558.2, overlap = 48.25
PHY-3002 : Step(26): len = 56865.2, overlap = 51.4062
PHY-3002 : Step(27): len = 57878, overlap = 48.75
PHY-3002 : Step(28): len = 57105.7, overlap = 25.9375
PHY-3002 : Step(29): len = 53727.3, overlap = 30.3125
PHY-3002 : Step(30): len = 53724.2, overlap = 27.875
PHY-3002 : Step(31): len = 51614.4, overlap = 25.375
PHY-3002 : Step(32): len = 51941.5, overlap = 21.375
PHY-3002 : Step(33): len = 50823.9, overlap = 18.5312
PHY-3002 : Step(34): len = 50294.3, overlap = 21.2188
PHY-3002 : Step(35): len = 49414.6, overlap = 20.9688
PHY-3002 : Step(36): len = 48635.8, overlap = 21.2812
PHY-3002 : Step(37): len = 48522.7, overlap = 22.0312
PHY-3001 : :::2::: Try harder cell spreading with beta_ = 0.000143922
PHY-3002 : Step(38): len = 47405.1, overlap = 18.4375
PHY-3002 : Step(39): len = 46629.5, overlap = 22.3438
PHY-3002 : Step(40): len = 46670.5, overlap = 22.5312
PHY-3001 : :::3::: Try harder cell spreading with beta_ = 0.000287843
PHY-3002 : Step(41): len = 46924.4, overlap = 20.5938
PHY-3002 : Step(42): len = 46707.2, overlap = 20.1875
PHY-3001 : Legalization ...
PHY-3001 : End legalization;  0.002164s wall, 0.000000s user + 0.000000s system = 0.000000s CPU (n/a%)

PHY-3001 : Run with size of 4
PHY-3001 : Cell area utilization is 12%
PHY-3001 : :::0::: Try harder cell spreading with beta_ = 1.73923e-06
PHY-3002 : Step(43): len = 45889.4, overlap = 80.0938
PHY-3002 : Step(44): len = 45941.1, overlap = 81.5312
PHY-3002 : Step(45): len = 45228.3, overlap = 91.5938
PHY-3001 : :::1::: Try harder cell spreading with beta_ = 3.47845e-06
PHY-3002 : Step(46): len = 43555.7, overlap = 86.5
PHY-3002 : Step(47): len = 43598.5, overlap = 86.4062
PHY-3002 : Step(48): len = 43857.6, overlap = 85.625
PHY-3001 : :::2::: Try harder cell spreading with beta_ = 6.95691e-06
PHY-3002 : Step(49): len = 44034.7, overlap = 81.8125
PHY-3002 : Step(50): len = 44220.4, overlap = 80.9688
PHY-3001 : :::3::: Try harder cell spreading with beta_ = 1.39138e-05
PHY-3002 : Step(51): len = 46869.2, overlap = 72.8438
PHY-3002 : Step(52): len = 47131.1, overlap = 72.5
PHY-3002 : Step(53): len = 48017.7, overlap = 70.4375
PHY-3002 : Step(54): len = 48650.5, overlap = 66.9062
PHY-3002 : Step(55): len = 47866.9, overlap = 66.5
PHY-3002 : Step(56): len = 47769.8, overlap = 65.5
PHY-3002 : Step(57): len = 48237.7, overlap = 63.6562
PHY-3001 : :::4::: Try harder cell spreading with beta_ = 2.78276e-05
PHY-3002 : Step(58): len = 48755.3, overlap = 62.7812
PHY-3002 : Step(59): len = 48755.3, overlap = 62.7812
PHY-3002 : Step(60): len = 48445.5, overlap = 63.125
PHY-3001 : Run with size of 2
PHY-3001 : Cell area utilization is 12%
PHY-3001 : :::0::: Try harder cell spreading with beta_ = 9.53689e-06
PHY-3002 : Step(61): len = 49522.7, overlap = 156.094
PHY-3002 : Step(62): len = 49522.7, overlap = 156.094
PHY-3002 : Step(63): len = 48609.8, overlap = 147.469
PHY-3002 : Step(64): len = 48609.8, overlap = 147.469
PHY-3002 : Step(65): len = 48732.3, overlap = 149.219
PHY-3001 : :::1::: Try harder cell spreading with beta_ = 1.90738e-05
PHY-3002 : Step(66): len = 51348.6, overlap = 135.969
PHY-3002 : Step(67): len = 52330.5, overlap = 134.688
PHY-3002 : Step(68): len = 53333.7, overlap = 133.688
PHY-3001 : :::2::: Try harder cell spreading with beta_ = 3.81476e-05
PHY-3002 : Step(69): len = 54094.2, overlap = 122.062
PHY-3002 : Step(70): len = 55596, overlap = 121.75
PHY-3002 : Step(71): len = 55323.7, overlap = 121.656
PHY-3002 : Step(72): len = 55635.2, overlap = 116.531
PHY-3002 : Step(73): len = 55609.4, overlap = 118.188
PHY-3001 : :::3::: Try harder cell spreading with beta_ = 7.62951e-05
PHY-3002 : Step(74): len = 56862, overlap = 108.812
PHY-3002 : Step(75): len = 56862, overlap = 108.812
PHY-3002 : Step(76): len = 56009.6, overlap = 105.031
PHY-3001 : :::4::: Try harder cell spreading with beta_ = 0.000138673
PHY-3002 : Step(77): len = 57583.7, overlap = 105.188
PHY-3002 : Step(78): len = 58946.4, overlap = 103
PHY-3002 : Step(79): len = 59361.7, overlap = 103.281
PHY-3002 : Step(80): len = 59621.5, overlap = 97.1875
PHY-3002 : Step(81): len = 60174.3, overlap = 92.4062
PHY-3001 : :::5::: Try harder cell spreading with beta_ = 0.000277345
PHY-3002 : Step(82): len = 61353.3, overlap = 86.0312
PHY-3002 : Step(83): len = 61454.7, overlap = 85.3438
PHY-3002 : Step(84): len = 61106.1, overlap = 84.7188
PHY-3001 : :::6::: Try harder cell spreading with beta_ = 0.000516456
PHY-3002 : Step(85): len = 62375.4, overlap = 83.9062
PHY-3002 : Step(86): len = 63655.5, overlap = 82.5625
PHY-3002 : Step(87): len = 62969.2, overlap = 80.5938
PHY-3002 : Step(88): len = 62756.9, overlap = 79.9688
PHY-3002 : Step(89): len = 62788.5, overlap = 77.6562
PHY-3001 : :::7::: Try harder cell spreading with beta_ = 0.000913295
PHY-3002 : Step(90): len = 63673.5, overlap = 74.8438
PHY-3002 : Step(91): len = 64444.2, overlap = 75.6875
PHY-3002 : Step(92): len = 64186.2, overlap = 75.3125
PHY-3001 : :::8::: Try harder cell spreading with beta_ = 0.00147771
PHY-3002 : Step(93): len = 65060.9, overlap = 72.625
PHY-3002 : Step(94): len = 65777.3, overlap = 73.6875
PHY-3002 : Step(95): len = 65476, overlap = 72.6562
PHY-3002 : Step(96): len = 65422.5, overlap = 73.0938
PHY-3001 : :::9::: Try harder cell spreading with beta_ = 0.00295542
PHY-3002 : Step(97): len = 65901.7, overlap = 71.8125
PHY-3002 : Step(98): len = 66038.7, overlap = 72.5312
PHY-3001 : :::10::: Try harder cell spreading with beta_ = 0.00478187
PHY-3002 : Step(99): len = 66261.5, overlap = 70.7812
PHY-3002 : Step(100): len = 66667.5, overlap = 69.8125
OPT-1001 : Start physical optimization ...
OPT-1001 : Total overflow 202.56 peak overflow 4.00
OPT-1001 : Start high-fanout net optimization ...
OPT-1001 : Update timing in global mode
PHY-1001 : Start incremental global routing, caller is place ...
RUN-1001 : Generating global routing grids ...
RUN-1001 : Building simple global routing graph ...
PHY-1001 : Generate routing nets ...
PHY-1001 : Reuse net number 0/3241.
PHY-1001 : Global iterations in 16 thread ...
PHY-1002 : len = 76000, over cnt = 330(0%), over = 1869, worst = 28
PHY-1001 : End global iterations;  0.089911s wall, 0.062500s user + 0.078125s system = 0.140625s CPU (156.4%)

PHY-1001 : Congestion index: top1 = 50.95, top5 = 33.12, top10 = 22.66, top15 = 16.42.
PHY-1001 : End incremental global routing;  0.140067s wall, 0.109375s user + 0.078125s system = 0.187500s CPU (133.9%)

RUN-1002 : start command "start_timer -report"
TMR-5001 WARNING: No sdc constraints found while initiating timer.
TMR-2505 : Start building timing graph for model audio_speak.
TMR-2506 : Build timing graph completely. Port num: 46, tpin num: 12438, tnet num: 3239, tinst num: 2535, tnode num: 16312, tedge num: 21104.
TMR-2508 : Levelizing timing graph completed, there are 37 levels in total.
TMR-2501 : Timing graph initialized successfully.
OPT-1001 : End timing update;  0.242698s wall, 0.234375s user + 0.000000s system = 0.234375s CPU (96.6%)

OPT-1001 : 0 high-fanout net processed.
OPT-1001 : End high-fanout net optimization;  0.415800s wall, 0.375000s user + 0.078125s system = 0.453125s CPU (109.0%)

OPT-1001 : Current memory(MB): used = 201, reserve = 170, peak = 201.
OPT-1001 : End physical optimization;  0.440106s wall, 0.500000s user + 0.218750s system = 0.718750s CPU (163.3%)

PHY-3001 : Start packing ...
SYN-4007 : Packing 0 MUX to BLE ...
SYN-4008 : Packed 0 MUX and 0 SEQ to BLE.
SYN-4007 : Packing 914 LUT to BLE ...
SYN-4008 : Packed 914 LUT and 426 SEQ to BLE.
SYN-4003 : Packing 668 remaining SEQ's ...
SYN-4005 : Packed 174 SEQ with LUT/SLICE
SYN-4006 : 376 single LUT's are left
SYN-4006 : 494 single SEQ's are left
SYN-4011 : Packing model "audio_speak" (AL_USER_NORMAL) with 1408/1937 primitive instances ...
PHY-3001 : End packing;  0.065148s wall, 0.078125s user + 0.000000s system = 0.078125s CPU (119.9%)

PHY-1001 : Populate physical database on model audio_speak.
RUN-1001 : There are total 1265 instances
RUN-1001 : 600 mslices, 600 lslices, 47 pads, 0 brams, 0 dsps
RUN-1001 : There are total 2831 nets
RUN-1001 : 1815 nets have 2 pins
RUN-1001 : 704 nets have [3 - 5] pins
RUN-1001 : 192 nets have [6 - 10] pins
RUN-1001 : 78 nets have [11 - 20] pins
RUN-1001 : 38 nets have [21 - 99] pins
RUN-1001 : 4 nets have 100+ pins
PHY-3001 : design contains 1263 instances, 1200 slices, 68 macros(464 instances: 304 mslices 160 lslices)
PHY-3001 : Cell area utilization is 15%
PHY-3001 : After packing: Len = 66578, Over = 106.5
PHY-3001 : Run with size of 2
PHY-3001 : Cell area utilization is 15%
PHY-3001 : :::0::: Try harder cell spreading with beta_ = 1.6586e-05
PHY-3002 : Step(101): len = 60734.3, overlap = 106
PHY-3002 : Step(102): len = 59093, overlap = 116.25
PHY-3002 : Step(103): len = 57899.8, overlap = 119.5
PHY-3002 : Step(104): len = 56351.3, overlap = 125.25
PHY-3002 : Step(105): len = 55994.1, overlap = 126.75
PHY-3002 : Step(106): len = 56111, overlap = 128.25
PHY-3002 : Step(107): len = 56162.1, overlap = 126.75
PHY-3001 : :::1::: Try harder cell spreading with beta_ = 3.3172e-05
PHY-3002 : Step(108): len = 58848.7, overlap = 119.5
PHY-3002 : Step(109): len = 60266.2, overlap = 116.5
PHY-3002 : Step(110): len = 61672.5, overlap = 108.5
PHY-3002 : Step(111): len = 61919.1, overlap = 107
PHY-3002 : Step(112): len = 61149.7, overlap = 99.5
PHY-3002 : Step(113): len = 60912.7, overlap = 99.5
PHY-3002 : Step(114): len = 60497.5, overlap = 103.5
PHY-3001 : :::2::: Try harder cell spreading with beta_ = 6.63441e-05
PHY-3002 : Step(115): len = 62978.5, overlap = 100.25
PHY-3002 : Step(116): len = 63748, overlap = 98.75
PHY-3002 : Step(117): len = 64200.6, overlap = 98
PHY-3001 : Legalization ...
PHY-3001 : End legalization;  0.144191s wall, 0.218750s user + 0.140625s system = 0.359375s CPU (249.2%)

PHY-3001 : Trial Legalized: Len = 90657.6
PHY-3001 : Run with size of 2
PHY-3001 : Cell area utilization is 15%
PHY-3001 : :::0::: Try harder cell spreading with beta_ = 0.000230904
PHY-3002 : Step(118): len = 78106.2, overlap = 28
PHY-3002 : Step(119): len = 74774.8, overlap = 41.75
PHY-3002 : Step(120): len = 72611.3, overlap = 47.75
PHY-3002 : Step(121): len = 72094.6, overlap = 54.25
PHY-3002 : Step(122): len = 71802.8, overlap = 53.5
PHY-3002 : Step(123): len = 71327.4, overlap = 54.25
PHY-3001 : :::1::: Try harder cell spreading with beta_ = 0.000461808
PHY-3002 : Step(124): len = 71561.1, overlap = 54.25
PHY-3002 : Step(125): len = 71734.8, overlap = 53.5
PHY-3002 : Step(126): len = 71868.3, overlap = 53.25
PHY-3001 : :::2::: Try harder cell spreading with beta_ = 0.000923617
PHY-3002 : Step(127): len = 72082.2, overlap = 51.75
PHY-3002 : Step(128): len = 72135.1, overlap = 51.75
PHY-3001 : Legalization ...
PHY-3001 : End legalization;  0.004204s wall, 0.000000s user + 0.000000s system = 0.000000s CPU (n/a%)

PHY-3001 : Legalized: Len = 81845.3, Over = 0
PHY-3001 : Spreading special nets. 10 overflows in 2952 tiles.
PHY-3001 : End spreading;  0.008251s wall, 0.000000s user + 0.000000s system = 0.000000s CPU (n/a%)

PHY-3001 : 13 instances has been re-located, deltaX = 10, deltaY = 7, maxDist = 2.
PHY-3001 : Final: Len = 82305.3, Over = 0
OPT-1001 : Start physical optimization ...
OPT-1001 : Total overflow 0.00 peak overflow 0.00
OPT-1001 : Start high-fanout net optimization ...
OPT-1001 : Update timing in global mode
PHY-1001 : Start incremental global routing, caller is place ...
RUN-1001 : Generating global routing grids ...
PHY-1001 : Generate routing nets ...
PHY-1001 : Reuse net number 48/2831.
PHY-1001 : Global iterations in 16 thread ...
PHY-1002 : len = 97976, over cnt = 315(0%), over = 593, worst = 7
PHY-1002 : len = 101080, over cnt = 154(0%), over = 224, worst = 4
PHY-1002 : len = 103000, over cnt = 55(0%), over = 81, worst = 4
PHY-1002 : len = 104144, over cnt = 0(0%), over = 0, worst = 0
PHY-1001 : End global iterations;  0.188835s wall, 0.109375s user + 0.140625s system = 0.250000s CPU (132.4%)

PHY-1001 : Congestion index: top1 = 34.35, top5 = 27.57, top10 = 22.97, top15 = 19.47.
PHY-1001 : End incremental global routing;  0.251047s wall, 0.171875s user + 0.140625s system = 0.312500s CPU (124.5%)

RUN-1002 : start command "start_timer -report"
TMR-5001 WARNING: No sdc constraints found while initiating timer.
TMR-2505 : Start building timing graph for model audio_speak.
TMR-2506 : Build timing graph completely. Port num: 46, tpin num: 10549, tnet num: 2829, tinst num: 1263, tnode num: 13370, tedge num: 18686.
TMR-2508 : Levelizing timing graph completed, there are 37 levels in total.
TMR-2501 : Timing graph initialized successfully.
OPT-1001 : End timing update;  0.240928s wall, 0.234375s user + 0.000000s system = 0.234375s CPU (97.3%)

OPT-1001 : 0 high-fanout net processed.
OPT-1001 : End high-fanout net optimization;  0.522081s wall, 0.437500s user + 0.140625s system = 0.578125s CPU (110.7%)

OPT-1001 : Current memory(MB): used = 208, reserve = 177, peak = 208.
OPT-1001 : Update timing in Manhattan mode
OPT-1001 : End timing update;  0.003540s wall, 0.000000s user + 0.000000s system = 0.000000s CPU (n/a%)

OPT-1001 : Start pin optimization...
OPT-1001 : skip pin optimization...
RUN-1001 : Generating global routing grids ...
PHY-1001 : Generate routing nets ...
PHY-1001 : Reuse net number 2369/2831.
PHY-1001 : Global iterations in 16 thread ...
PHY-1002 : len = 104144, over cnt = 0(0%), over = 0, worst = 0
PHY-1001 : End global iterations;  0.005498s wall, 0.000000s user + 0.000000s system = 0.000000s CPU (n/a%)

PHY-1001 : Congestion index: top1 = 34.35, top5 = 27.57, top10 = 22.97, top15 = 19.47.
OPT-1001 : Update timing in Manhattan mode
OPT-1001 : End timing update;  0.003778s wall, 0.015625s user + 0.000000s system = 0.015625s CPU (413.5%)

RUN-1001 : QoR Analysis:
OPT-0007 :   WNS 2147483647 TNS 0 NUM_FEPS 0
RUN-1001 :   No local congestion issue, and most congested 1% tile average routing util is 33.862069
RUN-1001 :   Top critical paths
OPT-1001 : End physical optimization;  0.612533s wall, 0.546875s user + 0.140625s system = 0.687500s CPU (112.2%)

RUN-1003 : finish command "place" in  4.586806s wall, 7.031250s user + 6.875000s system = 13.906250s CPU (303.2%)

RUN-1004 : used memory is 179 MB, reserved memory is 148 MB, peak memory is 210 MB
RUN-1002 : start command "export_db ES8388_place.db"
RUN-1001 : Exported /
RUN-1001 : Exported flow parameters
RUN-1001 : Exported libs
RUN-1001 : Exported entities
RUN-1001 : Exported ports
RUN-1001 : Exported pins
RUN-1001 : Exported instances
RUN-1001 : Exported nets
RUN-1001 : Exported buses
RUN-1001 : Exported models
RUN-1001 : Exported congestions
RUN-1001 : Exported violations
RUN-1001 : Exported IO constraints
RUN-1001 : Exported Inst constraints
RUN-1002 : start command "route"
RUN-1001 : Open license file E:/Software/Anlogic/TD5.6.2/license/Anlogic.lic
RUN-1001 : Print Global Property
RUN-1001 : ---------------------------------------------------------------
RUN-1001 :        Parameters        |  Settings  |  Default Values  |  Note  
RUN-1001 : ---------------------------------------------------------------
RUN-1001 :          message         |  standard  |     standard     |        
RUN-1001 :   mixed_pack_place_flow  |     on     |        on        |        
RUN-1001 :        qor_monitor       |    off     |       off        |        
RUN-1001 :        syn_ip_flow       |    off     |       off        |        
RUN-1001 :          thread          |    auto    |       auto       |        
RUN-1001 : ---------------------------------------------------------------
RUN-1001 : Print Route Property
RUN-1001 : -------------------------------------------------------
RUN-1001 :    Parameters    |  Settings  |  Default Values  |  Note  
RUN-1001 : -------------------------------------------------------
RUN-1001 :      effort      |   medium   |      medium      |        
RUN-1001 :     fix_hold     |    off     |       off        |        
RUN-1001 :    opt_timing    |   medium   |      medium      |        
RUN-1001 :   phy_sim_model  |    off     |       off        |        
RUN-1001 :     priority     |   timing   |      timing      |        
RUN-1001 :     swap_pin     |     on     |        on        |        
RUN-1001 : -------------------------------------------------------
PHY-1001 : Route runs in 16 thread(s)
RUN-1001 : There are total 1265 instances
RUN-1001 : 600 mslices, 600 lslices, 47 pads, 0 brams, 0 dsps
RUN-1001 : There are total 2831 nets
RUN-1001 : 1815 nets have 2 pins
RUN-1001 : 704 nets have [3 - 5] pins
RUN-1001 : 192 nets have [6 - 10] pins
RUN-1001 : 78 nets have [11 - 20] pins
RUN-1001 : 38 nets have [21 - 99] pins
RUN-1001 : 4 nets have 100+ pins
RUN-1002 : start command "start_timer -report"
TMR-5001 WARNING: No sdc constraints found while initiating timer.
TMR-2505 : Start building timing graph for model audio_speak.
TMR-2506 : Build timing graph completely. Port num: 46, tpin num: 10549, tnet num: 2829, tinst num: 1263, tnode num: 13370, tedge num: 18686.
TMR-2508 : Levelizing timing graph completed, there are 37 levels in total.
TMR-2501 : Timing graph initialized successfully.
PHY-1001 : 600 mslices, 600 lslices, 47 pads, 0 brams, 0 dsps
TMR-2503 : Start to update net delay, extr mode = 3.
TMR-2504 : Update delay of 2829 nets completely.
TMR-2502 : Annotate delay completely, extr mode = 3.
TMR-3002 : No user constraint, initiate default constraint.
TMR-1501 : Assign derive clock DeriveClock to 1412 clock pins, and constraint 2813 relative nodes.
TMR-3003 : Constraints initiated successfully.
TMR-3501 : Forward propagation: start to calculate arrival time...
TMR-3502 : Backward propagation: start to calculate required time...
TMR-3503 : Timing propagation completes.
PHY-1001 : Start global routing, caller is route ...
RUN-1001 : Generating global routing grids ...
PHY-1001 : Generate routing nets ...
PHY-1001 : Global iterations in 16 thread ...
PHY-1002 : len = 97464, over cnt = 313(0%), over = 594, worst = 7
PHY-1002 : len = 100720, over cnt = 156(0%), over = 231, worst = 5
PHY-1002 : len = 103192, over cnt = 29(0%), over = 41, worst = 3
PHY-1002 : len = 103840, over cnt = 0(0%), over = 0, worst = 0
PHY-1001 : End global iterations;  0.204239s wall, 0.125000s user + 0.156250s system = 0.281250s CPU (137.7%)

PHY-1001 : Congestion index: top1 = 34.09, top5 = 27.40, top10 = 22.90, top15 = 19.42.
PHY-1001 : End global routing;  0.266325s wall, 0.187500s user + 0.156250s system = 0.343750s CPU (129.1%)

PHY-1001 : Start detail routing ...
PHY-1001 : Current memory(MB): used = 242, reserve = 212, peak = 257.
PHY-1001 : Detailed router is running in normal mode.
PHY-1001 : Generate detailed routing grids ...
PHY-1001 : Processed IO instance aud_dacdat_syn_4 with INV attribute.
PHY-1001 : Processed IO instance aud_dacdat_1_syn_4 with INV attribute.
PHY-1001 : Processed IO instance aud_dacdat_2_syn_4 with INV attribute.
PHY-1001 : Processed IO instance aud_dacdat_3_syn_4 with INV attribute.
PHY-1001 : Generate nets ...
PHY-1001 : clock net aud_bclk_syn_4 will be merged with clock aud_bclk_dup_1
PHY-1001 : clock net aud_bclk_1_syn_4 will be merged with clock aud_bclk_1_dup_1
PHY-1001 : clock net aud_bclk_2_syn_4 will be merged with clock aud_bclk_2_dup_1
PHY-1001 : clock net aud_bclk_3_syn_4 will be merged with clock aud_bclk_3_dup_1
PHY-1001 : net aud_mclk_dup_1 will be routed on clock mesh
PHY-1001 : net aud_mclk_1_dup_1 will be routed on clock mesh
PHY-1001 : net aud_mclk_2_dup_1 will be routed on clock mesh
PHY-1001 : net aud_mclk_3_dup_1 will be routed on clock mesh
PHY-1001 : clock net ilaclk_dup_1 will be merged with clock u_pll_clk/clk0_buf
PHY-1001 : clock net ilaclk_1_dup_1 will be merged with clock u1_pll_clk/clk0_buf
PHY-1001 : clock net ilaclk_2_dup_1 will be merged with clock u2_pll_clk/clk0_buf
PHY-1001 : clock net ilaclk_3_dup_1 will be merged with clock u3_pll_clk/clk0_buf
PHY-1001 : net sys_clk_dup_1 will be routed on clock mesh
PHY-1001 : clock net u1_es8388_ctrl/u_es8388_config/u_i2c_dri/dri_clk_syn_4 will be merged with clock u1_es8388_ctrl/u_es8388_config/u_i2c_dri/dri_clk
PHY-1001 : clock net u2_es8388_ctrl/u_es8388_config/u_i2c_dri/dri_clk_syn_4 will be merged with clock u2_es8388_ctrl/u_es8388_config/u_i2c_dri/dri_clk
PHY-1001 : clock net u3_es8388_ctrl/u_es8388_config/u_i2c_dri/dri_clk_syn_4 will be merged with clock u3_es8388_ctrl/u_es8388_config/u_i2c_dri/dri_clk
PHY-1001 : Current memory(MB): used = 508, reserve = 482, peak = 508.
PHY-1001 : End build detailed router design. 2.221518s wall, 2.187500s user + 0.015625s system = 2.203125s CPU (99.2%)

PHY-1001 : Detail Route ...
PHY-1001 : ===== Detail Route Phase 1 =====
PHY-1001 : Clock net routing.....
PHY-1001 : Routed 0% nets.
PHY-1022 : len = 50936, over cnt = 0(0%), over = 0, worst = 0, crit = 0
PHY-1001 : End initial clock net routed; 3.902315s wall, 3.906250s user + 0.000000s system = 3.906250s CPU (100.1%)

PHY-1001 : Current memory(MB): used = 542, reserve = 517, peak = 542.
PHY-1001 : End phase 1; 3.904895s wall, 3.906250s user + 0.000000s system = 3.906250s CPU (100.0%)

PHY-1001 : ===== Detail Route Phase 2 =====
PHY-1001 : Initial routing.....
PHY-1001 : Routed 34% nets.
PHY-1001 : Routed 42% nets.
PHY-1001 : Routed 51% nets.
PHY-1001 : Routed 63% nets.
PHY-1001 : Routed 83% nets.
PHY-1022 : len = 343040, over cnt = 110(0%), over = 110, worst = 1, crit = 0
PHY-1001 : Current memory(MB): used = 542, reserve = 517, peak = 542.
PHY-1001 : End initial routed; 2.238415s wall, 2.609375s user + 1.109375s system = 3.718750s CPU (166.1%)

PHY-1001 : Current memory(MB): used = 542, reserve = 517, peak = 542.
PHY-1001 : End phase 2; 2.238516s wall, 2.609375s user + 1.109375s system = 3.718750s CPU (166.1%)

PHY-1001 : ===== Detail Route Phase 3 =====
PHY-1001 : Ripup-reroute.....
PHY-1001 : ===== DR Iter 1 =====
PHY-1022 : len = 342368, over cnt = 40(0%), over = 40, worst = 1, crit = 0
PHY-1001 : End DR Iter 1; 0.058965s wall, 0.078125s user + 0.046875s system = 0.125000s CPU (212.0%)

PHY-1001 : ===== DR Iter 2 =====
PHY-1022 : len = 342608, over cnt = 6(0%), over = 6, worst = 1, crit = 0
PHY-1001 : End DR Iter 2; 0.029900s wall, 0.031250s user + 0.000000s system = 0.031250s CPU (104.5%)

PHY-1001 : ===== DR Iter 3 =====
PHY-1022 : len = 342592, over cnt = 1(0%), over = 1, worst = 1, crit = 0
PHY-1001 : End DR Iter 3; 0.028765s wall, 0.015625s user + 0.015625s system = 0.031250s CPU (108.6%)

PHY-1001 : ===== DR Iter 4 =====
PHY-1022 : len = 342616, over cnt = 0(0%), over = 0, worst = 0, crit = 0
PHY-1001 : End DR Iter 4; 0.027852s wall, 0.015625s user + 0.015625s system = 0.031250s CPU (112.2%)

PHY-1001 : Commit to database.....
PHY-1001 : 19 feed throughs used by 15 nets
PHY-1001 : End commit to database; 0.188415s wall, 0.187500s user + 0.000000s system = 0.187500s CPU (99.5%)

PHY-1001 : Current memory(MB): used = 559, reserve = 534, peak = 559.
PHY-1001 : End phase 3; 0.433231s wall, 0.421875s user + 0.078125s system = 0.500000s CPU (115.4%)

PHY-1003 : Routed, final wirelength = 342616
PHY-1001 : Current memory(MB): used = 560, reserve = 535, peak = 560.
PHY-1001 : End export database. 0.008692s wall, 0.015625s user + 0.000000s system = 0.015625s CPU (179.8%)

PHY-1001 : End detail routing;  8.961245s wall, 9.281250s user + 1.203125s system = 10.484375s CPU (117.0%)

RUN-1003 : finish command "route" in  9.606327s wall, 9.828125s user + 1.390625s system = 11.218750s CPU (116.8%)

RUN-1004 : used memory is 485 MB, reserved memory is 459 MB, peak memory is 560 MB
RUN-1002 : start command "report_area -io_info -file ES8388_phy.area"
RUN-1001 : standard
***Report Model: audio_speak Device: EG4S20BG256***

IO Statistics
#IO                        47
  #input                   19
  #output                  24
  #inout                    4

Utilization Statistics
#lut                     1842   out of  19600    9.40%
#reg                     1186   out of  19600    6.05%
#le                      2336
  #lut only              1150   out of   2336   49.23%
  #reg only               494   out of   2336   21.15%
  #lut&reg                692   out of   2336   29.62%
#dsp                        0   out of     29    0.00%
#bram                       0   out of     64    0.00%
  #bram9k                   0
  #fifo9k                   0
#bram32k                    0   out of     16    0.00%
#pad                       47   out of    188   25.00%
  #ireg                     8
  #oreg                    16
  #treg                     4
#pll                        4   out of      4  100.00%
#gclk                      11   out of     16   68.75%

Clock Resource Statistics
Index     ClockNet                                            Type               DriverType         Driver                                                           Fanout
#1        sys_clk_dup_1                                       GCLK               io                 sys_clk_syn_2.di                                                 368
#2        aud_bclk_2_dup_1                                    GCLK               io                 aud_bclk_2_syn_2.di                                              45
#3        aud_bclk_1_dup_1                                    GCLK               io                 aud_bclk_1_syn_2.di                                              44
#4        aud_bclk_3_dup_1                                    GCLK               io                 aud_bclk_3_syn_2.di                                              44
#5        aud_bclk_dup_1                                      GCLK               io                 aud_bclk_syn_2.di                                                44
#6        u2_es8388_ctrl/u_es8388_config/u_i2c_dri/dri_clk    GCLK               mslice             u2_es8388_ctrl/u_es8388_config/u_i2c_dri/dri_clk_reg_syn_9.q1    42
#7        u3_es8388_ctrl/u_es8388_config/u_i2c_dri/dri_clk    GCLK               lslice             u3_es8388_ctrl/u_es8388_config/u_i2c_dri/dri_clk_reg_syn_9.q0    41
#8        u1_es8388_ctrl/u_es8388_config/u_i2c_dri/dri_clk    GCLK               mslice             u1_es8388_ctrl/u_es8388_config/u_i2c_dri/dri_clk_reg_syn_9.q1    40
#9        aud_mclk_1_dup_1                                    GCLK               pll                u1_pll_clk/pll_inst.clkc1                                        0
#10       aud_mclk_2_dup_1                                    GCLK               pll                u2_pll_clk/pll_inst.clkc1                                        0
#11       aud_mclk_3_dup_1                                    GCLK               pll                u3_pll_clk/pll_inst.clkc1                                        0
#12       aud_mclk_dup_1                                      GCLK               pll                u_pll_clk/pll_inst.clkc1                                         0
#13       u1_pll_clk/clk0_buf                                 GCLK               pll                u1_pll_clk/pll_inst.clkc0                                        0
#14       u2_pll_clk/clk0_buf                                 GCLK               pll                u2_pll_clk/pll_inst.clkc0                                        0
#15       u3_pll_clk/clk0_buf                                 GCLK               pll                u3_pll_clk/pll_inst.clkc0                                        0
#16       u_pll_clk/clk0_buf                                  GCLK               pll                u_pll_clk/pll_inst.clkc0                                         0


Detailed IO Report

      Name        Direction    Location    IOStandard    DriveStrength    PullType     PackReg   
   aud_adcdat       INPUT        R14        LVCMOS25          N/A          PULLUP       IREG     
  aud_adcdat_1      INPUT        G16        LVCMOS25          N/A          PULLUP       IREG     
  aud_adcdat_2      INPUT         E7        LVCMOS25          N/A          PULLUP       IREG     
  aud_adcdat_3      INPUT         L4        LVCMOS25          N/A          PULLUP       IREG     
    aud_bclk        INPUT         M6        LVCMOS25          N/A          PULLUP       NONE     
   aud_bclk_1       INPUT        G14        LVCMOS25          N/A          PULLUP       NONE     
   aud_bclk_2       INPUT         D5        LVCMOS25          N/A          PULLUP       NONE     
   aud_bclk_3       INPUT         H5        LVCMOS25          N/A          PULLUP       NONE     
    aud_lrc         INPUT         M7        LVCMOS25          N/A          PULLUP       IREG     
   aud_lrc_1        INPUT        H16        LVCMOS25          N/A          PULLUP       IREG     
   aud_lrc_2        INPUT         C6        LVCMOS25          N/A          PULLUP       IREG     
   aud_lrc_3        INPUT         K6        LVCMOS25          N/A          PULLUP       IREG     
    sys_clk         INPUT         R7        LVCMOS25          N/A          PULLUP       NONE     
   sys_rst_n        INPUT         E3        LVCMOS25          N/A          PULLUP       NONE     
  sys_rst_n_1       INPUT        F12        LVCMOS25          N/A           N/A         NONE     
  sys_rst_n_2       INPUT        J14        LVCMOS25          N/A           N/A         NONE     
  sys_rst_n_3       INPUT         P7        LVCMOS25          N/A           N/A         NONE     
   volume[1]        INPUT        B10        LVCMOS25          N/A          PULLUP       NONE     
   volume[0]        INPUT        A10        LVCMOS25          N/A          PULLUP       NONE     
   aud_dacdat      OUTPUT         P6        LVCMOS25           8            NONE        OREG     
  aud_dacdat_1     OUTPUT        H14        LVCMOS25           8            NONE        OREG     
  aud_dacdat_2     OUTPUT         E6        LVCMOS25           8            NONE        OREG     
  aud_dacdat_3     OUTPUT         K3        LVCMOS25           8            NONE        OREG     
    aud_mclk       OUTPUT         N5        LVCMOS25           8            NONE        NONE     
   aud_mclk_1      OUTPUT        F14        LVCMOS25           8            NONE        NONE     
   aud_mclk_2      OUTPUT         F6        LVCMOS25           8            NONE        NONE     
   aud_mclk_3      OUTPUT         H4        LVCMOS25           8            NONE        NONE     
    aud_scl        OUTPUT        R12        LVCMOS25           8            NONE        OREG     
   aud_scl_1       OUTPUT        D14        LVCMOS25           8            NONE        OREG     
   aud_scl_2       OUTPUT         A2        LVCMOS25           8            NONE        OREG     
   aud_scl_3       OUTPUT         G3        LVCMOS25           8            NONE        OREG     
     ilaclk        OUTPUT         M9        LVCMOS25           8            NONE        NONE     
    ilaclk_1       OUTPUT        L16        LVCMOS25           8            NONE        NONE     
    ilaclk_2       OUTPUT         D3        LVCMOS25           8            NONE        NONE     
    ilaclk_3       OUTPUT        K15        LVCMOS25           8            NONE        NONE     
      led          OUTPUT        B14        LVCMOS25           8            NONE        NONE     
     led_1         OUTPUT        C15        LVCMOS25           8            NONE        NONE     
     led_2         OUTPUT        B15        LVCMOS25           8            NONE        NONE     
     led_3         OUTPUT        B16        LVCMOS25           8            NONE        NONE     
    led_four       OUTPUT        C16        LVCMOS25           8            NONE        OREG     
    led_one        OUTPUT        F16        LVCMOS25           8            NONE        OREG     
    led_tree       OUTPUT        E13        LVCMOS25           8            NONE        OREG     
    led_two        OUTPUT        E16        LVCMOS25           8            NONE        OREG     
    aud_sda         INOUT         R9        LVCMOS25           8           PULLUP     OREG;TREG  
   aud_sda_1        INOUT        E15        LVCMOS25           8           PULLUP     OREG;TREG  
   aud_sda_2        INOUT         C3        LVCMOS25           8           PULLUP     OREG;TREG  
   aud_sda_3        INOUT         F3        LVCMOS25           8           PULLUP     OREG;TREG  

Report Hierarchy Area:
+--------------------------------------------------------------------------------------------------------+
|Instance                   |Module                 |le     |lut     |ripple  |seq     |bram    |dsp     |
+--------------------------------------------------------------------------------------------------------+
|top                        |audio_speak            |2336   |1378    |464     |1214    |0       |0       |
|  u1_es8388_ctrl           |es8388_ctrl            |285    |235     |32      |143     |0       |0       |
|    u_audio_receive        |audio_receive          |81     |51      |12      |53      |0       |0       |
|    u_audio_send           |audio_send             |22     |22      |0       |22      |0       |0       |
|    u_es8388_config        |es8388_config          |182    |162     |20      |68      |0       |0       |
|      u_i2c_dri            |i2c_dri                |120    |110     |10      |41      |0       |0       |
|      u_i2c_reg_cfg        |i2c_reg_cfg            |62     |52      |10      |27      |0       |0       |
|  u1_pll_clk               |clk_wiz_0              |1      |1       |0       |0       |0       |0       |
|  u2_es8388_ctrl           |es8388_ctrl            |291    |236     |32      |143     |0       |0       |
|    u_audio_receive        |audio_receive          |83     |51      |12      |53      |0       |0       |
|    u_audio_send           |audio_send             |25     |22      |0       |22      |0       |0       |
|    u_es8388_config        |es8388_config          |183    |163     |20      |68      |0       |0       |
|      u_i2c_dri            |i2c_dri                |121    |111     |10      |41      |0       |0       |
|      u_i2c_reg_cfg        |i2c_reg_cfg            |62     |52      |10      |27      |0       |0       |
|  u2_pll_clk               |clk_wiz_0              |1      |1       |0       |0       |0       |0       |
|  u3_es8388_ctrl           |es8388_ctrl            |281    |217     |32      |148     |0       |0       |
|    u_audio_receive        |audio_receive          |83     |48      |12      |59      |0       |0       |
|    u_audio_send           |audio_send             |22     |13      |0       |21      |0       |0       |
|    u_es8388_config        |es8388_config          |176    |156     |20      |68      |0       |0       |
|      u_i2c_dri            |i2c_dri                |117    |107     |10      |41      |0       |0       |
|      u_i2c_reg_cfg        |i2c_reg_cfg            |59     |49      |10      |27      |0       |0       |
|  u3_pll_clk               |clk_wiz_0              |1      |1       |0       |0       |0       |0       |
|  u_es8388_ctrl            |es8388_ctrl            |339    |258     |60      |153     |0       |0       |
|    u_audio_receive        |audio_receive          |80     |47      |12      |54      |0       |0       |
|    u_audio_send           |audio_send             |81     |53      |28      |31      |0       |0       |
|    u_es8388_config        |es8388_config          |178    |158     |20      |68      |0       |0       |
|      u_i2c_dri            |i2c_dri                |116    |106     |10      |41      |0       |0       |
|      u_i2c_reg_cfg        |i2c_reg_cfg            |62     |52      |10      |27      |0       |0       |
|  u_pll_clk                |clk_wiz_0              |1      |1       |0       |0       |0       |0       |
|  u_spar_4mic_localization |spar_4mic_localization |1000   |360     |240     |559     |0       |0       |
+--------------------------------------------------------------------------------------------------------+


DataNet Average Fanout:

   Index     Fanout     Nets  
    #1          1       1764  
    #2          2       390   
    #3          3       198   
    #4          4       112   
    #5        5-10      204   
    #6        11-50      88   
    #7       51-100      8    
    #8       101-500     1    
  Average     2.51            

RUN-1002 : start command "export_db ES8388_pr.db"
RUN-1001 : Exported /
RUN-1001 : Exported flow parameters
RUN-1001 : Exported libs
RUN-1001 : Exported entities
RUN-1001 : Exported ports
RUN-1001 : Exported pins
RUN-1001 : Exported instances
RUN-1001 : Exported nets
RUN-1001 : Exported buses
RUN-1001 : Exported models
RUN-1001 : Exported congestions
RUN-1001 : Exported violations
RUN-1001 : Exported IO constraints
RUN-1001 : Exported Inst constraints
RUN-1002 : start command "export_bid ES8388_inst.bid"
RUN-1002 : start command "bitgen -bit ES8388.bit -unused_io_status pulldown"
BIT-1003 : Start to generate bitstream. 
BIT-1002 : Bitgen processed 141 unused pads, reserve input tri_state with pulldown
BIT-1002 : Init instances with 16 threads.
BIT-1002 : Init instances completely, inst num: 1404
BIT-1002 : Init pips with 16 threads.
BIT-1002 : Init pips completely, net num: 2831, pip num: 24584
BIT-1002 : Init feedthrough with 16 threads.
BIT-1002 : Init feedthrough completely, num: 19
BIT-1003 : Multithreading accelaration with 16 threads.
BIT-1003 : Generate bitstream completely, there are 2173 valid insts, and 71373 bits set as '1'.
BIT-1004 : PLL setting string = 1111
BIT-1004 : Generate bits file ES8388.bit.
RUN-1003 : finish command "bitgen -bit ES8388.bit -unused_io_status pulldown" in  1.992536s wall, 21.109375s user + 1.062500s system = 22.171875s CPU (1112.7%)

RUN-1004 : used memory is 483 MB, reserved memory is 467 MB, peak memory is 683 MB
RUN-1002 : start command "backup_run_log run.log ../.logs/phy_1/td_20251025_145059.log"
