============================================================
   Tang Dynasty, V5.6.71036
      Copyright (c) 2012-2023 Anlogic Inc.
   Executable = E:/Software/Anlogic/TD5.6.2/bin/td.exe
   Built at =   20:34:38 Mar 21 2023
   Run by =     Lviva
   Run Date =   Sat Oct 25 21:36:49 2025

   Run on =     VIVACIOUS
============================================================
RUN-1002 : start command "open_project ES8388.prj"
RUN-1001 : Print Global Property
RUN-1001 : ---------------------------------------------------------------
RUN-1001 :        Parameters        |  Settings  |  Default Values  |  Note  
RUN-1001 : ---------------------------------------------------------------
RUN-1001 :          message         |  standard  |     standard     |        
RUN-1001 :   mixed_pack_place_flow  |     on     |        on        |        
RUN-1001 :        qor_monitor       |    off     |       off        |        
RUN-1001 :        syn_ip_flow       |    off     |       off        |        
RUN-1001 :          thread          |    auto    |       auto       |        
RUN-1001 : ---------------------------------------------------------------
RUN-1001 : Print Design Property
RUN-1001 : --------------------------------------------------------------
RUN-1001 :        Parameters       |  Settings  |  Default Values  |  Note  
RUN-1001 : --------------------------------------------------------------
RUN-1001 :   default_reg_initial   |    auto    |       auto       |        
RUN-1001 :        infer_add        |     on     |        on        |        
RUN-1001 :        infer_fsm        |    off     |       off        |        
RUN-1001 :        infer_mult       |     on     |        on        |        
RUN-1001 :        infer_ram        |     on     |        on        |        
RUN-1001 :        infer_reg        |     on     |        on        |        
RUN-1001 :   infer_reg_init_value  |     on     |        on        |        
RUN-1001 :        infer_rom        |     on     |        on        |        
RUN-1001 :      infer_shifter      |     on     |        on        |        
RUN-1001 : --------------------------------------------------------------
RUN-1001 : Print Rtl Property
RUN-1001 : --------------------------------------------------------------
RUN-1001 :        Parameters       |  Settings  |  Default Values  |  Note  
RUN-1001 : --------------------------------------------------------------
RUN-1001 :       compress_add      |   ripple   |      ripple      |        
RUN-1001 :        elf_sload        |    off     |       off        |        
RUN-1001 :       fix_undriven      |     0      |        0         |        
RUN-1001 :         flatten         |    off     |       off        |        
RUN-1001 :       gate_sharing      |     on     |        on        |        
RUN-1001 :    hdl_warning_level    |   normal   |      normal      |        
RUN-1001 :   impl_internal_tribuf  |     on     |        on        |        
RUN-1001 :      impl_set_reset     |     on     |        on        |        
RUN-1001 :        infer_gsr        |    off     |       off        |        
RUN-1001 :      keep_hierarchy     |    auto    |       auto       |        
RUN-1001 :        max_fanout       |    9999    |       9999       |        
RUN-1001 :      max_oh2bin_len     |     10     |        10        |        
RUN-1001 :       merge_equal       |     on     |        on        |        
RUN-1001 :       merge_equiv       |     on     |        on        |        
RUN-1001 :        merge_mux        |    off     |       off        |        
RUN-1001 :     min_control_set     |     8      |        8         |        
RUN-1001 :      min_ripple_len     |    auto    |       auto       |        
RUN-1001 :       oh2bin_ratio      |    0.08    |       0.08       |        
RUN-1001 :     opt_adder_fanout    |     on     |        on        |        
RUN-1001 :        opt_arith        |     on     |        on        |        
RUN-1001 :       opt_big_gate      |    off     |       off        |        
RUN-1001 :        opt_const        |     on     |        on        |        
RUN-1001 :      opt_const_mult     |     on     |        on        |        
RUN-1001 :       opt_lessthan      |     on     |        on        |        
RUN-1001 :         opt_mux         |    off     |       off        |        
RUN-1001 :         opt_ram         |    high    |       high       |        
RUN-1001 :      rtl_sim_model      |    off     |       off        |        
RUN-1001 :         seq_syn         |     on     |        on        |        
RUN-1001 : --------------------------------------------------------------
HDL-1007 : analyze verilog file ../../al_ip/clk_wiz_0.v
HDL-1007 : undeclared symbol 'open', assumed default net type 'wire' in ../../al_ip/clk_wiz_0.v(80)
HDL-1007 : analyze verilog file ../../../RTL/audio_receive.v
HDL-1007 : analyze verilog file ../../../RTL/audio_send.v
HDL-1007 : analyze verilog file ../../../RTL/audio_speak.v
HDL-1007 : analyze verilog file ../../../RTL/es8388_config.v
HDL-1007 : analyze verilog file ../../../RTL/es8388_ctrl.v
HDL-1007 : analyze verilog file ../../../RTL/i2c_dri.v
HDL-1007 : analyze verilog file ../../../RTL/i2c_reg_cfg.v
HDL-1007 : analyze verilog file ../../../RTL/spar_4mic_localization.v
RUN-1001 : Project manager successfully analyzed 9 source files.
RUN-1002 : start command "import_device eagle_s20.db -package EG4S20BG256"
ARC-1001 : Device Initialization.
ARC-1001 : ------------------------------------------------------------------
ARC-1001 :            OPTION            |          IO          |   SETTING   
ARC-1001 : ------------------------------------------------------------------
ARC-1001 :   cso_b/cclk/mosi/miso/dout  |  T3/R11/T10/P10/S11  |    gpio    
ARC-1001 :             done             |         P13          |    gpio    
ARC-1001 :           program_b          |          T2          |  dedicate  
ARC-1001 :        tdi/tms/tck/tdo       |   C12/A15/C14/E14    |  dedicate  
ARC-1001 : ------------------------------------------------------------------
ARC-1004 : Device setting, marked 5 dedicate IOs in total.
RUN-1002 : start command "import_db ../syn_1/ES8388_gate.db"
RUN-1001 : Importing database generated by Tang Dynasty, V5.6.71036.
RUN-1001 : Database version number 46146.
RUN-1001 : Import flow parameters
RUN-1001 : Import IO constraints
RUN-1001 : Import Inst constraints
RUN-1001 : Import design success TD_VERSION=5.6.71036 , DB_VERSION=46146
RUN-1002 : start command "place"
RUN-1001 : Open license file E:/Software/Anlogic/TD5.6.2/license/Anlogic.lic
RUN-1001 : Print Global Property
RUN-1001 : ---------------------------------------------------------------
RUN-1001 :        Parameters        |  Settings  |  Default Values  |  Note  
RUN-1001 : ---------------------------------------------------------------
RUN-1001 :          message         |  standard  |     standard     |        
RUN-1001 :   mixed_pack_place_flow  |     on     |        on        |        
RUN-1001 :        qor_monitor       |    off     |       off        |        
RUN-1001 :        syn_ip_flow       |    off     |       off        |        
RUN-1001 :          thread          |    auto    |       auto       |        
RUN-1001 : ---------------------------------------------------------------
RUN-1001 : Print Place Property
RUN-1001 : --------------------------------------------------------------
RUN-1001 :        Parameters       |  Settings  |  Default Values  |  Note  
RUN-1001 : --------------------------------------------------------------
RUN-1001 :      detailed_place     |     on     |        on        |        
RUN-1001 :          effort         |   medium   |      medium      |        
RUN-1001 :         fix_hold        |    off     |       off        |        
RUN-1001 :       legalization      |    ori     |       ori        |        
RUN-1001 :      new_spreading      |     on     |        on        |        
RUN-1001 :        opt_timing       |   medium   |      medium      |        
RUN-1001 :   post_clock_route_opt  |    off     |       off        |        
RUN-1001 :       pr_strategy       |     1      |        1         |        
RUN-1001 :        relaxation       |    1.00    |       1.00       |        
RUN-1001 :         retiming        |    off     |       off        |        
RUN-1001 : --------------------------------------------------------------
PHY-3001 : Placer runs in 16 thread(s).
RUN-1002 : start command "legalize_phy_inst"
SYN-1011 : Flatten model audio_speak
RUN-1002 : start command "phys_opt -simplify_lut"
SYN-4016 : Net ilaclk_1_dup_1 driven by BUFG (0 clock/control pins, 2 other pins).
SYN-4016 : Net ilaclk_2_dup_1 driven by BUFG (0 clock/control pins, 2 other pins).
SYN-4016 : Net ilaclk_3_dup_1 driven by BUFG (0 clock/control pins, 2 other pins).
SYN-4016 : Net ilaclk_dup_1 driven by BUFG (0 clock/control pins, 2 other pins).
SYN-4027 : Net aud_mclk_1_dup_1 is clkc1 of pll u1_pll_clk/pll_inst.
SYN-4019 : Net sys_clk_dup_1 is refclk of pll u1_pll_clk/pll_inst.
SYN-4020 : Net sys_clk_dup_1 is fbclk of pll u1_pll_clk/pll_inst.
SYN-4027 : Net aud_mclk_2_dup_1 is clkc1 of pll u2_pll_clk/pll_inst.
SYN-4019 : Net sys_clk_dup_1 is refclk of pll u2_pll_clk/pll_inst.
SYN-4020 : Net sys_clk_dup_1 is fbclk of pll u2_pll_clk/pll_inst.
SYN-4027 : Net aud_mclk_3_dup_1 is clkc1 of pll u3_pll_clk/pll_inst.
SYN-4019 : Net sys_clk_dup_1 is refclk of pll u3_pll_clk/pll_inst.
SYN-4020 : Net sys_clk_dup_1 is fbclk of pll u3_pll_clk/pll_inst.
SYN-4027 : Net aud_mclk_dup_1 is clkc1 of pll u_pll_clk/pll_inst.
SYN-4019 : Net sys_clk_dup_1 is refclk of pll u_pll_clk/pll_inst.
SYN-4020 : Net sys_clk_dup_1 is fbclk of pll u_pll_clk/pll_inst.
SYN-4024 : Net "aud_bclk_dup_1" drives clk pins.
SYN-4024 : Net "aud_bclk_1_dup_1" drives clk pins.
SYN-4024 : Net "aud_bclk_2_dup_1" drives clk pins.
SYN-4024 : Net "aud_bclk_3_dup_1" drives clk pins.
SYN-4024 : Net "u1_es8388_ctrl/u_es8388_config/u_i2c_dri/dri_clk" drives clk pins.
SYN-4024 : Net "u2_es8388_ctrl/u_es8388_config/u_i2c_dri/dri_clk" drives clk pins.
SYN-4024 : Net "u3_es8388_ctrl/u_es8388_config/u_i2c_dri/dri_clk" drives clk pins.
SYN-7503 WARNING: Net "u_es8388_ctrl/u_es8388_config/u_i2c_dri/dri_clk" drives clk pins. However it will not be tagged as clk net, for there's no more slots.
SYN-4025 : Tag rtl::Net aud_bclk_1_dup_1 as clock net
SYN-4025 : Tag rtl::Net aud_bclk_2_dup_1 as clock net
SYN-4025 : Tag rtl::Net aud_bclk_3_dup_1 as clock net
SYN-4025 : Tag rtl::Net aud_bclk_dup_1 as clock net
SYN-4025 : Tag rtl::Net aud_mclk_1_dup_1 as clock net
SYN-4025 : Tag rtl::Net aud_mclk_2_dup_1 as clock net
SYN-4025 : Tag rtl::Net aud_mclk_3_dup_1 as clock net
SYN-4025 : Tag rtl::Net aud_mclk_dup_1 as clock net
SYN-4025 : Tag rtl::Net ilaclk_1_dup_1 as clock net
SYN-4025 : Tag rtl::Net ilaclk_2_dup_1 as clock net
SYN-4025 : Tag rtl::Net ilaclk_3_dup_1 as clock net
SYN-4025 : Tag rtl::Net ilaclk_dup_1 as clock net
SYN-4025 : Tag rtl::Net sys_clk_dup_1 as clock net
SYN-4025 : Tag rtl::Net u1_es8388_ctrl/u_es8388_config/u_i2c_dri/dri_clk as clock net
SYN-4025 : Tag rtl::Net u2_es8388_ctrl/u_es8388_config/u_i2c_dri/dri_clk as clock net
SYN-4025 : Tag rtl::Net u3_es8388_ctrl/u_es8388_config/u_i2c_dri/dri_clk as clock net
SYN-4026 : Tagged 16 rtl::Net as clock net
SYN-4015 : Create BUFG instance for clk Net aud_bclk_1_dup_1 to drive 80 clock pins.
SYN-4015 : Create BUFG instance for clk Net aud_bclk_2_dup_1 to drive 80 clock pins.
SYN-4015 : Create BUFG instance for clk Net aud_bclk_3_dup_1 to drive 80 clock pins.
SYN-4015 : Create BUFG instance for clk Net aud_bclk_dup_1 to drive 80 clock pins.
SYN-4015 : Create BUFG instance for clk Net u1_es8388_ctrl/u_es8388_config/u_i2c_dri/dri_clk to drive 59 clock pins.
SYN-4015 : Create BUFG instance for clk Net u2_es8388_ctrl/u_es8388_config/u_i2c_dri/dri_clk to drive 59 clock pins.
SYN-4015 : Create BUFG instance for clk Net u3_es8388_ctrl/u_es8388_config/u_i2c_dri/dri_clk to drive 59 clock pins.
PHY-1001 : Populate physical database on model audio_speak.
RUN-1001 : There are total 3900 instances
RUN-0007 : 1881 luts, 1080 seqs, 565 mslices, 306 lslices, 50 pads, 0 brams, 0 dsps
RUN-1001 : There are total 5298 nets
RUN-1001 : 3184 nets have 2 pins
RUN-1001 : 1652 nets have [3 - 5] pins
RUN-1001 : 332 nets have [6 - 10] pins
RUN-1001 : 67 nets have [11 - 20] pins
RUN-1001 : 49 nets have [21 - 99] pins
RUN-1001 : 14 nets have 100+ pins
RUN-1001 : Report Control nets information:
RUN-1001 : DFF Distribution
RUN-1001 : ----------------------------------
RUN-1001 :   CE   |  SSR  |  ASR  |  DFF Count  
RUN-1001 : ----------------------------------
RUN-1001 :   No   |  No   |  No   |      0      
RUN-1001 :   No   |  No   |  Yes  |     656     
RUN-1001 :   No   |  Yes  |  No   |      0      
RUN-1001 :   Yes  |  No   |  No   |      0      
RUN-1001 :   Yes  |  No   |  Yes  |     392     
RUN-1001 :   Yes  |  Yes  |  No   |     32      
RUN-1001 : ----------------------------------
RUN-0007 : Control Group Statistic
RUN-0007 : ---------------------------
RUN-0007 :   #CLK  |  #CE  |  #SSR/ASR  
RUN-0007 : ---------------------------
RUN-0007 :    9    |  22   |     9      
RUN-0007 : ---------------------------
RUN-0007 : Control Set = 34
PHY-3001 : Initial placement ...
PHY-3001 : design contains 3898 instances, 1881 luts, 1080 seqs, 871 slices, 190 macros(871 instances: 565 mslices 306 lslices)
PHY-0007 : Cell area utilization is 18%
PHY-3001 : Global placement ...
PHY-3001 : Initial: Len = 1.21828e+06
PHY-3001 : Clustering ...
PHY-3001 : Level 0 #clusters 3898.
PHY-3001 : End clustering;  0.000043s wall, 0.000000s user + 0.000000s system = 0.000000s CPU (n/a%)

PHY-3001 : Run with size of 4
PHY-3001 : Cell area utilization is 18%
PHY-3001 : :::0::: Try harder cell spreading with beta_ = 0
PHY-3002 : Step(1): len = 746860, overlap = 0
PHY-3002 : Step(2): len = 472894, overlap = 4.8125
PHY-3002 : Step(3): len = 330777, overlap = 22.0312
PHY-3002 : Step(4): len = 235120, overlap = 51.7188
PHY-3002 : Step(5): len = 187124, overlap = 77.4375
PHY-3002 : Step(6): len = 158658, overlap = 101.156
PHY-3002 : Step(7): len = 137801, overlap = 136.25
PHY-3002 : Step(8): len = 121997, overlap = 153.938
PHY-3002 : Step(9): len = 115660, overlap = 163.594
PHY-3002 : Step(10): len = 106774, overlap = 172.031
PHY-3002 : Step(11): len = 96048.2, overlap = 186.844
PHY-3002 : Step(12): len = 89533.8, overlap = 208.438
PHY-3002 : Step(13): len = 89804, overlap = 221.156
PHY-3001 : :::1::: Try harder cell spreading with beta_ = 4.63626e-06
PHY-3002 : Step(14): len = 105713, overlap = 144.094
PHY-3002 : Step(15): len = 111544, overlap = 128.25
PHY-3002 : Step(16): len = 103041, overlap = 124.969
PHY-3002 : Step(17): len = 95097.6, overlap = 117.531
PHY-3002 : Step(18): len = 91407.7, overlap = 107.938
PHY-3002 : Step(19): len = 92736.4, overlap = 104.25
PHY-3002 : Step(20): len = 90907.6, overlap = 94
PHY-3002 : Step(21): len = 90676.9, overlap = 83.4688
PHY-3002 : Step(22): len = 91747.1, overlap = 76.5312
PHY-3002 : Step(23): len = 90959, overlap = 69.9062
PHY-3002 : Step(24): len = 90368.7, overlap = 71.5312
PHY-3002 : Step(25): len = 91315.8, overlap = 67.1562
PHY-3002 : Step(26): len = 89948.2, overlap = 64.8438
PHY-3002 : Step(27): len = 85566.9, overlap = 73.7188
PHY-3002 : Step(28): len = 83802.7, overlap = 67.2188
PHY-3002 : Step(29): len = 84473.3, overlap = 71.0312
PHY-3002 : Step(30): len = 81161.3, overlap = 72.9062
PHY-3002 : Step(31): len = 78857.4, overlap = 85.5
PHY-3002 : Step(32): len = 78285.4, overlap = 85.4375
PHY-3002 : Step(33): len = 76064, overlap = 86.2812
PHY-3002 : Step(34): len = 72772.5, overlap = 85.375
PHY-3002 : Step(35): len = 72452.6, overlap = 88.6562
PHY-3002 : Step(36): len = 72627.8, overlap = 81.9375
PHY-3002 : Step(37): len = 70873, overlap = 73.9688
PHY-3002 : Step(38): len = 69389.8, overlap = 80.0625
PHY-3002 : Step(39): len = 69318.4, overlap = 84.3438
PHY-3002 : Step(40): len = 68532.4, overlap = 90.9688
PHY-3002 : Step(41): len = 67834.1, overlap = 100.094
PHY-3002 : Step(42): len = 68040.1, overlap = 103.781
PHY-3002 : Step(43): len = 67209.8, overlap = 106.906
PHY-3002 : Step(44): len = 65702, overlap = 112.906
PHY-3002 : Step(45): len = 65180, overlap = 118.969
PHY-3001 : :::2::: Try harder cell spreading with beta_ = 9.27252e-06
PHY-3002 : Step(46): len = 64690.3, overlap = 117.531
PHY-3002 : Step(47): len = 65477.2, overlap = 118
PHY-3002 : Step(48): len = 66309.3, overlap = 118.562
PHY-3001 : :::3::: Try harder cell spreading with beta_ = 1.8545e-05
PHY-3002 : Step(49): len = 66051.5, overlap = 119.188
PHY-3002 : Step(50): len = 67386.8, overlap = 108
PHY-3002 : Step(51): len = 69630.2, overlap = 98.8438
PHY-3001 : :::4::: Try harder cell spreading with beta_ = 3.70901e-05
PHY-3002 : Step(52): len = 69211.6, overlap = 97.5
PHY-3002 : Step(53): len = 69475.1, overlap = 94.25
PHY-3002 : Step(54): len = 70121.5, overlap = 76.7188
PHY-3002 : Step(55): len = 70491.1, overlap = 69.4062
PHY-3002 : Step(56): len = 70190.1, overlap = 62.2188
PHY-3002 : Step(57): len = 70310.5, overlap = 52.8438
PHY-3002 : Step(58): len = 70095.9, overlap = 49.5625
PHY-3001 : Legalization ...
PHY-3001 : End legalization;  0.003244s wall, 0.000000s user + 0.000000s system = 0.000000s CPU (n/a%)

PHY-3001 : Run with size of 4
PHY-3001 : Cell area utilization is 23%
PHY-3001 : :::0::: Try harder cell spreading with beta_ = 1.44787e-06
PHY-3002 : Step(59): len = 67247.1, overlap = 132.312
PHY-3002 : Step(60): len = 67272.9, overlap = 132.531
PHY-3002 : Step(61): len = 65871.7, overlap = 155.156
PHY-3002 : Step(62): len = 65629.9, overlap = 156.219
PHY-3002 : Step(63): len = 63409.5, overlap = 158.406
PHY-3002 : Step(64): len = 63381.6, overlap = 158.188
PHY-3002 : Step(65): len = 62934.1, overlap = 161.125
PHY-3001 : :::1::: Try harder cell spreading with beta_ = 2.89574e-06
PHY-3002 : Step(66): len = 62419.3, overlap = 164.562
PHY-3002 : Step(67): len = 62419.3, overlap = 164.562
PHY-3001 : :::2::: Try harder cell spreading with beta_ = 5.79148e-06
PHY-3002 : Step(68): len = 63942.2, overlap = 161.031
PHY-3002 : Step(69): len = 63942.2, overlap = 161.031
PHY-3001 : :::3::: Try harder cell spreading with beta_ = 1.1583e-05
PHY-3002 : Step(70): len = 67123.9, overlap = 154.688
PHY-3002 : Step(71): len = 67604.9, overlap = 154.75
PHY-3002 : Step(72): len = 70246.1, overlap = 135.281
PHY-3002 : Step(73): len = 70650.8, overlap = 133.188
PHY-3002 : Step(74): len = 70265.8, overlap = 130.875
PHY-3001 : :::4::: Try harder cell spreading with beta_ = 2.31659e-05
PHY-3002 : Step(75): len = 71827.2, overlap = 129.656
PHY-3002 : Step(76): len = 72607.8, overlap = 126.219
PHY-3002 : Step(77): len = 78545.2, overlap = 74.375
PHY-3002 : Step(78): len = 79377.9, overlap = 74.3125
PHY-3002 : Step(79): len = 75856.7, overlap = 75.7812
PHY-3002 : Step(80): len = 74646.5, overlap = 77.5312
PHY-3002 : Step(81): len = 74308.8, overlap = 77.6875
PHY-3001 : Run with size of 2
PHY-3001 : Cell area utilization is 23%
PHY-3001 : :::0::: Try harder cell spreading with beta_ = 9.11599e-06
PHY-3002 : Step(82): len = 74652.4, overlap = 241.469
PHY-3002 : Step(83): len = 74909.9, overlap = 240.75
PHY-3002 : Step(84): len = 75447.7, overlap = 225.312
PHY-3002 : Step(85): len = 75695.5, overlap = 224.625
PHY-3002 : Step(86): len = 74526.4, overlap = 211.5
PHY-3002 : Step(87): len = 74735.4, overlap = 212.125
PHY-3002 : Step(88): len = 74410.2, overlap = 212.469
PHY-3001 : :::1::: Try harder cell spreading with beta_ = 1.8232e-05
PHY-3002 : Step(89): len = 74725.5, overlap = 203.062
PHY-3002 : Step(90): len = 75337.6, overlap = 203.031
PHY-3002 : Step(91): len = 76310.5, overlap = 190.844
PHY-3001 : :::2::: Try harder cell spreading with beta_ = 3.6464e-05
PHY-3002 : Step(92): len = 78859.1, overlap = 172.156
PHY-3002 : Step(93): len = 79999.6, overlap = 169.969
PHY-3002 : Step(94): len = 83097.2, overlap = 147.875
PHY-3002 : Step(95): len = 84402, overlap = 132.938
PHY-3002 : Step(96): len = 84493.1, overlap = 121.25
PHY-3002 : Step(97): len = 84498.2, overlap = 120.875
PHY-3002 : Step(98): len = 82767.1, overlap = 128.844
PHY-3002 : Step(99): len = 82555.1, overlap = 134.031
PHY-3002 : Step(100): len = 81921.1, overlap = 134.344
PHY-3001 : :::3::: Try harder cell spreading with beta_ = 7.29279e-05
PHY-3002 : Step(101): len = 84133.5, overlap = 120.656
PHY-3002 : Step(102): len = 84383.9, overlap = 117.844
PHY-3002 : Step(103): len = 85532.4, overlap = 117.469
PHY-3001 : :::4::: Try harder cell spreading with beta_ = 0.000145856
PHY-3002 : Step(104): len = 87324, overlap = 118.75
PHY-3002 : Step(105): len = 87790.8, overlap = 118.594
PHY-3002 : Step(106): len = 89264.3, overlap = 114
PHY-3002 : Step(107): len = 90040.5, overlap = 114.188
PHY-3002 : Step(108): len = 91206.5, overlap = 104.562
PHY-3002 : Step(109): len = 91713.6, overlap = 103.875
PHY-3002 : Step(110): len = 92093.4, overlap = 102.562
PHY-3001 : :::5::: Try harder cell spreading with beta_ = 0.000291712
PHY-3002 : Step(111): len = 93086.2, overlap = 97.375
PHY-3002 : Step(112): len = 93292.6, overlap = 97.75
PHY-3001 : :::6::: Try harder cell spreading with beta_ = 0.000517885
PHY-3002 : Step(113): len = 93951.9, overlap = 100.281
PHY-3002 : Step(114): len = 95453.2, overlap = 96.75
PHY-3002 : Step(115): len = 97426.5, overlap = 88.9375
PHY-3002 : Step(116): len = 97852.3, overlap = 82.4062
PHY-3002 : Step(117): len = 97874.2, overlap = 83.9375
PHY-3001 : :::7::: Try harder cell spreading with beta_ = 0.00103577
PHY-3002 : Step(118): len = 98543.3, overlap = 83.9375
PHY-3002 : Step(119): len = 98676.9, overlap = 83.7188
PHY-3002 : Step(120): len = 98663.1, overlap = 83.375
PHY-3001 : :::8::: Try harder cell spreading with beta_ = 0.00206372
PHY-3002 : Step(121): len = 98914.2, overlap = 83.9375
PHY-3002 : Step(122): len = 99329.6, overlap = 83.1875
OPT-1001 : Start physical optimization ...
OPT-1001 : Total overflow 273.81 peak overflow 4.38
OPT-1001 : Start high-fanout net optimization ...
OPT-1001 : Update timing in global mode
PHY-1001 : Start incremental global routing, caller is place ...
RUN-1001 : Generating global routing grids ...
RUN-1001 : Building simple global routing graph ...
PHY-1001 : Generate routing nets ...
PHY-1001 : Reuse net number 0/5298.
PHY-1001 : Global iterations in 16 thread ...
PHY-1002 : len = 117808, over cnt = 613(1%), over = 2584, worst = 40
PHY-1001 : End global iterations;  0.163818s wall, 0.156250s user + 0.062500s system = 0.218750s CPU (133.5%)

PHY-1001 : Congestion index: top1 = 51.75, top5 = 34.89, top10 = 27.71, top15 = 22.93.
PHY-1001 : End incremental global routing;  0.229157s wall, 0.234375s user + 0.062500s system = 0.296875s CPU (129.6%)

RUN-1002 : start command "start_timer -report"
TMR-5001 WARNING: No sdc constraints found while initiating timer.
TMR-2505 : Start building timing graph for model audio_speak.
TMR-2506 : Build timing graph completely. Port num: 49, tpin num: 18858, tnet num: 4768, tinst num: 3898, tnode num: 22857, tedge num: 32031.
TMR-2508 : Levelizing timing graph completed, there are 143 levels in total.
TMR-2501 : Timing graph initialized successfully.
OPT-1001 : End timing update;  0.300077s wall, 0.296875s user + 0.000000s system = 0.296875s CPU (98.9%)

OPT-1001 : 0 high-fanout net processed.
OPT-1001 : End high-fanout net optimization;  0.583443s wall, 0.593750s user + 0.062500s system = 0.656250s CPU (112.5%)

OPT-1001 : Current memory(MB): used = 231, reserve = 200, peak = 231.
OPT-1001 : End physical optimization;  0.623045s wall, 0.625000s user + 0.062500s system = 0.687500s CPU (110.3%)

PHY-3001 : Start packing ...
SYN-4007 : Packing 0 MUX to BLE ...
SYN-4008 : Packed 0 MUX and 0 SEQ to BLE.
SYN-4007 : Packing 1881 LUT to BLE ...
SYN-4008 : Packed 1881 LUT and 788 SEQ to BLE.
SYN-4003 : Packing 292 remaining SEQ's ...
SYN-4005 : Packed 217 SEQ with LUT/SLICE
SYN-4006 : 920 single LUT's are left
SYN-4006 : 75 single SEQ's are left
SYN-4011 : Packing model "audio_speak" (AL_USER_NORMAL) with 1956/2895 primitive instances ...
PHY-3001 : End packing;  0.098098s wall, 0.093750s user + 0.000000s system = 0.093750s CPU (95.6%)

PHY-1001 : Populate physical database on model audio_speak.
RUN-1001 : There are total 1970 instances
RUN-1001 : 951 mslices, 951 lslices, 50 pads, 0 brams, 0 dsps
RUN-1001 : There are total 4526 nets
RUN-1001 : 2406 nets have 2 pins
RUN-1001 : 1656 nets have [3 - 5] pins
RUN-1001 : 337 nets have [6 - 10] pins
RUN-1001 : 71 nets have [11 - 20] pins
RUN-1001 : 46 nets have [21 - 99] pins
RUN-1001 : 10 nets have 100+ pins
PHY-3001 : design contains 1968 instances, 1902 slices, 190 macros(871 instances: 565 mslices 306 lslices)
PHY-3001 : Cell area utilization is 24%
PHY-3001 : After packing: Len = 97696, Over = 108.25
PHY-3001 : Run with size of 2
PHY-3001 : Cell area utilization is 24%
PHY-3001 : :::0::: Try harder cell spreading with beta_ = 1.90591e-05
PHY-3002 : Step(123): len = 90728, overlap = 128.75
PHY-3002 : Step(124): len = 90644.7, overlap = 135
PHY-3002 : Step(125): len = 85747, overlap = 146.25
PHY-3002 : Step(126): len = 83702.6, overlap = 144.5
PHY-3002 : Step(127): len = 83905.3, overlap = 143.25
PHY-3002 : Step(128): len = 84135.5, overlap = 141
PHY-3001 : :::1::: Try harder cell spreading with beta_ = 3.81183e-05
PHY-3002 : Step(129): len = 86174.9, overlap = 135.75
PHY-3002 : Step(130): len = 86692.2, overlap = 133.25
PHY-3002 : Step(131): len = 87515.4, overlap = 132.75
PHY-3001 : :::2::: Try harder cell spreading with beta_ = 7.62366e-05
PHY-3002 : Step(132): len = 91970.6, overlap = 122.75
PHY-3002 : Step(133): len = 92641.1, overlap = 120
PHY-3002 : Step(134): len = 93464.2, overlap = 115.75
PHY-3002 : Step(135): len = 93637.1, overlap = 113.5
PHY-3002 : Step(136): len = 93374.8, overlap = 113.75
PHY-3001 : Legalization ...
PHY-3001 : End legalization;  0.276169s wall, 0.406250s user + 0.593750s system = 1.000000s CPU (362.1%)

PHY-3001 : Trial Legalized: Len = 128824
PHY-3001 : Run with size of 2
PHY-3001 : Cell area utilization is 23%
PHY-3001 : :::0::: Try harder cell spreading with beta_ = 0.00019431
PHY-3002 : Step(137): len = 112790, overlap = 25
PHY-3002 : Step(138): len = 108373, overlap = 39.5
PHY-3002 : Step(139): len = 105655, overlap = 44.75
PHY-3002 : Step(140): len = 104955, overlap = 47
PHY-3002 : Step(141): len = 104454, overlap = 49.75
PHY-3002 : Step(142): len = 104237, overlap = 53.25
PHY-3002 : Step(143): len = 103531, overlap = 57.75
PHY-3001 : :::1::: Try harder cell spreading with beta_ = 0.000388619
PHY-3002 : Step(144): len = 104685, overlap = 56.25
PHY-3002 : Step(145): len = 105199, overlap = 55.25
PHY-3002 : Step(146): len = 106015, overlap = 55.75
PHY-3001 : :::2::: Try harder cell spreading with beta_ = 0.000777239
PHY-3002 : Step(147): len = 106060, overlap = 54.25
PHY-3002 : Step(148): len = 106264, overlap = 54.5
PHY-3002 : Step(149): len = 106796, overlap = 53
PHY-3001 : Legalization ...
PHY-3001 : End legalization;  0.006398s wall, 0.000000s user + 0.015625s system = 0.015625s CPU (244.2%)

PHY-3001 : Legalized: Len = 116729, Over = 0
PHY-3001 : Spreading special nets. 3 overflows in 2952 tiles.
PHY-3001 : End spreading;  0.009649s wall, 0.000000s user + 0.015625s system = 0.015625s CPU (161.9%)

PHY-3001 : 5 instances has been re-located, deltaX = 4, deltaY = 3, maxDist = 2.
PHY-3001 : Final: Len = 116897, Over = 0
OPT-1001 : Start physical optimization ...
OPT-1001 : Total overflow 0.00 peak overflow 0.00
OPT-1001 : Start high-fanout net optimization ...
OPT-1001 : Update timing in global mode
PHY-1001 : Start incremental global routing, caller is place ...
RUN-1001 : Generating global routing grids ...
PHY-1001 : Generate routing nets ...
PHY-1001 : Reuse net number 113/4526.
PHY-1001 : Global iterations in 16 thread ...
PHY-1002 : len = 141952, over cnt = 477(1%), over = 865, worst = 8
PHY-1002 : len = 146384, over cnt = 246(0%), over = 361, worst = 6
PHY-1002 : len = 149672, over cnt = 73(0%), over = 84, worst = 3
PHY-1002 : len = 150472, over cnt = 28(0%), over = 32, worst = 3
PHY-1002 : len = 150928, over cnt = 0(0%), over = 0, worst = 0
PHY-1001 : End global iterations;  0.316379s wall, 0.281250s user + 0.296875s system = 0.578125s CPU (182.7%)

PHY-1001 : Congestion index: top1 = 38.86, top5 = 30.03, top10 = 25.72, top15 = 22.88.
PHY-1001 : End incremental global routing;  0.392800s wall, 0.343750s user + 0.296875s system = 0.640625s CPU (163.1%)

RUN-1002 : start command "start_timer -report"
TMR-5001 WARNING: No sdc constraints found while initiating timer.
TMR-2505 : Start building timing graph for model audio_speak.
TMR-2506 : Build timing graph completely. Port num: 49, tpin num: 16381, tnet num: 3996, tinst num: 1968, tnode num: 19287, tedge num: 29164.
TMR-2508 : Levelizing timing graph completed, there are 141 levels in total.
TMR-2501 : Timing graph initialized successfully.
OPT-1001 : End timing update;  0.306923s wall, 0.296875s user + 0.015625s system = 0.312500s CPU (101.8%)

OPT-1001 : 0 high-fanout net processed.
OPT-1001 : End high-fanout net optimization;  0.752505s wall, 0.687500s user + 0.312500s system = 1.000000s CPU (132.9%)

OPT-1001 : Current memory(MB): used = 241, reserve = 211, peak = 241.
OPT-1001 : Update timing in Manhattan mode
OPT-1001 : End timing update;  0.005286s wall, 0.015625s user + 0.000000s system = 0.015625s CPU (295.6%)

OPT-1001 : Start pin optimization...
OPT-1001 : skip pin optimization...
RUN-1001 : Generating global routing grids ...
PHY-1001 : Generate routing nets ...
PHY-1001 : Reuse net number 3340/4526.
PHY-1001 : Global iterations in 16 thread ...
PHY-1002 : len = 150928, over cnt = 0(0%), over = 0, worst = 0
PHY-1001 : End global iterations;  0.011652s wall, 0.015625s user + 0.000000s system = 0.015625s CPU (134.1%)

PHY-1001 : Congestion index: top1 = 38.86, top5 = 30.03, top10 = 25.72, top15 = 22.88.
OPT-1001 : Update timing in Manhattan mode
OPT-1001 : End timing update;  0.006477s wall, 0.015625s user + 0.000000s system = 0.015625s CPU (241.2%)

RUN-1001 : QoR Analysis:
OPT-0007 :   WNS 2147483647 TNS 0 NUM_FEPS 0
RUN-1001 :   No local congestion issue, and most congested 1% tile average routing util is 38.482759
RUN-1001 :   Top critical paths
OPT-1001 : End physical optimization;  0.883162s wall, 0.828125s user + 0.312500s system = 1.140625s CPU (129.2%)

RUN-1003 : finish command "place" in  5.869644s wall, 9.656250s user + 8.265625s system = 17.921875s CPU (305.3%)

RUN-1004 : used memory is 206 MB, reserved memory is 175 MB, peak memory is 245 MB
RUN-1002 : start command "export_db ES8388_place.db"
RUN-1001 : Exported /
RUN-1001 : Exported flow parameters
RUN-1001 : Exported libs
RUN-1001 : Exported entities
RUN-1001 : Exported ports
RUN-1001 : Exported pins
RUN-1001 : Exported instances
RUN-1001 : Exported nets
RUN-1001 : Exported buses
RUN-1001 : Exported models
RUN-1001 : Exported congestions
RUN-1001 : Exported violations
RUN-1001 : Exported IO constraints
RUN-1001 : Exported Inst constraints
RUN-1002 : start command "route"
RUN-1001 : Open license file E:/Software/Anlogic/TD5.6.2/license/Anlogic.lic
RUN-1001 : Print Global Property
RUN-1001 : ---------------------------------------------------------------
RUN-1001 :        Parameters        |  Settings  |  Default Values  |  Note  
RUN-1001 : ---------------------------------------------------------------
RUN-1001 :          message         |  standard  |     standard     |        
RUN-1001 :   mixed_pack_place_flow  |     on     |        on        |        
RUN-1001 :        qor_monitor       |    off     |       off        |        
RUN-1001 :        syn_ip_flow       |    off     |       off        |        
RUN-1001 :          thread          |    auto    |       auto       |        
RUN-1001 : ---------------------------------------------------------------
RUN-1001 : Print Route Property
RUN-1001 : -------------------------------------------------------
RUN-1001 :    Parameters    |  Settings  |  Default Values  |  Note  
RUN-1001 : -------------------------------------------------------
RUN-1001 :      effort      |   medium   |      medium      |        
RUN-1001 :     fix_hold     |    off     |       off        |        
RUN-1001 :    opt_timing    |   medium   |      medium      |        
RUN-1001 :   phy_sim_model  |    off     |       off        |        
RUN-1001 :     priority     |   timing   |      timing      |        
RUN-1001 :     swap_pin     |     on     |        on        |        
RUN-1001 : -------------------------------------------------------
PHY-1001 : Route runs in 16 thread(s)
RUN-1001 : There are total 1970 instances
RUN-1001 : 951 mslices, 951 lslices, 50 pads, 0 brams, 0 dsps
RUN-1001 : There are total 4526 nets
RUN-1001 : 2406 nets have 2 pins
RUN-1001 : 1656 nets have [3 - 5] pins
RUN-1001 : 337 nets have [6 - 10] pins
RUN-1001 : 71 nets have [11 - 20] pins
RUN-1001 : 46 nets have [21 - 99] pins
RUN-1001 : 10 nets have 100+ pins
RUN-1002 : start command "start_timer -report"
TMR-5001 WARNING: No sdc constraints found while initiating timer.
TMR-2505 : Start building timing graph for model audio_speak.
TMR-2506 : Build timing graph completely. Port num: 49, tpin num: 16381, tnet num: 3996, tinst num: 1968, tnode num: 19287, tedge num: 29164.
TMR-2508 : Levelizing timing graph completed, there are 141 levels in total.
TMR-2501 : Timing graph initialized successfully.
PHY-1001 : 951 mslices, 951 lslices, 50 pads, 0 brams, 0 dsps
TMR-2503 : Start to update net delay, extr mode = 3.
TMR-2504 : Update delay of 3996 nets completely.
TMR-2502 : Annotate delay completely, extr mode = 3.
TMR-3002 : No user constraint, initiate default constraint.
TMR-1501 : Assign derive clock DeriveClock to 1346 clock pins, and constraint 2895 relative nodes.
TMR-3003 : Constraints initiated successfully.
TMR-3501 : Forward propagation: start to calculate arrival time...
TMR-3502 : Backward propagation: start to calculate required time...
TMR-3503 : Timing propagation completes.
PHY-1001 : Start global routing, caller is route ...
RUN-1001 : Generating global routing grids ...
PHY-1001 : Generate routing nets ...
PHY-1001 : Global iterations in 16 thread ...
PHY-1002 : len = 140816, over cnt = 467(1%), over = 850, worst = 7
PHY-1002 : len = 145576, over cnt = 231(0%), over = 331, worst = 7
PHY-1002 : len = 147808, over cnt = 110(0%), over = 130, worst = 4
PHY-1002 : len = 149776, over cnt = 0(0%), over = 0, worst = 0
PHY-1001 : End global iterations;  0.269173s wall, 0.234375s user + 0.203125s system = 0.437500s CPU (162.5%)

PHY-1001 : Congestion index: top1 = 38.71, top5 = 29.97, top10 = 25.60, top15 = 22.79.
PHY-1001 : End global routing;  0.342487s wall, 0.312500s user + 0.203125s system = 0.515625s CPU (150.6%)

PHY-1001 : Start detail routing ...
PHY-1001 : Current memory(MB): used = 296, reserve = 268, peak = 298.
PHY-1001 : Detailed router is running in normal mode.
PHY-1001 : Generate detailed routing grids ...
PHY-1001 : Processed IO instance aud_dacdat_syn_4 with INV attribute.
PHY-1001 : Processed IO instance aud_dacdat_1_syn_4 with INV attribute.
PHY-1001 : Processed IO instance aud_dacdat_2_syn_4 with INV attribute.
PHY-1001 : Processed IO instance aud_dacdat_3_syn_4 with INV attribute.
PHY-1001 : Generate nets ...
PHY-1001 : clock net aud_bclk_syn_4 will be merged with clock aud_bclk_dup_1
PHY-1001 : clock net aud_bclk_1_syn_4 will be merged with clock aud_bclk_1_dup_1
PHY-1001 : clock net aud_bclk_2_syn_4 will be merged with clock aud_bclk_2_dup_1
PHY-1001 : clock net aud_bclk_3_syn_4 will be merged with clock aud_bclk_3_dup_1
PHY-1001 : net aud_mclk_dup_1 will be routed on clock mesh
PHY-1001 : net aud_mclk_1_dup_1 will be routed on clock mesh
PHY-1001 : net aud_mclk_2_dup_1 will be routed on clock mesh
PHY-1001 : net aud_mclk_3_dup_1 will be routed on clock mesh
PHY-1001 : clock net ilaclk_dup_1 will be merged with clock u_pll_clk/clk0_buf
PHY-1001 : clock net ilaclk_1_dup_1 will be merged with clock u1_pll_clk/clk0_buf
PHY-1001 : clock net ilaclk_2_dup_1 will be merged with clock u2_pll_clk/clk0_buf
PHY-1001 : clock net ilaclk_3_dup_1 will be merged with clock u3_pll_clk/clk0_buf
PHY-1001 : net sys_clk_dup_1 will be routed on clock mesh
PHY-1001 : clock net u1_es8388_ctrl/u_es8388_config/u_i2c_dri/dri_clk_syn_4 will be merged with clock u1_es8388_ctrl/u_es8388_config/u_i2c_dri/dri_clk
PHY-1001 : clock net u2_es8388_ctrl/u_es8388_config/u_i2c_dri/dri_clk_syn_4 will be merged with clock u2_es8388_ctrl/u_es8388_config/u_i2c_dri/dri_clk
PHY-1001 : clock net u3_es8388_ctrl/u_es8388_config/u_i2c_dri/dri_clk_syn_4 will be merged with clock u3_es8388_ctrl/u_es8388_config/u_i2c_dri/dri_clk
PHY-1001 : Current memory(MB): used = 548, reserve = 523, peak = 548.
PHY-1001 : End build detailed router design. 2.234133s wall, 2.171875s user + 0.046875s system = 2.218750s CPU (99.3%)

PHY-1001 : Detail Route ...
PHY-1001 : ===== Detail Route Phase 1 =====
PHY-1001 : Clock net routing.....
PHY-1001 : Routed 0% nets.
PHY-1022 : len = 58104, over cnt = 0(0%), over = 0, worst = 0, crit = 0
PHY-1001 : End initial clock net routed; 3.781562s wall, 3.750000s user + 0.015625s system = 3.765625s CPU (99.6%)

PHY-1001 : Current memory(MB): used = 581, reserve = 558, peak = 581.
PHY-1001 : End phase 1; 3.784256s wall, 3.750000s user + 0.015625s system = 3.765625s CPU (99.5%)

PHY-1001 : ===== Detail Route Phase 2 =====
PHY-1001 : Initial routing.....
PHY-1001 : Routed 29% nets.
PHY-1001 : Routed 34% nets.
PHY-1001 : Routed 41% nets.
PHY-1001 : Routed 52% nets.
PHY-1001 : Routed 74% nets.
PHY-1022 : len = 505424, over cnt = 178(0%), over = 179, worst = 2, crit = 0
PHY-1001 : Current memory(MB): used = 582, reserve = 559, peak = 582.
PHY-1001 : End initial routed; 2.208960s wall, 2.578125s user + 1.656250s system = 4.234375s CPU (191.7%)

PHY-1001 : Current memory(MB): used = 582, reserve = 559, peak = 582.
PHY-1001 : End phase 2; 2.209061s wall, 2.578125s user + 1.656250s system = 4.234375s CPU (191.7%)

PHY-1001 : ===== Detail Route Phase 3 =====
PHY-1001 : Ripup-reroute.....
PHY-1001 : ===== DR Iter 1 =====
PHY-1022 : len = 504192, over cnt = 44(0%), over = 44, worst = 1, crit = 0
PHY-1001 : End DR Iter 1; 0.064595s wall, 0.046875s user + 0.031250s system = 0.078125s CPU (120.9%)

PHY-1001 : ===== DR Iter 2 =====
PHY-1022 : len = 504496, over cnt = 4(0%), over = 4, worst = 1, crit = 0
PHY-1001 : End DR Iter 2; 0.048142s wall, 0.031250s user + 0.015625s system = 0.046875s CPU (97.4%)

PHY-1001 : ===== DR Iter 3 =====
PHY-1022 : len = 504400, over cnt = 0(0%), over = 0, worst = 0, crit = 0
PHY-1001 : End DR Iter 3; 0.030158s wall, 0.015625s user + 0.000000s system = 0.015625s CPU (51.8%)

PHY-1001 : Commit to database.....
PHY-1001 : 33 feed throughs used by 26 nets
PHY-1001 : End commit to database; 0.289692s wall, 0.296875s user + 0.000000s system = 0.296875s CPU (102.5%)

PHY-1001 : Current memory(MB): used = 611, reserve = 588, peak = 611.
PHY-1001 : End phase 3; 0.529160s wall, 0.484375s user + 0.062500s system = 0.546875s CPU (103.3%)

PHY-1003 : Routed, final wirelength = 504400
PHY-1001 : Current memory(MB): used = 612, reserve = 589, peak = 612.
PHY-1001 : End export database. 0.012063s wall, 0.015625s user + 0.000000s system = 0.015625s CPU (129.5%)

PHY-1001 : End detail routing;  8.937666s wall, 9.156250s user + 1.781250s system = 10.937500s CPU (122.4%)

RUN-1003 : finish command "route" in  9.766139s wall, 9.937500s user + 2.000000s system = 11.937500s CPU (122.2%)

RUN-1004 : used memory is 525 MB, reserved memory is 507 MB, peak memory is 612 MB
RUN-1002 : start command "report_area -io_info -file ES8388_phy.area"
RUN-1001 : standard
***Report Model: audio_speak Device: EG4S20BG256***

IO Statistics
#IO                        50
  #input                   19
  #output                  27
  #inout                    4

Utilization Statistics
#lut                     3667   out of  19600   18.71%
#reg                     1080   out of  19600    5.51%
#le                      3742
  #lut only              2662   out of   3742   71.14%
  #reg only                75   out of   3742    2.00%
  #lut&reg               1005   out of   3742   26.86%
#dsp                        0   out of     29    0.00%
#bram                       0   out of     64    0.00%
  #bram9k                   0
  #fifo9k                   0
#bram32k                    0   out of     16    0.00%
#pad                       50   out of    188   26.60%
  #ireg                     8
  #oreg                    16
  #treg                     4
#pll                        4   out of      4  100.00%
#gclk                      11   out of     16   68.75%

Clock Resource Statistics
Index     ClockNet                                            Type               DriverType         Driver                                                                   Fanout
#1        sys_clk_dup_1                                       GCLK               io                 sys_clk_syn_2.di                                                         353
#2        aud_bclk_2_dup_1                                    GCLK               io                 aud_bclk_2_syn_2.di                                                      47
#3        aud_bclk_dup_1                                      GCLK               io                 aud_bclk_syn_2.di                                                        46
#4        aud_bclk_1_dup_1                                    GCLK               io                 aud_bclk_1_syn_2.di                                                      44
#5        aud_bclk_3_dup_1                                    GCLK               io                 aud_bclk_3_syn_2.di                                                      44
#6        u1_es8388_ctrl/u_es8388_config/u_i2c_dri/dri_clk    GCLK               mslice             u1_es8388_ctrl/u_es8388_config/u_i2c_dri/dri_clk_reg_syn_9.q1            43
#7        u2_es8388_ctrl/u_es8388_config/u_i2c_dri/dri_clk    GCLK               mslice             u2_es8388_ctrl/u_es8388_config/u_i2c_dri/dri_clk_reg_syn_9.q1            43
#8        u3_es8388_ctrl/u_es8388_config/u_i2c_dri/dri_clk    GCLK               lslice             u3_es8388_ctrl/u_es8388_config/u_i2c_reg_cfg/i2c_data_b[10]_syn_14.q0    42
#9        aud_mclk_1_dup_1                                    GCLK               pll                u1_pll_clk/pll_inst.clkc1                                                0
#10       aud_mclk_2_dup_1                                    GCLK               pll                u2_pll_clk/pll_inst.clkc1                                                0
#11       aud_mclk_3_dup_1                                    GCLK               pll                u3_pll_clk/pll_inst.clkc1                                                0
#12       aud_mclk_dup_1                                      GCLK               pll                u_pll_clk/pll_inst.clkc1                                                 0
#13       u1_pll_clk/clk0_buf                                 GCLK               pll                u1_pll_clk/pll_inst.clkc0                                                0
#14       u2_pll_clk/clk0_buf                                 GCLK               pll                u2_pll_clk/pll_inst.clkc0                                                0
#15       u3_pll_clk/clk0_buf                                 GCLK               pll                u3_pll_clk/pll_inst.clkc0                                                0
#16       u_pll_clk/clk0_buf                                  GCLK               pll                u_pll_clk/pll_inst.clkc0                                                 0


Detailed IO Report

      Name        Direction    Location    IOStandard    DriveStrength    PullType     PackReg   
   aud_adcdat       INPUT        R14        LVCMOS25          N/A          PULLUP       IREG     
  aud_adcdat_1      INPUT        G16        LVCMOS25          N/A          PULLUP       IREG     
  aud_adcdat_2      INPUT         E7        LVCMOS25          N/A          PULLUP       IREG     
  aud_adcdat_3      INPUT         L4        LVCMOS25          N/A          PULLUP       IREG     
    aud_bclk        INPUT         M6        LVCMOS25          N/A          PULLUP       NONE     
   aud_bclk_1       INPUT        G14        LVCMOS25          N/A          PULLUP       NONE     
   aud_bclk_2       INPUT         D5        LVCMOS25          N/A          PULLUP       NONE     
   aud_bclk_3       INPUT         H5        LVCMOS25          N/A          PULLUP       NONE     
    aud_lrc         INPUT         M7        LVCMOS25          N/A          PULLUP       IREG     
   aud_lrc_1        INPUT        H16        LVCMOS25          N/A          PULLUP       IREG     
   aud_lrc_2        INPUT         C6        LVCMOS25          N/A          PULLUP       IREG     
   aud_lrc_3        INPUT         K6        LVCMOS25          N/A          PULLUP       IREG     
    sys_clk         INPUT         R7        LVCMOS25          N/A          PULLUP       NONE     
   sys_rst_n        INPUT         E3        LVCMOS25          N/A          PULLUP       NONE     
  sys_rst_n_1       INPUT        M16        LVCMOS25          N/A           N/A         NONE     
  sys_rst_n_2       INPUT         F1        LVCMOS25          N/A           N/A         NONE     
  sys_rst_n_3       INPUT         M3        LVCMOS25          N/A           N/A         NONE     
   volume[1]        INPUT        B10        LVCMOS25          N/A          PULLUP       NONE     
   volume[0]        INPUT        A10        LVCMOS25          N/A          PULLUP       NONE     
   aud_dacdat      OUTPUT         P6        LVCMOS25           8            NONE        OREG     
  aud_dacdat_1     OUTPUT        H14        LVCMOS25           8            NONE        OREG     
  aud_dacdat_2     OUTPUT         E6        LVCMOS25           8            NONE        OREG     
  aud_dacdat_3     OUTPUT         K3        LVCMOS25           8            NONE        OREG     
    aud_mclk       OUTPUT         N5        LVCMOS25           8            NONE        NONE     
   aud_mclk_1      OUTPUT        F14        LVCMOS25           8            NONE        NONE     
   aud_mclk_2      OUTPUT         F6        LVCMOS25           8            NONE        NONE     
   aud_mclk_3      OUTPUT         H4        LVCMOS25           8            NONE        NONE     
    aud_scl        OUTPUT        R12        LVCMOS25           8            NONE        OREG     
   aud_scl_1       OUTPUT        D14        LVCMOS25           8            NONE        OREG     
   aud_scl_2       OUTPUT         A2        LVCMOS25           8            NONE        OREG     
   aud_scl_3       OUTPUT         G3        LVCMOS25           8            NONE        OREG     
     ilaclk        OUTPUT         M9        LVCMOS25           8            NONE        NONE     
    ilaclk_1       OUTPUT        L16        LVCMOS25           8            NONE        NONE     
    ilaclk_2       OUTPUT         D3        LVCMOS25           8            NONE        NONE     
    ilaclk_3       OUTPUT        K15        LVCMOS25           8            NONE        NONE     
      led          OUTPUT        B14        LVCMOS25           8            NONE        NONE     
     led_1         OUTPUT        F12        LVCMOS25           8            N/A         NONE     
     led_2         OUTPUT         F4        LVCMOS25           8            N/A         NONE     
     led_3         OUTPUT         J6        LVCMOS25           8            N/A         NONE     
    led_five       OUTPUT        C15        LVCMOS25           8            NONE        NONE     
    led_four       OUTPUT        C16        LVCMOS25           8            NONE        OREG     
    led_one        OUTPUT        F16        LVCMOS25           8            NONE        OREG     
   led_seven       OUTPUT        B15        LVCMOS25           8            NONE        NONE     
    led_six        OUTPUT        B16        LVCMOS25           8            NONE        NONE     
    led_tree       OUTPUT        E13        LVCMOS25           8            NONE        OREG     
    led_two        OUTPUT        E16        LVCMOS25           8            NONE        OREG     
    aud_sda         INOUT         R9        LVCMOS25           8           PULLUP     OREG;TREG  
   aud_sda_1        INOUT        E15        LVCMOS25           8           PULLUP     OREG;TREG  
   aud_sda_2        INOUT         C3        LVCMOS25           8           PULLUP     OREG;TREG  
   aud_sda_3        INOUT         F3        LVCMOS25           8           PULLUP     OREG;TREG  

Report Hierarchy Area:
+--------------------------------------------------------------------------------------------------------+
|Instance                   |Module                 |le     |lut     |ripple  |seq     |bram    |dsp     |
+--------------------------------------------------------------------------------------------------------+
|top                        |audio_speak            |3742   |2940    |727     |1108    |0       |0       |
|  u1_es8388_ctrl           |es8388_ctrl            |310    |264     |34      |142     |0       |0       |
|    u_audio_receive        |audio_receive          |82     |60      |12      |51      |0       |0       |
|    u_audio_send           |audio_send             |24     |24      |0       |23      |0       |0       |
|    u_es8388_config        |es8388_config          |190    |173     |15      |68      |0       |0       |
|      u_i2c_dri            |i2c_dri                |128    |119     |7       |41      |0       |0       |
|      u_i2c_reg_cfg        |i2c_reg_cfg            |62     |54      |8       |27      |0       |0       |
|  u1_pll_clk               |clk_wiz_0              |1      |1       |0       |0       |0       |0       |
|  u2_es8388_ctrl           |es8388_ctrl            |308    |250     |34      |138     |0       |0       |
|    u_audio_receive        |audio_receive          |89     |57      |12      |50      |0       |0       |
|    u_audio_send           |audio_send             |23     |22      |0       |20      |0       |0       |
|    u_es8388_config        |es8388_config          |182    |164     |15      |68      |0       |0       |
|      u_i2c_dri            |i2c_dri                |120    |111     |7       |41      |0       |0       |
|      u_i2c_reg_cfg        |i2c_reg_cfg            |62     |53      |8       |27      |0       |0       |
|  u2_pll_clk               |clk_wiz_0              |1      |1       |0       |0       |0       |0       |
|  u3_es8388_ctrl           |es8388_ctrl            |311    |267     |34      |143     |0       |0       |
|    u_audio_receive        |audio_receive          |88     |68      |12      |53      |0       |0       |
|    u_audio_send           |audio_send             |27     |27      |0       |22      |0       |0       |
|    u_es8388_config        |es8388_config          |182    |165     |15      |68      |0       |0       |
|      u_i2c_dri            |i2c_dri                |120    |112     |7       |39      |0       |0       |
|      u_i2c_reg_cfg        |i2c_reg_cfg            |62     |53      |8       |29      |0       |0       |
|  u3_pll_clk               |clk_wiz_0              |1      |1       |0       |0       |0       |0       |
|  u_es8388_ctrl            |es8388_ctrl            |357    |277     |62      |150     |0       |0       |
|    u_audio_receive        |audio_receive          |84     |56      |12      |53      |0       |0       |
|    u_audio_send           |audio_send             |83     |55      |28      |29      |0       |0       |
|    u_es8388_config        |es8388_config          |176    |159     |15      |68      |0       |0       |
|      u_i2c_dri            |i2c_dri                |116    |107     |7       |41      |0       |0       |
|      u_i2c_reg_cfg        |i2c_reg_cfg            |60     |52      |8       |27      |0       |0       |
|  u_pll_clk                |clk_wiz_0              |0      |0       |0       |0       |0       |0       |
|  u_spar_4mic_localization |spar_4mic_localization |1959   |1634    |325     |477     |0       |0       |
+--------------------------------------------------------------------------------------------------------+


DataNet Average Fanout:

   Index     Fanout     Nets  
    #1          1       2352  
    #2          2       1044  
    #3          3       460   
    #4          4       148   
    #5        5-10      344   
    #6        11-50      97   
    #7       51-100      6    
    #8       101-500     6    
  Average     2.80            

RUN-1002 : start command "export_db ES8388_pr.db"
RUN-1001 : Exported /
RUN-1001 : Exported flow parameters
RUN-1001 : Exported libs
RUN-1001 : Exported entities
RUN-1001 : Exported ports
RUN-1001 : Exported pins
RUN-1001 : Exported instances
RUN-1001 : Exported nets
RUN-1001 : Exported buses
RUN-1001 : Exported models
RUN-1001 : Exported congestions
RUN-1001 : Exported violations
RUN-1001 : Exported IO constraints
RUN-1001 : Exported Inst constraints
RUN-1002 : start command "export_bid ES8388_inst.bid"
RUN-1002 : start command "bitgen -bit ES8388.bit -unused_io_status pulldown"
BIT-1003 : Start to generate bitstream. 
BIT-1002 : Bitgen processed 138 unused pads, reserve input tri_state with pulldown
BIT-1002 : Init instances with 16 threads.
BIT-1002 : Init instances completely, inst num: 2106
BIT-1002 : Init pips with 16 threads.
BIT-1002 : Init pips completely, net num: 4526, pip num: 36397
BIT-1002 : Init feedthrough with 16 threads.
BIT-1002 : Init feedthrough completely, num: 33
BIT-1003 : Multithreading accelaration with 16 threads.
BIT-1003 : Generate bitstream completely, there are 2415 valid insts, and 112057 bits set as '1'.
BIT-1004 : PLL setting string = 1111
BIT-1004 : Generate bits file ES8388.bit.
RUN-1003 : finish command "bitgen -bit ES8388.bit -unused_io_status pulldown" in  2.533697s wall, 25.562500s user + 1.453125s system = 27.015625s CPU (1066.3%)

RUN-1004 : used memory is 555 MB, reserved memory is 538 MB, peak memory is 725 MB
RUN-1002 : start command "backup_run_log run.log ../.logs/phy_1/td_20251025_213649.log"
