============================================================
   Tang Dynasty, V5.6.71036
      Copyright (c) 2012-2023 Anlogic Inc.
   Executable = E:/Software/Anlogic/TD5.6.2/bin/td.exe
   Built at =   20:34:38 Mar 21 2023
   Run by =     Lviva
   Run Date =   Sat Oct 25 14:52:09 2025

   Run on =     VIVACIOUS
============================================================
RUN-1002 : start command "open_project ES8388.prj"
RUN-1001 : Print Global Property
RUN-1001 : ---------------------------------------------------------------
RUN-1001 :        Parameters        |  Settings  |  Default Values  |  Note  
RUN-1001 : ---------------------------------------------------------------
RUN-1001 :          message         |  standard  |     standard     |        
RUN-1001 :   mixed_pack_place_flow  |     on     |        on        |        
RUN-1001 :        qor_monitor       |    off     |       off        |        
RUN-1001 :        syn_ip_flow       |    off     |       off        |        
RUN-1001 :          thread          |    auto    |       auto       |        
RUN-1001 : ---------------------------------------------------------------
RUN-1001 : Print Design Property
RUN-1001 : --------------------------------------------------------------
RUN-1001 :        Parameters       |  Settings  |  Default Values  |  Note  
RUN-1001 : --------------------------------------------------------------
RUN-1001 :   default_reg_initial   |    auto    |       auto       |        
RUN-1001 :        infer_add        |     on     |        on        |        
RUN-1001 :        infer_fsm        |    off     |       off        |        
RUN-1001 :        infer_mult       |     on     |        on        |        
RUN-1001 :        infer_ram        |     on     |        on        |        
RUN-1001 :        infer_reg        |     on     |        on        |        
RUN-1001 :   infer_reg_init_value  |     on     |        on        |        
RUN-1001 :        infer_rom        |     on     |        on        |        
RUN-1001 :      infer_shifter      |     on     |        on        |        
RUN-1001 : --------------------------------------------------------------
RUN-1001 : Print Rtl Property
RUN-1001 : --------------------------------------------------------------
RUN-1001 :        Parameters       |  Settings  |  Default Values  |  Note  
RUN-1001 : --------------------------------------------------------------
RUN-1001 :       compress_add      |   ripple   |      ripple      |        
RUN-1001 :        elf_sload        |    off     |       off        |        
RUN-1001 :       fix_undriven      |     0      |        0         |        
RUN-1001 :         flatten         |    off     |       off        |        
RUN-1001 :       gate_sharing      |     on     |        on        |        
RUN-1001 :    hdl_warning_level    |   normal   |      normal      |        
RUN-1001 :   impl_internal_tribuf  |     on     |        on        |        
RUN-1001 :      impl_set_reset     |     on     |        on        |        
RUN-1001 :        infer_gsr        |    off     |       off        |        
RUN-1001 :      keep_hierarchy     |    auto    |       auto       |        
RUN-1001 :        max_fanout       |    9999    |       9999       |        
RUN-1001 :      max_oh2bin_len     |     10     |        10        |        
RUN-1001 :       merge_equal       |     on     |        on        |        
RUN-1001 :       merge_equiv       |     on     |        on        |        
RUN-1001 :        merge_mux        |    off     |       off        |        
RUN-1001 :     min_control_set     |     8      |        8         |        
RUN-1001 :      min_ripple_len     |    auto    |       auto       |        
RUN-1001 :       oh2bin_ratio      |    0.08    |       0.08       |        
RUN-1001 :     opt_adder_fanout    |     on     |        on        |        
RUN-1001 :        opt_arith        |     on     |        on        |        
RUN-1001 :       opt_big_gate      |    off     |       off        |        
RUN-1001 :        opt_const        |     on     |        on        |        
RUN-1001 :      opt_const_mult     |     on     |        on        |        
RUN-1001 :       opt_lessthan      |     on     |        on        |        
RUN-1001 :         opt_mux         |    off     |       off        |        
RUN-1001 :         opt_ram         |    high    |       high       |        
RUN-1001 :      rtl_sim_model      |    off     |       off        |        
RUN-1001 :         seq_syn         |     on     |        on        |        
RUN-1001 : --------------------------------------------------------------
HDL-1007 : analyze verilog file ../../al_ip/clk_wiz_0.v
HDL-1007 : undeclared symbol 'open', assumed default net type 'wire' in ../../al_ip/clk_wiz_0.v(80)
HDL-1007 : analyze verilog file ../../../RTL/audio_receive.v
HDL-1007 : analyze verilog file ../../../RTL/audio_send.v
HDL-1007 : analyze verilog file ../../../RTL/audio_speak.v
HDL-1007 : analyze verilog file ../../../RTL/es8388_config.v
HDL-1007 : analyze verilog file ../../../RTL/es8388_ctrl.v
HDL-1007 : analyze verilog file ../../../RTL/i2c_dri.v
HDL-1007 : analyze verilog file ../../../RTL/i2c_reg_cfg.v
HDL-1007 : analyze verilog file ../../../RTL/spar_4mic_localization.v
RUN-1001 : Project manager successfully analyzed 9 source files.
RUN-1002 : start command "import_device eagle_s20.db -package EG4S20BG256"
ARC-1001 : Device Initialization.
ARC-1001 : ------------------------------------------------------------------
ARC-1001 :            OPTION            |          IO          |   SETTING   
ARC-1001 : ------------------------------------------------------------------
ARC-1001 :   cso_b/cclk/mosi/miso/dout  |  T3/R11/T10/P10/S11  |    gpio    
ARC-1001 :             done             |         P13          |    gpio    
ARC-1001 :           program_b          |          T2          |  dedicate  
ARC-1001 :        tdi/tms/tck/tdo       |   C12/A15/C14/E14    |  dedicate  
ARC-1001 : ------------------------------------------------------------------
ARC-1004 : Device setting, marked 5 dedicate IOs in total.
RUN-1002 : start command "import_db ../syn_1/ES8388_gate.db"
RUN-1001 : Importing database generated by Tang Dynasty, V5.6.71036.
RUN-1001 : Database version number 46146.
RUN-1001 : Import flow parameters
RUN-1001 : Import IO constraints
RUN-1001 : Import Inst constraints
RUN-1001 : Import design success TD_VERSION=5.6.71036 , DB_VERSION=46146
RUN-1002 : start command "place"
RUN-1001 : Open license file E:/Software/Anlogic/TD5.6.2/license/Anlogic.lic
RUN-1001 : Print Global Property
RUN-1001 : ---------------------------------------------------------------
RUN-1001 :        Parameters        |  Settings  |  Default Values  |  Note  
RUN-1001 : ---------------------------------------------------------------
RUN-1001 :          message         |  standard  |     standard     |        
RUN-1001 :   mixed_pack_place_flow  |     on     |        on        |        
RUN-1001 :        qor_monitor       |    off     |       off        |        
RUN-1001 :        syn_ip_flow       |    off     |       off        |        
RUN-1001 :          thread          |    auto    |       auto       |        
RUN-1001 : ---------------------------------------------------------------
RUN-1001 : Print Place Property
RUN-1001 : --------------------------------------------------------------
RUN-1001 :        Parameters       |  Settings  |  Default Values  |  Note  
RUN-1001 : --------------------------------------------------------------
RUN-1001 :      detailed_place     |     on     |        on        |        
RUN-1001 :          effort         |   medium   |      medium      |        
RUN-1001 :         fix_hold        |    off     |       off        |        
RUN-1001 :       legalization      |    ori     |       ori        |        
RUN-1001 :      new_spreading      |     on     |        on        |        
RUN-1001 :        opt_timing       |   medium   |      medium      |        
RUN-1001 :   post_clock_route_opt  |    off     |       off        |        
RUN-1001 :       pr_strategy       |     1      |        1         |        
RUN-1001 :        relaxation       |    1.00    |       1.00       |        
RUN-1001 :         retiming        |    off     |       off        |        
RUN-1001 : --------------------------------------------------------------
PHY-3001 : Placer runs in 16 thread(s).
RUN-1002 : start command "legalize_phy_inst"
SYN-1011 : Flatten model audio_speak
RUN-1002 : start command "phys_opt -simplify_lut"
SYN-4016 : Net ilaclk_1_dup_1 driven by BUFG (0 clock/control pins, 2 other pins).
SYN-4016 : Net ilaclk_2_dup_1 driven by BUFG (0 clock/control pins, 2 other pins).
SYN-4016 : Net ilaclk_3_dup_1 driven by BUFG (0 clock/control pins, 2 other pins).
SYN-4016 : Net ilaclk_dup_1 driven by BUFG (0 clock/control pins, 2 other pins).
SYN-4027 : Net aud_mclk_1_dup_1 is clkc1 of pll u1_pll_clk/pll_inst.
SYN-4019 : Net sys_clk_dup_1 is refclk of pll u1_pll_clk/pll_inst.
SYN-4020 : Net sys_clk_dup_1 is fbclk of pll u1_pll_clk/pll_inst.
SYN-4027 : Net aud_mclk_2_dup_1 is clkc1 of pll u2_pll_clk/pll_inst.
SYN-4019 : Net sys_clk_dup_1 is refclk of pll u2_pll_clk/pll_inst.
SYN-4020 : Net sys_clk_dup_1 is fbclk of pll u2_pll_clk/pll_inst.
SYN-4027 : Net aud_mclk_3_dup_1 is clkc1 of pll u3_pll_clk/pll_inst.
SYN-4019 : Net sys_clk_dup_1 is refclk of pll u3_pll_clk/pll_inst.
SYN-4020 : Net sys_clk_dup_1 is fbclk of pll u3_pll_clk/pll_inst.
SYN-4027 : Net aud_mclk_dup_1 is clkc1 of pll u_pll_clk/pll_inst.
SYN-4019 : Net sys_clk_dup_1 is refclk of pll u_pll_clk/pll_inst.
SYN-4020 : Net sys_clk_dup_1 is fbclk of pll u_pll_clk/pll_inst.
SYN-4024 : Net "aud_bclk_dup_1" drives clk pins.
SYN-4024 : Net "aud_bclk_1_dup_1" drives clk pins.
SYN-4024 : Net "aud_bclk_2_dup_1" drives clk pins.
SYN-4024 : Net "aud_bclk_3_dup_1" drives clk pins.
SYN-4024 : Net "u1_es8388_ctrl/u_es8388_config/u_i2c_dri/dri_clk" drives clk pins.
SYN-4024 : Net "u2_es8388_ctrl/u_es8388_config/u_i2c_dri/dri_clk" drives clk pins.
SYN-4024 : Net "u3_es8388_ctrl/u_es8388_config/u_i2c_dri/dri_clk" drives clk pins.
SYN-7503 WARNING: Net "u_es8388_ctrl/u_es8388_config/u_i2c_dri/dri_clk" drives clk pins. However it will not be tagged as clk net, for there's no more slots.
SYN-4025 : Tag rtl::Net aud_bclk_1_dup_1 as clock net
SYN-4025 : Tag rtl::Net aud_bclk_2_dup_1 as clock net
SYN-4025 : Tag rtl::Net aud_bclk_3_dup_1 as clock net
SYN-4025 : Tag rtl::Net aud_bclk_dup_1 as clock net
SYN-4025 : Tag rtl::Net aud_mclk_1_dup_1 as clock net
SYN-4025 : Tag rtl::Net aud_mclk_2_dup_1 as clock net
SYN-4025 : Tag rtl::Net aud_mclk_3_dup_1 as clock net
SYN-4025 : Tag rtl::Net aud_mclk_dup_1 as clock net
SYN-4025 : Tag rtl::Net ilaclk_1_dup_1 as clock net
SYN-4025 : Tag rtl::Net ilaclk_2_dup_1 as clock net
SYN-4025 : Tag rtl::Net ilaclk_3_dup_1 as clock net
SYN-4025 : Tag rtl::Net ilaclk_dup_1 as clock net
SYN-4025 : Tag rtl::Net sys_clk_dup_1 as clock net
SYN-4025 : Tag rtl::Net u1_es8388_ctrl/u_es8388_config/u_i2c_dri/dri_clk as clock net
SYN-4025 : Tag rtl::Net u2_es8388_ctrl/u_es8388_config/u_i2c_dri/dri_clk as clock net
SYN-4025 : Tag rtl::Net u3_es8388_ctrl/u_es8388_config/u_i2c_dri/dri_clk as clock net
SYN-4026 : Tagged 16 rtl::Net as clock net
SYN-4015 : Create BUFG instance for clk Net aud_bclk_1_dup_1 to drive 80 clock pins.
SYN-4015 : Create BUFG instance for clk Net aud_bclk_2_dup_1 to drive 80 clock pins.
SYN-4015 : Create BUFG instance for clk Net aud_bclk_3_dup_1 to drive 80 clock pins.
SYN-4015 : Create BUFG instance for clk Net aud_bclk_dup_1 to drive 80 clock pins.
SYN-4015 : Create BUFG instance for clk Net u1_es8388_ctrl/u_es8388_config/u_i2c_dri/dri_clk to drive 56 clock pins.
SYN-4015 : Create BUFG instance for clk Net u2_es8388_ctrl/u_es8388_config/u_i2c_dri/dri_clk to drive 56 clock pins.
SYN-4015 : Create BUFG instance for clk Net u3_es8388_ctrl/u_es8388_config/u_i2c_dri/dri_clk to drive 56 clock pins.
PHY-1001 : Populate physical database on model audio_speak.
RUN-1001 : There are total 2555 instances
RUN-0007 : 914 luts, 1094 seqs, 316 mslices, 166 lslices, 47 pads, 0 brams, 0 dsps
RUN-1001 : There are total 3294 nets
RUN-1001 : 2300 nets have 2 pins
RUN-1001 : 682 nets have [3 - 5] pins
RUN-1001 : 192 nets have [6 - 10] pins
RUN-1001 : 67 nets have [11 - 20] pins
RUN-1001 : 45 nets have [21 - 99] pins
RUN-1001 : 8 nets have 100+ pins
RUN-1001 : Report Control nets information:
RUN-1001 : DFF Distribution
RUN-1001 : ----------------------------------
RUN-1001 :   CE   |  SSR  |  ASR  |  DFF Count  
RUN-1001 : ----------------------------------
RUN-1001 :   No   |  No   |  No   |      0      
RUN-1001 :   No   |  No   |  Yes  |     454     
RUN-1001 :   No   |  Yes  |  No   |      0      
RUN-1001 :   Yes  |  No   |  No   |     384     
RUN-1001 :   Yes  |  No   |  Yes  |     256     
RUN-1001 :   Yes  |  Yes  |  No   |      0      
RUN-1001 : ----------------------------------
RUN-0007 : Control Group Statistic
RUN-0007 : ---------------------------
RUN-0007 :   #CLK  |  #CE  |  #SSR/ASR  
RUN-0007 : ---------------------------
RUN-0007 :    9    |  17   |     6      
RUN-0007 : ---------------------------
RUN-0007 : Control Set = 29
PHY-3001 : Initial placement ...
PHY-3001 : design contains 2553 instances, 914 luts, 1094 seqs, 482 slices, 70 macros(482 instances: 316 mslices 166 lslices)
PHY-0007 : Cell area utilization is 9%
PHY-3001 : Global placement ...
PHY-3001 : Initial: Len = 817278
PHY-3001 : Clustering ...
PHY-3001 : Level 0 #clusters 2553.
PHY-3001 : End clustering;  0.000044s wall, 0.000000s user + 0.000000s system = 0.000000s CPU (n/a%)

PHY-3001 : Run with size of 4
PHY-3001 : Cell area utilization is 9%
PHY-3001 : :::0::: Try harder cell spreading with beta_ = 0
PHY-3002 : Step(1): len = 521609, overlap = 0
PHY-3002 : Step(2): len = 329517, overlap = 0
PHY-3002 : Step(3): len = 230920, overlap = 0.3125
PHY-3002 : Step(4): len = 180680, overlap = 0
PHY-3002 : Step(5): len = 150358, overlap = 1.75
PHY-3002 : Step(6): len = 130396, overlap = 13.8125
PHY-3002 : Step(7): len = 114129, overlap = 32.625
PHY-3002 : Step(8): len = 104079, overlap = 33.25
PHY-3002 : Step(9): len = 96731.4, overlap = 40.5
PHY-3002 : Step(10): len = 89432.6, overlap = 44.5312
PHY-3002 : Step(11): len = 87904.1, overlap = 47.125
PHY-3002 : Step(12): len = 83149, overlap = 56.5938
PHY-3002 : Step(13): len = 76610.9, overlap = 58.7812
PHY-3002 : Step(14): len = 76009.5, overlap = 60.3125
PHY-3002 : Step(15): len = 72008.8, overlap = 67.75
PHY-3001 : :::1::: Try harder cell spreading with beta_ = 0.000113817
PHY-3002 : Step(16): len = 81260.3, overlap = 32.1562
PHY-3002 : Step(17): len = 79880, overlap = 18.5
PHY-3002 : Step(18): len = 69047.2, overlap = 21.0312
PHY-3002 : Step(19): len = 68067.6, overlap = 32.4375
PHY-3002 : Step(20): len = 67626.6, overlap = 24.5938
PHY-3002 : Step(21): len = 65956.3, overlap = 26.0625
PHY-3002 : Step(22): len = 63972, overlap = 27.4062
PHY-3002 : Step(23): len = 64575.6, overlap = 22.0312
PHY-3002 : Step(24): len = 63224.8, overlap = 27.5312
PHY-3002 : Step(25): len = 62236.9, overlap = 28.3438
PHY-3002 : Step(26): len = 60559.3, overlap = 33.1875
PHY-3002 : Step(27): len = 59395.7, overlap = 36.9688
PHY-3002 : Step(28): len = 58823.5, overlap = 34.625
PHY-3002 : Step(29): len = 58263.8, overlap = 37.6875
PHY-3002 : Step(30): len = 57860.8, overlap = 40.375
PHY-3002 : Step(31): len = 56042.9, overlap = 35.4375
PHY-3002 : Step(32): len = 53353.7, overlap = 36.9062
PHY-3002 : Step(33): len = 50856.7, overlap = 36
PHY-3002 : Step(34): len = 51294.4, overlap = 37.2188
PHY-3002 : Step(35): len = 51089.9, overlap = 37.5
PHY-3001 : :::2::: Try harder cell spreading with beta_ = 0.000227633
PHY-3002 : Step(36): len = 50480.2, overlap = 36.1562
PHY-3002 : Step(37): len = 49480.8, overlap = 37
PHY-3002 : Step(38): len = 48320.2, overlap = 35.9062
PHY-3001 : :::3::: Try harder cell spreading with beta_ = 0.000455266
PHY-3002 : Step(39): len = 48783.3, overlap = 34.7188
PHY-3002 : Step(40): len = 48795.7, overlap = 34.7188
PHY-3002 : Step(41): len = 48795.7, overlap = 34.7188
PHY-3001 : Legalization ...
PHY-3001 : End legalization;  0.002131s wall, 0.000000s user + 0.000000s system = 0.000000s CPU (n/a%)

PHY-3001 : Run with size of 4
PHY-3001 : Cell area utilization is 12%
PHY-3001 : :::0::: Try harder cell spreading with beta_ = 1.8043e-06
PHY-3002 : Step(42): len = 47448.5, overlap = 89.0312
PHY-3002 : Step(43): len = 47448.5, overlap = 89.0312
PHY-3002 : Step(44): len = 46115.1, overlap = 85.4375
PHY-3002 : Step(45): len = 46457.3, overlap = 86.5625
PHY-3002 : Step(46): len = 46698.3, overlap = 85
PHY-3001 : :::1::: Try harder cell spreading with beta_ = 3.6086e-06
PHY-3002 : Step(47): len = 45394, overlap = 85.3438
PHY-3002 : Step(48): len = 45394, overlap = 85.3438
PHY-3001 : :::2::: Try harder cell spreading with beta_ = 7.2172e-06
PHY-3002 : Step(49): len = 46144.7, overlap = 83.1875
PHY-3002 : Step(50): len = 46144.7, overlap = 83.1875
PHY-3001 : :::3::: Try harder cell spreading with beta_ = 1.44344e-05
PHY-3002 : Step(51): len = 49781.3, overlap = 80.125
PHY-3002 : Step(52): len = 49781.3, overlap = 80.125
PHY-3002 : Step(53): len = 49017.2, overlap = 80.125
PHY-3002 : Step(54): len = 49215.8, overlap = 80.2812
PHY-3002 : Step(55): len = 49138.2, overlap = 81.5312
PHY-3001 : :::4::: Try harder cell spreading with beta_ = 2.88688e-05
PHY-3002 : Step(56): len = 49899, overlap = 80.2188
PHY-3002 : Step(57): len = 50401.5, overlap = 79.2812
PHY-3002 : Step(58): len = 51216.3, overlap = 61.4375
PHY-3001 : Run with size of 2
PHY-3001 : Cell area utilization is 12%
PHY-3001 : :::0::: Try harder cell spreading with beta_ = 1.56585e-05
PHY-3002 : Step(59): len = 51228.4, overlap = 144.688
PHY-3002 : Step(60): len = 51421.1, overlap = 143.906
PHY-3002 : Step(61): len = 50876.1, overlap = 149.062
PHY-3002 : Step(62): len = 51375.1, overlap = 140.625
PHY-3002 : Step(63): len = 52295.7, overlap = 135.438
PHY-3002 : Step(64): len = 52167.2, overlap = 123.031
PHY-3002 : Step(65): len = 52999, overlap = 125.875
PHY-3002 : Step(66): len = 53469.5, overlap = 119.469
PHY-3001 : :::1::: Try harder cell spreading with beta_ = 3.1317e-05
PHY-3002 : Step(67): len = 53278.9, overlap = 114.219
PHY-3002 : Step(68): len = 53667.4, overlap = 113.938
PHY-3002 : Step(69): len = 54358, overlap = 116.844
PHY-3002 : Step(70): len = 54989.8, overlap = 110.031
PHY-3002 : Step(71): len = 55230.5, overlap = 107.375
PHY-3001 : :::2::: Try harder cell spreading with beta_ = 6.2634e-05
PHY-3002 : Step(72): len = 55920, overlap = 107.656
PHY-3002 : Step(73): len = 56356, overlap = 111.156
PHY-3002 : Step(74): len = 57154.3, overlap = 100.75
PHY-3002 : Step(75): len = 58409.5, overlap = 96.4688
PHY-3002 : Step(76): len = 59235.3, overlap = 95.4375
PHY-3001 : :::3::: Try harder cell spreading with beta_ = 0.000125268
PHY-3002 : Step(77): len = 59549, overlap = 91.9062
PHY-3002 : Step(78): len = 59633.7, overlap = 91.5
PHY-3002 : Step(79): len = 59526.5, overlap = 95.8125
PHY-3001 : :::4::: Try harder cell spreading with beta_ = 0.00021609
PHY-3002 : Step(80): len = 60319, overlap = 90.75
PHY-3002 : Step(81): len = 61475.1, overlap = 84.9062
PHY-3001 : :::5::: Try harder cell spreading with beta_ = 0.000349633
PHY-3002 : Step(82): len = 61680, overlap = 84.5938
PHY-3002 : Step(83): len = 63285.6, overlap = 78.9062
PHY-3002 : Step(84): len = 64163.6, overlap = 78.125
PHY-3002 : Step(85): len = 64382.9, overlap = 77.375
PHY-3002 : Step(86): len = 64231.5, overlap = 71.5938
OPT-1001 : Start physical optimization ...
OPT-1001 : Total overflow 196.19 peak overflow 5.00
OPT-1001 : Start high-fanout net optimization ...
OPT-1001 : Update timing in global mode
PHY-1001 : Start incremental global routing, caller is place ...
RUN-1001 : Generating global routing grids ...
RUN-1001 : Building simple global routing graph ...
PHY-1001 : Generate routing nets ...
PHY-1001 : Reuse net number 0/3294.
PHY-1001 : Global iterations in 16 thread ...
PHY-1002 : len = 73624, over cnt = 326(0%), over = 1811, worst = 28
PHY-1001 : End global iterations;  0.087722s wall, 0.078125s user + 0.062500s system = 0.140625s CPU (160.3%)

PHY-1001 : Congestion index: top1 = 49.09, top5 = 31.90, top10 = 22.13, top15 = 16.12.
PHY-1001 : End incremental global routing;  0.138502s wall, 0.140625s user + 0.062500s system = 0.203125s CPU (146.7%)

RUN-1002 : start command "start_timer -report"
TMR-5001 WARNING: No sdc constraints found while initiating timer.
TMR-2505 : Start building timing graph for model audio_speak.
TMR-2506 : Build timing graph completely. Port num: 46, tpin num: 12551, tnet num: 3292, tinst num: 2553, tnode num: 16425, tedge num: 21320.
TMR-2508 : Levelizing timing graph completed, there are 37 levels in total.
TMR-2501 : Timing graph initialized successfully.
OPT-1001 : End timing update;  0.239433s wall, 0.234375s user + 0.000000s system = 0.234375s CPU (97.9%)

OPT-1001 : 0 high-fanout net processed.
OPT-1001 : End high-fanout net optimization;  0.410430s wall, 0.406250s user + 0.062500s system = 0.468750s CPU (114.2%)

OPT-1001 : Current memory(MB): used = 202, reserve = 170, peak = 202.
OPT-1001 : End physical optimization;  0.436165s wall, 0.437500s user + 0.062500s system = 0.500000s CPU (114.6%)

PHY-3001 : Start packing ...
SYN-4007 : Packing 0 MUX to BLE ...
SYN-4008 : Packed 0 MUX and 0 SEQ to BLE.
SYN-4007 : Packing 914 LUT to BLE ...
SYN-4008 : Packed 914 LUT and 426 SEQ to BLE.
SYN-4003 : Packing 668 remaining SEQ's ...
SYN-4005 : Packed 156 SEQ with LUT/SLICE
SYN-4006 : 390 single LUT's are left
SYN-4006 : 512 single SEQ's are left
SYN-4011 : Packing model "audio_speak" (AL_USER_NORMAL) with 1426/1973 primitive instances ...
PHY-3001 : End packing;  0.068482s wall, 0.062500s user + 0.000000s system = 0.062500s CPU (91.3%)

PHY-1001 : Populate physical database on model audio_speak.
RUN-1001 : There are total 1305 instances
RUN-1001 : 620 mslices, 620 lslices, 47 pads, 0 brams, 0 dsps
RUN-1001 : There are total 2884 nets
RUN-1001 : 1906 nets have 2 pins
RUN-1001 : 666 nets have [3 - 5] pins
RUN-1001 : 192 nets have [6 - 10] pins
RUN-1001 : 78 nets have [11 - 20] pins
RUN-1001 : 38 nets have [21 - 99] pins
RUN-1001 : 4 nets have 100+ pins
PHY-3001 : design contains 1303 instances, 1240 slices, 70 macros(482 instances: 316 mslices 166 lslices)
PHY-3001 : Cell area utilization is 16%
PHY-3001 : After packing: Len = 63473.4, Over = 112.75
PHY-3001 : Run with size of 2
PHY-3001 : Cell area utilization is 16%
PHY-3001 : :::0::: Try harder cell spreading with beta_ = 1.49769e-05
PHY-3002 : Step(87): len = 59516.9, overlap = 119
PHY-3002 : Step(88): len = 59048.4, overlap = 121.75
PHY-3002 : Step(89): len = 57831.4, overlap = 126
PHY-3002 : Step(90): len = 56086.3, overlap = 128.75
PHY-3002 : Step(91): len = 55764.5, overlap = 129.5
PHY-3002 : Step(92): len = 55710, overlap = 128.75
PHY-3001 : :::1::: Try harder cell spreading with beta_ = 2.99537e-05
PHY-3002 : Step(93): len = 58887.2, overlap = 119.25
PHY-3002 : Step(94): len = 59896.5, overlap = 118.5
PHY-3002 : Step(95): len = 61728.4, overlap = 113.25
PHY-3002 : Step(96): len = 61200, overlap = 107
PHY-3002 : Step(97): len = 61200, overlap = 107
PHY-3002 : Step(98): len = 60641.5, overlap = 105.25
PHY-3001 : :::2::: Try harder cell spreading with beta_ = 5.99074e-05
PHY-3002 : Step(99): len = 64332.6, overlap = 103
PHY-3002 : Step(100): len = 65243, overlap = 101
PHY-3002 : Step(101): len = 66167.1, overlap = 97.5
PHY-3002 : Step(102): len = 65202.4, overlap = 95.5
PHY-3002 : Step(103): len = 64912.8, overlap = 95.5
PHY-3001 : Legalization ...
PHY-3001 : End legalization;  0.130947s wall, 0.140625s user + 0.250000s system = 0.390625s CPU (298.3%)

PHY-3001 : Trial Legalized: Len = 91916.4
PHY-3001 : Run with size of 2
PHY-3001 : Cell area utilization is 15%
PHY-3001 : :::0::: Try harder cell spreading with beta_ = 0.000244304
PHY-3002 : Step(104): len = 80865.7, overlap = 22
PHY-3002 : Step(105): len = 77375.1, overlap = 35.75
PHY-3002 : Step(106): len = 75240.2, overlap = 40
PHY-3002 : Step(107): len = 74745.1, overlap = 44.5
PHY-3002 : Step(108): len = 74258, overlap = 46.75
PHY-3002 : Step(109): len = 73966.6, overlap = 48.5
PHY-3002 : Step(110): len = 73404.8, overlap = 48.25
PHY-3002 : Step(111): len = 73083, overlap = 49.25
PHY-3002 : Step(112): len = 72884.1, overlap = 48
PHY-3001 : :::1::: Try harder cell spreading with beta_ = 0.000488608
PHY-3002 : Step(113): len = 73432.8, overlap = 47.25
PHY-3002 : Step(114): len = 73973, overlap = 47.75
PHY-3002 : Step(115): len = 74172.9, overlap = 47.25
PHY-3001 : :::2::: Try harder cell spreading with beta_ = 0.000977215
PHY-3002 : Step(116): len = 74320.1, overlap = 47.5
PHY-3002 : Step(117): len = 74416.6, overlap = 47.5
PHY-3001 : Legalization ...
PHY-3001 : End legalization;  0.004060s wall, 0.000000s user + 0.000000s system = 0.000000s CPU (n/a%)

PHY-3001 : Legalized: Len = 82844.4, Over = 0
PHY-3001 : Spreading special nets. 7 overflows in 2952 tiles.
PHY-3001 : End spreading;  0.007820s wall, 0.000000s user + 0.015625s system = 0.015625s CPU (199.8%)

PHY-3001 : 13 instances has been re-located, deltaX = 10, deltaY = 9, maxDist = 2.
PHY-3001 : Final: Len = 83148.4, Over = 0
OPT-1001 : Start physical optimization ...
OPT-1001 : Total overflow 0.00 peak overflow 0.00
OPT-1001 : Start high-fanout net optimization ...
OPT-1001 : Update timing in global mode
PHY-1001 : Start incremental global routing, caller is place ...
RUN-1001 : Generating global routing grids ...
PHY-1001 : Generate routing nets ...
PHY-1001 : Reuse net number 86/2884.
PHY-1001 : Global iterations in 16 thread ...
PHY-1002 : len = 99432, over cnt = 333(0%), over = 606, worst = 6
PHY-1002 : len = 102696, over cnt = 156(0%), over = 236, worst = 6
PHY-1002 : len = 105352, over cnt = 18(0%), over = 18, worst = 1
PHY-1002 : len = 105432, over cnt = 9(0%), over = 9, worst = 1
PHY-1002 : len = 105584, over cnt = 0(0%), over = 0, worst = 0
PHY-1001 : End global iterations;  0.197196s wall, 0.171875s user + 0.078125s system = 0.250000s CPU (126.8%)

PHY-1001 : Congestion index: top1 = 34.01, top5 = 27.75, top10 = 23.08, top15 = 19.46.
PHY-1001 : End incremental global routing;  0.259173s wall, 0.218750s user + 0.093750s system = 0.312500s CPU (120.6%)

RUN-1002 : start command "start_timer -report"
TMR-5001 WARNING: No sdc constraints found while initiating timer.
TMR-2505 : Start building timing graph for model audio_speak.
TMR-2506 : Build timing graph completely. Port num: 46, tpin num: 10664, tnet num: 2882, tinst num: 1303, tnode num: 13487, tedge num: 18906.
TMR-2508 : Levelizing timing graph completed, there are 37 levels in total.
TMR-2501 : Timing graph initialized successfully.
OPT-1001 : End timing update;  0.241081s wall, 0.234375s user + 0.000000s system = 0.234375s CPU (97.2%)

OPT-1001 : 0 high-fanout net processed.
OPT-1001 : End high-fanout net optimization;  0.533055s wall, 0.484375s user + 0.093750s system = 0.578125s CPU (108.5%)

OPT-1001 : Current memory(MB): used = 209, reserve = 178, peak = 209.
OPT-1001 : Update timing in Manhattan mode
OPT-1001 : End timing update;  0.003336s wall, 0.000000s user + 0.000000s system = 0.000000s CPU (n/a%)

OPT-1001 : Start pin optimization...
OPT-1001 : skip pin optimization...
RUN-1001 : Generating global routing grids ...
PHY-1001 : Generate routing nets ...
PHY-1001 : Reuse net number 2398/2884.
PHY-1001 : Global iterations in 16 thread ...
PHY-1002 : len = 105584, over cnt = 0(0%), over = 0, worst = 0
PHY-1001 : End global iterations;  0.007600s wall, 0.000000s user + 0.000000s system = 0.000000s CPU (n/a%)

PHY-1001 : Congestion index: top1 = 34.01, top5 = 27.75, top10 = 23.08, top15 = 19.46.
OPT-1001 : Update timing in Manhattan mode
OPT-1001 : End timing update;  0.003761s wall, 0.000000s user + 0.000000s system = 0.000000s CPU (n/a%)

RUN-1001 : QoR Analysis:
OPT-0007 :   WNS 2147483647 TNS 0 NUM_FEPS 0
RUN-1001 :   No local congestion issue, and most congested 1% tile average routing util is 33.551724
RUN-1001 :   Top critical paths
OPT-1001 : End physical optimization;  0.628463s wall, 0.578125s user + 0.093750s system = 0.671875s CPU (106.9%)

RUN-1003 : finish command "place" in  4.220064s wall, 6.765625s user + 6.140625s system = 12.906250s CPU (305.8%)

RUN-1004 : used memory is 181 MB, reserved memory is 149 MB, peak memory is 212 MB
RUN-1002 : start command "export_db ES8388_place.db"
RUN-1001 : Exported /
RUN-1001 : Exported flow parameters
RUN-1001 : Exported libs
RUN-1001 : Exported entities
RUN-1001 : Exported ports
RUN-1001 : Exported pins
RUN-1001 : Exported instances
RUN-1001 : Exported nets
RUN-1001 : Exported buses
RUN-1001 : Exported models
RUN-1001 : Exported congestions
RUN-1001 : Exported violations
RUN-1001 : Exported IO constraints
RUN-1001 : Exported Inst constraints
RUN-1002 : start command "route"
RUN-1001 : Open license file E:/Software/Anlogic/TD5.6.2/license/Anlogic.lic
RUN-1001 : Print Global Property
RUN-1001 : ---------------------------------------------------------------
RUN-1001 :        Parameters        |  Settings  |  Default Values  |  Note  
RUN-1001 : ---------------------------------------------------------------
RUN-1001 :          message         |  standard  |     standard     |        
RUN-1001 :   mixed_pack_place_flow  |     on     |        on        |        
RUN-1001 :        qor_monitor       |    off     |       off        |        
RUN-1001 :        syn_ip_flow       |    off     |       off        |        
RUN-1001 :          thread          |    auto    |       auto       |        
RUN-1001 : ---------------------------------------------------------------
RUN-1001 : Print Route Property
RUN-1001 : -------------------------------------------------------
RUN-1001 :    Parameters    |  Settings  |  Default Values  |  Note  
RUN-1001 : -------------------------------------------------------
RUN-1001 :      effort      |   medium   |      medium      |        
RUN-1001 :     fix_hold     |    off     |       off        |        
RUN-1001 :    opt_timing    |   medium   |      medium      |        
RUN-1001 :   phy_sim_model  |    off     |       off        |        
RUN-1001 :     priority     |   timing   |      timing      |        
RUN-1001 :     swap_pin     |     on     |        on        |        
RUN-1001 : -------------------------------------------------------
PHY-1001 : Route runs in 16 thread(s)
RUN-1001 : There are total 1305 instances
RUN-1001 : 620 mslices, 620 lslices, 47 pads, 0 brams, 0 dsps
RUN-1001 : There are total 2884 nets
RUN-1001 : 1906 nets have 2 pins
RUN-1001 : 666 nets have [3 - 5] pins
RUN-1001 : 192 nets have [6 - 10] pins
RUN-1001 : 78 nets have [11 - 20] pins
RUN-1001 : 38 nets have [21 - 99] pins
RUN-1001 : 4 nets have 100+ pins
RUN-1002 : start command "start_timer -report"
TMR-5001 WARNING: No sdc constraints found while initiating timer.
TMR-2505 : Start building timing graph for model audio_speak.
TMR-2506 : Build timing graph completely. Port num: 46, tpin num: 10664, tnet num: 2882, tinst num: 1303, tnode num: 13487, tedge num: 18906.
TMR-2508 : Levelizing timing graph completed, there are 37 levels in total.
TMR-2501 : Timing graph initialized successfully.
PHY-1001 : 620 mslices, 620 lslices, 47 pads, 0 brams, 0 dsps
TMR-2503 : Start to update net delay, extr mode = 3.
TMR-2504 : Update delay of 2882 nets completely.
TMR-2502 : Annotate delay completely, extr mode = 3.
TMR-3002 : No user constraint, initiate default constraint.
TMR-1501 : Assign derive clock DeriveClock to 1412 clock pins, and constraint 2815 relative nodes.
TMR-3003 : Constraints initiated successfully.
TMR-3501 : Forward propagation: start to calculate arrival time...
TMR-3502 : Backward propagation: start to calculate required time...
TMR-3503 : Timing propagation completes.
PHY-1001 : Start global routing, caller is route ...
RUN-1001 : Generating global routing grids ...
PHY-1001 : Generate routing nets ...
PHY-1001 : Global iterations in 16 thread ...
PHY-1002 : len = 98848, over cnt = 330(0%), over = 604, worst = 6
PHY-1002 : len = 101192, over cnt = 215(0%), over = 337, worst = 6
PHY-1002 : len = 105128, over cnt = 26(0%), over = 33, worst = 4
PHY-1002 : len = 105560, over cnt = 0(0%), over = 0, worst = 0
PHY-1001 : End global iterations;  0.196542s wall, 0.187500s user + 0.125000s system = 0.312500s CPU (159.0%)

PHY-1001 : Congestion index: top1 = 33.77, top5 = 27.77, top10 = 23.14, top15 = 19.44.
PHY-1001 : End global routing;  0.255966s wall, 0.234375s user + 0.125000s system = 0.359375s CPU (140.4%)

PHY-1001 : Start detail routing ...
PHY-1001 : Current memory(MB): used = 244, reserve = 213, peak = 258.
PHY-1001 : Detailed router is running in normal mode.
PHY-1001 : Generate detailed routing grids ...
PHY-1001 : Processed IO instance aud_dacdat_syn_4 with INV attribute.
PHY-1001 : Processed IO instance aud_dacdat_1_syn_4 with INV attribute.
PHY-1001 : Processed IO instance aud_dacdat_2_syn_4 with INV attribute.
PHY-1001 : Processed IO instance aud_dacdat_3_syn_4 with INV attribute.
PHY-1001 : Generate nets ...
PHY-1001 : clock net aud_bclk_syn_4 will be merged with clock aud_bclk_dup_1
PHY-1001 : clock net aud_bclk_1_syn_4 will be merged with clock aud_bclk_1_dup_1
PHY-1001 : clock net aud_bclk_2_syn_4 will be merged with clock aud_bclk_2_dup_1
PHY-1001 : clock net aud_bclk_3_syn_4 will be merged with clock aud_bclk_3_dup_1
PHY-1001 : net aud_mclk_dup_1 will be routed on clock mesh
PHY-1001 : net aud_mclk_1_dup_1 will be routed on clock mesh
PHY-1001 : net aud_mclk_2_dup_1 will be routed on clock mesh
PHY-1001 : net aud_mclk_3_dup_1 will be routed on clock mesh
PHY-1001 : clock net ilaclk_dup_1 will be merged with clock u_pll_clk/clk0_buf
PHY-1001 : clock net ilaclk_1_dup_1 will be merged with clock u1_pll_clk/clk0_buf
PHY-1001 : clock net ilaclk_2_dup_1 will be merged with clock u2_pll_clk/clk0_buf
PHY-1001 : clock net ilaclk_3_dup_1 will be merged with clock u3_pll_clk/clk0_buf
PHY-1001 : net sys_clk_dup_1 will be routed on clock mesh
PHY-1001 : clock net u1_es8388_ctrl/u_es8388_config/u_i2c_dri/dri_clk_syn_4 will be merged with clock u1_es8388_ctrl/u_es8388_config/u_i2c_dri/dri_clk
PHY-1001 : clock net u2_es8388_ctrl/u_es8388_config/u_i2c_dri/dri_clk_syn_4 will be merged with clock u2_es8388_ctrl/u_es8388_config/u_i2c_dri/dri_clk
PHY-1001 : clock net u3_es8388_ctrl/u_es8388_config/u_i2c_dri/dri_clk_syn_4 will be merged with clock u3_es8388_ctrl/u_es8388_config/u_i2c_dri/dri_clk
PHY-1001 : Current memory(MB): used = 511, reserve = 484, peak = 511.
PHY-1001 : End build detailed router design. 2.199485s wall, 2.109375s user + 0.093750s system = 2.203125s CPU (100.2%)

PHY-1001 : Detail Route ...
PHY-1001 : ===== Detail Route Phase 1 =====
PHY-1001 : Clock net routing.....
PHY-1001 : Routed 0% nets.
PHY-1022 : len = 53560, over cnt = 0(0%), over = 0, worst = 0, crit = 0
PHY-1001 : End initial clock net routed; 3.985627s wall, 3.953125s user + 0.000000s system = 3.953125s CPU (99.2%)

PHY-1001 : Current memory(MB): used = 544, reserve = 519, peak = 544.
PHY-1001 : End phase 1; 3.988136s wall, 3.953125s user + 0.000000s system = 3.953125s CPU (99.1%)

PHY-1001 : ===== Detail Route Phase 2 =====
PHY-1001 : Initial routing.....
PHY-1001 : Routed 35% nets.
PHY-1001 : Routed 41% nets.
PHY-1001 : Routed 51% nets.
PHY-1001 : Routed 64% nets.
PHY-1001 : Routed 83% nets.
PHY-1022 : len = 354592, over cnt = 101(0%), over = 101, worst = 1, crit = 0
PHY-1001 : Current memory(MB): used = 545, reserve = 519, peak = 545.
PHY-1001 : End initial routed; 2.335561s wall, 2.453125s user + 1.109375s system = 3.562500s CPU (152.5%)

PHY-1001 : Current memory(MB): used = 545, reserve = 519, peak = 545.
PHY-1001 : End phase 2; 2.335721s wall, 2.453125s user + 1.109375s system = 3.562500s CPU (152.5%)

PHY-1001 : ===== Detail Route Phase 3 =====
PHY-1001 : Ripup-reroute.....
PHY-1001 : ===== DR Iter 1 =====
PHY-1022 : len = 353904, over cnt = 32(0%), over = 32, worst = 1, crit = 0
PHY-1001 : End DR Iter 1; 0.050434s wall, 0.046875s user + 0.031250s system = 0.078125s CPU (154.9%)

PHY-1001 : ===== DR Iter 2 =====
PHY-1022 : len = 353888, over cnt = 3(0%), over = 3, worst = 1, crit = 0
PHY-1001 : End DR Iter 2; 0.035719s wall, 0.031250s user + 0.000000s system = 0.031250s CPU (87.5%)

PHY-1001 : ===== DR Iter 3 =====
PHY-1022 : len = 353920, over cnt = 0(0%), over = 0, worst = 0, crit = 0
PHY-1001 : End DR Iter 3; 0.027882s wall, 0.015625s user + 0.015625s system = 0.031250s CPU (112.1%)

PHY-1001 : Commit to database.....
PHY-1001 : 16 feed throughs used by 16 nets
PHY-1001 : End commit to database; 0.192198s wall, 0.203125s user + 0.000000s system = 0.203125s CPU (105.7%)

PHY-1001 : Current memory(MB): used = 563, reserve = 537, peak = 563.
PHY-1001 : End phase 3; 0.402063s wall, 0.390625s user + 0.046875s system = 0.437500s CPU (108.8%)

PHY-1003 : Routed, final wirelength = 353920
PHY-1001 : Current memory(MB): used = 563, reserve = 537, peak = 563.
PHY-1001 : End export database. 0.010492s wall, 0.000000s user + 0.000000s system = 0.000000s CPU (n/a%)

PHY-1001 : End detail routing;  9.096360s wall, 9.062500s user + 1.250000s system = 10.312500s CPU (113.4%)

RUN-1003 : finish command "route" in  9.724588s wall, 9.656250s user + 1.390625s system = 11.046875s CPU (113.6%)

RUN-1004 : used memory is 487 MB, reserved memory is 463 MB, peak memory is 563 MB
RUN-1002 : start command "report_area -io_info -file ES8388_phy.area"
RUN-1001 : standard
***Report Model: audio_speak Device: EG4S20BG256***

IO Statistics
#IO                        47
  #input                   19
  #output                  24
  #inout                    4

Utilization Statistics
#lut                     1878   out of  19600    9.58%
#reg                     1186   out of  19600    6.05%
#le                      2390
  #lut only              1204   out of   2390   50.38%
  #reg only               512   out of   2390   21.42%
  #lut&reg                674   out of   2390   28.20%
#dsp                        0   out of     29    0.00%
#bram                       0   out of     64    0.00%
  #bram9k                   0
  #fifo9k                   0
#bram32k                    0   out of     16    0.00%
#pad                       47   out of    188   25.00%
  #ireg                     8
  #oreg                    16
  #treg                     4
#pll                        4   out of      4  100.00%
#gclk                      11   out of     16   68.75%

Clock Resource Statistics
Index     ClockNet                                            Type               DriverType         Driver                                                             Fanout
#1        sys_clk_dup_1                                       GCLK               io                 sys_clk_syn_2.di                                                   368
#2        aud_bclk_2_dup_1                                    GCLK               io                 aud_bclk_2_syn_2.di                                                46
#3        aud_bclk_1_dup_1                                    GCLK               io                 aud_bclk_1_syn_2.di                                                45
#4        aud_bclk_dup_1                                      GCLK               io                 aud_bclk_syn_2.di                                                  45
#5        aud_bclk_3_dup_1                                    GCLK               io                 aud_bclk_3_syn_2.di                                                44
#6        u2_es8388_ctrl/u_es8388_config/u_i2c_dri/dri_clk    GCLK               mslice             u2_es8388_ctrl/u_es8388_config/u_i2c_dri/clk_cnt_b[3]_syn_17.q0    41
#7        u3_es8388_ctrl/u_es8388_config/u_i2c_dri/dri_clk    GCLK               mslice             u3_es8388_ctrl/u_es8388_config/u_i2c_dri/dri_clk_reg_syn_9.q1      41
#8        u1_es8388_ctrl/u_es8388_config/u_i2c_dri/dri_clk    GCLK               lslice             u1_es8388_ctrl/u_es8388_config/u_i2c_dri/clk_cnt_b[3]_syn_17.q0    40
#9        aud_mclk_1_dup_1                                    GCLK               pll                u1_pll_clk/pll_inst.clkc1                                          0
#10       aud_mclk_2_dup_1                                    GCLK               pll                u2_pll_clk/pll_inst.clkc1                                          0
#11       aud_mclk_3_dup_1                                    GCLK               pll                u3_pll_clk/pll_inst.clkc1                                          0
#12       aud_mclk_dup_1                                      GCLK               pll                u_pll_clk/pll_inst.clkc1                                           0
#13       u1_pll_clk/clk0_buf                                 GCLK               pll                u1_pll_clk/pll_inst.clkc0                                          0
#14       u2_pll_clk/clk0_buf                                 GCLK               pll                u2_pll_clk/pll_inst.clkc0                                          0
#15       u3_pll_clk/clk0_buf                                 GCLK               pll                u3_pll_clk/pll_inst.clkc0                                          0
#16       u_pll_clk/clk0_buf                                  GCLK               pll                u_pll_clk/pll_inst.clkc0                                           0


Detailed IO Report

      Name        Direction    Location    IOStandard    DriveStrength    PullType     PackReg   
   aud_adcdat       INPUT        R14        LVCMOS25          N/A          PULLUP       IREG     
  aud_adcdat_1      INPUT        G16        LVCMOS25          N/A          PULLUP       IREG     
  aud_adcdat_2      INPUT         E7        LVCMOS25          N/A          PULLUP       IREG     
  aud_adcdat_3      INPUT         L4        LVCMOS25          N/A          PULLUP       IREG     
    aud_bclk        INPUT         M6        LVCMOS25          N/A          PULLUP       NONE     
   aud_bclk_1       INPUT        G14        LVCMOS25          N/A          PULLUP       NONE     
   aud_bclk_2       INPUT         D5        LVCMOS25          N/A          PULLUP       NONE     
   aud_bclk_3       INPUT         H5        LVCMOS25          N/A          PULLUP       NONE     
    aud_lrc         INPUT         M7        LVCMOS25          N/A          PULLUP       IREG     
   aud_lrc_1        INPUT        H16        LVCMOS25          N/A          PULLUP       IREG     
   aud_lrc_2        INPUT         C6        LVCMOS25          N/A          PULLUP       IREG     
   aud_lrc_3        INPUT         K6        LVCMOS25          N/A          PULLUP       IREG     
    sys_clk         INPUT         R7        LVCMOS25          N/A          PULLUP       NONE     
   sys_rst_n        INPUT         E3        LVCMOS25          N/A          PULLUP       NONE     
  sys_rst_n_1       INPUT        F12        LVCMOS25          N/A           N/A         NONE     
  sys_rst_n_2       INPUT        M11        LVCMOS25          N/A           N/A         NONE     
  sys_rst_n_3       INPUT        F13        LVCMOS25          N/A           N/A         NONE     
   volume[1]        INPUT        B10        LVCMOS25          N/A          PULLUP       NONE     
   volume[0]        INPUT        A10        LVCMOS25          N/A          PULLUP       NONE     
   aud_dacdat      OUTPUT         P6        LVCMOS25           8            NONE        OREG     
  aud_dacdat_1     OUTPUT        H14        LVCMOS25           8            NONE        OREG     
  aud_dacdat_2     OUTPUT         E6        LVCMOS25           8            NONE        OREG     
  aud_dacdat_3     OUTPUT         K3        LVCMOS25           8            NONE        OREG     
    aud_mclk       OUTPUT         N5        LVCMOS25           8            NONE        NONE     
   aud_mclk_1      OUTPUT        F14        LVCMOS25           8            NONE        NONE     
   aud_mclk_2      OUTPUT         F6        LVCMOS25           8            NONE        NONE     
   aud_mclk_3      OUTPUT         H4        LVCMOS25           8            NONE        NONE     
    aud_scl        OUTPUT        R12        LVCMOS25           8            NONE        OREG     
   aud_scl_1       OUTPUT        D14        LVCMOS25           8            NONE        OREG     
   aud_scl_2       OUTPUT         A2        LVCMOS25           8            NONE        OREG     
   aud_scl_3       OUTPUT         G3        LVCMOS25           8            NONE        OREG     
     ilaclk        OUTPUT         M9        LVCMOS25           8            NONE        NONE     
    ilaclk_1       OUTPUT        L16        LVCMOS25           8            NONE        NONE     
    ilaclk_2       OUTPUT         D3        LVCMOS25           8            NONE        NONE     
    ilaclk_3       OUTPUT        K15        LVCMOS25           8            NONE        NONE     
      led          OUTPUT        B14        LVCMOS25           8            NONE        NONE     
     led_1         OUTPUT        C15        LVCMOS25           8            NONE        NONE     
     led_2         OUTPUT        B15        LVCMOS25           8            NONE        NONE     
     led_3         OUTPUT        B16        LVCMOS25           8            NONE        NONE     
    led_four       OUTPUT        C16        LVCMOS25           8            NONE        OREG     
    led_one        OUTPUT        F16        LVCMOS25           8            NONE        OREG     
    led_tree       OUTPUT        E13        LVCMOS25           8            NONE        OREG     
    led_two        OUTPUT        E16        LVCMOS25           8            NONE        OREG     
    aud_sda         INOUT         R9        LVCMOS25           8           PULLUP     OREG;TREG  
   aud_sda_1        INOUT        E15        LVCMOS25           8           PULLUP     OREG;TREG  
   aud_sda_2        INOUT         C3        LVCMOS25           8           PULLUP     OREG;TREG  
   aud_sda_3        INOUT         F3        LVCMOS25           8           PULLUP     OREG;TREG  

Report Hierarchy Area:
+--------------------------------------------------------------------------------------------------------+
|Instance                   |Module                 |le     |lut     |ripple  |seq     |bram    |dsp     |
+--------------------------------------------------------------------------------------------------------+
|top                        |audio_speak            |2390   |1396    |482     |1214    |0       |0       |
|  u1_es8388_ctrl           |es8388_ctrl            |288    |235     |32      |143     |0       |0       |
|    u_audio_receive        |audio_receive          |83     |50      |12      |52      |0       |0       |
|    u_audio_send           |audio_send             |22     |22      |0       |22      |0       |0       |
|    u_es8388_config        |es8388_config          |183    |163     |20      |69      |0       |0       |
|      u_i2c_dri            |i2c_dri                |120    |110     |10      |41      |0       |0       |
|      u_i2c_reg_cfg        |i2c_reg_cfg            |63     |53      |10      |28      |0       |0       |
|  u1_pll_clk               |clk_wiz_0              |1      |1       |0       |0       |0       |0       |
|  u2_es8388_ctrl           |es8388_ctrl            |302    |236     |32      |145     |0       |0       |
|    u_audio_receive        |audio_receive          |91     |56      |12      |52      |0       |0       |
|    u_audio_send           |audio_send             |28     |17      |0       |25      |0       |0       |
|    u_es8388_config        |es8388_config          |183    |163     |20      |68      |0       |0       |
|      u_i2c_dri            |i2c_dri                |121    |111     |10      |41      |0       |0       |
|      u_i2c_reg_cfg        |i2c_reg_cfg            |62     |52      |10      |27      |0       |0       |
|  u2_pll_clk               |clk_wiz_0              |1      |1       |0       |0       |0       |0       |
|  u3_es8388_ctrl           |es8388_ctrl            |276    |221     |32      |142     |0       |0       |
|    u_audio_receive        |audio_receive          |80     |50      |12      |54      |0       |0       |
|    u_audio_send           |audio_send             |20     |15      |0       |20      |0       |0       |
|    u_es8388_config        |es8388_config          |176    |156     |20      |68      |0       |0       |
|      u_i2c_dri            |i2c_dri                |117    |107     |10      |41      |0       |0       |
|      u_i2c_reg_cfg        |i2c_reg_cfg            |59     |49      |10      |27      |0       |0       |
|  u3_pll_clk               |clk_wiz_0              |1      |1       |0       |0       |0       |0       |
|  u_es8388_ctrl            |es8388_ctrl            |337    |254     |60      |149     |0       |0       |
|    u_audio_receive        |audio_receive          |80     |47      |12      |53      |0       |0       |
|    u_audio_send           |audio_send             |79     |49      |28      |28      |0       |0       |
|    u_es8388_config        |es8388_config          |178    |158     |20      |68      |0       |0       |
|      u_i2c_dri            |i2c_dri                |117    |107     |10      |42      |0       |0       |
|      u_i2c_reg_cfg        |i2c_reg_cfg            |61     |51      |10      |26      |0       |0       |
|  u_pll_clk                |clk_wiz_0              |1      |1       |0       |0       |0       |0       |
|  u_spar_4mic_localization |spar_4mic_localization |1011   |360     |240     |560     |0       |0       |
+--------------------------------------------------------------------------------------------------------+


DataNet Average Fanout:

   Index     Fanout     Nets  
    #1          1       1855  
    #2          2       351   
    #3          3       199   
    #4          4       112   
    #5        5-10      204   
    #6        11-50      88   
    #7       51-100      8    
    #8       101-500     1    
  Average     2.49            

RUN-1002 : start command "export_db ES8388_pr.db"
RUN-1001 : Exported /
RUN-1001 : Exported flow parameters
RUN-1001 : Exported libs
RUN-1001 : Exported entities
RUN-1001 : Exported ports
RUN-1001 : Exported pins
RUN-1001 : Exported instances
RUN-1001 : Exported nets
RUN-1001 : Exported buses
RUN-1001 : Exported models
RUN-1001 : Exported congestions
RUN-1001 : Exported violations
RUN-1001 : Exported IO constraints
RUN-1001 : Exported Inst constraints
RUN-1002 : start command "export_bid ES8388_inst.bid"
RUN-1002 : start command "bitgen -bit ES8388.bit -unused_io_status pulldown"
BIT-1003 : Start to generate bitstream. 
BIT-1002 : Bitgen processed 141 unused pads, reserve input tri_state with pulldown
BIT-1002 : Init instances with 16 threads.
BIT-1002 : Init instances completely, inst num: 1444
BIT-1002 : Init pips with 16 threads.
BIT-1002 : Init pips completely, net num: 2884, pip num: 24739
BIT-1002 : Init feedthrough with 16 threads.
BIT-1002 : Init feedthrough completely, num: 16
BIT-1003 : Multithreading accelaration with 16 threads.
BIT-1003 : Generate bitstream completely, there are 2236 valid insts, and 72145 bits set as '1'.
BIT-1004 : PLL setting string = 1111
BIT-1004 : Generate bits file ES8388.bit.
RUN-1003 : finish command "bitgen -bit ES8388.bit -unused_io_status pulldown" in  2.041751s wall, 20.562500s user + 1.000000s system = 21.562500s CPU (1056.1%)

RUN-1004 : used memory is 491 MB, reserved memory is 481 MB, peak memory is 685 MB
RUN-1002 : start command "backup_run_log run.log ../.logs/phy_1/td_20251025_145209.log"
