============================================================
   Tang Dynasty, V5.6.71036
      Copyright (c) 2012-2023 Anlogic Inc.
   Executable = E:/Software/Anlogic/TD5.6.2/bin/td.exe
   Built at =   20:34:38 Mar 21 2023
   Run by =     Lviva
   Run Date =   Sun Oct 26 11:32:53 2025

   Run on =     VIVACIOUS
============================================================
RUN-1002 : start command "open_project ES8388.prj"
RUN-1001 : Print Global Property
RUN-1001 : ---------------------------------------------------------------
RUN-1001 :        Parameters        |  Settings  |  Default Values  |  Note  
RUN-1001 : ---------------------------------------------------------------
RUN-1001 :          message         |  standard  |     standard     |        
RUN-1001 :   mixed_pack_place_flow  |     on     |        on        |        
RUN-1001 :        qor_monitor       |    off     |       off        |        
RUN-1001 :        syn_ip_flow       |    off     |       off        |        
RUN-1001 :          thread          |    auto    |       auto       |        
RUN-1001 : ---------------------------------------------------------------
RUN-1001 : Print Design Property
RUN-1001 : --------------------------------------------------------------
RUN-1001 :        Parameters       |  Settings  |  Default Values  |  Note  
RUN-1001 : --------------------------------------------------------------
RUN-1001 :   default_reg_initial   |    auto    |       auto       |        
RUN-1001 :        infer_add        |     on     |        on        |        
RUN-1001 :        infer_fsm        |    off     |       off        |        
RUN-1001 :        infer_mult       |     on     |        on        |        
RUN-1001 :        infer_ram        |     on     |        on        |        
RUN-1001 :        infer_reg        |     on     |        on        |        
RUN-1001 :   infer_reg_init_value  |     on     |        on        |        
RUN-1001 :        infer_rom        |     on     |        on        |        
RUN-1001 :      infer_shifter      |     on     |        on        |        
RUN-1001 : --------------------------------------------------------------
RUN-1001 : Print Rtl Property
RUN-1001 : --------------------------------------------------------------
RUN-1001 :        Parameters       |  Settings  |  Default Values  |  Note  
RUN-1001 : --------------------------------------------------------------
RUN-1001 :       compress_add      |   ripple   |      ripple      |        
RUN-1001 :        elf_sload        |    off     |       off        |        
RUN-1001 :       fix_undriven      |     0      |        0         |        
RUN-1001 :         flatten         |    off     |       off        |        
RUN-1001 :       gate_sharing      |     on     |        on        |        
RUN-1001 :    hdl_warning_level    |   normal   |      normal      |        
RUN-1001 :   impl_internal_tribuf  |     on     |        on        |        
RUN-1001 :      impl_set_reset     |     on     |        on        |        
RUN-1001 :        infer_gsr        |    off     |       off        |        
RUN-1001 :      keep_hierarchy     |    auto    |       auto       |        
RUN-1001 :        max_fanout       |    9999    |       9999       |        
RUN-1001 :      max_oh2bin_len     |     10     |        10        |        
RUN-1001 :       merge_equal       |     on     |        on        |        
RUN-1001 :       merge_equiv       |     on     |        on        |        
RUN-1001 :        merge_mux        |    off     |       off        |        
RUN-1001 :     min_control_set     |     8      |        8         |        
RUN-1001 :      min_ripple_len     |    auto    |       auto       |        
RUN-1001 :       oh2bin_ratio      |    0.08    |       0.08       |        
RUN-1001 :     opt_adder_fanout    |     on     |        on        |        
RUN-1001 :        opt_arith        |     on     |        on        |        
RUN-1001 :       opt_big_gate      |    off     |       off        |        
RUN-1001 :        opt_const        |     on     |        on        |        
RUN-1001 :      opt_const_mult     |     on     |        on        |        
RUN-1001 :       opt_lessthan      |     on     |        on        |        
RUN-1001 :         opt_mux         |    off     |       off        |        
RUN-1001 :         opt_ram         |    high    |       high       |        
RUN-1001 :      rtl_sim_model      |    off     |       off        |        
RUN-1001 :         seq_syn         |     on     |        on        |        
RUN-1001 : --------------------------------------------------------------
HDL-1007 : analyze verilog file ../../al_ip/clk_wiz_0.v
HDL-1007 : undeclared symbol 'open', assumed default net type 'wire' in ../../al_ip/clk_wiz_0.v(80)
HDL-1007 : analyze verilog file ../../../RTL/audio_receive.v
HDL-1007 : analyze verilog file ../../../RTL/audio_send.v
HDL-1007 : analyze verilog file ../../../RTL/audio_speak.v
HDL-1007 : analyze verilog file ../../../RTL/es8388_config.v
HDL-1007 : analyze verilog file ../../../RTL/es8388_ctrl.v
HDL-1007 : analyze verilog file ../../../RTL/i2c_dri.v
HDL-1007 : analyze verilog file ../../../RTL/i2c_reg_cfg.v
HDL-1007 : analyze verilog file ../../../RTL/spar_4mic_localization.v
RUN-1001 : Project manager successfully analyzed 9 source files.
RUN-1002 : start command "import_device eagle_s20.db -package EG4S20BG256"
ARC-1001 : Device Initialization.
ARC-1001 : ------------------------------------------------------------------
ARC-1001 :            OPTION            |          IO          |   SETTING   
ARC-1001 : ------------------------------------------------------------------
ARC-1001 :   cso_b/cclk/mosi/miso/dout  |  T3/R11/T10/P10/S11  |    gpio    
ARC-1001 :             done             |         P13          |    gpio    
ARC-1001 :           program_b          |          T2          |  dedicate  
ARC-1001 :        tdi/tms/tck/tdo       |   C12/A15/C14/E14    |  dedicate  
ARC-1001 : ------------------------------------------------------------------
ARC-1004 : Device setting, marked 5 dedicate IOs in total.
RUN-1002 : start command "import_db ../syn_1/ES8388_gate.db"
RUN-1001 : Importing database generated by Tang Dynasty, V5.6.71036.
RUN-1001 : Database version number 46146.
RUN-1001 : Import flow parameters
RUN-1001 : Import IO constraints
RUN-1001 : Import Inst constraints
RUN-1001 : Import design success TD_VERSION=5.6.71036 , DB_VERSION=46146
RUN-1002 : start command "place"
RUN-1001 : Open license file E:/Software/Anlogic/TD5.6.2/license/Anlogic.lic
RUN-1001 : Print Global Property
RUN-1001 : ---------------------------------------------------------------
RUN-1001 :        Parameters        |  Settings  |  Default Values  |  Note  
RUN-1001 : ---------------------------------------------------------------
RUN-1001 :          message         |  standard  |     standard     |        
RUN-1001 :   mixed_pack_place_flow  |     on     |        on        |        
RUN-1001 :        qor_monitor       |    off     |       off        |        
RUN-1001 :        syn_ip_flow       |    off     |       off        |        
RUN-1001 :          thread          |    auto    |       auto       |        
RUN-1001 : ---------------------------------------------------------------
RUN-1001 : Print Place Property
RUN-1001 : --------------------------------------------------------------
RUN-1001 :        Parameters       |  Settings  |  Default Values  |  Note  
RUN-1001 : --------------------------------------------------------------
RUN-1001 :      detailed_place     |     on     |        on        |        
RUN-1001 :          effort         |   medium   |      medium      |        
RUN-1001 :         fix_hold        |    off     |       off        |        
RUN-1001 :       legalization      |    ori     |       ori        |        
RUN-1001 :      new_spreading      |     on     |        on        |        
RUN-1001 :        opt_timing       |   medium   |      medium      |        
RUN-1001 :   post_clock_route_opt  |    off     |       off        |        
RUN-1001 :       pr_strategy       |     1      |        1         |        
RUN-1001 :        relaxation       |    1.00    |       1.00       |        
RUN-1001 :         retiming        |    off     |       off        |        
RUN-1001 : --------------------------------------------------------------
PHY-3001 : Placer runs in 16 thread(s).
RUN-1002 : start command "legalize_phy_inst"
SYN-1011 : Flatten model audio_speak
RUN-1002 : start command "phys_opt -simplify_lut"
SYN-4016 : Net ilaclk_1_dup_1 driven by BUFG (0 clock/control pins, 2 other pins).
SYN-4016 : Net ilaclk_2_dup_1 driven by BUFG (0 clock/control pins, 2 other pins).
SYN-4016 : Net ilaclk_3_dup_1 driven by BUFG (0 clock/control pins, 2 other pins).
SYN-4016 : Net ilaclk_dup_1 driven by BUFG (0 clock/control pins, 2 other pins).
SYN-4027 : Net aud_mclk_1_dup_1 is clkc1 of pll u1_pll_clk/pll_inst.
SYN-4019 : Net sys_clk_dup_1 is refclk of pll u1_pll_clk/pll_inst.
SYN-4020 : Net sys_clk_dup_1 is fbclk of pll u1_pll_clk/pll_inst.
SYN-4027 : Net aud_mclk_2_dup_1 is clkc1 of pll u2_pll_clk/pll_inst.
SYN-4019 : Net sys_clk_dup_1 is refclk of pll u2_pll_clk/pll_inst.
SYN-4020 : Net sys_clk_dup_1 is fbclk of pll u2_pll_clk/pll_inst.
SYN-4027 : Net aud_mclk_3_dup_1 is clkc1 of pll u3_pll_clk/pll_inst.
SYN-4019 : Net sys_clk_dup_1 is refclk of pll u3_pll_clk/pll_inst.
SYN-4020 : Net sys_clk_dup_1 is fbclk of pll u3_pll_clk/pll_inst.
SYN-4027 : Net aud_mclk_dup_1 is clkc1 of pll u_pll_clk/pll_inst.
SYN-4019 : Net sys_clk_dup_1 is refclk of pll u_pll_clk/pll_inst.
SYN-4020 : Net sys_clk_dup_1 is fbclk of pll u_pll_clk/pll_inst.
SYN-4024 : Net "aud_bclk_dup_1" drives clk pins.
SYN-4024 : Net "aud_bclk_1_dup_1" drives clk pins.
SYN-4024 : Net "aud_bclk_2_dup_1" drives clk pins.
SYN-4024 : Net "aud_bclk_3_dup_1" drives clk pins.
SYN-4024 : Net "u1_es8388_ctrl/u_es8388_config/u_i2c_dri/dri_clk" drives clk pins.
SYN-4024 : Net "u2_es8388_ctrl/u_es8388_config/u_i2c_dri/dri_clk" drives clk pins.
SYN-4024 : Net "u3_es8388_ctrl/u_es8388_config/u_i2c_dri/dri_clk" drives clk pins.
SYN-7503 WARNING: Net "u_es8388_ctrl/u_es8388_config/u_i2c_dri/dri_clk" drives clk pins. However it will not be tagged as clk net, for there's no more slots.
SYN-4025 : Tag rtl::Net aud_bclk_1_dup_1 as clock net
SYN-4025 : Tag rtl::Net aud_bclk_2_dup_1 as clock net
SYN-4025 : Tag rtl::Net aud_bclk_3_dup_1 as clock net
SYN-4025 : Tag rtl::Net aud_bclk_dup_1 as clock net
SYN-4025 : Tag rtl::Net aud_mclk_1_dup_1 as clock net
SYN-4025 : Tag rtl::Net aud_mclk_2_dup_1 as clock net
SYN-4025 : Tag rtl::Net aud_mclk_3_dup_1 as clock net
SYN-4025 : Tag rtl::Net aud_mclk_dup_1 as clock net
SYN-4025 : Tag rtl::Net ilaclk_1_dup_1 as clock net
SYN-4025 : Tag rtl::Net ilaclk_2_dup_1 as clock net
SYN-4025 : Tag rtl::Net ilaclk_3_dup_1 as clock net
SYN-4025 : Tag rtl::Net ilaclk_dup_1 as clock net
SYN-4025 : Tag rtl::Net sys_clk_dup_1 as clock net
SYN-4025 : Tag rtl::Net u1_es8388_ctrl/u_es8388_config/u_i2c_dri/dri_clk as clock net
SYN-4025 : Tag rtl::Net u2_es8388_ctrl/u_es8388_config/u_i2c_dri/dri_clk as clock net
SYN-4025 : Tag rtl::Net u3_es8388_ctrl/u_es8388_config/u_i2c_dri/dri_clk as clock net
SYN-4026 : Tagged 16 rtl::Net as clock net
SYN-4015 : Create BUFG instance for clk Net aud_bclk_1_dup_1 to drive 80 clock pins.
SYN-4015 : Create BUFG instance for clk Net aud_bclk_2_dup_1 to drive 80 clock pins.
SYN-4015 : Create BUFG instance for clk Net aud_bclk_3_dup_1 to drive 80 clock pins.
SYN-4015 : Create BUFG instance for clk Net aud_bclk_dup_1 to drive 80 clock pins.
SYN-4015 : Create BUFG instance for clk Net u1_es8388_ctrl/u_es8388_config/u_i2c_dri/dri_clk to drive 59 clock pins.
SYN-4015 : Create BUFG instance for clk Net u2_es8388_ctrl/u_es8388_config/u_i2c_dri/dri_clk to drive 59 clock pins.
SYN-4015 : Create BUFG instance for clk Net u3_es8388_ctrl/u_es8388_config/u_i2c_dri/dri_clk to drive 59 clock pins.
PHY-1001 : Populate physical database on model audio_speak.
RUN-1001 : There are total 2953 instances
RUN-0007 : 1114 luts, 941 seqs, 542 mslices, 287 lslices, 51 pads, 0 brams, 0 dsps
RUN-1001 : There are total 4810 nets
RUN-1001 : 2987 nets have 2 pins
RUN-1001 : 1401 nets have [3 - 5] pins
RUN-1001 : 265 nets have [6 - 10] pins
RUN-1001 : 96 nets have [11 - 20] pins
RUN-1001 : 47 nets have [21 - 99] pins
RUN-1001 : 14 nets have 100+ pins
RUN-1001 : Report Control nets information:
RUN-1001 : DFF Distribution
RUN-1001 : ----------------------------------
RUN-1001 :   CE   |  SSR  |  ASR  |  DFF Count  
RUN-1001 : ----------------------------------
RUN-1001 :   No   |  No   |  No   |      0      
RUN-1001 :   No   |  No   |  Yes  |     613     
RUN-1001 :   No   |  Yes  |  No   |      0      
RUN-1001 :   Yes  |  No   |  No   |      0      
RUN-1001 :   Yes  |  No   |  Yes  |     296     
RUN-1001 :   Yes  |  Yes  |  No   |     32      
RUN-1001 : ----------------------------------
RUN-0007 : Control Group Statistic
RUN-0007 : ---------------------------
RUN-0007 :   #CLK  |  #CE  |  #SSR/ASR  
RUN-0007 : ---------------------------
RUN-0007 :    9    |  22   |     9      
RUN-0007 : ---------------------------
RUN-0007 : Control Set = 34
PHY-3001 : Initial placement ...
PHY-3001 : design contains 2951 instances, 1114 luts, 941 seqs, 829 slices, 176 macros(829 instances: 542 mslices 287 lslices)
PHY-0007 : Cell area utilization is 14%
PHY-3001 : Global placement ...
PHY-3001 : Initial: Len = 828030
PHY-3001 : Clustering ...
PHY-3001 : Level 0 #clusters 2951.
PHY-3001 : End clustering;  0.000044s wall, 0.000000s user + 0.000000s system = 0.000000s CPU (n/a%)

PHY-3001 : Run with size of 4
PHY-3001 : Cell area utilization is 14%
PHY-3001 : :::0::: Try harder cell spreading with beta_ = 0
PHY-3002 : Step(1): len = 550306, overlap = 0
PHY-3002 : Step(2): len = 428511, overlap = 0
PHY-3002 : Step(3): len = 280697, overlap = 6.6875
PHY-3002 : Step(4): len = 211009, overlap = 4.5625
PHY-3002 : Step(5): len = 180996, overlap = 11.6875
PHY-3002 : Step(6): len = 151574, overlap = 36.5312
PHY-3002 : Step(7): len = 135019, overlap = 60.6875
PHY-3002 : Step(8): len = 116479, overlap = 87.9062
PHY-3002 : Step(9): len = 106436, overlap = 100.656
PHY-3002 : Step(10): len = 103878, overlap = 124.25
PHY-3002 : Step(11): len = 96083.5, overlap = 133.5
PHY-3002 : Step(12): len = 86578.2, overlap = 136.562
PHY-3002 : Step(13): len = 80494.3, overlap = 144.188
PHY-3002 : Step(14): len = 79535.8, overlap = 157
PHY-3002 : Step(15): len = 75325.3, overlap = 159.469
PHY-3001 : :::1::: Try harder cell spreading with beta_ = 1.23256e-05
PHY-3002 : Step(16): len = 82472.5, overlap = 132.969
PHY-3002 : Step(17): len = 83763, overlap = 135.219
PHY-3002 : Step(18): len = 78387.9, overlap = 122.469
PHY-3002 : Step(19): len = 76745.2, overlap = 108
PHY-3002 : Step(20): len = 77825.3, overlap = 100.062
PHY-3002 : Step(21): len = 78566.9, overlap = 85.125
PHY-3002 : Step(22): len = 79360.2, overlap = 75.375
PHY-3002 : Step(23): len = 75875.5, overlap = 67.7812
PHY-3002 : Step(24): len = 74355.7, overlap = 65.9062
PHY-3002 : Step(25): len = 74731.9, overlap = 64.5938
PHY-3002 : Step(26): len = 73885.7, overlap = 65.25
PHY-3002 : Step(27): len = 73664.5, overlap = 82.2188
PHY-3002 : Step(28): len = 71013.2, overlap = 77.5625
PHY-3002 : Step(29): len = 67884.2, overlap = 90.5938
PHY-3002 : Step(30): len = 68893.3, overlap = 95.9062
PHY-3002 : Step(31): len = 68256.3, overlap = 87.9688
PHY-3002 : Step(32): len = 68111, overlap = 84.25
PHY-3002 : Step(33): len = 65641.6, overlap = 89.625
PHY-3002 : Step(34): len = 63109.8, overlap = 85.75
PHY-3002 : Step(35): len = 63209.4, overlap = 84.7812
PHY-3002 : Step(36): len = 62636.8, overlap = 93.3125
PHY-3001 : :::2::: Try harder cell spreading with beta_ = 2.46512e-05
PHY-3002 : Step(37): len = 63202.3, overlap = 74.1875
PHY-3002 : Step(38): len = 63438.7, overlap = 73.8438
PHY-3002 : Step(39): len = 62898.9, overlap = 71.4688
PHY-3002 : Step(40): len = 62898.9, overlap = 71.4688
PHY-3002 : Step(41): len = 61550.6, overlap = 73.8125
PHY-3001 : :::3::: Try harder cell spreading with beta_ = 4.93024e-05
PHY-3002 : Step(42): len = 63748.8, overlap = 66.5625
PHY-3002 : Step(43): len = 64101.2, overlap = 66.5625
PHY-3002 : Step(44): len = 64724.2, overlap = 64.0938
PHY-3001 : :::4::: Try harder cell spreading with beta_ = 9.86049e-05
PHY-3002 : Step(45): len = 66220.1, overlap = 60.1562
PHY-3002 : Step(46): len = 66857.1, overlap = 54.6562
PHY-3002 : Step(47): len = 66736, overlap = 48.4062
PHY-3001 : Legalization ...
PHY-3001 : End legalization;  0.002203s wall, 0.000000s user + 0.000000s system = 0.000000s CPU (n/a%)

PHY-3001 : Run with size of 4
PHY-3001 : Cell area utilization is 18%
PHY-3001 : :::0::: Try harder cell spreading with beta_ = 2.55421e-06
PHY-3002 : Step(48): len = 62556.1, overlap = 156.531
PHY-3002 : Step(49): len = 62556.1, overlap = 156.531
PHY-3002 : Step(50): len = 59755.9, overlap = 165.562
PHY-3002 : Step(51): len = 59922.4, overlap = 165.562
PHY-3002 : Step(52): len = 60299, overlap = 172.156
PHY-3001 : :::1::: Try harder cell spreading with beta_ = 5.10841e-06
PHY-3002 : Step(53): len = 59526.9, overlap = 177.375
PHY-3002 : Step(54): len = 59526.9, overlap = 177.375
PHY-3002 : Step(55): len = 59630.1, overlap = 182.281
PHY-3001 : :::2::: Try harder cell spreading with beta_ = 1.02168e-05
PHY-3002 : Step(56): len = 62081.2, overlap = 156.5
PHY-3002 : Step(57): len = 62511.1, overlap = 155.25
PHY-3002 : Step(58): len = 64700.7, overlap = 133.594
PHY-3001 : :::3::: Try harder cell spreading with beta_ = 2.04336e-05
PHY-3002 : Step(59): len = 66632.6, overlap = 106.375
PHY-3002 : Step(60): len = 67378.8, overlap = 103.344
PHY-3002 : Step(61): len = 69574.9, overlap = 90.6875
PHY-3002 : Step(62): len = 68351.1, overlap = 86.0625
PHY-3002 : Step(63): len = 68463.4, overlap = 80.6875
PHY-3002 : Step(64): len = 67060.9, overlap = 78.125
PHY-3001 : Run with size of 2
PHY-3001 : Cell area utilization is 18%
PHY-3001 : :::0::: Try harder cell spreading with beta_ = 1.18813e-05
PHY-3002 : Step(65): len = 68569.2, overlap = 206.844
PHY-3002 : Step(66): len = 69606.8, overlap = 205.125
PHY-3002 : Step(67): len = 68251.4, overlap = 190.531
PHY-3002 : Step(68): len = 68438.1, overlap = 185.812
PHY-3002 : Step(69): len = 65501.5, overlap = 187.969
PHY-3002 : Step(70): len = 65833.7, overlap = 184.281
PHY-3002 : Step(71): len = 66578, overlap = 184
PHY-3001 : :::1::: Try harder cell spreading with beta_ = 2.37626e-05
PHY-3002 : Step(72): len = 68404.1, overlap = 169.375
PHY-3002 : Step(73): len = 68907.1, overlap = 167.5
PHY-3002 : Step(74): len = 69383.4, overlap = 159.969
PHY-3002 : Step(75): len = 69652.7, overlap = 159.531
PHY-3002 : Step(76): len = 68100.4, overlap = 151.156
PHY-3002 : Step(77): len = 67644, overlap = 154.531
PHY-3002 : Step(78): len = 67205.4, overlap = 150.469
PHY-3001 : :::2::: Try harder cell spreading with beta_ = 4.75252e-05
PHY-3002 : Step(79): len = 68987.2, overlap = 135.969
PHY-3002 : Step(80): len = 69495.6, overlap = 137.562
PHY-3002 : Step(81): len = 70908, overlap = 134.562
PHY-3001 : :::3::: Try harder cell spreading with beta_ = 9.50504e-05
PHY-3002 : Step(82): len = 73210.1, overlap = 127.188
PHY-3002 : Step(83): len = 74427.9, overlap = 121.156
PHY-3002 : Step(84): len = 75550.1, overlap = 114.875
PHY-3002 : Step(85): len = 75665, overlap = 109.75
PHY-3002 : Step(86): len = 74808.8, overlap = 121.531
PHY-3002 : Step(87): len = 73657.7, overlap = 124.375
PHY-3002 : Step(88): len = 73072.5, overlap = 124.719
PHY-3001 : :::4::: Try harder cell spreading with beta_ = 0.000190101
PHY-3002 : Step(89): len = 74196.8, overlap = 119.625
PHY-3002 : Step(90): len = 74504.2, overlap = 119.969
PHY-3002 : Step(91): len = 75406.9, overlap = 118.062
PHY-3001 : :::5::: Try harder cell spreading with beta_ = 0.000380202
PHY-3002 : Step(92): len = 76517, overlap = 116.344
PHY-3002 : Step(93): len = 77001, overlap = 117.25
PHY-3002 : Step(94): len = 78950, overlap = 115.375
PHY-3002 : Step(95): len = 79494.4, overlap = 115.438
PHY-3002 : Step(96): len = 79740.1, overlap = 103.688
PHY-3001 : :::6::: Try harder cell spreading with beta_ = 0.000760403
PHY-3002 : Step(97): len = 79980.1, overlap = 103.594
PHY-3002 : Step(98): len = 80033.3, overlap = 103.812
PHY-3001 : :::7::: Try harder cell spreading with beta_ = 0.0015034
PHY-3002 : Step(99): len = 80533.4, overlap = 103.062
PHY-3002 : Step(100): len = 81188.6, overlap = 101.625
PHY-3002 : Step(101): len = 82275.7, overlap = 97.3438
PHY-3001 : :::8::: Try harder cell spreading with beta_ = 0.00254482
PHY-3002 : Step(102): len = 82344.1, overlap = 101.219
PHY-3002 : Step(103): len = 82379.9, overlap = 97.5
PHY-3001 : :::9::: Try harder cell spreading with beta_ = 0.00411753
PHY-3002 : Step(104): len = 82645.6, overlap = 99.5938
PHY-3002 : Step(105): len = 82882.8, overlap = 99.5625
PHY-3001 : :::10::: Try harder cell spreading with beta_ = 0.00666216
PHY-3002 : Step(106): len = 82983.5, overlap = 94.875
PHY-3002 : Step(107): len = 83072.4, overlap = 94.4688
PHY-3002 : Step(108): len = 83331, overlap = 95.1875
PHY-3001 : :::11::: Try harder cell spreading with beta_ = 0.0107794
PHY-3002 : Step(109): len = 83450.9, overlap = 92.3125
PHY-3002 : Step(110): len = 84036.4, overlap = 92.0938
PHY-3002 : Step(111): len = 84190.3, overlap = 91.8438
PHY-3002 : Step(112): len = 84098.6, overlap = 92.6875
PHY-3001 : :::12::: Try harder cell spreading with beta_ = 0.0215587
PHY-3002 : Step(113): len = 84086.5, overlap = 92.1875
PHY-3002 : Step(114): len = 84086.5, overlap = 92.1875
PHY-3001 : :::13::: Try harder cell spreading with beta_ = 0.034882
PHY-3002 : Step(115): len = 84163.2, overlap = 92.125
PHY-3002 : Step(116): len = 84163.2, overlap = 92.125
PHY-3001 : :::14::: Try harder cell spreading with beta_ = 0.0564391
PHY-3002 : Step(117): len = 84163.3, overlap = 92.3438
PHY-3002 : Step(118): len = 84206.1, overlap = 93.3438
OPT-1001 : Start physical optimization ...
OPT-1001 : Total overflow 284.12 peak overflow 5.88
OPT-1001 : Start high-fanout net optimization ...
OPT-1001 : Update timing in global mode
PHY-1001 : Start incremental global routing, caller is place ...
RUN-1001 : Generating global routing grids ...
RUN-1001 : Building simple global routing graph ...
PHY-1001 : Generate routing nets ...
PHY-1001 : Reuse net number 0/4810.
PHY-1001 : Global iterations in 16 thread ...
PHY-1002 : len = 109144, over cnt = 444(1%), over = 2197, worst = 44
PHY-1001 : End global iterations;  0.133791s wall, 0.062500s user + 0.078125s system = 0.140625s CPU (105.1%)

PHY-1001 : Congestion index: top1 = 48.02, top5 = 35.23, top10 = 27.29, top15 = 21.77.
PHY-1001 : End incremental global routing;  0.195994s wall, 0.093750s user + 0.109375s system = 0.203125s CPU (103.6%)

RUN-1002 : start command "start_timer -report"
TMR-5001 WARNING: No sdc constraints found while initiating timer.
TMR-2505 : Start building timing graph for model audio_speak.
TMR-2506 : Build timing graph completely. Port num: 50, tpin num: 16146, tnet num: 3752, tinst num: 2951, tnode num: 19895, tedge num: 27365.
TMR-2508 : Levelizing timing graph completed, there are 39 levels in total.
TMR-2501 : Timing graph initialized successfully.
OPT-1001 : End timing update;  0.278445s wall, 0.250000s user + 0.031250s system = 0.281250s CPU (101.0%)

OPT-1001 : 0 high-fanout net processed.
OPT-1001 : End high-fanout net optimization;  0.519120s wall, 0.390625s user + 0.140625s system = 0.531250s CPU (102.3%)

OPT-1001 : Current memory(MB): used = 212, reserve = 181, peak = 212.
OPT-1001 : End physical optimization;  0.548663s wall, 0.421875s user + 0.140625s system = 0.562500s CPU (102.5%)

PHY-3001 : Start packing ...
SYN-4007 : Packing 0 MUX to BLE ...
SYN-4008 : Packed 0 MUX and 0 SEQ to BLE.
SYN-4007 : Packing 1114 LUT to BLE ...
SYN-4008 : Packed 1114 LUT and 437 SEQ to BLE.
SYN-4003 : Packing 504 remaining SEQ's ...
SYN-4005 : Packed 221 SEQ with LUT/SLICE
SYN-4006 : 517 single LUT's are left
SYN-4006 : 283 single SEQ's are left
SYN-4011 : Packing model "audio_speak" (AL_USER_NORMAL) with 1397/2295 primitive instances ...
PHY-3001 : End packing;  0.064325s wall, 0.062500s user + 0.000000s system = 0.062500s CPU (97.2%)

PHY-1001 : Populate physical database on model audio_speak.
RUN-1001 : There are total 1624 instances
RUN-1001 : 778 mslices, 777 lslices, 51 pads, 0 brams, 0 dsps
RUN-1001 : There are total 4385 nets
RUN-1001 : 2574 nets have 2 pins
RUN-1001 : 1391 nets have [3 - 5] pins
RUN-1001 : 267 nets have [6 - 10] pins
RUN-1001 : 103 nets have [11 - 20] pins
RUN-1001 : 40 nets have [21 - 99] pins
RUN-1001 : 10 nets have 100+ pins
PHY-3001 : design contains 1622 instances, 1555 slices, 176 macros(829 instances: 542 mslices 287 lslices)
PHY-3001 : Cell area utilization is 20%
PHY-3001 : After packing: Len = 84351.8, Over = 115.5
PHY-3001 : Run with size of 2
PHY-3001 : Cell area utilization is 20%
PHY-3001 : :::0::: Try harder cell spreading with beta_ = 1.56402e-05
PHY-3002 : Step(119): len = 76586.9, overlap = 122
PHY-3002 : Step(120): len = 76760.5, overlap = 124.25
PHY-3002 : Step(121): len = 71874.8, overlap = 134.75
PHY-3002 : Step(122): len = 70969, overlap = 140
PHY-3002 : Step(123): len = 68029.7, overlap = 145.5
PHY-3002 : Step(124): len = 67959.3, overlap = 144.25
PHY-3002 : Step(125): len = 68277.5, overlap = 140
PHY-3002 : Step(126): len = 68417, overlap = 141.5
PHY-3002 : Step(127): len = 68491.6, overlap = 142.25
PHY-3002 : Step(128): len = 67733.1, overlap = 143.25
PHY-3001 : :::1::: Try harder cell spreading with beta_ = 3.12803e-05
PHY-3002 : Step(129): len = 70413.2, overlap = 136.25
PHY-3002 : Step(130): len = 71349.3, overlap = 128.25
PHY-3002 : Step(131): len = 72529.8, overlap = 125
PHY-3002 : Step(132): len = 71706.8, overlap = 128.5
PHY-3002 : Step(133): len = 71635.1, overlap = 132.25
PHY-3002 : Step(134): len = 71002.7, overlap = 132
PHY-3001 : :::2::: Try harder cell spreading with beta_ = 6.11746e-05
PHY-3002 : Step(135): len = 75528.5, overlap = 113.5
PHY-3002 : Step(136): len = 76334.9, overlap = 112.75
PHY-3002 : Step(137): len = 79039, overlap = 114.75
PHY-3002 : Step(138): len = 80161.1, overlap = 115
PHY-3002 : Step(139): len = 80318.6, overlap = 105.5
PHY-3001 : Legalization ...
PHY-3001 : End legalization;  0.222616s wall, 0.421875s user + 0.312500s system = 0.734375s CPU (329.9%)

PHY-3001 : Trial Legalized: Len = 110444
PHY-3001 : Run with size of 2
PHY-3001 : Cell area utilization is 19%
PHY-3001 : :::0::: Try harder cell spreading with beta_ = 0.000282766
PHY-3002 : Step(140): len = 97601.5, overlap = 17.5
PHY-3002 : Step(141): len = 94367.9, overlap = 27
PHY-3002 : Step(142): len = 91970.3, overlap = 26.25
PHY-3002 : Step(143): len = 91530.7, overlap = 29.25
PHY-3002 : Step(144): len = 90963.2, overlap = 29.25
PHY-3002 : Step(145): len = 90680.2, overlap = 30.5
PHY-3002 : Step(146): len = 90637.7, overlap = 32.5
PHY-3001 : :::1::: Try harder cell spreading with beta_ = 0.000565532
PHY-3002 : Step(147): len = 91554.5, overlap = 30.25
PHY-3002 : Step(148): len = 91864.1, overlap = 29
PHY-3002 : Step(149): len = 92115.1, overlap = 28.25
PHY-3001 : :::2::: Try harder cell spreading with beta_ = 0.00113106
PHY-3002 : Step(150): len = 92402, overlap = 28.75
PHY-3002 : Step(151): len = 92535.8, overlap = 28.25
PHY-3001 : Legalization ...
PHY-3001 : End legalization;  0.004004s wall, 0.000000s user + 0.000000s system = 0.000000s CPU (n/a%)

PHY-3001 : Legalized: Len = 100701, Over = 0
PHY-3001 : Spreading special nets. 2 overflows in 2952 tiles.
PHY-3001 : End spreading;  0.009137s wall, 0.000000s user + 0.015625s system = 0.015625s CPU (171.0%)

PHY-3001 : 2 instances has been re-located, deltaX = 2, deltaY = 0, maxDist = 1.
PHY-3001 : Final: Len = 100833, Over = 0
OPT-1001 : Start physical optimization ...
OPT-1001 : Total overflow 0.00 peak overflow 0.00
OPT-1001 : Start high-fanout net optimization ...
OPT-1001 : Update timing in global mode
PHY-1001 : Start incremental global routing, caller is place ...
RUN-1001 : Generating global routing grids ...
PHY-1001 : Generate routing nets ...
PHY-1001 : Reuse net number 86/4385.
PHY-1001 : Global iterations in 16 thread ...
PHY-1002 : len = 126984, over cnt = 410(1%), over = 732, worst = 8
PHY-1002 : len = 130216, over cnt = 222(0%), over = 334, worst = 6
PHY-1002 : len = 133616, over cnt = 47(0%), over = 63, worst = 4
PHY-1002 : len = 134520, over cnt = 3(0%), over = 3, worst = 1
PHY-1002 : len = 134568, over cnt = 0(0%), over = 0, worst = 0
PHY-1001 : End global iterations;  0.269662s wall, 0.296875s user + 0.218750s system = 0.515625s CPU (191.2%)

PHY-1001 : Congestion index: top1 = 36.51, top5 = 28.55, top10 = 24.29, top15 = 21.37.
PHY-1001 : End incremental global routing;  0.346263s wall, 0.359375s user + 0.218750s system = 0.578125s CPU (167.0%)

RUN-1002 : start command "start_timer -report"
TMR-5001 WARNING: No sdc constraints found while initiating timer.
TMR-2505 : Start building timing graph for model audio_speak.
TMR-2506 : Build timing graph completely. Port num: 50, tpin num: 14330, tnet num: 3327, tinst num: 1622, tnode num: 17125, tedge num: 25045.
TMR-2508 : Levelizing timing graph completed, there are 37 levels in total.
TMR-2501 : Timing graph initialized successfully.
OPT-1001 : End timing update;  0.292773s wall, 0.296875s user + 0.000000s system = 0.296875s CPU (101.4%)

OPT-1001 : 0 high-fanout net processed.
OPT-1001 : End high-fanout net optimization;  0.686888s wall, 0.703125s user + 0.218750s system = 0.921875s CPU (134.2%)

OPT-1001 : Current memory(MB): used = 222, reserve = 192, peak = 222.
OPT-1001 : Update timing in Manhattan mode
OPT-1001 : End timing update;  0.004737s wall, 0.000000s user + 0.000000s system = 0.000000s CPU (n/a%)

OPT-1001 : Start pin optimization...
OPT-1001 : skip pin optimization...
RUN-1001 : Generating global routing grids ...
PHY-1001 : Generate routing nets ...
PHY-1001 : Reuse net number 2794/4385.
PHY-1001 : Global iterations in 16 thread ...
PHY-1002 : len = 134568, over cnt = 0(0%), over = 0, worst = 0
PHY-1001 : End global iterations;  0.012722s wall, 0.000000s user + 0.000000s system = 0.000000s CPU (n/a%)

PHY-1001 : Congestion index: top1 = 36.51, top5 = 28.55, top10 = 24.29, top15 = 21.37.
OPT-1001 : Update timing in Manhattan mode
OPT-1001 : End timing update;  0.004893s wall, 0.000000s user + 0.000000s system = 0.000000s CPU (n/a%)

RUN-1001 : QoR Analysis:
OPT-0007 :   WNS 2147483647 TNS 0 NUM_FEPS 0
RUN-1001 :   No local congestion issue, and most congested 1% tile average routing util is 36.103448
RUN-1001 :   Top critical paths
OPT-1001 : End physical optimization;  0.810483s wall, 0.828125s user + 0.218750s system = 1.046875s CPU (129.2%)

RUN-1003 : finish command "place" in  5.700385s wall, 8.609375s user + 8.234375s system = 16.843750s CPU (295.5%)

RUN-1004 : used memory is 188 MB, reserved memory is 157 MB, peak memory is 225 MB
RUN-1002 : start command "export_db ES8388_place.db"
RUN-1001 : Exported /
RUN-1001 : Exported flow parameters
RUN-1001 : Exported libs
RUN-1001 : Exported entities
RUN-1001 : Exported ports
RUN-1001 : Exported pins
RUN-1001 : Exported instances
RUN-1001 : Exported nets
RUN-1001 : Exported buses
RUN-1001 : Exported models
RUN-1001 : Exported congestions
RUN-1001 : Exported violations
RUN-1001 : Exported IO constraints
RUN-1001 : Exported Inst constraints
RUN-1002 : start command "route"
RUN-1001 : Open license file E:/Software/Anlogic/TD5.6.2/license/Anlogic.lic
RUN-1001 : Print Global Property
RUN-1001 : ---------------------------------------------------------------
RUN-1001 :        Parameters        |  Settings  |  Default Values  |  Note  
RUN-1001 : ---------------------------------------------------------------
RUN-1001 :          message         |  standard  |     standard     |        
RUN-1001 :   mixed_pack_place_flow  |     on     |        on        |        
RUN-1001 :        qor_monitor       |    off     |       off        |        
RUN-1001 :        syn_ip_flow       |    off     |       off        |        
RUN-1001 :          thread          |    auto    |       auto       |        
RUN-1001 : ---------------------------------------------------------------
RUN-1001 : Print Route Property
RUN-1001 : -------------------------------------------------------
RUN-1001 :    Parameters    |  Settings  |  Default Values  |  Note  
RUN-1001 : -------------------------------------------------------
RUN-1001 :      effort      |   medium   |      medium      |        
RUN-1001 :     fix_hold     |    off     |       off        |        
RUN-1001 :    opt_timing    |   medium   |      medium      |        
RUN-1001 :   phy_sim_model  |    off     |       off        |        
RUN-1001 :     priority     |   timing   |      timing      |        
RUN-1001 :     swap_pin     |     on     |        on        |        
RUN-1001 : -------------------------------------------------------
PHY-1001 : Route runs in 16 thread(s)
RUN-1001 : There are total 1624 instances
RUN-1001 : 778 mslices, 777 lslices, 51 pads, 0 brams, 0 dsps
RUN-1001 : There are total 4385 nets
RUN-1001 : 2574 nets have 2 pins
RUN-1001 : 1391 nets have [3 - 5] pins
RUN-1001 : 267 nets have [6 - 10] pins
RUN-1001 : 103 nets have [11 - 20] pins
RUN-1001 : 40 nets have [21 - 99] pins
RUN-1001 : 10 nets have 100+ pins
RUN-1002 : start command "start_timer -report"
TMR-5001 WARNING: No sdc constraints found while initiating timer.
TMR-2505 : Start building timing graph for model audio_speak.
TMR-2506 : Build timing graph completely. Port num: 50, tpin num: 14330, tnet num: 3327, tinst num: 1622, tnode num: 17125, tedge num: 25045.
TMR-2508 : Levelizing timing graph completed, there are 37 levels in total.
TMR-2501 : Timing graph initialized successfully.
PHY-1001 : 778 mslices, 777 lslices, 51 pads, 0 brams, 0 dsps
TMR-2503 : Start to update net delay, extr mode = 3.
TMR-2504 : Update delay of 3327 nets completely.
TMR-2502 : Annotate delay completely, extr mode = 3.
TMR-3002 : No user constraint, initiate default constraint.
TMR-1501 : Assign derive clock DeriveClock to 1232 clock pins, and constraint 2787 relative nodes.
TMR-3003 : Constraints initiated successfully.
TMR-3501 : Forward propagation: start to calculate arrival time...
TMR-3502 : Backward propagation: start to calculate required time...
TMR-3503 : Timing propagation completes.
PHY-1001 : Start global routing, caller is route ...
RUN-1001 : Generating global routing grids ...
PHY-1001 : Generate routing nets ...
PHY-1001 : Global iterations in 16 thread ...
PHY-1002 : len = 126128, over cnt = 406(1%), over = 729, worst = 8
PHY-1002 : len = 129704, over cnt = 207(0%), over = 319, worst = 6
PHY-1002 : len = 132000, over cnt = 89(0%), over = 131, worst = 5
PHY-1002 : len = 133744, over cnt = 0(0%), over = 0, worst = 0
PHY-1001 : End global iterations;  0.243575s wall, 0.218750s user + 0.125000s system = 0.343750s CPU (141.1%)

PHY-1001 : Congestion index: top1 = 36.96, top5 = 28.57, top10 = 24.31, top15 = 21.31.
PHY-1001 : End global routing;  0.315702s wall, 0.296875s user + 0.125000s system = 0.421875s CPU (133.6%)

PHY-1001 : Start detail routing ...
PHY-1001 : Current memory(MB): used = 259, reserve = 229, peak = 275.
PHY-1001 : Detailed router is running in normal mode.
PHY-1001 : Generate detailed routing grids ...
PHY-1001 : Processed IO instance aud_dacdat_syn_4 with INV attribute.
PHY-1001 : Processed IO instance aud_dacdat_1_syn_4 with INV attribute.
PHY-1001 : Processed IO instance aud_dacdat_2_syn_4 with INV attribute.
PHY-1001 : Processed IO instance aud_dacdat_3_syn_4 with INV attribute.
PHY-1001 : Generate nets ...
PHY-1001 : clock net aud_bclk_syn_4 will be merged with clock aud_bclk_dup_1
PHY-1001 : clock net aud_bclk_1_syn_4 will be merged with clock aud_bclk_1_dup_1
PHY-1001 : clock net aud_bclk_2_syn_4 will be merged with clock aud_bclk_2_dup_1
PHY-1001 : clock net aud_bclk_3_syn_4 will be merged with clock aud_bclk_3_dup_1
PHY-1001 : net aud_mclk_dup_1 will be routed on clock mesh
PHY-1001 : net aud_mclk_1_dup_1 will be routed on clock mesh
PHY-1001 : net aud_mclk_2_dup_1 will be routed on clock mesh
PHY-1001 : net aud_mclk_3_dup_1 will be routed on clock mesh
PHY-1001 : clock net ilaclk_dup_1 will be merged with clock u_pll_clk/clk0_buf
PHY-1001 : clock net ilaclk_1_dup_1 will be merged with clock u1_pll_clk/clk0_buf
PHY-1001 : clock net ilaclk_2_dup_1 will be merged with clock u2_pll_clk/clk0_buf
PHY-1001 : clock net ilaclk_3_dup_1 will be merged with clock u3_pll_clk/clk0_buf
PHY-1001 : net sys_clk_dup_1 will be routed on clock mesh
PHY-1001 : clock net u1_es8388_ctrl/u_es8388_config/u_i2c_dri/dri_clk_syn_4 will be merged with clock u1_es8388_ctrl/u_es8388_config/u_i2c_dri/dri_clk
PHY-1001 : clock net u2_es8388_ctrl/u_es8388_config/u_i2c_dri/dri_clk_syn_4 will be merged with clock u2_es8388_ctrl/u_es8388_config/u_i2c_dri/dri_clk
PHY-1001 : clock net u3_es8388_ctrl/u_es8388_config/u_i2c_dri/dri_clk_syn_4 will be merged with clock u3_es8388_ctrl/u_es8388_config/u_i2c_dri/dri_clk
PHY-1001 : Current memory(MB): used = 528, reserve = 503, peak = 528.
PHY-1001 : End build detailed router design. 2.190622s wall, 2.156250s user + 0.015625s system = 2.171875s CPU (99.1%)

PHY-1001 : Detail Route ...
PHY-1001 : ===== Detail Route Phase 1 =====
PHY-1001 : Clock net routing.....
PHY-1001 : Routed 0% nets.
PHY-1022 : len = 58808, over cnt = 0(0%), over = 0, worst = 0, crit = 0
PHY-1001 : End initial clock net routed; 3.861607s wall, 3.781250s user + 0.031250s system = 3.812500s CPU (98.7%)

PHY-1001 : Current memory(MB): used = 561, reserve = 536, peak = 561.
PHY-1001 : End phase 1; 3.864285s wall, 3.796875s user + 0.031250s system = 3.828125s CPU (99.1%)

PHY-1001 : ===== Detail Route Phase 2 =====
PHY-1001 : Initial routing.....
PHY-1001 : Routed 28% nets.
PHY-1001 : Routed 32% nets.
PHY-1001 : Routed 39% nets.
PHY-1001 : Routed 48% nets.
PHY-1001 : Routed 63% nets.
PHY-1022 : len = 493936, over cnt = 151(0%), over = 151, worst = 1, crit = 0
PHY-1001 : Current memory(MB): used = 562, reserve = 537, peak = 562.
PHY-1001 : End initial routed; 2.709625s wall, 2.656250s user + 1.515625s system = 4.171875s CPU (154.0%)

PHY-1001 : Current memory(MB): used = 562, reserve = 537, peak = 562.
PHY-1001 : End phase 2; 2.709727s wall, 2.656250s user + 1.515625s system = 4.171875s CPU (154.0%)

PHY-1001 : ===== Detail Route Phase 3 =====
PHY-1001 : Ripup-reroute.....
PHY-1001 : ===== DR Iter 1 =====
PHY-1022 : len = 491376, over cnt = 39(0%), over = 39, worst = 1, crit = 0
PHY-1001 : End DR Iter 1; 0.091916s wall, 0.046875s user + 0.078125s system = 0.125000s CPU (136.0%)

PHY-1001 : ===== DR Iter 2 =====
PHY-1022 : len = 491248, over cnt = 9(0%), over = 9, worst = 1, crit = 0
PHY-1001 : End DR Iter 2; 0.036533s wall, 0.031250s user + 0.015625s system = 0.046875s CPU (128.3%)

PHY-1001 : ===== DR Iter 3 =====
PHY-1022 : len = 491280, over cnt = 2(0%), over = 2, worst = 1, crit = 0
PHY-1001 : End DR Iter 3; 0.034725s wall, 0.031250s user + 0.000000s system = 0.031250s CPU (90.0%)

PHY-1001 : ===== DR Iter 4 =====
PHY-1022 : len = 491312, over cnt = 0(0%), over = 0, worst = 0, crit = 0
PHY-1001 : End DR Iter 4; 0.027398s wall, 0.031250s user + 0.000000s system = 0.031250s CPU (114.1%)

PHY-1001 : Commit to database.....
PHY-1001 : 31 feed throughs used by 26 nets
PHY-1001 : End commit to database; 0.248793s wall, 0.250000s user + 0.000000s system = 0.250000s CPU (100.5%)

PHY-1001 : Current memory(MB): used = 581, reserve = 557, peak = 581.
PHY-1001 : End phase 3; 0.544866s wall, 0.484375s user + 0.109375s system = 0.593750s CPU (109.0%)

PHY-1003 : Routed, final wirelength = 491312
PHY-1001 : Current memory(MB): used = 581, reserve = 557, peak = 581.
PHY-1001 : End export database. 0.010998s wall, 0.015625s user + 0.000000s system = 0.015625s CPU (142.1%)

PHY-1001 : End detail routing;  9.482677s wall, 9.250000s user + 1.687500s system = 10.937500s CPU (115.3%)

RUN-1003 : finish command "route" in  10.256206s wall, 9.953125s user + 1.859375s system = 11.812500s CPU (115.2%)

RUN-1004 : used memory is 504 MB, reserved memory is 479 MB, peak memory is 581 MB
RUN-1002 : start command "report_area -io_info -file ES8388_phy.area"
RUN-1001 : standard
***Report Model: audio_speak Device: EG4S20BG256***

IO Statistics
#IO                        51
  #input                   19
  #output                  28
  #inout                    4

Utilization Statistics
#lut                     2772   out of  19600   14.14%
#reg                      947   out of  19600    4.83%
#le                      3055
  #lut only              2108   out of   3055   69.00%
  #reg only               283   out of   3055    9.26%
  #lut&reg                664   out of   3055   21.73%
#dsp                        0   out of     29    0.00%
#bram                       0   out of     64    0.00%
  #bram9k                   0
  #fifo9k                   0
#bram32k                    0   out of     16    0.00%
#pad                       51   out of    188   27.13%
  #ireg                     8
  #oreg                    20
  #treg                     4
#pll                        4   out of      4  100.00%
#gclk                      11   out of     16   68.75%

Clock Resource Statistics
Index     ClockNet                                            Type               DriverType         Driver                                                           Fanout
#1        sys_clk_dup_1                                       GCLK               io                 sys_clk_syn_2.di                                                 328
#2        aud_bclk_2_dup_1                                    GCLK               io                 aud_bclk_2_syn_2.di                                              45
#3        aud_bclk_3_dup_1                                    GCLK               io                 aud_bclk_3_syn_2.di                                              45
#4        aud_bclk_dup_1                                      GCLK               io                 aud_bclk_syn_2.di                                                45
#5        aud_bclk_1_dup_1                                    GCLK               io                 aud_bclk_1_syn_2.di                                              44
#6        u3_es8388_ctrl/u_es8388_config/u_i2c_dri/dri_clk    GCLK               lslice             u3_es8388_ctrl/u_es8388_config/u_i2c_dri/dri_clk_reg_syn_9.q1    42
#7        u1_es8388_ctrl/u_es8388_config/u_i2c_dri/dri_clk    GCLK               lslice             u1_es8388_ctrl/u_es8388_config/u_i2c_dri/dri_clk_reg_syn_9.q1    39
#8        u2_es8388_ctrl/u_es8388_config/u_i2c_dri/dri_clk    GCLK               lslice             u2_es8388_ctrl/u_es8388_config/u_i2c_dri/dri_clk_reg_syn_9.q1    38
#9        aud_mclk_1_dup_1                                    GCLK               pll                u1_pll_clk/pll_inst.clkc1                                        0
#10       aud_mclk_2_dup_1                                    GCLK               pll                u2_pll_clk/pll_inst.clkc1                                        0
#11       aud_mclk_3_dup_1                                    GCLK               pll                u3_pll_clk/pll_inst.clkc1                                        0
#12       aud_mclk_dup_1                                      GCLK               pll                u_pll_clk/pll_inst.clkc1                                         0
#13       u1_pll_clk/clk0_buf                                 GCLK               pll                u1_pll_clk/pll_inst.clkc0                                        0
#14       u2_pll_clk/clk0_buf                                 GCLK               pll                u2_pll_clk/pll_inst.clkc0                                        0
#15       u3_pll_clk/clk0_buf                                 GCLK               pll                u3_pll_clk/pll_inst.clkc0                                        0
#16       u_pll_clk/clk0_buf                                  GCLK               pll                u_pll_clk/pll_inst.clkc0                                         0


Detailed IO Report

      Name        Direction    Location    IOStandard    DriveStrength    PullType     PackReg   
   aud_adcdat       INPUT        R14        LVCMOS25          N/A          PULLUP       IREG     
  aud_adcdat_1      INPUT        G16        LVCMOS25          N/A          PULLUP       IREG     
  aud_adcdat_2      INPUT         E7        LVCMOS25          N/A          PULLUP       IREG     
  aud_adcdat_3      INPUT         L4        LVCMOS25          N/A          PULLUP       IREG     
    aud_bclk        INPUT         M6        LVCMOS25          N/A          PULLUP       NONE     
   aud_bclk_1       INPUT        G14        LVCMOS25          N/A          PULLUP       NONE     
   aud_bclk_2       INPUT         D5        LVCMOS25          N/A          PULLUP       NONE     
   aud_bclk_3       INPUT         H5        LVCMOS25          N/A          PULLUP       NONE     
    aud_lrc         INPUT         M7        LVCMOS25          N/A          PULLUP       IREG     
   aud_lrc_1        INPUT        H16        LVCMOS25          N/A          PULLUP       IREG     
   aud_lrc_2        INPUT         C6        LVCMOS25          N/A          PULLUP       IREG     
   aud_lrc_3        INPUT         K6        LVCMOS25          N/A          PULLUP       IREG     
    sys_clk         INPUT         R7        LVCMOS25          N/A          PULLUP       NONE     
   sys_rst_n        INPUT         E3        LVCMOS25          N/A          PULLUP       NONE     
  sys_rst_n_1       INPUT         F2        LVCMOS25          N/A           N/A         NONE     
  sys_rst_n_2       INPUT        K12        LVCMOS25          N/A           N/A         NONE     
  sys_rst_n_3       INPUT         G1        LVCMOS25          N/A           N/A         NONE     
   volume[1]        INPUT        B10        LVCMOS25          N/A          PULLUP       NONE     
   volume[0]        INPUT        A10        LVCMOS25          N/A          PULLUP       NONE     
   aud_dacdat      OUTPUT         P6        LVCMOS25           8            NONE        OREG     
  aud_dacdat_1     OUTPUT        H14        LVCMOS25           8            NONE        OREG     
  aud_dacdat_2     OUTPUT         E6        LVCMOS25           8            NONE        OREG     
  aud_dacdat_3     OUTPUT         K3        LVCMOS25           8            NONE        OREG     
    aud_mclk       OUTPUT         N5        LVCMOS25           8            NONE        NONE     
   aud_mclk_1      OUTPUT        F14        LVCMOS25           8            NONE        NONE     
   aud_mclk_2      OUTPUT         F6        LVCMOS25           8            NONE        NONE     
   aud_mclk_3      OUTPUT         H4        LVCMOS25           8            NONE        NONE     
    aud_scl        OUTPUT        R12        LVCMOS25           8            NONE        OREG     
   aud_scl_1       OUTPUT        D14        LVCMOS25           8            NONE        OREG     
   aud_scl_2       OUTPUT         A2        LVCMOS25           8            NONE        OREG     
   aud_scl_3       OUTPUT         G3        LVCMOS25           8            NONE        OREG     
     ilaclk        OUTPUT         M9        LVCMOS25           8            NONE        NONE     
    ilaclk_1       OUTPUT        L16        LVCMOS25           8            NONE        NONE     
    ilaclk_2       OUTPUT         D3        LVCMOS25           8            NONE        NONE     
    ilaclk_3       OUTPUT        K15        LVCMOS25           8            NONE        NONE     
      led          OUTPUT        F12        LVCMOS25           8            N/A         NONE     
     led_1         OUTPUT         E4        LVCMOS25           8            N/A         NONE     
     led_2         OUTPUT         J6        LVCMOS25           8            N/A         NONE     
     led_3         OUTPUT        J16        LVCMOS25           8            N/A         NONE     
   led_eight       OUTPUT        B14        LVCMOS25           8            NONE        OREG     
    led_five       OUTPUT        E16        LVCMOS25           8            NONE        OREG     
    led_four       OUTPUT        B15        LVCMOS25           8            NONE        OREG     
    led_one        OUTPUT        F16        LVCMOS25           8            NONE        OREG     
   led_seven       OUTPUT        B16        LVCMOS25           8            NONE        OREG     
    led_six        OUTPUT        C16        LVCMOS25           8            NONE        OREG     
    led_tree       OUTPUT        C15        LVCMOS25           8            NONE        OREG     
    led_two        OUTPUT        E13        LVCMOS25           8            NONE        OREG     
    aud_sda         INOUT         R9        LVCMOS25           8           PULLUP     OREG;TREG  
   aud_sda_1        INOUT        E15        LVCMOS25           8           PULLUP     OREG;TREG  
   aud_sda_2        INOUT         C3        LVCMOS25           8           PULLUP     OREG;TREG  
   aud_sda_3        INOUT         F3        LVCMOS25           8           PULLUP     OREG;TREG  

Report Hierarchy Area:
+--------------------------------------------------------------------------------------------------------+
|Instance                   |Module                 |le     |lut     |ripple  |seq     |bram    |dsp     |
+--------------------------------------------------------------------------------------------------------+
|top                        |audio_speak            |3055   |2231    |541     |979     |0       |0       |
|  u1_es8388_ctrl           |es8388_ctrl            |276    |226     |25      |141     |0       |0       |
|    u_audio_receive        |audio_receive          |85     |55      |12      |53      |0       |0       |
|    u_audio_send           |audio_send             |21     |17      |0       |20      |0       |0       |
|    u_es8388_config        |es8388_config          |170    |154     |13      |68      |0       |0       |
|      u_i2c_dri            |i2c_dri                |114    |107     |5       |41      |0       |0       |
|      u_i2c_reg_cfg        |i2c_reg_cfg            |56     |47      |8       |27      |0       |0       |
|  u1_pll_clk               |clk_wiz_0              |1      |1       |0       |0       |0       |0       |
|  u2_es8388_ctrl           |es8388_ctrl            |266    |216     |25      |142     |0       |0       |
|    u_audio_receive        |audio_receive          |86     |53      |12      |53      |0       |0       |
|    u_audio_send           |audio_send             |21     |19      |0       |20      |0       |0       |
|    u_es8388_config        |es8388_config          |159    |144     |13      |69      |0       |0       |
|      u_i2c_dri            |i2c_dri                |110    |103     |5       |41      |0       |0       |
|      u_i2c_reg_cfg        |i2c_reg_cfg            |49     |41      |8       |28      |0       |0       |
|  u2_pll_clk               |clk_wiz_0              |1      |1       |0       |0       |0       |0       |
|  u3_es8388_ctrl           |es8388_ctrl            |265    |219     |27      |142     |0       |0       |
|    u_audio_receive        |audio_receive          |80     |49      |12      |53      |0       |0       |
|    u_audio_send           |audio_send             |23     |23      |0       |22      |0       |0       |
|    u_es8388_config        |es8388_config          |162    |147     |15      |67      |0       |0       |
|      u_i2c_dri            |i2c_dri                |106    |99      |7       |40      |0       |0       |
|      u_i2c_reg_cfg        |i2c_reg_cfg            |56     |48      |8       |27      |0       |0       |
|  u3_pll_clk               |clk_wiz_0              |1      |1       |0       |0       |0       |0       |
|  u_es8388_ctrl            |es8388_ctrl            |330    |250     |55      |151     |0       |0       |
|    u_audio_receive        |audio_receive          |82     |54      |12      |52      |0       |0       |
|    u_audio_send           |audio_send             |83     |48      |28      |30      |0       |0       |
|    u_es8388_config        |es8388_config          |165    |148     |15      |69      |0       |0       |
|      u_i2c_dri            |i2c_dri                |109    |100     |7       |42      |0       |0       |
|      u_i2c_reg_cfg        |i2c_reg_cfg            |56     |48      |8       |27      |0       |0       |
|  u_pll_clk                |clk_wiz_0              |1      |1       |0       |0       |0       |0       |
|  u_spar_4mic_localization |spar_4mic_localization |1824   |1274    |377     |342     |0       |0       |
+--------------------------------------------------------------------------------------------------------+


DataNet Average Fanout:

   Index     Fanout     Nets  
    #1          1       2519  
    #2          2       1089  
    #3          3       274   
    #4          4        24   
    #5        5-10      302   
    #6        11-50      96   
    #7       51-100      4    
    #8       101-500     7    
  Average     2.78            

RUN-1002 : start command "export_db ES8388_pr.db"
RUN-1001 : Exported /
RUN-1001 : Exported flow parameters
RUN-1001 : Exported libs
RUN-1001 : Exported entities
RUN-1001 : Exported ports
RUN-1001 : Exported pins
RUN-1001 : Exported instances
RUN-1001 : Exported nets
RUN-1001 : Exported buses
RUN-1001 : Exported models
RUN-1001 : Exported congestions
RUN-1001 : Exported violations
RUN-1001 : Exported IO constraints
RUN-1001 : Exported Inst constraints
RUN-1002 : start command "export_bid ES8388_inst.bid"
RUN-1002 : start command "bitgen -bit ES8388.bit -unused_io_status pulldown"
BIT-1003 : Start to generate bitstream. 
BIT-1002 : Bitgen processed 137 unused pads, reserve input tri_state with pulldown
BIT-1002 : Init instances with 16 threads.
BIT-1002 : Init instances completely, inst num: 1759
BIT-1002 : Init pips with 16 threads.
BIT-1002 : Init pips completely, net num: 4385, pip num: 32542
BIT-1002 : Init feedthrough with 16 threads.
BIT-1002 : Init feedthrough completely, num: 31
BIT-1003 : Multithreading accelaration with 16 threads.
BIT-1003 : Generate bitstream completely, there are 2421 valid insts, and 92060 bits set as '1'.
BIT-1004 : PLL setting string = 1111
BIT-1004 : Generate bits file ES8388.bit.
RUN-1003 : finish command "bitgen -bit ES8388.bit -unused_io_status pulldown" in  2.244858s wall, 22.828125s user + 1.203125s system = 24.031250s CPU (1070.5%)

RUN-1004 : used memory is 499 MB, reserved memory is 482 MB, peak memory is 700 MB
RUN-1002 : start command "backup_run_log run.log ../.logs/phy_1/td_20251026_113253.log"
