============================================================
   Tang Dynasty, V5.6.71036
      Copyright (c) 2012-2023 Anlogic Inc.
   Executable = D:/TD/bin/td.exe
   Built at =   20:34:38 Mar 21 2023
   Run by =     lyw15
   Run Date =   Sun Oct 19 19:22:12 2025

   Run on =     -001
============================================================
RUN-1002 : start command "open_project ES8388.prj"
RUN-1001 : Print Global Property
RUN-1001 : ---------------------------------------------------------------
RUN-1001 :        Parameters        |  Settings  |  Default Values  |  Note  
RUN-1001 : ---------------------------------------------------------------
RUN-1001 :          message         |  standard  |     standard     |        
RUN-1001 :   mixed_pack_place_flow  |     on     |        on        |        
RUN-1001 :        qor_monitor       |    off     |       off        |        
RUN-1001 :        syn_ip_flow       |    off     |       off        |        
RUN-1001 :          thread          |    auto    |       auto       |        
RUN-1001 : ---------------------------------------------------------------
RUN-1001 : Print Design Property
RUN-1001 : --------------------------------------------------------------
RUN-1001 :        Parameters       |  Settings  |  Default Values  |  Note  
RUN-1001 : --------------------------------------------------------------
RUN-1001 :   default_reg_initial   |    auto    |       auto       |        
RUN-1001 :        infer_add        |     on     |        on        |        
RUN-1001 :        infer_fsm        |    off     |       off        |        
RUN-1001 :        infer_mult       |     on     |        on        |        
RUN-1001 :        infer_ram        |     on     |        on        |        
RUN-1001 :        infer_reg        |     on     |        on        |        
RUN-1001 :   infer_reg_init_value  |     on     |        on        |        
RUN-1001 :        infer_rom        |     on     |        on        |        
RUN-1001 :      infer_shifter      |     on     |        on        |        
RUN-1001 : --------------------------------------------------------------
RUN-1001 : Print Rtl Property
RUN-1001 : --------------------------------------------------------------
RUN-1001 :        Parameters       |  Settings  |  Default Values  |  Note  
RUN-1001 : --------------------------------------------------------------
RUN-1001 :       compress_add      |   ripple   |      ripple      |        
RUN-1001 :        elf_sload        |    off     |       off        |        
RUN-1001 :       fix_undriven      |     0      |        0         |        
RUN-1001 :         flatten         |    off     |       off        |        
RUN-1001 :       gate_sharing      |     on     |        on        |        
RUN-1001 :    hdl_warning_level    |   normal   |      normal      |        
RUN-1001 :   impl_internal_tribuf  |     on     |        on        |        
RUN-1001 :      impl_set_reset     |     on     |        on        |        
RUN-1001 :        infer_gsr        |    off     |       off        |        
RUN-1001 :      keep_hierarchy     |    auto    |       auto       |        
RUN-1001 :        max_fanout       |    9999    |       9999       |        
RUN-1001 :      max_oh2bin_len     |     10     |        10        |        
RUN-1001 :       merge_equal       |     on     |        on        |        
RUN-1001 :       merge_equiv       |     on     |        on        |        
RUN-1001 :        merge_mux        |    off     |       off        |        
RUN-1001 :     min_control_set     |     8      |        8         |        
RUN-1001 :      min_ripple_len     |    auto    |       auto       |        
RUN-1001 :       oh2bin_ratio      |    0.08    |       0.08       |        
RUN-1001 :     opt_adder_fanout    |     on     |        on        |        
RUN-1001 :        opt_arith        |     on     |        on        |        
RUN-1001 :       opt_big_gate      |    off     |       off        |        
RUN-1001 :        opt_const        |     on     |        on        |        
RUN-1001 :      opt_const_mult     |     on     |        on        |        
RUN-1001 :       opt_lessthan      |     on     |        on        |        
RUN-1001 :         opt_mux         |    off     |       off        |        
RUN-1001 :         opt_ram         |    high    |       high       |        
RUN-1001 :      rtl_sim_model      |    off     |       off        |        
RUN-1001 :         seq_syn         |     on     |        on        |        
RUN-1001 : --------------------------------------------------------------
HDL-1007 : analyze verilog file ../../al_ip/clk_wiz_0.v
HDL-1007 : undeclared symbol 'open', assumed default net type 'wire' in ../../al_ip/clk_wiz_0.v(80)
HDL-1007 : analyze verilog file ../../../RTL/audio_receive.v
HDL-1007 : analyze verilog file ../../../RTL/audio_send.v
HDL-1007 : analyze verilog file ../../../RTL/audio_speak.v
HDL-1007 : analyze verilog file ../../../RTL/es8388_config.v
HDL-1007 : analyze verilog file ../../../RTL/es8388_ctrl.v
HDL-1007 : analyze verilog file ../../../RTL/i2c_dri.v
HDL-1007 : analyze verilog file ../../../RTL/i2c_reg_cfg.v
HDL-1007 : analyze verilog file ../../al_ip/direction.v
RUN-1001 : Project manager successfully analyzed 9 source files.
RUN-1002 : start command "import_device eagle_s20.db -package EG4S20BG256"
ARC-1001 : Device Initialization.
ARC-1001 : ------------------------------------------------------------------
ARC-1001 :            OPTION            |          IO          |   SETTING   
ARC-1001 : ------------------------------------------------------------------
ARC-1001 :   cso_b/cclk/mosi/miso/dout  |  T3/R11/T10/P10/S11  |    gpio    
ARC-1001 :             done             |         P13          |    gpio    
ARC-1001 :           program_b          |          T2          |  dedicate  
ARC-1001 :        tdi/tms/tck/tdo       |   C12/A15/C14/E14    |  dedicate  
ARC-1001 : ------------------------------------------------------------------
ARC-1004 : Device setting, marked 5 dedicate IOs in total.
RUN-1002 : start command "import_db ../syn_1/ES8388_gate.db"
RUN-1001 : Importing database generated by Tang Dynasty, V5.6.71036.
RUN-1001 : Database version number 46146.
RUN-1001 : Import flow parameters
RUN-1001 : Import IO constraints
RUN-1001 : Import Inst constraints
RUN-1001 : Import design success TD_VERSION=5.6.71036 , DB_VERSION=46146
RUN-1002 : start command "place"
RUN-1001 : Open license file D:/TD/license/Anlogic.lic
RUN-1001 : Print Global Property
RUN-1001 : ---------------------------------------------------------------
RUN-1001 :        Parameters        |  Settings  |  Default Values  |  Note  
RUN-1001 : ---------------------------------------------------------------
RUN-1001 :          message         |  standard  |     standard     |        
RUN-1001 :   mixed_pack_place_flow  |     on     |        on        |        
RUN-1001 :        qor_monitor       |    off     |       off        |        
RUN-1001 :        syn_ip_flow       |    off     |       off        |        
RUN-1001 :          thread          |    auto    |       auto       |        
RUN-1001 : ---------------------------------------------------------------
RUN-1001 : Print Place Property
RUN-1001 : --------------------------------------------------------------
RUN-1001 :        Parameters       |  Settings  |  Default Values  |  Note  
RUN-1001 : --------------------------------------------------------------
RUN-1001 :      detailed_place     |     on     |        on        |        
RUN-1001 :          effort         |   medium   |      medium      |        
RUN-1001 :         fix_hold        |    off     |       off        |        
RUN-1001 :       legalization      |    ori     |       ori        |        
RUN-1001 :      new_spreading      |     on     |        on        |        
RUN-1001 :        opt_timing       |   medium   |      medium      |        
RUN-1001 :   post_clock_route_opt  |    off     |       off        |        
RUN-1001 :       pr_strategy       |     1      |        1         |        
RUN-1001 :        relaxation       |    1.00    |       1.00       |        
RUN-1001 :         retiming        |    off     |       off        |        
RUN-1001 : --------------------------------------------------------------
PHY-3001 : Placer runs in 24 thread(s).
RUN-1002 : start command "legalize_phy_inst"
SYN-1011 : Flatten model audio_speak
RUN-1002 : start command "phys_opt -simplify_lut"
SYN-4016 : Net ilaclk_1_dup_1 driven by BUFG (0 clock/control pins, 2 other pins).
SYN-4016 : Net ilaclk_dup_1 driven by BUFG (0 clock/control pins, 2 other pins).
SYN-4027 : Net aud_mclk_1_dup_1 is clkc1 of pll u1_pll_clk/pll_inst.
SYN-4019 : Net sys_clk_dup_1 is refclk of pll u1_pll_clk/pll_inst.
SYN-4020 : Net sys_clk_dup_1 is fbclk of pll u1_pll_clk/pll_inst.
SYN-4027 : Net aud_mclk_dup_1 is clkc1 of pll u_pll_clk/pll_inst.
SYN-4019 : Net sys_clk_dup_1 is refclk of pll u_pll_clk/pll_inst.
SYN-4020 : Net sys_clk_dup_1 is fbclk of pll u_pll_clk/pll_inst.
SYN-4024 : Net "aud_bclk_dup_1" drives clk pins.
SYN-4024 : Net "aud_bclk_1_dup_1" drives clk pins.
SYN-4024 : Net "u1_es8388_ctrl/u_es8388_config/u_i2c_dri/dri_clk" drives clk pins.
SYN-4024 : Net "u_es8388_ctrl/u_es8388_config/u_i2c_dri/dri_clk" drives clk pins.
SYN-4025 : Tag rtl::Net aud_bclk_1_dup_1 as clock net
SYN-4025 : Tag rtl::Net aud_bclk_dup_1 as clock net
SYN-4025 : Tag rtl::Net aud_mclk_1_dup_1 as clock net
SYN-4025 : Tag rtl::Net aud_mclk_dup_1 as clock net
SYN-4025 : Tag rtl::Net ilaclk_1_dup_1 as clock net
SYN-4025 : Tag rtl::Net ilaclk_dup_1 as clock net
SYN-4025 : Tag rtl::Net sys_clk_dup_1 as clock net
SYN-4025 : Tag rtl::Net u1_es8388_ctrl/u_es8388_config/u_i2c_dri/dri_clk as clock net
SYN-4025 : Tag rtl::Net u_es8388_ctrl/u_es8388_config/u_i2c_dri/dri_clk as clock net
SYN-4026 : Tagged 9 rtl::Net as clock net
SYN-4015 : Create BUFG instance for clk Net aud_bclk_1_dup_1 to drive 80 clock pins.
SYN-4015 : Create BUFG instance for clk Net aud_bclk_dup_1 to drive 80 clock pins.
SYN-4015 : Create BUFG instance for clk Net u1_es8388_ctrl/u_es8388_config/u_i2c_dri/dri_clk to drive 56 clock pins.
SYN-4015 : Create BUFG instance for clk Net u_es8388_ctrl/u_es8388_config/u_i2c_dri/dri_clk to drive 56 clock pins.
PHY-1001 : Populate physical database on model audio_speak.
RUN-1001 : There are total 4654 instances
RUN-0007 : 2185 luts, 525 seqs, 1249 mslices, 647 lslices, 29 pads, 0 brams, 8 dsps
RUN-1001 : There are total 10187 nets
RUN-1001 : 6121 nets have 2 pins
RUN-1001 : 3769 nets have [3 - 5] pins
RUN-1001 : 86 nets have [6 - 10] pins
RUN-1001 : 98 nets have [11 - 20] pins
RUN-1001 : 88 nets have [21 - 99] pins
RUN-1001 : 25 nets have 100+ pins
RUN-1001 : Report Control nets information:
RUN-1001 : DFF Distribution
RUN-1001 : ----------------------------------
RUN-1001 :   CE   |  SSR  |  ASR  |  DFF Count  
RUN-1001 : ----------------------------------
RUN-1001 :   No   |  No   |  No   |      0      
RUN-1001 :   No   |  No   |  Yes  |     232     
RUN-1001 :   No   |  Yes  |  No   |      0      
RUN-1001 :   Yes  |  No   |  No   |      0      
RUN-1001 :   Yes  |  No   |  Yes  |     293     
RUN-1001 :   Yes  |  Yes  |  No   |      0      
RUN-1001 : ----------------------------------
RUN-0007 : Control Group Statistic
RUN-0007 : ---------------------------
RUN-0007 :   #CLK  |  #CE  |  #SSR/ASR  
RUN-0007 : ---------------------------
RUN-0007 :    5    |   9   |     4      
RUN-0007 : ---------------------------
RUN-0007 : Control Set = 15
PHY-3001 : Initial placement ...
PHY-3001 : design contains 4652 instances, 2185 luts, 525 seqs, 1896 slices, 510 macros(1896 instances: 1249 mslices 647 lslices)
PHY-0007 : Cell area utilization is 30%
PHY-3001 : Global placement ...
PHY-3001 : Initial: Len = 1.43356e+06
PHY-3001 : Clustering ...
PHY-3001 : Level 0 #clusters 4652.
PHY-3001 : End clustering;  0.000036s wall, 0.000000s user + 0.000000s system = 0.000000s CPU (n/a%)

PHY-3001 : Run with size of 4
PHY-3001 : Cell area utilization is 30%
PHY-3001 : :::0::: Try harder cell spreading with beta_ = 0
PHY-3002 : Step(1): len = 1.0236e+06, overlap = 25.75
PHY-3002 : Step(2): len = 914284, overlap = 27.25
PHY-3002 : Step(3): len = 506499, overlap = 83.4688
PHY-3002 : Step(4): len = 476747, overlap = 115.875
PHY-3002 : Step(5): len = 367065, overlap = 148.969
PHY-3002 : Step(6): len = 331179, overlap = 170.438
PHY-3002 : Step(7): len = 294591, overlap = 191.969
PHY-3002 : Step(8): len = 271770, overlap = 251.094
PHY-3002 : Step(9): len = 233542, overlap = 282.812
PHY-3002 : Step(10): len = 202564, overlap = 330.969
PHY-3002 : Step(11): len = 180666, overlap = 367.625
PHY-3002 : Step(12): len = 169589, overlap = 388.844
PHY-3002 : Step(13): len = 154074, overlap = 416.594
PHY-3002 : Step(14): len = 145350, overlap = 420.438
PHY-3002 : Step(15): len = 132479, overlap = 428.844
PHY-3002 : Step(16): len = 126530, overlap = 452.031
PHY-3002 : Step(17): len = 120206, overlap = 478.438
PHY-3001 : :::1::: Try harder cell spreading with beta_ = 2.69899e-06
PHY-3002 : Step(18): len = 112874, overlap = 457.781
PHY-3002 : Step(19): len = 114079, overlap = 458.531
PHY-3002 : Step(20): len = 121912, overlap = 436.312
PHY-3002 : Step(21): len = 132578, overlap = 416.719
PHY-3002 : Step(22): len = 132508, overlap = 394.75
PHY-3002 : Step(23): len = 137702, overlap = 375.031
PHY-3002 : Step(24): len = 136269, overlap = 362.656
PHY-3002 : Step(25): len = 134986, overlap = 342.594
PHY-3002 : Step(26): len = 133285, overlap = 309.281
PHY-3002 : Step(27): len = 126407, overlap = 260.125
PHY-3002 : Step(28): len = 123309, overlap = 236.688
PHY-3002 : Step(29): len = 119533, overlap = 229.781
PHY-3002 : Step(30): len = 116927, overlap = 231.469
PHY-3002 : Step(31): len = 115392, overlap = 223.125
PHY-3002 : Step(32): len = 116177, overlap = 209.719
PHY-3002 : Step(33): len = 115010, overlap = 202.094
PHY-3002 : Step(34): len = 115693, overlap = 204.469
PHY-3002 : Step(35): len = 113685, overlap = 206
PHY-3002 : Step(36): len = 112829, overlap = 205.844
PHY-3002 : Step(37): len = 111208, overlap = 205.906
PHY-3002 : Step(38): len = 110675, overlap = 200.75
PHY-3002 : Step(39): len = 111260, overlap = 201.281
PHY-3002 : Step(40): len = 109923, overlap = 208
PHY-3002 : Step(41): len = 109524, overlap = 207.719
PHY-3002 : Step(42): len = 109435, overlap = 210.594
PHY-3001 : :::2::: Try harder cell spreading with beta_ = 5.39798e-06
PHY-3002 : Step(43): len = 108650, overlap = 206.031
PHY-3002 : Step(44): len = 108689, overlap = 207.719
PHY-3002 : Step(45): len = 108777, overlap = 207.594
PHY-3001 : :::3::: Try harder cell spreading with beta_ = 1.0796e-05
PHY-3002 : Step(46): len = 116522, overlap = 187.5
PHY-3002 : Step(47): len = 116522, overlap = 187.5
PHY-3002 : Step(48): len = 114406, overlap = 179.75
PHY-3002 : Step(49): len = 115026, overlap = 176.188
PHY-3002 : Step(50): len = 116001, overlap = 175.438
PHY-3001 : Legalization ...
PHY-3001 : End legalization;  0.006892s wall, 0.000000s user + 0.000000s system = 0.000000s CPU (n/a%)

PHY-3001 : Run with size of 4
PHY-3001 : Cell area utilization is 36%
PHY-3001 : Analyzing congestion ...
RUN-1001 : Generating global routing grids ...
RUN-1001 : Building simple global routing graph ...
PHY-1001 : Generate routing nets ...
PHY-1001 : Reuse net number 0/10187.
PHY-1001 : Global iterations in 24 thread ...
PHY-1002 : len = 180488, over cnt = 784(2%), over = 5684, worst = 70
PHY-1001 : End global iterations;  0.221702s wall, 0.171875s user + 0.187500s system = 0.359375s CPU (162.1%)

PHY-1001 : Congestion index: top1 = 81.21, top5 = 55.33, top10 = 43.34, top15 = 35.18.
PHY-3001 : End congestion estimation;  0.310553s wall, 0.218750s user + 0.218750s system = 0.437500s CPU (140.9%)

PHY-3001 : Update density targets...
PHY-3001 : Update congestion history...
PHY-3001 : :::0::: Try harder cell spreading with beta_ = 7.70278e-07
PHY-3002 : Step(51): len = 116665, overlap = 314.812
PHY-3002 : Step(52): len = 118118, overlap = 326.156
PHY-3002 : Step(53): len = 119964, overlap = 376.406
PHY-3002 : Step(54): len = 120884, overlap = 396.719
PHY-3002 : Step(55): len = 105812, overlap = 439.125
PHY-3002 : Step(56): len = 100892, overlap = 477.156
PHY-3002 : Step(57): len = 102126, overlap = 487.781
PHY-3002 : Step(58): len = 100684, overlap = 494.438
PHY-3002 : Step(59): len = 101087, overlap = 498.25
PHY-3002 : Step(60): len = 91093.5, overlap = 554.656
PHY-3002 : Step(61): len = 88281, overlap = 550.25
PHY-3002 : Step(62): len = 86884.5, overlap = 536.469
PHY-3002 : Step(63): len = 83576.1, overlap = 528.719
PHY-3002 : Step(64): len = 79684.2, overlap = 534.062
PHY-3002 : Step(65): len = 79889.3, overlap = 540.25
PHY-3002 : Step(66): len = 79771.1, overlap = 537.75
PHY-3002 : Step(67): len = 80016.2, overlap = 540.312
PHY-3002 : Step(68): len = 78294.4, overlap = 550.562
PHY-3002 : Step(69): len = 75502.8, overlap = 565.531
PHY-3002 : Step(70): len = 74565.8, overlap = 586.594
PHY-3002 : Step(71): len = 75147.1, overlap = 592.469
PHY-3002 : Step(72): len = 74782.9, overlap = 591.094
PHY-3002 : Step(73): len = 73522, overlap = 585.156
PHY-3002 : Step(74): len = 70206.4, overlap = 587.625
PHY-3002 : Step(75): len = 69570.3, overlap = 596.719
PHY-3002 : Step(76): len = 70197.5, overlap = 595.688
PHY-3001 : :::1::: Try harder cell spreading with beta_ = 1.54056e-06
PHY-3002 : Step(77): len = 71332, overlap = 595.125
PHY-3002 : Step(78): len = 71836.3, overlap = 595.062
PHY-3002 : Step(79): len = 79003.9, overlap = 591.344
PHY-3002 : Step(80): len = 80905.4, overlap = 587.125
PHY-3002 : Step(81): len = 79850.5, overlap = 577.219
PHY-3002 : Step(82): len = 81841.7, overlap = 558.438
PHY-3002 : Step(83): len = 84233.2, overlap = 555.812
PHY-3002 : Step(84): len = 81712, overlap = 520.781
PHY-3002 : Step(85): len = 78614.3, overlap = 530.438
PHY-3002 : Step(86): len = 77910.5, overlap = 546
PHY-3002 : Step(87): len = 77910.5, overlap = 546
PHY-3001 : :::2::: Try harder cell spreading with beta_ = 3.08111e-06
PHY-3002 : Step(88): len = 86178.3, overlap = 483.188
PHY-3002 : Step(89): len = 87809.8, overlap = 482.281
PHY-3002 : Step(90): len = 99124.3, overlap = 405.531
PHY-3002 : Step(91): len = 103633, overlap = 357.594
PHY-3002 : Step(92): len = 96863.4, overlap = 347.375
PHY-3002 : Step(93): len = 91517.5, overlap = 354.438
PHY-3002 : Step(94): len = 90274.6, overlap = 354.094
PHY-3002 : Step(95): len = 90317.1, overlap = 365.031
PHY-3001 : :::3::: Try harder cell spreading with beta_ = 6.16222e-06
PHY-3002 : Step(96): len = 91702.8, overlap = 350.219
PHY-3002 : Step(97): len = 94549.1, overlap = 341.062
PHY-3002 : Step(98): len = 108655, overlap = 305
PHY-3002 : Step(99): len = 113908, overlap = 292.438
PHY-3002 : Step(100): len = 115072, overlap = 294.594
PHY-3002 : Step(101): len = 105981, overlap = 317.188
PHY-3002 : Step(102): len = 106589, overlap = 312.062
PHY-3002 : Step(103): len = 107309, overlap = 316.375
PHY-3002 : Step(104): len = 106381, overlap = 306
PHY-3002 : Step(105): len = 105755, overlap = 298.469
PHY-3002 : Step(106): len = 105493, overlap = 293.875
PHY-3002 : Step(107): len = 105966, overlap = 283.719
PHY-3002 : Step(108): len = 106967, overlap = 275.031
PHY-3001 : :::4::: Try harder cell spreading with beta_ = 1.23244e-05
PHY-3002 : Step(109): len = 108869, overlap = 254.219
PHY-3002 : Step(110): len = 110190, overlap = 253.281
PHY-3002 : Step(111): len = 119853, overlap = 227.188
PHY-3002 : Step(112): len = 122347, overlap = 224.656
PHY-3002 : Step(113): len = 118209, overlap = 198.219
PHY-3002 : Step(114): len = 119542, overlap = 174.031
PHY-3002 : Step(115): len = 121621, overlap = 168.406
PHY-3001 : :::5::: Try harder cell spreading with beta_ = 2.46489e-05
PHY-3002 : Step(116): len = 123075, overlap = 161.531
PHY-3002 : Step(117): len = 124700, overlap = 159.375
PHY-3002 : Step(118): len = 136724, overlap = 121.844
PHY-3002 : Step(119): len = 142718, overlap = 97.4062
PHY-3002 : Step(120): len = 134448, overlap = 91.9062
PHY-3002 : Step(121): len = 131182, overlap = 102.188
PHY-3002 : Step(122): len = 132065, overlap = 98.6562
PHY-3002 : Step(123): len = 133487, overlap = 84.6875
PHY-3002 : Step(124): len = 135248, overlap = 73.9062
PHY-3002 : Step(125): len = 133013, overlap = 70
PHY-3002 : Step(126): len = 133800, overlap = 67.0938
PHY-3002 : Step(127): len = 134055, overlap = 47.0938
PHY-3002 : Step(128): len = 134912, overlap = 43.3125
PHY-3002 : Step(129): len = 134722, overlap = 44.8438
PHY-3002 : Step(130): len = 132764, overlap = 43.9688
PHY-3002 : Step(131): len = 130975, overlap = 40.5
PHY-3002 : Step(132): len = 131273, overlap = 39.8125
PHY-3002 : Step(133): len = 130585, overlap = 38.5312
PHY-3001 : :::6::: Try harder cell spreading with beta_ = 4.92978e-05
PHY-3002 : Step(134): len = 133764, overlap = 39.125
PHY-3002 : Step(135): len = 134960, overlap = 39.0312
PHY-3002 : Step(136): len = 137807, overlap = 37.6562
PHY-3001 : :::7::: Try harder cell spreading with beta_ = 9.85956e-05
PHY-3002 : Step(137): len = 139575, overlap = 33.6562
PHY-3002 : Step(138): len = 141835, overlap = 36.4375
PHY-3002 : Step(139): len = 146696, overlap = 33.5312
PHY-3002 : Step(140): len = 148263, overlap = 29
PHY-3002 : Step(141): len = 147096, overlap = 27.7812
PHY-3002 : Step(142): len = 147041, overlap = 26.75
PHY-3002 : Step(143): len = 147447, overlap = 24.2812
PHY-3002 : Step(144): len = 146705, overlap = 25.875
PHY-3002 : Step(145): len = 145206, overlap = 24.6875
PHY-3002 : Step(146): len = 144762, overlap = 25.0625
PHY-3002 : Step(147): len = 145021, overlap = 24.2812
PHY-3002 : Step(148): len = 144122, overlap = 20.7188
PHY-3002 : Step(149): len = 143905, overlap = 18.9375
PHY-3002 : Step(150): len = 142201, overlap = 16.2188
PHY-3001 : :::8::: Try harder cell spreading with beta_ = 0.000197191
PHY-3002 : Step(151): len = 143719, overlap = 17.625
PHY-3002 : Step(152): len = 144085, overlap = 17.625
PHY-3002 : Step(153): len = 147062, overlap = 14.6562
PHY-3002 : Step(154): len = 148324, overlap = 16.4375
PHY-3002 : Step(155): len = 150554, overlap = 13.375
PHY-3002 : Step(156): len = 151181, overlap = 13.2188
PHY-3002 : Step(157): len = 151071, overlap = 10.4688
PHY-3001 : :::9::: Try harder cell spreading with beta_ = 0.000394382
PHY-3002 : Step(158): len = 152281, overlap = 10.9375
PHY-3002 : Step(159): len = 152281, overlap = 10.9375
PHY-3002 : Step(160): len = 152507, overlap = 11.3438
PHY-3001 : Run with size of 2
PHY-3001 : Cell area utilization is 36%
PHY-3001 : Analyzing congestion ...
RUN-1001 : Generating global routing grids ...
PHY-1001 : Generate routing nets ...
PHY-1001 : Reuse net number 3/10187.
PHY-1001 : Global iterations in 24 thread ...
PHY-1002 : len = 235256, over cnt = 788(2%), over = 5088, worst = 70
PHY-1001 : End global iterations;  0.220130s wall, 0.203125s user + 0.171875s system = 0.375000s CPU (170.4%)

PHY-1001 : Congestion index: top1 = 62.22, top5 = 44.97, top10 = 35.89, top15 = 30.25.
PHY-3001 : End congestion estimation;  0.304505s wall, 0.250000s user + 0.203125s system = 0.453125s CPU (148.8%)

PHY-3001 : Update density targets...
PHY-3001 : Update congestion history...
PHY-3001 : :::0::: Try harder cell spreading with beta_ = 3.32883e-05
PHY-3002 : Step(161): len = 157621, overlap = 151
PHY-3002 : Step(162): len = 160293, overlap = 142.312
PHY-3002 : Step(163): len = 157300, overlap = 102.25
PHY-3002 : Step(164): len = 157490, overlap = 95.5
PHY-3002 : Step(165): len = 156359, overlap = 78.75
PHY-3002 : Step(166): len = 154493, overlap = 86.5
PHY-3002 : Step(167): len = 151463, overlap = 91.4688
PHY-3002 : Step(168): len = 148410, overlap = 104.031
PHY-3002 : Step(169): len = 144395, overlap = 110.5
PHY-3002 : Step(170): len = 144547, overlap = 106.969
PHY-3002 : Step(171): len = 143890, overlap = 116.812
PHY-3002 : Step(172): len = 140126, overlap = 129.375
PHY-3002 : Step(173): len = 138542, overlap = 121.438
PHY-3002 : Step(174): len = 137816, overlap = 129.406
PHY-3002 : Step(175): len = 136352, overlap = 127.906
PHY-3002 : Step(176): len = 135440, overlap = 133.875
PHY-3002 : Step(177): len = 134505, overlap = 129.219
PHY-3001 : :::1::: Try harder cell spreading with beta_ = 6.65765e-05
PHY-3002 : Step(178): len = 138646, overlap = 127.719
PHY-3002 : Step(179): len = 139624, overlap = 129.844
PHY-3002 : Step(180): len = 141333, overlap = 130.812
PHY-3002 : Step(181): len = 141946, overlap = 132.219
PHY-3002 : Step(182): len = 142552, overlap = 127
PHY-3002 : Step(183): len = 142956, overlap = 126.125
PHY-3002 : Step(184): len = 142029, overlap = 111.094
PHY-3002 : Step(185): len = 141496, overlap = 108.969
PHY-3002 : Step(186): len = 141287, overlap = 108.625
PHY-3001 : :::2::: Try harder cell spreading with beta_ = 0.000133153
PHY-3002 : Step(187): len = 143829, overlap = 106.781
PHY-3002 : Step(188): len = 144542, overlap = 102.875
PHY-3002 : Step(189): len = 148414, overlap = 106.156
PHY-3002 : Step(190): len = 151784, overlap = 99.3438
PHY-3002 : Step(191): len = 152237, overlap = 100.594
PHY-3002 : Step(192): len = 152344, overlap = 100.031
PHY-3002 : Step(193): len = 151529, overlap = 98.5
PHY-3002 : Step(194): len = 151005, overlap = 96.0625
PHY-3002 : Step(195): len = 150874, overlap = 89.5312
PHY-3001 : :::3::: Try harder cell spreading with beta_ = 0.000248028
PHY-3002 : Step(196): len = 153160, overlap = 90.2812
PHY-3002 : Step(197): len = 153826, overlap = 87.5312
PHY-3002 : Step(198): len = 157232, overlap = 83.3438
PHY-3002 : Step(199): len = 159273, overlap = 79.4688
PHY-3002 : Step(200): len = 160984, overlap = 77.0938
PHY-3002 : Step(201): len = 161902, overlap = 67
PHY-3002 : Step(202): len = 161599, overlap = 61.5312
PHY-3002 : Step(203): len = 161230, overlap = 61.375
PHY-3002 : Step(204): len = 160463, overlap = 61.0625
PHY-3002 : Step(205): len = 160154, overlap = 59.9375
PHY-3002 : Step(206): len = 159573, overlap = 56.625
PHY-3001 : :::4::: Try harder cell spreading with beta_ = 0.000487399
PHY-3002 : Step(207): len = 160978, overlap = 56.6875
PHY-3002 : Step(208): len = 161706, overlap = 56.3438
PHY-3002 : Step(209): len = 165364, overlap = 48
PHY-3002 : Step(210): len = 166248, overlap = 48.5625
PHY-3002 : Step(211): len = 166871, overlap = 48.7188
PHY-3002 : Step(212): len = 167830, overlap = 46
OPT-1001 : Start physical optimization ...
OPT-1001 : Total overflow 344.16 peak overflow 4.00
OPT-1001 : Start high-fanout net optimization ...
OPT-1001 : Update timing in global mode
PHY-1001 : Start incremental global routing, caller is place ...
RUN-1001 : Generating global routing grids ...
PHY-1001 : Generate routing nets ...
PHY-1001 : Reuse net number 69/10187.
PHY-1001 : Global iterations in 24 thread ...
PHY-1002 : len = 272872, over cnt = 903(2%), over = 4789, worst = 37
PHY-1001 : End global iterations;  0.313997s wall, 0.296875s user + 0.250000s system = 0.546875s CPU (174.2%)

PHY-1001 : Congestion index: top1 = 50.88, top5 = 38.74, top10 = 33.11, top15 = 29.30.
PHY-1001 : End incremental global routing;  0.397807s wall, 0.375000s user + 0.265625s system = 0.640625s CPU (161.0%)

RUN-1002 : start command "start_timer -report"
TMR-5001 WARNING: No sdc constraints found while initiating timer.
TMR-2505 : Start building timing graph for model audio_speak.
TMR-2506 : Build timing graph completely. Port num: 28, tpin num: 28902, tnet num: 5961, tinst num: 4652, tnode num: 32902, tedge num: 50391.
TMR-2508 : Levelizing timing graph completed, there are 559 levels in total.
TMR-2501 : Timing graph initialized successfully.
OPT-1001 : End timing update;  0.338236s wall, 0.328125s user + 0.015625s system = 0.343750s CPU (101.6%)

OPT-1001 : 0 high-fanout net processed.
OPT-1001 : End high-fanout net optimization;  0.816831s wall, 0.781250s user + 0.281250s system = 1.062500s CPU (130.1%)

OPT-1001 : Current memory(MB): used = 324, reserve = 298, peak = 324.
OPT-1001 : End physical optimization;  0.852661s wall, 0.812500s user + 0.281250s system = 1.093750s CPU (128.3%)

PHY-3001 : Start packing ...
SYN-4007 : Packing 0 MUX to BLE ...
SYN-4008 : Packed 0 MUX and 0 SEQ to BLE.
SYN-4007 : Packing 2185 LUT to BLE ...
SYN-4008 : Packed 2185 LUT and 365 SEQ to BLE.
SYN-4003 : Packing 160 remaining SEQ's ...
SYN-4005 : Packed 92 SEQ with LUT/SLICE
SYN-4006 : 1741 single LUT's are left
SYN-4006 : 68 single SEQ's are left
SYN-4011 : Packing model "audio_speak" (AL_USER_NORMAL) with 2253/4197 primitive instances ...
PHY-3001 : End packing;  0.098481s wall, 0.078125s user + 0.015625s system = 0.093750s CPU (95.2%)

PHY-1001 : Populate physical database on model audio_speak.
RUN-1001 : There are total 3127 instances
RUN-1001 : 1539 mslices, 1540 lslices, 29 pads, 0 brams, 8 dsps
RUN-1001 : There are total 9837 nets
RUN-1001 : 5786 nets have 2 pins
RUN-1001 : 3754 nets have [3 - 5] pins
RUN-1001 : 86 nets have [6 - 10] pins
RUN-1001 : 102 nets have [11 - 20] pins
RUN-1001 : 87 nets have [21 - 99] pins
RUN-1001 : 22 nets have 100+ pins
PHY-3001 : design contains 3125 instances, 3079 slices, 510 macros(1896 instances: 1249 mslices 647 lslices)
PHY-3001 : Cell area utilization is 37%
PHY-3001 : After packing: Len = 167662, Over = 60.25
PHY-3001 : Run with size of 2
PHY-3001 : Cell area utilization is 37%
PHY-3001 : Analyzing congestion ...
RUN-1001 : Generating global routing grids ...
PHY-1001 : Generate routing nets ...
PHY-1001 : Reuse net number 5459/9837.
PHY-1001 : Global iterations in 24 thread ...
PHY-1002 : len = 273536, over cnt = 783(2%), over = 3830, worst = 37
PHY-1002 : len = 304136, over cnt = 641(1%), over = 1932, worst = 37
PHY-1002 : len = 325168, over cnt = 280(0%), over = 654, worst = 19
PHY-1002 : len = 330968, over cnt = 141(0%), over = 257, worst = 18
PHY-1002 : len = 335184, over cnt = 6(0%), over = 6, worst = 1
PHY-1001 : End global iterations;  0.388512s wall, 0.359375s user + 0.218750s system = 0.578125s CPU (148.8%)

PHY-1001 : Congestion index: top1 = 44.96, top5 = 35.54, top10 = 30.76, top15 = 27.73.
PHY-3001 : End congestion estimation;  0.484019s wall, 0.453125s user + 0.218750s system = 0.671875s CPU (138.8%)

PHY-3001 : Update density targets...
PHY-3001 : Update congestion history...
PHY-3001 : :::0::: Try harder cell spreading with beta_ = 3.27897e-05
PHY-3002 : Step(213): len = 154901, overlap = 64
PHY-3002 : Step(214): len = 153590, overlap = 69.75
PHY-3002 : Step(215): len = 151375, overlap = 76.75
PHY-3002 : Step(216): len = 148929, overlap = 84.25
PHY-3002 : Step(217): len = 147214, overlap = 85
PHY-3002 : Step(218): len = 147341, overlap = 86.75
PHY-3002 : Step(219): len = 147308, overlap = 95.25
PHY-3001 : :::1::: Try harder cell spreading with beta_ = 6.55794e-05
PHY-3002 : Step(220): len = 155326, overlap = 83.75
PHY-3002 : Step(221): len = 156476, overlap = 80
PHY-3002 : Step(222): len = 158630, overlap = 79.25
PHY-3002 : Step(223): len = 159283, overlap = 72.25
PHY-3002 : Step(224): len = 159385, overlap = 69.75
PHY-3001 : :::2::: Try harder cell spreading with beta_ = 0.000131159
PHY-3002 : Step(225): len = 164940, overlap = 58.5
PHY-3002 : Step(226): len = 168141, overlap = 54.5
PHY-3002 : Step(227): len = 172604, overlap = 55.5
PHY-3001 : Legalization ...
PHY-3001 : End legalization;  0.938936s wall, 1.750000s user + 1.328125s system = 3.078125s CPU (327.8%)

PHY-3001 : Trial Legalized: Len = 200903
PHY-3001 : Run with size of 2
PHY-3001 : Cell area utilization is 36%
PHY-3001 : Analyzing congestion ...
RUN-1001 : Generating global routing grids ...
PHY-1001 : Generate routing nets ...
PHY-1001 : Reuse net number 280/9837.
PHY-1001 : Global iterations in 24 thread ...
PHY-1002 : len = 300456, over cnt = 683(1%), over = 1473, worst = 9
PHY-1002 : len = 305416, over cnt = 473(1%), over = 839, worst = 8
PHY-1002 : len = 311296, over cnt = 139(0%), over = 231, worst = 6
PHY-1002 : len = 312304, over cnt = 58(0%), over = 97, worst = 6
PHY-1002 : len = 313296, over cnt = 0(0%), over = 0, worst = 0
PHY-1001 : End global iterations;  0.824606s wall, 0.750000s user + 0.390625s system = 1.140625s CPU (138.3%)

PHY-1001 : Congestion index: top1 = 35.15, top5 = 28.57, top10 = 25.80, top15 = 24.04.
PHY-3001 : End congestion estimation;  0.933107s wall, 0.859375s user + 0.390625s system = 1.250000s CPU (134.0%)

PHY-3001 : Update density targets...
PHY-3001 : Update congestion history...
PHY-3001 : :::0::: Try harder cell spreading with beta_ = 9.54036e-05
PHY-3002 : Step(228): len = 181647, overlap = 7
PHY-3002 : Step(229): len = 178030, overlap = 9.75
PHY-3002 : Step(230): len = 177251, overlap = 10.25
PHY-3002 : Step(231): len = 177126, overlap = 11
PHY-3002 : Step(232): len = 176528, overlap = 13
PHY-3001 : :::1::: Try harder cell spreading with beta_ = 0.000190807
PHY-3002 : Step(233): len = 183264, overlap = 10.75
PHY-3002 : Step(234): len = 184672, overlap = 11.25
PHY-3002 : Step(235): len = 188233, overlap = 10.5
PHY-3001 : :::2::: Try harder cell spreading with beta_ = 0.000381614
PHY-3002 : Step(236): len = 199385, overlap = 6.75
PHY-3002 : Step(237): len = 200832, overlap = 6.75
PHY-3002 : Step(238): len = 200230, overlap = 6.5
PHY-3002 : Step(239): len = 200060, overlap = 5.75
PHY-3002 : Step(240): len = 200301, overlap = 5.25
PHY-3001 : Legalization ...
PHY-3001 : End legalization;  0.005849s wall, 0.000000s user + 0.000000s system = 0.000000s CPU (n/a%)

PHY-3001 : Legalized: Len = 204147, Over = 0
PHY-3001 : Spreading special nets. 6 overflows in 2952 tiles.
PHY-3001 : End spreading;  0.009689s wall, 0.000000s user + 0.000000s system = 0.000000s CPU (n/a%)

PHY-3001 : 6 instances has been re-located, deltaX = 0, deltaY = 7, maxDist = 2.
PHY-3001 : Final: Len = 204135, Over = 0
OPT-1001 : Start physical optimization ...
OPT-1001 : Total overflow 0.00 peak overflow 0.00
OPT-1001 : Start high-fanout net optimization ...
OPT-1001 : Update timing in global mode
PHY-1001 : Start incremental global routing, caller is place ...
RUN-1001 : Generating global routing grids ...
PHY-1001 : Generate routing nets ...
PHY-1001 : Reuse net number 1214/9837.
PHY-1001 : Global iterations in 24 thread ...
PHY-1002 : len = 313840, over cnt = 563(1%), over = 1043, worst = 9
PHY-1002 : len = 317688, over cnt = 352(1%), over = 544, worst = 7
PHY-1002 : len = 320576, over cnt = 158(0%), over = 239, worst = 7
PHY-1002 : len = 322216, over cnt = 43(0%), over = 57, worst = 5
PHY-1002 : len = 322728, over cnt = 0(0%), over = 0, worst = 0
PHY-1001 : End global iterations;  0.506204s wall, 0.468750s user + 0.343750s system = 0.812500s CPU (160.5%)

PHY-1001 : Congestion index: top1 = 34.83, top5 = 28.25, top10 = 25.41, top15 = 23.64.
PHY-1001 : End incremental global routing;  0.606464s wall, 0.562500s user + 0.343750s system = 0.906250s CPU (149.4%)

RUN-1002 : start command "start_timer -report"
TMR-5001 WARNING: No sdc constraints found while initiating timer.
TMR-2505 : Start building timing graph for model audio_speak.
TMR-2506 : Build timing graph completely. Port num: 28, tpin num: 27608, tnet num: 5611, tinst num: 3125, tnode num: 31029, tedge num: 48788.
TMR-2508 : Levelizing timing graph completed, there are 559 levels in total.
TMR-2501 : Timing graph initialized successfully.
OPT-1001 : End timing update;  0.388961s wall, 0.390625s user + 0.000000s system = 0.390625s CPU (100.4%)

OPT-1001 : 0 high-fanout net processed.
OPT-1001 : End high-fanout net optimization;  1.104304s wall, 1.031250s user + 0.343750s system = 1.375000s CPU (124.5%)

OPT-1001 : Current memory(MB): used = 343, reserve = 317, peak = 343.
OPT-1001 : Update timing in Manhattan mode
OPT-1001 : End timing update;  0.007292s wall, 0.000000s user + 0.000000s system = 0.000000s CPU (n/a%)

OPT-1001 : Start pin optimization...
OPT-1001 : skip pin optimization...
RUN-1001 : Generating global routing grids ...
PHY-1001 : Generate routing nets ...
PHY-1001 : Reuse net number 4984/9837.
PHY-1001 : Global iterations in 24 thread ...
PHY-1002 : len = 322728, over cnt = 0(0%), over = 0, worst = 0
PHY-1001 : End global iterations;  0.025551s wall, 0.015625s user + 0.000000s system = 0.015625s CPU (61.2%)

PHY-1001 : Congestion index: top1 = 34.83, top5 = 28.25, top10 = 25.41, top15 = 23.64.
OPT-1001 : Update timing in Manhattan mode
OPT-1001 : End timing update;  0.007386s wall, 0.015625s user + 0.000000s system = 0.015625s CPU (211.5%)

RUN-1001 : QoR Analysis:
OPT-0007 :   WNS 2147483647 TNS 0 NUM_FEPS 0
RUN-1001 :   No local congestion issue, and most congested 1% tile average routing util is 34.482759
RUN-1001 :   Top critical paths
OPT-1001 : End physical optimization;  1.293266s wall, 1.156250s user + 0.359375s system = 1.515625s CPU (117.2%)

RUN-1003 : finish command "place" in  12.734236s wall, 18.937500s user + 19.484375s system = 38.421875s CPU (301.7%)

RUN-1004 : used memory is 288 MB, reserved memory is 260 MB, peak memory is 348 MB
RUN-1002 : start command "export_db ES8388_place.db"
RUN-1001 : Exported /
RUN-1001 : Exported flow parameters
RUN-1001 : Exported libs
RUN-1001 : Exported entities
RUN-1001 : Exported ports
RUN-1001 : Exported pins
RUN-1001 : Exported instances
RUN-1001 : Exported nets
RUN-1001 : Exported buses
RUN-1001 : Exported models
RUN-1001 : Exported congestions
RUN-1001 : Exported violations
RUN-1001 : Exported IO constraints
RUN-1001 : Exported Inst constraints
RUN-1002 : start command "route"
RUN-1001 : Open license file D:/TD/license/Anlogic.lic
RUN-1001 : Print Global Property
RUN-1001 : ---------------------------------------------------------------
RUN-1001 :        Parameters        |  Settings  |  Default Values  |  Note  
RUN-1001 : ---------------------------------------------------------------
RUN-1001 :          message         |  standard  |     standard     |        
RUN-1001 :   mixed_pack_place_flow  |     on     |        on        |        
RUN-1001 :        qor_monitor       |    off     |       off        |        
RUN-1001 :        syn_ip_flow       |    off     |       off        |        
RUN-1001 :          thread          |    auto    |       auto       |        
RUN-1001 : ---------------------------------------------------------------
RUN-1001 : Print Route Property
RUN-1001 : -------------------------------------------------------
RUN-1001 :    Parameters    |  Settings  |  Default Values  |  Note  
RUN-1001 : -------------------------------------------------------
RUN-1001 :      effort      |   medium   |      medium      |        
RUN-1001 :     fix_hold     |    off     |       off        |        
RUN-1001 :    opt_timing    |   medium   |      medium      |        
RUN-1001 :   phy_sim_model  |    off     |       off        |        
RUN-1001 :     priority     |   timing   |      timing      |        
RUN-1001 :     swap_pin     |     on     |        on        |        
RUN-1001 : -------------------------------------------------------
PHY-1001 : Route runs in 24 thread(s)
RUN-1001 : There are total 3127 instances
RUN-1001 : 1539 mslices, 1540 lslices, 29 pads, 0 brams, 8 dsps
RUN-1001 : There are total 9837 nets
RUN-1001 : 5786 nets have 2 pins
RUN-1001 : 3754 nets have [3 - 5] pins
RUN-1001 : 86 nets have [6 - 10] pins
RUN-1001 : 102 nets have [11 - 20] pins
RUN-1001 : 87 nets have [21 - 99] pins
RUN-1001 : 22 nets have 100+ pins
RUN-1002 : start command "start_timer -report"
TMR-5001 WARNING: No sdc constraints found while initiating timer.
TMR-2505 : Start building timing graph for model audio_speak.
TMR-2506 : Build timing graph completely. Port num: 28, tpin num: 27608, tnet num: 5611, tinst num: 3125, tnode num: 31029, tedge num: 48788.
TMR-2508 : Levelizing timing graph completed, there are 559 levels in total.
TMR-2501 : Timing graph initialized successfully.
PHY-1001 : 1539 mslices, 1540 lslices, 29 pads, 0 brams, 8 dsps
TMR-2503 : Start to update net delay, extr mode = 3.
TMR-2504 : Update delay of 5611 nets completely.
TMR-2502 : Annotate delay completely, extr mode = 3.
TMR-3002 : No user constraint, initiate default constraint.
TMR-1501 : Assign derive clock DeriveClock to 1082 clock pins, and constraint 3414 relative nodes.
TMR-3003 : Constraints initiated successfully.
TMR-3501 : Forward propagation: start to calculate arrival time...
TMR-3502 : Backward propagation: start to calculate required time...
TMR-3503 : Timing propagation completes.
PHY-1001 : Start global routing, caller is route ...
RUN-1001 : Generating global routing grids ...
PHY-1001 : Generate routing nets ...
PHY-1001 : Global iterations in 24 thread ...
PHY-1002 : len = 303968, over cnt = 680(1%), over = 1539, worst = 9
PHY-1002 : len = 310840, over cnt = 422(1%), over = 783, worst = 8
PHY-1002 : len = 316040, over cnt = 163(0%), over = 307, worst = 8
PHY-1002 : len = 318880, over cnt = 1(0%), over = 1, worst = 1
PHY-1002 : len = 318928, over cnt = 0(0%), over = 0, worst = 0
PHY-1001 : End global iterations;  0.819804s wall, 0.687500s user + 0.390625s system = 1.078125s CPU (131.5%)

PHY-1001 : Congestion index: top1 = 34.57, top5 = 27.98, top10 = 25.23, top15 = 23.53.
PHY-1001 : End global routing;  0.939307s wall, 0.812500s user + 0.390625s system = 1.203125s CPU (128.1%)

PHY-1001 : Start detail routing ...
PHY-1001 : Current memory(MB): used = 394, reserve = 369, peak = 419.
PHY-1001 : Detailed router is running in normal mode.
PHY-1001 : Generate detailed routing grids ...
PHY-1001 : Processed IO instance aud_dacdat_syn_4 with INV attribute.
PHY-1001 : Processed IO instance aud_dacdat_1_syn_4 with INV attribute.
PHY-1001 : Generate nets ...
PHY-1001 : clock net aud_bclk_syn_4 will be merged with clock aud_bclk_dup_1
PHY-1001 : clock net aud_bclk_1_syn_4 will be merged with clock aud_bclk_1_dup_1
PHY-1001 : net aud_mclk_dup_1 will be routed on clock mesh
PHY-1001 : net aud_mclk_1_dup_1 will be routed on clock mesh
PHY-1001 : clock net ilaclk_dup_1 will be merged with clock u_pll_clk/clk0_buf
PHY-1001 : clock net ilaclk_1_dup_1 will be merged with clock u1_pll_clk/clk0_buf
PHY-1001 : net sys_clk_dup_1 will be routed on clock mesh
PHY-1001 : clock net u_es8388_ctrl/u_es8388_config/u_i2c_dri/dri_clk_syn_4 will be merged with clock u_es8388_ctrl/u_es8388_config/u_i2c_dri/dri_clk
PHY-1001 : clock net u1_es8388_ctrl/u_es8388_config/u_i2c_dri/dri_clk_syn_4 will be merged with clock u1_es8388_ctrl/u_es8388_config/u_i2c_dri/dri_clk
PHY-1001 : Current memory(MB): used = 662, reserve = 642, peak = 662.
PHY-1001 : End build detailed router design. 2.768307s wall, 2.671875s user + 0.062500s system = 2.734375s CPU (98.8%)

PHY-1001 : Detail Route ...
PHY-1001 : ===== Detail Route Phase 1 =====
PHY-1001 : Clock net routing.....
PHY-1001 : Routed 0% nets.
PHY-1022 : len = 67568, over cnt = 0(0%), over = 0, worst = 0, crit = 0
PHY-1001 : End initial clock net routed; 1.830048s wall, 1.781250s user + 0.031250s system = 1.812500s CPU (99.0%)

PHY-1001 : Current memory(MB): used = 695, reserve = 677, peak = 695.
PHY-1001 : End phase 1; 1.836407s wall, 1.781250s user + 0.031250s system = 1.812500s CPU (98.7%)

PHY-1001 : ===== Detail Route Phase 2 =====
PHY-1001 : Initial routing.....
PHY-1001 : Routed 19% nets.
PHY-1001 : Routed 23% nets.
PHY-1001 : Routed 28% nets.
PHY-1001 : Routed 36% nets.
PHY-1001 : Routed 50% nets.
PHY-1022 : len = 1.26756e+06, over cnt = 220(0%), over = 220, worst = 1, crit = 0
PHY-1001 : Current memory(MB): used = 699, reserve = 680, peak = 699.
PHY-1001 : End initial routed; 8.539992s wall, 8.468750s user + 3.203125s system = 11.671875s CPU (136.7%)

PHY-1001 : Current memory(MB): used = 699, reserve = 680, peak = 699.
PHY-1001 : End phase 2; 8.540086s wall, 8.468750s user + 3.203125s system = 11.671875s CPU (136.7%)

PHY-1001 : ===== Detail Route Phase 3 =====
PHY-1001 : Ripup-reroute.....
PHY-1001 : ===== DR Iter 1 =====
PHY-1022 : len = 1.26122e+06, over cnt = 40(0%), over = 40, worst = 1, crit = 0
PHY-1001 : End DR Iter 1; 0.236788s wall, 0.203125s user + 0.046875s system = 0.250000s CPU (105.6%)

PHY-1001 : ===== DR Iter 2 =====
PHY-1022 : len = 1.26111e+06, over cnt = 2(0%), over = 2, worst = 1, crit = 0
PHY-1001 : End DR Iter 2; 0.050306s wall, 0.062500s user + 0.015625s system = 0.078125s CPU (155.3%)

PHY-1001 : ===== DR Iter 3 =====
PHY-1022 : len = 1.26111e+06, over cnt = 0(0%), over = 0, worst = 0, crit = 0
PHY-1001 : End DR Iter 3; 0.039923s wall, 0.078125s user + 0.046875s system = 0.125000s CPU (313.1%)

PHY-1001 : Commit to database.....
PHY-1001 : 21 feed throughs used by 18 nets
PHY-1001 : End commit to database; 0.658286s wall, 0.671875s user + 0.000000s system = 0.671875s CPU (102.1%)

PHY-1001 : Current memory(MB): used = 738, reserve = 719, peak = 738.
PHY-1001 : End phase 3; 1.115807s wall, 1.140625s user + 0.109375s system = 1.250000s CPU (112.0%)

PHY-1003 : Routed, final wirelength = 1.26111e+06
PHY-1001 : Current memory(MB): used = 739, reserve = 721, peak = 739.
PHY-1001 : End export database. 0.017908s wall, 0.015625s user + 0.000000s system = 0.015625s CPU (87.3%)

PHY-1001 : End detail routing;  14.476177s wall, 14.265625s user + 3.421875s system = 17.687500s CPU (122.2%)

RUN-1003 : finish command "route" in  16.038474s wall, 15.640625s user + 3.828125s system = 19.468750s CPU (121.4%)

RUN-1004 : used memory is 626 MB, reserved memory is 609 MB, peak memory is 739 MB
RUN-1002 : start command "report_area -io_info -file ES8388_phy.area"
RUN-1001 : standard
***Report Model: audio_speak Device: EG4S20BG256***

IO Statistics
#IO                        29
  #input                   11
  #output                  16
  #inout                    2

Utilization Statistics
#lut                     5977   out of  19600   30.49%
#reg                      582   out of  19600    2.97%
#le                      6045
  #lut only              5463   out of   6045   90.37%
  #reg only                68   out of   6045    1.12%
  #lut&reg                514   out of   6045    8.50%
#dsp                        8   out of     29   27.59%
#bram                       0   out of     64    0.00%
  #bram9k                   0
  #fifo9k                   0
#bram32k                    0   out of     16    0.00%
#pad                       29   out of    188   15.43%
  #ireg                     4
  #oreg                     9
  #treg                     2
#pll                        2   out of      4   50.00%
#gclk                       6   out of     16   37.50%

Clock Resource Statistics
Index     ClockNet                                            Type               DriverType         Driver                                                            Fanout
#1        sys_clk_dup_1                                       GCLK               io                 sys_clk_syn_2.di                                                  562
#2        aud_bclk_dup_1                                      GCLK               io                 aud_bclk_syn_2.di                                                 49
#3        aud_bclk_1_dup_1                                    GCLK               io                 aud_bclk_1_syn_2.di                                               47
#4        u1_es8388_ctrl/u_es8388_config/u_i2c_dri/dri_clk    GCLK               lslice             u1_es8388_ctrl/u_es8388_config/u_i2c_dri/dri_clk_reg_syn_9.q1     39
#5        u_es8388_ctrl/u_es8388_config/u_i2c_dri/dri_clk     GCLK               lslice             u_es8388_ctrl/u_es8388_config/u_i2c_dri/clk_cnt_b[3]_syn_17.q0    38
#6        aud_mclk_1_dup_1                                    GCLK               pll                u1_pll_clk/pll_inst.clkc1                                         0
#7        aud_mclk_dup_1                                      GCLK               pll                u_pll_clk/pll_inst.clkc1                                          0
#8        u1_pll_clk/clk0_buf                                 GCLK               pll                u1_pll_clk/pll_inst.clkc0                                         0
#9        u_pll_clk/clk0_buf                                  GCLK               pll                u_pll_clk/pll_inst.clkc0                                          0


Detailed IO Report

      Name        Direction    Location    IOStandard    DriveStrength    PullType     PackReg   
   aud_adcdat       INPUT        R14        LVCMOS25          N/A          PULLUP       IREG     
  aud_adcdat_1      INPUT         F7        LVCMOS25          N/A          PULLUP       IREG     
    aud_bclk        INPUT         M6        LVCMOS25          N/A          PULLUP       NONE     
   aud_bclk_1       INPUT         C4        LVCMOS25          N/A          PULLUP       NONE     
    aud_lrc         INPUT         M7        LVCMOS25          N/A          PULLUP       IREG     
   aud_lrc_1        INPUT         D6        LVCMOS25          N/A          PULLUP       IREG     
    sys_clk         INPUT         R7        LVCMOS25          N/A          PULLUP       NONE     
   sys_rst_n        INPUT         E3        LVCMOS25          N/A          PULLUP       NONE     
  sys_rst_n_1       INPUT        H16        LVCMOS25          N/A           N/A         NONE     
   volume[1]        INPUT        B10        LVCMOS25          N/A          PULLUP       NONE     
   volume[0]        INPUT        A10        LVCMOS25          N/A          PULLUP       NONE     
    I2S_BCLK       OUTPUT        F15        LVCMOS25           8            NONE        NONE     
    I2S_DATA       OUTPUT        F13        LVCMOS25           8            NONE        NONE     
   I2S_LRCLK       OUTPUT        D16        LVCMOS25           8            NONE        NONE     
   aud_dacdat      OUTPUT         P6        LVCMOS25           8            NONE        OREG     
  aud_dacdat_1     OUTPUT         C5        LVCMOS25           8            NONE        OREG     
    aud_mclk       OUTPUT         N5        LVCMOS25           8            NONE        NONE     
   aud_mclk_1      OUTPUT         B3        LVCMOS25           8            NONE        NONE     
    aud_scl        OUTPUT        R12        LVCMOS25           8            NONE        OREG     
   aud_scl_1       OUTPUT         B2        LVCMOS25           8            NONE        OREG     
     ilaclk        OUTPUT         T5        LVCMOS25           8            NONE        NONE     
    ilaclk_1       OUTPUT         D3        LVCMOS25           8            NONE        NONE     
      led          OUTPUT        B14        LVCMOS25           8            NONE        NONE     
     led_1         OUTPUT        B15        LVCMOS25           8            NONE        NONE     
    led_mic0       OUTPUT        C15        LVCMOS25           8            NONE        OREG     
    led_mic1       OUTPUT        E13        LVCMOS25           8            NONE        OREG     
    led_mid        OUTPUT        C16        LVCMOS25           8            NONE        OREG     
    aud_sda         INOUT         R9        LVCMOS25           8           PULLUP     OREG;TREG  
   aud_sda_1        INOUT         B1        LVCMOS25           8           PULLUP     OREG;TREG  

Report Hierarchy Area:
+-----------------------------------------------------------------------------------------------+
|Instance            |Module               |le     |lut     |ripple  |seq     |bram    |dsp     |
+-----------------------------------------------------------------------------------------------+
|top                 |audio_speak          |6045   |5233    |744     |597     |0       |8       |
|  direction         |mic_localization_led |4531   |4270    |211     |276     |0       |8       |
|  u1_es8388_ctrl    |es8388_ctrl          |279    |241     |28      |141     |0       |0       |
|    u_audio_receive |audio_receive        |72     |57      |8       |50      |0       |0       |
|    u_audio_send    |audio_send           |26     |23      |0       |23      |0       |0       |
|    u_es8388_config |es8388_config        |181    |161     |20      |68      |0       |0       |
|      u_i2c_dri     |i2c_dri              |123    |113     |10      |41      |0       |0       |
|      u_i2c_reg_cfg |i2c_reg_cfg          |58     |48      |10      |27      |0       |0       |
|  u1_pll_clk        |clk_wiz_0            |1      |1       |0       |0       |0       |0       |
|  u_es8388_ctrl     |es8388_ctrl          |279    |243     |28      |140     |0       |0       |
|    u_audio_receive |audio_receive        |71     |55      |8       |47      |0       |0       |
|    u_audio_send    |audio_send           |30     |30      |0       |25      |0       |0       |
|    u_es8388_config |es8388_config        |178    |158     |20      |68      |0       |0       |
|      u_i2c_dri     |i2c_dri              |118    |108     |10      |41      |0       |0       |
|      u_i2c_reg_cfg |i2c_reg_cfg          |60     |50      |10      |27      |0       |0       |
|  u_pll_clk         |clk_wiz_0            |1      |1       |0       |0       |0       |0       |
+-----------------------------------------------------------------------------------------------+


DataNet Average Fanout:

   Index     Fanout     Nets  
    #1          1       5755  
    #2          2       3268  
    #3          3       291   
    #4          4       193   
    #5        5-10       95   
    #6        11-50     167   
    #7       51-100      9    
    #8       101-500     11   
    #9        >500       8    
  Average     2.87            

RUN-1002 : start command "export_db ES8388_pr.db"
RUN-1001 : Exported /
RUN-1001 : Exported flow parameters
RUN-1001 : Exported libs
RUN-1001 : Exported entities
RUN-1001 : Exported ports
RUN-1001 : Exported pins
RUN-1001 : Exported instances
RUN-1001 : Exported nets
RUN-1001 : Exported buses
RUN-1001 : Exported models
RUN-1001 : Exported congestions
RUN-1001 : Exported violations
RUN-1001 : Exported IO constraints
RUN-1001 : Exported Inst constraints
RUN-1002 : start command "export_bid ES8388_inst.bid"
RUN-1002 : start command "bitgen -bit ES8388.bit -unused_io_status pulldown"
BIT-1003 : Start to generate bitstream. 
BIT-1002 : Bitgen processed 159 unused pads, reserve input tri_state with pulldown
BIT-1002 : Init instances with 24 threads.
BIT-1002 : Init instances completely, inst num: 3284
BIT-1002 : Init pips with 24 threads.
BIT-1002 : Init pips completely, net num: 9837, pip num: 66075
BIT-1002 : Init feedthrough with 24 threads.
BIT-1002 : Init feedthrough completely, num: 21
BIT-1003 : Multithreading accelaration with 24 threads.
BIT-1003 : Generate bitstream completely, there are 3159 valid insts, and 177280 bits set as '1'.
BIT-1004 : PLL setting string = 0110
BIT-1004 : Generate bits file ES8388.bit.
RUN-1003 : finish command "bitgen -bit ES8388.bit -unused_io_status pulldown" in  5.617472s wall, 87.203125s user + 1.484375s system = 88.687500s CPU (1578.8%)

RUN-1004 : used memory is 635 MB, reserved memory is 631 MB, peak memory is 858 MB
RUN-1002 : start command "backup_run_log run.log ../.logs/phy_1/td_20251019_192212.log"
