============================================================
   Tang Dynasty, V5.6.71036
      Copyright (c) 2012-2023 Anlogic Inc.
   Executable = D:/TD/bin/td.exe
   Built at =   20:34:38 Mar 21 2023
   Run by =     lyw15
   Run Date =   Mon Oct 20 10:15:48 2025

   Run on =     -001
============================================================
RUN-1002 : start command "open_project ES8388.prj"
RUN-1001 : Print Global Property
RUN-1001 : ---------------------------------------------------------------
RUN-1001 :        Parameters        |  Settings  |  Default Values  |  Note  
RUN-1001 : ---------------------------------------------------------------
RUN-1001 :          message         |  standard  |     standard     |        
RUN-1001 :   mixed_pack_place_flow  |     on     |        on        |        
RUN-1001 :        qor_monitor       |    off     |       off        |        
RUN-1001 :        syn_ip_flow       |    off     |       off        |        
RUN-1001 :          thread          |    auto    |       auto       |        
RUN-1001 : ---------------------------------------------------------------
RUN-1001 : Print Design Property
RUN-1001 : --------------------------------------------------------------
RUN-1001 :        Parameters       |  Settings  |  Default Values  |  Note  
RUN-1001 : --------------------------------------------------------------
RUN-1001 :   default_reg_initial   |    auto    |       auto       |        
RUN-1001 :        infer_add        |     on     |        on        |        
RUN-1001 :        infer_fsm        |    off     |       off        |        
RUN-1001 :        infer_mult       |     on     |        on        |        
RUN-1001 :        infer_ram        |     on     |        on        |        
RUN-1001 :        infer_reg        |     on     |        on        |        
RUN-1001 :   infer_reg_init_value  |     on     |        on        |        
RUN-1001 :        infer_rom        |     on     |        on        |        
RUN-1001 :      infer_shifter      |     on     |        on        |        
RUN-1001 : --------------------------------------------------------------
RUN-1001 : Print Rtl Property
RUN-1001 : --------------------------------------------------------------
RUN-1001 :        Parameters       |  Settings  |  Default Values  |  Note  
RUN-1001 : --------------------------------------------------------------
RUN-1001 :       compress_add      |   ripple   |      ripple      |        
RUN-1001 :        elf_sload        |    off     |       off        |        
RUN-1001 :       fix_undriven      |     0      |        0         |        
RUN-1001 :         flatten         |    off     |       off        |        
RUN-1001 :       gate_sharing      |     on     |        on        |        
RUN-1001 :    hdl_warning_level    |   normal   |      normal      |        
RUN-1001 :   impl_internal_tribuf  |     on     |        on        |        
RUN-1001 :      impl_set_reset     |     on     |        on        |        
RUN-1001 :        infer_gsr        |    off     |       off        |        
RUN-1001 :      keep_hierarchy     |    auto    |       auto       |        
RUN-1001 :        max_fanout       |    9999    |       9999       |        
RUN-1001 :      max_oh2bin_len     |     10     |        10        |        
RUN-1001 :       merge_equal       |     on     |        on        |        
RUN-1001 :       merge_equiv       |     on     |        on        |        
RUN-1001 :        merge_mux        |    off     |       off        |        
RUN-1001 :     min_control_set     |     8      |        8         |        
RUN-1001 :      min_ripple_len     |    auto    |       auto       |        
RUN-1001 :       oh2bin_ratio      |    0.08    |       0.08       |        
RUN-1001 :     opt_adder_fanout    |     on     |        on        |        
RUN-1001 :        opt_arith        |     on     |        on        |        
RUN-1001 :       opt_big_gate      |    off     |       off        |        
RUN-1001 :        opt_const        |     on     |        on        |        
RUN-1001 :      opt_const_mult     |     on     |        on        |        
RUN-1001 :       opt_lessthan      |     on     |        on        |        
RUN-1001 :         opt_mux         |    off     |       off        |        
RUN-1001 :         opt_ram         |    high    |       high       |        
RUN-1001 :      rtl_sim_model      |    off     |       off        |        
RUN-1001 :         seq_syn         |     on     |        on        |        
RUN-1001 : --------------------------------------------------------------
HDL-1007 : analyze verilog file ../../al_ip/clk_wiz_0.v
HDL-1007 : undeclared symbol 'open', assumed default net type 'wire' in ../../al_ip/clk_wiz_0.v(80)
HDL-1007 : analyze verilog file ../../../RTL/audio_receive.v
HDL-1007 : analyze verilog file ../../../RTL/audio_send.v
HDL-1007 : analyze verilog file ../../../RTL/audio_speak.v
HDL-1007 : analyze verilog file ../../../RTL/es8388_config.v
HDL-1007 : analyze verilog file ../../../RTL/es8388_ctrl.v
HDL-1007 : analyze verilog file ../../../RTL/i2c_dri.v
HDL-1007 : analyze verilog file ../../../RTL/i2c_reg_cfg.v
HDL-1007 : analyze verilog file ../../al_ip/i2s_tx.v
RUN-1001 : Project manager successfully analyzed 9 source files.
RUN-1002 : start command "import_device eagle_s20.db -package EG4S20BG256"
ARC-1001 : Device Initialization.
ARC-1001 : ------------------------------------------------------------------
ARC-1001 :            OPTION            |          IO          |   SETTING   
ARC-1001 : ------------------------------------------------------------------
ARC-1001 :   cso_b/cclk/mosi/miso/dout  |  T3/R11/T10/P10/S11  |    gpio    
ARC-1001 :             done             |         P13          |    gpio    
ARC-1001 :           program_b          |          T2          |  dedicate  
ARC-1001 :        tdi/tms/tck/tdo       |   C12/A15/C14/E14    |  dedicate  
ARC-1001 : ------------------------------------------------------------------
ARC-1004 : Device setting, marked 5 dedicate IOs in total.
RUN-1002 : start command "import_db ../syn_1/ES8388_gate.db"
RUN-1001 : Importing database generated by Tang Dynasty, V5.6.71036.
RUN-1001 : Database version number 46146.
RUN-1001 : Import flow parameters
RUN-1001 : Import IO constraints
RUN-1001 : Import Inst constraints
RUN-1001 : Import design success TD_VERSION=5.6.71036 , DB_VERSION=46146
RUN-1002 : start command "place"
RUN-1001 : Open license file D:/TD/license/Anlogic.lic
RUN-1001 : Print Global Property
RUN-1001 : ---------------------------------------------------------------
RUN-1001 :        Parameters        |  Settings  |  Default Values  |  Note  
RUN-1001 : ---------------------------------------------------------------
RUN-1001 :          message         |  standard  |     standard     |        
RUN-1001 :   mixed_pack_place_flow  |     on     |        on        |        
RUN-1001 :        qor_monitor       |    off     |       off        |        
RUN-1001 :        syn_ip_flow       |    off     |       off        |        
RUN-1001 :          thread          |    auto    |       auto       |        
RUN-1001 : ---------------------------------------------------------------
RUN-1001 : Print Place Property
RUN-1001 : --------------------------------------------------------------
RUN-1001 :        Parameters       |  Settings  |  Default Values  |  Note  
RUN-1001 : --------------------------------------------------------------
RUN-1001 :      detailed_place     |     on     |        on        |        
RUN-1001 :          effort         |   medium   |      medium      |        
RUN-1001 :         fix_hold        |    off     |       off        |        
RUN-1001 :       legalization      |    ori     |       ori        |        
RUN-1001 :      new_spreading      |     on     |        on        |        
RUN-1001 :        opt_timing       |   medium   |      medium      |        
RUN-1001 :   post_clock_route_opt  |    off     |       off        |        
RUN-1001 :       pr_strategy       |     1      |        1         |        
RUN-1001 :        relaxation       |    1.00    |       1.00       |        
RUN-1001 :         retiming        |    off     |       off        |        
RUN-1001 : --------------------------------------------------------------
PHY-3001 : Placer runs in 24 thread(s).
RUN-1002 : start command "legalize_phy_inst"
SYN-1011 : Flatten model audio_speak
RUN-1002 : start command "phys_opt -simplify_lut"
SYN-4016 : Net ilaclk_1_dup_1 driven by BUFG (0 clock/control pins, 2 other pins).
SYN-4016 : Net ilaclk_dup_1 driven by BUFG (0 clock/control pins, 2 other pins).
SYN-4027 : Net aud_mclk_1_dup_1 is clkc1 of pll u1_pll_clk/pll_inst.
SYN-4019 : Net sys_clk_dup_1 is refclk of pll u1_pll_clk/pll_inst.
SYN-4020 : Net sys_clk_dup_1 is fbclk of pll u1_pll_clk/pll_inst.
SYN-4027 : Net aud_mclk_dup_1 is clkc1 of pll u_pll_clk/pll_inst.
SYN-4019 : Net sys_clk_dup_1 is refclk of pll u_pll_clk/pll_inst.
SYN-4020 : Net sys_clk_dup_1 is fbclk of pll u_pll_clk/pll_inst.
SYN-4024 : Net "aud_bclk_dup_1" drives clk pins.
SYN-4024 : Net "aud_bclk_1_dup_1" drives clk pins.
SYN-4024 : Net "I2S_BCLK_dup_3" drives clk pins.
SYN-4024 : Net "u1_es8388_ctrl/u_es8388_config/u_i2c_dri/dri_clk" drives clk pins.
SYN-4024 : Net "u_es8388_ctrl/u_es8388_config/u_i2c_dri/dri_clk" drives clk pins.
SYN-4025 : Tag rtl::Net I2S_BCLK_dup_3 as clock net
SYN-4025 : Tag rtl::Net aud_bclk_1_dup_1 as clock net
SYN-4025 : Tag rtl::Net aud_bclk_dup_1 as clock net
SYN-4025 : Tag rtl::Net aud_mclk_1_dup_1 as clock net
SYN-4025 : Tag rtl::Net aud_mclk_dup_1 as clock net
SYN-4025 : Tag rtl::Net ilaclk_1_dup_1 as clock net
SYN-4025 : Tag rtl::Net ilaclk_dup_1 as clock net
SYN-4025 : Tag rtl::Net sys_clk_dup_1 as clock net
SYN-4025 : Tag rtl::Net u1_es8388_ctrl/u_es8388_config/u_i2c_dri/dri_clk as clock net
SYN-4025 : Tag rtl::Net u_es8388_ctrl/u_es8388_config/u_i2c_dri/dri_clk as clock net
SYN-4026 : Tagged 10 rtl::Net as clock net
SYN-4015 : Create BUFG instance for clk Net aud_bclk_1_dup_1 to drive 80 clock pins.
SYN-4015 : Create BUFG instance for clk Net aud_bclk_dup_1 to drive 80 clock pins.
SYN-4015 : Create BUFG instance for clk Net I2S_BCLK_dup_3 to drive 62 clock pins.
SYN-4015 : Create BUFG instance for clk Net u1_es8388_ctrl/u_es8388_config/u_i2c_dri/dri_clk to drive 59 clock pins.
SYN-4015 : Create BUFG instance for clk Net u_es8388_ctrl/u_es8388_config/u_i2c_dri/dri_clk to drive 59 clock pins.
PHY-1001 : Populate physical database on model audio_speak.
RUN-1001 : There are total 964 instances
RUN-0007 : 457 luts, 394 seqs, 46 mslices, 26 lslices, 29 pads, 0 brams, 0 dsps
RUN-1001 : There are total 1075 nets
RUN-1001 : 704 nets have 2 pins
RUN-1001 : 257 nets have [3 - 5] pins
RUN-1001 : 47 nets have [6 - 10] pins
RUN-1001 : 41 nets have [11 - 20] pins
RUN-1001 : 23 nets have [21 - 99] pins
RUN-1001 : 3 nets have 100+ pins
RUN-1001 : Report Control nets information:
RUN-1001 : DFF Distribution
RUN-1001 : ----------------------------------
RUN-1001 :   CE   |  SSR  |  ASR  |  DFF Count  
RUN-1001 : ----------------------------------
RUN-1001 :   No   |  No   |  No   |      0      
RUN-1001 :   No   |  No   |  Yes  |     198     
RUN-1001 :   No   |  Yes  |  No   |      0      
RUN-1001 :   Yes  |  No   |  No   |      0      
RUN-1001 :   Yes  |  No   |  Yes  |     180     
RUN-1001 :   Yes  |  Yes  |  No   |     16      
RUN-1001 : ----------------------------------
RUN-0007 : Control Group Statistic
RUN-0007 : ---------------------------
RUN-0007 :   #CLK  |  #CE  |  #SSR/ASR  
RUN-0007 : ---------------------------
RUN-0007 :    6    |  13   |     5      
RUN-0007 : ---------------------------
RUN-0007 : Control Set = 20
PHY-3001 : Initial placement ...
PHY-3001 : design contains 962 instances, 457 luts, 394 seqs, 72 slices, 20 macros(72 instances: 46 mslices 26 lslices)
PHY-0007 : Cell area utilization is 3%
PHY-3001 : Global placement ...
PHY-3001 : Initial: Len = 245859
PHY-3001 : Clustering ...
PHY-3001 : Level 0 #clusters 962.
PHY-3001 : End clustering;  0.000046s wall, 0.000000s user + 0.000000s system = 0.000000s CPU (n/a%)

PHY-3001 : Run with size of 4
PHY-3001 : Cell area utilization is 3%
PHY-3001 : :::0::: Try harder cell spreading with beta_ = 0
PHY-3002 : Step(1): len = 142630, overlap = 0
PHY-3002 : Step(2): len = 95501.6, overlap = 0
PHY-3002 : Step(3): len = 66818.8, overlap = 0
PHY-3002 : Step(4): len = 51043.9, overlap = 0
PHY-3002 : Step(5): len = 44054.1, overlap = 0
PHY-3002 : Step(6): len = 41000.8, overlap = 0
PHY-3002 : Step(7): len = 34675.6, overlap = 0
PHY-3002 : Step(8): len = 30746.4, overlap = 0
PHY-3002 : Step(9): len = 29915.5, overlap = 0
PHY-3002 : Step(10): len = 29279.5, overlap = 0
PHY-3002 : Step(11): len = 26084.6, overlap = 0
PHY-3002 : Step(12): len = 24562.1, overlap = 0
PHY-3002 : Step(13): len = 24800.7, overlap = 0
PHY-3002 : Step(14): len = 23816.9, overlap = 0
PHY-3002 : Step(15): len = 23068.8, overlap = 0
PHY-3002 : Step(16): len = 20035.2, overlap = 0
PHY-3002 : Step(17): len = 19736.3, overlap = 0
PHY-3002 : Step(18): len = 18465.1, overlap = 0.3125
PHY-3002 : Step(19): len = 16314.6, overlap = 0.125
PHY-3002 : Step(20): len = 15606.9, overlap = 0.125
PHY-3002 : Step(21): len = 15782.6, overlap = 1.5
PHY-3002 : Step(22): len = 15516.5, overlap = 2.6875
PHY-3001 : Legalization ...
PHY-3001 : End legalization;  0.004164s wall, 0.000000s user + 0.000000s system = 0.000000s CPU (n/a%)

PHY-3001 : Run with size of 4
PHY-3001 : Cell area utilization is 4%
PHY-3001 : :::0::: Try harder cell spreading with beta_ = 0
PHY-3002 : Step(23): len = 14120.9, overlap = 15.0625
PHY-3002 : Step(24): len = 14171.6, overlap = 15.0312
PHY-3002 : Step(25): len = 14106.9, overlap = 14.9375
PHY-3002 : Step(26): len = 14198.6, overlap = 15.4688
PHY-3002 : Step(27): len = 14448.6, overlap = 15.8125
PHY-3002 : Step(28): len = 14675.4, overlap = 15.9375
PHY-3002 : Step(29): len = 14898.6, overlap = 16.4062
PHY-3002 : Step(30): len = 15226.9, overlap = 18.25
PHY-3002 : Step(31): len = 14725.5, overlap = 23.9375
PHY-3002 : Step(32): len = 14776, overlap = 24.25
PHY-3002 : Step(33): len = 15000.6, overlap = 23.5
PHY-3001 : :::1::: Try harder cell spreading with beta_ = 0.00145979
PHY-3002 : Step(34): len = 14482.7, overlap = 21.1562
PHY-3002 : Step(35): len = 14504.7, overlap = 20.0312
PHY-3002 : Step(36): len = 13991.1, overlap = 19.9062
PHY-3002 : Step(37): len = 14097.6, overlap = 19.9062
PHY-3002 : Step(38): len = 14097.6, overlap = 19.9062
PHY-3001 : :::2::: Try harder cell spreading with beta_ = 0.00291959
PHY-3002 : Step(39): len = 13780, overlap = 19.6875
PHY-3002 : Step(40): len = 13780, overlap = 19.6875
PHY-3001 : Run with size of 2
PHY-3001 : Cell area utilization is 4%
PHY-3001 : :::0::: Try harder cell spreading with beta_ = 7.76303e-06
PHY-3002 : Step(41): len = 14423.2, overlap = 40.2812
PHY-3002 : Step(42): len = 14423.2, overlap = 40.2812
PHY-3001 : :::1::: Try harder cell spreading with beta_ = 1.55261e-05
PHY-3002 : Step(43): len = 14329.3, overlap = 39.0625
PHY-3002 : Step(44): len = 14329.3, overlap = 39.0625
PHY-3002 : Step(45): len = 14549.6, overlap = 38.2812
PHY-3001 : :::2::: Try harder cell spreading with beta_ = 2.91019e-05
PHY-3002 : Step(46): len = 15143.2, overlap = 37.3438
PHY-3002 : Step(47): len = 15376.1, overlap = 37.1562
PHY-3002 : Step(48): len = 15815.9, overlap = 27.2812
PHY-3002 : Step(49): len = 15929.5, overlap = 24.875
PHY-3002 : Step(50): len = 15966.3, overlap = 23.6875
PHY-3001 : :::3::: Try harder cell spreading with beta_ = 5.82038e-05
PHY-3002 : Step(51): len = 15792, overlap = 23.9062
PHY-3002 : Step(52): len = 15792, overlap = 23.9062
PHY-3001 : :::4::: Try harder cell spreading with beta_ = 0.000116408
PHY-3002 : Step(53): len = 16112.5, overlap = 22.8125
PHY-3002 : Step(54): len = 16112.5, overlap = 22.8125
PHY-3001 : :::5::: Try harder cell spreading with beta_ = 0.000232815
PHY-3002 : Step(55): len = 16531.5, overlap = 21.0625
PHY-3002 : Step(56): len = 16755.5, overlap = 21.0938
PHY-3002 : Step(57): len = 16877.2, overlap = 21.0312
PHY-3001 : :::6::: Try harder cell spreading with beta_ = 0.000465631
PHY-3002 : Step(58): len = 16640.5, overlap = 21.5938
PHY-3002 : Step(59): len = 16640.5, overlap = 21.5938
PHY-3002 : Step(60): len = 16430.1, overlap = 22.4062
PHY-3001 : :::7::: Try harder cell spreading with beta_ = 0.000931261
PHY-3002 : Step(61): len = 16526.7, overlap = 22.2812
PHY-3002 : Step(62): len = 16526.7, overlap = 22.2812
PHY-3001 : :::8::: Try harder cell spreading with beta_ = 0.00186252
PHY-3002 : Step(63): len = 16570.3, overlap = 22.5625
PHY-3002 : Step(64): len = 16570.3, overlap = 22.5625
PHY-3001 : :::9::: Try harder cell spreading with beta_ = 0.00372505
PHY-3002 : Step(65): len = 16556, overlap = 22.4375
PHY-3002 : Step(66): len = 16556, overlap = 22.4375
PHY-3001 : :::10::: Try harder cell spreading with beta_ = 0.00745009
PHY-3002 : Step(67): len = 16600.3, overlap = 22.5938
PHY-3002 : Step(68): len = 16600.3, overlap = 22.5938
OPT-1001 : Start physical optimization ...
OPT-1001 : Total overflow 53.97 peak overflow 10.81
OPT-1001 : Start high-fanout net optimization ...
OPT-1001 : Update timing in global mode
PHY-1001 : Start incremental global routing, caller is place ...
RUN-1001 : Generating global routing grids ...
RUN-1001 : Building simple global routing graph ...
PHY-1001 : Generate routing nets ...
PHY-1001 : Reuse net number 0/1075.
PHY-1001 : Global iterations in 24 thread ...
PHY-1002 : len = 17616, over cnt = 75(0%), over = 329, worst = 16
PHY-1001 : End global iterations;  0.020913s wall, 0.031250s user + 0.046875s system = 0.078125s CPU (373.6%)

PHY-1001 : Congestion index: top1 = 27.95, top5 = 10.28, top10 = 5.81, top15 = 3.95.
PHY-1001 : End incremental global routing;  0.060970s wall, 0.031250s user + 0.078125s system = 0.109375s CPU (179.4%)

RUN-1002 : start command "start_timer -report"
TMR-5001 WARNING: No sdc constraints found while initiating timer.
TMR-2505 : Start building timing graph for model audio_speak.
TMR-2506 : Build timing graph completely. Port num: 26, tpin num: 4386, tnet num: 1073, tinst num: 962, tnode num: 5814, tedge num: 6890.
TMR-2508 : Levelizing timing graph completed, there are 17 levels in total.
TMR-2501 : Timing graph initialized successfully.
OPT-1001 : End timing update;  0.143211s wall, 0.109375s user + 0.000000s system = 0.109375s CPU (76.4%)

OPT-1001 : 0 high-fanout net processed.
OPT-1001 : End high-fanout net optimization;  0.215345s wall, 0.140625s user + 0.078125s system = 0.218750s CPU (101.6%)

OPT-1001 : Current memory(MB): used = 169, reserve = 137, peak = 169.
OPT-1001 : End physical optimization;  0.224698s wall, 0.156250s user + 0.078125s system = 0.234375s CPU (104.3%)

PHY-3001 : Start packing ...
SYN-4007 : Packing 0 MUX to BLE ...
SYN-4008 : Packed 0 MUX and 0 SEQ to BLE.
SYN-4007 : Packing 457 LUT to BLE ...
SYN-4008 : Packed 457 LUT and 228 SEQ to BLE.
SYN-4003 : Packing 166 remaining SEQ's ...
SYN-4005 : Packed 118 SEQ with LUT/SLICE
SYN-4006 : 131 single LUT's are left
SYN-4006 : 48 single SEQ's are left
SYN-4011 : Packing model "audio_speak" (AL_USER_NORMAL) with 505/618 primitive instances ...
PHY-3001 : End packing;  0.022067s wall, 0.015625s user + 0.000000s system = 0.015625s CPU (70.8%)

PHY-1001 : Populate physical database on model audio_speak.
RUN-1001 : There are total 389 instances
RUN-1001 : 174 mslices, 174 lslices, 29 pads, 0 brams, 0 dsps
RUN-1001 : There are total 853 nets
RUN-1001 : 471 nets have 2 pins
RUN-1001 : 262 nets have [3 - 5] pins
RUN-1001 : 55 nets have [6 - 10] pins
RUN-1001 : 44 nets have [11 - 20] pins
RUN-1001 : 20 nets have [21 - 99] pins
RUN-1001 : 1 nets have 100+ pins
PHY-3001 : design contains 387 instances, 348 slices, 20 macros(72 instances: 46 mslices 26 lslices)
PHY-3001 : Cell area utilization is 4%
PHY-3001 : After packing: Len = 16838, Over = 30
PHY-3001 : Run with size of 2
PHY-3001 : Cell area utilization is 4%
PHY-3001 : :::0::: Try harder cell spreading with beta_ = 4.90093e-05
PHY-3002 : Step(69): len = 16334.9, overlap = 32.5
PHY-3002 : Step(70): len = 16329.7, overlap = 31.5
PHY-3002 : Step(71): len = 16308.6, overlap = 32.75
PHY-3001 : :::1::: Try harder cell spreading with beta_ = 9.80186e-05
PHY-3002 : Step(72): len = 16545.7, overlap = 29.5
PHY-3002 : Step(73): len = 16674.6, overlap = 29.5
PHY-3002 : Step(74): len = 16962.3, overlap = 28.5
PHY-3001 : :::2::: Try harder cell spreading with beta_ = 0.000196037
PHY-3002 : Step(75): len = 17187.8, overlap = 27.25
PHY-3002 : Step(76): len = 17187.8, overlap = 27.25
PHY-3001 : Legalization ...
PHY-3001 : End legalization;  0.076291s wall, 0.125000s user + 0.078125s system = 0.203125s CPU (266.3%)

PHY-3001 : Trial Legalized: Len = 27368.9
PHY-3001 : Run with size of 2
PHY-3001 : Cell area utilization is 4%
PHY-3001 : :::0::: Try harder cell spreading with beta_ = 0.000891594
PHY-3002 : Step(77): len = 23095.7, overlap = 4.75
PHY-3002 : Step(78): len = 20292.1, overlap = 14
PHY-3002 : Step(79): len = 19621, overlap = 18.5
PHY-3002 : Step(80): len = 19016.5, overlap = 19.5
PHY-3002 : Step(81): len = 18721.4, overlap = 21.5
PHY-3002 : Step(82): len = 18682.1, overlap = 21
PHY-3002 : Step(83): len = 18465.3, overlap = 21.25
PHY-3002 : Step(84): len = 18352.5, overlap = 21.25
PHY-3001 : :::1::: Try harder cell spreading with beta_ = 0.00178319
PHY-3002 : Step(85): len = 18284.5, overlap = 21.75
PHY-3002 : Step(86): len = 18224, overlap = 22.25
PHY-3001 : :::2::: Try harder cell spreading with beta_ = 0.00356638
PHY-3002 : Step(87): len = 18261.5, overlap = 22.25
PHY-3002 : Step(88): len = 18261.5, overlap = 22.25
PHY-3001 : Legalization ...
PHY-3001 : End legalization;  0.004247s wall, 0.000000s user + 0.000000s system = 0.000000s CPU (n/a%)

PHY-3001 : Legalized: Len = 22595.4, Over = 0
PHY-3001 : Spreading special nets. 1 overflows in 2952 tiles.
PHY-3001 : End spreading;  0.002587s wall, 0.000000s user + 0.000000s system = 0.000000s CPU (n/a%)

PHY-3001 : 1 instances has been re-located, deltaX = 0, deltaY = 1, maxDist = 1.
PHY-3001 : Final: Len = 22583.4, Over = 0
OPT-1001 : Start physical optimization ...
OPT-1001 : Total overflow 0.00 peak overflow 0.00
OPT-1001 : Start high-fanout net optimization ...
OPT-1001 : Update timing in global mode
PHY-1001 : Start incremental global routing, caller is place ...
RUN-1001 : Generating global routing grids ...
PHY-1001 : Generate routing nets ...
PHY-1001 : Reuse net number 38/853.
PHY-1001 : Global iterations in 24 thread ...
PHY-1002 : len = 26568, over cnt = 89(0%), over = 125, worst = 3
PHY-1002 : len = 27248, over cnt = 16(0%), over = 18, worst = 3
PHY-1002 : len = 27416, over cnt = 6(0%), over = 6, worst = 1
PHY-1002 : len = 27480, over cnt = 2(0%), over = 2, worst = 1
PHY-1002 : len = 27512, over cnt = 0(0%), over = 0, worst = 0
PHY-1001 : End global iterations;  0.045469s wall, 0.031250s user + 0.000000s system = 0.031250s CPU (68.7%)

PHY-1001 : Congestion index: top1 = 23.38, top5 = 15.06, top10 = 8.90, top15 = 6.26.
PHY-1001 : End incremental global routing;  0.077955s wall, 0.046875s user + 0.031250s system = 0.078125s CPU (100.2%)

RUN-1002 : start command "start_timer -report"
TMR-5001 WARNING: No sdc constraints found while initiating timer.
TMR-2505 : Start building timing graph for model audio_speak.
TMR-2506 : Build timing graph completely. Port num: 26, tpin num: 3612, tnet num: 851, tinst num: 387, tnode num: 4620, tedge num: 5986.
TMR-2508 : Levelizing timing graph completed, there are 17 levels in total.
TMR-2501 : Timing graph initialized successfully.
OPT-1001 : End timing update;  0.120024s wall, 0.125000s user + 0.000000s system = 0.125000s CPU (104.1%)

OPT-1001 : 0 high-fanout net processed.
OPT-1001 : End high-fanout net optimization;  0.207606s wall, 0.171875s user + 0.031250s system = 0.203125s CPU (97.8%)

OPT-1001 : Current memory(MB): used = 173, reserve = 141, peak = 173.
OPT-1001 : Update timing in Manhattan mode
OPT-1001 : End timing update;  0.000617s wall, 0.000000s user + 0.000000s system = 0.000000s CPU (n/a%)

OPT-1001 : Start pin optimization...
OPT-1001 : skip pin optimization...
RUN-1001 : Generating global routing grids ...
PHY-1001 : Generate routing nets ...
PHY-1001 : Reuse net number 704/853.
PHY-1001 : Global iterations in 24 thread ...
PHY-1002 : len = 27512, over cnt = 0(0%), over = 0, worst = 0
PHY-1001 : End global iterations;  0.001706s wall, 0.000000s user + 0.000000s system = 0.000000s CPU (n/a%)

PHY-1001 : Congestion index: top1 = 23.38, top5 = 15.06, top10 = 8.90, top15 = 6.26.
OPT-1001 : Update timing in Manhattan mode
OPT-1001 : End timing update;  0.000918s wall, 0.000000s user + 0.000000s system = 0.000000s CPU (n/a%)

RUN-1001 : QoR Analysis:
OPT-0007 :   WNS 2147483647 TNS 0 NUM_FEPS 0
RUN-1001 :   No local congestion issue, and most congested 1% tile average routing util is 23.000000
RUN-1001 :   Top critical paths
OPT-1001 : End physical optimization;  0.254200s wall, 0.218750s user + 0.031250s system = 0.250000s CPU (98.3%)

RUN-1003 : finish command "place" in  2.768886s wall, 3.390625s user + 3.578125s system = 6.968750s CPU (251.7%)

RUN-1004 : used memory is 149 MB, reserved memory is 117 MB, peak memory is 174 MB
RUN-1002 : start command "export_db ES8388_place.db"
RUN-1001 : Exported /
RUN-1001 : Exported flow parameters
RUN-1001 : Exported libs
RUN-1001 : Exported entities
RUN-1001 : Exported ports
RUN-1001 : Exported pins
RUN-1001 : Exported instances
RUN-1001 : Exported nets
RUN-1001 : Exported buses
RUN-1001 : Exported models
RUN-1001 : Exported congestions
RUN-1001 : Exported violations
RUN-1001 : Exported IO constraints
RUN-1001 : Exported Inst constraints
RUN-1002 : start command "route"
RUN-1001 : Open license file D:/TD/license/Anlogic.lic
RUN-1001 : Print Global Property
RUN-1001 : ---------------------------------------------------------------
RUN-1001 :        Parameters        |  Settings  |  Default Values  |  Note  
RUN-1001 : ---------------------------------------------------------------
RUN-1001 :          message         |  standard  |     standard     |        
RUN-1001 :   mixed_pack_place_flow  |     on     |        on        |        
RUN-1001 :        qor_monitor       |    off     |       off        |        
RUN-1001 :        syn_ip_flow       |    off     |       off        |        
RUN-1001 :          thread          |    auto    |       auto       |        
RUN-1001 : ---------------------------------------------------------------
RUN-1001 : Print Route Property
RUN-1001 : -------------------------------------------------------
RUN-1001 :    Parameters    |  Settings  |  Default Values  |  Note  
RUN-1001 : -------------------------------------------------------
RUN-1001 :      effort      |   medium   |      medium      |        
RUN-1001 :     fix_hold     |    off     |       off        |        
RUN-1001 :    opt_timing    |   medium   |      medium      |        
RUN-1001 :   phy_sim_model  |    off     |       off        |        
RUN-1001 :     priority     |   timing   |      timing      |        
RUN-1001 :     swap_pin     |     on     |        on        |        
RUN-1001 : -------------------------------------------------------
PHY-1001 : Route runs in 24 thread(s)
RUN-1001 : There are total 389 instances
RUN-1001 : 174 mslices, 174 lslices, 29 pads, 0 brams, 0 dsps
RUN-1001 : There are total 853 nets
RUN-1001 : 471 nets have 2 pins
RUN-1001 : 262 nets have [3 - 5] pins
RUN-1001 : 55 nets have [6 - 10] pins
RUN-1001 : 44 nets have [11 - 20] pins
RUN-1001 : 20 nets have [21 - 99] pins
RUN-1001 : 1 nets have 100+ pins
RUN-1002 : start command "start_timer -report"
TMR-5001 WARNING: No sdc constraints found while initiating timer.
TMR-2505 : Start building timing graph for model audio_speak.
TMR-2506 : Build timing graph completely. Port num: 26, tpin num: 3612, tnet num: 851, tinst num: 387, tnode num: 4620, tedge num: 5986.
TMR-2508 : Levelizing timing graph completed, there are 17 levels in total.
TMR-2501 : Timing graph initialized successfully.
PHY-1001 : 174 mslices, 174 lslices, 29 pads, 0 brams, 0 dsps
TMR-2503 : Start to update net delay, extr mode = 3.
TMR-2504 : Update delay of 851 nets completely.
TMR-2502 : Annotate delay completely, extr mode = 3.
TMR-3002 : No user constraint, initiate default constraint.
TMR-1501 : Assign derive clock DeriveClock to 480 clock pins, and constraint 1001 relative nodes.
TMR-3003 : Constraints initiated successfully.
TMR-3501 : Forward propagation: start to calculate arrival time...
TMR-3502 : Backward propagation: start to calculate required time...
TMR-3503 : Timing propagation completes.
PHY-1001 : Start global routing, caller is route ...
RUN-1001 : Generating global routing grids ...
PHY-1001 : Generate routing nets ...
PHY-1001 : Global iterations in 24 thread ...
PHY-1002 : len = 26152, over cnt = 87(0%), over = 125, worst = 4
PHY-1002 : len = 26784, over cnt = 28(0%), over = 33, worst = 3
PHY-1002 : len = 27168, over cnt = 7(0%), over = 9, worst = 2
PHY-1002 : len = 27288, over cnt = 0(0%), over = 0, worst = 0
PHY-1001 : End global iterations;  0.052066s wall, 0.171875s user + 0.031250s system = 0.203125s CPU (390.1%)

PHY-1001 : Congestion index: top1 = 23.49, top5 = 15.12, top10 = 8.94, top15 = 6.22.
PHY-1001 : End global routing;  0.083302s wall, 0.187500s user + 0.031250s system = 0.218750s CPU (262.6%)

PHY-1001 : Start detail routing ...
PHY-1001 : Current memory(MB): used = 206, reserve = 174, peak = 229.
PHY-1001 : Detailed router is running in normal mode.
PHY-1001 : Generate detailed routing grids ...
PHY-1001 : Processed IO instance I2S_DATA_syn_4 with INV attribute.
PHY-1001 : Processed IO instance aud_dacdat_syn_4 with INV attribute.
PHY-1001 : Processed IO instance aud_dacdat_1_syn_4 with INV attribute.
PHY-1001 : Generate nets ...
PHY-1001 : clock net I2S_BCLK_syn_6 will be merged with clock I2S_BCLK_dup_3
PHY-1001 : clock net aud_bclk_syn_4 will be merged with clock aud_bclk_dup_1
PHY-1001 : clock net aud_bclk_1_syn_4 will be merged with clock aud_bclk_1_dup_1
PHY-1001 : net aud_mclk_dup_1 will be routed on clock mesh
PHY-1001 : net aud_mclk_1_dup_1 will be routed on clock mesh
PHY-1001 : clock net ilaclk_dup_1 will be merged with clock u_pll_clk/clk0_buf
PHY-1001 : clock net ilaclk_1_dup_1 will be merged with clock u1_pll_clk/clk0_buf
PHY-1001 : net sys_clk_dup_1 will be routed on clock mesh
PHY-1001 : clock net u_es8388_ctrl/u_es8388_config/u_i2c_dri/dri_clk_syn_4 will be merged with clock u_es8388_ctrl/u_es8388_config/u_i2c_dri/dri_clk
PHY-1001 : clock net u1_es8388_ctrl/u_es8388_config/u_i2c_dri/dri_clk_syn_4 will be merged with clock u1_es8388_ctrl/u_es8388_config/u_i2c_dri/dri_clk
PHY-1001 : Current memory(MB): used = 474, reserve = 447, peak = 474.
PHY-1001 : End build detailed router design. 2.577247s wall, 2.546875s user + 0.015625s system = 2.562500s CPU (99.4%)

PHY-1001 : Detail Route ...
PHY-1001 : ===== Detail Route Phase 1 =====
PHY-1001 : Clock net routing.....
PHY-1001 : Routed 1% nets.
PHY-1022 : len = 26128, over cnt = 0(0%), over = 0, worst = 0, crit = 0
PHY-1001 : End initial clock net routed; 1.984842s wall, 1.921875s user + 0.015625s system = 1.937500s CPU (97.6%)

PHY-1001 : Current memory(MB): used = 506, reserve = 481, peak = 506.
PHY-1001 : End phase 1; 1.990269s wall, 1.921875s user + 0.015625s system = 1.937500s CPU (97.3%)

PHY-1001 : ===== Detail Route Phase 2 =====
PHY-1001 : Initial routing.....
PHY-1001 : Routed 38% nets.
PHY-1001 : Routed 47% nets.
PHY-1001 : Routed 55% nets.
PHY-1001 : Routed 68% nets.
PHY-1001 : Routed 89% nets.
PHY-1022 : len = 141616, over cnt = 48(0%), over = 49, worst = 2, crit = 0
PHY-1001 : Current memory(MB): used = 506, reserve = 481, peak = 506.
PHY-1001 : End initial routed; 0.711286s wall, 0.828125s user + 0.421875s system = 1.250000s CPU (175.7%)

PHY-1001 : Current memory(MB): used = 506, reserve = 481, peak = 506.
PHY-1001 : End phase 2; 0.711375s wall, 0.828125s user + 0.421875s system = 1.250000s CPU (175.7%)

PHY-1001 : ===== Detail Route Phase 3 =====
PHY-1001 : Ripup-reroute.....
PHY-1001 : ===== DR Iter 1 =====
PHY-1022 : len = 141448, over cnt = 10(0%), over = 10, worst = 1, crit = 0
PHY-1001 : End DR Iter 1; 0.020102s wall, 0.015625s user + 0.000000s system = 0.015625s CPU (77.7%)

PHY-1001 : ===== DR Iter 2 =====
PHY-1022 : len = 141472, over cnt = 1(0%), over = 1, worst = 1, crit = 0
PHY-1001 : End DR Iter 2; 0.016488s wall, 0.015625s user + 0.015625s system = 0.031250s CPU (189.5%)

PHY-1001 : ===== DR Iter 3 =====
PHY-1022 : len = 141472, over cnt = 0(0%), over = 0, worst = 0, crit = 0
PHY-1001 : End DR Iter 3; 0.012356s wall, 0.015625s user + 0.000000s system = 0.015625s CPU (126.5%)

PHY-1001 : Commit to database.....
PHY-1001 : 12 feed throughs used by 11 nets
PHY-1001 : End commit to database; 0.080935s wall, 0.046875s user + 0.031250s system = 0.078125s CPU (96.5%)

PHY-1001 : Current memory(MB): used = 518, reserve = 492, peak = 518.
PHY-1001 : End phase 3; 0.224645s wall, 0.140625s user + 0.093750s system = 0.234375s CPU (104.3%)

PHY-1003 : Routed, final wirelength = 141472
PHY-1001 : Current memory(MB): used = 519, reserve = 492, peak = 519.
PHY-1001 : End export database. 0.007435s wall, 0.015625s user + 0.000000s system = 0.015625s CPU (210.2%)

PHY-1001 : End detail routing;  5.675673s wall, 5.609375s user + 0.546875s system = 6.156250s CPU (108.5%)

RUN-1003 : finish command "route" in  5.948176s wall, 5.968750s user + 0.593750s system = 6.562500s CPU (110.3%)

RUN-1004 : used memory is 447 MB, reserved memory is 419 MB, peak memory is 519 MB
RUN-1002 : start command "report_area -io_info -file ES8388_phy.area"
RUN-1001 : standard
***Report Model: audio_speak Device: EG4S20BG256***

IO Statistics
#IO                        29
  #input                   11
  #output                  16
  #inout                    2

Utilization Statistics
#lut                      625   out of  19600    3.19%
#reg                      394   out of  19600    2.01%
#le                       673
  #lut only               279   out of    673   41.46%
  #reg only                48   out of    673    7.13%
  #lut&reg                346   out of    673   51.41%
#dsp                        0   out of     29    0.00%
#bram                       0   out of     64    0.00%
  #bram9k                   0
  #fifo9k                   0
#bram32k                    0   out of     16    0.00%
#pad                       29   out of    188   15.43%
  #ireg                     4
  #oreg                     8
  #treg                     2
#pll                        2   out of      4   50.00%
#gclk                       7   out of     16   43.75%

Clock Resource Statistics
Index     ClockNet                                            Type               DriverType         Driver                                                           Fanout
#1        aud_bclk_1_dup_1                                    GCLK               io                 aud_bclk_1_syn_2.di                                              44
#2        aud_bclk_dup_1                                      GCLK               io                 aud_bclk_syn_2.di                                                44
#3        u1_es8388_ctrl/u_es8388_config/u_i2c_dri/dri_clk    GCLK               lslice             u1_es8388_ctrl/u_es8388_config/u_i2c_dri/dri_clk_reg_syn_9.q1    40
#4        sys_clk_dup_1                                       GCLK               io                 sys_clk_syn_2.di                                                 39
#5        I2S_BCLK_dup_3                                      GCLK               mslice             i2s_tx/I2S_LRCLK_n1_syn_5.q0                                     38
#6        u_es8388_ctrl/u_es8388_config/u_i2c_dri/dri_clk     GCLK               mslice             u_es8388_ctrl/u_es8388_config/u_i2c_dri/dri_clk_reg_syn_9.q0     37
#7        aud_mclk_1_dup_1                                    GCLK               pll                u1_pll_clk/pll_inst.clkc1                                        0
#8        aud_mclk_dup_1                                      GCLK               pll                u_pll_clk/pll_inst.clkc1                                         0
#9        u1_pll_clk/clk0_buf                                 GCLK               pll                u1_pll_clk/pll_inst.clkc0                                        0
#10       u_pll_clk/clk0_buf                                  GCLK               pll                u_pll_clk/pll_inst.clkc0                                         0


Detailed IO Report

      Name        Direction    Location    IOStandard    DriveStrength    PullType     PackReg   
   aud_adcdat       INPUT        R14        LVCMOS25          N/A          PULLUP       IREG     
  aud_adcdat_1      INPUT         F7        LVCMOS25          N/A          PULLUP       IREG     
    aud_bclk        INPUT         M6        LVCMOS25          N/A          PULLUP       NONE     
   aud_bclk_1       INPUT         C4        LVCMOS25          N/A          PULLUP       NONE     
    aud_lrc         INPUT         M7        LVCMOS25          N/A          PULLUP       IREG     
   aud_lrc_1        INPUT         D6        LVCMOS25          N/A          PULLUP       IREG     
    sys_clk         INPUT         R7        LVCMOS25          N/A          PULLUP       NONE     
   sys_rst_n        INPUT         E3        LVCMOS25          N/A          PULLUP       NONE     
  sys_rst_n_1       INPUT        H16        LVCMOS25          N/A           N/A         NONE     
   volume[1]        INPUT        B10        LVCMOS25          N/A          PULLUP       NONE     
   volume[0]        INPUT        A10        LVCMOS25          N/A          PULLUP       NONE     
    I2S_BCLK       OUTPUT        F15        LVCMOS25           8            NONE        NONE     
    I2S_DATA       OUTPUT        F13        LVCMOS25           8            NONE        OREG     
   I2S_LRCLK       OUTPUT        D16        LVCMOS25           8            NONE        OREG     
   aud_dacdat      OUTPUT         P6        LVCMOS25           8            NONE        OREG     
  aud_dacdat_1     OUTPUT         C5        LVCMOS25           8            NONE        OREG     
    aud_mclk       OUTPUT         N5        LVCMOS25           8            NONE        NONE     
   aud_mclk_1      OUTPUT         B3        LVCMOS25           8            NONE        NONE     
    aud_scl        OUTPUT        R12        LVCMOS25           8            NONE        OREG     
   aud_scl_1       OUTPUT         B2        LVCMOS25           8            NONE        OREG     
     ilaclk        OUTPUT         T5        LVCMOS25           8            NONE        NONE     
    ilaclk_1       OUTPUT         D3        LVCMOS25           8            NONE        NONE     
      led          OUTPUT        B14        LVCMOS25           8            NONE        NONE     
     led_1         OUTPUT        B15        LVCMOS25           8            NONE        NONE     
    leds[2]        OUTPUT        E13        LVCMOS25           8            NONE        NONE     
    leds[1]        OUTPUT        C16        LVCMOS25           8            NONE        NONE     
    leds[0]        OUTPUT        C15        LVCMOS25           8            NONE        NONE     
    aud_sda         INOUT         R9        LVCMOS25           8           PULLUP     OREG;TREG  
   aud_sda_1        INOUT         B1        LVCMOS25           8           PULLUP     OREG;TREG  

Report Hierarchy Area:
+-------------------------------------------------------------------------------------------+
|Instance            |Module           |le     |lut     |ripple  |seq     |bram    |dsp     |
+-------------------------------------------------------------------------------------------+
|top                 |audio_speak      |673    |553     |72      |408     |0       |0       |
|  i2s_tx            |i2s_tx_32bit_48k |114    |100     |14      |80      |0       |0       |
|  u1_es8388_ctrl    |es8388_ctrl      |254    |216     |25      |153     |0       |0       |
|    u_audio_receive |audio_receive    |72     |49      |12      |53      |0       |0       |
|    u_audio_send    |audio_send       |24     |24      |0       |24      |0       |0       |
|    u_es8388_config |es8388_config    |158    |143     |13      |76      |0       |0       |
|      u_i2c_dri     |i2c_dri          |97     |90      |5       |49      |0       |0       |
|      u_i2c_reg_cfg |i2c_reg_cfg      |61     |53      |8       |27      |0       |0       |
|  u1_pll_clk        |clk_wiz_0        |1      |1       |0       |0       |0       |0       |
|  u_es8388_ctrl     |es8388_ctrl      |279    |229     |27      |145     |0       |0       |
|    u_audio_receive |audio_receive    |80     |50      |12      |53      |0       |0       |
|    u_audio_send    |audio_send       |25     |23      |0       |24      |0       |0       |
|    u_es8388_config |es8388_config    |174    |156     |15      |68      |0       |0       |
|      u_i2c_dri     |i2c_dri          |119    |110     |7       |41      |0       |0       |
|      u_i2c_reg_cfg |i2c_reg_cfg      |55     |46      |8       |27      |0       |0       |
|  u_pll_clk         |clk_wiz_0        |1      |1       |0       |0       |0       |0       |
+-------------------------------------------------------------------------------------------+


DataNet Average Fanout:

   Index     Fanout    Nets  
    #1         1       440   
    #2         2       185   
    #3         3        58   
    #4         4        17   
    #5        5-10      58   
    #6       11-50      51   
    #7       51-100     3    
  Average     3.06           

RUN-1002 : start command "export_db ES8388_pr.db"
RUN-1001 : Exported /
RUN-1001 : Exported flow parameters
RUN-1001 : Exported libs
RUN-1001 : Exported entities
RUN-1001 : Exported ports
RUN-1001 : Exported pins
RUN-1001 : Exported instances
RUN-1001 : Exported nets
RUN-1001 : Exported buses
RUN-1001 : Exported models
RUN-1001 : Exported congestions
RUN-1001 : Exported violations
RUN-1001 : Exported IO constraints
RUN-1001 : Exported Inst constraints
RUN-1002 : start command "export_bid ES8388_inst.bid"
RUN-1002 : start command "bitgen -bit ES8388.bit -unused_io_status pulldown"
BIT-1003 : Start to generate bitstream. 
BIT-1002 : Bitgen processed 159 unused pads, reserve input tri_state with pulldown
BIT-1002 : Init instances with 24 threads.
BIT-1002 : Init instances completely, inst num: 546
BIT-1002 : Init pips with 24 threads.
BIT-1002 : Init pips completely, net num: 853, pip num: 8866
BIT-1002 : Init feedthrough with 24 threads.
BIT-1002 : Init feedthrough completely, num: 12
BIT-1003 : Multithreading accelaration with 24 threads.
BIT-1003 : Generate bitstream completely, there are 1602 valid insts, and 24725 bits set as '1'.
BIT-1004 : PLL setting string = 0110
BIT-1004 : Generate bits file ES8388.bit.
RUN-1003 : finish command "bitgen -bit ES8388.bit -unused_io_status pulldown" in  1.391206s wall, 17.625000s user + 1.265625s system = 18.890625s CPU (1357.9%)

RUN-1004 : used memory is 452 MB, reserved memory is 429 MB, peak memory is 683 MB
RUN-1002 : start command "backup_run_log run.log ../.logs/phy_1/td_20251020_101548.log"
