============================================================
   Tang Dynasty, V5.6.71036
      Copyright (c) 2012-2023 Anlogic Inc.
   Executable = E:/Software/Anlogic/TD5.6.2/bin/td.exe
   Built at =   20:34:38 Mar 21 2023
   Run by =     Lviva
   Run Date =   Sat Oct 25 17:34:17 2025

   Run on =     VIVACIOUS
============================================================
RUN-1002 : start command "open_project ES8388.prj"
RUN-1001 : Print Global Property
RUN-1001 : ---------------------------------------------------------------
RUN-1001 :        Parameters        |  Settings  |  Default Values  |  Note  
RUN-1001 : ---------------------------------------------------------------
RUN-1001 :          message         |  standard  |     standard     |        
RUN-1001 :   mixed_pack_place_flow  |     on     |        on        |        
RUN-1001 :        qor_monitor       |    off     |       off        |        
RUN-1001 :        syn_ip_flow       |    off     |       off        |        
RUN-1001 :          thread          |    auto    |       auto       |        
RUN-1001 : ---------------------------------------------------------------
RUN-1001 : Print Design Property
RUN-1001 : --------------------------------------------------------------
RUN-1001 :        Parameters       |  Settings  |  Default Values  |  Note  
RUN-1001 : --------------------------------------------------------------
RUN-1001 :   default_reg_initial   |    auto    |       auto       |        
RUN-1001 :        infer_add        |     on     |        on        |        
RUN-1001 :        infer_fsm        |    off     |       off        |        
RUN-1001 :        infer_mult       |     on     |        on        |        
RUN-1001 :        infer_ram        |     on     |        on        |        
RUN-1001 :        infer_reg        |     on     |        on        |        
RUN-1001 :   infer_reg_init_value  |     on     |        on        |        
RUN-1001 :        infer_rom        |     on     |        on        |        
RUN-1001 :      infer_shifter      |     on     |        on        |        
RUN-1001 : --------------------------------------------------------------
RUN-1001 : Print Rtl Property
RUN-1001 : --------------------------------------------------------------
RUN-1001 :        Parameters       |  Settings  |  Default Values  |  Note  
RUN-1001 : --------------------------------------------------------------
RUN-1001 :       compress_add      |   ripple   |      ripple      |        
RUN-1001 :        elf_sload        |    off     |       off        |        
RUN-1001 :       fix_undriven      |     0      |        0         |        
RUN-1001 :         flatten         |    off     |       off        |        
RUN-1001 :       gate_sharing      |     on     |        on        |        
RUN-1001 :    hdl_warning_level    |   normal   |      normal      |        
RUN-1001 :   impl_internal_tribuf  |     on     |        on        |        
RUN-1001 :      impl_set_reset     |     on     |        on        |        
RUN-1001 :        infer_gsr        |    off     |       off        |        
RUN-1001 :      keep_hierarchy     |    auto    |       auto       |        
RUN-1001 :        max_fanout       |    9999    |       9999       |        
RUN-1001 :      max_oh2bin_len     |     10     |        10        |        
RUN-1001 :       merge_equal       |     on     |        on        |        
RUN-1001 :       merge_equiv       |     on     |        on        |        
RUN-1001 :        merge_mux        |    off     |       off        |        
RUN-1001 :     min_control_set     |     8      |        8         |        
RUN-1001 :      min_ripple_len     |    auto    |       auto       |        
RUN-1001 :       oh2bin_ratio      |    0.08    |       0.08       |        
RUN-1001 :     opt_adder_fanout    |     on     |        on        |        
RUN-1001 :        opt_arith        |     on     |        on        |        
RUN-1001 :       opt_big_gate      |    off     |       off        |        
RUN-1001 :        opt_const        |     on     |        on        |        
RUN-1001 :      opt_const_mult     |     on     |        on        |        
RUN-1001 :       opt_lessthan      |     on     |        on        |        
RUN-1001 :         opt_mux         |    off     |       off        |        
RUN-1001 :         opt_ram         |    high    |       high       |        
RUN-1001 :      rtl_sim_model      |    off     |       off        |        
RUN-1001 :         seq_syn         |     on     |        on        |        
RUN-1001 : --------------------------------------------------------------
HDL-1007 : analyze verilog file ../../al_ip/clk_wiz_0.v
HDL-1007 : undeclared symbol 'open', assumed default net type 'wire' in ../../al_ip/clk_wiz_0.v(80)
HDL-1007 : analyze verilog file ../../../RTL/audio_receive.v
HDL-1007 : analyze verilog file ../../../RTL/audio_send.v
HDL-1007 : analyze verilog file ../../../RTL/audio_speak.v
HDL-1007 : analyze verilog file ../../../RTL/es8388_config.v
HDL-1007 : analyze verilog file ../../../RTL/es8388_ctrl.v
HDL-1007 : analyze verilog file ../../../RTL/i2c_dri.v
HDL-1007 : analyze verilog file ../../../RTL/i2c_reg_cfg.v
HDL-1007 : analyze verilog file ../../../RTL/spar_4mic_localization.v
RUN-1001 : Project manager successfully analyzed 9 source files.
RUN-1002 : start command "import_device eagle_s20.db -package EG4S20BG256"
ARC-1001 : Device Initialization.
ARC-1001 : ------------------------------------------------------------------
ARC-1001 :            OPTION            |          IO          |   SETTING   
ARC-1001 : ------------------------------------------------------------------
ARC-1001 :   cso_b/cclk/mosi/miso/dout  |  T3/R11/T10/P10/S11  |    gpio    
ARC-1001 :             done             |         P13          |    gpio    
ARC-1001 :           program_b          |          T2          |  dedicate  
ARC-1001 :        tdi/tms/tck/tdo       |   C12/A15/C14/E14    |  dedicate  
ARC-1001 : ------------------------------------------------------------------
ARC-1004 : Device setting, marked 5 dedicate IOs in total.
RUN-1002 : start command "import_db ../syn_1/ES8388_gate.db"
RUN-1001 : Importing database generated by Tang Dynasty, V5.6.71036.
RUN-1001 : Database version number 46146.
RUN-1001 : Import flow parameters
RUN-1001 : Import IO constraints
RUN-1001 : Import Inst constraints
RUN-1001 : Import design success TD_VERSION=5.6.71036 , DB_VERSION=46146
RUN-1002 : start command "place"
RUN-1001 : Open license file E:/Software/Anlogic/TD5.6.2/license/Anlogic.lic
RUN-1001 : Print Global Property
RUN-1001 : ---------------------------------------------------------------
RUN-1001 :        Parameters        |  Settings  |  Default Values  |  Note  
RUN-1001 : ---------------------------------------------------------------
RUN-1001 :          message         |  standard  |     standard     |        
RUN-1001 :   mixed_pack_place_flow  |     on     |        on        |        
RUN-1001 :        qor_monitor       |    off     |       off        |        
RUN-1001 :        syn_ip_flow       |    off     |       off        |        
RUN-1001 :          thread          |    auto    |       auto       |        
RUN-1001 : ---------------------------------------------------------------
RUN-1001 : Print Place Property
RUN-1001 : --------------------------------------------------------------
RUN-1001 :        Parameters       |  Settings  |  Default Values  |  Note  
RUN-1001 : --------------------------------------------------------------
RUN-1001 :      detailed_place     |     on     |        on        |        
RUN-1001 :          effort         |   medium   |      medium      |        
RUN-1001 :         fix_hold        |    off     |       off        |        
RUN-1001 :       legalization      |    ori     |       ori        |        
RUN-1001 :      new_spreading      |     on     |        on        |        
RUN-1001 :        opt_timing       |   medium   |      medium      |        
RUN-1001 :   post_clock_route_opt  |    off     |       off        |        
RUN-1001 :       pr_strategy       |     1      |        1         |        
RUN-1001 :        relaxation       |    1.00    |       1.00       |        
RUN-1001 :         retiming        |    off     |       off        |        
RUN-1001 : --------------------------------------------------------------
PHY-3001 : Placer runs in 16 thread(s).
RUN-1002 : start command "legalize_phy_inst"
SYN-1011 : Flatten model audio_speak
RUN-1002 : start command "phys_opt -simplify_lut"
SYN-4016 : Net ilaclk_1_dup_1 driven by BUFG (0 clock/control pins, 2 other pins).
SYN-4016 : Net ilaclk_2_dup_1 driven by BUFG (0 clock/control pins, 2 other pins).
SYN-4016 : Net ilaclk_3_dup_1 driven by BUFG (0 clock/control pins, 2 other pins).
SYN-4016 : Net ilaclk_dup_1 driven by BUFG (0 clock/control pins, 2 other pins).
SYN-4027 : Net aud_mclk_1_dup_1 is clkc1 of pll u1_pll_clk/pll_inst.
SYN-4019 : Net sys_clk_dup_1 is refclk of pll u1_pll_clk/pll_inst.
SYN-4020 : Net sys_clk_dup_1 is fbclk of pll u1_pll_clk/pll_inst.
SYN-4027 : Net aud_mclk_2_dup_1 is clkc1 of pll u2_pll_clk/pll_inst.
SYN-4019 : Net sys_clk_dup_1 is refclk of pll u2_pll_clk/pll_inst.
SYN-4020 : Net sys_clk_dup_1 is fbclk of pll u2_pll_clk/pll_inst.
SYN-4027 : Net aud_mclk_3_dup_1 is clkc1 of pll u3_pll_clk/pll_inst.
SYN-4019 : Net sys_clk_dup_1 is refclk of pll u3_pll_clk/pll_inst.
SYN-4020 : Net sys_clk_dup_1 is fbclk of pll u3_pll_clk/pll_inst.
SYN-4027 : Net aud_mclk_dup_1 is clkc1 of pll u_pll_clk/pll_inst.
SYN-4019 : Net sys_clk_dup_1 is refclk of pll u_pll_clk/pll_inst.
SYN-4020 : Net sys_clk_dup_1 is fbclk of pll u_pll_clk/pll_inst.
SYN-4024 : Net "aud_bclk_dup_1" drives clk pins.
SYN-4024 : Net "aud_bclk_1_dup_1" drives clk pins.
SYN-4024 : Net "aud_bclk_2_dup_1" drives clk pins.
SYN-4024 : Net "aud_bclk_3_dup_1" drives clk pins.
SYN-4024 : Net "u1_es8388_ctrl/u_es8388_config/u_i2c_dri/dri_clk" drives clk pins.
SYN-4024 : Net "u2_es8388_ctrl/u_es8388_config/u_i2c_dri/dri_clk" drives clk pins.
SYN-4024 : Net "u3_es8388_ctrl/u_es8388_config/u_i2c_dri/dri_clk" drives clk pins.
SYN-7503 WARNING: Net "u_es8388_ctrl/u_es8388_config/u_i2c_dri/dri_clk" drives clk pins. However it will not be tagged as clk net, for there's no more slots.
SYN-4025 : Tag rtl::Net aud_bclk_1_dup_1 as clock net
SYN-4025 : Tag rtl::Net aud_bclk_2_dup_1 as clock net
SYN-4025 : Tag rtl::Net aud_bclk_3_dup_1 as clock net
SYN-4025 : Tag rtl::Net aud_bclk_dup_1 as clock net
SYN-4025 : Tag rtl::Net aud_mclk_1_dup_1 as clock net
SYN-4025 : Tag rtl::Net aud_mclk_2_dup_1 as clock net
SYN-4025 : Tag rtl::Net aud_mclk_3_dup_1 as clock net
SYN-4025 : Tag rtl::Net aud_mclk_dup_1 as clock net
SYN-4025 : Tag rtl::Net ilaclk_1_dup_1 as clock net
SYN-4025 : Tag rtl::Net ilaclk_2_dup_1 as clock net
SYN-4025 : Tag rtl::Net ilaclk_3_dup_1 as clock net
SYN-4025 : Tag rtl::Net ilaclk_dup_1 as clock net
SYN-4025 : Tag rtl::Net sys_clk_dup_1 as clock net
SYN-4025 : Tag rtl::Net u1_es8388_ctrl/u_es8388_config/u_i2c_dri/dri_clk as clock net
SYN-4025 : Tag rtl::Net u2_es8388_ctrl/u_es8388_config/u_i2c_dri/dri_clk as clock net
SYN-4025 : Tag rtl::Net u3_es8388_ctrl/u_es8388_config/u_i2c_dri/dri_clk as clock net
SYN-4026 : Tagged 16 rtl::Net as clock net
SYN-4015 : Create BUFG instance for clk Net aud_bclk_1_dup_1 to drive 80 clock pins.
SYN-4015 : Create BUFG instance for clk Net aud_bclk_2_dup_1 to drive 80 clock pins.
SYN-4015 : Create BUFG instance for clk Net aud_bclk_3_dup_1 to drive 80 clock pins.
SYN-4015 : Create BUFG instance for clk Net aud_bclk_dup_1 to drive 80 clock pins.
SYN-4015 : Create BUFG instance for clk Net u1_es8388_ctrl/u_es8388_config/u_i2c_dri/dri_clk to drive 59 clock pins.
SYN-4015 : Create BUFG instance for clk Net u2_es8388_ctrl/u_es8388_config/u_i2c_dri/dri_clk to drive 56 clock pins.
SYN-4015 : Create BUFG instance for clk Net u3_es8388_ctrl/u_es8388_config/u_i2c_dri/dri_clk to drive 56 clock pins.
PHY-1001 : Populate physical database on model audio_speak.
RUN-1001 : There are total 2263 instances
RUN-0007 : 901 luts, 896 seqs, 255 mslices, 143 lslices, 50 pads, 0 brams, 0 dsps
RUN-1001 : There are total 2827 nets
RUN-1001 : 1790 nets have 2 pins
RUN-1001 : 823 nets have [3 - 5] pins
RUN-1001 : 89 nets have [6 - 10] pins
RUN-1001 : 75 nets have [11 - 20] pins
RUN-1001 : 42 nets have [21 - 99] pins
RUN-1001 : 8 nets have 100+ pins
RUN-1001 : Report Control nets information:
RUN-1001 : DFF Distribution
RUN-1001 : ----------------------------------
RUN-1001 :   CE   |  SSR  |  ASR  |  DFF Count  
RUN-1001 : ----------------------------------
RUN-1001 :   No   |  No   |  No   |      0      
RUN-1001 :   No   |  No   |  Yes  |     600     
RUN-1001 :   No   |  Yes  |  No   |      0      
RUN-1001 :   Yes  |  No   |  No   |      0      
RUN-1001 :   Yes  |  No   |  Yes  |     264     
RUN-1001 :   Yes  |  Yes  |  No   |     32      
RUN-1001 : ----------------------------------
RUN-0007 : Control Group Statistic
RUN-0007 : ---------------------------
RUN-0007 :   #CLK  |  #CE  |  #SSR/ASR  
RUN-0007 : ---------------------------
RUN-0007 :    9    |  18   |     9      
RUN-0007 : ---------------------------
RUN-0007 : Control Set = 30
PHY-3001 : Initial placement ...
PHY-3001 : design contains 2261 instances, 901 luts, 896 seqs, 398 slices, 60 macros(398 instances: 255 mslices 143 lslices)
PHY-0007 : Cell area utilization is 8%
PHY-3001 : Global placement ...
PHY-3001 : Initial: Len = 633354
PHY-3001 : Clustering ...
PHY-3001 : Level 0 #clusters 2261.
PHY-3001 : End clustering;  0.000043s wall, 0.000000s user + 0.000000s system = 0.000000s CPU (n/a%)

PHY-3001 : Run with size of 4
PHY-3001 : Cell area utilization is 8%
PHY-3001 : :::0::: Try harder cell spreading with beta_ = 0
PHY-3002 : Step(1): len = 357176, overlap = 0
PHY-3002 : Step(2): len = 263467, overlap = 0
PHY-3002 : Step(3): len = 176613, overlap = 0.9375
PHY-3002 : Step(4): len = 141969, overlap = 4.9375
PHY-3002 : Step(5): len = 115623, overlap = 4.25
PHY-3002 : Step(6): len = 98698.7, overlap = 4.5625
PHY-3002 : Step(7): len = 89215.9, overlap = 9.5625
PHY-3002 : Step(8): len = 80765.4, overlap = 16.8125
PHY-3002 : Step(9): len = 71660.2, overlap = 26.6562
PHY-3002 : Step(10): len = 69654.8, overlap = 24.8125
PHY-3002 : Step(11): len = 68405.7, overlap = 23
PHY-3001 : :::1::: Try harder cell spreading with beta_ = 0.000724163
PHY-3002 : Step(12): len = 72729.3, overlap = 16.4375
PHY-3002 : Step(13): len = 67764.9, overlap = 19.375
PHY-3002 : Step(14): len = 64256.4, overlap = 25.0625
PHY-3002 : Step(15): len = 63236.4, overlap = 9.46875
PHY-3002 : Step(16): len = 63941.2, overlap = 10.0312
PHY-3002 : Step(17): len = 61468.8, overlap = 9.625
PHY-3002 : Step(18): len = 61112.4, overlap = 8.4375
PHY-3002 : Step(19): len = 59778.8, overlap = 6
PHY-3002 : Step(20): len = 57910.9, overlap = 13.0625
PHY-3002 : Step(21): len = 58570.6, overlap = 10.3125
PHY-3002 : Step(22): len = 55253.4, overlap = 15.25
PHY-3002 : Step(23): len = 54608.2, overlap = 15.375
PHY-3002 : Step(24): len = 54671.8, overlap = 15.5625
PHY-3002 : Step(25): len = 53333.6, overlap = 10.9062
PHY-3002 : Step(26): len = 54704.8, overlap = 7.9375
PHY-3002 : Step(27): len = 50395, overlap = 15.2188
PHY-3002 : Step(28): len = 49968.9, overlap = 18.1562
PHY-3002 : Step(29): len = 48874.9, overlap = 18.5938
PHY-3002 : Step(30): len = 49120.6, overlap = 20.2188
PHY-3002 : Step(31): len = 48569.1, overlap = 20.5625
PHY-3002 : Step(32): len = 47886, overlap = 21.0625
PHY-3002 : Step(33): len = 47149.3, overlap = 17.2188
PHY-3001 : :::2::: Try harder cell spreading with beta_ = 0.00144833
PHY-3002 : Step(34): len = 46896.6, overlap = 17.1562
PHY-3002 : Step(35): len = 46896.6, overlap = 17.1562
PHY-3001 : :::3::: Try harder cell spreading with beta_ = 0.00289665
PHY-3002 : Step(36): len = 46930.3, overlap = 17.1562
PHY-3002 : Step(37): len = 46905.7, overlap = 17.0625
PHY-3001 : Legalization ...
PHY-3001 : End legalization;  0.002205s wall, 0.000000s user + 0.000000s system = 0.000000s CPU (n/a%)

PHY-3001 : Run with size of 4
PHY-3001 : Cell area utilization is 11%
PHY-3001 : :::0::: Try harder cell spreading with beta_ = 7.98203e-06
PHY-3002 : Step(38): len = 44544.2, overlap = 55.3125
PHY-3002 : Step(39): len = 44544.2, overlap = 55.3125
PHY-3002 : Step(40): len = 44180.8, overlap = 55.2812
PHY-3001 : :::1::: Try harder cell spreading with beta_ = 1.59641e-05
PHY-3002 : Step(41): len = 45146.6, overlap = 56.75
PHY-3002 : Step(42): len = 45520.8, overlap = 57.25
PHY-3002 : Step(43): len = 46132.9, overlap = 57.2188
PHY-3001 : :::2::: Try harder cell spreading with beta_ = 3.19281e-05
PHY-3002 : Step(44): len = 47310, overlap = 54.75
PHY-3002 : Step(45): len = 47310, overlap = 54.75
PHY-3002 : Step(46): len = 47178.8, overlap = 57.7188
PHY-3002 : Step(47): len = 47178.8, overlap = 57.7188
PHY-3002 : Step(48): len = 46809.3, overlap = 57.5
PHY-3001 : :::3::: Try harder cell spreading with beta_ = 6.38563e-05
PHY-3002 : Step(49): len = 48339.5, overlap = 41.5625
PHY-3002 : Step(50): len = 48554.6, overlap = 38.3125
PHY-3002 : Step(51): len = 48863.3, overlap = 33.125
PHY-3001 : Run with size of 2
PHY-3001 : Cell area utilization is 11%
PHY-3001 : :::0::: Try harder cell spreading with beta_ = 1.49083e-05
PHY-3002 : Step(52): len = 47555.6, overlap = 110.031
PHY-3002 : Step(53): len = 47549.4, overlap = 109.188
PHY-3002 : Step(54): len = 47482.8, overlap = 109.188
PHY-3001 : :::1::: Try harder cell spreading with beta_ = 2.98165e-05
PHY-3002 : Step(55): len = 49549.3, overlap = 95.25
PHY-3002 : Step(56): len = 50020.6, overlap = 92.3438
PHY-3002 : Step(57): len = 50524.8, overlap = 86.5625
PHY-3002 : Step(58): len = 50757.2, overlap = 87.1875
PHY-3002 : Step(59): len = 51164, overlap = 85.5625
PHY-3002 : Step(60): len = 51680, overlap = 80.125
PHY-3002 : Step(61): len = 52211.9, overlap = 74.0625
PHY-3001 : :::2::: Try harder cell spreading with beta_ = 5.9633e-05
PHY-3002 : Step(62): len = 52688, overlap = 73.2188
PHY-3002 : Step(63): len = 53008, overlap = 72.25
PHY-3002 : Step(64): len = 52906.6, overlap = 72.2188
PHY-3001 : :::3::: Try harder cell spreading with beta_ = 0.000119266
PHY-3002 : Step(65): len = 53736.9, overlap = 64.4062
PHY-3002 : Step(66): len = 54072, overlap = 67
PHY-3002 : Step(67): len = 55012.6, overlap = 64
PHY-3001 : :::4::: Try harder cell spreading with beta_ = 0.000238532
PHY-3002 : Step(68): len = 56079.8, overlap = 60.3125
PHY-3002 : Step(69): len = 56583.1, overlap = 57.9062
PHY-3002 : Step(70): len = 56555.5, overlap = 55.0312
PHY-3002 : Step(71): len = 56452.5, overlap = 53.7812
OPT-1001 : Start physical optimization ...
OPT-1001 : Total overflow 132.31 peak overflow 4.00
OPT-1001 : Start high-fanout net optimization ...
OPT-1001 : Update timing in global mode
PHY-1001 : Start incremental global routing, caller is place ...
RUN-1001 : Generating global routing grids ...
RUN-1001 : Building simple global routing graph ...
PHY-1001 : Generate routing nets ...
PHY-1001 : Reuse net number 0/2827.
PHY-1001 : Global iterations in 16 thread ...
PHY-1002 : len = 66008, over cnt = 288(0%), over = 1444, worst = 23
PHY-1001 : End global iterations;  0.072231s wall, 0.062500s user + 0.015625s system = 0.078125s CPU (108.2%)

PHY-1001 : Congestion index: top1 = 44.03, top5 = 28.64, top10 = 19.25, top15 = 13.82.
PHY-1001 : End incremental global routing;  0.123227s wall, 0.109375s user + 0.015625s system = 0.125000s CPU (101.4%)

RUN-1002 : start command "start_timer -report"
TMR-5001 WARNING: No sdc constraints found while initiating timer.
TMR-2505 : Start building timing graph for model audio_speak.
TMR-2506 : Build timing graph completely. Port num: 49, tpin num: 11046, tnet num: 2825, tinst num: 2261, tnode num: 14194, tedge num: 18616.
TMR-2508 : Levelizing timing graph completed, there are 37 levels in total.
TMR-2501 : Timing graph initialized successfully.
OPT-1001 : End timing update;  0.244126s wall, 0.234375s user + 0.000000s system = 0.234375s CPU (96.0%)

OPT-1001 : 0 high-fanout net processed.
OPT-1001 : End high-fanout net optimization;  0.399974s wall, 0.375000s user + 0.015625s system = 0.390625s CPU (97.7%)

OPT-1001 : Current memory(MB): used = 195, reserve = 163, peak = 195.
OPT-1001 : End physical optimization;  0.422768s wall, 0.406250s user + 0.015625s system = 0.421875s CPU (99.8%)

PHY-3001 : Start packing ...
SYN-4007 : Packing 0 MUX to BLE ...
SYN-4008 : Packed 0 MUX and 0 SEQ to BLE.
SYN-4007 : Packing 901 LUT to BLE ...
SYN-4008 : Packed 901 LUT and 424 SEQ to BLE.
SYN-4003 : Packing 472 remaining SEQ's ...
SYN-4005 : Packed 187 SEQ with LUT/SLICE
SYN-4006 : 358 single LUT's are left
SYN-4006 : 285 single SEQ's are left
SYN-4011 : Packing model "audio_speak" (AL_USER_NORMAL) with 1186/1652 primitive instances ...
PHY-3001 : End packing;  0.056879s wall, 0.031250s user + 0.015625s system = 0.046875s CPU (82.4%)

PHY-1001 : Populate physical database on model audio_speak.
RUN-1001 : There are total 1087 instances
RUN-1001 : 509 mslices, 510 lslices, 50 pads, 0 brams, 0 dsps
RUN-1001 : There are total 2419 nets
RUN-1001 : 1398 nets have 2 pins
RUN-1001 : 810 nets have [3 - 5] pins
RUN-1001 : 90 nets have [6 - 10] pins
RUN-1001 : 81 nets have [11 - 20] pins
RUN-1001 : 36 nets have [21 - 99] pins
RUN-1001 : 4 nets have 100+ pins
PHY-3001 : design contains 1085 instances, 1019 slices, 60 macros(398 instances: 255 mslices 143 lslices)
PHY-3001 : Cell area utilization is 13%
PHY-3001 : After packing: Len = 56431.6, Over = 77.5
PHY-3001 : Run with size of 2
PHY-3001 : Cell area utilization is 13%
PHY-3001 : :::0::: Try harder cell spreading with beta_ = 1.76201e-05
PHY-3002 : Step(72): len = 53918.3, overlap = 83.75
PHY-3002 : Step(73): len = 53916.1, overlap = 84
PHY-3002 : Step(74): len = 50567.3, overlap = 88.75
PHY-3002 : Step(75): len = 50029.3, overlap = 87.25
PHY-3002 : Step(76): len = 49762.5, overlap = 94.5
PHY-3002 : Step(77): len = 49815.1, overlap = 95
PHY-3002 : Step(78): len = 49718.4, overlap = 96.25
PHY-3002 : Step(79): len = 49803.5, overlap = 97.5
PHY-3002 : Step(80): len = 49634.5, overlap = 103.25
PHY-3001 : :::1::: Try harder cell spreading with beta_ = 3.52403e-05
PHY-3002 : Step(81): len = 50670, overlap = 99.75
PHY-3002 : Step(82): len = 51030.6, overlap = 98.25
PHY-3002 : Step(83): len = 51791.2, overlap = 91.75
PHY-3001 : :::2::: Try harder cell spreading with beta_ = 7.04805e-05
PHY-3002 : Step(84): len = 54057.6, overlap = 86
PHY-3002 : Step(85): len = 54302.1, overlap = 86.25
PHY-3002 : Step(86): len = 55065.9, overlap = 84
PHY-3002 : Step(87): len = 55430.3, overlap = 83.25
PHY-3002 : Step(88): len = 55708.5, overlap = 83.5
PHY-3001 : Legalization ...
PHY-3001 : End legalization;  0.150933s wall, 0.234375s user + 0.281250s system = 0.515625s CPU (341.6%)

PHY-3001 : Trial Legalized: Len = 79023.4
PHY-3001 : Run with size of 2
PHY-3001 : Cell area utilization is 13%
PHY-3001 : :::0::: Try harder cell spreading with beta_ = 0.000799519
PHY-3002 : Step(89): len = 70670.4, overlap = 14.75
PHY-3002 : Step(90): len = 68304.3, overlap = 22.5
PHY-3002 : Step(91): len = 65107, overlap = 27.75
PHY-3002 : Step(92): len = 64095.2, overlap = 33.75
PHY-3002 : Step(93): len = 62829.4, overlap = 36
PHY-3002 : Step(94): len = 62344.8, overlap = 37.5
PHY-3002 : Step(95): len = 61771.5, overlap = 36.75
PHY-3001 : :::1::: Try harder cell spreading with beta_ = 0.00141205
PHY-3002 : Step(96): len = 62148.2, overlap = 37.75
PHY-3002 : Step(97): len = 62204.7, overlap = 37.75
PHY-3002 : Step(98): len = 62027.7, overlap = 38
PHY-3001 : :::2::: Try harder cell spreading with beta_ = 0.00282409
PHY-3002 : Step(99): len = 62161.8, overlap = 38
PHY-3002 : Step(100): len = 62208.9, overlap = 37.75
PHY-3001 : Legalization ...
PHY-3001 : End legalization;  0.003834s wall, 0.000000s user + 0.000000s system = 0.000000s CPU (n/a%)

PHY-3001 : Legalized: Len = 70330.4, Over = 0
PHY-3001 : Spreading special nets. 6 overflows in 2952 tiles.
PHY-3001 : End spreading;  0.006446s wall, 0.000000s user + 0.000000s system = 0.000000s CPU (n/a%)

PHY-3001 : 7 instances has been re-located, deltaX = 3, deltaY = 6, maxDist = 2.
PHY-3001 : Final: Len = 70570.4, Over = 0
OPT-1001 : Start physical optimization ...
OPT-1001 : Total overflow 0.00 peak overflow 0.00
OPT-1001 : Start high-fanout net optimization ...
OPT-1001 : Update timing in global mode
PHY-1001 : Start incremental global routing, caller is place ...
RUN-1001 : Generating global routing grids ...
PHY-1001 : Generate routing nets ...
PHY-1001 : Reuse net number 51/2419.
PHY-1001 : Global iterations in 16 thread ...
PHY-1002 : len = 85048, over cnt = 266(0%), over = 482, worst = 6
PHY-1002 : len = 87392, over cnt = 123(0%), over = 167, worst = 6
PHY-1002 : len = 89016, over cnt = 26(0%), over = 37, worst = 6
PHY-1002 : len = 89512, over cnt = 1(0%), over = 1, worst = 1
PHY-1002 : len = 89528, over cnt = 0(0%), over = 0, worst = 0
PHY-1001 : End global iterations;  0.167149s wall, 0.140625s user + 0.046875s system = 0.187500s CPU (112.2%)

PHY-1001 : Congestion index: top1 = 33.92, top5 = 25.86, top10 = 20.85, top15 = 17.20.
PHY-1001 : End incremental global routing;  0.228423s wall, 0.171875s user + 0.062500s system = 0.234375s CPU (102.6%)

RUN-1002 : start command "start_timer -report"
TMR-5001 WARNING: No sdc constraints found while initiating timer.
TMR-2505 : Start building timing graph for model audio_speak.
TMR-2506 : Build timing graph completely. Port num: 49, tpin num: 9310, tnet num: 2417, tinst num: 1085, tnode num: 11554, tedge num: 16416.
TMR-2508 : Levelizing timing graph completed, there are 37 levels in total.
TMR-2501 : Timing graph initialized successfully.
OPT-1001 : End timing update;  0.239442s wall, 0.250000s user + 0.000000s system = 0.250000s CPU (104.4%)

OPT-1001 : 0 high-fanout net processed.
OPT-1001 : End high-fanout net optimization;  0.499651s wall, 0.437500s user + 0.062500s system = 0.500000s CPU (100.1%)

OPT-1001 : Current memory(MB): used = 201, reserve = 169, peak = 201.
OPT-1001 : Update timing in Manhattan mode
OPT-1001 : End timing update;  0.003042s wall, 0.000000s user + 0.000000s system = 0.000000s CPU (n/a%)

OPT-1001 : Start pin optimization...
OPT-1001 : skip pin optimization...
RUN-1001 : Generating global routing grids ...
PHY-1001 : Generate routing nets ...
PHY-1001 : Reuse net number 1970/2419.
PHY-1001 : Global iterations in 16 thread ...
PHY-1002 : len = 89528, over cnt = 0(0%), over = 0, worst = 0
PHY-1001 : End global iterations;  0.005997s wall, 0.000000s user + 0.000000s system = 0.000000s CPU (n/a%)

PHY-1001 : Congestion index: top1 = 33.92, top5 = 25.86, top10 = 20.85, top15 = 17.20.
OPT-1001 : Update timing in Manhattan mode
OPT-1001 : End timing update;  0.003177s wall, 0.000000s user + 0.000000s system = 0.000000s CPU (n/a%)

RUN-1001 : QoR Analysis:
OPT-0007 :   WNS 2147483647 TNS 0 NUM_FEPS 0
RUN-1001 :   No local congestion issue, and most congested 1% tile average routing util is 33.482759
RUN-1001 :   Top critical paths
OPT-1001 : End physical optimization;  0.584684s wall, 0.593750s user + 0.109375s system = 0.703125s CPU (120.3%)

RUN-1003 : finish command "place" in  4.232182s wall, 5.546875s user + 5.062500s system = 10.609375s CPU (250.7%)

RUN-1004 : used memory is 174 MB, reserved memory is 142 MB, peak memory is 203 MB
RUN-1002 : start command "export_db ES8388_place.db"
RUN-1001 : Exported /
RUN-1001 : Exported flow parameters
RUN-1001 : Exported libs
RUN-1001 : Exported entities
RUN-1001 : Exported ports
RUN-1001 : Exported pins
RUN-1001 : Exported instances
RUN-1001 : Exported nets
RUN-1001 : Exported buses
RUN-1001 : Exported models
RUN-1001 : Exported congestions
RUN-1001 : Exported violations
RUN-1001 : Exported IO constraints
RUN-1001 : Exported Inst constraints
RUN-1002 : start command "route"
RUN-1001 : Open license file E:/Software/Anlogic/TD5.6.2/license/Anlogic.lic
RUN-1001 : Print Global Property
RUN-1001 : ---------------------------------------------------------------
RUN-1001 :        Parameters        |  Settings  |  Default Values  |  Note  
RUN-1001 : ---------------------------------------------------------------
RUN-1001 :          message         |  standard  |     standard     |        
RUN-1001 :   mixed_pack_place_flow  |     on     |        on        |        
RUN-1001 :        qor_monitor       |    off     |       off        |        
RUN-1001 :        syn_ip_flow       |    off     |       off        |        
RUN-1001 :          thread          |    auto    |       auto       |        
RUN-1001 : ---------------------------------------------------------------
RUN-1001 : Print Route Property
RUN-1001 : -------------------------------------------------------
RUN-1001 :    Parameters    |  Settings  |  Default Values  |  Note  
RUN-1001 : -------------------------------------------------------
RUN-1001 :      effort      |   medium   |      medium      |        
RUN-1001 :     fix_hold     |    off     |       off        |        
RUN-1001 :    opt_timing    |   medium   |      medium      |        
RUN-1001 :   phy_sim_model  |    off     |       off        |        
RUN-1001 :     priority     |   timing   |      timing      |        
RUN-1001 :     swap_pin     |     on     |        on        |        
RUN-1001 : -------------------------------------------------------
PHY-1001 : Route runs in 16 thread(s)
RUN-1001 : There are total 1087 instances
RUN-1001 : 509 mslices, 510 lslices, 50 pads, 0 brams, 0 dsps
RUN-1001 : There are total 2419 nets
RUN-1001 : 1398 nets have 2 pins
RUN-1001 : 810 nets have [3 - 5] pins
RUN-1001 : 90 nets have [6 - 10] pins
RUN-1001 : 81 nets have [11 - 20] pins
RUN-1001 : 36 nets have [21 - 99] pins
RUN-1001 : 4 nets have 100+ pins
RUN-1002 : start command "start_timer -report"
TMR-5001 WARNING: No sdc constraints found while initiating timer.
TMR-2505 : Start building timing graph for model audio_speak.
TMR-2506 : Build timing graph completely. Port num: 49, tpin num: 9310, tnet num: 2417, tinst num: 1085, tnode num: 11554, tedge num: 16416.
TMR-2508 : Levelizing timing graph completed, there are 37 levels in total.
TMR-2501 : Timing graph initialized successfully.
PHY-1001 : 509 mslices, 510 lslices, 50 pads, 0 brams, 0 dsps
TMR-2503 : Start to update net delay, extr mode = 3.
TMR-2504 : Update delay of 2417 nets completely.
TMR-2502 : Annotate delay completely, extr mode = 3.
TMR-3002 : No user constraint, initiate default constraint.
TMR-1501 : Assign derive clock DeriveClock to 1102 clock pins, and constraint 2233 relative nodes.
TMR-3003 : Constraints initiated successfully.
TMR-3501 : Forward propagation: start to calculate arrival time...
TMR-3502 : Backward propagation: start to calculate required time...
TMR-3503 : Timing propagation completes.
PHY-1001 : Start global routing, caller is route ...
RUN-1001 : Generating global routing grids ...
PHY-1001 : Generate routing nets ...
PHY-1001 : Global iterations in 16 thread ...
PHY-1002 : len = 84472, over cnt = 270(0%), over = 487, worst = 6
PHY-1002 : len = 86920, over cnt = 116(0%), over = 152, worst = 6
PHY-1002 : len = 88512, over cnt = 26(0%), over = 33, worst = 4
PHY-1002 : len = 89008, over cnt = 0(0%), over = 0, worst = 0
PHY-1001 : End global iterations;  0.173697s wall, 0.109375s user + 0.125000s system = 0.234375s CPU (134.9%)

PHY-1001 : Congestion index: top1 = 34.07, top5 = 25.97, top10 = 20.81, top15 = 17.09.
PHY-1001 : End global routing;  0.235799s wall, 0.156250s user + 0.140625s system = 0.296875s CPU (125.9%)

PHY-1001 : Start detail routing ...
PHY-1001 : Current memory(MB): used = 234, reserve = 203, peak = 249.
PHY-1001 : Detailed router is running in normal mode.
PHY-1001 : Generate detailed routing grids ...
PHY-1001 : Processed IO instance aud_dacdat_syn_4 with INV attribute.
PHY-1001 : Processed IO instance aud_dacdat_1_syn_4 with INV attribute.
PHY-1001 : Processed IO instance aud_dacdat_2_syn_4 with INV attribute.
PHY-1001 : Processed IO instance aud_dacdat_3_syn_4 with INV attribute.
PHY-1001 : Generate nets ...
PHY-1001 : clock net aud_bclk_syn_4 will be merged with clock aud_bclk_dup_1
PHY-1001 : clock net aud_bclk_1_syn_4 will be merged with clock aud_bclk_1_dup_1
PHY-1001 : clock net aud_bclk_2_syn_4 will be merged with clock aud_bclk_2_dup_1
PHY-1001 : clock net aud_bclk_3_syn_4 will be merged with clock aud_bclk_3_dup_1
PHY-1001 : net aud_mclk_dup_1 will be routed on clock mesh
PHY-1001 : net aud_mclk_1_dup_1 will be routed on clock mesh
PHY-1001 : net aud_mclk_2_dup_1 will be routed on clock mesh
PHY-1001 : net aud_mclk_3_dup_1 will be routed on clock mesh
PHY-1001 : clock net ilaclk_dup_1 will be merged with clock u_pll_clk/clk0_buf
PHY-1001 : clock net ilaclk_1_dup_1 will be merged with clock u1_pll_clk/clk0_buf
PHY-1001 : clock net ilaclk_2_dup_1 will be merged with clock u2_pll_clk/clk0_buf
PHY-1001 : clock net ilaclk_3_dup_1 will be merged with clock u3_pll_clk/clk0_buf
PHY-1001 : net sys_clk_dup_1 will be routed on clock mesh
PHY-1001 : clock net u1_es8388_ctrl/u_es8388_config/u_i2c_dri/dri_clk_syn_4 will be merged with clock u1_es8388_ctrl/u_es8388_config/u_i2c_dri/dri_clk
PHY-1001 : clock net u2_es8388_ctrl/u_es8388_config/u_i2c_dri/dri_clk_syn_4 will be merged with clock u2_es8388_ctrl/u_es8388_config/u_i2c_dri/dri_clk
PHY-1001 : clock net u3_es8388_ctrl/u_es8388_config/u_i2c_dri/dri_clk_syn_4 will be merged with clock u3_es8388_ctrl/u_es8388_config/u_i2c_dri/dri_clk
PHY-1001 : Current memory(MB): used = 500, reserve = 473, peak = 500.
PHY-1001 : End build detailed router design. 2.220015s wall, 2.078125s user + 0.125000s system = 2.203125s CPU (99.2%)

PHY-1001 : Detail Route ...
PHY-1001 : ===== Detail Route Phase 1 =====
PHY-1001 : Clock net routing.....
PHY-1001 : Routed 0% nets.
PHY-1022 : len = 41896, over cnt = 0(0%), over = 0, worst = 0, crit = 0
PHY-1001 : End initial clock net routed; 3.932176s wall, 3.890625s user + 0.046875s system = 3.937500s CPU (100.1%)

PHY-1001 : Current memory(MB): used = 532, reserve = 507, peak = 532.
PHY-1001 : End phase 1; 3.935264s wall, 3.890625s user + 0.046875s system = 3.937500s CPU (100.1%)

PHY-1001 : ===== Detail Route Phase 2 =====
PHY-1001 : Initial routing.....
PHY-1001 : Routed 33% nets.
PHY-1001 : Routed 40% nets.
PHY-1001 : Routed 48% nets.
PHY-1001 : Routed 61% nets.
PHY-1001 : Routed 83% nets.
PHY-1022 : len = 304016, over cnt = 120(0%), over = 120, worst = 1, crit = 0
PHY-1001 : Current memory(MB): used = 534, reserve = 508, peak = 534.
PHY-1001 : End initial routed; 1.860075s wall, 2.281250s user + 0.921875s system = 3.203125s CPU (172.2%)

PHY-1001 : Current memory(MB): used = 534, reserve = 508, peak = 534.
PHY-1001 : End phase 2; 1.860180s wall, 2.281250s user + 0.921875s system = 3.203125s CPU (172.2%)

PHY-1001 : ===== Detail Route Phase 3 =====
PHY-1001 : Ripup-reroute.....
PHY-1001 : ===== DR Iter 1 =====
PHY-1022 : len = 303576, over cnt = 49(0%), over = 49, worst = 1, crit = 0
PHY-1001 : End DR Iter 1; 0.049676s wall, 0.093750s user + 0.031250s system = 0.125000s CPU (251.6%)

PHY-1001 : ===== DR Iter 2 =====
PHY-1022 : len = 303784, over cnt = 4(0%), over = 4, worst = 1, crit = 0
PHY-1001 : End DR Iter 2; 0.033290s wall, 0.031250s user + 0.000000s system = 0.031250s CPU (93.9%)

PHY-1001 : ===== DR Iter 3 =====
PHY-1022 : len = 303816, over cnt = 0(0%), over = 0, worst = 0, crit = 0
PHY-1001 : End DR Iter 3; 0.019031s wall, 0.015625s user + 0.000000s system = 0.015625s CPU (82.1%)

PHY-1001 : Commit to database.....
PHY-1001 : 21 feed throughs used by 19 nets
PHY-1001 : End commit to database; 0.166746s wall, 0.171875s user + 0.000000s system = 0.171875s CPU (103.1%)

PHY-1001 : Current memory(MB): used = 550, reserve = 524, peak = 550.
PHY-1001 : End phase 3; 0.359724s wall, 0.390625s user + 0.031250s system = 0.421875s CPU (117.3%)

PHY-1003 : Routed, final wirelength = 303816
PHY-1001 : Current memory(MB): used = 551, reserve = 525, peak = 551.
PHY-1001 : End export database. 0.008589s wall, 0.000000s user + 0.000000s system = 0.000000s CPU (n/a%)

PHY-1001 : End detail routing;  8.545624s wall, 8.796875s user + 1.140625s system = 9.937500s CPU (116.3%)

RUN-1003 : finish command "route" in  9.146019s wall, 9.296875s user + 1.296875s system = 10.593750s CPU (115.8%)

RUN-1004 : used memory is 480 MB, reserved memory is 455 MB, peak memory is 551 MB
RUN-1002 : start command "report_area -io_info -file ES8388_phy.area"
RUN-1001 : standard
***Report Model: audio_speak Device: EG4S20BG256***

IO Statistics
#IO                        50
  #input                   19
  #output                  27
  #inout                    4

Utilization Statistics
#lut                     1697   out of  19600    8.66%
#reg                      920   out of  19600    4.69%
#le                      1982
  #lut only              1062   out of   1982   53.58%
  #reg only               285   out of   1982   14.38%
  #lut&reg                635   out of   1982   32.04%
#dsp                        0   out of     29    0.00%
#bram                       0   out of     64    0.00%
  #bram9k                   0
  #fifo9k                   0
#bram32k                    0   out of     16    0.00%
#pad                       50   out of    188   26.60%
  #ireg                     8
  #oreg                    16
  #treg                     4
#pll                        4   out of      4  100.00%
#gclk                      11   out of     16   68.75%

Clock Resource Statistics
Index     ClockNet                                            Type               DriverType         Driver                                                           Fanout
#1        sys_clk_dup_1                                       GCLK               io                 sys_clk_syn_2.di                                                 212
#2        aud_bclk_1_dup_1                                    GCLK               io                 aud_bclk_1_syn_2.di                                              45
#3        aud_bclk_3_dup_1                                    GCLK               io                 aud_bclk_3_syn_2.di                                              45
#4        aud_bclk_dup_1                                      GCLK               io                 aud_bclk_syn_2.di                                                45
#5        aud_bclk_2_dup_1                                    GCLK               io                 aud_bclk_2_syn_2.di                                              44
#6        u3_es8388_ctrl/u_es8388_config/u_i2c_dri/dri_clk    GCLK               lslice             u3_es8388_ctrl/u_es8388_config/u_i2c_dri/dri_clk_reg_syn_9.q1    43
#7        u2_es8388_ctrl/u_es8388_config/u_i2c_dri/dri_clk    GCLK               lslice             u2_es8388_ctrl/u_es8388_config/u_i2c_dri/dri_clk_reg_syn_9.q1    42
#8        u1_es8388_ctrl/u_es8388_config/u_i2c_dri/dri_clk    GCLK               mslice             u1_es8388_ctrl/u_es8388_config/u_i2c_dri/dri_clk_reg_syn_9.q1    38
#9        aud_mclk_1_dup_1                                    GCLK               pll                u1_pll_clk/pll_inst.clkc1                                        0
#10       aud_mclk_2_dup_1                                    GCLK               pll                u2_pll_clk/pll_inst.clkc1                                        0
#11       aud_mclk_3_dup_1                                    GCLK               pll                u3_pll_clk/pll_inst.clkc1                                        0
#12       aud_mclk_dup_1                                      GCLK               pll                u_pll_clk/pll_inst.clkc1                                         0
#13       u1_pll_clk/clk0_buf                                 GCLK               pll                u1_pll_clk/pll_inst.clkc0                                        0
#14       u2_pll_clk/clk0_buf                                 GCLK               pll                u2_pll_clk/pll_inst.clkc0                                        0
#15       u3_pll_clk/clk0_buf                                 GCLK               pll                u3_pll_clk/pll_inst.clkc0                                        0
#16       u_pll_clk/clk0_buf                                  GCLK               pll                u_pll_clk/pll_inst.clkc0                                         0


Detailed IO Report

      Name        Direction    Location    IOStandard    DriveStrength    PullType     PackReg   
   aud_adcdat       INPUT        R14        LVCMOS25          N/A          PULLUP       IREG     
  aud_adcdat_1      INPUT        G16        LVCMOS25          N/A          PULLUP       IREG     
  aud_adcdat_2      INPUT         E7        LVCMOS25          N/A          PULLUP       IREG     
  aud_adcdat_3      INPUT         L4        LVCMOS25          N/A          PULLUP       IREG     
    aud_bclk        INPUT         M6        LVCMOS25          N/A          PULLUP       NONE     
   aud_bclk_1       INPUT        G14        LVCMOS25          N/A          PULLUP       NONE     
   aud_bclk_2       INPUT         D5        LVCMOS25          N/A          PULLUP       NONE     
   aud_bclk_3       INPUT         H5        LVCMOS25          N/A          PULLUP       NONE     
    aud_lrc         INPUT         M7        LVCMOS25          N/A          PULLUP       IREG     
   aud_lrc_1        INPUT        H16        LVCMOS25          N/A          PULLUP       IREG     
   aud_lrc_2        INPUT         C6        LVCMOS25          N/A          PULLUP       IREG     
   aud_lrc_3        INPUT         K6        LVCMOS25          N/A          PULLUP       IREG     
    sys_clk         INPUT         R7        LVCMOS25          N/A          PULLUP       NONE     
   sys_rst_n        INPUT         E3        LVCMOS25          N/A          PULLUP       NONE     
  sys_rst_n_1       INPUT        M16        LVCMOS25          N/A           N/A         NONE     
  sys_rst_n_2       INPUT         H1        LVCMOS25          N/A           N/A         NONE     
  sys_rst_n_3       INPUT         D9        LVCMOS25          N/A           N/A         NONE     
   volume[1]        INPUT        B10        LVCMOS25          N/A          PULLUP       NONE     
   volume[0]        INPUT        A10        LVCMOS25          N/A          PULLUP       NONE     
   aud_dacdat      OUTPUT         P6        LVCMOS25           8            NONE        OREG     
  aud_dacdat_1     OUTPUT        H14        LVCMOS25           8            NONE        OREG     
  aud_dacdat_2     OUTPUT         E6        LVCMOS25           8            NONE        OREG     
  aud_dacdat_3     OUTPUT         K3        LVCMOS25           8            NONE        OREG     
    aud_mclk       OUTPUT         N5        LVCMOS25           8            NONE        NONE     
   aud_mclk_1      OUTPUT        F14        LVCMOS25           8            NONE        NONE     
   aud_mclk_2      OUTPUT         F6        LVCMOS25           8            NONE        NONE     
   aud_mclk_3      OUTPUT         H4        LVCMOS25           8            NONE        NONE     
    aud_scl        OUTPUT        R12        LVCMOS25           8            NONE        OREG     
   aud_scl_1       OUTPUT        D14        LVCMOS25           8            NONE        OREG     
   aud_scl_2       OUTPUT         A2        LVCMOS25           8            NONE        OREG     
   aud_scl_3       OUTPUT         G3        LVCMOS25           8            NONE        OREG     
     ilaclk        OUTPUT         M9        LVCMOS25           8            NONE        NONE     
    ilaclk_1       OUTPUT        L16        LVCMOS25           8            NONE        NONE     
    ilaclk_2       OUTPUT         D3        LVCMOS25           8            NONE        NONE     
    ilaclk_3       OUTPUT        K15        LVCMOS25           8            NONE        NONE     
      led          OUTPUT        B14        LVCMOS25           8            NONE        NONE     
     led_1         OUTPUT        F12        LVCMOS25           8            N/A         NONE     
     led_2         OUTPUT         F4        LVCMOS25           8            N/A         NONE     
     led_3         OUTPUT         J6        LVCMOS25           8            N/A         NONE     
    led_five       OUTPUT        C15        LVCMOS25           8            NONE        NONE     
    led_four       OUTPUT        C16        LVCMOS25           8            NONE        OREG     
    led_one        OUTPUT        F16        LVCMOS25           8            NONE        OREG     
   led_seven       OUTPUT        B15        LVCMOS25           8            NONE        NONE     
    led_six        OUTPUT        B16        LVCMOS25           8            NONE        NONE     
    led_tree       OUTPUT        E13        LVCMOS25           8            NONE        OREG     
    led_two        OUTPUT        E16        LVCMOS25           8            NONE        OREG     
    aud_sda         INOUT         R9        LVCMOS25           8           PULLUP     OREG;TREG  
   aud_sda_1        INOUT        E15        LVCMOS25           8           PULLUP     OREG;TREG  
   aud_sda_2        INOUT         C3        LVCMOS25           8           PULLUP     OREG;TREG  
   aud_sda_3        INOUT         F3        LVCMOS25           8           PULLUP     OREG;TREG  

Report Hierarchy Area:
+--------------------------------------------------------------------------------------------------------+
|Instance                   |Module                 |le     |lut     |ripple  |seq     |bram    |dsp     |
+--------------------------------------------------------------------------------------------------------+
|top                        |audio_speak            |1982   |1299    |398     |948     |0       |0       |
|  u1_es8388_ctrl           |es8388_ctrl            |278    |226     |27      |143     |0       |0       |
|    u_audio_receive        |audio_receive          |85     |50      |12      |53      |0       |0       |
|    u_audio_send           |audio_send             |22     |22      |0       |22      |0       |0       |
|    u_es8388_config        |es8388_config          |171    |154     |15      |68      |0       |0       |
|      u_i2c_dri            |i2c_dri                |116    |107     |7       |41      |0       |0       |
|      u_i2c_reg_cfg        |i2c_reg_cfg            |55     |47      |8       |27      |0       |0       |
|  u1_pll_clk               |clk_wiz_0              |1      |1       |0       |0       |0       |0       |
|  u2_es8388_ctrl           |es8388_ctrl            |280    |225     |29      |143     |0       |0       |
|    u_audio_receive        |audio_receive          |87     |59      |12      |54      |0       |0       |
|    u_audio_send           |audio_send             |22     |14      |0       |22      |0       |0       |
|    u_es8388_config        |es8388_config          |171    |152     |17      |67      |0       |0       |
|      u_i2c_dri            |i2c_dri                |110    |101     |7       |40      |0       |0       |
|      u_i2c_reg_cfg        |i2c_reg_cfg            |61     |51      |10      |27      |0       |0       |
|  u2_pll_clk               |clk_wiz_0              |1      |1       |0       |0       |0       |0       |
|  u3_es8388_ctrl           |es8388_ctrl            |278    |214     |29      |149     |0       |0       |
|    u_audio_receive        |audio_receive          |78     |43      |12      |59      |0       |0       |
|    u_audio_send           |audio_send             |22     |12      |0       |22      |0       |0       |
|    u_es8388_config        |es8388_config          |178    |159     |17      |68      |0       |0       |
|      u_i2c_dri            |i2c_dri                |116    |107     |7       |41      |0       |0       |
|      u_i2c_reg_cfg        |i2c_reg_cfg            |62     |52      |10      |27      |0       |0       |
|  u3_pll_clk               |clk_wiz_0              |1      |1       |0       |0       |0       |0       |
|  u_es8388_ctrl            |es8388_ctrl            |338    |255     |57      |152     |0       |0       |
|    u_audio_receive        |audio_receive          |86     |60      |12      |53      |0       |0       |
|    u_audio_send           |audio_send             |81     |43      |28      |31      |0       |0       |
|    u_es8388_config        |es8388_config          |171    |152     |17      |68      |0       |0       |
|      u_i2c_dri            |i2c_dri                |113    |104     |7       |41      |0       |0       |
|      u_i2c_reg_cfg        |i2c_reg_cfg            |58     |48      |10      |27      |0       |0       |
|  u_pll_clk                |clk_wiz_0              |0      |0       |0       |0       |0       |0       |
|  u_spar_4mic_localization |spar_4mic_localization |757    |364     |244     |301     |0       |0       |
+--------------------------------------------------------------------------------------------------------+


DataNet Average Fanout:

   Index     Fanout     Nets  
    #1          1       1344  
    #2          2       316   
    #3          3       376   
    #4          4       114   
    #5        5-10      103   
    #6        11-50      92   
    #7       51-100      4    
    #8       101-500     1    
  Average     2.67            

RUN-1002 : start command "export_db ES8388_pr.db"
RUN-1001 : Exported /
RUN-1001 : Exported flow parameters
RUN-1001 : Exported libs
RUN-1001 : Exported entities
RUN-1001 : Exported ports
RUN-1001 : Exported pins
RUN-1001 : Exported instances
RUN-1001 : Exported nets
RUN-1001 : Exported buses
RUN-1001 : Exported models
RUN-1001 : Exported congestions
RUN-1001 : Exported violations
RUN-1001 : Exported IO constraints
RUN-1001 : Exported Inst constraints
RUN-1002 : start command "export_bid ES8388_inst.bid"
RUN-1002 : start command "bitgen -bit ES8388.bit -unused_io_status pulldown"
BIT-1003 : Start to generate bitstream. 
BIT-1002 : Bitgen processed 138 unused pads, reserve input tri_state with pulldown
BIT-1002 : Init instances with 16 threads.
BIT-1002 : Init instances completely, inst num: 1223
BIT-1002 : Init pips with 16 threads.
BIT-1002 : Init pips completely, net num: 2419, pip num: 21669
BIT-1002 : Init feedthrough with 16 threads.
BIT-1002 : Init feedthrough completely, num: 21
BIT-1003 : Multithreading accelaration with 16 threads.
BIT-1003 : Generate bitstream completely, there are 2219 valid insts, and 64093 bits set as '1'.
BIT-1004 : PLL setting string = 1111
BIT-1004 : Generate bits file ES8388.bit.
RUN-1003 : finish command "bitgen -bit ES8388.bit -unused_io_status pulldown" in  1.951160s wall, 19.187500s user + 1.187500s system = 20.375000s CPU (1044.3%)

RUN-1004 : used memory is 479 MB, reserved memory is 459 MB, peak memory is 676 MB
RUN-1002 : start command "backup_run_log run.log ../.logs/phy_1/td_20251025_173417.log"
