============================================================
   Tang Dynasty, V5.6.71036
      Copyright (c) 2012-2023 Anlogic Inc.
   Executable = E:/Software/Anlogic/TD5.6.2/bin/td.exe
   Built at =   20:34:38 Mar 21 2023
   Run by =     Lviva
   Run Date =   Sun Oct 26 10:33:30 2025

   Run on =     VIVACIOUS
============================================================
RUN-1002 : start command "open_project ES8388.prj"
RUN-1001 : Print Global Property
RUN-1001 : ---------------------------------------------------------------
RUN-1001 :        Parameters        |  Settings  |  Default Values  |  Note  
RUN-1001 : ---------------------------------------------------------------
RUN-1001 :          message         |  standard  |     standard     |        
RUN-1001 :   mixed_pack_place_flow  |     on     |        on        |        
RUN-1001 :        qor_monitor       |    off     |       off        |        
RUN-1001 :        syn_ip_flow       |    off     |       off        |        
RUN-1001 :          thread          |    auto    |       auto       |        
RUN-1001 : ---------------------------------------------------------------
RUN-1001 : Print Design Property
RUN-1001 : --------------------------------------------------------------
RUN-1001 :        Parameters       |  Settings  |  Default Values  |  Note  
RUN-1001 : --------------------------------------------------------------
RUN-1001 :   default_reg_initial   |    auto    |       auto       |        
RUN-1001 :        infer_add        |     on     |        on        |        
RUN-1001 :        infer_fsm        |    off     |       off        |        
RUN-1001 :        infer_mult       |     on     |        on        |        
RUN-1001 :        infer_ram        |     on     |        on        |        
RUN-1001 :        infer_reg        |     on     |        on        |        
RUN-1001 :   infer_reg_init_value  |     on     |        on        |        
RUN-1001 :        infer_rom        |     on     |        on        |        
RUN-1001 :      infer_shifter      |     on     |        on        |        
RUN-1001 : --------------------------------------------------------------
RUN-1001 : Print Rtl Property
RUN-1001 : --------------------------------------------------------------
RUN-1001 :        Parameters       |  Settings  |  Default Values  |  Note  
RUN-1001 : --------------------------------------------------------------
RUN-1001 :       compress_add      |   ripple   |      ripple      |        
RUN-1001 :        elf_sload        |    off     |       off        |        
RUN-1001 :       fix_undriven      |     0      |        0         |        
RUN-1001 :         flatten         |    off     |       off        |        
RUN-1001 :       gate_sharing      |     on     |        on        |        
RUN-1001 :    hdl_warning_level    |   normal   |      normal      |        
RUN-1001 :   impl_internal_tribuf  |     on     |        on        |        
RUN-1001 :      impl_set_reset     |     on     |        on        |        
RUN-1001 :        infer_gsr        |    off     |       off        |        
RUN-1001 :      keep_hierarchy     |    auto    |       auto       |        
RUN-1001 :        max_fanout       |    9999    |       9999       |        
RUN-1001 :      max_oh2bin_len     |     10     |        10        |        
RUN-1001 :       merge_equal       |     on     |        on        |        
RUN-1001 :       merge_equiv       |     on     |        on        |        
RUN-1001 :        merge_mux        |    off     |       off        |        
RUN-1001 :     min_control_set     |     8      |        8         |        
RUN-1001 :      min_ripple_len     |    auto    |       auto       |        
RUN-1001 :       oh2bin_ratio      |    0.08    |       0.08       |        
RUN-1001 :     opt_adder_fanout    |     on     |        on        |        
RUN-1001 :        opt_arith        |     on     |        on        |        
RUN-1001 :       opt_big_gate      |    off     |       off        |        
RUN-1001 :        opt_const        |     on     |        on        |        
RUN-1001 :      opt_const_mult     |     on     |        on        |        
RUN-1001 :       opt_lessthan      |     on     |        on        |        
RUN-1001 :         opt_mux         |    off     |       off        |        
RUN-1001 :         opt_ram         |    high    |       high       |        
RUN-1001 :      rtl_sim_model      |    off     |       off        |        
RUN-1001 :         seq_syn         |     on     |        on        |        
RUN-1001 : --------------------------------------------------------------
HDL-1007 : analyze verilog file ../../al_ip/clk_wiz_0.v
HDL-1007 : undeclared symbol 'open', assumed default net type 'wire' in ../../al_ip/clk_wiz_0.v(80)
HDL-1007 : analyze verilog file ../../../RTL/audio_receive.v
HDL-1007 : analyze verilog file ../../../RTL/audio_send.v
HDL-1007 : analyze verilog file ../../../RTL/audio_speak.v
HDL-1007 : analyze verilog file ../../../RTL/es8388_config.v
HDL-1007 : analyze verilog file ../../../RTL/es8388_ctrl.v
HDL-1007 : analyze verilog file ../../../RTL/i2c_dri.v
HDL-1007 : analyze verilog file ../../../RTL/i2c_reg_cfg.v
HDL-1007 : analyze verilog file ../../../RTL/spar_4mic_localization.v
RUN-1001 : Project manager successfully analyzed 9 source files.
RUN-1002 : start command "import_device eagle_s20.db -package EG4S20BG256"
ARC-1001 : Device Initialization.
ARC-1001 : ------------------------------------------------------------------
ARC-1001 :            OPTION            |          IO          |   SETTING   
ARC-1001 : ------------------------------------------------------------------
ARC-1001 :   cso_b/cclk/mosi/miso/dout  |  T3/R11/T10/P10/S11  |    gpio    
ARC-1001 :             done             |         P13          |    gpio    
ARC-1001 :           program_b          |          T2          |  dedicate  
ARC-1001 :        tdi/tms/tck/tdo       |   C12/A15/C14/E14    |  dedicate  
ARC-1001 : ------------------------------------------------------------------
ARC-1004 : Device setting, marked 5 dedicate IOs in total.
RUN-1002 : start command "import_db ../syn_1/ES8388_gate.db"
RUN-1001 : Importing database generated by Tang Dynasty, V5.6.71036.
RUN-1001 : Database version number 46146.
RUN-1001 : Import flow parameters
RUN-1001 : Import IO constraints
RUN-1001 : Import Inst constraints
RUN-1001 : Import design success TD_VERSION=5.6.71036 , DB_VERSION=46146
RUN-1002 : start command "place"
RUN-1001 : Open license file E:/Software/Anlogic/TD5.6.2/license/Anlogic.lic
RUN-1001 : Print Global Property
RUN-1001 : ---------------------------------------------------------------
RUN-1001 :        Parameters        |  Settings  |  Default Values  |  Note  
RUN-1001 : ---------------------------------------------------------------
RUN-1001 :          message         |  standard  |     standard     |        
RUN-1001 :   mixed_pack_place_flow  |     on     |        on        |        
RUN-1001 :        qor_monitor       |    off     |       off        |        
RUN-1001 :        syn_ip_flow       |    off     |       off        |        
RUN-1001 :          thread          |    auto    |       auto       |        
RUN-1001 : ---------------------------------------------------------------
RUN-1001 : Print Place Property
RUN-1001 : --------------------------------------------------------------
RUN-1001 :        Parameters       |  Settings  |  Default Values  |  Note  
RUN-1001 : --------------------------------------------------------------
RUN-1001 :      detailed_place     |     on     |        on        |        
RUN-1001 :          effort         |   medium   |      medium      |        
RUN-1001 :         fix_hold        |    off     |       off        |        
RUN-1001 :       legalization      |    ori     |       ori        |        
RUN-1001 :      new_spreading      |     on     |        on        |        
RUN-1001 :        opt_timing       |   medium   |      medium      |        
RUN-1001 :   post_clock_route_opt  |    off     |       off        |        
RUN-1001 :       pr_strategy       |     1      |        1         |        
RUN-1001 :        relaxation       |    1.00    |       1.00       |        
RUN-1001 :         retiming        |    off     |       off        |        
RUN-1001 : --------------------------------------------------------------
PHY-3001 : Placer runs in 16 thread(s).
RUN-1002 : start command "legalize_phy_inst"
SYN-1011 : Flatten model audio_speak
RUN-1002 : start command "phys_opt -simplify_lut"
SYN-4016 : Net ilaclk_1_dup_1 driven by BUFG (0 clock/control pins, 2 other pins).
SYN-4016 : Net ilaclk_2_dup_1 driven by BUFG (0 clock/control pins, 2 other pins).
SYN-4016 : Net ilaclk_3_dup_1 driven by BUFG (0 clock/control pins, 2 other pins).
SYN-4016 : Net ilaclk_dup_1 driven by BUFG (0 clock/control pins, 2 other pins).
SYN-4027 : Net aud_mclk_1_dup_1 is clkc1 of pll u1_pll_clk/pll_inst.
SYN-4019 : Net sys_clk_dup_1 is refclk of pll u1_pll_clk/pll_inst.
SYN-4020 : Net sys_clk_dup_1 is fbclk of pll u1_pll_clk/pll_inst.
SYN-4027 : Net aud_mclk_2_dup_1 is clkc1 of pll u2_pll_clk/pll_inst.
SYN-4019 : Net sys_clk_dup_1 is refclk of pll u2_pll_clk/pll_inst.
SYN-4020 : Net sys_clk_dup_1 is fbclk of pll u2_pll_clk/pll_inst.
SYN-4027 : Net aud_mclk_3_dup_1 is clkc1 of pll u3_pll_clk/pll_inst.
SYN-4019 : Net sys_clk_dup_1 is refclk of pll u3_pll_clk/pll_inst.
SYN-4020 : Net sys_clk_dup_1 is fbclk of pll u3_pll_clk/pll_inst.
SYN-4027 : Net aud_mclk_dup_1 is clkc1 of pll u_pll_clk/pll_inst.
SYN-4019 : Net sys_clk_dup_1 is refclk of pll u_pll_clk/pll_inst.
SYN-4020 : Net sys_clk_dup_1 is fbclk of pll u_pll_clk/pll_inst.
SYN-4024 : Net "aud_bclk_dup_1" drives clk pins.
SYN-4024 : Net "aud_bclk_1_dup_1" drives clk pins.
SYN-4024 : Net "aud_bclk_2_dup_1" drives clk pins.
SYN-4024 : Net "aud_bclk_3_dup_1" drives clk pins.
SYN-4024 : Net "u1_es8388_ctrl/u_es8388_config/u_i2c_dri/dri_clk" drives clk pins.
SYN-4024 : Net "u2_es8388_ctrl/u_es8388_config/u_i2c_dri/dri_clk" drives clk pins.
SYN-4024 : Net "u3_es8388_ctrl/u_es8388_config/u_i2c_dri/dri_clk" drives clk pins.
SYN-7503 WARNING: Net "u_es8388_ctrl/u_es8388_config/u_i2c_dri/dri_clk" drives clk pins. However it will not be tagged as clk net, for there's no more slots.
SYN-4025 : Tag rtl::Net aud_bclk_1_dup_1 as clock net
SYN-4025 : Tag rtl::Net aud_bclk_2_dup_1 as clock net
SYN-4025 : Tag rtl::Net aud_bclk_3_dup_1 as clock net
SYN-4025 : Tag rtl::Net aud_bclk_dup_1 as clock net
SYN-4025 : Tag rtl::Net aud_mclk_1_dup_1 as clock net
SYN-4025 : Tag rtl::Net aud_mclk_2_dup_1 as clock net
SYN-4025 : Tag rtl::Net aud_mclk_3_dup_1 as clock net
SYN-4025 : Tag rtl::Net aud_mclk_dup_1 as clock net
SYN-4025 : Tag rtl::Net ilaclk_1_dup_1 as clock net
SYN-4025 : Tag rtl::Net ilaclk_2_dup_1 as clock net
SYN-4025 : Tag rtl::Net ilaclk_3_dup_1 as clock net
SYN-4025 : Tag rtl::Net ilaclk_dup_1 as clock net
SYN-4025 : Tag rtl::Net sys_clk_dup_1 as clock net
SYN-4025 : Tag rtl::Net u1_es8388_ctrl/u_es8388_config/u_i2c_dri/dri_clk as clock net
SYN-4025 : Tag rtl::Net u2_es8388_ctrl/u_es8388_config/u_i2c_dri/dri_clk as clock net
SYN-4025 : Tag rtl::Net u3_es8388_ctrl/u_es8388_config/u_i2c_dri/dri_clk as clock net
SYN-4026 : Tagged 16 rtl::Net as clock net
SYN-4015 : Create BUFG instance for clk Net aud_bclk_1_dup_1 to drive 80 clock pins.
SYN-4015 : Create BUFG instance for clk Net aud_bclk_2_dup_1 to drive 80 clock pins.
SYN-4015 : Create BUFG instance for clk Net aud_bclk_3_dup_1 to drive 80 clock pins.
SYN-4015 : Create BUFG instance for clk Net aud_bclk_dup_1 to drive 80 clock pins.
SYN-4015 : Create BUFG instance for clk Net u1_es8388_ctrl/u_es8388_config/u_i2c_dri/dri_clk to drive 59 clock pins.
SYN-4015 : Create BUFG instance for clk Net u2_es8388_ctrl/u_es8388_config/u_i2c_dri/dri_clk to drive 59 clock pins.
SYN-4015 : Create BUFG instance for clk Net u3_es8388_ctrl/u_es8388_config/u_i2c_dri/dri_clk to drive 59 clock pins.
PHY-1001 : Populate physical database on model audio_speak.
RUN-1001 : There are total 3569 instances
RUN-0007 : 1421 luts, 863 seqs, 800 mslices, 392 lslices, 51 pads, 0 brams, 24 dsps
RUN-1001 : There are total 7124 nets
RUN-1001 : 4545 nets have 2 pins
RUN-1001 : 2033 nets have [3 - 5] pins
RUN-1001 : 407 nets have [6 - 10] pins
RUN-1001 : 76 nets have [11 - 20] pins
RUN-1001 : 48 nets have [21 - 99] pins
RUN-1001 : 15 nets have 100+ pins
RUN-1001 : Report Control nets information:
RUN-1001 : DFF Distribution
RUN-1001 : ----------------------------------
RUN-1001 :   CE   |  SSR  |  ASR  |  DFF Count  
RUN-1001 : ----------------------------------
RUN-1001 :   No   |  No   |  No   |      0      
RUN-1001 :   No   |  No   |  Yes  |     543     
RUN-1001 :   No   |  Yes  |  No   |      0      
RUN-1001 :   Yes  |  No   |  No   |      0      
RUN-1001 :   Yes  |  No   |  Yes  |     288     
RUN-1001 :   Yes  |  Yes  |  No   |     32      
RUN-1001 : ----------------------------------
RUN-0007 : Control Group Statistic
RUN-0007 : ---------------------------
RUN-0007 :   #CLK  |  #CE  |  #SSR/ASR  
RUN-0007 : ---------------------------
RUN-0007 :    9    |  21   |     9      
RUN-0007 : ---------------------------
RUN-0007 : Control Set = 33
PHY-3001 : Initial placement ...
PHY-3001 : design contains 3567 instances, 1421 luts, 863 seqs, 1192 slices, 279 macros(1192 instances: 800 mslices 392 lslices)
PHY-0007 : Cell area utilization is 19%
PHY-3001 : Global placement ...
PHY-3001 : Initial: Len = 1.27492e+06
PHY-3001 : Clustering ...
PHY-3001 : Level 0 #clusters 3567.
PHY-3001 : End clustering;  0.000044s wall, 0.000000s user + 0.000000s system = 0.000000s CPU (n/a%)

PHY-3001 : Run with size of 4
PHY-3001 : Cell area utilization is 19%
PHY-3001 : :::0::: Try harder cell spreading with beta_ = 0
PHY-3002 : Step(1): len = 921750, overlap = 54
PHY-3002 : Step(2): len = 714792, overlap = 46.75
PHY-3002 : Step(3): len = 581358, overlap = 56.5
PHY-3002 : Step(4): len = 454694, overlap = 59.4688
PHY-3002 : Step(5): len = 364334, overlap = 68.9688
PHY-3002 : Step(6): len = 310431, overlap = 92.9688
PHY-3002 : Step(7): len = 262126, overlap = 115.906
PHY-3002 : Step(8): len = 232090, overlap = 138.312
PHY-3002 : Step(9): len = 208730, overlap = 155.312
PHY-3002 : Step(10): len = 186980, overlap = 190.219
PHY-3002 : Step(11): len = 164035, overlap = 217.219
PHY-3002 : Step(12): len = 148370, overlap = 245.344
PHY-3002 : Step(13): len = 137714, overlap = 267.906
PHY-3002 : Step(14): len = 126345, overlap = 284.875
PHY-3002 : Step(15): len = 116473, overlap = 292.969
PHY-3002 : Step(16): len = 112721, overlap = 293.344
PHY-3002 : Step(17): len = 109241, overlap = 302.969
PHY-3001 : :::1::: Try harder cell spreading with beta_ = 3.53213e-06
PHY-3002 : Step(18): len = 117322, overlap = 295.562
PHY-3002 : Step(19): len = 121116, overlap = 294.469
PHY-3002 : Step(20): len = 127921, overlap = 261.438
PHY-3002 : Step(21): len = 136738, overlap = 208.594
PHY-3002 : Step(22): len = 121077, overlap = 200.219
PHY-3002 : Step(23): len = 118713, overlap = 191.969
PHY-3002 : Step(24): len = 122656, overlap = 181.375
PHY-3002 : Step(25): len = 120837, overlap = 175.719
PHY-3002 : Step(26): len = 120218, overlap = 173.219
PHY-3002 : Step(27): len = 112829, overlap = 171.281
PHY-3002 : Step(28): len = 109919, overlap = 168.469
PHY-3002 : Step(29): len = 109438, overlap = 149.594
PHY-3002 : Step(30): len = 109635, overlap = 151
PHY-3002 : Step(31): len = 108565, overlap = 142.5
PHY-3002 : Step(32): len = 106196, overlap = 135.156
PHY-3002 : Step(33): len = 104517, overlap = 134.906
PHY-3002 : Step(34): len = 104900, overlap = 133.75
PHY-3002 : Step(35): len = 105853, overlap = 134.5
PHY-3002 : Step(36): len = 103682, overlap = 130.906
PHY-3002 : Step(37): len = 103304, overlap = 125.062
PHY-3002 : Step(38): len = 103238, overlap = 124.594
PHY-3001 : :::2::: Try harder cell spreading with beta_ = 7.06425e-06
PHY-3002 : Step(39): len = 105326, overlap = 126.062
PHY-3002 : Step(40): len = 105934, overlap = 125.531
PHY-3002 : Step(41): len = 106399, overlap = 125.281
PHY-3001 : :::3::: Try harder cell spreading with beta_ = 1.41285e-05
PHY-3002 : Step(42): len = 111677, overlap = 122.531
PHY-3002 : Step(43): len = 111704, overlap = 123.344
PHY-3002 : Step(44): len = 109794, overlap = 120.781
PHY-3002 : Step(45): len = 109623, overlap = 122.781
PHY-3002 : Step(46): len = 115462, overlap = 95.5
PHY-3002 : Step(47): len = 119042, overlap = 105.375
PHY-3002 : Step(48): len = 118916, overlap = 102.812
PHY-3002 : Step(49): len = 119038, overlap = 112.656
PHY-3002 : Step(50): len = 118399, overlap = 111.844
PHY-3001 : :::4::: Try harder cell spreading with beta_ = 2.8257e-05
PHY-3002 : Step(51): len = 121967, overlap = 116.906
PHY-3002 : Step(52): len = 122192, overlap = 117.5
PHY-3002 : Step(53): len = 122370, overlap = 108.625
PHY-3002 : Step(54): len = 122498, overlap = 106.844
PHY-3002 : Step(55): len = 122622, overlap = 106.062
PHY-3001 : :::5::: Try harder cell spreading with beta_ = 5.6514e-05
PHY-3002 : Step(56): len = 125688, overlap = 113.406
PHY-3002 : Step(57): len = 127261, overlap = 114.312
PHY-3002 : Step(58): len = 129875, overlap = 114.719
PHY-3001 : Legalization ...
PHY-3001 : End legalization;  0.005515s wall, 0.000000s user + 0.000000s system = 0.000000s CPU (n/a%)

PHY-3001 : Run with size of 4
PHY-3001 : Cell area utilization is 24%
PHY-3001 : :::0::: Try harder cell spreading with beta_ = 1.88787e-06
PHY-3002 : Step(59): len = 190648, overlap = 174.281
PHY-3002 : Step(60): len = 191133, overlap = 179.188
PHY-3002 : Step(61): len = 183372, overlap = 190.594
PHY-3002 : Step(62): len = 182711, overlap = 201.438
PHY-3002 : Step(63): len = 170649, overlap = 210.688
PHY-3002 : Step(64): len = 167282, overlap = 212.344
PHY-3002 : Step(65): len = 165002, overlap = 210.688
PHY-3002 : Step(66): len = 165627, overlap = 220.125
PHY-3002 : Step(67): len = 164447, overlap = 214.719
PHY-3002 : Step(68): len = 164420, overlap = 222.281
PHY-3002 : Step(69): len = 157806, overlap = 238.688
PHY-3002 : Step(70): len = 157750, overlap = 240.812
PHY-3002 : Step(71): len = 153914, overlap = 242.625
PHY-3002 : Step(72): len = 153890, overlap = 243.438
PHY-3002 : Step(73): len = 149866, overlap = 255.438
PHY-3002 : Step(74): len = 149949, overlap = 260.656
PHY-3002 : Step(75): len = 149840, overlap = 261.531
PHY-3001 : :::1::: Try harder cell spreading with beta_ = 3.77574e-06
PHY-3002 : Step(76): len = 149587, overlap = 269.875
PHY-3002 : Step(77): len = 150366, overlap = 270.125
PHY-3002 : Step(78): len = 151378, overlap = 266.688
PHY-3001 : :::2::: Try harder cell spreading with beta_ = 7.55147e-06
PHY-3002 : Step(79): len = 155966, overlap = 259.625
PHY-3002 : Step(80): len = 157538, overlap = 258.938
PHY-3002 : Step(81): len = 161696, overlap = 240.344
PHY-3002 : Step(82): len = 162936, overlap = 219.062
PHY-3002 : Step(83): len = 158542, overlap = 225.25
PHY-3002 : Step(84): len = 157006, overlap = 215.844
PHY-3002 : Step(85): len = 156280, overlap = 219.062
PHY-3001 : :::3::: Try harder cell spreading with beta_ = 1.51029e-05
PHY-3002 : Step(86): len = 155589, overlap = 220.094
PHY-3002 : Step(87): len = 156190, overlap = 219.5
PHY-3002 : Step(88): len = 159158, overlap = 189.594
PHY-3002 : Step(89): len = 160604, overlap = 185.438
PHY-3002 : Step(90): len = 162269, overlap = 164.062
PHY-3001 : :::4::: Try harder cell spreading with beta_ = 3.02059e-05
PHY-3002 : Step(91): len = 161785, overlap = 137.938
PHY-3002 : Step(92): len = 162678, overlap = 126.125
PHY-3002 : Step(93): len = 164351, overlap = 120.531
PHY-3002 : Step(94): len = 165042, overlap = 107.062
PHY-3002 : Step(95): len = 163609, overlap = 104.688
PHY-3002 : Step(96): len = 163151, overlap = 90.2188
PHY-3002 : Step(97): len = 162862, overlap = 83.8125
PHY-3001 : :::5::: Try harder cell spreading with beta_ = 6.04118e-05
PHY-3002 : Step(98): len = 163462, overlap = 84.8438
PHY-3002 : Step(99): len = 163860, overlap = 86.0625
PHY-3002 : Step(100): len = 164422, overlap = 79.8438
PHY-3001 : :::6::: Try harder cell spreading with beta_ = 0.000120824
PHY-3002 : Step(101): len = 166514, overlap = 71.1875
PHY-3002 : Step(102): len = 167386, overlap = 68.75
PHY-3002 : Step(103): len = 168286, overlap = 68.2188
PHY-3001 : Run with size of 2
PHY-3001 : Cell area utilization is 24%
PHY-3001 : :::0::: Try harder cell spreading with beta_ = 1.81594e-05
PHY-3002 : Step(104): len = 166168, overlap = 273.156
PHY-3002 : Step(105): len = 166489, overlap = 270
PHY-3002 : Step(106): len = 165673, overlap = 245.5
PHY-3002 : Step(107): len = 166683, overlap = 246.906
PHY-3002 : Step(108): len = 168466, overlap = 233.875
PHY-3002 : Step(109): len = 168598, overlap = 219.531
PHY-3002 : Step(110): len = 166147, overlap = 218.219
PHY-3002 : Step(111): len = 165128, overlap = 224.094
PHY-3002 : Step(112): len = 164060, overlap = 244.375
PHY-3002 : Step(113): len = 163066, overlap = 268.844
PHY-3001 : :::1::: Try harder cell spreading with beta_ = 3.63188e-05
PHY-3002 : Step(114): len = 164717, overlap = 251.938
PHY-3002 : Step(115): len = 166931, overlap = 247.656
PHY-3002 : Step(116): len = 167968, overlap = 244.25
PHY-3001 : :::2::: Try harder cell spreading with beta_ = 7.26376e-05
PHY-3002 : Step(117): len = 167990, overlap = 223.375
PHY-3002 : Step(118): len = 168607, overlap = 222.812
PHY-3002 : Step(119): len = 171802, overlap = 205.469
PHY-3002 : Step(120): len = 174254, overlap = 199.844
PHY-3002 : Step(121): len = 174205, overlap = 204.656
PHY-3002 : Step(122): len = 171315, overlap = 204.594
PHY-3002 : Step(123): len = 171315, overlap = 204.594
PHY-3002 : Step(124): len = 171028, overlap = 204.781
PHY-3001 : :::3::: Try harder cell spreading with beta_ = 0.000145275
PHY-3002 : Step(125): len = 172878, overlap = 207.875
PHY-3002 : Step(126): len = 173205, overlap = 205.25
PHY-3002 : Step(127): len = 174417, overlap = 191.062
PHY-3001 : :::4::: Try harder cell spreading with beta_ = 0.000266807
PHY-3002 : Step(128): len = 175906, overlap = 191.281
PHY-3002 : Step(129): len = 177310, overlap = 180.719
PHY-3002 : Step(130): len = 180487, overlap = 151.625
PHY-3002 : Step(131): len = 180832, overlap = 151.031
PHY-3002 : Step(132): len = 180514, overlap = 143.594
PHY-3001 : :::5::: Try harder cell spreading with beta_ = 0.000533614
PHY-3002 : Step(133): len = 181273, overlap = 140.969
PHY-3002 : Step(134): len = 181527, overlap = 140.656
PHY-3002 : Step(135): len = 181859, overlap = 141.688
PHY-3001 : :::6::: Try harder cell spreading with beta_ = 0.000863387
PHY-3002 : Step(136): len = 182194, overlap = 141.031
PHY-3002 : Step(137): len = 182874, overlap = 139.312
PHY-3002 : Step(138): len = 184765, overlap = 141.312
PHY-3002 : Step(139): len = 185510, overlap = 143.125
PHY-3002 : Step(140): len = 185616, overlap = 143.938
PHY-3002 : Step(141): len = 185191, overlap = 146.781
PHY-3001 : :::7::: Try harder cell spreading with beta_ = 0.00172677
PHY-3002 : Step(142): len = 185481, overlap = 143.344
PHY-3002 : Step(143): len = 185687, overlap = 141.5
PHY-3001 : :::8::: Try harder cell spreading with beta_ = 0.00279392
PHY-3002 : Step(144): len = 186026, overlap = 143.312
PHY-3002 : Step(145): len = 186827, overlap = 145.594
PHY-3001 : :::9::: Try harder cell spreading with beta_ = 0.00452056
PHY-3002 : Step(146): len = 187024, overlap = 145.812
PHY-3002 : Step(147): len = 187648, overlap = 138.719
PHY-3002 : Step(148): len = 188883, overlap = 137.625
PHY-3002 : Step(149): len = 189403, overlap = 138.469
PHY-3002 : Step(150): len = 189598, overlap = 135.969
PHY-3001 : :::10::: Try harder cell spreading with beta_ = 0.00904113
PHY-3002 : Step(151): len = 189652, overlap = 134.438
PHY-3002 : Step(152): len = 189668, overlap = 134.406
PHY-3001 : :::11::: Try harder cell spreading with beta_ = 0.0146285
PHY-3002 : Step(153): len = 189695, overlap = 134.438
PHY-3002 : Step(154): len = 189771, overlap = 134.781
PHY-3001 : :::12::: Try harder cell spreading with beta_ = 0.023669
PHY-3002 : Step(155): len = 189863, overlap = 134.094
PHY-3002 : Step(156): len = 190109, overlap = 133.688
OPT-1001 : Start physical optimization ...
OPT-1001 : Total overflow 398.50 peak overflow 7.75
OPT-1001 : Start high-fanout net optimization ...
OPT-1001 : Update timing in global mode
PHY-1001 : Start incremental global routing, caller is place ...
RUN-1001 : Generating global routing grids ...
RUN-1001 : Building simple global routing graph ...
PHY-1001 : Generate routing nets ...
PHY-1001 : Reuse net number 0/7124.
PHY-1001 : Global iterations in 16 thread ...
PHY-1002 : len = 226776, over cnt = 721(2%), over = 3940, worst = 44
PHY-1001 : End global iterations;  0.196908s wall, 0.125000s user + 0.109375s system = 0.234375s CPU (119.0%)

PHY-1001 : Congestion index: top1 = 61.75, top5 = 44.79, top10 = 36.08, top15 = 30.63.
PHY-1001 : End incremental global routing;  0.274567s wall, 0.203125s user + 0.125000s system = 0.328125s CPU (119.5%)

RUN-1002 : start command "start_timer -report"
TMR-5001 WARNING: No sdc constraints found while initiating timer.
TMR-2505 : Start building timing graph for model audio_speak.
TMR-2506 : Build timing graph completely. Port num: 50, tpin num: 21601, tnet num: 5010, tinst num: 3567, tnode num: 25625, tedge num: 36361.
TMR-2508 : Levelizing timing graph completed, there are 47 levels in total.
TMR-2501 : Timing graph initialized successfully.
OPT-1001 : End timing update;  0.334485s wall, 0.328125s user + 0.000000s system = 0.328125s CPU (98.1%)

OPT-1001 : 0 high-fanout net processed.
OPT-1001 : End high-fanout net optimization;  0.670298s wall, 0.593750s user + 0.125000s system = 0.718750s CPU (107.2%)

OPT-1001 : Current memory(MB): used = 236, reserve = 206, peak = 236.
OPT-1001 : End physical optimization;  0.712539s wall, 0.625000s user + 0.125000s system = 0.750000s CPU (105.3%)

PHY-3001 : Start packing ...
SYN-4007 : Packing 0 MUX to BLE ...
SYN-4008 : Packed 0 MUX and 0 SEQ to BLE.
SYN-4007 : Packing 1421 LUT to BLE ...
SYN-4008 : Packed 1421 LUT and 444 SEQ to BLE.
SYN-4003 : Packing 419 remaining SEQ's ...
SYN-4005 : Packed 200 SEQ with LUT/SLICE
SYN-4006 : 845 single LUT's are left
SYN-4006 : 219 single SEQ's are left
SYN-4011 : Packing model "audio_speak" (AL_USER_NORMAL) with 1640/2925 primitive instances ...
PHY-3001 : End packing;  0.080504s wall, 0.078125s user + 0.000000s system = 0.078125s CPU (97.0%)

PHY-1001 : Populate physical database on model audio_speak.
RUN-1001 : There are total 2139 instances
RUN-1001 : 1023 mslices, 1023 lslices, 51 pads, 0 brams, 24 dsps
RUN-1001 : There are total 6692 nets
RUN-1001 : 4125 nets have 2 pins
RUN-1001 : 2023 nets have [3 - 5] pins
RUN-1001 : 409 nets have [6 - 10] pins
RUN-1001 : 82 nets have [11 - 20] pins
RUN-1001 : 42 nets have [21 - 99] pins
RUN-1001 : 11 nets have 100+ pins
PHY-3001 : design contains 2137 instances, 2046 slices, 279 macros(1192 instances: 800 mslices 392 lslices)
PHY-3001 : Cell area utilization is 26%
PHY-3001 : After packing: Len = 189883, Over = 140
PHY-3001 : Run with size of 2
PHY-3001 : Cell area utilization is 26%
PHY-3001 : :::0::: Try harder cell spreading with beta_ = 3.13522e-05
PHY-3002 : Step(157): len = 176600, overlap = 148.75
PHY-3002 : Step(158): len = 176222, overlap = 152.25
PHY-3002 : Step(159): len = 169766, overlap = 179.75
PHY-3002 : Step(160): len = 167678, overlap = 183.75
PHY-3002 : Step(161): len = 166742, overlap = 194.5
PHY-3001 : :::1::: Try harder cell spreading with beta_ = 6.27043e-05
PHY-3002 : Step(162): len = 170252, overlap = 191.25
PHY-3002 : Step(163): len = 171834, overlap = 189.5
PHY-3002 : Step(164): len = 173373, overlap = 185
PHY-3001 : :::2::: Try harder cell spreading with beta_ = 0.000125409
PHY-3002 : Step(165): len = 176033, overlap = 165.5
PHY-3002 : Step(166): len = 176735, overlap = 164.5
PHY-3002 : Step(167): len = 179522, overlap = 153
PHY-3002 : Step(168): len = 179940, overlap = 138.75
PHY-3002 : Step(169): len = 179734, overlap = 135.75
PHY-3001 : Legalization ...
PHY-3001 : End legalization;  0.275414s wall, 0.406250s user + 0.453125s system = 0.859375s CPU (312.0%)

PHY-3001 : Trial Legalized: Len = 215523
PHY-3001 : Run with size of 2
PHY-3001 : Cell area utilization is 24%
PHY-3001 : :::0::: Try harder cell spreading with beta_ = 0.000383697
PHY-3002 : Step(170): len = 201592, overlap = 16
PHY-3002 : Step(171): len = 197384, overlap = 29.25
PHY-3002 : Step(172): len = 194183, overlap = 32.5
PHY-3002 : Step(173): len = 193502, overlap = 35.5
PHY-3002 : Step(174): len = 192386, overlap = 39.25
PHY-3002 : Step(175): len = 192160, overlap = 39.25
PHY-3002 : Step(176): len = 191536, overlap = 37.5
PHY-3001 : :::1::: Try harder cell spreading with beta_ = 0.000767394
PHY-3002 : Step(177): len = 192192, overlap = 37.25
PHY-3002 : Step(178): len = 192421, overlap = 36.25
PHY-3001 : :::2::: Try harder cell spreading with beta_ = 0.00153479
PHY-3002 : Step(179): len = 192695, overlap = 36.5
PHY-3002 : Step(180): len = 192695, overlap = 36.5
PHY-3001 : Legalization ...
PHY-3001 : End legalization;  0.004171s wall, 0.000000s user + 0.000000s system = 0.000000s CPU (n/a%)

PHY-3001 : Legalized: Len = 201443, Over = 0
PHY-3001 : Spreading special nets. 6 overflows in 2952 tiles.
PHY-3001 : End spreading;  0.010777s wall, 0.015625s user + 0.000000s system = 0.015625s CPU (145.0%)

PHY-3001 : 7 instances has been re-located, deltaX = 4, deltaY = 2, maxDist = 1.
PHY-3001 : Final: Len = 201673, Over = 0
OPT-1001 : Start physical optimization ...
OPT-1001 : Total overflow 0.00 peak overflow 0.00
OPT-1001 : Start high-fanout net optimization ...
OPT-1001 : Update timing in global mode
PHY-1001 : Start incremental global routing, caller is place ...
RUN-1001 : Generating global routing grids ...
PHY-1001 : Generate routing nets ...
PHY-1001 : Reuse net number 198/6692.
PHY-1001 : Global iterations in 16 thread ...
PHY-1002 : len = 244000, over cnt = 644(1%), over = 1300, worst = 9
PHY-1002 : len = 250344, over cnt = 358(1%), over = 547, worst = 9
PHY-1002 : len = 254936, over cnt = 72(0%), over = 97, worst = 7
PHY-1002 : len = 255544, over cnt = 20(0%), over = 24, worst = 4
PHY-1002 : len = 255944, over cnt = 0(0%), over = 0, worst = 0
PHY-1001 : End global iterations;  0.408558s wall, 0.468750s user + 0.171875s system = 0.640625s CPU (156.8%)

PHY-1001 : Congestion index: top1 = 50.93, top5 = 37.59, top10 = 31.74, top15 = 28.30.
PHY-1001 : End incremental global routing;  0.509708s wall, 0.578125s user + 0.171875s system = 0.750000s CPU (147.1%)

RUN-1002 : start command "start_timer -report"
TMR-5001 WARNING: No sdc constraints found while initiating timer.
TMR-2505 : Start building timing graph for model audio_speak.
TMR-2506 : Build timing graph completely. Port num: 50, tpin num: 19876, tnet num: 4578, tinst num: 2137, tnode num: 23051, tedge num: 34188.
TMR-2508 : Levelizing timing graph completed, there are 45 levels in total.
TMR-2501 : Timing graph initialized successfully.
OPT-1001 : End timing update;  0.341963s wall, 0.343750s user + 0.000000s system = 0.343750s CPU (100.5%)

OPT-1001 : 0 high-fanout net processed.
OPT-1001 : End high-fanout net optimization;  0.915503s wall, 0.984375s user + 0.171875s system = 1.156250s CPU (126.3%)

OPT-1001 : Current memory(MB): used = 249, reserve = 219, peak = 249.
OPT-1001 : Update timing in Manhattan mode
OPT-1001 : End timing update;  0.006817s wall, 0.000000s user + 0.000000s system = 0.000000s CPU (n/a%)

OPT-1001 : Start pin optimization...
OPT-1001 : skip pin optimization...
RUN-1001 : Generating global routing grids ...
PHY-1001 : Generate routing nets ...
PHY-1001 : Reuse net number 4008/6692.
PHY-1001 : Global iterations in 16 thread ...
PHY-1002 : len = 255944, over cnt = 0(0%), over = 0, worst = 0
PHY-1001 : End global iterations;  0.014497s wall, 0.015625s user + 0.000000s system = 0.015625s CPU (107.8%)

PHY-1001 : Congestion index: top1 = 50.93, top5 = 37.59, top10 = 31.74, top15 = 28.30.
OPT-1001 : Update timing in Manhattan mode
OPT-1001 : End timing update;  0.007074s wall, 0.000000s user + 0.000000s system = 0.000000s CPU (n/a%)

RUN-1001 : QoR Analysis:
OPT-0007 :   WNS 2147483647 TNS 0 NUM_FEPS 0
RUN-1001 :   No local congestion issue, and most congested 1% tile average routing util is 50.517241
RUN-1001 :   Top critical paths
OPT-1001 : End physical optimization;  1.067397s wall, 1.125000s user + 0.171875s system = 1.296875s CPU (121.5%)

RUN-1003 : finish command "place" in  7.207994s wall, 11.406250s user + 10.906250s system = 22.312500s CPU (309.6%)

RUN-1004 : used memory is 209 MB, reserved memory is 179 MB, peak memory is 253 MB
RUN-1002 : start command "export_db ES8388_place.db"
RUN-1001 : Exported /
RUN-1001 : Exported flow parameters
RUN-1001 : Exported libs
RUN-1001 : Exported entities
RUN-1001 : Exported ports
RUN-1001 : Exported pins
RUN-1001 : Exported instances
RUN-1001 : Exported nets
RUN-1001 : Exported buses
RUN-1001 : Exported models
RUN-1001 : Exported congestions
RUN-1001 : Exported violations
RUN-1001 : Exported IO constraints
RUN-1001 : Exported Inst constraints
RUN-1002 : start command "route"
RUN-1001 : Open license file E:/Software/Anlogic/TD5.6.2/license/Anlogic.lic
RUN-1001 : Print Global Property
RUN-1001 : ---------------------------------------------------------------
RUN-1001 :        Parameters        |  Settings  |  Default Values  |  Note  
RUN-1001 : ---------------------------------------------------------------
RUN-1001 :          message         |  standard  |     standard     |        
RUN-1001 :   mixed_pack_place_flow  |     on     |        on        |        
RUN-1001 :        qor_monitor       |    off     |       off        |        
RUN-1001 :        syn_ip_flow       |    off     |       off        |        
RUN-1001 :          thread          |    auto    |       auto       |        
RUN-1001 : ---------------------------------------------------------------
RUN-1001 : Print Route Property
RUN-1001 : -------------------------------------------------------
RUN-1001 :    Parameters    |  Settings  |  Default Values  |  Note  
RUN-1001 : -------------------------------------------------------
RUN-1001 :      effort      |   medium   |      medium      |        
RUN-1001 :     fix_hold     |    off     |       off        |        
RUN-1001 :    opt_timing    |   medium   |      medium      |        
RUN-1001 :   phy_sim_model  |    off     |       off        |        
RUN-1001 :     priority     |   timing   |      timing      |        
RUN-1001 :     swap_pin     |     on     |        on        |        
RUN-1001 : -------------------------------------------------------
PHY-1001 : Route runs in 16 thread(s)
RUN-1001 : There are total 2139 instances
RUN-1001 : 1023 mslices, 1023 lslices, 51 pads, 0 brams, 24 dsps
RUN-1001 : There are total 6692 nets
RUN-1001 : 4125 nets have 2 pins
RUN-1001 : 2023 nets have [3 - 5] pins
RUN-1001 : 409 nets have [6 - 10] pins
RUN-1001 : 82 nets have [11 - 20] pins
RUN-1001 : 42 nets have [21 - 99] pins
RUN-1001 : 11 nets have 100+ pins
RUN-1002 : start command "start_timer -report"
TMR-5001 WARNING: No sdc constraints found while initiating timer.
TMR-2505 : Start building timing graph for model audio_speak.
TMR-2506 : Build timing graph completely. Port num: 50, tpin num: 19876, tnet num: 4578, tinst num: 2137, tnode num: 23051, tedge num: 34188.
TMR-2508 : Levelizing timing graph completed, there are 45 levels in total.
TMR-2501 : Timing graph initialized successfully.
PHY-1001 : 1023 mslices, 1023 lslices, 51 pads, 0 brams, 24 dsps
TMR-2503 : Start to update net delay, extr mode = 3.
TMR-2504 : Update delay of 4578 nets completely.
TMR-2502 : Annotate delay completely, extr mode = 3.
TMR-3002 : No user constraint, initiate default constraint.
TMR-1501 : Assign derive clock DeriveClock to 1296 clock pins, and constraint 3167 relative nodes.
TMR-3003 : Constraints initiated successfully.
TMR-3501 : Forward propagation: start to calculate arrival time...
TMR-3502 : Backward propagation: start to calculate required time...
TMR-3503 : Timing propagation completes.
PHY-1001 : Start global routing, caller is route ...
RUN-1001 : Generating global routing grids ...
PHY-1001 : Generate routing nets ...
PHY-1001 : Global iterations in 16 thread ...
PHY-1002 : len = 239088, over cnt = 621(1%), over = 1301, worst = 10
PHY-1002 : len = 244624, over cnt = 385(1%), over = 671, worst = 8
PHY-1002 : len = 250648, over cnt = 29(0%), over = 42, worst = 3
PHY-1002 : len = 251152, over cnt = 2(0%), over = 2, worst = 1
PHY-1002 : len = 251248, over cnt = 0(0%), over = 0, worst = 0
PHY-1001 : End global iterations;  0.401784s wall, 0.390625s user + 0.171875s system = 0.562500s CPU (140.0%)

PHY-1001 : Congestion index: top1 = 50.02, top5 = 37.59, top10 = 31.54, top15 = 27.95.
PHY-1001 : End global routing;  0.494855s wall, 0.453125s user + 0.187500s system = 0.640625s CPU (129.5%)

PHY-1001 : Start detail routing ...
PHY-1001 : Current memory(MB): used = 304, reserve = 276, peak = 305.
PHY-1001 : Detailed router is running in normal mode.
PHY-1001 : Generate detailed routing grids ...
PHY-1001 : Processed IO instance aud_dacdat_syn_4 with INV attribute.
PHY-1001 : Processed IO instance aud_dacdat_1_syn_4 with INV attribute.
PHY-1001 : Processed IO instance aud_dacdat_2_syn_4 with INV attribute.
PHY-1001 : Processed IO instance aud_dacdat_3_syn_4 with INV attribute.
PHY-1001 : Generate nets ...
PHY-1001 : clock net aud_bclk_syn_4 will be merged with clock aud_bclk_dup_1
PHY-1001 : clock net aud_bclk_1_syn_4 will be merged with clock aud_bclk_1_dup_1
PHY-1001 : clock net aud_bclk_2_syn_4 will be merged with clock aud_bclk_2_dup_1
PHY-1001 : clock net aud_bclk_3_syn_4 will be merged with clock aud_bclk_3_dup_1
PHY-1001 : net aud_mclk_dup_1 will be routed on clock mesh
PHY-1001 : net aud_mclk_1_dup_1 will be routed on clock mesh
PHY-1001 : net aud_mclk_2_dup_1 will be routed on clock mesh
PHY-1001 : net aud_mclk_3_dup_1 will be routed on clock mesh
PHY-1001 : clock net ilaclk_dup_1 will be merged with clock u_pll_clk/clk0_buf
PHY-1001 : clock net ilaclk_1_dup_1 will be merged with clock u1_pll_clk/clk0_buf
PHY-1001 : clock net ilaclk_2_dup_1 will be merged with clock u2_pll_clk/clk0_buf
PHY-1001 : clock net ilaclk_3_dup_1 will be merged with clock u3_pll_clk/clk0_buf
PHY-1001 : net sys_clk_dup_1 will be routed on clock mesh
PHY-1001 : clock net u1_es8388_ctrl/u_es8388_config/u_i2c_dri/dri_clk_syn_4 will be merged with clock u1_es8388_ctrl/u_es8388_config/u_i2c_dri/dri_clk
PHY-1001 : clock net u2_es8388_ctrl/u_es8388_config/u_i2c_dri/dri_clk_syn_4 will be merged with clock u2_es8388_ctrl/u_es8388_config/u_i2c_dri/dri_clk
PHY-1001 : clock net u3_es8388_ctrl/u_es8388_config/u_i2c_dri/dri_clk_syn_4 will be merged with clock u3_es8388_ctrl/u_es8388_config/u_i2c_dri/dri_clk
PHY-1001 : Current memory(MB): used = 559, reserve = 535, peak = 559.
PHY-1001 : End build detailed router design. 2.187871s wall, 2.093750s user + 0.078125s system = 2.171875s CPU (99.3%)

PHY-1001 : Detail Route ...
PHY-1001 : ===== Detail Route Phase 1 =====
PHY-1001 : Clock net routing.....
PHY-1001 : Routed 0% nets.
PHY-1022 : len = 61904, over cnt = 0(0%), over = 0, worst = 0, crit = 0
PHY-1001 : End initial clock net routed; 3.740458s wall, 3.671875s user + 0.031250s system = 3.703125s CPU (99.0%)

PHY-1001 : Current memory(MB): used = 593, reserve = 570, peak = 593.
PHY-1001 : End phase 1; 3.743029s wall, 3.671875s user + 0.031250s system = 3.703125s CPU (98.9%)

PHY-1001 : ===== Detail Route Phase 2 =====
PHY-1001 : Initial routing.....
PHY-1001 : Routed 23% nets.
PHY-1001 : Routed 28% nets.
PHY-1001 : Routed 35% nets.
PHY-1001 : Routed 44% nets.
PHY-1001 : Routed 59% nets.
PHY-1022 : len = 810288, over cnt = 212(0%), over = 212, worst = 1, crit = 0
PHY-1001 : Current memory(MB): used = 597, reserve = 573, peak = 597.
PHY-1001 : End initial routed; 6.790569s wall, 6.609375s user + 2.312500s system = 8.921875s CPU (131.4%)

PHY-1001 : Current memory(MB): used = 597, reserve = 573, peak = 597.
PHY-1001 : End phase 2; 6.790670s wall, 6.609375s user + 2.312500s system = 8.921875s CPU (131.4%)

PHY-1001 : ===== Detail Route Phase 3 =====
PHY-1001 : Ripup-reroute.....
PHY-1001 : ===== DR Iter 1 =====
PHY-1022 : len = 803584, over cnt = 57(0%), over = 57, worst = 1, crit = 0
PHY-1001 : End DR Iter 1; 0.365886s wall, 0.312500s user + 0.062500s system = 0.375000s CPU (102.5%)

PHY-1001 : ===== DR Iter 2 =====
PHY-1022 : len = 803288, over cnt = 7(0%), over = 7, worst = 1, crit = 0
PHY-1001 : End DR Iter 2; 0.064070s wall, 0.046875s user + 0.015625s system = 0.062500s CPU (97.5%)

PHY-1001 : ===== DR Iter 3 =====
PHY-1022 : len = 803192, over cnt = 0(0%), over = 0, worst = 0, crit = 0
PHY-1001 : End DR Iter 3; 0.035209s wall, 0.031250s user + 0.000000s system = 0.031250s CPU (88.8%)

PHY-1001 : Commit to database.....
PHY-1001 : 56 feed throughs used by 32 nets
PHY-1001 : End commit to database; 0.382967s wall, 0.390625s user + 0.000000s system = 0.390625s CPU (102.0%)

PHY-1001 : Current memory(MB): used = 629, reserve = 607, peak = 629.
PHY-1001 : End phase 3; 0.948822s wall, 0.890625s user + 0.078125s system = 0.968750s CPU (102.1%)

PHY-1003 : Routed, final wirelength = 803192
PHY-1001 : Current memory(MB): used = 631, reserve = 608, peak = 631.
PHY-1001 : End export database. 0.014676s wall, 0.015625s user + 0.000000s system = 0.015625s CPU (106.5%)

PHY-1001 : End detail routing;  13.859966s wall, 13.453125s user + 2.500000s system = 15.953125s CPU (115.1%)

RUN-1003 : finish command "route" in  14.934878s wall, 14.484375s user + 2.703125s system = 17.187500s CPU (115.1%)

RUN-1004 : used memory is 544 MB, reserved memory is 522 MB, peak memory is 631 MB
RUN-1002 : start command "report_area -io_info -file ES8388_phy.area"
RUN-1001 : standard
***Report Model: audio_speak Device: EG4S20BG256***

IO Statistics
#IO                        51
  #input                   19
  #output                  28
  #inout                    4

Utilization Statistics
#lut                     3805   out of  19600   19.41%
#reg                      863   out of  19600    4.40%
#le                      4024
  #lut only              3161   out of   4024   78.55%
  #reg only               219   out of   4024    5.44%
  #lut&reg                644   out of   4024   16.00%
#dsp                       24   out of     29   82.76%
#bram                       0   out of     64    0.00%
  #bram9k                   0
  #fifo9k                   0
#bram32k                    0   out of     16    0.00%
#pad                       51   out of    188   27.13%
  #ireg                     8
  #oreg                    13
  #treg                     4
#pll                        4   out of      4  100.00%
#gclk                      11   out of     16   68.75%

Clock Resource Statistics
Index     ClockNet                                            Type               DriverType         Driver                                                           Fanout
#1        sys_clk_dup_1                                       GCLK               io                 sys_clk_syn_2.di                                                 399
#2        aud_bclk_2_dup_1                                    GCLK               io                 aud_bclk_2_syn_2.di                                              46
#3        aud_bclk_dup_1                                      GCLK               io                 aud_bclk_syn_2.di                                                46
#4        aud_bclk_1_dup_1                                    GCLK               io                 aud_bclk_1_syn_2.di                                              45
#5        aud_bclk_3_dup_1                                    GCLK               io                 aud_bclk_3_syn_2.di                                              44
#6        u3_es8388_ctrl/u_es8388_config/u_i2c_dri/dri_clk    GCLK               lslice             u3_es8388_ctrl/u_es8388_config/u_i2c_dri/dri_clk_reg_syn_9.q0    44
#7        u1_es8388_ctrl/u_es8388_config/u_i2c_dri/dri_clk    GCLK               lslice             u1_es8388_ctrl/u_es8388_config/u_i2c_dri/dri_clk_reg_syn_9.q1    43
#8        u2_es8388_ctrl/u_es8388_config/u_i2c_dri/dri_clk    GCLK               lslice             u2_es8388_ctrl/u_es8388_config/u_i2c_dri/dri_clk_reg_syn_9.q1    43
#9        aud_mclk_1_dup_1                                    GCLK               pll                u1_pll_clk/pll_inst.clkc1                                        0
#10       aud_mclk_2_dup_1                                    GCLK               pll                u2_pll_clk/pll_inst.clkc1                                        0
#11       aud_mclk_3_dup_1                                    GCLK               pll                u3_pll_clk/pll_inst.clkc1                                        0
#12       aud_mclk_dup_1                                      GCLK               pll                u_pll_clk/pll_inst.clkc1                                         0
#13       u1_pll_clk/clk0_buf                                 GCLK               pll                u1_pll_clk/pll_inst.clkc0                                        0
#14       u2_pll_clk/clk0_buf                                 GCLK               pll                u2_pll_clk/pll_inst.clkc0                                        0
#15       u3_pll_clk/clk0_buf                                 GCLK               pll                u3_pll_clk/pll_inst.clkc0                                        0
#16       u_pll_clk/clk0_buf                                  GCLK               pll                u_pll_clk/pll_inst.clkc0                                         0


Detailed IO Report

      Name        Direction    Location    IOStandard    DriveStrength    PullType     PackReg   
   aud_adcdat       INPUT        R14        LVCMOS25          N/A          PULLUP       IREG     
  aud_adcdat_1      INPUT        G16        LVCMOS25          N/A          PULLUP       IREG     
  aud_adcdat_2      INPUT         E7        LVCMOS25          N/A          PULLUP       IREG     
  aud_adcdat_3      INPUT         L4        LVCMOS25          N/A          PULLUP       IREG     
    aud_bclk        INPUT         M6        LVCMOS25          N/A          PULLUP       NONE     
   aud_bclk_1       INPUT        G14        LVCMOS25          N/A          PULLUP       NONE     
   aud_bclk_2       INPUT         D5        LVCMOS25          N/A          PULLUP       NONE     
   aud_bclk_3       INPUT         H5        LVCMOS25          N/A          PULLUP       NONE     
    aud_lrc         INPUT         M7        LVCMOS25          N/A          PULLUP       IREG     
   aud_lrc_1        INPUT        H16        LVCMOS25          N/A          PULLUP       IREG     
   aud_lrc_2        INPUT         C6        LVCMOS25          N/A          PULLUP       IREG     
   aud_lrc_3        INPUT         K6        LVCMOS25          N/A          PULLUP       IREG     
    sys_clk         INPUT         R7        LVCMOS25          N/A          PULLUP       NONE     
   sys_rst_n        INPUT         E3        LVCMOS25          N/A          PULLUP       NONE     
  sys_rst_n_1       INPUT         F2        LVCMOS25          N/A           N/A         NONE     
  sys_rst_n_2       INPUT         T3        LVCMOS25          N/A           N/A         NONE     
  sys_rst_n_3       INPUT         C4        LVCMOS25          N/A           N/A         NONE     
   volume[1]        INPUT        B10        LVCMOS25          N/A          PULLUP       NONE     
   volume[0]        INPUT        A10        LVCMOS25          N/A          PULLUP       NONE     
   aud_dacdat      OUTPUT         P6        LVCMOS25           8            NONE        OREG     
  aud_dacdat_1     OUTPUT        H14        LVCMOS25           8            NONE        OREG     
  aud_dacdat_2     OUTPUT         E6        LVCMOS25           8            NONE        OREG     
  aud_dacdat_3     OUTPUT         K3        LVCMOS25           8            NONE        OREG     
    aud_mclk       OUTPUT         N5        LVCMOS25           8            NONE        NONE     
   aud_mclk_1      OUTPUT        F14        LVCMOS25           8            NONE        NONE     
   aud_mclk_2      OUTPUT         F6        LVCMOS25           8            NONE        NONE     
   aud_mclk_3      OUTPUT         H4        LVCMOS25           8            NONE        NONE     
    aud_scl        OUTPUT        R12        LVCMOS25           8            NONE        OREG     
   aud_scl_1       OUTPUT        D14        LVCMOS25           8            NONE        OREG     
   aud_scl_2       OUTPUT         A2        LVCMOS25           8            NONE        OREG     
   aud_scl_3       OUTPUT         G3        LVCMOS25           8            NONE        OREG     
     ilaclk        OUTPUT         M9        LVCMOS25           8            NONE        NONE     
    ilaclk_1       OUTPUT        L16        LVCMOS25           8            NONE        NONE     
    ilaclk_2       OUTPUT         D3        LVCMOS25           8            NONE        NONE     
    ilaclk_3       OUTPUT        K15        LVCMOS25           8            NONE        NONE     
      led          OUTPUT        F12        LVCMOS25           8            N/A         NONE     
     led_1         OUTPUT         E4        LVCMOS25           8            N/A         NONE     
     led_2         OUTPUT         J6        LVCMOS25           8            N/A         NONE     
     led_3         OUTPUT        J16        LVCMOS25           8            N/A         NONE     
   led_eight       OUTPUT        B14        LVCMOS25           8            NONE        NONE     
    led_five       OUTPUT        E16        LVCMOS25           8            NONE        NONE     
    led_four       OUTPUT        B15        LVCMOS25           8            NONE        NONE     
    led_one        OUTPUT        F16        LVCMOS25           8            NONE        OREG     
   led_seven       OUTPUT        B16        LVCMOS25           8            NONE        NONE     
    led_six        OUTPUT        C16        LVCMOS25           8            NONE        NONE     
    led_tree       OUTPUT        C15        LVCMOS25           8            NONE        NONE     
    led_two        OUTPUT        E13        LVCMOS25           8            NONE        NONE     
    aud_sda         INOUT         R9        LVCMOS25           8           PULLUP     OREG;TREG  
   aud_sda_1        INOUT        E15        LVCMOS25           8           PULLUP     OREG;TREG  
   aud_sda_2        INOUT         C3        LVCMOS25           8           PULLUP     OREG;TREG  
   aud_sda_3        INOUT         F3        LVCMOS25           8           PULLUP     OREG;TREG  

Report Hierarchy Area:
+--------------------------------------------------------------------------------------------------------+
|Instance                   |Module                 |le     |lut     |ripple  |seq     |bram    |dsp     |
+--------------------------------------------------------------------------------------------------------+
|top                        |audio_speak            |4024   |3189    |616     |888     |0       |24      |
|  u1_es8388_ctrl           |es8388_ctrl            |286    |228     |25      |141     |0       |0       |
|    u_audio_receive        |audio_receive          |93     |58      |12      |54      |0       |0       |
|    u_audio_send           |audio_send             |21     |14      |0       |19      |0       |0       |
|    u_es8388_config        |es8388_config          |172    |156     |13      |68      |0       |0       |
|      u_i2c_dri            |i2c_dri                |112    |107     |5       |39      |0       |0       |
|      u_i2c_reg_cfg        |i2c_reg_cfg            |60     |49      |8       |29      |0       |0       |
|  u1_pll_clk               |clk_wiz_0              |1      |1       |0       |0       |0       |0       |
|  u2_es8388_ctrl           |es8388_ctrl            |280    |223     |25      |143     |0       |0       |
|    u_audio_receive        |audio_receive          |91     |58      |12      |53      |0       |0       |
|    u_audio_send           |audio_send             |25     |16      |0       |22      |0       |0       |
|    u_es8388_config        |es8388_config          |164    |149     |13      |68      |0       |0       |
|      u_i2c_dri            |i2c_dri                |109    |102     |5       |41      |0       |0       |
|      u_i2c_reg_cfg        |i2c_reg_cfg            |55     |47      |8       |27      |0       |0       |
|  u2_pll_clk               |clk_wiz_0              |1      |1       |0       |0       |0       |0       |
|  u3_es8388_ctrl           |es8388_ctrl            |276    |229     |25      |137     |0       |0       |
|    u_audio_receive        |audio_receive          |81     |51      |12      |50      |0       |0       |
|    u_audio_send           |audio_send             |26     |22      |0       |23      |0       |0       |
|    u_es8388_config        |es8388_config          |169    |156     |13      |64      |0       |0       |
|      u_i2c_dri            |i2c_dri                |110    |105     |5       |39      |0       |0       |
|      u_i2c_reg_cfg        |i2c_reg_cfg            |59     |51      |8       |25      |0       |0       |
|  u3_pll_clk               |clk_wiz_0              |1      |1       |0       |0       |0       |0       |
|  u_es8388_ctrl            |es8388_ctrl            |322    |245     |53      |148     |0       |0       |
|    u_audio_receive        |audio_receive          |83     |56      |12      |52      |0       |0       |
|    u_audio_send           |audio_send             |80     |44      |28      |31      |0       |0       |
|    u_es8388_config        |es8388_config          |159    |145     |13      |65      |0       |0       |
|      u_i2c_dri            |i2c_dri                |103    |98      |5       |38      |0       |0       |
|      u_i2c_reg_cfg        |i2c_reg_cfg            |56     |47      |8       |27      |0       |0       |
|  u_pll_clk                |clk_wiz_0              |1      |1       |0       |0       |0       |0       |
|  u_spar_4mic_localization |spar_4mic_localization |2806   |2242    |476     |262     |0       |24      |
+--------------------------------------------------------------------------------------------------------+


DataNet Average Fanout:

   Index     Fanout     Nets  
    #1          1       4070  
    #2          2       1663  
    #3          3       333   
    #4          4        23   
    #5        5-10      418   
    #6        11-50     103   
    #7       51-100      4    
    #8       101-500     4    
    #9        >500       4    
  Average     2.71            

RUN-1002 : start command "export_db ES8388_pr.db"
RUN-1001 : Exported /
RUN-1001 : Exported flow parameters
RUN-1001 : Exported libs
RUN-1001 : Exported entities
RUN-1001 : Exported ports
RUN-1001 : Exported pins
RUN-1001 : Exported instances
RUN-1001 : Exported nets
RUN-1001 : Exported buses
RUN-1001 : Exported models
RUN-1001 : Exported congestions
RUN-1001 : Exported violations
RUN-1001 : Exported IO constraints
RUN-1001 : Exported Inst constraints
RUN-1002 : start command "export_bid ES8388_inst.bid"
RUN-1002 : start command "bitgen -bit ES8388.bit -unused_io_status pulldown"
BIT-1003 : Start to generate bitstream. 
BIT-1002 : Bitgen processed 137 unused pads, reserve input tri_state with pulldown
BIT-1002 : Init instances with 16 threads.
BIT-1002 : Init instances completely, inst num: 2274
BIT-1002 : Init pips with 16 threads.
BIT-1002 : Init pips completely, net num: 6692, pip num: 48659
BIT-1002 : Init feedthrough with 16 threads.
BIT-1002 : Init feedthrough completely, num: 56
BIT-1003 : Multithreading accelaration with 16 threads.
BIT-1003 : Generate bitstream completely, there are 2621 valid insts, and 128138 bits set as '1'.
BIT-1004 : PLL setting string = 1111
BIT-1004 : Generate bits file ES8388.bit.
RUN-1003 : finish command "bitgen -bit ES8388.bit -unused_io_status pulldown" in  2.679716s wall, 28.515625s user + 1.078125s system = 29.593750s CPU (1104.4%)

RUN-1004 : used memory is 570 MB, reserved memory is 552 MB, peak memory is 736 MB
RUN-1002 : start command "backup_run_log run.log ../.logs/phy_1/td_20251026_103330.log"
