============================================================
   Tang Dynasty, V5.6.71036
      Copyright (c) 2012-2023 Anlogic Inc.
   Executable = E:/Software/Anlogic/TD5.6.2/bin/td.exe
   Built at =   20:34:38 Mar 21 2023
   Run by =     Lviva
   Run Date =   Fri Oct 24 17:46:42 2025

   Run on =     VIVACIOUS
============================================================
RUN-1002 : start command "open_project ES8388.prj"
RUN-1001 : Print Global Property
RUN-1001 : ---------------------------------------------------------------
RUN-1001 :        Parameters        |  Settings  |  Default Values  |  Note  
RUN-1001 : ---------------------------------------------------------------
RUN-1001 :          message         |  standard  |     standard     |        
RUN-1001 :   mixed_pack_place_flow  |     on     |        on        |        
RUN-1001 :        qor_monitor       |    off     |       off        |        
RUN-1001 :        syn_ip_flow       |    off     |       off        |        
RUN-1001 :          thread          |    auto    |       auto       |        
RUN-1001 : ---------------------------------------------------------------
RUN-1001 : Print Design Property
RUN-1001 : --------------------------------------------------------------
RUN-1001 :        Parameters       |  Settings  |  Default Values  |  Note  
RUN-1001 : --------------------------------------------------------------
RUN-1001 :   default_reg_initial   |    auto    |       auto       |        
RUN-1001 :        infer_add        |     on     |        on        |        
RUN-1001 :        infer_fsm        |    off     |       off        |        
RUN-1001 :        infer_mult       |     on     |        on        |        
RUN-1001 :        infer_ram        |     on     |        on        |        
RUN-1001 :        infer_reg        |     on     |        on        |        
RUN-1001 :   infer_reg_init_value  |     on     |        on        |        
RUN-1001 :        infer_rom        |     on     |        on        |        
RUN-1001 :      infer_shifter      |     on     |        on        |        
RUN-1001 : --------------------------------------------------------------
RUN-1001 : Print Rtl Property
RUN-1001 : --------------------------------------------------------------
RUN-1001 :        Parameters       |  Settings  |  Default Values  |  Note  
RUN-1001 : --------------------------------------------------------------
RUN-1001 :       compress_add      |   ripple   |      ripple      |        
RUN-1001 :        elf_sload        |    off     |       off        |        
RUN-1001 :       fix_undriven      |     0      |        0         |        
RUN-1001 :         flatten         |    off     |       off        |        
RUN-1001 :       gate_sharing      |     on     |        on        |        
RUN-1001 :    hdl_warning_level    |   normal   |      normal      |        
RUN-1001 :   impl_internal_tribuf  |     on     |        on        |        
RUN-1001 :      impl_set_reset     |     on     |        on        |        
RUN-1001 :        infer_gsr        |    off     |       off        |        
RUN-1001 :      keep_hierarchy     |    auto    |       auto       |        
RUN-1001 :        max_fanout       |    9999    |       9999       |        
RUN-1001 :      max_oh2bin_len     |     10     |        10        |        
RUN-1001 :       merge_equal       |     on     |        on        |        
RUN-1001 :       merge_equiv       |     on     |        on        |        
RUN-1001 :        merge_mux        |    off     |       off        |        
RUN-1001 :     min_control_set     |     8      |        8         |        
RUN-1001 :      min_ripple_len     |    auto    |       auto       |        
RUN-1001 :       oh2bin_ratio      |    0.08    |       0.08       |        
RUN-1001 :     opt_adder_fanout    |     on     |        on        |        
RUN-1001 :        opt_arith        |     on     |        on        |        
RUN-1001 :       opt_big_gate      |    off     |       off        |        
RUN-1001 :        opt_const        |     on     |        on        |        
RUN-1001 :      opt_const_mult     |     on     |        on        |        
RUN-1001 :       opt_lessthan      |     on     |        on        |        
RUN-1001 :         opt_mux         |    off     |       off        |        
RUN-1001 :         opt_ram         |    high    |       high       |        
RUN-1001 :      rtl_sim_model      |    off     |       off        |        
RUN-1001 :         seq_syn         |     on     |        on        |        
RUN-1001 : --------------------------------------------------------------
HDL-1007 : analyze verilog file ../../al_ip/clk_wiz_0.v
HDL-1007 : undeclared symbol 'open', assumed default net type 'wire' in ../../al_ip/clk_wiz_0.v(80)
HDL-1007 : analyze verilog file ../../../RTL/audio_receive.v
HDL-1007 : analyze verilog file ../../../RTL/audio_send.v
HDL-1007 : analyze verilog file ../../../RTL/audio_speak.v
HDL-1007 : analyze verilog file ../../../RTL/es8388_config.v
HDL-1007 : analyze verilog file ../../../RTL/es8388_ctrl.v
HDL-1007 : analyze verilog file ../../../RTL/i2c_dri.v
HDL-1007 : analyze verilog file ../../../RTL/i2c_reg_cfg.v
RUN-1001 : Project manager successfully analyzed 8 source files.
RUN-1002 : start command "import_device eagle_s20.db -package EG4S20BG256"
ARC-1001 : Device Initialization.
ARC-1001 : ------------------------------------------------------------------
ARC-1001 :            OPTION            |          IO          |   SETTING   
ARC-1001 : ------------------------------------------------------------------
ARC-1001 :   cso_b/cclk/mosi/miso/dout  |  T3/R11/T10/P10/S11  |    gpio    
ARC-1001 :             done             |         P13          |    gpio    
ARC-1001 :           program_b          |          T2          |  dedicate  
ARC-1001 :        tdi/tms/tck/tdo       |   C12/A15/C14/E14    |  dedicate  
ARC-1001 : ------------------------------------------------------------------
ARC-1004 : Device setting, marked 5 dedicate IOs in total.
RUN-1002 : start command "import_db ../syn_1/ES8388_gate.db"
RUN-1001 : Importing database generated by Tang Dynasty, V5.6.71036.
RUN-1001 : Database version number 46146.
RUN-1001 : Import flow parameters
RUN-1001 : Import IO constraints
RUN-1001 : Import Inst constraints
RUN-1001 : Import design success TD_VERSION=5.6.71036 , DB_VERSION=46146
RUN-1002 : start command "place"
RUN-1001 : Open license file E:/Software/Anlogic/TD5.6.2/license/Anlogic.lic
RUN-1001 : Print Global Property
RUN-1001 : ---------------------------------------------------------------
RUN-1001 :        Parameters        |  Settings  |  Default Values  |  Note  
RUN-1001 : ---------------------------------------------------------------
RUN-1001 :          message         |  standard  |     standard     |        
RUN-1001 :   mixed_pack_place_flow  |     on     |        on        |        
RUN-1001 :        qor_monitor       |    off     |       off        |        
RUN-1001 :        syn_ip_flow       |    off     |       off        |        
RUN-1001 :          thread          |    auto    |       auto       |        
RUN-1001 : ---------------------------------------------------------------
RUN-1001 : Print Place Property
RUN-1001 : --------------------------------------------------------------
RUN-1001 :        Parameters       |  Settings  |  Default Values  |  Note  
RUN-1001 : --------------------------------------------------------------
RUN-1001 :      detailed_place     |     on     |        on        |        
RUN-1001 :          effort         |   medium   |      medium      |        
RUN-1001 :         fix_hold        |    off     |       off        |        
RUN-1001 :       legalization      |    ori     |       ori        |        
RUN-1001 :      new_spreading      |     on     |        on        |        
RUN-1001 :        opt_timing       |   medium   |      medium      |        
RUN-1001 :   post_clock_route_opt  |    off     |       off        |        
RUN-1001 :       pr_strategy       |     1      |        1         |        
RUN-1001 :        relaxation       |    1.00    |       1.00       |        
RUN-1001 :         retiming        |    off     |       off        |        
RUN-1001 : --------------------------------------------------------------
PHY-3001 : Placer runs in 16 thread(s).
RUN-1002 : start command "legalize_phy_inst"
SYN-1011 : Flatten model audio_speak
RUN-1002 : start command "phys_opt -simplify_lut"
SYN-4016 : Net ilaclk_1_dup_1 driven by BUFG (0 clock/control pins, 2 other pins).
SYN-4016 : Net ilaclk_2_dup_1 driven by BUFG (0 clock/control pins, 2 other pins).
SYN-4016 : Net ilaclk_3_dup_1 driven by BUFG (0 clock/control pins, 2 other pins).
SYN-4016 : Net ilaclk_dup_1 driven by BUFG (0 clock/control pins, 2 other pins).
SYN-4027 : Net aud_mclk_1_dup_1 is clkc1 of pll u1_pll_clk/pll_inst.
SYN-4019 : Net sys_clk_dup_1 is refclk of pll u1_pll_clk/pll_inst.
SYN-4020 : Net sys_clk_dup_1 is fbclk of pll u1_pll_clk/pll_inst.
SYN-4027 : Net aud_mclk_2_dup_1 is clkc1 of pll u2_pll_clk/pll_inst.
SYN-4019 : Net sys_clk_dup_1 is refclk of pll u2_pll_clk/pll_inst.
SYN-4020 : Net sys_clk_dup_1 is fbclk of pll u2_pll_clk/pll_inst.
SYN-4027 : Net aud_mclk_3_dup_1 is clkc1 of pll u3_pll_clk/pll_inst.
SYN-4019 : Net sys_clk_dup_1 is refclk of pll u3_pll_clk/pll_inst.
SYN-4020 : Net sys_clk_dup_1 is fbclk of pll u3_pll_clk/pll_inst.
SYN-4027 : Net aud_mclk_dup_1 is clkc1 of pll u_pll_clk/pll_inst.
SYN-4019 : Net sys_clk_dup_1 is refclk of pll u_pll_clk/pll_inst.
SYN-4020 : Net sys_clk_dup_1 is fbclk of pll u_pll_clk/pll_inst.
SYN-4024 : Net "aud_bclk_dup_1" drives clk pins.
SYN-4024 : Net "aud_bclk_1_dup_1" drives clk pins.
SYN-4024 : Net "aud_bclk_2_dup_1" drives clk pins.
SYN-4024 : Net "aud_bclk_3_dup_1" drives clk pins.
SYN-4024 : Net "u1_es8388_ctrl/u_es8388_config/u_i2c_dri/dri_clk" drives clk pins.
SYN-4024 : Net "u2_es8388_ctrl/u_es8388_config/u_i2c_dri/dri_clk" drives clk pins.
SYN-4024 : Net "u3_es8388_ctrl/u_es8388_config/u_i2c_dri/dri_clk" drives clk pins.
SYN-7503 WARNING: Net "u_es8388_ctrl/u_es8388_config/u_i2c_dri/dri_clk" drives clk pins. However it will not be tagged as clk net, for there's no more slots.
SYN-4025 : Tag rtl::Net aud_bclk_1_dup_1 as clock net
SYN-4025 : Tag rtl::Net aud_bclk_2_dup_1 as clock net
SYN-4025 : Tag rtl::Net aud_bclk_3_dup_1 as clock net
SYN-4025 : Tag rtl::Net aud_bclk_dup_1 as clock net
SYN-4025 : Tag rtl::Net aud_mclk_1_dup_1 as clock net
SYN-4025 : Tag rtl::Net aud_mclk_2_dup_1 as clock net
SYN-4025 : Tag rtl::Net aud_mclk_3_dup_1 as clock net
SYN-4025 : Tag rtl::Net aud_mclk_dup_1 as clock net
SYN-4025 : Tag rtl::Net ilaclk_1_dup_1 as clock net
SYN-4025 : Tag rtl::Net ilaclk_2_dup_1 as clock net
SYN-4025 : Tag rtl::Net ilaclk_3_dup_1 as clock net
SYN-4025 : Tag rtl::Net ilaclk_dup_1 as clock net
SYN-4025 : Tag rtl::Net sys_clk_dup_1 as clock net
SYN-4025 : Tag rtl::Net u1_es8388_ctrl/u_es8388_config/u_i2c_dri/dri_clk as clock net
SYN-4025 : Tag rtl::Net u2_es8388_ctrl/u_es8388_config/u_i2c_dri/dri_clk as clock net
SYN-4025 : Tag rtl::Net u3_es8388_ctrl/u_es8388_config/u_i2c_dri/dri_clk as clock net
SYN-4026 : Tagged 16 rtl::Net as clock net
SYN-4015 : Create BUFG instance for clk Net aud_bclk_1_dup_1 to drive 80 clock pins.
SYN-4015 : Create BUFG instance for clk Net aud_bclk_2_dup_1 to drive 80 clock pins.
SYN-4015 : Create BUFG instance for clk Net aud_bclk_dup_1 to drive 80 clock pins.
SYN-4015 : Create BUFG instance for clk Net u1_es8388_ctrl/u_es8388_config/u_i2c_dri/dri_clk to drive 59 clock pins.
SYN-4015 : Create BUFG instance for clk Net u2_es8388_ctrl/u_es8388_config/u_i2c_dri/dri_clk to drive 59 clock pins.
SYN-4015 : Create BUFG instance for clk Net u3_es8388_ctrl/u_es8388_config/u_i2c_dri/dri_clk to drive 59 clock pins.
PHY-1001 : Populate physical database on model audio_speak.
RUN-1001 : There are total 1577 instances
RUN-0007 : 791 luts, 612 seqs, 72 mslices, 42 lslices, 43 pads, 0 brams, 0 dsps
RUN-1001 : There are total 1761 nets
RUN-1001 : 1124 nets have 2 pins
RUN-1001 : 425 nets have [3 - 5] pins
RUN-1001 : 98 nets have [6 - 10] pins
RUN-1001 : 70 nets have [11 - 20] pins
RUN-1001 : 38 nets have [21 - 99] pins
RUN-1001 : 6 nets have 100+ pins
RUN-1001 : Report Control nets information:
RUN-1001 : DFF Distribution
RUN-1001 : ----------------------------------
RUN-1001 :   CE   |  SSR  |  ASR  |  DFF Count  
RUN-1001 : ----------------------------------
RUN-1001 :   No   |  No   |  No   |      0      
RUN-1001 :   No   |  No   |  Yes  |     292     
RUN-1001 :   No   |  Yes  |  No   |      0      
RUN-1001 :   Yes  |  No   |  No   |      0      
RUN-1001 :   Yes  |  No   |  Yes  |     288     
RUN-1001 :   Yes  |  Yes  |  No   |     32      
RUN-1001 : ----------------------------------
RUN-0007 : Control Group Statistic
RUN-0007 : ---------------------------
RUN-0007 :   #CLK  |  #CE  |  #SSR/ASR  
RUN-0007 : ---------------------------
RUN-0007 :    9    |  21   |     9      
RUN-0007 : ---------------------------
RUN-0007 : Control Set = 32
PHY-3001 : Initial placement ...
PHY-3001 : design contains 1575 instances, 791 luts, 612 seqs, 114 slices, 32 macros(114 instances: 72 mslices 42 lslices)
PHY-0007 : Cell area utilization is 5%
PHY-3001 : Global placement ...
PHY-3001 : Initial: Len = 339797
PHY-3001 : Clustering ...
PHY-3001 : Level 0 #clusters 1575.
PHY-3001 : End clustering;  0.000025s wall, 0.000000s user + 0.000000s system = 0.000000s CPU (n/a%)

PHY-3001 : Run with size of 4
PHY-3001 : Cell area utilization is 5%
PHY-3001 : :::0::: Try harder cell spreading with beta_ = 0
PHY-3002 : Step(1): len = 195892, overlap = 0
PHY-3002 : Step(2): len = 131930, overlap = 0
PHY-3002 : Step(3): len = 92317.7, overlap = 0
PHY-3002 : Step(4): len = 73575, overlap = 0
PHY-3002 : Step(5): len = 62060.8, overlap = 0
PHY-3002 : Step(6): len = 55317.3, overlap = 0
PHY-3002 : Step(7): len = 49275.1, overlap = 0
PHY-3002 : Step(8): len = 48987.6, overlap = 0
PHY-3002 : Step(9): len = 47288.1, overlap = 0
PHY-3002 : Step(10): len = 43852.8, overlap = 0
PHY-3002 : Step(11): len = 40834.5, overlap = 0
PHY-3002 : Step(12): len = 38908.8, overlap = 0
PHY-3002 : Step(13): len = 38694.6, overlap = 0
PHY-3002 : Step(14): len = 38733.4, overlap = 0
PHY-3002 : Step(15): len = 36826.2, overlap = 0
PHY-3002 : Step(16): len = 34826.7, overlap = 0
PHY-3002 : Step(17): len = 34669.2, overlap = 0.125
PHY-3002 : Step(18): len = 32710.2, overlap = 1.84375
PHY-3002 : Step(19): len = 33580.4, overlap = 2.5
PHY-3002 : Step(20): len = 33426.9, overlap = 2.8125
PHY-3002 : Step(21): len = 30877.5, overlap = 3.53125
PHY-3002 : Step(22): len = 29741.8, overlap = 4.375
PHY-3002 : Step(23): len = 30308, overlap = 4.40625
PHY-3002 : Step(24): len = 30260.2, overlap = 4.15625
PHY-3001 : Legalization ...
PHY-3001 : End legalization;  0.002190s wall, 0.000000s user + 0.000000s system = 0.000000s CPU (n/a%)

PHY-3001 : Run with size of 4
PHY-3001 : Cell area utilization is 6%
PHY-3001 : :::0::: Try harder cell spreading with beta_ = 0
PHY-3002 : Step(25): len = 27829.2, overlap = 20.9062
PHY-3002 : Step(26): len = 27892.4, overlap = 21
PHY-3002 : Step(27): len = 27877.4, overlap = 21.2188
PHY-3002 : Step(28): len = 28122.2, overlap = 21.6562
PHY-3002 : Step(29): len = 28231.8, overlap = 22.0312
PHY-3002 : Step(30): len = 27720.6, overlap = 22.4688
PHY-3002 : Step(31): len = 27783.2, overlap = 21.5625
PHY-3002 : Step(32): len = 28027.2, overlap = 20.625
PHY-3002 : Step(33): len = 28200.3, overlap = 20.625
PHY-3002 : Step(34): len = 28587.8, overlap = 21.75
PHY-3002 : Step(35): len = 27731.8, overlap = 23.0312
PHY-3002 : Step(36): len = 28383.6, overlap = 20.8438
PHY-3002 : Step(37): len = 28777.2, overlap = 20.4375
PHY-3002 : Step(38): len = 28913.5, overlap = 17
PHY-3002 : Step(39): len = 28777.8, overlap = 13.6562
PHY-3002 : Step(40): len = 28780.6, overlap = 11.625
PHY-3002 : Step(41): len = 29203.1, overlap = 8.34375
PHY-3002 : Step(42): len = 29246.6, overlap = 10.0312
PHY-3002 : Step(43): len = 27977.3, overlap = 11.2812
PHY-3002 : Step(44): len = 27983.9, overlap = 12.875
PHY-3002 : Step(45): len = 28252.5, overlap = 12.4688
PHY-3002 : Step(46): len = 27734.8, overlap = 10.8438
PHY-3002 : Step(47): len = 26839, overlap = 11.5938
PHY-3002 : Step(48): len = 26835, overlap = 13.5
PHY-3002 : Step(49): len = 25337.3, overlap = 19.1562
PHY-3002 : Step(50): len = 24863.4, overlap = 22.4688
PHY-3002 : Step(51): len = 25091.1, overlap = 20.2188
PHY-3002 : Step(52): len = 23526.9, overlap = 20.25
PHY-3002 : Step(53): len = 23004.8, overlap = 20.375
PHY-3002 : Step(54): len = 22964.8, overlap = 21.5
PHY-3002 : Step(55): len = 23115, overlap = 22.7812
PHY-3002 : Step(56): len = 22925.3, overlap = 27.125
PHY-3001 : :::1::: Try harder cell spreading with beta_ = 0.00031346
PHY-3002 : Step(57): len = 21847.7, overlap = 24.0625
PHY-3002 : Step(58): len = 22005.2, overlap = 23.5312
PHY-3002 : Step(59): len = 22370.9, overlap = 20.4062
PHY-3001 : :::2::: Try harder cell spreading with beta_ = 0.00062692
PHY-3002 : Step(60): len = 21267, overlap = 21.4062
PHY-3002 : Step(61): len = 21267, overlap = 21.4062
PHY-3001 : Run with size of 2
PHY-3001 : Cell area utilization is 6%
PHY-3001 : :::0::: Try harder cell spreading with beta_ = 6.41578e-06
PHY-3002 : Step(62): len = 21620.8, overlap = 77
PHY-3002 : Step(63): len = 21841.3, overlap = 76.25
PHY-3001 : :::1::: Try harder cell spreading with beta_ = 1.28316e-05
PHY-3002 : Step(64): len = 22632.4, overlap = 71.0938
PHY-3002 : Step(65): len = 22632.4, overlap = 71.0938
PHY-3002 : Step(66): len = 22490.9, overlap = 68.2812
PHY-3002 : Step(67): len = 22490.9, overlap = 68.2812
PHY-3002 : Step(68): len = 22506.2, overlap = 67.0312
PHY-3001 : :::2::: Try harder cell spreading with beta_ = 2.55863e-05
PHY-3002 : Step(69): len = 24238.1, overlap = 62.0312
PHY-3002 : Step(70): len = 24726.2, overlap = 60.8125
PHY-3002 : Step(71): len = 25569.2, overlap = 50.4062
PHY-3002 : Step(72): len = 24942.5, overlap = 48.0938
PHY-3002 : Step(73): len = 24953.3, overlap = 48.1562
PHY-3001 : :::3::: Try harder cell spreading with beta_ = 5.11727e-05
PHY-3002 : Step(74): len = 24702.6, overlap = 46.1562
PHY-3002 : Step(75): len = 24702.6, overlap = 46.1562
PHY-3001 : :::4::: Try harder cell spreading with beta_ = 0.000102345
PHY-3002 : Step(76): len = 26214.6, overlap = 43.6875
PHY-3002 : Step(77): len = 26447.5, overlap = 42.9688
PHY-3002 : Step(78): len = 26516.8, overlap = 42.4062
PHY-3001 : :::5::: Try harder cell spreading with beta_ = 0.000204691
PHY-3002 : Step(79): len = 25958.6, overlap = 39.5
PHY-3002 : Step(80): len = 25958.6, overlap = 39.5
PHY-3001 : :::6::: Try harder cell spreading with beta_ = 0.000382175
PHY-3002 : Step(81): len = 26849.9, overlap = 37.125
PHY-3002 : Step(82): len = 26849.9, overlap = 37.125
PHY-3001 : :::7::: Try harder cell spreading with beta_ = 0.000764349
PHY-3002 : Step(83): len = 27387.1, overlap = 33.6875
PHY-3002 : Step(84): len = 27387.1, overlap = 33.6875
PHY-3002 : Step(85): len = 27196, overlap = 32.4375
PHY-3001 : :::8::: Try harder cell spreading with beta_ = 0.0015287
PHY-3002 : Step(86): len = 27521.1, overlap = 31.625
PHY-3002 : Step(87): len = 27521.1, overlap = 31.625
PHY-3001 : :::9::: Try harder cell spreading with beta_ = 0.00276032
PHY-3002 : Step(88): len = 27615.8, overlap = 31.4375
PHY-3002 : Step(89): len = 27654.7, overlap = 31.0625
PHY-3001 : :::10::: Try harder cell spreading with beta_ = 0.00446619
PHY-3002 : Step(90): len = 27716.5, overlap = 31.125
PHY-3002 : Step(91): len = 27716.5, overlap = 31.125
PHY-3001 : :::11::: Try harder cell spreading with beta_ = 0.0072263
PHY-3002 : Step(92): len = 27780.8, overlap = 31
PHY-3002 : Step(93): len = 27786.4, overlap = 31.4062
PHY-3001 : :::12::: Try harder cell spreading with beta_ = 0.012111
PHY-3002 : Step(94): len = 27793.3, overlap = 31.6875
PHY-3002 : Step(95): len = 27793.3, overlap = 31.6875
PHY-3001 : :::13::: Try harder cell spreading with beta_ = 0.020345
PHY-3002 : Step(96): len = 27790.4, overlap = 32.5625
PHY-3002 : Step(97): len = 27778.7, overlap = 32.625
PHY-3001 : :::14::: Try harder cell spreading with beta_ = 0.04069
PHY-3002 : Step(98): len = 27706.7, overlap = 32.6875
PHY-3002 : Step(99): len = 27706.7, overlap = 32.6875
OPT-1001 : Start physical optimization ...
OPT-1001 : Total overflow 81.44 peak overflow 8.59
OPT-1001 : Start high-fanout net optimization ...
OPT-1001 : Update timing in global mode
PHY-1001 : Start incremental global routing, caller is place ...
RUN-1001 : Generating global routing grids ...
RUN-1001 : Building simple global routing graph ...
PHY-1001 : Generate routing nets ...
PHY-1001 : Reuse net number 0/1761.
PHY-1001 : Global iterations in 16 thread ...
PHY-1002 : len = 30752, over cnt = 141(0%), over = 617, worst = 19
PHY-1001 : End global iterations;  0.049343s wall, 0.015625s user + 0.031250s system = 0.046875s CPU (95.0%)

PHY-1001 : Congestion index: top1 = 31.01, top5 = 16.03, top10 = 9.46, top15 = 6.75.
PHY-1001 : End incremental global routing;  0.097020s wall, 0.031250s user + 0.062500s system = 0.093750s CPU (96.6%)

RUN-1002 : start command "start_timer -report"
TMR-5001 WARNING: No sdc constraints found while initiating timer.
TMR-2505 : Start building timing graph for model audio_speak.
TMR-2506 : Build timing graph completely. Port num: 45, tpin num: 7341, tnet num: 1759, tinst num: 1575, tnode num: 9577, tedge num: 11585.
TMR-2508 : Levelizing timing graph completed, there are 17 levels in total.
TMR-2501 : Timing graph initialized successfully.
OPT-1001 : End timing update;  0.184025s wall, 0.187500s user + 0.000000s system = 0.187500s CPU (101.9%)

OPT-1001 : 0 high-fanout net processed.
OPT-1001 : End high-fanout net optimization;  0.300440s wall, 0.234375s user + 0.062500s system = 0.296875s CPU (98.8%)

OPT-1001 : Current memory(MB): used = 171, reserve = 140, peak = 171.
OPT-1001 : End physical optimization;  0.314298s wall, 0.250000s user + 0.062500s system = 0.312500s CPU (99.4%)

PHY-3001 : Start packing ...
SYN-4007 : Packing 0 MUX to BLE ...
SYN-4008 : Packed 0 MUX and 0 SEQ to BLE.
SYN-4007 : Packing 791 LUT to BLE ...
SYN-4008 : Packed 791 LUT and 328 SEQ to BLE.
SYN-4003 : Packing 284 remaining SEQ's ...
SYN-4005 : Packed 193 SEQ with LUT/SLICE
SYN-4006 : 310 single LUT's are left
SYN-4006 : 91 single SEQ's are left
SYN-4011 : Packing model "audio_speak" (AL_USER_NORMAL) with 882/1056 primitive instances ...
PHY-3001 : End packing;  0.041589s wall, 0.046875s user + 0.000000s system = 0.046875s CPU (112.7%)

PHY-1001 : Populate physical database on model audio_speak.
RUN-1001 : There are total 662 instances
RUN-1001 : 301 mslices, 301 lslices, 43 pads, 0 brams, 0 dsps
RUN-1001 : There are total 1445 nets
RUN-1001 : 783 nets have 2 pins
RUN-1001 : 445 nets have [3 - 5] pins
RUN-1001 : 104 nets have [6 - 10] pins
RUN-1001 : 78 nets have [11 - 20] pins
RUN-1001 : 33 nets have [21 - 99] pins
RUN-1001 : 2 nets have 100+ pins
PHY-3001 : design contains 660 instances, 602 slices, 32 macros(114 instances: 72 mslices 42 lslices)
PHY-3001 : Cell area utilization is 8%
PHY-3001 : After packing: Len = 27728.4, Over = 47.25
PHY-3001 : Run with size of 2
PHY-3001 : Cell area utilization is 8%
PHY-3001 : :::0::: Try harder cell spreading with beta_ = 3.17696e-05
PHY-3002 : Step(100): len = 26412.9, overlap = 52.5
PHY-3002 : Step(101): len = 26329.1, overlap = 53
PHY-3002 : Step(102): len = 26054.6, overlap = 53.75
PHY-3001 : :::1::: Try harder cell spreading with beta_ = 6.35393e-05
PHY-3002 : Step(103): len = 26603.2, overlap = 54.75
PHY-3002 : Step(104): len = 26603.2, overlap = 54.75
PHY-3002 : Step(105): len = 26465.2, overlap = 52.5
PHY-3001 : :::2::: Try harder cell spreading with beta_ = 0.000122943
PHY-3002 : Step(106): len = 27140.2, overlap = 53.5
PHY-3002 : Step(107): len = 27140.2, overlap = 53.5
PHY-3002 : Step(108): len = 27184.4, overlap = 51
PHY-3001 : Legalization ...
PHY-3001 : End legalization;  0.092278s wall, 0.078125s user + 0.109375s system = 0.187500s CPU (203.2%)

PHY-3001 : Trial Legalized: Len = 45371
PHY-3001 : Run with size of 2
PHY-3001 : Cell area utilization is 7%
PHY-3001 : :::0::: Try harder cell spreading with beta_ = 0.000845672
PHY-3002 : Step(109): len = 37365.9, overlap = 10.25
PHY-3002 : Step(110): len = 35290.5, overlap = 16.5
PHY-3002 : Step(111): len = 33028.9, overlap = 24.25
PHY-3002 : Step(112): len = 32332.9, overlap = 28.75
PHY-3002 : Step(113): len = 31429.8, overlap = 32
PHY-3002 : Step(114): len = 30705.7, overlap = 32.25
PHY-3002 : Step(115): len = 30366.8, overlap = 35.25
PHY-3002 : Step(116): len = 30157.6, overlap = 35.25
PHY-3001 : :::1::: Try harder cell spreading with beta_ = 0.00169134
PHY-3002 : Step(117): len = 30177.2, overlap = 35.5
PHY-3002 : Step(118): len = 30098.8, overlap = 34.75
PHY-3001 : :::2::: Try harder cell spreading with beta_ = 0.00338269
PHY-3002 : Step(119): len = 30117, overlap = 34.75
PHY-3002 : Step(120): len = 30081.4, overlap = 35
PHY-3001 : Legalization ...
PHY-3001 : End legalization;  0.003809s wall, 0.000000s user + 0.000000s system = 0.000000s CPU (n/a%)

PHY-3001 : Legalized: Len = 37723.9, Over = 0
PHY-3001 : Spreading special nets. 5 overflows in 2952 tiles.
PHY-3001 : End spreading;  0.004683s wall, 0.000000s user + 0.000000s system = 0.000000s CPU (n/a%)

PHY-3001 : 7 instances has been re-located, deltaX = 4, deltaY = 2, maxDist = 2.
PHY-3001 : Final: Len = 37927.9, Over = 0
OPT-1001 : Start physical optimization ...
OPT-1001 : Total overflow 0.00 peak overflow 0.00
OPT-1001 : Start high-fanout net optimization ...
OPT-1001 : Update timing in global mode
PHY-1001 : Start incremental global routing, caller is place ...
RUN-1001 : Generating global routing grids ...
PHY-1001 : Generate routing nets ...
PHY-1001 : Reuse net number 73/1445.
PHY-1001 : Global iterations in 16 thread ...
PHY-1002 : len = 44800, over cnt = 159(0%), over = 238, worst = 4
PHY-1002 : len = 46384, over cnt = 36(0%), over = 37, worst = 2
PHY-1002 : len = 46712, over cnt = 14(0%), over = 14, worst = 1
PHY-1002 : len = 46880, over cnt = 0(0%), over = 0, worst = 0
PHY-1001 : End global iterations;  0.088035s wall, 0.062500s user + 0.046875s system = 0.109375s CPU (124.2%)

PHY-1001 : Congestion index: top1 = 27.97, top5 = 19.66, top10 = 13.68, top15 = 9.93.
PHY-1001 : End incremental global routing;  0.134860s wall, 0.093750s user + 0.062500s system = 0.156250s CPU (115.9%)

RUN-1002 : start command "start_timer -report"
TMR-5001 WARNING: No sdc constraints found while initiating timer.
TMR-2505 : Start building timing graph for model audio_speak.
TMR-2506 : Build timing graph completely. Port num: 45, tpin num: 6253, tnet num: 1443, tinst num: 660, tnode num: 7857, tedge num: 10358.
TMR-2508 : Levelizing timing graph completed, there are 17 levels in total.
TMR-2501 : Timing graph initialized successfully.
OPT-1001 : End timing update;  0.175272s wall, 0.171875s user + 0.000000s system = 0.171875s CPU (98.1%)

OPT-1001 : 0 high-fanout net processed.
OPT-1001 : End high-fanout net optimization;  0.327826s wall, 0.281250s user + 0.062500s system = 0.343750s CPU (104.9%)

OPT-1001 : Current memory(MB): used = 176, reserve = 144, peak = 176.
OPT-1001 : Update timing in Manhattan mode
OPT-1001 : End timing update;  0.001555s wall, 0.000000s user + 0.000000s system = 0.000000s CPU (n/a%)

OPT-1001 : Start pin optimization...
OPT-1001 : skip pin optimization...
RUN-1001 : Generating global routing grids ...
PHY-1001 : Generate routing nets ...
PHY-1001 : Reuse net number 1181/1445.
PHY-1001 : Global iterations in 16 thread ...
PHY-1002 : len = 46880, over cnt = 0(0%), over = 0, worst = 0
PHY-1001 : End global iterations;  0.002637s wall, 0.000000s user + 0.000000s system = 0.000000s CPU (n/a%)

PHY-1001 : Congestion index: top1 = 27.97, top5 = 19.66, top10 = 13.68, top15 = 9.93.
OPT-1001 : Update timing in Manhattan mode
OPT-1001 : End timing update;  0.002146s wall, 0.015625s user + 0.000000s system = 0.015625s CPU (728.2%)

RUN-1001 : QoR Analysis:
OPT-0007 :   WNS 2147483647 TNS 0 NUM_FEPS 0
RUN-1001 :   No local congestion issue, and most congested 1% tile average routing util is 27.586207
RUN-1001 :   Top critical paths
OPT-1001 : End physical optimization;  0.391977s wall, 0.343750s user + 0.062500s system = 0.406250s CPU (103.6%)

RUN-1003 : finish command "place" in  3.366642s wall, 4.156250s user + 4.875000s system = 9.031250s CPU (268.3%)

RUN-1004 : used memory is 156 MB, reserved memory is 124 MB, peak memory is 177 MB
RUN-1002 : start command "export_db ES8388_place.db"
RUN-1001 : Exported /
RUN-1001 : Exported flow parameters
RUN-1001 : Exported libs
RUN-1001 : Exported entities
RUN-1001 : Exported ports
RUN-1001 : Exported pins
RUN-1001 : Exported instances
RUN-1001 : Exported nets
RUN-1001 : Exported buses
RUN-1001 : Exported models
RUN-1001 : Exported congestions
RUN-1001 : Exported violations
RUN-1001 : Exported IO constraints
RUN-1001 : Exported Inst constraints
RUN-1002 : start command "route"
RUN-1001 : Open license file E:/Software/Anlogic/TD5.6.2/license/Anlogic.lic
RUN-1001 : Print Global Property
RUN-1001 : ---------------------------------------------------------------
RUN-1001 :        Parameters        |  Settings  |  Default Values  |  Note  
RUN-1001 : ---------------------------------------------------------------
RUN-1001 :          message         |  standard  |     standard     |        
RUN-1001 :   mixed_pack_place_flow  |     on     |        on        |        
RUN-1001 :        qor_monitor       |    off     |       off        |        
RUN-1001 :        syn_ip_flow       |    off     |       off        |        
RUN-1001 :          thread          |    auto    |       auto       |        
RUN-1001 : ---------------------------------------------------------------
RUN-1001 : Print Route Property
RUN-1001 : -------------------------------------------------------
RUN-1001 :    Parameters    |  Settings  |  Default Values  |  Note  
RUN-1001 : -------------------------------------------------------
RUN-1001 :      effort      |   medium   |      medium      |        
RUN-1001 :     fix_hold     |    off     |       off        |        
RUN-1001 :    opt_timing    |   medium   |      medium      |        
RUN-1001 :   phy_sim_model  |    off     |       off        |        
RUN-1001 :     priority     |   timing   |      timing      |        
RUN-1001 :     swap_pin     |     on     |        on        |        
RUN-1001 : -------------------------------------------------------
PHY-1001 : Route runs in 16 thread(s)
RUN-1001 : There are total 662 instances
RUN-1001 : 301 mslices, 301 lslices, 43 pads, 0 brams, 0 dsps
RUN-1001 : There are total 1445 nets
RUN-1001 : 783 nets have 2 pins
RUN-1001 : 445 nets have [3 - 5] pins
RUN-1001 : 104 nets have [6 - 10] pins
RUN-1001 : 78 nets have [11 - 20] pins
RUN-1001 : 33 nets have [21 - 99] pins
RUN-1001 : 2 nets have 100+ pins
RUN-1002 : start command "start_timer -report"
TMR-5001 WARNING: No sdc constraints found while initiating timer.
TMR-2505 : Start building timing graph for model audio_speak.
TMR-2506 : Build timing graph completely. Port num: 45, tpin num: 6253, tnet num: 1443, tinst num: 660, tnode num: 7857, tedge num: 10358.
TMR-2508 : Levelizing timing graph completed, there are 17 levels in total.
TMR-2501 : Timing graph initialized successfully.
PHY-1001 : 301 mslices, 301 lslices, 43 pads, 0 brams, 0 dsps
TMR-2503 : Start to update net delay, extr mode = 3.
TMR-2504 : Update delay of 1443 nets completely.
TMR-2502 : Annotate delay completely, extr mode = 3.
TMR-3002 : No user constraint, initiate default constraint.
TMR-1501 : Assign derive clock DeriveClock to 768 clock pins, and constraint 1596 relative nodes.
TMR-3003 : Constraints initiated successfully.
TMR-3501 : Forward propagation: start to calculate arrival time...
TMR-3502 : Backward propagation: start to calculate required time...
TMR-3503 : Timing propagation completes.
PHY-1001 : Start global routing, caller is route ...
RUN-1001 : Generating global routing grids ...
PHY-1001 : Generate routing nets ...
PHY-1001 : Global iterations in 16 thread ...
PHY-1002 : len = 44064, over cnt = 160(0%), over = 234, worst = 4
PHY-1002 : len = 45608, over cnt = 32(0%), over = 33, worst = 2
PHY-1002 : len = 45896, over cnt = 13(0%), over = 13, worst = 1
PHY-1002 : len = 46096, over cnt = 0(0%), over = 0, worst = 0
PHY-1001 : End global iterations;  0.095407s wall, 0.125000s user + 0.031250s system = 0.156250s CPU (163.8%)

PHY-1001 : Congestion index: top1 = 27.84, top5 = 19.62, top10 = 13.61, top15 = 9.87.
PHY-1001 : End global routing;  0.140208s wall, 0.171875s user + 0.031250s system = 0.203125s CPU (144.9%)

PHY-1001 : Start detail routing ...
PHY-1001 : Current memory(MB): used = 205, reserve = 174, peak = 220.
PHY-1001 : Detailed router is running in normal mode.
PHY-1001 : Generate detailed routing grids ...
PHY-1001 : Processed IO instance aud_dacdat_syn_4 with INV attribute.
PHY-1001 : Processed IO instance aud_dacdat_1_syn_4 with INV attribute.
PHY-1001 : Processed IO instance aud_dacdat_2_syn_4 with INV attribute.
PHY-1001 : Processed IO instance aud_dacdat_3_syn_4 with INV attribute.
PHY-1001 : Generate nets ...
PHY-1001 : clock net aud_bclk_syn_4 will be merged with clock aud_bclk_dup_1
PHY-1001 : clock net aud_bclk_1_syn_4 will be merged with clock aud_bclk_1_dup_1
PHY-1001 : clock net aud_bclk_2_syn_4 will be merged with clock aud_bclk_2_dup_1
PHY-1001 : net aud_bclk_3_dup_1 will be routed on clock mesh
PHY-1001 : net aud_mclk_dup_1 will be routed on clock mesh
PHY-1001 : net aud_mclk_1_dup_1 will be routed on clock mesh
PHY-1001 : net aud_mclk_2_dup_1 will be routed on clock mesh
PHY-1001 : net aud_mclk_3_dup_1 will be routed on clock mesh
PHY-1001 : clock net ilaclk_dup_1 will be merged with clock u_pll_clk/clk0_buf
PHY-1001 : clock net ilaclk_1_dup_1 will be merged with clock u1_pll_clk/clk0_buf
PHY-1001 : clock net ilaclk_2_dup_1 will be merged with clock u2_pll_clk/clk0_buf
PHY-1001 : clock net ilaclk_3_dup_1 will be merged with clock u3_pll_clk/clk0_buf
PHY-1001 : net sys_clk_dup_1 will be routed on clock mesh
PHY-1001 : clock net u1_es8388_ctrl/u_es8388_config/u_i2c_dri/dri_clk_syn_4 will be merged with clock u1_es8388_ctrl/u_es8388_config/u_i2c_dri/dri_clk
PHY-1001 : clock net u2_es8388_ctrl/u_es8388_config/u_i2c_dri/dri_clk_syn_4 will be merged with clock u2_es8388_ctrl/u_es8388_config/u_i2c_dri/dri_clk
PHY-1001 : clock net u3_es8388_ctrl/u_es8388_config/u_i2c_dri/dri_clk_syn_4 will be merged with clock u3_es8388_ctrl/u_es8388_config/u_i2c_dri/dri_clk
PHY-1001 : Current memory(MB): used = 472, reserve = 445, peak = 472.
PHY-1001 : End build detailed router design. 2.168067s wall, 2.140625s user + 0.031250s system = 2.171875s CPU (100.2%)

PHY-1001 : Detail Route ...
PHY-1001 : ===== Detail Route Phase 1 =====
PHY-1001 : Clock net routing.....
PHY-1001 : Routed 1% nets.
PHY-1022 : len = 38232, over cnt = 0(0%), over = 0, worst = 0, crit = 0
PHY-1001 : End initial clock net routed; 3.702450s wall, 3.640625s user + 0.046875s system = 3.687500s CPU (99.6%)

PHY-1001 : Current memory(MB): used = 504, reserve = 478, peak = 504.
PHY-1001 : End phase 1; 3.705127s wall, 3.640625s user + 0.046875s system = 3.687500s CPU (99.5%)

PHY-1001 : ===== Detail Route Phase 2 =====
PHY-1001 : Initial routing.....
PHY-1001 : Routed 39% nets.
PHY-1001 : Routed 44% nets.
PHY-1001 : Routed 57% nets.
PHY-1001 : Routed 71% nets.
PHY-1001 : Routed 90% nets.
PHY-1022 : len = 225848, over cnt = 101(0%), over = 102, worst = 2, crit = 0
PHY-1001 : Current memory(MB): used = 505, reserve = 479, peak = 505.
PHY-1001 : End initial routed; 1.501331s wall, 1.640625s user + 0.515625s system = 2.156250s CPU (143.6%)

PHY-1001 : Current memory(MB): used = 505, reserve = 479, peak = 505.
PHY-1001 : End phase 2; 1.501427s wall, 1.640625s user + 0.515625s system = 2.156250s CPU (143.6%)

PHY-1001 : ===== Detail Route Phase 3 =====
PHY-1001 : Ripup-reroute.....
PHY-1001 : ===== DR Iter 1 =====
PHY-1022 : len = 225376, over cnt = 25(0%), over = 25, worst = 1, crit = 0
PHY-1001 : End DR Iter 1; 0.035348s wall, 0.015625s user + 0.015625s system = 0.031250s CPU (88.4%)

PHY-1001 : ===== DR Iter 2 =====
PHY-1022 : len = 225448, over cnt = 5(0%), over = 5, worst = 1, crit = 0
PHY-1001 : End DR Iter 2; 0.024556s wall, 0.031250s user + 0.015625s system = 0.046875s CPU (190.9%)

PHY-1001 : ===== DR Iter 3 =====
PHY-1022 : len = 225512, over cnt = 0(0%), over = 0, worst = 0, crit = 0
PHY-1001 : End DR Iter 3; 0.015998s wall, 0.015625s user + 0.000000s system = 0.015625s CPU (97.7%)

PHY-1001 : Commit to database.....
PHY-1001 : 25 feed throughs used by 24 nets
PHY-1001 : End commit to database; 0.112682s wall, 0.109375s user + 0.015625s system = 0.125000s CPU (110.9%)

PHY-1001 : Current memory(MB): used = 519, reserve = 493, peak = 519.
PHY-1001 : End phase 3; 0.273674s wall, 0.250000s user + 0.046875s system = 0.296875s CPU (108.5%)

PHY-1003 : Routed, final wirelength = 225512
PHY-1001 : Current memory(MB): used = 520, reserve = 493, peak = 520.
PHY-1001 : End export database. 0.006637s wall, 0.000000s user + 0.000000s system = 0.000000s CPU (n/a%)

PHY-1001 : End detail routing;  7.810972s wall, 7.828125s user + 0.640625s system = 8.468750s CPU (108.4%)

RUN-1003 : finish command "route" in  8.201802s wall, 8.218750s user + 0.703125s system = 8.921875s CPU (108.8%)

RUN-1004 : used memory is 455 MB, reserved memory is 429 MB, peak memory is 520 MB
RUN-1002 : start command "report_area -io_info -file ES8388_phy.area"
RUN-1001 : standard
***Report Model: audio_speak Device: EG4S20BG256***

IO Statistics
#IO                        46
  #input                   19
  #output                  23
  #inout                    4

Utilization Statistics
#lut                     1066   out of  19600    5.44%
#reg                      612   out of  19600    3.12%
#le                      1157
  #lut only               545   out of   1157   47.10%
  #reg only                91   out of   1157    7.87%
  #lut&reg                521   out of   1157   45.03%
#dsp                        0   out of     29    0.00%
#bram                       0   out of     64    0.00%
  #bram9k                   0
  #fifo9k                   0
#bram32k                    0   out of     16    0.00%
#pad                       43   out of    188   22.87%
  #ireg                     8
  #oreg                    12
  #treg                     4
#pll                        4   out of      4  100.00%
#gclk                      10   out of     16   62.50%

Clock Resource Statistics
Index     ClockNet                                            Type               DriverType         Driver                                                           Fanout
#1        aud_bclk_1_dup_1                                    GCLK               io                 aud_bclk_1_syn_2.di                                              47
#2        sys_clk_dup_1                                       GCLK               io                 sys_clk_syn_2.di                                                 46
#3        aud_bclk_3_dup_1                                    GCLK               io                 aud_bclk_3_syn_2.di                                              45
#4        aud_bclk_dup_1                                      GCLK               io                 aud_bclk_syn_2.di                                                45
#5        aud_bclk_2_dup_1                                    GCLK               io                 aud_bclk_2_syn_2.di                                              44
#6        u3_es8388_ctrl/u_es8388_config/u_i2c_dri/dri_clk    GCLK               mslice             u3_es8388_ctrl/u_es8388_config/u_i2c_dri/dri_clk_reg_syn_9.q0    41
#7        u1_es8388_ctrl/u_es8388_config/u_i2c_dri/dri_clk    GCLK               lslice             u1_es8388_ctrl/u_es8388_config/u_i2c_dri/dri_clk_reg_syn_9.q1    40
#8        u2_es8388_ctrl/u_es8388_config/u_i2c_dri/dri_clk    GCLK               lslice             u2_es8388_ctrl/u_es8388_config/u_i2c_dri/dri_clk_reg_syn_9.q0    40
#9        aud_mclk_1_dup_1                                    GCLK               pll                u1_pll_clk/pll_inst.clkc1                                        0
#10       aud_mclk_2_dup_1                                    GCLK               pll                u2_pll_clk/pll_inst.clkc1                                        0
#11       aud_mclk_3_dup_1                                    GCLK               pll                u3_pll_clk/pll_inst.clkc1                                        0
#12       aud_mclk_dup_1                                      GCLK               pll                u_pll_clk/pll_inst.clkc1                                         0
#13       u1_pll_clk/clk0_buf                                 GCLK               pll                u1_pll_clk/pll_inst.clkc0                                        0
#14       u2_pll_clk/clk0_buf                                 GCLK               pll                u2_pll_clk/pll_inst.clkc0                                        0
#15       u3_pll_clk/clk0_buf                                 GCLK               pll                u3_pll_clk/pll_inst.clkc0                                        0
#16       u_pll_clk/clk0_buf                                  GCLK               pll                u_pll_clk/pll_inst.clkc0                                         0


Detailed IO Report

      Name        Direction    Location    IOStandard    DriveStrength    PullType     PackReg   
   aud_adcdat       INPUT        R14        LVCMOS25          N/A          PULLUP       IREG     
  aud_adcdat_1      INPUT         N6        LVCMOS25          N/A          PULLUP       IREG     
  aud_adcdat_2      INPUT         C4        LVCMOS25          N/A          PULLUP       IREG     
  aud_adcdat_3      INPUT        H16        LVCMOS25          N/A           N/A         IREG     
    aud_bclk        INPUT         M6        LVCMOS25          N/A          PULLUP       NONE     
   aud_bclk_1       INPUT        T12        LVCMOS25          N/A          PULLUP       NONE     
   aud_bclk_2       INPUT         B1        LVCMOS25          N/A          PULLUP       NONE     
   aud_bclk_3       INPUT         F9        LVCMOS25          N/A           N/A         NONE     
    aud_lrc         INPUT         M7        LVCMOS25          N/A          PULLUP       IREG     
   aud_lrc_1        INPUT         P5        LVCMOS25          N/A          PULLUP       IREG     
   aud_lrc_2        INPUT         B3        LVCMOS25          N/A          PULLUP       IREG     
   aud_lrc_3        INPUT         H5        LVCMOS25          N/A           N/A         IREG     
    sys_clk         INPUT         R7        LVCMOS25          N/A          PULLUP       NONE     
   sys_rst_n        INPUT         E3        LVCMOS25          N/A          PULLUP       NONE     
  sys_rst_n_1       INPUT         E2        LVCMOS25          N/A           N/A         NONE     
  sys_rst_n_2       INPUT         M2        LVCMOS25          N/A           N/A         NONE     
  sys_rst_n_3       INPUT        G14        LVCMOS25          N/A           N/A         NONE     
   volume[1]        INPUT        B10        LVCMOS25          N/A          PULLUP       NONE     
   volume[0]        INPUT        A10        LVCMOS25          N/A          PULLUP       NONE     
   aud_dacdat      OUTPUT         P6        LVCMOS25           8            NONE        OREG     
  aud_dacdat_1     OUTPUT        T13        LVCMOS25           8            NONE        OREG     
  aud_dacdat_2     OUTPUT         B2        LVCMOS25           8            NONE        OREG     
  aud_dacdat_3     OUTPUT        C16        LVCMOS25           8            N/A         OREG     
    aud_mclk       OUTPUT         N5        LVCMOS25           8            NONE        NONE     
   aud_mclk_1      OUTPUT         T9        LVCMOS25           8            NONE        NONE     
   aud_mclk_2      OUTPUT         C1        LVCMOS25           8            NONE        NONE     
   aud_mclk_3      OUTPUT         N8        LVCMOS25           8            N/A         NONE     
    aud_scl        OUTPUT        R12        LVCMOS25           8            NONE        OREG     
   aud_scl_1       OUTPUT         T7        LVCMOS25           8            NONE        OREG     
   aud_scl_2       OUTPUT         E4        LVCMOS25           8            NONE        OREG     
   aud_scl_3       OUTPUT        D16        LVCMOS25           8            N/A         OREG     
     ilaclk        OUTPUT        P12        LVCMOS25           8            NONE        NONE     
    ilaclk_1       OUTPUT        K15        LVCMOS25           8            NONE        NONE     
    ilaclk_2       OUTPUT         C5        LVCMOS25           8            NONE        NONE     
    ilaclk_3       OUTPUT         K2        LVCMOS25           8            N/A         NONE     
      led          OUTPUT        B14        LVCMOS25           8            NONE        NONE     
     led_1         OUTPUT        B16        LVCMOS25           8            NONE        NONE     
     led_2         OUTPUT         D6        LVCMOS25           8            NONE        NONE     
     led_3         OUTPUT        F10        LVCMOS25           8            N/A         NONE     
    aud_sda         INOUT         R9        LVCMOS25           8           PULLUP     OREG;TREG  
   aud_sda_1        INOUT         T5        LVCMOS25           8           PULLUP     OREG;TREG  
   aud_sda_2        INOUT         F5        LVCMOS25           8           PULLUP     OREG;TREG  
   aud_sda_3        INOUT         F4        LVCMOS25           8            N/A       OREG;TREG  

Report Hierarchy Area:
+----------------------------------------------------------------------------------------+
|Instance            |Module        |le     |lut     |ripple  |seq     |bram    |dsp     |
+----------------------------------------------------------------------------------------+
|top                 |audio_speak   |1157   |952     |114     |636     |0       |0       |
|  u1_es8388_ctrl    |es8388_ctrl   |291    |242     |25      |143     |0       |0       |
|    u_audio_receive |audio_receive |83     |52      |12      |52      |0       |0       |
|    u_audio_send    |audio_send    |24     |24      |0       |21      |0       |0       |
|    u_es8388_config |es8388_config |184    |166     |13      |70      |0       |0       |
|      u_i2c_dri     |i2c_dri       |120    |113     |5       |43      |0       |0       |
|      u_i2c_reg_cfg |i2c_reg_cfg   |64     |53      |8       |27      |0       |0       |
|  u1_pll_clk        |clk_wiz_0     |1      |1       |0       |0       |0       |0       |
|  u2_es8388_ctrl    |es8388_ctrl   |272    |234     |25      |143     |0       |0       |
|    u_audio_receive |audio_receive |74     |51      |12      |55      |0       |0       |
|    u_audio_send    |audio_send    |22     |22      |0       |22      |0       |0       |
|    u_es8388_config |es8388_config |176    |161     |13      |66      |0       |0       |
|      u_i2c_dri     |i2c_dri       |117    |110     |5       |41      |0       |0       |
|      u_i2c_reg_cfg |i2c_reg_cfg   |59     |51      |8       |25      |0       |0       |
|  u2_pll_clk        |clk_wiz_0     |1      |1       |0       |0       |0       |0       |
|  u3_es8388_ctrl    |es8388_ctrl   |268    |229     |25      |149     |0       |0       |
|    u_audio_receive |audio_receive |76     |53      |12      |57      |0       |0       |
|    u_audio_send    |audio_send    |21     |20      |0       |20      |0       |0       |
|    u_es8388_config |es8388_config |171    |156     |13      |72      |0       |0       |
|      u_i2c_dri     |i2c_dri       |111    |104     |5       |45      |0       |0       |
|      u_i2c_reg_cfg |i2c_reg_cfg   |60     |52      |8       |27      |0       |0       |
|  u3_pll_clk        |clk_wiz_0     |1      |1       |0       |0       |0       |0       |
|  u_es8388_ctrl     |es8388_ctrl   |277    |231     |27      |148     |0       |0       |
|    u_audio_receive |audio_receive |81     |52      |12      |52      |0       |0       |
|    u_audio_send    |audio_send    |21     |21      |0       |21      |0       |0       |
|    u_es8388_config |es8388_config |175    |158     |15      |75      |0       |0       |
|      u_i2c_dri     |i2c_dri       |113    |104     |7       |43      |0       |0       |
|      u_i2c_reg_cfg |i2c_reg_cfg   |62     |54      |8       |32      |0       |0       |
|  u_pll_clk         |clk_wiz_0     |1      |1       |0       |0       |0       |0       |
+----------------------------------------------------------------------------------------+


DataNet Average Fanout:

   Index     Fanout    Nets  
    #1         1       736   
    #2         2       306   
    #3         3       111   
    #4         4        24   
    #5        5-10     109   
    #6       11-50      93   
    #7       51-100     4    
  Average     3.16           

RUN-1002 : start command "export_db ES8388_pr.db"
RUN-1001 : Exported /
RUN-1001 : Exported flow parameters
RUN-1001 : Exported libs
RUN-1001 : Exported entities
RUN-1001 : Exported ports
RUN-1001 : Exported pins
RUN-1001 : Exported instances
RUN-1001 : Exported nets
RUN-1001 : Exported buses
RUN-1001 : Exported models
RUN-1001 : Exported congestions
RUN-1001 : Exported violations
RUN-1001 : Exported IO constraints
RUN-1001 : Exported Inst constraints
RUN-1002 : start command "export_bid ES8388_inst.bid"
RUN-1002 : start command "bitgen -bit ES8388.bit -unused_io_status pulldown"
BIT-1003 : Start to generate bitstream. 
BIT-1002 : Bitgen processed 145 unused pads, reserve input tri_state with pulldown
BIT-1002 : Init instances with 16 threads.
BIT-1002 : Init instances completely, inst num: 805
BIT-1002 : Init pips with 16 threads.
BIT-1002 : Init pips completely, net num: 1445, pip num: 14983
BIT-1002 : Init feedthrough with 16 threads.
BIT-1002 : Init feedthrough completely, num: 25
BIT-1003 : Multithreading accelaration with 16 threads.
BIT-1003 : Generate bitstream completely, there are 1868 valid insts, and 41541 bits set as '1'.
BIT-1004 : PLL setting string = 1111
BIT-1004 : Generate bits file ES8388.bit.
RUN-1003 : finish command "bitgen -bit ES8388.bit -unused_io_status pulldown" in  1.493867s wall, 14.281250s user + 0.953125s system = 15.234375s CPU (1019.8%)

RUN-1004 : used memory is 458 MB, reserved memory is 437 MB, peak memory is 653 MB
RUN-1002 : start command "backup_run_log run.log ../.logs/phy_1/td_20251024_174642.log"
