============================================================
   Tang Dynasty, V5.6.71036
      Copyright (c) 2012-2023 Anlogic Inc.
   Executable = E:/Software/Anlogic/TD5.6.2/bin/td.exe
   Built at =   20:34:38 Mar 21 2023
   Run by =     Lviva
   Run Date =   Sun Oct 26 09:42:53 2025

   Run on =     VIVACIOUS
============================================================
RUN-1002 : start command "open_project ES8388.prj"
RUN-1001 : Print Global Property
RUN-1001 : ---------------------------------------------------------------
RUN-1001 :        Parameters        |  Settings  |  Default Values  |  Note  
RUN-1001 : ---------------------------------------------------------------
RUN-1001 :          message         |  standard  |     standard     |        
RUN-1001 :   mixed_pack_place_flow  |     on     |        on        |        
RUN-1001 :        qor_monitor       |    off     |       off        |        
RUN-1001 :        syn_ip_flow       |    off     |       off        |        
RUN-1001 :          thread          |    auto    |       auto       |        
RUN-1001 : ---------------------------------------------------------------
RUN-1001 : Print Design Property
RUN-1001 : --------------------------------------------------------------
RUN-1001 :        Parameters       |  Settings  |  Default Values  |  Note  
RUN-1001 : --------------------------------------------------------------
RUN-1001 :   default_reg_initial   |    auto    |       auto       |        
RUN-1001 :        infer_add        |     on     |        on        |        
RUN-1001 :        infer_fsm        |    off     |       off        |        
RUN-1001 :        infer_mult       |     on     |        on        |        
RUN-1001 :        infer_ram        |     on     |        on        |        
RUN-1001 :        infer_reg        |     on     |        on        |        
RUN-1001 :   infer_reg_init_value  |     on     |        on        |        
RUN-1001 :        infer_rom        |     on     |        on        |        
RUN-1001 :      infer_shifter      |     on     |        on        |        
RUN-1001 : --------------------------------------------------------------
RUN-1001 : Print Rtl Property
RUN-1001 : --------------------------------------------------------------
RUN-1001 :        Parameters       |  Settings  |  Default Values  |  Note  
RUN-1001 : --------------------------------------------------------------
RUN-1001 :       compress_add      |   ripple   |      ripple      |        
RUN-1001 :        elf_sload        |    off     |       off        |        
RUN-1001 :       fix_undriven      |     0      |        0         |        
RUN-1001 :         flatten         |    off     |       off        |        
RUN-1001 :       gate_sharing      |     on     |        on        |        
RUN-1001 :    hdl_warning_level    |   normal   |      normal      |        
RUN-1001 :   impl_internal_tribuf  |     on     |        on        |        
RUN-1001 :      impl_set_reset     |     on     |        on        |        
RUN-1001 :        infer_gsr        |    off     |       off        |        
RUN-1001 :      keep_hierarchy     |    auto    |       auto       |        
RUN-1001 :        max_fanout       |    9999    |       9999       |        
RUN-1001 :      max_oh2bin_len     |     10     |        10        |        
RUN-1001 :       merge_equal       |     on     |        on        |        
RUN-1001 :       merge_equiv       |     on     |        on        |        
RUN-1001 :        merge_mux        |    off     |       off        |        
RUN-1001 :     min_control_set     |     8      |        8         |        
RUN-1001 :      min_ripple_len     |    auto    |       auto       |        
RUN-1001 :       oh2bin_ratio      |    0.08    |       0.08       |        
RUN-1001 :     opt_adder_fanout    |     on     |        on        |        
RUN-1001 :        opt_arith        |     on     |        on        |        
RUN-1001 :       opt_big_gate      |    off     |       off        |        
RUN-1001 :        opt_const        |     on     |        on        |        
RUN-1001 :      opt_const_mult     |     on     |        on        |        
RUN-1001 :       opt_lessthan      |     on     |        on        |        
RUN-1001 :         opt_mux         |    off     |       off        |        
RUN-1001 :         opt_ram         |    high    |       high       |        
RUN-1001 :      rtl_sim_model      |    off     |       off        |        
RUN-1001 :         seq_syn         |     on     |        on        |        
RUN-1001 : --------------------------------------------------------------
HDL-1007 : analyze verilog file ../../al_ip/clk_wiz_0.v
HDL-1007 : undeclared symbol 'open', assumed default net type 'wire' in ../../al_ip/clk_wiz_0.v(80)
HDL-1007 : analyze verilog file ../../../RTL/audio_receive.v
HDL-1007 : analyze verilog file ../../../RTL/audio_send.v
HDL-1007 : analyze verilog file ../../../RTL/audio_speak.v
HDL-1007 : analyze verilog file ../../../RTL/es8388_config.v
HDL-1007 : analyze verilog file ../../../RTL/es8388_ctrl.v
HDL-1007 : analyze verilog file ../../../RTL/i2c_dri.v
HDL-1007 : analyze verilog file ../../../RTL/i2c_reg_cfg.v
HDL-1007 : analyze verilog file ../../../RTL/spar_4mic_localization.v
RUN-1001 : Project manager successfully analyzed 9 source files.
RUN-1002 : start command "import_device eagle_s20.db -package EG4S20BG256"
ARC-1001 : Device Initialization.
ARC-1001 : ------------------------------------------------------------------
ARC-1001 :            OPTION            |          IO          |   SETTING   
ARC-1001 : ------------------------------------------------------------------
ARC-1001 :   cso_b/cclk/mosi/miso/dout  |  T3/R11/T10/P10/S11  |    gpio    
ARC-1001 :             done             |         P13          |    gpio    
ARC-1001 :           program_b          |          T2          |  dedicate  
ARC-1001 :        tdi/tms/tck/tdo       |   C12/A15/C14/E14    |  dedicate  
ARC-1001 : ------------------------------------------------------------------
ARC-1004 : Device setting, marked 5 dedicate IOs in total.
RUN-1002 : start command "import_db ../syn_1/ES8388_gate.db"
RUN-1001 : Importing database generated by Tang Dynasty, V5.6.71036.
RUN-1001 : Database version number 46146.
RUN-1001 : Import flow parameters
RUN-1001 : Import IO constraints
RUN-1001 : Import Inst constraints
RUN-1001 : Import design success TD_VERSION=5.6.71036 , DB_VERSION=46146
RUN-1002 : start command "place"
RUN-1001 : Open license file E:/Software/Anlogic/TD5.6.2/license/Anlogic.lic
RUN-1001 : Print Global Property
RUN-1001 : ---------------------------------------------------------------
RUN-1001 :        Parameters        |  Settings  |  Default Values  |  Note  
RUN-1001 : ---------------------------------------------------------------
RUN-1001 :          message         |  standard  |     standard     |        
RUN-1001 :   mixed_pack_place_flow  |     on     |        on        |        
RUN-1001 :        qor_monitor       |    off     |       off        |        
RUN-1001 :        syn_ip_flow       |    off     |       off        |        
RUN-1001 :          thread          |    auto    |       auto       |        
RUN-1001 : ---------------------------------------------------------------
RUN-1001 : Print Place Property
RUN-1001 : --------------------------------------------------------------
RUN-1001 :        Parameters       |  Settings  |  Default Values  |  Note  
RUN-1001 : --------------------------------------------------------------
RUN-1001 :      detailed_place     |     on     |        on        |        
RUN-1001 :          effort         |   medium   |      medium      |        
RUN-1001 :         fix_hold        |    off     |       off        |        
RUN-1001 :       legalization      |    ori     |       ori        |        
RUN-1001 :      new_spreading      |     on     |        on        |        
RUN-1001 :        opt_timing       |   medium   |      medium      |        
RUN-1001 :   post_clock_route_opt  |    off     |       off        |        
RUN-1001 :       pr_strategy       |     1      |        1         |        
RUN-1001 :        relaxation       |    1.00    |       1.00       |        
RUN-1001 :         retiming        |    off     |       off        |        
RUN-1001 : --------------------------------------------------------------
PHY-3001 : Placer runs in 16 thread(s).
RUN-1002 : start command "legalize_phy_inst"
SYN-1011 : Flatten model audio_speak
RUN-1002 : start command "phys_opt -simplify_lut"
SYN-4016 : Net ilaclk_1_dup_1 driven by BUFG (0 clock/control pins, 2 other pins).
SYN-4016 : Net ilaclk_2_dup_1 driven by BUFG (0 clock/control pins, 2 other pins).
SYN-4016 : Net ilaclk_3_dup_1 driven by BUFG (0 clock/control pins, 2 other pins).
SYN-4016 : Net ilaclk_dup_1 driven by BUFG (0 clock/control pins, 2 other pins).
SYN-4027 : Net aud_mclk_1_dup_1 is clkc1 of pll u1_pll_clk/pll_inst.
SYN-4019 : Net sys_clk_dup_1 is refclk of pll u1_pll_clk/pll_inst.
SYN-4020 : Net sys_clk_dup_1 is fbclk of pll u1_pll_clk/pll_inst.
SYN-4027 : Net aud_mclk_2_dup_1 is clkc1 of pll u2_pll_clk/pll_inst.
SYN-4019 : Net sys_clk_dup_1 is refclk of pll u2_pll_clk/pll_inst.
SYN-4020 : Net sys_clk_dup_1 is fbclk of pll u2_pll_clk/pll_inst.
SYN-4027 : Net aud_mclk_3_dup_1 is clkc1 of pll u3_pll_clk/pll_inst.
SYN-4019 : Net sys_clk_dup_1 is refclk of pll u3_pll_clk/pll_inst.
SYN-4020 : Net sys_clk_dup_1 is fbclk of pll u3_pll_clk/pll_inst.
SYN-4027 : Net aud_mclk_dup_1 is clkc1 of pll u_pll_clk/pll_inst.
SYN-4019 : Net sys_clk_dup_1 is refclk of pll u_pll_clk/pll_inst.
SYN-4020 : Net sys_clk_dup_1 is fbclk of pll u_pll_clk/pll_inst.
SYN-4024 : Net "aud_bclk_dup_1" drives clk pins.
SYN-4024 : Net "aud_bclk_1_dup_1" drives clk pins.
SYN-4024 : Net "aud_bclk_2_dup_1" drives clk pins.
SYN-4024 : Net "aud_bclk_3_dup_1" drives clk pins.
SYN-4024 : Net "u1_es8388_ctrl/u_es8388_config/u_i2c_dri/dri_clk" drives clk pins.
SYN-4024 : Net "u2_es8388_ctrl/u_es8388_config/u_i2c_dri/dri_clk" drives clk pins.
SYN-4024 : Net "u3_es8388_ctrl/u_es8388_config/u_i2c_dri/dri_clk" drives clk pins.
SYN-7503 WARNING: Net "u_es8388_ctrl/u_es8388_config/u_i2c_dri/dri_clk" drives clk pins. However it will not be tagged as clk net, for there's no more slots.
SYN-4025 : Tag rtl::Net aud_bclk_1_dup_1 as clock net
SYN-4025 : Tag rtl::Net aud_bclk_2_dup_1 as clock net
SYN-4025 : Tag rtl::Net aud_bclk_3_dup_1 as clock net
SYN-4025 : Tag rtl::Net aud_bclk_dup_1 as clock net
SYN-4025 : Tag rtl::Net aud_mclk_1_dup_1 as clock net
SYN-4025 : Tag rtl::Net aud_mclk_2_dup_1 as clock net
SYN-4025 : Tag rtl::Net aud_mclk_3_dup_1 as clock net
SYN-4025 : Tag rtl::Net aud_mclk_dup_1 as clock net
SYN-4025 : Tag rtl::Net ilaclk_1_dup_1 as clock net
SYN-4025 : Tag rtl::Net ilaclk_2_dup_1 as clock net
SYN-4025 : Tag rtl::Net ilaclk_3_dup_1 as clock net
SYN-4025 : Tag rtl::Net ilaclk_dup_1 as clock net
SYN-4025 : Tag rtl::Net sys_clk_dup_1 as clock net
SYN-4025 : Tag rtl::Net u1_es8388_ctrl/u_es8388_config/u_i2c_dri/dri_clk as clock net
SYN-4025 : Tag rtl::Net u2_es8388_ctrl/u_es8388_config/u_i2c_dri/dri_clk as clock net
SYN-4025 : Tag rtl::Net u3_es8388_ctrl/u_es8388_config/u_i2c_dri/dri_clk as clock net
SYN-4026 : Tagged 16 rtl::Net as clock net
SYN-4015 : Create BUFG instance for clk Net aud_bclk_1_dup_1 to drive 80 clock pins.
SYN-4015 : Create BUFG instance for clk Net aud_bclk_2_dup_1 to drive 80 clock pins.
SYN-4015 : Create BUFG instance for clk Net aud_bclk_3_dup_1 to drive 80 clock pins.
SYN-4015 : Create BUFG instance for clk Net aud_bclk_dup_1 to drive 80 clock pins.
SYN-4015 : Create BUFG instance for clk Net u1_es8388_ctrl/u_es8388_config/u_i2c_dri/dri_clk to drive 56 clock pins.
SYN-4015 : Create BUFG instance for clk Net u2_es8388_ctrl/u_es8388_config/u_i2c_dri/dri_clk to drive 56 clock pins.
SYN-4015 : Create BUFG instance for clk Net u3_es8388_ctrl/u_es8388_config/u_i2c_dri/dri_clk to drive 56 clock pins.
PHY-1001 : Populate physical database on model audio_speak.
RUN-1001 : There are total 3110 instances
RUN-0007 : 1118 luts, 895 seqs, 651 mslices, 348 lslices, 51 pads, 0 brams, 29 dsps
RUN-1001 : There are total 5752 nets
RUN-1001 : 3710 nets have 2 pins
RUN-1001 : 1503 nets have [3 - 5] pins
RUN-1001 : 410 nets have [6 - 10] pins
RUN-1001 : 70 nets have [11 - 20] pins
RUN-1001 : 45 nets have [21 - 99] pins
RUN-1001 : 14 nets have 100+ pins
RUN-1001 : Report Control nets information:
RUN-1001 : DFF Distribution
RUN-1001 : ----------------------------------
RUN-1001 :   CE   |  SSR  |  ASR  |  DFF Count  
RUN-1001 : ----------------------------------
RUN-1001 :   No   |  No   |  No   |      0      
RUN-1001 :   No   |  No   |  Yes  |     607     
RUN-1001 :   No   |  Yes  |  No   |      0      
RUN-1001 :   Yes  |  No   |  No   |      0      
RUN-1001 :   Yes  |  No   |  Yes  |     264     
RUN-1001 :   Yes  |  Yes  |  No   |     24      
RUN-1001 : ----------------------------------
RUN-0007 : Control Group Statistic
RUN-0007 : ---------------------------
RUN-0007 :   #CLK  |  #CE  |  #SSR/ASR  
RUN-0007 : ---------------------------
RUN-0007 :    9    |  17   |     9      
RUN-0007 : ---------------------------
RUN-0007 : Control Set = 29
PHY-3001 : Initial placement ...
PHY-3001 : design contains 3108 instances, 1118 luts, 895 seqs, 999 slices, 203 macros(999 instances: 651 mslices 348 lslices)
PHY-0007 : Cell area utilization is 15%
PHY-3001 : Global placement ...
PHY-3001 : Initial: Len = 1.2981e+06
PHY-3001 : Clustering ...
PHY-3001 : Level 0 #clusters 3108.
PHY-3001 : End clustering;  0.000055s wall, 0.000000s user + 0.000000s system = 0.000000s CPU (n/a%)

PHY-3001 : Run with size of 4
PHY-3001 : Cell area utilization is 15%
PHY-3001 : :::0::: Try harder cell spreading with beta_ = 0
PHY-3002 : Step(1): len = 839728, overlap = 65.25
PHY-3002 : Step(2): len = 753847, overlap = 67.25
PHY-3002 : Step(3): len = 471337, overlap = 67.125
PHY-3002 : Step(4): len = 407391, overlap = 53.5
PHY-3002 : Step(5): len = 350394, overlap = 54.4375
PHY-3002 : Step(6): len = 317119, overlap = 74.0625
PHY-3002 : Step(7): len = 276846, overlap = 93.4688
PHY-3002 : Step(8): len = 235601, overlap = 128.688
PHY-3002 : Step(9): len = 211092, overlap = 177.281
PHY-3002 : Step(10): len = 185950, overlap = 198.344
PHY-3002 : Step(11): len = 170122, overlap = 216.25
PHY-3002 : Step(12): len = 152628, overlap = 236.156
PHY-3002 : Step(13): len = 140116, overlap = 247.344
PHY-3002 : Step(14): len = 131458, overlap = 268.719
PHY-3002 : Step(15): len = 120998, overlap = 282.156
PHY-3002 : Step(16): len = 112836, overlap = 284.719
PHY-3002 : Step(17): len = 106784, overlap = 288.031
PHY-3002 : Step(18): len = 106084, overlap = 290.531
PHY-3001 : :::1::: Try harder cell spreading with beta_ = 2.53089e-06
PHY-3002 : Step(19): len = 116450, overlap = 275.688
PHY-3002 : Step(20): len = 121181, overlap = 272.594
PHY-3002 : Step(21): len = 124245, overlap = 268.969
PHY-3002 : Step(22): len = 117793, overlap = 258.844
PHY-3002 : Step(23): len = 116912, overlap = 240.312
PHY-3002 : Step(24): len = 116069, overlap = 195.938
PHY-3002 : Step(25): len = 116436, overlap = 179.688
PHY-3002 : Step(26): len = 117257, overlap = 175.188
PHY-3002 : Step(27): len = 115518, overlap = 162.125
PHY-3002 : Step(28): len = 110359, overlap = 156.312
PHY-3002 : Step(29): len = 108725, overlap = 149.188
PHY-3002 : Step(30): len = 108303, overlap = 140.844
PHY-3002 : Step(31): len = 108259, overlap = 134.719
PHY-3002 : Step(32): len = 108069, overlap = 132.531
PHY-3002 : Step(33): len = 106215, overlap = 135.719
PHY-3002 : Step(34): len = 105894, overlap = 132.625
PHY-3002 : Step(35): len = 106028, overlap = 126.75
PHY-3002 : Step(36): len = 106149, overlap = 128.188
PHY-3002 : Step(37): len = 105964, overlap = 121.938
PHY-3002 : Step(38): len = 104125, overlap = 116.812
PHY-3002 : Step(39): len = 103075, overlap = 119.562
PHY-3002 : Step(40): len = 102767, overlap = 125
PHY-3002 : Step(41): len = 101931, overlap = 120.344
PHY-3002 : Step(42): len = 101367, overlap = 116
PHY-3002 : Step(43): len = 99897, overlap = 115.844
PHY-3002 : Step(44): len = 98637.4, overlap = 118.875
PHY-3002 : Step(45): len = 99040.2, overlap = 125.25
PHY-3002 : Step(46): len = 98029.9, overlap = 138.094
PHY-3002 : Step(47): len = 96712.9, overlap = 148.375
PHY-3002 : Step(48): len = 95674.5, overlap = 149.625
PHY-3002 : Step(49): len = 93902.2, overlap = 170.75
PHY-3002 : Step(50): len = 93697.2, overlap = 174.125
PHY-3002 : Step(51): len = 93499.8, overlap = 180.469
PHY-3002 : Step(52): len = 91648.3, overlap = 184.219
PHY-3002 : Step(53): len = 90833.7, overlap = 179.719
PHY-3002 : Step(54): len = 91169.3, overlap = 172.062
PHY-3002 : Step(55): len = 90761.5, overlap = 168.469
PHY-3002 : Step(56): len = 89863.8, overlap = 164.156
PHY-3002 : Step(57): len = 89392.8, overlap = 166.562
PHY-3001 : :::2::: Try harder cell spreading with beta_ = 5.06178e-06
PHY-3002 : Step(58): len = 91365.6, overlap = 164.75
PHY-3002 : Step(59): len = 92143.9, overlap = 164.562
PHY-3002 : Step(60): len = 92439.7, overlap = 164.562
PHY-3001 : :::3::: Try harder cell spreading with beta_ = 1.01236e-05
PHY-3002 : Step(61): len = 97289.2, overlap = 155.781
PHY-3002 : Step(62): len = 98241.8, overlap = 155.531
PHY-3002 : Step(63): len = 100758, overlap = 148.719
PHY-3002 : Step(64): len = 101547, overlap = 148.094
PHY-3002 : Step(65): len = 103194, overlap = 139.062
PHY-3002 : Step(66): len = 104597, overlap = 137.125
PHY-3002 : Step(67): len = 105389, overlap = 135.375
PHY-3002 : Step(68): len = 105572, overlap = 134
PHY-3002 : Step(69): len = 104976, overlap = 132.375
PHY-3001 : :::4::: Try harder cell spreading with beta_ = 2.02471e-05
PHY-3002 : Step(70): len = 107890, overlap = 130.75
PHY-3002 : Step(71): len = 108277, overlap = 130.812
PHY-3002 : Step(72): len = 109898, overlap = 134.031
PHY-3001 : :::5::: Try harder cell spreading with beta_ = 4.04942e-05
PHY-3002 : Step(73): len = 113996, overlap = 128.656
PHY-3002 : Step(74): len = 114307, overlap = 125.906
PHY-3002 : Step(75): len = 115183, overlap = 124.219
PHY-3002 : Step(76): len = 115368, overlap = 124.375
PHY-3002 : Step(77): len = 116358, overlap = 122.594
PHY-3001 : :::6::: Try harder cell spreading with beta_ = 8.09885e-05
PHY-3002 : Step(78): len = 117747, overlap = 122.125
PHY-3002 : Step(79): len = 119084, overlap = 125.031
PHY-3002 : Step(80): len = 120461, overlap = 125.156
PHY-3001 : Legalization ...
PHY-3001 : End legalization;  0.005663s wall, 0.000000s user + 0.015625s system = 0.015625s CPU (275.9%)

PHY-3001 : Run with size of 4
PHY-3001 : Cell area utilization is 20%
PHY-3001 : :::0::: Try harder cell spreading with beta_ = 1.9599e-06
PHY-3002 : Step(81): len = 176006, overlap = 170.281
PHY-3002 : Step(82): len = 176076, overlap = 167.031
PHY-3002 : Step(83): len = 168011, overlap = 172.531
PHY-3002 : Step(84): len = 167588, overlap = 178.781
PHY-3002 : Step(85): len = 163305, overlap = 164.094
PHY-3002 : Step(86): len = 161012, overlap = 168.688
PHY-3002 : Step(87): len = 160355, overlap = 163.344
PHY-3002 : Step(88): len = 158397, overlap = 155.438
PHY-3002 : Step(89): len = 156554, overlap = 147.438
PHY-3002 : Step(90): len = 156967, overlap = 145.656
PHY-3002 : Step(91): len = 156269, overlap = 147.875
PHY-3002 : Step(92): len = 155160, overlap = 140.75
PHY-3002 : Step(93): len = 151305, overlap = 150.125
PHY-3002 : Step(94): len = 151369, overlap = 151.125
PHY-3002 : Step(95): len = 150048, overlap = 147.719
PHY-3002 : Step(96): len = 149922, overlap = 153.125
PHY-3002 : Step(97): len = 148359, overlap = 148.031
PHY-3002 : Step(98): len = 148132, overlap = 147.125
PHY-3002 : Step(99): len = 148194, overlap = 150.094
PHY-3001 : :::1::: Try harder cell spreading with beta_ = 3.9198e-06
PHY-3002 : Step(100): len = 146696, overlap = 154.531
PHY-3002 : Step(101): len = 146849, overlap = 154.625
PHY-3002 : Step(102): len = 147170, overlap = 149.594
PHY-3001 : :::2::: Try harder cell spreading with beta_ = 7.83959e-06
PHY-3002 : Step(103): len = 149027, overlap = 150.781
PHY-3002 : Step(104): len = 149769, overlap = 152.844
PHY-3002 : Step(105): len = 151632, overlap = 149.281
PHY-3001 : :::3::: Try harder cell spreading with beta_ = 1.56792e-05
PHY-3002 : Step(106): len = 152321, overlap = 142.656
PHY-3002 : Step(107): len = 152887, overlap = 143.281
PHY-3002 : Step(108): len = 155019, overlap = 132.25
PHY-3002 : Step(109): len = 155357, overlap = 128.906
PHY-3002 : Step(110): len = 152410, overlap = 127.938
PHY-3002 : Step(111): len = 152410, overlap = 127.938
PHY-3002 : Step(112): len = 151877, overlap = 127.344
PHY-3001 : :::4::: Try harder cell spreading with beta_ = 3.13584e-05
PHY-3002 : Step(113): len = 154723, overlap = 122.219
PHY-3002 : Step(114): len = 155301, overlap = 120.031
PHY-3002 : Step(115): len = 156805, overlap = 108.625
PHY-3001 : :::5::: Try harder cell spreading with beta_ = 6.27167e-05
PHY-3002 : Step(116): len = 156261, overlap = 105.25
PHY-3002 : Step(117): len = 156261, overlap = 105.25
PHY-3002 : Step(118): len = 156453, overlap = 100.531
PHY-3001 : Run with size of 2
PHY-3001 : Cell area utilization is 20%
PHY-3001 : :::0::: Try harder cell spreading with beta_ = 1.18631e-05
PHY-3002 : Step(119): len = 157514, overlap = 226.562
PHY-3002 : Step(120): len = 158079, overlap = 224.906
PHY-3002 : Step(121): len = 157477, overlap = 213.625
PHY-3002 : Step(122): len = 157831, overlap = 213.938
PHY-3002 : Step(123): len = 157087, overlap = 216.5
PHY-3002 : Step(124): len = 157257, overlap = 207.812
PHY-3002 : Step(125): len = 156308, overlap = 205.594
PHY-3002 : Step(126): len = 156509, overlap = 203.562
PHY-3002 : Step(127): len = 155261, overlap = 212.469
PHY-3002 : Step(128): len = 155310, overlap = 212.844
PHY-3002 : Step(129): len = 154926, overlap = 217.5
PHY-3001 : :::1::: Try harder cell spreading with beta_ = 2.37261e-05
PHY-3002 : Step(130): len = 156808, overlap = 204.344
PHY-3002 : Step(131): len = 157272, overlap = 204.781
PHY-3002 : Step(132): len = 158868, overlap = 206.188
PHY-3001 : :::2::: Try harder cell spreading with beta_ = 4.74522e-05
PHY-3002 : Step(133): len = 160524, overlap = 192.406
PHY-3002 : Step(134): len = 161225, overlap = 189.781
PHY-3002 : Step(135): len = 163904, overlap = 181.125
PHY-3002 : Step(136): len = 164371, overlap = 180.281
PHY-3002 : Step(137): len = 163336, overlap = 181.719
PHY-3001 : :::3::: Try harder cell spreading with beta_ = 9.49045e-05
PHY-3002 : Step(138): len = 164743, overlap = 170.25
PHY-3002 : Step(139): len = 165235, overlap = 169.062
PHY-3002 : Step(140): len = 167818, overlap = 162.25
PHY-3001 : :::4::: Try harder cell spreading with beta_ = 0.000189809
PHY-3002 : Step(141): len = 168482, overlap = 149.406
PHY-3002 : Step(142): len = 169354, overlap = 136.625
PHY-3002 : Step(143): len = 171440, overlap = 132.188
PHY-3002 : Step(144): len = 172124, overlap = 132.875
PHY-3002 : Step(145): len = 171199, overlap = 130.406
PHY-3001 : :::5::: Try harder cell spreading with beta_ = 0.000379618
PHY-3002 : Step(146): len = 171682, overlap = 132
PHY-3002 : Step(147): len = 171930, overlap = 131.5
PHY-3001 : :::6::: Try harder cell spreading with beta_ = 0.000614222
PHY-3002 : Step(148): len = 172465, overlap = 128.094
PHY-3002 : Step(149): len = 173140, overlap = 124.188
PHY-3001 : :::7::: Try harder cell spreading with beta_ = 0.000993811
PHY-3002 : Step(150): len = 173717, overlap = 126.656
PHY-3002 : Step(151): len = 173823, overlap = 125.625
PHY-3002 : Step(152): len = 174236, overlap = 119.938
PHY-3001 : :::8::: Try harder cell spreading with beta_ = 0.00160799
PHY-3002 : Step(153): len = 174636, overlap = 120.125
PHY-3002 : Step(154): len = 175460, overlap = 122.125
PHY-3002 : Step(155): len = 177370, overlap = 117.844
PHY-3002 : Step(156): len = 176919, overlap = 116.812
PHY-3002 : Step(157): len = 176919, overlap = 116.812
PHY-3001 : :::9::: Try harder cell spreading with beta_ = 0.00281082
PHY-3002 : Step(158): len = 177142, overlap = 116.719
PHY-3002 : Step(159): len = 177323, overlap = 116
PHY-3001 : :::10::: Try harder cell spreading with beta_ = 0.00454791
PHY-3002 : Step(160): len = 177438, overlap = 114.781
PHY-3002 : Step(161): len = 177674, overlap = 115.031
OPT-1001 : Start physical optimization ...
OPT-1001 : Total overflow 320.69 peak overflow 5.69
OPT-1001 : Start high-fanout net optimization ...
OPT-1001 : Update timing in global mode
PHY-1001 : Start incremental global routing, caller is place ...
RUN-1001 : Generating global routing grids ...
RUN-1001 : Building simple global routing graph ...
PHY-1001 : Generate routing nets ...
PHY-1001 : Reuse net number 0/5752.
PHY-1001 : Global iterations in 16 thread ...
PHY-1002 : len = 202704, over cnt = 702(1%), over = 3475, worst = 44
PHY-1001 : End global iterations;  0.178266s wall, 0.109375s user + 0.156250s system = 0.265625s CPU (149.0%)

PHY-1001 : Congestion index: top1 = 64.31, top5 = 46.87, top10 = 38.07, top15 = 31.81.
PHY-1001 : End incremental global routing;  0.249120s wall, 0.140625s user + 0.187500s system = 0.328125s CPU (131.7%)

RUN-1002 : start command "start_timer -report"
TMR-5001 WARNING: No sdc constraints found while initiating timer.
TMR-2505 : Start building timing graph for model audio_speak.
TMR-2506 : Build timing graph completely. Port num: 50, tpin num: 18518, tnet num: 4694, tinst num: 3108, tnode num: 22291, tedge num: 32433.
TMR-2508 : Levelizing timing graph completed, there are 47 levels in total.
TMR-2501 : Timing graph initialized successfully.
OPT-1001 : End timing update;  0.321236s wall, 0.296875s user + 0.031250s system = 0.328125s CPU (102.1%)

OPT-1001 : 0 high-fanout net processed.
OPT-1001 : End high-fanout net optimization;  0.619325s wall, 0.484375s user + 0.218750s system = 0.703125s CPU (113.5%)

OPT-1001 : Current memory(MB): used = 261, reserve = 232, peak = 261.
OPT-1001 : End physical optimization;  0.653393s wall, 0.515625s user + 0.234375s system = 0.750000s CPU (114.8%)

PHY-3001 : Start packing ...
SYN-4007 : Packing 0 MUX to BLE ...
SYN-4008 : Packed 0 MUX and 0 SEQ to BLE.
SYN-4007 : Packing 1118 LUT to BLE ...
SYN-4008 : Packed 1118 LUT and 437 SEQ to BLE.
SYN-4003 : Packing 458 remaining SEQ's ...
SYN-4005 : Packed 198 SEQ with LUT/SLICE
SYN-4006 : 553 single LUT's are left
SYN-4006 : 260 single SEQ's are left
SYN-4011 : Packing model "audio_speak" (AL_USER_NORMAL) with 1378/2475 primitive instances ...
PHY-3001 : End packing;  0.061880s wall, 0.062500s user + 0.000000s system = 0.062500s CPU (101.0%)

PHY-1001 : Populate physical database on model audio_speak.
RUN-1001 : There are total 1812 instances
RUN-1001 : 857 mslices, 857 lslices, 51 pads, 0 brams, 29 dsps
RUN-1001 : There are total 5327 nets
RUN-1001 : 3297 nets have 2 pins
RUN-1001 : 1494 nets have [3 - 5] pins
RUN-1001 : 410 nets have [6 - 10] pins
RUN-1001 : 79 nets have [11 - 20] pins
RUN-1001 : 37 nets have [21 - 99] pins
RUN-1001 : 10 nets have 100+ pins
PHY-3001 : design contains 1810 instances, 1714 slices, 203 macros(999 instances: 651 mslices 348 lslices)
PHY-3001 : Cell area utilization is 22%
PHY-3001 : After packing: Len = 176883, Over = 125
PHY-3001 : Run with size of 2
PHY-3001 : Cell area utilization is 22%
PHY-3001 : :::0::: Try harder cell spreading with beta_ = 1.62886e-05
PHY-3002 : Step(162): len = 169429, overlap = 135
PHY-3002 : Step(163): len = 169222, overlap = 141.75
PHY-3002 : Step(164): len = 162928, overlap = 148.5
PHY-3002 : Step(165): len = 159768, overlap = 158.75
PHY-3002 : Step(166): len = 159741, overlap = 161.25
PHY-3002 : Step(167): len = 159773, overlap = 167.5
PHY-3002 : Step(168): len = 159865, overlap = 168
PHY-3002 : Step(169): len = 158210, overlap = 173.5
PHY-3002 : Step(170): len = 158422, overlap = 171
PHY-3002 : Step(171): len = 158594, overlap = 166.5
PHY-3001 : :::1::: Try harder cell spreading with beta_ = 3.25773e-05
PHY-3002 : Step(172): len = 161680, overlap = 163.75
PHY-3002 : Step(173): len = 162421, overlap = 158.75
PHY-3002 : Step(174): len = 165058, overlap = 149.5
PHY-3002 : Step(175): len = 165810, overlap = 150
PHY-3002 : Step(176): len = 164973, overlap = 152
PHY-3001 : :::2::: Try harder cell spreading with beta_ = 6.51546e-05
PHY-3002 : Step(177): len = 167912, overlap = 142.25
PHY-3002 : Step(178): len = 168621, overlap = 140
PHY-3002 : Step(179): len = 171519, overlap = 131.25
PHY-3002 : Step(180): len = 171841, overlap = 129.25
PHY-3002 : Step(181): len = 170259, overlap = 124
PHY-3002 : Step(182): len = 170035, overlap = 123.5
PHY-3002 : Step(183): len = 169674, overlap = 121.75
PHY-3001 : Legalization ...
PHY-3001 : End legalization;  0.184190s wall, 0.296875s user + 0.328125s system = 0.625000s CPU (339.3%)

PHY-3001 : Trial Legalized: Len = 207004
PHY-3001 : Run with size of 2
PHY-3001 : Cell area utilization is 21%
PHY-3001 : :::0::: Try harder cell spreading with beta_ = 0.000247509
PHY-3002 : Step(184): len = 193927, overlap = 16.75
PHY-3002 : Step(185): len = 191357, overlap = 28
PHY-3002 : Step(186): len = 189465, overlap = 29.25
PHY-3002 : Step(187): len = 189130, overlap = 30
PHY-3002 : Step(188): len = 188219, overlap = 31.25
PHY-3001 : :::1::: Try harder cell spreading with beta_ = 0.000495019
PHY-3002 : Step(189): len = 188758, overlap = 30.5
PHY-3002 : Step(190): len = 188886, overlap = 30.5
PHY-3002 : Step(191): len = 189128, overlap = 29.25
PHY-3001 : :::2::: Try harder cell spreading with beta_ = 0.000990037
PHY-3002 : Step(192): len = 189599, overlap = 29
PHY-3002 : Step(193): len = 189780, overlap = 29
PHY-3001 : Legalization ...
PHY-3001 : End legalization;  0.003865s wall, 0.000000s user + 0.000000s system = 0.000000s CPU (n/a%)

PHY-3001 : Legalized: Len = 197292, Over = 0
PHY-3001 : Spreading special nets. 5 overflows in 2952 tiles.
PHY-3001 : End spreading;  0.008470s wall, 0.000000s user + 0.000000s system = 0.000000s CPU (n/a%)

PHY-3001 : 6 instances has been re-located, deltaX = 2, deltaY = 2, maxDist = 1.
PHY-3001 : Final: Len = 197400, Over = 0
OPT-1001 : Start physical optimization ...
OPT-1001 : Total overflow 0.00 peak overflow 0.00
OPT-1001 : Start high-fanout net optimization ...
OPT-1001 : Update timing in global mode
PHY-1001 : Start incremental global routing, caller is place ...
RUN-1001 : Generating global routing grids ...
PHY-1001 : Generate routing nets ...
PHY-1001 : Reuse net number 125/5327.
PHY-1001 : Global iterations in 16 thread ...
PHY-1002 : len = 226288, over cnt = 556(1%), over = 1074, worst = 9
PHY-1002 : len = 230168, over cnt = 395(1%), over = 654, worst = 8
PHY-1002 : len = 234432, over cnt = 145(0%), over = 246, worst = 8
PHY-1002 : len = 236400, over cnt = 35(0%), over = 55, worst = 8
PHY-1002 : len = 236936, over cnt = 0(0%), over = 0, worst = 0
PHY-1001 : End global iterations;  0.312583s wall, 0.343750s user + 0.062500s system = 0.406250s CPU (130.0%)

PHY-1001 : Congestion index: top1 = 46.08, top5 = 37.98, top10 = 32.60, top15 = 28.89.
PHY-1001 : End incremental global routing;  0.402390s wall, 0.390625s user + 0.078125s system = 0.468750s CPU (116.5%)

RUN-1002 : start command "start_timer -report"
TMR-5001 WARNING: No sdc constraints found while initiating timer.
TMR-2505 : Start building timing graph for model audio_speak.
TMR-2506 : Build timing graph completely. Port num: 50, tpin num: 16757, tnet num: 4269, tinst num: 1810, tnode num: 19631, tedge num: 30202.
TMR-2508 : Levelizing timing graph completed, there are 45 levels in total.
TMR-2501 : Timing graph initialized successfully.
OPT-1001 : End timing update;  0.323818s wall, 0.328125s user + 0.000000s system = 0.328125s CPU (101.3%)

OPT-1001 : 0 high-fanout net processed.
OPT-1001 : End high-fanout net optimization;  0.782085s wall, 0.781250s user + 0.078125s system = 0.859375s CPU (109.9%)

OPT-1001 : Current memory(MB): used = 272, reserve = 243, peak = 272.
OPT-1001 : Update timing in Manhattan mode
OPT-1001 : End timing update;  0.005911s wall, 0.000000s user + 0.000000s system = 0.000000s CPU (n/a%)

OPT-1001 : Start pin optimization...
OPT-1001 : skip pin optimization...
RUN-1001 : Generating global routing grids ...
PHY-1001 : Generate routing nets ...
PHY-1001 : Reuse net number 3695/5327.
PHY-1001 : Global iterations in 16 thread ...
PHY-1002 : len = 236936, over cnt = 0(0%), over = 0, worst = 0
PHY-1001 : End global iterations;  0.014250s wall, 0.015625s user + 0.000000s system = 0.015625s CPU (109.7%)

PHY-1001 : Congestion index: top1 = 46.08, top5 = 37.98, top10 = 32.60, top15 = 28.89.
OPT-1001 : Update timing in Manhattan mode
OPT-1001 : End timing update;  0.005915s wall, 0.000000s user + 0.000000s system = 0.000000s CPU (n/a%)

RUN-1001 : QoR Analysis:
OPT-0007 :   WNS 2147483647 TNS 0 NUM_FEPS 0
RUN-1001 :   No local congestion issue, and most congested 1% tile average routing util is 45.620690
RUN-1001 :   Top critical paths
OPT-1001 : End physical optimization;  0.917911s wall, 0.906250s user + 0.078125s system = 0.984375s CPU (107.2%)

RUN-1003 : finish command "place" in  6.791990s wall, 10.421875s user + 9.953125s system = 20.375000s CPU (300.0%)

RUN-1004 : used memory is 236 MB, reserved memory is 206 MB, peak memory is 275 MB
RUN-1002 : start command "export_db ES8388_place.db"
RUN-1001 : Exported /
RUN-1001 : Exported flow parameters
RUN-1001 : Exported libs
RUN-1001 : Exported entities
RUN-1001 : Exported ports
RUN-1001 : Exported pins
RUN-1001 : Exported instances
RUN-1001 : Exported nets
RUN-1001 : Exported buses
RUN-1001 : Exported models
RUN-1001 : Exported congestions
RUN-1001 : Exported violations
RUN-1001 : Exported IO constraints
RUN-1001 : Exported Inst constraints
RUN-1002 : start command "route"
RUN-1001 : Open license file E:/Software/Anlogic/TD5.6.2/license/Anlogic.lic
RUN-1001 : Print Global Property
RUN-1001 : ---------------------------------------------------------------
RUN-1001 :        Parameters        |  Settings  |  Default Values  |  Note  
RUN-1001 : ---------------------------------------------------------------
RUN-1001 :          message         |  standard  |     standard     |        
RUN-1001 :   mixed_pack_place_flow  |     on     |        on        |        
RUN-1001 :        qor_monitor       |    off     |       off        |        
RUN-1001 :        syn_ip_flow       |    off     |       off        |        
RUN-1001 :          thread          |    auto    |       auto       |        
RUN-1001 : ---------------------------------------------------------------
RUN-1001 : Print Route Property
RUN-1001 : -------------------------------------------------------
RUN-1001 :    Parameters    |  Settings  |  Default Values  |  Note  
RUN-1001 : -------------------------------------------------------
RUN-1001 :      effort      |   medium   |      medium      |        
RUN-1001 :     fix_hold     |    off     |       off        |        
RUN-1001 :    opt_timing    |   medium   |      medium      |        
RUN-1001 :   phy_sim_model  |    off     |       off        |        
RUN-1001 :     priority     |   timing   |      timing      |        
RUN-1001 :     swap_pin     |     on     |        on        |        
RUN-1001 : -------------------------------------------------------
PHY-1001 : Route runs in 16 thread(s)
RUN-1001 : There are total 1812 instances
RUN-1001 : 857 mslices, 857 lslices, 51 pads, 0 brams, 29 dsps
RUN-1001 : There are total 5327 nets
RUN-1001 : 3297 nets have 2 pins
RUN-1001 : 1494 nets have [3 - 5] pins
RUN-1001 : 410 nets have [6 - 10] pins
RUN-1001 : 79 nets have [11 - 20] pins
RUN-1001 : 37 nets have [21 - 99] pins
RUN-1001 : 10 nets have 100+ pins
RUN-1002 : start command "start_timer -report"
TMR-5001 WARNING: No sdc constraints found while initiating timer.
TMR-2505 : Start building timing graph for model audio_speak.
TMR-2506 : Build timing graph completely. Port num: 50, tpin num: 16757, tnet num: 4269, tinst num: 1810, tnode num: 19631, tedge num: 30202.
TMR-2508 : Levelizing timing graph completed, there are 45 levels in total.
TMR-2501 : Timing graph initialized successfully.
PHY-1001 : 857 mslices, 857 lslices, 51 pads, 0 brams, 29 dsps
TMR-2503 : Start to update net delay, extr mode = 3.
TMR-2504 : Update delay of 4269 nets completely.
TMR-2502 : Annotate delay completely, extr mode = 3.
TMR-3002 : No user constraint, initiate default constraint.
TMR-1501 : Assign derive clock DeriveClock to 1288 clock pins, and constraint 2866 relative nodes.
TMR-3003 : Constraints initiated successfully.
TMR-3501 : Forward propagation: start to calculate arrival time...
TMR-3502 : Backward propagation: start to calculate required time...
TMR-3503 : Timing propagation completes.
PHY-1001 : Start global routing, caller is route ...
RUN-1001 : Generating global routing grids ...
PHY-1001 : Generate routing nets ...
PHY-1001 : Global iterations in 16 thread ...
PHY-1002 : len = 225256, over cnt = 555(1%), over = 1070, worst = 9
PHY-1002 : len = 228800, over cnt = 395(1%), over = 656, worst = 8
PHY-1002 : len = 234712, over cnt = 47(0%), over = 76, worst = 8
PHY-1002 : len = 235232, over cnt = 4(0%), over = 4, worst = 1
PHY-1002 : len = 235408, over cnt = 0(0%), over = 0, worst = 0
PHY-1001 : End global iterations;  0.347244s wall, 0.296875s user + 0.156250s system = 0.453125s CPU (130.5%)

PHY-1001 : Congestion index: top1 = 45.45, top5 = 37.97, top10 = 32.50, top15 = 28.70.
PHY-1001 : End global routing;  0.429597s wall, 0.375000s user + 0.156250s system = 0.531250s CPU (123.7%)

PHY-1001 : Start detail routing ...
PHY-1001 : Current memory(MB): used = 327, reserve = 300, peak = 327.
PHY-1001 : Detailed router is running in normal mode.
PHY-1001 : Generate detailed routing grids ...
PHY-1001 : Processed IO instance aud_dacdat_syn_4 with INV attribute.
PHY-1001 : Processed IO instance aud_dacdat_1_syn_4 with INV attribute.
PHY-1001 : Processed IO instance aud_dacdat_2_syn_4 with INV attribute.
PHY-1001 : Processed IO instance aud_dacdat_3_syn_4 with INV attribute.
PHY-1001 : Generate nets ...
PHY-1001 : clock net aud_bclk_syn_4 will be merged with clock aud_bclk_dup_1
PHY-1001 : clock net aud_bclk_1_syn_4 will be merged with clock aud_bclk_1_dup_1
PHY-1001 : clock net aud_bclk_2_syn_4 will be merged with clock aud_bclk_2_dup_1
PHY-1001 : clock net aud_bclk_3_syn_4 will be merged with clock aud_bclk_3_dup_1
PHY-1001 : net aud_mclk_dup_1 will be routed on clock mesh
PHY-1001 : net aud_mclk_1_dup_1 will be routed on clock mesh
PHY-1001 : net aud_mclk_2_dup_1 will be routed on clock mesh
PHY-1001 : net aud_mclk_3_dup_1 will be routed on clock mesh
PHY-1001 : clock net ilaclk_dup_1 will be merged with clock u_pll_clk/clk0_buf
PHY-1001 : clock net ilaclk_1_dup_1 will be merged with clock u1_pll_clk/clk0_buf
PHY-1001 : clock net ilaclk_2_dup_1 will be merged with clock u2_pll_clk/clk0_buf
PHY-1001 : clock net ilaclk_3_dup_1 will be merged with clock u3_pll_clk/clk0_buf
PHY-1001 : net sys_clk_dup_1 will be routed on clock mesh
PHY-1001 : clock net u1_es8388_ctrl/u_es8388_config/u_i2c_dri/dri_clk_syn_4 will be merged with clock u1_es8388_ctrl/u_es8388_config/u_i2c_dri/dri_clk
PHY-1001 : clock net u2_es8388_ctrl/u_es8388_config/u_i2c_dri/dri_clk_syn_4 will be merged with clock u2_es8388_ctrl/u_es8388_config/u_i2c_dri/dri_clk
PHY-1001 : clock net u3_es8388_ctrl/u_es8388_config/u_i2c_dri/dri_clk_syn_4 will be merged with clock u3_es8388_ctrl/u_es8388_config/u_i2c_dri/dri_clk
PHY-1001 : Current memory(MB): used = 580, reserve = 557, peak = 580.
PHY-1001 : End build detailed router design. 2.206140s wall, 2.125000s user + 0.046875s system = 2.171875s CPU (98.4%)

PHY-1001 : Detail Route ...
PHY-1001 : ===== Detail Route Phase 1 =====
PHY-1001 : Clock net routing.....
PHY-1001 : Routed 0% nets.
PHY-1022 : len = 60256, over cnt = 0(0%), over = 0, worst = 0, crit = 0
PHY-1001 : End initial clock net routed; 3.920470s wall, 3.890625s user + 0.015625s system = 3.906250s CPU (99.6%)

PHY-1001 : Current memory(MB): used = 613, reserve = 590, peak = 613.
PHY-1001 : End phase 1; 3.922951s wall, 3.906250s user + 0.015625s system = 3.921875s CPU (100.0%)

PHY-1001 : ===== Detail Route Phase 2 =====
PHY-1001 : Initial routing.....
PHY-1001 : Routed 27% nets.
PHY-1001 : Routed 32% nets.
PHY-1001 : Routed 39% nets.
PHY-1001 : Routed 49% nets.
PHY-1001 : Routed 67% nets.
PHY-1022 : len = 643736, over cnt = 148(0%), over = 148, worst = 1, crit = 0
PHY-1001 : Current memory(MB): used = 614, reserve = 591, peak = 614.
PHY-1001 : End initial routed; 4.812587s wall, 4.625000s user + 2.890625s system = 7.515625s CPU (156.2%)

PHY-1001 : Current memory(MB): used = 614, reserve = 591, peak = 614.
PHY-1001 : End phase 2; 4.812684s wall, 4.625000s user + 2.890625s system = 7.515625s CPU (156.2%)

PHY-1001 : ===== Detail Route Phase 3 =====
PHY-1001 : Ripup-reroute.....
PHY-1001 : ===== DR Iter 1 =====
PHY-1022 : len = 642216, over cnt = 44(0%), over = 44, worst = 1, crit = 0
PHY-1001 : End DR Iter 1; 0.098934s wall, 0.109375s user + 0.015625s system = 0.125000s CPU (126.3%)

PHY-1001 : ===== DR Iter 2 =====
PHY-1022 : len = 642040, over cnt = 14(0%), over = 14, worst = 1, crit = 0
PHY-1001 : End DR Iter 2; 0.051395s wall, 0.031250s user + 0.015625s system = 0.046875s CPU (91.2%)

PHY-1001 : ===== DR Iter 3 =====
PHY-1022 : len = 642064, over cnt = 0(0%), over = 0, worst = 0, crit = 0
PHY-1001 : End DR Iter 3; 0.036561s wall, 0.046875s user + 0.000000s system = 0.046875s CPU (128.2%)

PHY-1001 : Commit to database.....
PHY-1001 : 24 feed throughs used by 22 nets
PHY-1001 : End commit to database; 0.322382s wall, 0.328125s user + 0.000000s system = 0.328125s CPU (101.8%)

PHY-1001 : Current memory(MB): used = 642, reserve = 620, peak = 642.
PHY-1001 : End phase 3; 0.610216s wall, 0.593750s user + 0.031250s system = 0.625000s CPU (102.4%)

PHY-1003 : Routed, final wirelength = 642064
PHY-1001 : Current memory(MB): used = 643, reserve = 621, peak = 643.
PHY-1001 : End export database. 0.013215s wall, 0.015625s user + 0.000000s system = 0.015625s CPU (118.2%)

PHY-1001 : End detail routing;  11.734652s wall, 11.421875s user + 2.984375s system = 14.406250s CPU (122.8%)

RUN-1003 : finish command "route" in  12.656584s wall, 12.234375s user + 3.187500s system = 15.421875s CPU (121.8%)

RUN-1004 : used memory is 555 MB, reserved memory is 536 MB, peak memory is 643 MB
RUN-1002 : start command "report_area -io_info -file ES8388_phy.area"
RUN-1001 : standard
***Report Model: audio_speak Device: EG4S20BG256***

IO Statistics
#IO                        51
  #input                   19
  #output                  28
  #inout                    4

Utilization Statistics
#lut                     3116   out of  19600   15.90%
#reg                      941   out of  19600    4.80%
#le                      3376
  #lut only              2435   out of   3376   72.13%
  #reg only               260   out of   3376    7.70%
  #lut&reg                681   out of   3376   20.17%
#dsp                       29   out of     29  100.00%
#bram                       0   out of     64    0.00%
  #bram9k                   0
  #fifo9k                   0
#bram32k                    0   out of     16    0.00%
#pad                       51   out of    188   27.13%
  #ireg                     8
  #oreg                    20
  #treg                     4
#pll                        4   out of      4  100.00%
#gclk                      11   out of     16   68.75%

Clock Resource Statistics
Index     ClockNet                                            Type               DriverType         Driver                                                           Fanout
#1        sys_clk_dup_1                                       GCLK               io                 sys_clk_syn_2.di                                                 355
#2        aud_bclk_1_dup_1                                    GCLK               io                 aud_bclk_1_syn_2.di                                              45
#3        aud_bclk_3_dup_1                                    GCLK               io                 aud_bclk_3_syn_2.di                                              45
#4        aud_bclk_2_dup_1                                    GCLK               io                 aud_bclk_2_syn_2.di                                              44
#5        aud_bclk_dup_1                                      GCLK               io                 aud_bclk_syn_2.di                                                44
#6        u1_es8388_ctrl/u_es8388_config/u_i2c_dri/dri_clk    GCLK               lslice             u1_es8388_ctrl/u_es8388_config/u_i2c_dri/dri_clk_reg_syn_9.q0    42
#7        u2_es8388_ctrl/u_es8388_config/u_i2c_dri/dri_clk    GCLK               lslice             u2_es8388_ctrl/u_es8388_config/u_i2c_dri/dri_clk_reg_syn_9.q1    39
#8        u3_es8388_ctrl/u_es8388_config/u_i2c_dri/dri_clk    GCLK               lslice             u3_es8388_ctrl/u_es8388_config/u_i2c_dri/dri_clk_reg_syn_9.q1    39
#9        aud_mclk_1_dup_1                                    GCLK               pll                u1_pll_clk/pll_inst.clkc1                                        0
#10       aud_mclk_2_dup_1                                    GCLK               pll                u2_pll_clk/pll_inst.clkc1                                        0
#11       aud_mclk_3_dup_1                                    GCLK               pll                u3_pll_clk/pll_inst.clkc1                                        0
#12       aud_mclk_dup_1                                      GCLK               pll                u_pll_clk/pll_inst.clkc1                                         0
#13       u1_pll_clk/clk0_buf                                 GCLK               pll                u1_pll_clk/pll_inst.clkc0                                        0
#14       u2_pll_clk/clk0_buf                                 GCLK               pll                u2_pll_clk/pll_inst.clkc0                                        0
#15       u3_pll_clk/clk0_buf                                 GCLK               pll                u3_pll_clk/pll_inst.clkc0                                        0
#16       u_pll_clk/clk0_buf                                  GCLK               pll                u_pll_clk/pll_inst.clkc0                                         0


Detailed IO Report

      Name        Direction    Location    IOStandard    DriveStrength    PullType     PackReg   
   aud_adcdat       INPUT        R14        LVCMOS25          N/A          PULLUP       IREG     
  aud_adcdat_1      INPUT        G16        LVCMOS25          N/A          PULLUP       IREG     
  aud_adcdat_2      INPUT         E7        LVCMOS25          N/A          PULLUP       IREG     
  aud_adcdat_3      INPUT         L4        LVCMOS25          N/A          PULLUP       IREG     
    aud_bclk        INPUT         M6        LVCMOS25          N/A          PULLUP       NONE     
   aud_bclk_1       INPUT        G14        LVCMOS25          N/A          PULLUP       NONE     
   aud_bclk_2       INPUT         D5        LVCMOS25          N/A          PULLUP       NONE     
   aud_bclk_3       INPUT         H5        LVCMOS25          N/A          PULLUP       NONE     
    aud_lrc         INPUT         M7        LVCMOS25          N/A          PULLUP       IREG     
   aud_lrc_1        INPUT        H16        LVCMOS25          N/A          PULLUP       IREG     
   aud_lrc_2        INPUT         C6        LVCMOS25          N/A          PULLUP       IREG     
   aud_lrc_3        INPUT         K6        LVCMOS25          N/A          PULLUP       IREG     
    sys_clk         INPUT         R7        LVCMOS25          N/A          PULLUP       NONE     
   sys_rst_n        INPUT         E3        LVCMOS25          N/A          PULLUP       NONE     
  sys_rst_n_1       INPUT         B5        LVCMOS25          N/A           N/A         NONE     
  sys_rst_n_2       INPUT        T10        LVCMOS25          N/A           N/A         NONE     
  sys_rst_n_3       INPUT        G12        LVCMOS25          N/A           N/A         NONE     
   volume[1]        INPUT        B10        LVCMOS25          N/A          PULLUP       NONE     
   volume[0]        INPUT        A10        LVCMOS25          N/A          PULLUP       NONE     
   aud_dacdat      OUTPUT         P6        LVCMOS25           8            NONE        OREG     
  aud_dacdat_1     OUTPUT        H14        LVCMOS25           8            NONE        OREG     
  aud_dacdat_2     OUTPUT         E6        LVCMOS25           8            NONE        OREG     
  aud_dacdat_3     OUTPUT         K3        LVCMOS25           8            NONE        OREG     
    aud_mclk       OUTPUT         N5        LVCMOS25           8            NONE        NONE     
   aud_mclk_1      OUTPUT        F14        LVCMOS25           8            NONE        NONE     
   aud_mclk_2      OUTPUT         F6        LVCMOS25           8            NONE        NONE     
   aud_mclk_3      OUTPUT         H4        LVCMOS25           8            NONE        NONE     
    aud_scl        OUTPUT        R12        LVCMOS25           8            NONE        OREG     
   aud_scl_1       OUTPUT        D14        LVCMOS25           8            NONE        OREG     
   aud_scl_2       OUTPUT         A2        LVCMOS25           8            NONE        OREG     
   aud_scl_3       OUTPUT         G3        LVCMOS25           8            NONE        OREG     
     ilaclk        OUTPUT         M9        LVCMOS25           8            NONE        NONE     
    ilaclk_1       OUTPUT        L16        LVCMOS25           8            NONE        NONE     
    ilaclk_2       OUTPUT         D3        LVCMOS25           8            NONE        NONE     
    ilaclk_3       OUTPUT        K15        LVCMOS25           8            NONE        NONE     
      led          OUTPUT        F12        LVCMOS25           8            N/A         NONE     
     led_1         OUTPUT         C4        LVCMOS25           8            N/A         NONE     
     led_2         OUTPUT        R15        LVCMOS25           8            N/A         NONE     
     led_3         OUTPUT         T7        LVCMOS25           8            N/A         NONE     
   led_eight       OUTPUT        B14        LVCMOS25           8            NONE        OREG     
    led_five       OUTPUT        E16        LVCMOS25           8            NONE        OREG     
    led_four       OUTPUT        B15        LVCMOS25           8            NONE        OREG     
    led_one        OUTPUT        F16        LVCMOS25           8            NONE        OREG     
   led_seven       OUTPUT        B16        LVCMOS25           8            NONE        OREG     
    led_six        OUTPUT        C16        LVCMOS25           8            NONE        OREG     
    led_tree       OUTPUT        C15        LVCMOS25           8            NONE        OREG     
    led_two        OUTPUT        E13        LVCMOS25           8            NONE        OREG     
    aud_sda         INOUT         R9        LVCMOS25           8           PULLUP     OREG;TREG  
   aud_sda_1        INOUT        E15        LVCMOS25           8           PULLUP     OREG;TREG  
   aud_sda_2        INOUT         C3        LVCMOS25           8           PULLUP     OREG;TREG  
   aud_sda_3        INOUT         F3        LVCMOS25           8           PULLUP     OREG;TREG  

Report Hierarchy Area:
+--------------------------------------------------------------------------------------------------------+
|Instance                   |Module                 |le     |lut     |ripple  |seq     |bram    |dsp     |
+--------------------------------------------------------------------------------------------------------+
|top                        |audio_speak            |3376   |2405    |711     |973     |0       |29      |
|  u1_es8388_ctrl           |es8388_ctrl            |286    |221     |29      |143     |0       |0       |
|    u_audio_receive        |audio_receive          |87     |54      |12      |50      |0       |0       |
|    u_audio_send           |audio_send             |30     |17      |0       |25      |0       |0       |
|    u_es8388_config        |es8388_config          |169    |150     |17      |68      |0       |0       |
|      u_i2c_dri            |i2c_dri                |110    |101     |7       |41      |0       |0       |
|      u_i2c_reg_cfg        |i2c_reg_cfg            |59     |49      |10      |27      |0       |0       |
|  u1_pll_clk               |clk_wiz_0              |1      |1       |0       |0       |0       |0       |
|  u2_es8388_ctrl           |es8388_ctrl            |285    |233     |29      |143     |0       |0       |
|    u_audio_receive        |audio_receive          |85     |56      |12      |53      |0       |0       |
|    u_audio_send           |audio_send             |22     |18      |0       |22      |0       |0       |
|    u_es8388_config        |es8388_config          |178    |159     |17      |68      |0       |0       |
|      u_i2c_dri            |i2c_dri                |118    |109     |7       |41      |0       |0       |
|      u_i2c_reg_cfg        |i2c_reg_cfg            |60     |50      |10      |27      |0       |0       |
|  u2_pll_clk               |clk_wiz_0              |1      |1       |0       |0       |0       |0       |
|  u3_es8388_ctrl           |es8388_ctrl            |277    |222     |29      |143     |0       |0       |
|    u_audio_receive        |audio_receive          |86     |56      |12      |53      |0       |0       |
|    u_audio_send           |audio_send             |23     |16      |0       |22      |0       |0       |
|    u_es8388_config        |es8388_config          |168    |150     |17      |68      |0       |0       |
|      u_i2c_dri            |i2c_dri                |107    |99      |7       |41      |0       |0       |
|      u_i2c_reg_cfg        |i2c_reg_cfg            |61     |51      |10      |27      |0       |0       |
|  u3_pll_clk               |clk_wiz_0              |1      |1       |0       |0       |0       |0       |
|  u_es8388_ctrl            |es8388_ctrl            |424    |288     |96      |153     |0       |0       |
|    u_audio_receive        |audio_receive          |91     |55      |12      |53      |0       |0       |
|    u_audio_send           |audio_send             |159    |78      |67      |31      |0       |0       |
|    u_es8388_config        |es8388_config          |174    |155     |17      |69      |0       |0       |
|      u_i2c_dri            |i2c_dri                |113    |104     |7       |42      |0       |0       |
|      u_i2c_reg_cfg        |i2c_reg_cfg            |61     |51      |10      |27      |0       |0       |
|  u_pll_clk                |clk_wiz_0              |1      |1       |0       |0       |0       |0       |
|  u_spar_4mic_localization |spar_4mic_localization |2052   |1419    |514     |329     |0       |29      |
+--------------------------------------------------------------------------------------------------------+


DataNet Average Fanout:

   Index     Fanout     Nets  
    #1          1       3242  
    #2          2       1047  
    #3          3       415   
    #4          4        28   
    #5        5-10      415   
    #6        11-50      99   
    #7       51-100      4    
    #8       101-500     7    
  Average     2.56            

RUN-1002 : start command "export_db ES8388_pr.db"
RUN-1001 : Exported /
RUN-1001 : Exported flow parameters
RUN-1001 : Exported libs
RUN-1001 : Exported entities
RUN-1001 : Exported ports
RUN-1001 : Exported pins
RUN-1001 : Exported instances
RUN-1001 : Exported nets
RUN-1001 : Exported buses
RUN-1001 : Exported models
RUN-1001 : Exported congestions
RUN-1001 : Exported violations
RUN-1001 : Exported IO constraints
RUN-1001 : Exported Inst constraints
RUN-1002 : start command "export_bid ES8388_inst.bid"
RUN-1002 : start command "bitgen -bit ES8388.bit -unused_io_status pulldown"
BIT-1003 : Start to generate bitstream. 
BIT-1002 : Bitgen processed 137 unused pads, reserve input tri_state with pulldown
BIT-1002 : Init instances with 16 threads.
BIT-1002 : Init instances completely, inst num: 1947
BIT-1002 : Init pips with 16 threads.
BIT-1002 : Init pips completely, net num: 5327, pip num: 41492
BIT-1002 : Init feedthrough with 16 threads.
BIT-1002 : Init feedthrough completely, num: 24
BIT-1003 : Multithreading accelaration with 16 threads.
BIT-1003 : Generate bitstream completely, there are 2593 valid insts, and 111777 bits set as '1'.
BIT-1004 : PLL setting string = 1111
BIT-1004 : Generate bits file ES8388.bit.
RUN-1003 : finish command "bitgen -bit ES8388.bit -unused_io_status pulldown" in  2.632998s wall, 28.515625s user + 1.406250s system = 29.921875s CPU (1136.4%)

RUN-1004 : used memory is 558 MB, reserved memory is 538 MB, peak memory is 758 MB
RUN-1002 : start command "backup_run_log run.log ../.logs/phy_1/td_20251026_094253.log"
