============================================================
   Tang Dynasty, V5.6.71036
      Copyright (c) 2012-2023 Anlogic Inc.
   Executable = D:/TD/bin/td.exe
   Built at =   20:34:38 Mar 21 2023
   Run by =     lyw15
   Run Date =   Thu Oct 30 14:56:58 2025

   Run on =     -001
============================================================
RUN-1002 : start command "open_project ES8388.prj"
RUN-1001 : Print Global Property
RUN-1001 : ---------------------------------------------------------------
RUN-1001 :        Parameters        |  Settings  |  Default Values  |  Note  
RUN-1001 : ---------------------------------------------------------------
RUN-1001 :          message         |  standard  |     standard     |        
RUN-1001 :   mixed_pack_place_flow  |     on     |        on        |        
RUN-1001 :        qor_monitor       |    off     |       off        |        
RUN-1001 :        syn_ip_flow       |    off     |       off        |        
RUN-1001 :          thread          |    auto    |       auto       |        
RUN-1001 : ---------------------------------------------------------------
RUN-1001 : Print Design Property
RUN-1001 : --------------------------------------------------------------
RUN-1001 :        Parameters       |  Settings  |  Default Values  |  Note  
RUN-1001 : --------------------------------------------------------------
RUN-1001 :   default_reg_initial   |    auto    |       auto       |        
RUN-1001 :        infer_add        |     on     |        on        |        
RUN-1001 :        infer_fsm        |    off     |       off        |        
RUN-1001 :        infer_mult       |     on     |        on        |        
RUN-1001 :        infer_ram        |     on     |        on        |        
RUN-1001 :        infer_reg        |     on     |        on        |        
RUN-1001 :   infer_reg_init_value  |     on     |        on        |        
RUN-1001 :        infer_rom        |     on     |        on        |        
RUN-1001 :      infer_shifter      |     on     |        on        |        
RUN-1001 : --------------------------------------------------------------
RUN-1001 : Print Rtl Property
RUN-1001 : --------------------------------------------------------------
RUN-1001 :        Parameters       |  Settings  |  Default Values  |  Note  
RUN-1001 : --------------------------------------------------------------
RUN-1001 :       compress_add      |   ripple   |      ripple      |        
RUN-1001 :        elf_sload        |    off     |       off        |        
RUN-1001 :       fix_undriven      |     0      |        0         |        
RUN-1001 :         flatten         |    off     |       off        |        
RUN-1001 :       gate_sharing      |     on     |        on        |        
RUN-1001 :    hdl_warning_level    |   normal   |      normal      |        
RUN-1001 :   impl_internal_tribuf  |     on     |        on        |        
RUN-1001 :      impl_set_reset     |     on     |        on        |        
RUN-1001 :        infer_gsr        |    off     |       off        |        
RUN-1001 :      keep_hierarchy     |    auto    |       auto       |        
RUN-1001 :        max_fanout       |    9999    |       9999       |        
RUN-1001 :      max_oh2bin_len     |     10     |        10        |        
RUN-1001 :       merge_equal       |     on     |        on        |        
RUN-1001 :       merge_equiv       |     on     |        on        |        
RUN-1001 :        merge_mux        |    off     |       off        |        
RUN-1001 :     min_control_set     |     8      |        8         |        
RUN-1001 :      min_ripple_len     |    auto    |       auto       |        
RUN-1001 :       oh2bin_ratio      |    0.08    |       0.08       |        
RUN-1001 :     opt_adder_fanout    |     on     |        on        |        
RUN-1001 :        opt_arith        |     on     |        on        |        
RUN-1001 :       opt_big_gate      |    off     |       off        |        
RUN-1001 :        opt_const        |     on     |        on        |        
RUN-1001 :      opt_const_mult     |     on     |        on        |        
RUN-1001 :       opt_lessthan      |     on     |        on        |        
RUN-1001 :         opt_mux         |    off     |       off        |        
RUN-1001 :         opt_ram         |    high    |       high       |        
RUN-1001 :      rtl_sim_model      |    off     |       off        |        
RUN-1001 :         seq_syn         |     on     |        on        |        
RUN-1001 : --------------------------------------------------------------
HDL-1007 : analyze verilog file ../../al_ip/clk_wiz_0.v
HDL-1007 : undeclared symbol 'open', assumed default net type 'wire' in ../../al_ip/clk_wiz_0.v(80)
HDL-1007 : analyze verilog file ../../../RTL/audio_receive.v
HDL-1007 : analyze verilog file ../../../RTL/audio_send.v
HDL-1007 : analyze verilog file ../../../RTL/audio_speak.v
HDL-1007 : analyze verilog file ../../../RTL/es8388_config.v
HDL-1007 : analyze verilog file ../../../RTL/es8388_ctrl.v
HDL-1007 : analyze verilog file ../../../RTL/i2c_dri.v
HDL-1007 : analyze verilog file ../../../RTL/i2c_reg_cfg.v
HDL-1007 : analyze verilog file ../../../RTL/spar_4mic_localization.v
HDL-1007 : analyze verilog file ../../../RTL/noise_suppress.v
HDL-1007 : analyze verilog file ../../../RTL/pitch_shift.v
HDL-5007 WARNING: loop variable declaration is not allowed in this mode of Verilog in ../../../RTL/pitch_shift.v(30)
RUN-1001 : Project manager successfully analyzed 11 source files.
RUN-1002 : start command "import_device eagle_s20.db -package EG4S20BG256"
ARC-1001 : Device Initialization.
ARC-1001 : ------------------------------------------------------------------
ARC-1001 :            OPTION            |          IO          |   SETTING   
ARC-1001 : ------------------------------------------------------------------
ARC-1001 :   cso_b/cclk/mosi/miso/dout  |  T3/R11/T10/P10/S11  |    gpio    
ARC-1001 :             done             |         P13          |    gpio    
ARC-1001 :           program_b          |          T2          |  dedicate  
ARC-1001 :        tdi/tms/tck/tdo       |   C12/A15/C14/E14    |  dedicate  
ARC-1001 : ------------------------------------------------------------------
ARC-1004 : Device setting, marked 5 dedicate IOs in total.
RUN-1002 : start command "import_db ../syn_1/ES8388_gate.db"
RUN-1001 : Importing database generated by Tang Dynasty, V5.6.71036.
RUN-1001 : Database version number 46146.
RUN-1001 : Import flow parameters
RUN-1001 : Import IO constraints
RUN-1001 : Import Inst constraints
RUN-1001 : Import design success TD_VERSION=5.6.71036 , DB_VERSION=46146
RUN-1002 : start command "place"
RUN-1001 : Open license file D:/TD/license/Anlogic.lic
RUN-1001 : Print Global Property
RUN-1001 : ---------------------------------------------------------------
RUN-1001 :        Parameters        |  Settings  |  Default Values  |  Note  
RUN-1001 : ---------------------------------------------------------------
RUN-1001 :          message         |  standard  |     standard     |        
RUN-1001 :   mixed_pack_place_flow  |     on     |        on        |        
RUN-1001 :        qor_monitor       |    off     |       off        |        
RUN-1001 :        syn_ip_flow       |    off     |       off        |        
RUN-1001 :          thread          |    auto    |       auto       |        
RUN-1001 : ---------------------------------------------------------------
RUN-1001 : Print Place Property
RUN-1001 : --------------------------------------------------------------
RUN-1001 :        Parameters       |  Settings  |  Default Values  |  Note  
RUN-1001 : --------------------------------------------------------------
RUN-1001 :      detailed_place     |     on     |        on        |        
RUN-1001 :          effort         |   medium   |      medium      |        
RUN-1001 :         fix_hold        |    off     |       off        |        
RUN-1001 :       legalization      |    ori     |       ori        |        
RUN-1001 :      new_spreading      |     on     |        on        |        
RUN-1001 :        opt_timing       |   medium   |      medium      |        
RUN-1001 :   post_clock_route_opt  |    off     |       off        |        
RUN-1001 :       pr_strategy       |     1      |        1         |        
RUN-1001 :        relaxation       |    1.00    |       1.00       |        
RUN-1001 :         retiming        |    off     |       off        |        
RUN-1001 : --------------------------------------------------------------
PHY-3001 : Placer runs in 24 thread(s).
RUN-1002 : start command "legalize_phy_inst"
SYN-1011 : Flatten model audio_speak
RUN-1002 : start command "phys_opt -simplify_lut"
SYN-4016 : Net ilaclk_1_dup_1 driven by BUFG (0 clock/control pins, 2 other pins).
SYN-4016 : Net ilaclk_2_dup_1 driven by BUFG (0 clock/control pins, 2 other pins).
SYN-4016 : Net ilaclk_3_dup_1 driven by BUFG (0 clock/control pins, 2 other pins).
SYN-4016 : Net ilaclk_dup_1 driven by BUFG (0 clock/control pins, 2 other pins).
SYN-4027 : Net aud_mclk_1_dup_1 is clkc1 of pll u1_pll_clk/pll_inst.
SYN-4019 : Net sys_clk_dup_1 is refclk of pll u1_pll_clk/pll_inst.
SYN-4020 : Net sys_clk_dup_1 is fbclk of pll u1_pll_clk/pll_inst.
SYN-4027 : Net aud_mclk_2_dup_1 is clkc1 of pll u2_pll_clk/pll_inst.
SYN-4019 : Net sys_clk_dup_1 is refclk of pll u2_pll_clk/pll_inst.
SYN-4020 : Net sys_clk_dup_1 is fbclk of pll u2_pll_clk/pll_inst.
SYN-4027 : Net aud_mclk_3_dup_1 is clkc1 of pll u3_pll_clk/pll_inst.
SYN-4019 : Net sys_clk_dup_1 is refclk of pll u3_pll_clk/pll_inst.
SYN-4020 : Net sys_clk_dup_1 is fbclk of pll u3_pll_clk/pll_inst.
SYN-4027 : Net aud_mclk_dup_1 is clkc1 of pll u_pll_clk/pll_inst.
SYN-4019 : Net sys_clk_dup_1 is refclk of pll u_pll_clk/pll_inst.
SYN-4020 : Net sys_clk_dup_1 is fbclk of pll u_pll_clk/pll_inst.
SYN-4024 : Net "aud_bclk_dup_1" drives clk pins.
SYN-4024 : Net "aud_bclk_1_dup_1" drives clk pins.
SYN-4024 : Net "aud_bclk_2_dup_1" drives clk pins.
SYN-4024 : Net "aud_bclk_3_dup_1" drives clk pins.
SYN-4024 : Net "u1_es8388_ctrl/u_es8388_config/u_i2c_dri/dri_clk" drives clk pins.
SYN-4024 : Net "u2_es8388_ctrl/u_es8388_config/u_i2c_dri/dri_clk" drives clk pins.
SYN-4024 : Net "u3_es8388_ctrl/u_es8388_config/u_i2c_dri/dri_clk" drives clk pins.
SYN-7503 WARNING: Net "u_es8388_ctrl/u_es8388_config/u_i2c_dri/dri_clk" drives clk pins. However it will not be tagged as clk net, for there's no more slots.
SYN-4025 : Tag rtl::Net aud_bclk_1_dup_1 as clock net
SYN-4025 : Tag rtl::Net aud_bclk_2_dup_1 as clock net
SYN-4025 : Tag rtl::Net aud_bclk_3_dup_1 as clock net
SYN-4025 : Tag rtl::Net aud_bclk_dup_1 as clock net
SYN-4025 : Tag rtl::Net aud_mclk_1_dup_1 as clock net
SYN-4025 : Tag rtl::Net aud_mclk_2_dup_1 as clock net
SYN-4025 : Tag rtl::Net aud_mclk_3_dup_1 as clock net
SYN-4025 : Tag rtl::Net aud_mclk_dup_1 as clock net
SYN-4025 : Tag rtl::Net ilaclk_1_dup_1 as clock net
SYN-4025 : Tag rtl::Net ilaclk_2_dup_1 as clock net
SYN-4025 : Tag rtl::Net ilaclk_3_dup_1 as clock net
SYN-4025 : Tag rtl::Net ilaclk_dup_1 as clock net
SYN-4025 : Tag rtl::Net sys_clk_dup_1 as clock net
SYN-4025 : Tag rtl::Net u1_es8388_ctrl/u_es8388_config/u_i2c_dri/dri_clk as clock net
SYN-4025 : Tag rtl::Net u2_es8388_ctrl/u_es8388_config/u_i2c_dri/dri_clk as clock net
SYN-4025 : Tag rtl::Net u3_es8388_ctrl/u_es8388_config/u_i2c_dri/dri_clk as clock net
SYN-4026 : Tagged 16 rtl::Net as clock net
SYN-4015 : Create BUFG instance for clk Net aud_bclk_1_dup_1 to drive 80 clock pins.
SYN-4015 : Create BUFG instance for clk Net aud_bclk_2_dup_1 to drive 80 clock pins.
SYN-4015 : Create BUFG instance for clk Net aud_bclk_3_dup_1 to drive 80 clock pins.
SYN-4015 : Create BUFG instance for clk Net aud_bclk_dup_1 to drive 80 clock pins.
SYN-4015 : Create BUFG instance for clk Net u1_es8388_ctrl/u_es8388_config/u_i2c_dri/dri_clk to drive 59 clock pins.
SYN-4015 : Create BUFG instance for clk Net u2_es8388_ctrl/u_es8388_config/u_i2c_dri/dri_clk to drive 59 clock pins.
SYN-4015 : Create BUFG instance for clk Net u3_es8388_ctrl/u_es8388_config/u_i2c_dri/dri_clk to drive 59 clock pins.
PHY-1001 : Populate physical database on model audio_speak.
RUN-1001 : There are total 13879 instances
RUN-0007 : 5771 luts, 7166 seqs, 564 mslices, 305 lslices, 55 pads, 0 brams, 0 dsps
RUN-1001 : There are total 15778 nets
RUN-1001 : 13567 nets have 2 pins
RUN-1001 : 1400 nets have [3 - 5] pins
RUN-1001 : 321 nets have [6 - 10] pins
RUN-1001 : 139 nets have [11 - 20] pins
RUN-1001 : 307 nets have [21 - 99] pins
RUN-1001 : 44 nets have 100+ pins
RUN-1001 : Report Control nets information:
RUN-1001 : DFF Distribution
RUN-1001 : ----------------------------------
RUN-1001 :   CE   |  SSR  |  ASR  |  DFF Count  
RUN-1001 : ----------------------------------
RUN-1001 :   No   |  No   |  No   |      0      
RUN-1001 :   No   |  No   |  Yes  |     651     
RUN-1001 :   No   |  Yes  |  No   |      0      
RUN-1001 :   Yes  |  No   |  No   |      0      
RUN-1001 :   Yes  |  No   |  Yes  |    6483     
RUN-1001 :   Yes  |  Yes  |  No   |     32      
RUN-1001 : ----------------------------------
RUN-0007 : Control Group Statistic
RUN-0007 : ---------------------------
RUN-0007 :   #CLK  |  #CE  |  #SSR/ASR  
RUN-0007 : ---------------------------
RUN-0007 :    9    |  279  |     9      
RUN-0007 : ---------------------------
RUN-0007 : Control Set = 291
PHY-3001 : Initial placement ...
PHY-3001 : design contains 13877 instances, 5771 luts, 7166 seqs, 869 slices, 184 macros(869 instances: 564 mslices 305 lslices)
PHY-3001 : Huge net led_dup_1 with 6377 pins
PHY-3001 : Huge net u_pitch_shift/read_ptr[1] with 3112 pins
PHY-3001 : Huge net u_pitch_shift/read_ptr[0] with 1629 pins
PHY-0007 : Cell area utilization is 38%
PHY-3001 : Global placement ...
PHY-3001 : Initial: Len = 2.76287e+06
PHY-3001 : Clustering ...
PHY-3001 : Level 0 #clusters 13877.
PHY-3001 : Level 1 #clusters 1511.
PHY-3001 : End clustering;  0.082362s wall, 0.078125s user + 0.000000s system = 0.078125s CPU (94.9%)

PHY-3001 : Run with size of 4
PHY-3001 : Cell area utilization is 38%
PHY-3001 : :::0::: Try harder cell spreading with beta_ = 0
PHY-3002 : Step(1): len = 553293, overlap = 194.25
PHY-3002 : Step(2): len = 490110, overlap = 296.438
PHY-3002 : Step(3): len = 340024, overlap = 468.469
PHY-3002 : Step(4): len = 302083, overlap = 561.594
PHY-3002 : Step(5): len = 250668, overlap = 674.719
PHY-3002 : Step(6): len = 217460, overlap = 741.938
PHY-3002 : Step(7): len = 179207, overlap = 808.25
PHY-3002 : Step(8): len = 157144, overlap = 849.094
PHY-3002 : Step(9): len = 131973, overlap = 898.312
PHY-3002 : Step(10): len = 119867, overlap = 925.531
PHY-3002 : Step(11): len = 102683, overlap = 976.062
PHY-3002 : Step(12): len = 91823.4, overlap = 1009.88
PHY-3002 : Step(13): len = 82247, overlap = 1034.34
PHY-3002 : Step(14): len = 74563.2, overlap = 1059.88
PHY-3002 : Step(15): len = 66690.5, overlap = 1085.19
PHY-3001 : :::1::: Try harder cell spreading with beta_ = 4.06636e-07
PHY-3002 : Step(16): len = 72630.5, overlap = 1049
PHY-3002 : Step(17): len = 103808, overlap = 1003.34
PHY-3002 : Step(18): len = 104042, overlap = 963.906
PHY-3002 : Step(19): len = 105473, overlap = 914.312
PHY-3002 : Step(20): len = 99272, overlap = 895.719
PHY-3002 : Step(21): len = 97948.2, overlap = 859.188
PHY-3002 : Step(22): len = 96481.6, overlap = 836.094
PHY-3002 : Step(23): len = 98337.4, overlap = 843.844
PHY-3002 : Step(24): len = 96410.2, overlap = 842.844
PHY-3002 : Step(25): len = 94488.7, overlap = 846.469
PHY-3002 : Step(26): len = 92305.7, overlap = 848.188
PHY-3002 : Step(27): len = 90115.1, overlap = 845.094
PHY-3002 : Step(28): len = 88387.9, overlap = 840
PHY-3002 : Step(29): len = 87921.2, overlap = 829.688
PHY-3002 : Step(30): len = 86987.1, overlap = 838.062
PHY-3002 : Step(31): len = 86444.4, overlap = 867.562
PHY-3002 : Step(32): len = 85696.3, overlap = 868.469
PHY-3001 : :::2::: Try harder cell spreading with beta_ = 8.13272e-07
PHY-3002 : Step(33): len = 90152.7, overlap = 885.656
PHY-3002 : Step(34): len = 94517.8, overlap = 870.062
PHY-3002 : Step(35): len = 96011, overlap = 854.875
PHY-3002 : Step(36): len = 97187, overlap = 862.969
PHY-3002 : Step(37): len = 97368.2, overlap = 863.469
PHY-3002 : Step(38): len = 98017.5, overlap = 831.188
PHY-3002 : Step(39): len = 97773.8, overlap = 816.469
PHY-3002 : Step(40): len = 98332.5, overlap = 807.562
PHY-3002 : Step(41): len = 97998.6, overlap = 804.781
PHY-3001 : :::3::: Try harder cell spreading with beta_ = 1.62654e-06
PHY-3002 : Step(42): len = 105534, overlap = 764.625
PHY-3002 : Step(43): len = 115676, overlap = 659.5
PHY-3002 : Step(44): len = 118217, overlap = 625.438
PHY-3002 : Step(45): len = 118930, overlap = 632
PHY-3002 : Step(46): len = 117648, overlap = 641.156
PHY-3002 : Step(47): len = 117197, overlap = 645.75
PHY-3002 : Step(48): len = 116042, overlap = 647.094
PHY-3002 : Step(49): len = 115731, overlap = 647.344
PHY-3002 : Step(50): len = 114682, overlap = 646.156
PHY-3001 : :::4::: Try harder cell spreading with beta_ = 3.25309e-06
PHY-3002 : Step(51): len = 125379, overlap = 587.375
PHY-3002 : Step(52): len = 133968, overlap = 479.812
PHY-3002 : Step(53): len = 139021, overlap = 390.688
PHY-3002 : Step(54): len = 140553, overlap = 369
PHY-3002 : Step(55): len = 139088, overlap = 372.75
PHY-3002 : Step(56): len = 138131, overlap = 365.375
PHY-3002 : Step(57): len = 137055, overlap = 389.156
PHY-3002 : Step(58): len = 137019, overlap = 405.25
PHY-3002 : Step(59): len = 136449, overlap = 401.719
PHY-3001 : :::5::: Try harder cell spreading with beta_ = 6.50617e-06
PHY-3002 : Step(60): len = 146951, overlap = 356.188
PHY-3002 : Step(61): len = 156313, overlap = 276.344
PHY-3002 : Step(62): len = 156341, overlap = 266.188
PHY-3002 : Step(63): len = 157351, overlap = 253.281
PHY-3002 : Step(64): len = 156466, overlap = 269.094
PHY-3002 : Step(65): len = 156539, overlap = 277.938
PHY-3002 : Step(66): len = 155027, overlap = 293.094
PHY-3002 : Step(67): len = 154874, overlap = 307.781
PHY-3002 : Step(68): len = 155215, overlap = 317.562
PHY-3002 : Step(69): len = 155486, overlap = 341.281
PHY-3002 : Step(70): len = 155264, overlap = 330.562
PHY-3001 : :::6::: Try harder cell spreading with beta_ = 1.30123e-05
PHY-3002 : Step(71): len = 162843, overlap = 310.531
PHY-3002 : Step(72): len = 168796, overlap = 226.688
PHY-3002 : Step(73): len = 168688, overlap = 195.781
PHY-3002 : Step(74): len = 170145, overlap = 162.062
PHY-3002 : Step(75): len = 170648, overlap = 160.406
PHY-3002 : Step(76): len = 171638, overlap = 162.562
PHY-3002 : Step(77): len = 170762, overlap = 170.594
PHY-3002 : Step(78): len = 170983, overlap = 174
PHY-3002 : Step(79): len = 170477, overlap = 168.969
PHY-3001 : :::7::: Try harder cell spreading with beta_ = 2.60247e-05
PHY-3002 : Step(80): len = 179867, overlap = 157.688
PHY-3002 : Step(81): len = 186502, overlap = 134.5
PHY-3002 : Step(82): len = 186557, overlap = 105.469
PHY-3002 : Step(83): len = 187212, overlap = 106.219
PHY-3002 : Step(84): len = 188049, overlap = 96.9688
PHY-3002 : Step(85): len = 188892, overlap = 106.969
PHY-3002 : Step(86): len = 187089, overlap = 100.344
PHY-3002 : Step(87): len = 186447, overlap = 101.156
PHY-3002 : Step(88): len = 186639, overlap = 109.531
PHY-3002 : Step(89): len = 186985, overlap = 109.031
PHY-3002 : Step(90): len = 185765, overlap = 109.188
PHY-3001 : :::8::: Try harder cell spreading with beta_ = 5.20494e-05
PHY-3002 : Step(91): len = 191102, overlap = 92.3438
PHY-3002 : Step(92): len = 195298, overlap = 79.1875
PHY-3002 : Step(93): len = 196111, overlap = 74.8438
PHY-3002 : Step(94): len = 197043, overlap = 69.9062
PHY-3002 : Step(95): len = 197984, overlap = 68.4688
PHY-3002 : Step(96): len = 198779, overlap = 63.625
PHY-3002 : Step(97): len = 198148, overlap = 54.8125
PHY-3002 : Step(98): len = 198431, overlap = 57.4375
PHY-3002 : Step(99): len = 199020, overlap = 48.0625
PHY-3001 : :::9::: Try harder cell spreading with beta_ = 0.000104099
PHY-3002 : Step(100): len = 204128, overlap = 55.125
PHY-3002 : Step(101): len = 208716, overlap = 44.1875
PHY-3002 : Step(102): len = 210226, overlap = 46
PHY-3002 : Step(103): len = 211379, overlap = 38
PHY-3002 : Step(104): len = 212455, overlap = 32.6875
PHY-3002 : Step(105): len = 213605, overlap = 27.0625
PHY-3002 : Step(106): len = 213884, overlap = 25.4688
PHY-3002 : Step(107): len = 214328, overlap = 20.9375
PHY-3002 : Step(108): len = 214482, overlap = 19.2188
PHY-3002 : Step(109): len = 214509, overlap = 13.9375
PHY-3002 : Step(110): len = 214094, overlap = 14.5
PHY-3001 : :::10::: Try harder cell spreading with beta_ = 0.000196259
PHY-3002 : Step(111): len = 217306, overlap = 15.4375
PHY-3002 : Step(112): len = 220525, overlap = 16.0938
PHY-3002 : Step(113): len = 221928, overlap = 15.5
PHY-3002 : Step(114): len = 222987, overlap = 16.9375
PHY-3002 : Step(115): len = 223893, overlap = 14.2188
PHY-3002 : Step(116): len = 224397, overlap = 12.9688
PHY-3002 : Step(117): len = 224333, overlap = 12.0938
PHY-3002 : Step(118): len = 224405, overlap = 12
PHY-3002 : Step(119): len = 224788, overlap = 12.4062
PHY-3001 : :::11::: Try harder cell spreading with beta_ = 0.000376636
PHY-3002 : Step(120): len = 226800, overlap = 12.125
PHY-3002 : Step(121): len = 230855, overlap = 10.3125
PHY-3002 : Step(122): len = 232413, overlap = 8.125
PHY-3002 : Step(123): len = 234142, overlap = 6.1875
PHY-3002 : Step(124): len = 235146, overlap = 5.9375
PHY-3002 : Step(125): len = 236356, overlap = 6.25
PHY-3002 : Step(126): len = 237057, overlap = 5.0625
PHY-3002 : Step(127): len = 237551, overlap = 5.25
PHY-3002 : Step(128): len = 237801, overlap = 5.25
PHY-3002 : Step(129): len = 238027, overlap = 5.875
PHY-3002 : Step(130): len = 237990, overlap = 5.4375
PHY-3002 : Step(131): len = 238140, overlap = 5.4375
PHY-3002 : Step(132): len = 238267, overlap = 5.25
PHY-3002 : Step(133): len = 238305, overlap = 4.8125
PHY-3002 : Step(134): len = 238308, overlap = 4.8125
PHY-3001 : Legalization ...
PHY-3001 : End legalization;  0.004296s wall, 0.000000s user + 0.000000s system = 0.000000s CPU (n/a%)

PHY-3001 : Run with size of 4
PHY-3001 : Cell area utilization is 45%
PHY-3001 : Analyzing congestion ...
RUN-1001 : Generating global routing grids ...
RUN-1001 : Building simple global routing graph ...
PHY-1001 : Generate routing nets ...
PHY-1001 : Reuse net number 0/15778.
PHY-1001 : Global iterations in 24 thread ...
PHY-1002 : len = 381128, over cnt = 1232(3%), over = 6099, worst = 42
PHY-1001 : End global iterations;  0.618935s wall, 0.656250s user + 0.234375s system = 0.890625s CPU (143.9%)

PHY-1001 : Congestion index: top1 = 56.51, top5 = 42.79, top10 = 36.85, top15 = 33.37.
PHY-3001 : End congestion estimation;  0.737644s wall, 0.734375s user + 0.265625s system = 1.000000s CPU (135.6%)

PHY-3001 : Update density targets...
PHY-3001 : Update congestion history...
PHY-3001 : :::0::: Try harder cell spreading with beta_ = 3.7545e-05
PHY-3002 : Step(135): len = 263061, overlap = 13.5
PHY-3002 : Step(136): len = 271619, overlap = 18.7812
PHY-3002 : Step(137): len = 274875, overlap = 24.6562
PHY-3002 : Step(138): len = 267327, overlap = 12.8438
PHY-3002 : Step(139): len = 261756, overlap = 15.9062
PHY-3002 : Step(140): len = 252203, overlap = 22.8438
PHY-3002 : Step(141): len = 244165, overlap = 25.75
PHY-3002 : Step(142): len = 241473, overlap = 34.0312
PHY-3002 : Step(143): len = 240551, overlap = 35.4062
PHY-3002 : Step(144): len = 238193, overlap = 37.875
PHY-3002 : Step(145): len = 236736, overlap = 40.2812
PHY-3002 : Step(146): len = 235566, overlap = 44.125
PHY-3001 : :::1::: Try harder cell spreading with beta_ = 7.50899e-05
PHY-3002 : Step(147): len = 239220, overlap = 41.7812
PHY-3002 : Step(148): len = 246046, overlap = 37.125
PHY-3002 : Step(149): len = 248132, overlap = 37.5938
PHY-3001 : :::2::: Try harder cell spreading with beta_ = 0.00015018
PHY-3002 : Step(150): len = 255168, overlap = 35.9375
PHY-3002 : Step(151): len = 263819, overlap = 31.5312
PHY-3002 : Step(152): len = 270244, overlap = 29.125
PHY-3002 : Step(153): len = 270482, overlap = 30.6562
PHY-3002 : Step(154): len = 267005, overlap = 30.3125
PHY-3002 : Step(155): len = 264294, overlap = 30
PHY-3002 : Step(156): len = 263735, overlap = 29.3125
PHY-3001 : Run with size of 2
PHY-3001 : Cell area utilization is 45%
PHY-3001 : Analyzing congestion ...
RUN-1001 : Generating global routing grids ...
PHY-1001 : Generate routing nets ...
PHY-1001 : Reuse net number 77/15778.
PHY-1001 : Global iterations in 24 thread ...
PHY-1002 : len = 394520, over cnt = 1629(4%), over = 8879, worst = 60
PHY-1001 : End global iterations;  0.721517s wall, 0.750000s user + 0.171875s system = 0.921875s CPU (127.8%)

PHY-1001 : Congestion index: top1 = 66.77, top5 = 52.53, top10 = 45.24, top15 = 40.76.
PHY-3001 : End congestion estimation;  0.837994s wall, 0.875000s user + 0.171875s system = 1.046875s CPU (124.9%)

PHY-3001 : Update density targets...
PHY-3001 : Update congestion history...
PHY-3001 : :::0::: Try harder cell spreading with beta_ = 3.89699e-05
PHY-3002 : Step(157): len = 250542, overlap = 204.688
PHY-3002 : Step(158): len = 256090, overlap = 177.5
PHY-3002 : Step(159): len = 251626, overlap = 137.625
PHY-3002 : Step(160): len = 243906, overlap = 134.406
PHY-3002 : Step(161): len = 242224, overlap = 120.125
PHY-3002 : Step(162): len = 244434, overlap = 110.344
PHY-3002 : Step(163): len = 244184, overlap = 100.5
PHY-3002 : Step(164): len = 238136, overlap = 104.031
PHY-3002 : Step(165): len = 235580, overlap = 102.844
PHY-3002 : Step(166): len = 235458, overlap = 111.75
PHY-3002 : Step(167): len = 231920, overlap = 120.625
PHY-3002 : Step(168): len = 229701, overlap = 127
PHY-3002 : Step(169): len = 229806, overlap = 129.906
PHY-3001 : :::1::: Try harder cell spreading with beta_ = 7.79399e-05
PHY-3002 : Step(170): len = 230964, overlap = 120.906
PHY-3002 : Step(171): len = 232832, overlap = 109.125
PHY-3002 : Step(172): len = 235736, overlap = 107.812
PHY-3002 : Step(173): len = 237647, overlap = 106.375
PHY-3001 : :::2::: Try harder cell spreading with beta_ = 0.00015588
PHY-3002 : Step(174): len = 240413, overlap = 95.7812
PHY-3002 : Step(175): len = 244017, overlap = 90.75
PHY-3002 : Step(176): len = 246885, overlap = 83.3438
PHY-3002 : Step(177): len = 249775, overlap = 77.375
PHY-3002 : Step(178): len = 251063, overlap = 68.5938
PHY-3002 : Step(179): len = 252487, overlap = 67.9375
OPT-1001 : Start physical optimization ...
OPT-1001 : Total overflow 340.69 peak overflow 3.81
OPT-1001 : Start high-fanout net optimization ...
OPT-1001 : Update timing in global mode
PHY-1001 : Start incremental global routing, caller is place ...
RUN-1001 : Generating global routing grids ...
PHY-1001 : Generate routing nets ...
PHY-1001 : Reuse net number 226/15778.
PHY-1001 : Global iterations in 24 thread ...
PHY-1002 : len = 422056, over cnt = 1930(5%), over = 7020, worst = 40
PHY-1001 : End global iterations;  1.379360s wall, 1.359375s user + 0.343750s system = 1.703125s CPU (123.5%)

PHY-1001 : Congestion index: top1 = 50.52, top5 = 41.07, top10 = 36.69, top15 = 34.08.
PHY-1001 : End incremental global routing;  1.515049s wall, 1.500000s user + 0.343750s system = 1.843750s CPU (121.7%)

RUN-1002 : start command "start_timer -report"
TMR-5001 WARNING: No sdc constraints found while initiating timer.
TMR-2505 : Start building timing graph for model audio_speak.
TMR-2506 : Build timing graph completely. Port num: 52, tpin num: 70240, tnet num: 14720, tinst num: 13877, tnode num: 98851, tedge num: 113708.
TMR-2508 : Levelizing timing graph completed, there are 43 levels in total.
TMR-2501 : Timing graph initialized successfully.
OPT-1001 : End timing update;  0.620676s wall, 0.609375s user + 0.015625s system = 0.625000s CPU (100.7%)

OPT-1001 : 0 high-fanout net processed.
OPT-1001 : End high-fanout net optimization;  2.332098s wall, 2.296875s user + 0.359375s system = 2.656250s CPU (113.9%)

OPT-1001 : Current memory(MB): used = 480, reserve = 459, peak = 480.
OPT-1001 : End physical optimization;  2.427158s wall, 2.390625s user + 0.359375s system = 2.750000s CPU (113.3%)

PHY-3001 : Start packing ...
SYN-4007 : Packing 0 MUX to BLE ...
SYN-4008 : Packed 0 MUX and 0 SEQ to BLE.
SYN-4007 : Packing 5771 LUT to BLE ...
SYN-4008 : Packed 5771 LUT and 538 SEQ to BLE.
SYN-4003 : Packing 6628 remaining SEQ's ...
SYN-4005 : Packed 4872 SEQ with LUT/SLICE
SYN-4006 : 435 single LUT's are left
SYN-4006 : 1756 single SEQ's are left
SYN-4011 : Packing model "audio_speak" (AL_USER_NORMAL) with 7527/8469 primitive instances ...
PHY-3001 : End packing;  0.976941s wall, 0.937500s user + 0.031250s system = 0.968750s CPU (99.2%)

PHY-1001 : Populate physical database on model audio_speak.
RUN-1001 : There are total 5672 instances
RUN-1001 : 2799 mslices, 2800 lslices, 55 pads, 0 brams, 0 dsps
RUN-1001 : There are total 15276 nets
RUN-1001 : 12981 nets have 2 pins
RUN-1001 : 1482 nets have [3 - 5] pins
RUN-1001 : 322 nets have [6 - 10] pins
RUN-1001 : 402 nets have [11 - 20] pins
RUN-1001 : 48 nets have [21 - 99] pins
RUN-1001 : 41 nets have 100+ pins
PHY-3001 : design contains 5670 instances, 5599 slices, 184 macros(869 instances: 564 mslices 305 lslices)
PHY-3001 : Huge net led_dup_1 with 4192 pins
PHY-3001 : Huge net u_pitch_shift/read_ptr[1] with 2161 pins
PHY-3001 : Huge net u_pitch_shift/read_ptr[0] with 1314 pins
PHY-3001 : Cell area utilization is 63%
PHY-3001 : After packing: Len = 289916, Over = 182.25
PHY-3001 : Run with size of 2
PHY-3001 : Cell area utilization is 63%
PHY-3001 : Analyzing congestion ...
RUN-1001 : Generating global routing grids ...
PHY-1001 : Generate routing nets ...
PHY-1001 : Reuse net number 4934/15276.
PHY-1001 : Global iterations in 24 thread ...
PHY-1002 : len = 473920, over cnt = 2024(5%), over = 4917, worst = 40
PHY-1002 : len = 500392, over cnt = 1257(3%), over = 2410, worst = 20
PHY-1002 : len = 514216, over cnt = 771(2%), over = 1432, worst = 18
PHY-1002 : len = 526400, over cnt = 361(1%), over = 658, worst = 14
PHY-1002 : len = 533856, over cnt = 102(0%), over = 202, worst = 8
PHY-1001 : End global iterations;  1.518771s wall, 1.593750s user + 0.343750s system = 1.937500s CPU (127.6%)

PHY-1001 : Congestion index: top1 = 46.42, top5 = 39.72, top10 = 36.56, top15 = 34.60.
PHY-3001 : End congestion estimation;  1.739459s wall, 1.812500s user + 0.343750s system = 2.156250s CPU (124.0%)

PHY-3001 : Update density targets...
PHY-3001 : Update congestion history...
PHY-3001 : :::0::: Try harder cell spreading with beta_ = 2.02103e-05
PHY-3002 : Step(180): len = 270175, overlap = 198.5
PHY-3002 : Step(181): len = 270058, overlap = 211.25
PHY-3002 : Step(182): len = 260307, overlap = 221
PHY-3002 : Step(183): len = 253176, overlap = 236
PHY-3002 : Step(184): len = 253924, overlap = 231
PHY-3002 : Step(185): len = 254375, overlap = 232.25
PHY-3001 : :::1::: Try harder cell spreading with beta_ = 4.04206e-05
PHY-3002 : Step(186): len = 260755, overlap = 224
PHY-3002 : Step(187): len = 263041, overlap = 219
PHY-3002 : Step(188): len = 265300, overlap = 213.75
PHY-3001 : :::2::: Try harder cell spreading with beta_ = 8.08413e-05
PHY-3002 : Step(189): len = 269141, overlap = 196.25
PHY-3002 : Step(190): len = 270979, overlap = 192.75
PHY-3002 : Step(191): len = 274566, overlap = 186.25
PHY-3002 : Step(192): len = 275964, overlap = 185
PHY-3002 : Step(193): len = 277268, overlap = 186.5
PHY-3001 : Legalization ...
PHY-3001 : End legalization;  0.943871s wall, 1.328125s user + 1.968750s system = 3.296875s CPU (349.3%)

PHY-3001 : Trial Legalized: Len = 347651
PHY-3001 : Run with size of 2
PHY-3001 : Cell area utilization is 63%
PHY-3001 : Analyzing congestion ...
RUN-1001 : Generating global routing grids ...
PHY-1001 : Generate routing nets ...
PHY-1001 : Reuse net number 600/15276.
PHY-1001 : Global iterations in 24 thread ...
PHY-1002 : len = 534056, over cnt = 1954(5%), over = 3133, worst = 8
PHY-1002 : len = 546328, over cnt = 987(2%), over = 1422, worst = 6
PHY-1002 : len = 557144, over cnt = 439(1%), over = 607, worst = 5
PHY-1002 : len = 565384, over cnt = 72(0%), over = 80, worst = 3
PHY-1002 : len = 566736, over cnt = 1(0%), over = 1, worst = 1
PHY-1001 : End global iterations;  2.022018s wall, 2.000000s user + 0.531250s system = 2.531250s CPU (125.2%)

PHY-1001 : Congestion index: top1 = 44.55, top5 = 39.80, top10 = 37.31, top15 = 35.61.
PHY-3001 : End congestion estimation;  2.323442s wall, 2.296875s user + 0.531250s system = 2.828125s CPU (121.7%)

PHY-3001 : Update density targets...
PHY-3001 : Update congestion history...
PHY-3001 : :::0::: Try harder cell spreading with beta_ = 5.20083e-05
PHY-3002 : Step(194): len = 303690, overlap = 43.75
PHY-3002 : Step(195): len = 291429, overlap = 86
PHY-3002 : Step(196): len = 284243, overlap = 113.25
PHY-3002 : Step(197): len = 282643, overlap = 125.25
PHY-3002 : Step(198): len = 279556, overlap = 135
PHY-3001 : :::1::: Try harder cell spreading with beta_ = 0.000104017
PHY-3002 : Step(199): len = 284285, overlap = 129
PHY-3002 : Step(200): len = 286376, overlap = 128.75
PHY-3002 : Step(201): len = 289408, overlap = 125.75
PHY-3001 : :::2::: Try harder cell spreading with beta_ = 0.000208033
PHY-3002 : Step(202): len = 292013, overlap = 130.5
PHY-3002 : Step(203): len = 294350, overlap = 130.25
PHY-3002 : Step(204): len = 299864, overlap = 118
PHY-3002 : Step(205): len = 302620, overlap = 116.5
PHY-3002 : Step(206): len = 304230, overlap = 117.75
PHY-3001 : Legalization ...
PHY-3001 : End legalization;  0.013943s wall, 0.015625s user + 0.000000s system = 0.015625s CPU (112.1%)

PHY-3001 : Legalized: Len = 334074, Over = 0
PHY-3001 : Spreading special nets. 35 overflows in 2952 tiles.
PHY-3001 : End spreading;  0.036526s wall, 0.031250s user + 0.000000s system = 0.031250s CPU (85.6%)

PHY-3001 : 45 instances has been re-located, deltaX = 17, deltaY = 18, maxDist = 1.
PHY-3001 : Final: Len = 334770, Over = 0
OPT-1001 : Start physical optimization ...
OPT-1001 : Total overflow 0.00 peak overflow 0.00
OPT-1001 : Start high-fanout net optimization ...
OPT-1001 : Update timing in global mode
PHY-1001 : Start incremental global routing, caller is place ...
RUN-1001 : Generating global routing grids ...
PHY-1001 : Generate routing nets ...
PHY-1001 : Reuse net number 2551/15276.
PHY-1001 : Global iterations in 24 thread ...
PHY-1002 : len = 523584, over cnt = 1850(5%), over = 2977, worst = 7
PHY-1002 : len = 532392, over cnt = 1170(3%), over = 1775, worst = 6
PHY-1002 : len = 543760, over cnt = 611(1%), over = 911, worst = 6
PHY-1002 : len = 550896, over cnt = 281(0%), over = 408, worst = 5
PHY-1002 : len = 557216, over cnt = 0(0%), over = 0, worst = 0
PHY-1001 : End global iterations;  1.696207s wall, 1.718750s user + 0.328125s system = 2.046875s CPU (120.7%)

PHY-1001 : Congestion index: top1 = 43.81, top5 = 38.50, top10 = 35.93, top15 = 34.27.
PHY-1001 : End incremental global routing;  1.892662s wall, 1.890625s user + 0.328125s system = 2.218750s CPU (117.2%)

RUN-1002 : start command "start_timer -report"
TMR-5001 WARNING: No sdc constraints found while initiating timer.
TMR-2505 : Start building timing graph for model audio_speak.
TMR-2506 : Build timing graph completely. Port num: 52, tpin num: 62145, tnet num: 14218, tinst num: 5670, tnode num: 83449, tedge num: 101186.
TMR-2508 : Levelizing timing graph completed, there are 41 levels in total.
TMR-2501 : Timing graph initialized successfully.
OPT-1001 : End timing update;  0.808378s wall, 0.781250s user + 0.015625s system = 0.796875s CPU (98.6%)

OPT-1001 : 0 high-fanout net processed.
OPT-1001 : End high-fanout net optimization;  2.917208s wall, 2.890625s user + 0.343750s system = 3.234375s CPU (110.9%)

OPT-1001 : Current memory(MB): used = 504, reserve = 485, peak = 504.
OPT-1001 : Update timing in Manhattan mode
OPT-1001 : End timing update;  0.014652s wall, 0.015625s user + 0.000000s system = 0.015625s CPU (106.6%)

OPT-1001 : Start pin optimization...
OPT-1001 : skip pin optimization...
RUN-1001 : Generating global routing grids ...
PHY-1001 : Generate routing nets ...
PHY-1001 : Reuse net number 11030/15276.
PHY-1001 : Global iterations in 24 thread ...
PHY-1002 : len = 557216, over cnt = 0(0%), over = 0, worst = 0
PHY-1001 : End global iterations;  0.057756s wall, 0.062500s user + 0.000000s system = 0.062500s CPU (108.2%)

PHY-1001 : Congestion index: top1 = 43.81, top5 = 38.50, top10 = 35.93, top15 = 34.27.
OPT-1001 : Update timing in Manhattan mode
OPT-1001 : End timing update;  0.018434s wall, 0.031250s user + 0.000000s system = 0.031250s CPU (169.5%)

RUN-1001 : QoR Analysis:
OPT-0007 :   WNS 2147483647 TNS 0 NUM_FEPS 0
RUN-1001 :   No local congestion issue, and most congested 1% tile average routing util is 43.344828
RUN-1001 :   Top critical paths
OPT-1001 : End physical optimization;  3.269576s wall, 3.234375s user + 0.343750s system = 3.578125s CPU (109.4%)

RUN-1003 : finish command "place" in  19.475805s wall, 26.265625s user + 15.828125s system = 42.093750s CPU (216.1%)

RUN-1004 : used memory is 404 MB, reserved memory is 383 MB, peak memory is 513 MB
RUN-1002 : start command "export_db ES8388_place.db"
RUN-1001 : Exported /
RUN-1001 : Exported flow parameters
RUN-1001 : Exported libs
RUN-1001 : Exported entities
RUN-1001 : Exported ports
RUN-1001 : Exported pins
RUN-1001 : Exported instances
RUN-1001 : Exported nets
RUN-1001 : Exported buses
RUN-1001 : Exported models
RUN-1001 : Exported congestions
RUN-1001 : Exported violations
RUN-1001 : Exported IO constraints
RUN-1001 : Exported Inst constraints
RUN-1003 : finish command "export_db ES8388_place.db" in  1.001657s wall, 1.500000s user + 0.046875s system = 1.546875s CPU (154.4%)

RUN-1004 : used memory is 418 MB, reserved memory is 401 MB, peak memory is 513 MB
RUN-1002 : start command "route"
RUN-1001 : Open license file D:/TD/license/Anlogic.lic
RUN-1001 : Print Global Property
RUN-1001 : ---------------------------------------------------------------
RUN-1001 :        Parameters        |  Settings  |  Default Values  |  Note  
RUN-1001 : ---------------------------------------------------------------
RUN-1001 :          message         |  standard  |     standard     |        
RUN-1001 :   mixed_pack_place_flow  |     on     |        on        |        
RUN-1001 :        qor_monitor       |    off     |       off        |        
RUN-1001 :        syn_ip_flow       |    off     |       off        |        
RUN-1001 :          thread          |    auto    |       auto       |        
RUN-1001 : ---------------------------------------------------------------
RUN-1001 : Print Route Property
RUN-1001 : -------------------------------------------------------
RUN-1001 :    Parameters    |  Settings  |  Default Values  |  Note  
RUN-1001 : -------------------------------------------------------
RUN-1001 :      effort      |   medium   |      medium      |        
RUN-1001 :     fix_hold     |    off     |       off        |        
RUN-1001 :    opt_timing    |   medium   |      medium      |        
RUN-1001 :   phy_sim_model  |    off     |       off        |        
RUN-1001 :     priority     |   timing   |      timing      |        
RUN-1001 :     swap_pin     |     on     |        on        |        
RUN-1001 : -------------------------------------------------------
PHY-1001 : Route runs in 24 thread(s)
RUN-1001 : There are total 5672 instances
RUN-1001 : 2799 mslices, 2800 lslices, 55 pads, 0 brams, 0 dsps
RUN-1001 : There are total 15276 nets
RUN-1001 : 12981 nets have 2 pins
RUN-1001 : 1482 nets have [3 - 5] pins
RUN-1001 : 322 nets have [6 - 10] pins
RUN-1001 : 402 nets have [11 - 20] pins
RUN-1001 : 48 nets have [21 - 99] pins
RUN-1001 : 41 nets have 100+ pins
RUN-1002 : start command "start_timer -report"
TMR-5001 WARNING: No sdc constraints found while initiating timer.
TMR-2505 : Start building timing graph for model audio_speak.
TMR-2506 : Build timing graph completely. Port num: 52, tpin num: 62145, tnet num: 14218, tinst num: 5670, tnode num: 83449, tedge num: 101186.
TMR-2508 : Levelizing timing graph completed, there are 41 levels in total.
TMR-2501 : Timing graph initialized successfully.
PHY-1001 : 2799 mslices, 2800 lslices, 55 pads, 0 brams, 0 dsps
TMR-2503 : Start to update net delay, extr mode = 3.
TMR-2504 : Update delay of 14218 nets completely.
TMR-2502 : Annotate delay completely, extr mode = 3.
TMR-3002 : No user constraint, initiate default constraint.
TMR-1501 : Assign derive clock DeriveClock to 9436 clock pins, and constraint 21296 relative nodes.
TMR-3003 : Constraints initiated successfully.
TMR-3501 : Forward propagation: start to calculate arrival time...
TMR-3502 : Backward propagation: start to calculate required time...
TMR-3503 : Timing propagation completes.
PHY-1001 : Start global routing, caller is route ...
RUN-1001 : Generating global routing grids ...
PHY-1001 : Generate routing nets ...
PHY-1001 : Global iterations in 24 thread ...
PHY-1002 : len = 503792, over cnt = 2057(5%), over = 3475, worst = 6
PHY-1002 : len = 516288, over cnt = 1295(3%), over = 1990, worst = 6
PHY-1002 : len = 532104, over cnt = 522(1%), over = 771, worst = 5
PHY-1002 : len = 544056, over cnt = 1(0%), over = 1, worst = 1
PHY-1002 : len = 544104, over cnt = 0(0%), over = 0, worst = 0
PHY-1001 : End global iterations;  2.297416s wall, 2.093750s user + 0.468750s system = 2.562500s CPU (111.5%)

PHY-1001 : Congestion index: top1 = 42.63, top5 = 37.53, top10 = 35.19, top15 = 33.68.
PHY-1001 : End global routing;  2.486722s wall, 2.250000s user + 0.484375s system = 2.734375s CPU (110.0%)

PHY-1001 : Start detail routing ...
PHY-1001 : Current memory(MB): used = 612, reserve = 598, peak = 612.
PHY-1001 : Detailed router is running in normal mode.
PHY-1001 : Generate detailed routing grids ...
PHY-1001 : Processed IO instance aud_dacdat_syn_4 with INV attribute.
PHY-1001 : Processed IO instance aud_dacdat_1_syn_4 with INV attribute.
PHY-1001 : Processed IO instance aud_dacdat_2_syn_4 with INV attribute.
PHY-1001 : Processed IO instance aud_dacdat_3_syn_4 with INV attribute.
PHY-1001 : Generate nets ...
PHY-1001 : clock net aud_bclk_syn_4 will be merged with clock aud_bclk_dup_1
PHY-1001 : clock net aud_bclk_1_syn_4 will be merged with clock aud_bclk_1_dup_1
PHY-1001 : clock net aud_bclk_2_syn_4 will be merged with clock aud_bclk_2_dup_1
PHY-1001 : clock net aud_bclk_3_syn_4 will be merged with clock aud_bclk_3_dup_1
PHY-1001 : net aud_mclk_dup_1 will be routed on clock mesh
PHY-1001 : net aud_mclk_1_dup_1 will be routed on clock mesh
PHY-1001 : net aud_mclk_2_dup_1 will be routed on clock mesh
PHY-1001 : net aud_mclk_3_dup_1 will be routed on clock mesh
PHY-1001 : clock net ilaclk_dup_1 will be merged with clock u_pll_clk/clk0_buf
PHY-1001 : clock net ilaclk_1_dup_1 will be merged with clock u1_pll_clk/clk0_buf
PHY-1001 : clock net ilaclk_2_dup_1 will be merged with clock u2_pll_clk/clk0_buf
PHY-1001 : clock net ilaclk_3_dup_1 will be merged with clock u3_pll_clk/clk0_buf
PHY-1001 : net sys_clk_dup_1 will be routed on clock mesh
PHY-1001 : clock net u1_es8388_ctrl/u_es8388_config/u_i2c_dri/dri_clk_syn_4 will be merged with clock u1_es8388_ctrl/u_es8388_config/u_i2c_dri/dri_clk
PHY-1001 : clock net u2_es8388_ctrl/u_es8388_config/u_i2c_dri/dri_clk_syn_4 will be merged with clock u2_es8388_ctrl/u_es8388_config/u_i2c_dri/dri_clk
PHY-1001 : clock net u3_es8388_ctrl/u_es8388_config/u_i2c_dri/dri_clk_syn_4 will be merged with clock u3_es8388_ctrl/u_es8388_config/u_i2c_dri/dri_clk
PHY-1001 : Current memory(MB): used = 872, reserve = 862, peak = 872.
PHY-1001 : End build detailed router design. 2.874909s wall, 2.734375s user + 0.093750s system = 2.828125s CPU (98.4%)

PHY-1001 : Detail Route ...
PHY-1001 : ===== Detail Route Phase 1 =====
PHY-1001 : Clock net routing.....
PHY-1001 : Routed 0% nets.
PHY-1022 : len = 165304, over cnt = 0(0%), over = 0, worst = 0, crit = 0
PHY-1001 : End initial clock net routed; 3.584523s wall, 3.515625s user + 0.015625s system = 3.531250s CPU (98.5%)

PHY-1001 : Current memory(MB): used = 908, reserve = 899, peak = 908.
PHY-1001 : End phase 1; 3.590814s wall, 3.531250s user + 0.015625s system = 3.546875s CPU (98.8%)

PHY-1001 : ===== Detail Route Phase 2 =====
PHY-1001 : Initial routing.....
PHY-1001 : Routed 51% nets.
PHY-1001 : Routed 57% nets.
PHY-1001 : Routed 67% nets.
PHY-1001 : Routed 77% nets.
PHY-1001 : Routed 89% nets.
PHY-1022 : len = 2.79912e+06, over cnt = 1553(0%), over = 1560, worst = 2, crit = 0
PHY-1001 : Current memory(MB): used = 918, reserve = 907, peak = 918.
PHY-1001 : End initial routed; 12.761227s wall, 13.531250s user + 3.843750s system = 17.375000s CPU (136.2%)

PHY-1001 : Current memory(MB): used = 918, reserve = 907, peak = 918.
PHY-1001 : End phase 2; 12.761313s wall, 13.531250s user + 3.843750s system = 17.375000s CPU (136.2%)

PHY-1001 : ===== Detail Route Phase 3 =====
PHY-1001 : Ripup-reroute.....
PHY-1001 : ===== DR Iter 1 =====
PHY-1022 : len = 2.72818e+06, over cnt = 814(0%), over = 815, worst = 2, crit = 0
PHY-1001 : End DR Iter 1; 4.113674s wall, 4.921875s user + 0.187500s system = 5.109375s CPU (124.2%)

PHY-1001 : ===== DR Iter 2 =====
PHY-1022 : len = 2.70932e+06, over cnt = 233(0%), over = 233, worst = 1, crit = 0
PHY-1001 : End DR Iter 2; 1.604575s wall, 1.656250s user + 0.015625s system = 1.671875s CPU (104.2%)

PHY-1001 : ===== DR Iter 3 =====
PHY-1022 : len = 2.70496e+06, over cnt = 36(0%), over = 36, worst = 1, crit = 0
PHY-1001 : End DR Iter 3; 0.694959s wall, 0.687500s user + 0.031250s system = 0.718750s CPU (103.4%)

PHY-1001 : ===== DR Iter 4 =====
PHY-1022 : len = 2.70522e+06, over cnt = 6(0%), over = 6, worst = 1, crit = 0
PHY-1001 : End DR Iter 4; 0.226481s wall, 0.203125s user + 0.015625s system = 0.218750s CPU (96.6%)

PHY-1001 : ===== DR Iter 5 =====
PHY-1022 : len = 2.7051e+06, over cnt = 1(0%), over = 1, worst = 1, crit = 0
PHY-1001 : End DR Iter 5; 0.144694s wall, 0.093750s user + 0.046875s system = 0.140625s CPU (97.2%)

PHY-1001 : ===== DR Iter 6 =====
PHY-1022 : len = 2.7051e+06, over cnt = 1(0%), over = 1, worst = 1, crit = 0
PHY-1001 : End DR Iter 6; 0.135737s wall, 0.093750s user + 0.015625s system = 0.109375s CPU (80.6%)

PHY-1001 : ===== DR Iter 7 =====
PHY-1022 : len = 2.7051e+06, over cnt = 1(0%), over = 1, worst = 1, crit = 0
PHY-1001 : End DR Iter 7; 0.176641s wall, 0.125000s user + 0.046875s system = 0.171875s CPU (97.3%)

PHY-1001 : ===== DR Iter 8 =====
PHY-1022 : len = 2.70506e+06, over cnt = 1(0%), over = 1, worst = 1, crit = 0
PHY-1001 : End DR Iter 8; 0.100882s wall, 0.078125s user + 0.015625s system = 0.093750s CPU (92.9%)

PHY-1001 : ==== DR Iter 9 ====
PHY-1022 : len = 2.70511e+06, over cnt = 0(0%), over = 0, worst = 0, crit = 0
PHY-1001 : End DR Iter 9; 0.092847s wall, 0.109375s user + 0.015625s system = 0.125000s CPU (134.6%)

PHY-1001 : Commit to database.....
PHY-1001 : 780 feed throughs used by 307 nets
PHY-1001 : End commit to database; 1.429669s wall, 1.343750s user + 0.031250s system = 1.375000s CPU (96.2%)

PHY-1001 : Current memory(MB): used = 1008, reserve = 1000, peak = 1008.
PHY-1001 : End phase 3; 8.921024s wall, 9.562500s user + 0.421875s system = 9.984375s CPU (111.9%)

PHY-1003 : Routed, final wirelength = 2.70511e+06
PHY-1001 : Current memory(MB): used = 1012, reserve = 1004, peak = 1012.
PHY-1001 : End export database. 0.069073s wall, 0.062500s user + 0.000000s system = 0.062500s CPU (90.5%)

PHY-1001 : End detail routing;  28.461225s wall, 29.656250s user + 4.390625s system = 34.046875s CPU (119.6%)

RUN-1003 : finish command "route" in  32.325342s wall, 33.171875s user + 4.953125s system = 38.125000s CPU (117.9%)

RUN-1004 : used memory is 854 MB, reserved memory is 859 MB, peak memory is 1012 MB
RUN-1002 : start command "report_area -io_info -file ES8388_phy.area"
RUN-1001 : standard
***Report Model: audio_speak Device: EG4S20BG256***

IO Statistics
#IO                        55
  #input                   23
  #output                  28
  #inout                    4

Utilization Statistics
#lut                     7572   out of  19600   38.63%
#reg                     7172   out of  19600   36.59%
#le                      9328
  #lut only              2156   out of   9328   23.11%
  #reg only              1756   out of   9328   18.83%
  #lut&reg               5416   out of   9328   58.06%
#dsp                        0   out of     29    0.00%
#bram                       0   out of     64    0.00%
  #bram9k                   0
  #fifo9k                   0
#bram32k                    0   out of     16    0.00%
#pad                       55   out of    188   29.26%
  #ireg                     8
  #oreg                    20
  #treg                     4
#pll                        4   out of      4  100.00%
#gclk                      11   out of     16   68.75%

Clock Resource Statistics
Index     ClockNet                                            Type               DriverType         Driver                                                           Fanout
#1        sys_clk_dup_1                                       GCLK               io                 sys_clk_syn_2.di                                                 4428
#2        aud_bclk_2_dup_1                                    GCLK               io                 aud_bclk_2_syn_2.di                                              48
#3        aud_bclk_dup_1                                      GCLK               io                 aud_bclk_syn_2.di                                                46
#4        aud_bclk_1_dup_1                                    GCLK               io                 aud_bclk_1_syn_2.di                                              45
#5        aud_bclk_3_dup_1                                    GCLK               io                 aud_bclk_3_syn_2.di                                              43
#6        u3_es8388_ctrl/u_es8388_config/u_i2c_dri/dri_clk    GCLK               mslice             u3_es8388_ctrl/u_es8388_config/u_i2c_dri/dri_clk_reg_syn_9.q1    41
#7        u1_es8388_ctrl/u_es8388_config/u_i2c_dri/dri_clk    GCLK               mslice             u1_es8388_ctrl/u_es8388_config/u_i2c_dri/dri_clk_reg_syn_9.q0    40
#8        u2_es8388_ctrl/u_es8388_config/u_i2c_dri/dri_clk    GCLK               lslice             u2_es8388_ctrl/u_es8388_config/u_i2c_dri/dri_clk_reg_syn_9.q1    40
#9        aud_mclk_1_dup_1                                    GCLK               pll                u1_pll_clk/pll_inst.clkc1                                        0
#10       aud_mclk_2_dup_1                                    GCLK               pll                u2_pll_clk/pll_inst.clkc1                                        0
#11       aud_mclk_3_dup_1                                    GCLK               pll                u3_pll_clk/pll_inst.clkc1                                        0
#12       aud_mclk_dup_1                                      GCLK               pll                u_pll_clk/pll_inst.clkc1                                         0
#13       u1_pll_clk/clk0_buf                                 GCLK               pll                u1_pll_clk/pll_inst.clkc0                                        0
#14       u2_pll_clk/clk0_buf                                 GCLK               pll                u2_pll_clk/pll_inst.clkc0                                        0
#15       u3_pll_clk/clk0_buf                                 GCLK               pll                u3_pll_clk/pll_inst.clkc0                                        0
#16       u_pll_clk/clk0_buf                                  GCLK               pll                u_pll_clk/pll_inst.clkc0                                         0


Detailed IO Report

        Name           Direction    Location    IOStandard    DriveStrength    PullType     PackReg   
     aud_adcdat          INPUT        R14        LVCMOS25          N/A          PULLUP       IREG     
    aud_adcdat_1         INPUT        G16        LVCMOS25          N/A          PULLUP       IREG     
    aud_adcdat_2         INPUT         E7        LVCMOS25          N/A          PULLUP       IREG     
    aud_adcdat_3         INPUT         L4        LVCMOS25          N/A          PULLUP       IREG     
      aud_bclk           INPUT         M6        LVCMOS25          N/A          PULLUP       NONE     
     aud_bclk_1          INPUT        G14        LVCMOS25          N/A          PULLUP       NONE     
     aud_bclk_2          INPUT         D5        LVCMOS25          N/A          PULLUP       NONE     
     aud_bclk_3          INPUT         H5        LVCMOS25          N/A          PULLUP       NONE     
       aud_lrc           INPUT         M7        LVCMOS25          N/A          PULLUP       IREG     
      aud_lrc_1          INPUT        H16        LVCMOS25          N/A          PULLUP       IREG     
      aud_lrc_2          INPUT         C6        LVCMOS25          N/A          PULLUP       IREG     
      aud_lrc_3          INPUT         K6        LVCMOS25          N/A          PULLUP       IREG     
  noise_suppress_en      INPUT        A13        LVCMOS25          N/A          PULLUP       NONE     
  pitch_control[2]       INPUT        B12        LVCMOS25          N/A          PULLUP       NONE     
  pitch_control[1]       INPUT        A12        LVCMOS25          N/A          PULLUP       NONE     
  pitch_control[0]       INPUT        A11        LVCMOS25          N/A          PULLUP       NONE     
       sys_clk           INPUT         R7        LVCMOS25          N/A          PULLUP       NONE     
      sys_rst_n          INPUT         E3        LVCMOS25          N/A          PULLUP       NONE     
     sys_rst_n_1         INPUT         F2        LVCMOS25          N/A           N/A         NONE     
     sys_rst_n_2         INPUT        F16        LVCMOS25          N/A           N/A         NONE     
     sys_rst_n_3         INPUT        L12        LVCMOS25          N/A           N/A         NONE     
      volume[1]          INPUT        B10        LVCMOS25          N/A          PULLUP       NONE     
      volume[0]          INPUT        A10        LVCMOS25          N/A          PULLUP       NONE     
     aud_dacdat         OUTPUT         P6        LVCMOS25           8            NONE        OREG     
    aud_dacdat_1        OUTPUT        H14        LVCMOS25           8            NONE        OREG     
    aud_dacdat_2        OUTPUT         E6        LVCMOS25           8            NONE        OREG     
    aud_dacdat_3        OUTPUT         K3        LVCMOS25           8            NONE        OREG     
      aud_mclk          OUTPUT         N5        LVCMOS25           8            NONE        NONE     
     aud_mclk_1         OUTPUT        F14        LVCMOS25           8            NONE        NONE     
     aud_mclk_2         OUTPUT         F6        LVCMOS25           8            NONE        NONE     
     aud_mclk_3         OUTPUT         H4        LVCMOS25           8            NONE        NONE     
       aud_scl          OUTPUT        R12        LVCMOS25           8            NONE        OREG     
      aud_scl_1         OUTPUT        D14        LVCMOS25           8            NONE        OREG     
      aud_scl_2         OUTPUT         A2        LVCMOS25           8            NONE        OREG     
      aud_scl_3         OUTPUT         G3        LVCMOS25           8            NONE        OREG     
       ilaclk           OUTPUT         M9        LVCMOS25           8            NONE        NONE     
      ilaclk_1          OUTPUT        L16        LVCMOS25           8            NONE        NONE     
      ilaclk_2          OUTPUT         D3        LVCMOS25           8            NONE        NONE     
      ilaclk_3          OUTPUT        K15        LVCMOS25           8            NONE        NONE     
         led            OUTPUT        E16        LVCMOS25           8            N/A         NONE     
        led_1           OUTPUT         E4        LVCMOS25           8            N/A         NONE     
        led_2           OUTPUT         J6        LVCMOS25           8            N/A         NONE     
        led_3           OUTPUT        K16        LVCMOS25           8            N/A         NONE     
      led_eight         OUTPUT        M12        LVCMOS25           8            NONE        OREG     
      led_five          OUTPUT        M10        LVCMOS25           8            NONE        OREG     
      led_four          OUTPUT        P11        LVCMOS25           8            NONE        OREG     
       led_one          OUTPUT         P9        LVCMOS25           8            NONE        OREG     
      led_seven         OUTPUT        N12        LVCMOS25           8            NONE        OREG     
       led_six          OUTPUT        L10        LVCMOS25           8            NONE        OREG     
      led_tree          OUTPUT        R16        LVCMOS25           8            NONE        OREG     
       led_two          OUTPUT        P12        LVCMOS25           8            NONE        OREG     
       aud_sda           INOUT         R9        LVCMOS25           8           PULLUP     OREG;TREG  
      aud_sda_1          INOUT        E15        LVCMOS25           8           PULLUP     OREG;TREG  
      aud_sda_2          INOUT         C3        LVCMOS25           8           PULLUP     OREG;TREG  
      aud_sda_3          INOUT         F3        LVCMOS25           8           PULLUP     OREG;TREG  

Report Hierarchy Area:
+--------------------------------------------------------------------------------------------------------+
|Instance                   |Module                 |le     |lut     |ripple  |seq     |bram    |dsp     |
+--------------------------------------------------------------------------------------------------------+
|top                        |audio_speak            |9328   |6991    |581     |7204    |0       |0       |
|  u1_es8388_ctrl           |es8388_ctrl            |241    |189     |25      |155     |0       |0       |
|    u_audio_receive        |audio_receive          |84     |53      |12      |56      |0       |0       |
|    u_audio_send           |audio_send             |24     |19      |0       |22      |0       |0       |
|    u_es8388_config        |es8388_config          |133    |117     |13      |77      |0       |0       |
|      u_i2c_dri            |i2c_dri                |70     |63      |5       |50      |0       |0       |
|      u_i2c_reg_cfg        |i2c_reg_cfg            |63     |54      |8       |27      |0       |0       |
|  u1_pll_clk               |clk_wiz_0              |0      |0       |0       |0       |0       |0       |
|  u2_es8388_ctrl           |es8388_ctrl            |269    |209     |27      |157     |0       |0       |
|    u_audio_receive        |audio_receive          |89     |55      |12      |54      |0       |0       |
|    u_audio_send           |audio_send             |22     |17      |0       |21      |0       |0       |
|    u_es8388_config        |es8388_config          |158    |137     |15      |82      |0       |0       |
|      u_i2c_dri            |i2c_dri                |92     |82      |7       |54      |0       |0       |
|      u_i2c_reg_cfg        |i2c_reg_cfg            |66     |55      |8       |28      |0       |0       |
|  u2_pll_clk               |clk_wiz_0              |0      |0       |0       |0       |0       |0       |
|  u3_es8388_ctrl           |es8388_ctrl            |270    |218     |27      |159     |0       |0       |
|    u_audio_receive        |audio_receive          |84     |52      |12      |53      |0       |0       |
|    u_audio_send           |audio_send             |22     |20      |0       |22      |0       |0       |
|    u_es8388_config        |es8388_config          |164    |146     |15      |84      |0       |0       |
|      u_i2c_dri            |i2c_dri                |102    |95      |7       |57      |0       |0       |
|      u_i2c_reg_cfg        |i2c_reg_cfg            |62     |51      |8       |27      |0       |0       |
|  u3_pll_clk               |clk_wiz_0              |0      |0       |0       |0       |0       |0       |
|  u_es8388_ctrl            |es8388_ctrl            |285    |221     |27      |177     |0       |0       |
|    u_audio_receive        |audio_receive          |79     |43      |12      |57      |0       |0       |
|    u_audio_send           |audio_send             |38     |38      |0       |28      |0       |0       |
|    u_es8388_config        |es8388_config          |168    |140     |15      |92      |0       |0       |
|      u_i2c_dri            |i2c_dri                |103    |90      |7       |62      |0       |0       |
|      u_i2c_reg_cfg        |i2c_reg_cfg            |65     |50      |8       |30      |0       |0       |
|  u_noise_suppress         |noise_suppress         |105    |53      |41      |30      |0       |0       |
|  u_pitch_shift            |pitch_shift            |6232   |4795    |13      |6119    |0       |0       |
|  u_pll_clk                |clk_wiz_0              |1      |1       |0       |0       |0       |0       |
|  u_spar_4mic_localization |spar_4mic_localization |1814   |1253    |377     |343     |0       |0       |
+--------------------------------------------------------------------------------------------------------+


DataNet Average Fanout:

   Index     Fanout     Nets   
    #1          1       12922  
    #2          2       1186   
    #3          3        265   
    #4          4        27    
    #5        5-10       359   
    #6        11-50      401   
    #7       51-100       4    
    #8       101-500     33    
    #9        >500        5    
  Average     2.95             

RUN-1002 : start command "export_db ES8388_pr.db"
RUN-1001 : Exported /
RUN-1001 : Exported flow parameters
RUN-1001 : Exported libs
RUN-1001 : Exported entities
RUN-1001 : Exported ports
RUN-1001 : Exported pins
RUN-1001 : Exported instances
RUN-1001 : Exported nets
RUN-1001 : Exported buses
RUN-1001 : Exported models
RUN-1001 : Exported congestions
RUN-1001 : Exported violations
RUN-1001 : Exported IO constraints
RUN-1001 : Exported Inst constraints
RUN-1003 : finish command "export_db ES8388_pr.db" in  1.346425s wall, 2.000000s user + 0.031250s system = 2.031250s CPU (150.9%)

RUN-1004 : used memory is 855 MB, reserved memory is 860 MB, peak memory is 1012 MB
RUN-1002 : start command "export_bid ES8388_inst.bid"
RUN-1002 : start command "bitgen -bit ES8388.bit -unused_io_status pulldown"
BIT-1003 : Start to generate bitstream. 
BIT-1002 : Bitgen processed 133 unused pads, reserve input tri_state with pulldown
BIT-1002 : Init instances with 24 threads.
BIT-1002 : Init instances completely, inst num: 5803
BIT-1002 : Init pips with 24 threads.
BIT-1002 : Init pips completely, net num: 15276, pip num: 156468
BIT-1002 : Init feedthrough with 24 threads.
BIT-1002 : Init feedthrough completely, num: 780
BIT-1003 : Multithreading accelaration with 24 threads.
BIT-1003 : Generate bitstream completely, there are 3267 valid insts, and 391826 bits set as '1'.
BIT-1004 : PLL setting string = 1111
BIT-1004 : Generate bits file ES8388.bit.
RUN-1003 : finish command "bitgen -bit ES8388.bit -unused_io_status pulldown" in  13.303374s wall, 226.093750s user + 2.218750s system = 228.312500s CPU (1716.2%)

RUN-1004 : used memory is 845 MB, reserved memory is 849 MB, peak memory is 1080 MB
RUN-1002 : start command "backup_run_log run.log ../.logs/phy_1/td_20251030_145658.log"
