============================================================
   Tang Dynasty, V5.6.71036
      Copyright (c) 2012-2023 Anlogic Inc.
   Executable = D:/TD/bin/td.exe
   Built at =   20:34:38 Mar 21 2023
   Run by =     lyw15
   Run Date =   Sun Oct 19 15:23:06 2025

   Run on =     -001
============================================================
RUN-1002 : start command "open_project ES8388.prj"
RUN-1001 : Print Global Property
RUN-1001 : ---------------------------------------------------------------
RUN-1001 :        Parameters        |  Settings  |  Default Values  |  Note  
RUN-1001 : ---------------------------------------------------------------
RUN-1001 :          message         |  standard  |     standard     |        
RUN-1001 :   mixed_pack_place_flow  |     on     |        on        |        
RUN-1001 :        qor_monitor       |    off     |       off        |        
RUN-1001 :        syn_ip_flow       |    off     |       off        |        
RUN-1001 :          thread          |    auto    |       auto       |        
RUN-1001 : ---------------------------------------------------------------
RUN-1001 : Print Design Property
RUN-1001 : --------------------------------------------------------------
RUN-1001 :        Parameters       |  Settings  |  Default Values  |  Note  
RUN-1001 : --------------------------------------------------------------
RUN-1001 :   default_reg_initial   |    auto    |       auto       |        
RUN-1001 :        infer_add        |     on     |        on        |        
RUN-1001 :        infer_fsm        |    off     |       off        |        
RUN-1001 :        infer_mult       |     on     |        on        |        
RUN-1001 :        infer_ram        |     on     |        on        |        
RUN-1001 :        infer_reg        |     on     |        on        |        
RUN-1001 :   infer_reg_init_value  |     on     |        on        |        
RUN-1001 :        infer_rom        |     on     |        on        |        
RUN-1001 :      infer_shifter      |     on     |        on        |        
RUN-1001 : --------------------------------------------------------------
RUN-1001 : Print Rtl Property
RUN-1001 : --------------------------------------------------------------
RUN-1001 :        Parameters       |  Settings  |  Default Values  |  Note  
RUN-1001 : --------------------------------------------------------------
RUN-1001 :       compress_add      |   ripple   |      ripple      |        
RUN-1001 :        elf_sload        |    off     |       off        |        
RUN-1001 :       fix_undriven      |     0      |        0         |        
RUN-1001 :         flatten         |    off     |       off        |        
RUN-1001 :       gate_sharing      |     on     |        on        |        
RUN-1001 :    hdl_warning_level    |   normal   |      normal      |        
RUN-1001 :   impl_internal_tribuf  |     on     |        on        |        
RUN-1001 :      impl_set_reset     |     on     |        on        |        
RUN-1001 :        infer_gsr        |    off     |       off        |        
RUN-1001 :      keep_hierarchy     |    auto    |       auto       |        
RUN-1001 :        max_fanout       |    9999    |       9999       |        
RUN-1001 :      max_oh2bin_len     |     10     |        10        |        
RUN-1001 :       merge_equal       |     on     |        on        |        
RUN-1001 :       merge_equiv       |     on     |        on        |        
RUN-1001 :        merge_mux        |    off     |       off        |        
RUN-1001 :     min_control_set     |     8      |        8         |        
RUN-1001 :      min_ripple_len     |    auto    |       auto       |        
RUN-1001 :       oh2bin_ratio      |    0.08    |       0.08       |        
RUN-1001 :     opt_adder_fanout    |     on     |        on        |        
RUN-1001 :        opt_arith        |     on     |        on        |        
RUN-1001 :       opt_big_gate      |    off     |       off        |        
RUN-1001 :        opt_const        |     on     |        on        |        
RUN-1001 :      opt_const_mult     |     on     |        on        |        
RUN-1001 :       opt_lessthan      |     on     |        on        |        
RUN-1001 :         opt_mux         |    off     |       off        |        
RUN-1001 :         opt_ram         |    high    |       high       |        
RUN-1001 :      rtl_sim_model      |    off     |       off        |        
RUN-1001 :         seq_syn         |     on     |        on        |        
RUN-1001 : --------------------------------------------------------------
HDL-1007 : analyze verilog file ../../al_ip/clk_wiz_0.v
HDL-1007 : undeclared symbol 'open', assumed default net type 'wire' in ../../al_ip/clk_wiz_0.v(80)
HDL-1007 : analyze verilog file ../../../RTL/audio_receive.v
HDL-1007 : analyze verilog file ../../../RTL/audio_send.v
HDL-1007 : analyze verilog file ../../../RTL/audio_speak.v
HDL-1007 : analyze verilog file ../../../RTL/es8388_config.v
HDL-1007 : analyze verilog file ../../../RTL/es8388_ctrl.v
HDL-1007 : analyze verilog file ../../../RTL/i2c_dri.v
HDL-1007 : analyze verilog file ../../../RTL/i2c_reg_cfg.v
HDL-1007 : analyze verilog file ../../al_ip/i2s_tx.v
RUN-1001 : Project manager successfully analyzed 9 source files.
RUN-1002 : start command "import_device eagle_s20.db -package EG4S20BG256"
ARC-1001 : Device Initialization.
ARC-1001 : ------------------------------------------------------------------
ARC-1001 :            OPTION            |          IO          |   SETTING   
ARC-1001 : ------------------------------------------------------------------
ARC-1001 :   cso_b/cclk/mosi/miso/dout  |  T3/R11/T10/P10/S11  |    gpio    
ARC-1001 :             done             |         P13          |    gpio    
ARC-1001 :           program_b          |          T2          |  dedicate  
ARC-1001 :        tdi/tms/tck/tdo       |   C12/A15/C14/E14    |  dedicate  
ARC-1001 : ------------------------------------------------------------------
ARC-1004 : Device setting, marked 5 dedicate IOs in total.
RUN-1002 : start command "import_db ../syn_1/ES8388_gate.db"
RUN-1001 : Importing database generated by Tang Dynasty, V5.6.71036.
RUN-1001 : Database version number 46146.
RUN-1001 : Import flow parameters
RUN-1001 : Import IO constraints
RUN-1001 : Import Inst constraints
RUN-1001 : Import design success TD_VERSION=5.6.71036 , DB_VERSION=46146
RUN-1002 : start command "place"
RUN-1001 : Open license file D:/TD/license/Anlogic.lic
RUN-1001 : Print Global Property
RUN-1001 : ---------------------------------------------------------------
RUN-1001 :        Parameters        |  Settings  |  Default Values  |  Note  
RUN-1001 : ---------------------------------------------------------------
RUN-1001 :          message         |  standard  |     standard     |        
RUN-1001 :   mixed_pack_place_flow  |     on     |        on        |        
RUN-1001 :        qor_monitor       |    off     |       off        |        
RUN-1001 :        syn_ip_flow       |    off     |       off        |        
RUN-1001 :          thread          |    auto    |       auto       |        
RUN-1001 : ---------------------------------------------------------------
RUN-1001 : Print Place Property
RUN-1001 : --------------------------------------------------------------
RUN-1001 :        Parameters       |  Settings  |  Default Values  |  Note  
RUN-1001 : --------------------------------------------------------------
RUN-1001 :      detailed_place     |     on     |        on        |        
RUN-1001 :          effort         |   medium   |      medium      |        
RUN-1001 :         fix_hold        |    off     |       off        |        
RUN-1001 :       legalization      |    ori     |       ori        |        
RUN-1001 :      new_spreading      |     on     |        on        |        
RUN-1001 :        opt_timing       |   medium   |      medium      |        
RUN-1001 :   post_clock_route_opt  |    off     |       off        |        
RUN-1001 :       pr_strategy       |     1      |        1         |        
RUN-1001 :        relaxation       |    1.00    |       1.00       |        
RUN-1001 :         retiming        |    off     |       off        |        
RUN-1001 : --------------------------------------------------------------
PHY-3001 : Placer runs in 24 thread(s).
RUN-1002 : start command "legalize_phy_inst"
SYN-1011 : Flatten model audio_speak
RUN-1002 : start command "phys_opt -simplify_lut"
SYN-4016 : Net ilaclk_1_dup_1 driven by BUFG (0 clock/control pins, 2 other pins).
SYN-4016 : Net ilaclk_dup_1 driven by BUFG (0 clock/control pins, 2 other pins).
SYN-4027 : Net aud_mclk_1_dup_1 is clkc1 of pll u1_pll_clk/pll_inst.
SYN-4019 : Net sys_clk_dup_1 is refclk of pll u1_pll_clk/pll_inst.
SYN-4020 : Net sys_clk_dup_1 is fbclk of pll u1_pll_clk/pll_inst.
SYN-4027 : Net aud_mclk_dup_1 is clkc1 of pll u_pll_clk/pll_inst.
SYN-4019 : Net sys_clk_dup_1 is refclk of pll u_pll_clk/pll_inst.
SYN-4020 : Net sys_clk_dup_1 is fbclk of pll u_pll_clk/pll_inst.
SYN-4024 : Net "aud_bclk_dup_1" drives clk pins.
SYN-4024 : Net "aud_bclk_1_dup_1" drives clk pins.
SYN-4024 : Net "u1_es8388_ctrl/u_es8388_config/u_i2c_dri/dri_clk" drives clk pins.
SYN-4024 : Net "u_es8388_ctrl/u_es8388_config/u_i2c_dri/dri_clk" drives clk pins.
SYN-4024 : Net "I2S_BCLK_dup_3" drives clk pins.
SYN-4025 : Tag rtl::Net I2S_BCLK_dup_3 as clock net
SYN-4025 : Tag rtl::Net aud_bclk_1_dup_1 as clock net
SYN-4025 : Tag rtl::Net aud_bclk_dup_1 as clock net
SYN-4025 : Tag rtl::Net aud_mclk_1_dup_1 as clock net
SYN-4025 : Tag rtl::Net aud_mclk_dup_1 as clock net
SYN-4025 : Tag rtl::Net ilaclk_1_dup_1 as clock net
SYN-4025 : Tag rtl::Net ilaclk_dup_1 as clock net
SYN-4025 : Tag rtl::Net sys_clk_dup_1 as clock net
SYN-4025 : Tag rtl::Net u1_es8388_ctrl/u_es8388_config/u_i2c_dri/dri_clk as clock net
SYN-4025 : Tag rtl::Net u_es8388_ctrl/u_es8388_config/u_i2c_dri/dri_clk as clock net
SYN-4026 : Tagged 10 rtl::Net as clock net
SYN-4015 : Create BUFG instance for clk Net aud_bclk_1_dup_1 to drive 80 clock pins.
SYN-4015 : Create BUFG instance for clk Net aud_bclk_dup_1 to drive 80 clock pins.
SYN-4015 : Create BUFG instance for clk Net u1_es8388_ctrl/u_es8388_config/u_i2c_dri/dri_clk to drive 59 clock pins.
SYN-4015 : Create BUFG instance for clk Net u_es8388_ctrl/u_es8388_config/u_i2c_dri/dri_clk to drive 59 clock pins.
SYN-4015 : Create BUFG instance for clk Net I2S_BCLK_dup_3 to drive 32 clock pins.
PHY-1001 : Populate physical database on model audio_speak.
RUN-1001 : There are total 900 instances
RUN-0007 : 439 luts, 364 seqs, 34 mslices, 22 lslices, 29 pads, 0 brams, 0 dsps
RUN-1001 : There are total 992 nets
RUN-1001 : 627 nets have 2 pins
RUN-1001 : 257 nets have [3 - 5] pins
RUN-1001 : 44 nets have [6 - 10] pins
RUN-1001 : 37 nets have [11 - 20] pins
RUN-1001 : 24 nets have [21 - 99] pins
RUN-1001 : 3 nets have 100+ pins
RUN-1001 : Report Control nets information:
RUN-1001 : DFF Distribution
RUN-1001 : ----------------------------------
RUN-1001 :   CE   |  SSR  |  ASR  |  DFF Count  
RUN-1001 : ----------------------------------
RUN-1001 :   No   |  No   |  No   |      0      
RUN-1001 :   No   |  No   |  Yes  |     204     
RUN-1001 :   No   |  Yes  |  No   |      0      
RUN-1001 :   Yes  |  No   |  No   |      0      
RUN-1001 :   Yes  |  No   |  Yes  |     144     
RUN-1001 :   Yes  |  Yes  |  No   |     16      
RUN-1001 : ----------------------------------
RUN-0007 : Control Group Statistic
RUN-0007 : ---------------------------
RUN-0007 :   #CLK  |  #CE  |  #SSR/ASR  
RUN-0007 : ---------------------------
RUN-0007 :    6    |  11   |     5      
RUN-0007 : ---------------------------
RUN-0007 : Control Set = 18
PHY-3001 : Initial placement ...
PHY-3001 : design contains 898 instances, 439 luts, 364 seqs, 56 slices, 16 macros(56 instances: 34 mslices 22 lslices)
PHY-0007 : Cell area utilization is 2%
PHY-3001 : Global placement ...
PHY-3001 : Initial: Len = 222173
PHY-3001 : Clustering ...
PHY-3001 : Level 0 #clusters 898.
PHY-3001 : End clustering;  0.000100s wall, 0.000000s user + 0.000000s system = 0.000000s CPU (n/a%)

PHY-3001 : Run with size of 4
PHY-3001 : Cell area utilization is 2%
PHY-3001 : :::0::: Try harder cell spreading with beta_ = 0
PHY-3002 : Step(1): len = 135302, overlap = 0
PHY-3002 : Step(2): len = 89788.3, overlap = 0
PHY-3002 : Step(3): len = 59263.2, overlap = 0
PHY-3002 : Step(4): len = 46786.9, overlap = 0
PHY-3002 : Step(5): len = 40605.1, overlap = 0
PHY-3002 : Step(6): len = 37855.6, overlap = 0
PHY-3002 : Step(7): len = 33397.2, overlap = 0
PHY-3002 : Step(8): len = 31049.3, overlap = 0
PHY-3002 : Step(9): len = 30830.3, overlap = 0
PHY-3002 : Step(10): len = 29054.5, overlap = 0
PHY-3002 : Step(11): len = 26478.9, overlap = 0
PHY-3002 : Step(12): len = 26288, overlap = 0
PHY-3002 : Step(13): len = 24708.1, overlap = 0.875
PHY-3002 : Step(14): len = 22711.1, overlap = 1.40625
PHY-3002 : Step(15): len = 23011.2, overlap = 0.6875
PHY-3002 : Step(16): len = 20687, overlap = 0
PHY-3002 : Step(17): len = 19352.9, overlap = 0
PHY-3002 : Step(18): len = 17663, overlap = 0
PHY-3002 : Step(19): len = 16464.9, overlap = 0
PHY-3002 : Step(20): len = 16514.5, overlap = 0
PHY-3002 : Step(21): len = 15132.1, overlap = 0
PHY-3002 : Step(22): len = 15144.4, overlap = 0
PHY-3002 : Step(23): len = 15200, overlap = 0
PHY-3001 : Legalization ...
PHY-3001 : End legalization;  0.002462s wall, 0.000000s user + 0.000000s system = 0.000000s CPU (n/a%)

PHY-3001 : Run with size of 4
PHY-3001 : Cell area utilization is 3%
PHY-3001 : :::0::: Try harder cell spreading with beta_ = 0
PHY-3002 : Step(24): len = 14195.5, overlap = 8.5
PHY-3002 : Step(25): len = 14227.5, overlap = 9.15625
PHY-3002 : Step(26): len = 14319.9, overlap = 9.21875
PHY-3002 : Step(27): len = 14359.3, overlap = 9.21875
PHY-3001 : Run with size of 2
PHY-3001 : Cell area utilization is 3%
PHY-3001 : :::0::: Try harder cell spreading with beta_ = 3.47635e-05
PHY-3002 : Step(28): len = 14605, overlap = 40.6562
PHY-3002 : Step(29): len = 14791, overlap = 40.2188
PHY-3002 : Step(30): len = 15611, overlap = 37.9375
PHY-3001 : :::1::: Try harder cell spreading with beta_ = 6.95269e-05
PHY-3002 : Step(31): len = 15093.2, overlap = 36.7188
PHY-3002 : Step(32): len = 15211.2, overlap = 37.1562
PHY-3002 : Step(33): len = 15871.1, overlap = 33.2812
PHY-3001 : :::2::: Try harder cell spreading with beta_ = 0.000139054
PHY-3002 : Step(34): len = 15880, overlap = 31.4375
PHY-3002 : Step(35): len = 16069.4, overlap = 30.6875
PHY-3002 : Step(36): len = 16677.7, overlap = 28.875
PHY-3001 : :::3::: Try harder cell spreading with beta_ = 0.000278108
PHY-3002 : Step(37): len = 16475, overlap = 26.375
PHY-3002 : Step(38): len = 16475, overlap = 26.375
PHY-3002 : Step(39): len = 16315.9, overlap = 25.875
OPT-1001 : Start physical optimization ...
OPT-1001 : Total overflow 47.47 peak overflow 3.97
OPT-1001 : Start high-fanout net optimization ...
OPT-1001 : Update timing in global mode
PHY-1001 : Start incremental global routing, caller is place ...
RUN-1001 : Generating global routing grids ...
RUN-1001 : Building simple global routing graph ...
PHY-1001 : Generate routing nets ...
PHY-1001 : Reuse net number 0/992.
PHY-1001 : Global iterations in 24 thread ...
PHY-1002 : len = 17448, over cnt = 73(0%), over = 339, worst = 18
PHY-1001 : End global iterations;  0.027863s wall, 0.015625s user + 0.015625s system = 0.031250s CPU (112.2%)

PHY-1001 : Congestion index: top1 = 26.53, top5 = 10.14, top10 = 5.77, top15 = 3.91.
PHY-1001 : End incremental global routing;  0.069290s wall, 0.031250s user + 0.031250s system = 0.062500s CPU (90.2%)

RUN-1002 : start command "start_timer -report"
TMR-5001 WARNING: No sdc constraints found while initiating timer.
TMR-2505 : Start building timing graph for model audio_speak.
TMR-2506 : Build timing graph completely. Port num: 26, tpin num: 4100, tnet num: 990, tinst num: 898, tnode num: 5402, tedge num: 6426.
TMR-2508 : Levelizing timing graph completed, there are 17 levels in total.
TMR-2501 : Timing graph initialized successfully.
OPT-1001 : End timing update;  0.137045s wall, 0.125000s user + 0.000000s system = 0.125000s CPU (91.2%)

OPT-1001 : 0 high-fanout net processed.
OPT-1001 : End high-fanout net optimization;  0.218536s wall, 0.171875s user + 0.031250s system = 0.203125s CPU (92.9%)

OPT-1001 : Current memory(MB): used = 166, reserve = 135, peak = 166.
OPT-1001 : End physical optimization;  0.224308s wall, 0.250000s user + 0.140625s system = 0.390625s CPU (174.1%)

PHY-3001 : Start packing ...
SYN-4007 : Packing 0 MUX to BLE ...
SYN-4008 : Packed 0 MUX and 0 SEQ to BLE.
SYN-4007 : Packing 439 LUT to BLE ...
SYN-4008 : Packed 439 LUT and 198 SEQ to BLE.
SYN-4003 : Packing 166 remaining SEQ's ...
SYN-4005 : Packed 90 SEQ with LUT/SLICE
SYN-4006 : 169 single LUT's are left
SYN-4006 : 76 single SEQ's are left
SYN-4011 : Packing model "audio_speak" (AL_USER_NORMAL) with 515/612 primitive instances ...
PHY-3001 : End packing;  0.021080s wall, 0.015625s user + 0.000000s system = 0.015625s CPU (74.1%)

PHY-1001 : Populate physical database on model audio_speak.
RUN-1001 : There are total 382 instances
RUN-1001 : 171 mslices, 170 lslices, 29 pads, 0 brams, 0 dsps
RUN-1001 : There are total 800 nets
RUN-1001 : 421 nets have 2 pins
RUN-1001 : 267 nets have [3 - 5] pins
RUN-1001 : 48 nets have [6 - 10] pins
RUN-1001 : 40 nets have [11 - 20] pins
RUN-1001 : 23 nets have [21 - 99] pins
RUN-1001 : 1 nets have 100+ pins
PHY-3001 : design contains 380 instances, 341 slices, 16 macros(56 instances: 34 mslices 22 lslices)
PHY-3001 : Cell area utilization is 4%
PHY-3001 : After packing: Len = 16055.8, Over = 32.5
PHY-3001 : Run with size of 2
PHY-3001 : Cell area utilization is 4%
PHY-3001 : :::0::: Try harder cell spreading with beta_ = 3.44522e-05
PHY-3002 : Step(40): len = 15516.1, overlap = 32
PHY-3002 : Step(41): len = 15535.5, overlap = 32
PHY-3002 : Step(42): len = 15473.3, overlap = 32.75
PHY-3001 : :::1::: Try harder cell spreading with beta_ = 6.89044e-05
PHY-3002 : Step(43): len = 15949.1, overlap = 28.5
PHY-3002 : Step(44): len = 15949.1, overlap = 28.5
PHY-3002 : Step(45): len = 15884.3, overlap = 27.75
PHY-3001 : :::2::: Try harder cell spreading with beta_ = 0.000131212
PHY-3002 : Step(46): len = 16322.1, overlap = 25.25
PHY-3002 : Step(47): len = 16595.7, overlap = 22.75
PHY-3002 : Step(48): len = 16595.7, overlap = 22.75
PHY-3001 : Legalization ...
PHY-3001 : End legalization;  0.098358s wall, 0.218750s user + 0.156250s system = 0.375000s CPU (381.3%)

PHY-3001 : Trial Legalized: Len = 25594.8
PHY-3001 : Run with size of 2
PHY-3001 : Cell area utilization is 4%
PHY-3001 : :::0::: Try harder cell spreading with beta_ = 0.02952
PHY-3002 : Step(49): len = 24556.2, overlap = 0
PHY-3002 : Step(50): len = 24144.3, overlap = 0.25
PHY-3002 : Step(51): len = 23544.9, overlap = 1.25
PHY-3002 : Step(52): len = 23058.1, overlap = 1.75
PHY-3002 : Step(53): len = 21722.5, overlap = 5
PHY-3002 : Step(54): len = 21619.7, overlap = 5.25
PHY-3002 : Step(55): len = 20850.6, overlap = 6
PHY-3002 : Step(56): len = 20190.9, overlap = 6.5
PHY-3002 : Step(57): len = 20097.8, overlap = 6.25
PHY-3002 : Step(58): len = 19971.3, overlap = 6.25
PHY-3002 : Step(59): len = 19873.3, overlap = 6.5
PHY-3001 : Legalization ...
PHY-3001 : End legalization;  0.004094s wall, 0.000000s user + 0.015625s system = 0.015625s CPU (381.7%)

PHY-3001 : Legalized: Len = 22379.7, Over = 0
PHY-3001 : Spreading special nets. 3 overflows in 2952 tiles.
PHY-3001 : End spreading;  0.002245s wall, 0.000000s user + 0.000000s system = 0.000000s CPU (n/a%)

PHY-3001 : 3 instances has been re-located, deltaX = 0, deltaY = 3, maxDist = 1.
PHY-3001 : Final: Len = 22395.7, Over = 0
OPT-1001 : Start physical optimization ...
OPT-1001 : Total overflow 0.00 peak overflow 0.00
OPT-1001 : Start high-fanout net optimization ...
OPT-1001 : Update timing in global mode
PHY-1001 : Start incremental global routing, caller is place ...
RUN-1001 : Generating global routing grids ...
PHY-1001 : Generate routing nets ...
PHY-1001 : Reuse net number 37/800.
PHY-1001 : Global iterations in 24 thread ...
PHY-1002 : len = 26080, over cnt = 72(0%), over = 109, worst = 5
PHY-1002 : len = 26784, over cnt = 11(0%), over = 12, worst = 2
PHY-1002 : len = 26896, over cnt = 5(0%), over = 5, worst = 1
PHY-1002 : len = 26944, over cnt = 2(0%), over = 2, worst = 1
PHY-1002 : len = 26976, over cnt = 0(0%), over = 0, worst = 0
PHY-1001 : End global iterations;  0.046127s wall, 0.015625s user + 0.031250s system = 0.046875s CPU (101.6%)

PHY-1001 : Congestion index: top1 = 21.25, top5 = 13.61, top10 = 8.43, top15 = 5.99.
PHY-1001 : End incremental global routing;  0.078738s wall, 0.046875s user + 0.031250s system = 0.078125s CPU (99.2%)

RUN-1002 : start command "start_timer -report"
TMR-5001 WARNING: No sdc constraints found while initiating timer.
TMR-2505 : Start building timing graph for model audio_speak.
TMR-2506 : Build timing graph completely. Port num: 26, tpin num: 3431, tnet num: 798, tinst num: 380, tnode num: 4362, tedge num: 5663.
TMR-2508 : Levelizing timing graph completed, there are 17 levels in total.
TMR-2501 : Timing graph initialized successfully.
OPT-1001 : End timing update;  0.121689s wall, 0.125000s user + 0.000000s system = 0.125000s CPU (102.7%)

OPT-1001 : 0 high-fanout net processed.
OPT-1001 : End high-fanout net optimization;  0.211001s wall, 0.171875s user + 0.031250s system = 0.203125s CPU (96.3%)

OPT-1001 : Current memory(MB): used = 170, reserve = 138, peak = 170.
OPT-1001 : Update timing in Manhattan mode
OPT-1001 : End timing update;  0.000596s wall, 0.000000s user + 0.000000s system = 0.000000s CPU (n/a%)

OPT-1001 : Start pin optimization...
OPT-1001 : skip pin optimization...
RUN-1001 : Generating global routing grids ...
PHY-1001 : Generate routing nets ...
PHY-1001 : Reuse net number 636/800.
PHY-1001 : Global iterations in 24 thread ...
PHY-1002 : len = 26976, over cnt = 0(0%), over = 0, worst = 0
PHY-1001 : End global iterations;  0.001643s wall, 0.000000s user + 0.000000s system = 0.000000s CPU (n/a%)

PHY-1001 : Congestion index: top1 = 21.25, top5 = 13.61, top10 = 8.43, top15 = 5.99.
OPT-1001 : Update timing in Manhattan mode
OPT-1001 : End timing update;  0.000927s wall, 0.000000s user + 0.000000s system = 0.000000s CPU (n/a%)

RUN-1001 : QoR Analysis:
OPT-0007 :   WNS 2147483647 TNS 0 NUM_FEPS 0
RUN-1001 :   No local congestion issue, and most congested 1% tile average routing util is 20.896552
RUN-1001 :   Top critical paths
OPT-1001 : End physical optimization;  0.250318s wall, 0.203125s user + 0.031250s system = 0.234375s CPU (93.6%)

RUN-1003 : finish command "place" in  2.235920s wall, 3.078125s user + 3.062500s system = 6.140625s CPU (274.6%)

RUN-1004 : used memory is 145 MB, reserved memory is 113 MB, peak memory is 171 MB
RUN-1002 : start command "export_db ES8388_place.db"
RUN-1001 : Exported /
RUN-1001 : Exported flow parameters
RUN-1001 : Exported libs
RUN-1001 : Exported entities
RUN-1001 : Exported ports
RUN-1001 : Exported pins
RUN-1001 : Exported instances
RUN-1001 : Exported nets
RUN-1001 : Exported buses
RUN-1001 : Exported models
RUN-1001 : Exported congestions
RUN-1001 : Exported violations
RUN-1001 : Exported IO constraints
RUN-1001 : Exported Inst constraints
RUN-1002 : start command "route"
RUN-1001 : Open license file D:/TD/license/Anlogic.lic
RUN-1001 : Print Global Property
RUN-1001 : ---------------------------------------------------------------
RUN-1001 :        Parameters        |  Settings  |  Default Values  |  Note  
RUN-1001 : ---------------------------------------------------------------
RUN-1001 :          message         |  standard  |     standard     |        
RUN-1001 :   mixed_pack_place_flow  |     on     |        on        |        
RUN-1001 :        qor_monitor       |    off     |       off        |        
RUN-1001 :        syn_ip_flow       |    off     |       off        |        
RUN-1001 :          thread          |    auto    |       auto       |        
RUN-1001 : ---------------------------------------------------------------
RUN-1001 : Print Route Property
RUN-1001 : -------------------------------------------------------
RUN-1001 :    Parameters    |  Settings  |  Default Values  |  Note  
RUN-1001 : -------------------------------------------------------
RUN-1001 :      effort      |   medium   |      medium      |        
RUN-1001 :     fix_hold     |    off     |       off        |        
RUN-1001 :    opt_timing    |   medium   |      medium      |        
RUN-1001 :   phy_sim_model  |    off     |       off        |        
RUN-1001 :     priority     |   timing   |      timing      |        
RUN-1001 :     swap_pin     |     on     |        on        |        
RUN-1001 : -------------------------------------------------------
PHY-1001 : Route runs in 24 thread(s)
RUN-1001 : There are total 382 instances
RUN-1001 : 171 mslices, 170 lslices, 29 pads, 0 brams, 0 dsps
RUN-1001 : There are total 800 nets
RUN-1001 : 421 nets have 2 pins
RUN-1001 : 267 nets have [3 - 5] pins
RUN-1001 : 48 nets have [6 - 10] pins
RUN-1001 : 40 nets have [11 - 20] pins
RUN-1001 : 23 nets have [21 - 99] pins
RUN-1001 : 1 nets have 100+ pins
RUN-1002 : start command "start_timer -report"
TMR-5001 WARNING: No sdc constraints found while initiating timer.
TMR-2505 : Start building timing graph for model audio_speak.
TMR-2506 : Build timing graph completely. Port num: 26, tpin num: 3431, tnet num: 798, tinst num: 380, tnode num: 4362, tedge num: 5663.
TMR-2508 : Levelizing timing graph completed, there are 17 levels in total.
TMR-2501 : Timing graph initialized successfully.
PHY-1001 : 171 mslices, 170 lslices, 29 pads, 0 brams, 0 dsps
TMR-2503 : Start to update net delay, extr mode = 3.
TMR-2504 : Update delay of 798 nets completely.
TMR-2502 : Annotate delay completely, extr mode = 3.
TMR-3002 : No user constraint, initiate default constraint.
TMR-1501 : Assign derive clock DeriveClock to 450 clock pins, and constraint 924 relative nodes.
TMR-3003 : Constraints initiated successfully.
TMR-3501 : Forward propagation: start to calculate arrival time...
TMR-3502 : Backward propagation: start to calculate required time...
TMR-3503 : Timing propagation completes.
PHY-1001 : Start global routing, caller is route ...
RUN-1001 : Generating global routing grids ...
PHY-1001 : Generate routing nets ...
PHY-1001 : Global iterations in 24 thread ...
PHY-1002 : len = 25728, over cnt = 73(0%), over = 112, worst = 5
PHY-1002 : len = 26432, over cnt = 12(0%), over = 13, worst = 2
PHY-1002 : len = 26576, over cnt = 4(0%), over = 4, worst = 1
PHY-1002 : len = 26640, over cnt = 0(0%), over = 0, worst = 0
PHY-1001 : End global iterations;  0.053473s wall, 0.031250s user + 0.015625s system = 0.046875s CPU (87.7%)

PHY-1001 : Congestion index: top1 = 21.21, top5 = 13.55, top10 = 8.37, top15 = 5.91.
PHY-1001 : End global routing;  0.087318s wall, 0.046875s user + 0.015625s system = 0.062500s CPU (71.6%)

PHY-1001 : Start detail routing ...
PHY-1001 : Current memory(MB): used = 204, reserve = 173, peak = 225.
PHY-1001 : Detailed router is running in normal mode.
PHY-1001 : Generate detailed routing grids ...
PHY-1001 : Processed IO instance I2S_DATA_syn_4 with INV attribute.
PHY-1001 : Processed IO instance I2S_LRCLK_syn_4 with INV attribute.
PHY-1001 : Processed IO instance aud_dacdat_syn_4 with INV attribute.
PHY-1001 : Processed IO instance aud_dacdat_1_syn_4 with INV attribute.
PHY-1001 : Generate nets ...
PHY-1001 : clock net I2S_BCLK_syn_6 will be merged with clock I2S_BCLK_dup_3
PHY-1001 : clock net aud_bclk_syn_4 will be merged with clock aud_bclk_dup_1
PHY-1001 : clock net aud_bclk_1_syn_4 will be merged with clock aud_bclk_1_dup_1
PHY-1001 : net aud_mclk_dup_1 will be routed on clock mesh
PHY-1001 : net aud_mclk_1_dup_1 will be routed on clock mesh
PHY-1001 : clock net ilaclk_dup_1 will be merged with clock u_pll_clk/clk0_buf
PHY-1001 : clock net ilaclk_1_dup_1 will be merged with clock u1_pll_clk/clk0_buf
PHY-1001 : net sys_clk_dup_1 will be routed on clock mesh
PHY-1001 : clock net u_es8388_ctrl/u_es8388_config/u_i2c_dri/dri_clk_syn_4 will be merged with clock u_es8388_ctrl/u_es8388_config/u_i2c_dri/dri_clk
PHY-1001 : clock net u1_es8388_ctrl/u_es8388_config/u_i2c_dri/dri_clk_syn_4 will be merged with clock u1_es8388_ctrl/u_es8388_config/u_i2c_dri/dri_clk
PHY-1001 : Current memory(MB): used = 472, reserve = 446, peak = 472.
PHY-1001 : End build detailed router design. 2.613704s wall, 2.421875s user + 0.078125s system = 2.500000s CPU (95.6%)

PHY-1001 : Detail Route ...
PHY-1001 : ===== Detail Route Phase 1 =====
PHY-1001 : Clock net routing.....
PHY-1001 : Routed 1% nets.
PHY-1022 : len = 26552, over cnt = 0(0%), over = 0, worst = 0, crit = 0
PHY-1001 : End initial clock net routed; 2.089087s wall, 1.953125s user + 0.046875s system = 2.000000s CPU (95.7%)

PHY-1001 : Current memory(MB): used = 504, reserve = 479, peak = 504.
PHY-1001 : End phase 1; 2.094095s wall, 1.953125s user + 0.046875s system = 2.000000s CPU (95.5%)

PHY-1001 : ===== Detail Route Phase 2 =====
PHY-1001 : Initial routing.....
PHY-1001 : Routed 37% nets.
PHY-1001 : Routed 43% nets.
PHY-1001 : Routed 51% nets.
PHY-1001 : Routed 67% nets.
PHY-1001 : Routed 90% nets.
PHY-1022 : len = 141360, over cnt = 28(0%), over = 28, worst = 1, crit = 0
PHY-1001 : Current memory(MB): used = 504, reserve = 479, peak = 505.
PHY-1001 : End initial routed; 0.730067s wall, 0.734375s user + 0.406250s system = 1.140625s CPU (156.2%)

PHY-1001 : Current memory(MB): used = 504, reserve = 479, peak = 505.
PHY-1001 : End phase 2; 0.730155s wall, 0.734375s user + 0.406250s system = 1.140625s CPU (156.2%)

PHY-1001 : ===== Detail Route Phase 3 =====
PHY-1001 : Ripup-reroute.....
PHY-1001 : ===== DR Iter 1 =====
PHY-1022 : len = 141280, over cnt = 7(0%), over = 7, worst = 1, crit = 0
PHY-1001 : End DR Iter 1; 0.020001s wall, 0.031250s user + 0.000000s system = 0.031250s CPU (156.2%)

PHY-1001 : ===== DR Iter 2 =====
PHY-1022 : len = 141240, over cnt = 0(0%), over = 0, worst = 0, crit = 0
PHY-1001 : End DR Iter 2; 0.015017s wall, 0.000000s user + 0.000000s system = 0.000000s CPU (n/a%)

PHY-1001 : Commit to database.....
PHY-1001 : 8 feed throughs used by 7 nets
PHY-1001 : End commit to database; 0.078213s wall, 0.078125s user + 0.000000s system = 0.078125s CPU (99.9%)

PHY-1001 : Current memory(MB): used = 516, reserve = 491, peak = 516.
PHY-1001 : End phase 3; 0.212616s wall, 0.203125s user + 0.015625s system = 0.218750s CPU (102.9%)

PHY-1003 : Routed, final wirelength = 141240
PHY-1001 : Current memory(MB): used = 517, reserve = 491, peak = 517.
PHY-1001 : End export database. 0.005757s wall, 0.015625s user + 0.000000s system = 0.015625s CPU (271.4%)

PHY-1001 : End detail routing;  5.815180s wall, 5.484375s user + 0.546875s system = 6.031250s CPU (103.7%)

RUN-1003 : finish command "route" in  6.078097s wall, 5.687500s user + 0.593750s system = 6.281250s CPU (103.3%)

RUN-1004 : used memory is 430 MB, reserved memory is 404 MB, peak memory is 517 MB
RUN-1002 : start command "report_area -io_info -file ES8388_phy.area"
RUN-1001 : standard
***Report Model: audio_speak Device: EG4S20BG256***

IO Statistics
#IO                        29
  #input                   11
  #output                  16
  #inout                    2

Utilization Statistics
#lut                      574   out of  19600    2.93%
#reg                      364   out of  19600    1.86%
#le                       650
  #lut only               286   out of    650   44.00%
  #reg only                76   out of    650   11.69%
  #lut&reg                288   out of    650   44.31%
#dsp                        0   out of     29    0.00%
#bram                       0   out of     64    0.00%
  #bram9k                   0
  #fifo9k                   0
#bram32k                    0   out of     16    0.00%
#pad                       29   out of    188   15.43%
  #ireg                     4
  #oreg                     8
  #treg                     2
#pll                        2   out of      4   50.00%
#gclk                       7   out of     16   43.75%

Clock Resource Statistics
Index     ClockNet                                            Type               DriverType         Driver                                                           Fanout
#1        aud_bclk_1_dup_1                                    GCLK               io                 aud_bclk_1_syn_2.di                                              46
#2        aud_bclk_dup_1                                      GCLK               io                 aud_bclk_syn_2.di                                                45
#3        u1_es8388_ctrl/u_es8388_config/u_i2c_dri/dri_clk    GCLK               lslice             u1_es8388_ctrl/u_es8388_config/u_i2c_dri/dri_clk_reg_syn_9.q0    41
#4        u_es8388_ctrl/u_es8388_config/u_i2c_dri/dri_clk     GCLK               mslice             u_es8388_ctrl/u_es8388_config/u_i2c_dri/dri_clk_reg_syn_9.q0     40
#5        sys_clk_dup_1                                       GCLK               io                 sys_clk_syn_2.di                                                 36
#6        I2S_BCLK_dup_3                                      GCLK               lslice             i2s_tx/reg0_syn_23.q0                                            19
#7        aud_mclk_1_dup_1                                    GCLK               pll                u1_pll_clk/pll_inst.clkc1                                        0
#8        aud_mclk_dup_1                                      GCLK               pll                u_pll_clk/pll_inst.clkc1                                         0
#9        u1_pll_clk/clk0_buf                                 GCLK               pll                u1_pll_clk/pll_inst.clkc0                                        0
#10       u_pll_clk/clk0_buf                                  GCLK               pll                u_pll_clk/pll_inst.clkc0                                         0


Detailed IO Report

      Name        Direction    Location    IOStandard    DriveStrength    PullType     PackReg   
   aud_adcdat       INPUT        R14        LVCMOS25          N/A          PULLUP       IREG     
  aud_adcdat_1      INPUT         F7        LVCMOS25          N/A          PULLUP       IREG     
    aud_bclk        INPUT         M6        LVCMOS25          N/A          PULLUP       NONE     
   aud_bclk_1       INPUT         C4        LVCMOS25          N/A          PULLUP       NONE     
    aud_lrc         INPUT         M7        LVCMOS25          N/A          PULLUP       IREG     
   aud_lrc_1        INPUT         D6        LVCMOS25          N/A          PULLUP       IREG     
    sys_clk         INPUT         R7        LVCMOS25          N/A          PULLUP       NONE     
   sys_rst_n        INPUT         E3        LVCMOS25          N/A          PULLUP       NONE     
  sys_rst_n_1       INPUT        H16        LVCMOS25          N/A           N/A         NONE     
   volume[1]        INPUT        B10        LVCMOS25          N/A          PULLUP       NONE     
   volume[0]        INPUT        A10        LVCMOS25          N/A          PULLUP       NONE     
    I2S_BCLK       OUTPUT        F15        LVCMOS25           8            NONE        NONE     
    I2S_DATA       OUTPUT        F13        LVCMOS25           8            NONE        OREG     
   I2S_LRCLK       OUTPUT        D16        LVCMOS25           8            NONE        OREG     
   aud_dacdat      OUTPUT         P6        LVCMOS25           8            NONE        OREG     
  aud_dacdat_1     OUTPUT         C5        LVCMOS25           8            NONE        OREG     
    aud_mclk       OUTPUT         N5        LVCMOS25           8            NONE        NONE     
   aud_mclk_1      OUTPUT         B3        LVCMOS25           8            NONE        NONE     
    aud_scl        OUTPUT        R12        LVCMOS25           8            NONE        OREG     
   aud_scl_1       OUTPUT         B2        LVCMOS25           8            NONE        OREG     
     ilaclk        OUTPUT         T5        LVCMOS25           8            NONE        NONE     
    ilaclk_1       OUTPUT         D3        LVCMOS25           8            NONE        NONE     
      led          OUTPUT        B14        LVCMOS25           8            NONE        NONE     
     led_1         OUTPUT        B15        LVCMOS25           8            NONE        NONE     
    leds[2]        OUTPUT        E13        LVCMOS25           8            NONE        NONE     
    leds[1]        OUTPUT        C16        LVCMOS25           8            NONE        NONE     
    leds[0]        OUTPUT        C15        LVCMOS25           8            NONE        NONE     
    aud_sda         INOUT         R9        LVCMOS25           8           PULLUP     OREG;TREG  
   aud_sda_1        INOUT         B1        LVCMOS25           8           PULLUP     OREG;TREG  

Report Hierarchy Area:
+------------------------------------------------------------------------------------------------+
|Instance            |Module                |le     |lut     |ripple  |seq     |bram    |dsp     |
+------------------------------------------------------------------------------------------------+
|top                 |audio_speak           |650    |518     |56      |378     |0       |0       |
|  i2s_tx            |i2s_tx_24bit_standard |61     |37      |0       |58      |0       |0       |
|  u1_es8388_ctrl    |es8388_ctrl           |283    |238     |25      |144     |0       |0       |
|    u_audio_receive |audio_receive         |79     |49      |12      |53      |0       |0       |
|    u_audio_send    |audio_send            |24     |24      |0       |24      |0       |0       |
|    u_es8388_config |es8388_config         |180    |165     |13      |67      |0       |0       |
|      u_i2c_dri     |i2c_dri               |118    |111     |5       |41      |0       |0       |
|      u_i2c_reg_cfg |i2c_reg_cfg           |62     |54      |8       |26      |0       |0       |
|  u1_pll_clk        |clk_wiz_0             |1      |1       |0       |0       |0       |0       |
|  u_es8388_ctrl     |es8388_ctrl           |280    |235     |25      |146     |0       |0       |
|    u_audio_receive |audio_receive         |78     |50      |12      |54      |0       |0       |
|    u_audio_send    |audio_send            |26     |25      |0       |24      |0       |0       |
|    u_es8388_config |es8388_config         |176    |160     |13      |68      |0       |0       |
|      u_i2c_dri     |i2c_dri               |115    |108     |5       |41      |0       |0       |
|      u_i2c_reg_cfg |i2c_reg_cfg           |61     |52      |8       |27      |0       |0       |
|  u_pll_clk         |clk_wiz_0             |1      |1       |0       |0       |0       |0       |
+------------------------------------------------------------------------------------------------+


DataNet Average Fanout:

   Index     Fanout    Nets  
    #1         1       390   
    #2         2       193   
    #3         3        58   
    #4         4        14   
    #5        5-10      52   
    #6       11-50      50   
    #7       51-100     2    
  Average     3.12           

RUN-1002 : start command "export_db ES8388_pr.db"
RUN-1001 : Exported /
RUN-1001 : Exported flow parameters
RUN-1001 : Exported libs
RUN-1001 : Exported entities
RUN-1001 : Exported ports
RUN-1001 : Exported pins
RUN-1001 : Exported instances
RUN-1001 : Exported nets
RUN-1001 : Exported buses
RUN-1001 : Exported models
RUN-1001 : Exported congestions
RUN-1001 : Exported violations
RUN-1001 : Exported IO constraints
RUN-1001 : Exported Inst constraints
RUN-1002 : start command "export_bid ES8388_inst.bid"
RUN-1002 : start command "bitgen -bit ES8388.bit -unused_io_status pulldown"
BIT-1003 : Start to generate bitstream. 
BIT-1002 : Bitgen processed 159 unused pads, reserve input tri_state with pulldown
BIT-1002 : Init instances with 24 threads.
BIT-1002 : Init instances completely, inst num: 539
BIT-1002 : Init pips with 24 threads.
BIT-1002 : Init pips completely, net num: 800, pip num: 8483
BIT-1002 : Init feedthrough completely, num: 8
BIT-1003 : Multithreading accelaration with 24 threads.
BIT-1003 : Generate bitstream completely, there are 1576 valid insts, and 23339 bits set as '1'.
BIT-1004 : PLL setting string = 0110
BIT-1004 : Generate bits file ES8388.bit.
RUN-1003 : finish command "bitgen -bit ES8388.bit -unused_io_status pulldown" in  1.373247s wall, 16.875000s user + 1.125000s system = 18.000000s CPU (1310.8%)

RUN-1004 : used memory is 447 MB, reserved memory is 426 MB, peak memory is 677 MB
RUN-1002 : start command "backup_run_log run.log ../.logs/phy_1/td_20251019_152306.log"
