============================================================
   Tang Dynasty, V5.6.71036
      Copyright (c) 2012-2023 Anlogic Inc.
   Executable = E:/Software/Anlogic/TD5.6.2/bin/td.exe
   Built at =   20:34:38 Mar 21 2023
   Run by =     Lviva
   Run Date =   Sat Oct 25 13:53:55 2025

   Run on =     VIVACIOUS
============================================================
RUN-1002 : start command "open_project ES8388.prj"
RUN-1001 : Print Global Property
RUN-1001 : ---------------------------------------------------------------
RUN-1001 :        Parameters        |  Settings  |  Default Values  |  Note  
RUN-1001 : ---------------------------------------------------------------
RUN-1001 :          message         |  standard  |     standard     |        
RUN-1001 :   mixed_pack_place_flow  |     on     |        on        |        
RUN-1001 :        qor_monitor       |    off     |       off        |        
RUN-1001 :        syn_ip_flow       |    off     |       off        |        
RUN-1001 :          thread          |    auto    |       auto       |        
RUN-1001 : ---------------------------------------------------------------
RUN-1001 : Print Design Property
RUN-1001 : --------------------------------------------------------------
RUN-1001 :        Parameters       |  Settings  |  Default Values  |  Note  
RUN-1001 : --------------------------------------------------------------
RUN-1001 :   default_reg_initial   |    auto    |       auto       |        
RUN-1001 :        infer_add        |     on     |        on        |        
RUN-1001 :        infer_fsm        |    off     |       off        |        
RUN-1001 :        infer_mult       |     on     |        on        |        
RUN-1001 :        infer_ram        |     on     |        on        |        
RUN-1001 :        infer_reg        |     on     |        on        |        
RUN-1001 :   infer_reg_init_value  |     on     |        on        |        
RUN-1001 :        infer_rom        |     on     |        on        |        
RUN-1001 :      infer_shifter      |     on     |        on        |        
RUN-1001 : --------------------------------------------------------------
RUN-1001 : Print Rtl Property
RUN-1001 : --------------------------------------------------------------
RUN-1001 :        Parameters       |  Settings  |  Default Values  |  Note  
RUN-1001 : --------------------------------------------------------------
RUN-1001 :       compress_add      |   ripple   |      ripple      |        
RUN-1001 :        elf_sload        |    off     |       off        |        
RUN-1001 :       fix_undriven      |     0      |        0         |        
RUN-1001 :         flatten         |    off     |       off        |        
RUN-1001 :       gate_sharing      |     on     |        on        |        
RUN-1001 :    hdl_warning_level    |   normal   |      normal      |        
RUN-1001 :   impl_internal_tribuf  |     on     |        on        |        
RUN-1001 :      impl_set_reset     |     on     |        on        |        
RUN-1001 :        infer_gsr        |    off     |       off        |        
RUN-1001 :      keep_hierarchy     |    auto    |       auto       |        
RUN-1001 :        max_fanout       |    9999    |       9999       |        
RUN-1001 :      max_oh2bin_len     |     10     |        10        |        
RUN-1001 :       merge_equal       |     on     |        on        |        
RUN-1001 :       merge_equiv       |     on     |        on        |        
RUN-1001 :        merge_mux        |    off     |       off        |        
RUN-1001 :     min_control_set     |     8      |        8         |        
RUN-1001 :      min_ripple_len     |    auto    |       auto       |        
RUN-1001 :       oh2bin_ratio      |    0.08    |       0.08       |        
RUN-1001 :     opt_adder_fanout    |     on     |        on        |        
RUN-1001 :        opt_arith        |     on     |        on        |        
RUN-1001 :       opt_big_gate      |    off     |       off        |        
RUN-1001 :        opt_const        |     on     |        on        |        
RUN-1001 :      opt_const_mult     |     on     |        on        |        
RUN-1001 :       opt_lessthan      |     on     |        on        |        
RUN-1001 :         opt_mux         |    off     |       off        |        
RUN-1001 :         opt_ram         |    high    |       high       |        
RUN-1001 :      rtl_sim_model      |    off     |       off        |        
RUN-1001 :         seq_syn         |     on     |        on        |        
RUN-1001 : --------------------------------------------------------------
HDL-1007 : analyze verilog file ../../al_ip/clk_wiz_0.v
HDL-1007 : undeclared symbol 'open', assumed default net type 'wire' in ../../al_ip/clk_wiz_0.v(80)
HDL-1007 : analyze verilog file ../../../RTL/audio_receive.v
HDL-1007 : analyze verilog file ../../../RTL/audio_send.v
HDL-1007 : analyze verilog file ../../../RTL/audio_speak.v
HDL-1007 : analyze verilog file ../../../RTL/es8388_config.v
HDL-1007 : analyze verilog file ../../../RTL/es8388_ctrl.v
HDL-1007 : analyze verilog file ../../../RTL/i2c_dri.v
HDL-1007 : analyze verilog file ../../../RTL/i2c_reg_cfg.v
HDL-1007 : analyze verilog file ../../../RTL/spar_4mic_localization.v
RUN-1001 : Project manager successfully analyzed 9 source files.
RUN-1002 : start command "import_device eagle_s20.db -package EG4S20BG256"
ARC-1001 : Device Initialization.
ARC-1001 : ------------------------------------------------------------------
ARC-1001 :            OPTION            |          IO          |   SETTING   
ARC-1001 : ------------------------------------------------------------------
ARC-1001 :   cso_b/cclk/mosi/miso/dout  |  T3/R11/T10/P10/S11  |    gpio    
ARC-1001 :             done             |         P13          |    gpio    
ARC-1001 :           program_b          |          T2          |  dedicate  
ARC-1001 :        tdi/tms/tck/tdo       |   C12/A15/C14/E14    |  dedicate  
ARC-1001 : ------------------------------------------------------------------
ARC-1004 : Device setting, marked 5 dedicate IOs in total.
RUN-1002 : start command "import_db ../syn_1/ES8388_gate.db"
RUN-1001 : Importing database generated by Tang Dynasty, V5.6.71036.
RUN-1001 : Database version number 46146.
RUN-1001 : Import flow parameters
RUN-1001 : Import IO constraints
RUN-1001 : Import Inst constraints
RUN-1001 : Import design success TD_VERSION=5.6.71036 , DB_VERSION=46146
RUN-1002 : start command "place"
RUN-1001 : Open license file E:/Software/Anlogic/TD5.6.2/license/Anlogic.lic
RUN-1001 : Print Global Property
RUN-1001 : ---------------------------------------------------------------
RUN-1001 :        Parameters        |  Settings  |  Default Values  |  Note  
RUN-1001 : ---------------------------------------------------------------
RUN-1001 :          message         |  standard  |     standard     |        
RUN-1001 :   mixed_pack_place_flow  |     on     |        on        |        
RUN-1001 :        qor_monitor       |    off     |       off        |        
RUN-1001 :        syn_ip_flow       |    off     |       off        |        
RUN-1001 :          thread          |    auto    |       auto       |        
RUN-1001 : ---------------------------------------------------------------
RUN-1001 : Print Place Property
RUN-1001 : --------------------------------------------------------------
RUN-1001 :        Parameters       |  Settings  |  Default Values  |  Note  
RUN-1001 : --------------------------------------------------------------
RUN-1001 :      detailed_place     |     on     |        on        |        
RUN-1001 :          effort         |   medium   |      medium      |        
RUN-1001 :         fix_hold        |    off     |       off        |        
RUN-1001 :       legalization      |    ori     |       ori        |        
RUN-1001 :      new_spreading      |     on     |        on        |        
RUN-1001 :        opt_timing       |   medium   |      medium      |        
RUN-1001 :   post_clock_route_opt  |    off     |       off        |        
RUN-1001 :       pr_strategy       |     1      |        1         |        
RUN-1001 :        relaxation       |    1.00    |       1.00       |        
RUN-1001 :         retiming        |    off     |       off        |        
RUN-1001 : --------------------------------------------------------------
PHY-3001 : Placer runs in 16 thread(s).
RUN-1002 : start command "legalize_phy_inst"
SYN-1011 : Flatten model audio_speak
RUN-1002 : start command "phys_opt -simplify_lut"
SYN-4016 : Net ilaclk_1_dup_1 driven by BUFG (0 clock/control pins, 2 other pins).
SYN-4016 : Net ilaclk_2_dup_1 driven by BUFG (0 clock/control pins, 2 other pins).
SYN-4016 : Net ilaclk_3_dup_1 driven by BUFG (0 clock/control pins, 2 other pins).
SYN-4016 : Net ilaclk_dup_1 driven by BUFG (0 clock/control pins, 2 other pins).
SYN-4027 : Net aud_mclk_1_dup_1 is clkc1 of pll u1_pll_clk/pll_inst.
SYN-4019 : Net sys_clk_dup_1 is refclk of pll u1_pll_clk/pll_inst.
SYN-4020 : Net sys_clk_dup_1 is fbclk of pll u1_pll_clk/pll_inst.
SYN-4027 : Net aud_mclk_2_dup_1 is clkc1 of pll u2_pll_clk/pll_inst.
SYN-4019 : Net sys_clk_dup_1 is refclk of pll u2_pll_clk/pll_inst.
SYN-4020 : Net sys_clk_dup_1 is fbclk of pll u2_pll_clk/pll_inst.
SYN-4027 : Net aud_mclk_3_dup_1 is clkc1 of pll u3_pll_clk/pll_inst.
SYN-4019 : Net sys_clk_dup_1 is refclk of pll u3_pll_clk/pll_inst.
SYN-4020 : Net sys_clk_dup_1 is fbclk of pll u3_pll_clk/pll_inst.
SYN-4027 : Net aud_mclk_dup_1 is clkc1 of pll u_pll_clk/pll_inst.
SYN-4019 : Net sys_clk_dup_1 is refclk of pll u_pll_clk/pll_inst.
SYN-4020 : Net sys_clk_dup_1 is fbclk of pll u_pll_clk/pll_inst.
SYN-4024 : Net "aud_bclk_dup_1" drives clk pins.
SYN-4024 : Net "aud_bclk_1_dup_1" drives clk pins.
SYN-4024 : Net "aud_bclk_2_dup_1" drives clk pins.
SYN-4024 : Net "aud_bclk_3_dup_1" drives clk pins.
SYN-4024 : Net "u1_es8388_ctrl/u_es8388_config/u_i2c_dri/dri_clk" drives clk pins.
SYN-4024 : Net "u2_es8388_ctrl/u_es8388_config/u_i2c_dri/dri_clk" drives clk pins.
SYN-4024 : Net "u3_es8388_ctrl/u_es8388_config/u_i2c_dri/dri_clk" drives clk pins.
SYN-7503 WARNING: Net "u_es8388_ctrl/u_es8388_config/u_i2c_dri/dri_clk" drives clk pins. However it will not be tagged as clk net, for there's no more slots.
SYN-4025 : Tag rtl::Net aud_bclk_1_dup_1 as clock net
SYN-4025 : Tag rtl::Net aud_bclk_2_dup_1 as clock net
SYN-4025 : Tag rtl::Net aud_bclk_3_dup_1 as clock net
SYN-4025 : Tag rtl::Net aud_bclk_dup_1 as clock net
SYN-4025 : Tag rtl::Net aud_mclk_1_dup_1 as clock net
SYN-4025 : Tag rtl::Net aud_mclk_2_dup_1 as clock net
SYN-4025 : Tag rtl::Net aud_mclk_3_dup_1 as clock net
SYN-4025 : Tag rtl::Net aud_mclk_dup_1 as clock net
SYN-4025 : Tag rtl::Net ilaclk_1_dup_1 as clock net
SYN-4025 : Tag rtl::Net ilaclk_2_dup_1 as clock net
SYN-4025 : Tag rtl::Net ilaclk_3_dup_1 as clock net
SYN-4025 : Tag rtl::Net ilaclk_dup_1 as clock net
SYN-4025 : Tag rtl::Net sys_clk_dup_1 as clock net
SYN-4025 : Tag rtl::Net u1_es8388_ctrl/u_es8388_config/u_i2c_dri/dri_clk as clock net
SYN-4025 : Tag rtl::Net u2_es8388_ctrl/u_es8388_config/u_i2c_dri/dri_clk as clock net
SYN-4025 : Tag rtl::Net u3_es8388_ctrl/u_es8388_config/u_i2c_dri/dri_clk as clock net
SYN-4026 : Tagged 16 rtl::Net as clock net
SYN-4015 : Create BUFG instance for clk Net aud_bclk_1_dup_1 to drive 80 clock pins.
SYN-4015 : Create BUFG instance for clk Net aud_bclk_2_dup_1 to drive 80 clock pins.
SYN-4015 : Create BUFG instance for clk Net aud_bclk_3_dup_1 to drive 80 clock pins.
SYN-4015 : Create BUFG instance for clk Net aud_bclk_dup_1 to drive 80 clock pins.
SYN-4015 : Create BUFG instance for clk Net u1_es8388_ctrl/u_es8388_config/u_i2c_dri/dri_clk to drive 56 clock pins.
SYN-4015 : Create BUFG instance for clk Net u2_es8388_ctrl/u_es8388_config/u_i2c_dri/dri_clk to drive 56 clock pins.
SYN-4015 : Create BUFG instance for clk Net u3_es8388_ctrl/u_es8388_config/u_i2c_dri/dri_clk to drive 56 clock pins.
PHY-1001 : Populate physical database on model audio_speak.
RUN-1001 : There are total 2535 instances
RUN-0007 : 914 luts, 1101 seqs, 298 mslices, 157 lslices, 47 pads, 0 brams, 0 dsps
RUN-1001 : There are total 3220 nets
RUN-1001 : 2188 nets have 2 pins
RUN-1001 : 742 nets have [3 - 5] pins
RUN-1001 : 170 nets have [6 - 10] pins
RUN-1001 : 67 nets have [11 - 20] pins
RUN-1001 : 45 nets have [21 - 99] pins
RUN-1001 : 8 nets have 100+ pins
RUN-1001 : Report Control nets information:
RUN-1001 : DFF Distribution
RUN-1001 : ----------------------------------
RUN-1001 :   CE   |  SSR  |  ASR  |  DFF Count  
RUN-1001 : ----------------------------------
RUN-1001 :   No   |  No   |  No   |      0      
RUN-1001 :   No   |  No   |  Yes  |     461     
RUN-1001 :   No   |  Yes  |  No   |      0      
RUN-1001 :   Yes  |  No   |  No   |     384     
RUN-1001 :   Yes  |  No   |  Yes  |     256     
RUN-1001 :   Yes  |  Yes  |  No   |      0      
RUN-1001 : ----------------------------------
RUN-0007 : Control Group Statistic
RUN-0007 : ---------------------------
RUN-0007 :   #CLK  |  #CE  |  #SSR/ASR  
RUN-0007 : ---------------------------
RUN-0007 :    9    |  17   |     6      
RUN-0007 : ---------------------------
RUN-0007 : Control Set = 29
PHY-3001 : Initial placement ...
PHY-3001 : design contains 2533 instances, 914 luts, 1101 seqs, 455 slices, 67 macros(455 instances: 298 mslices 157 lslices)
PHY-0007 : Cell area utilization is 9%
PHY-3001 : Global placement ...
PHY-3001 : Initial: Len = 751101
PHY-3001 : Clustering ...
PHY-3001 : Level 0 #clusters 2533.
PHY-3001 : End clustering;  0.000072s wall, 0.000000s user + 0.000000s system = 0.000000s CPU (n/a%)

PHY-3001 : Run with size of 4
PHY-3001 : Cell area utilization is 9%
PHY-3001 : :::0::: Try harder cell spreading with beta_ = 0
PHY-3002 : Step(1): len = 468763, overlap = 0
PHY-3002 : Step(2): len = 300050, overlap = 0
PHY-3002 : Step(3): len = 221284, overlap = 2.5
PHY-3002 : Step(4): len = 172855, overlap = 10.4375
PHY-3002 : Step(5): len = 146237, overlap = 15.25
PHY-3002 : Step(6): len = 123135, overlap = 21.5938
PHY-3002 : Step(7): len = 109794, overlap = 26.375
PHY-3002 : Step(8): len = 99729.8, overlap = 28.8438
PHY-3002 : Step(9): len = 93537.9, overlap = 33.0312
PHY-3002 : Step(10): len = 88556, overlap = 50.2188
PHY-3002 : Step(11): len = 85980.6, overlap = 55.3125
PHY-3002 : Step(12): len = 82826.2, overlap = 53.0625
PHY-3001 : :::1::: Try harder cell spreading with beta_ = 0.000132953
PHY-3002 : Step(13): len = 86557.9, overlap = 23.5625
PHY-3002 : Step(14): len = 83970, overlap = 17.6875
PHY-3002 : Step(15): len = 78603.5, overlap = 22.4688
PHY-3002 : Step(16): len = 78802.4, overlap = 24.7188
PHY-3002 : Step(17): len = 75785.7, overlap = 30.1562
PHY-3002 : Step(18): len = 72704.6, overlap = 31.4688
PHY-3002 : Step(19): len = 72913.3, overlap = 30.125
PHY-3002 : Step(20): len = 70248.1, overlap = 27.0312
PHY-3002 : Step(21): len = 68334.8, overlap = 25
PHY-3002 : Step(22): len = 66735, overlap = 16.9375
PHY-3002 : Step(23): len = 62519.9, overlap = 22.1875
PHY-3002 : Step(24): len = 60974.3, overlap = 21.125
PHY-3002 : Step(25): len = 60299.6, overlap = 21.6562
PHY-3002 : Step(26): len = 56456.1, overlap = 21.5312
PHY-3002 : Step(27): len = 54576.3, overlap = 20.25
PHY-3002 : Step(28): len = 54791.9, overlap = 24.6875
PHY-3002 : Step(29): len = 53248.9, overlap = 18.5938
PHY-3002 : Step(30): len = 52862.2, overlap = 24.2188
PHY-3002 : Step(31): len = 50873, overlap = 22.75
PHY-3002 : Step(32): len = 49247, overlap = 26.9062
PHY-3002 : Step(33): len = 49657.1, overlap = 26.2812
PHY-3002 : Step(34): len = 49118.2, overlap = 21.75
PHY-3002 : Step(35): len = 48043.4, overlap = 23.375
PHY-3002 : Step(36): len = 47552.9, overlap = 28.5312
PHY-3002 : Step(37): len = 46698.3, overlap = 36.0312
PHY-3002 : Step(38): len = 46248, overlap = 37.3438
PHY-3002 : Step(39): len = 45304.1, overlap = 40.3438
PHY-3001 : :::2::: Try harder cell spreading with beta_ = 0.000265907
PHY-3002 : Step(40): len = 44711.6, overlap = 37.4375
PHY-3002 : Step(41): len = 44557.1, overlap = 37.3125
PHY-3001 : :::3::: Try harder cell spreading with beta_ = 0.000531813
PHY-3002 : Step(42): len = 44271.2, overlap = 33.9688
PHY-3002 : Step(43): len = 44216.8, overlap = 34.1562
PHY-3001 : Legalization ...
PHY-3001 : End legalization;  0.002426s wall, 0.000000s user + 0.000000s system = 0.000000s CPU (n/a%)

PHY-3001 : Run with size of 4
PHY-3001 : Cell area utilization is 12%
PHY-3001 : :::0::: Try harder cell spreading with beta_ = 4.90424e-06
PHY-3002 : Step(44): len = 42902, overlap = 84.3438
PHY-3002 : Step(45): len = 42902, overlap = 84.3438
PHY-3002 : Step(46): len = 42297.7, overlap = 86.0312
PHY-3001 : :::1::: Try harder cell spreading with beta_ = 9.80848e-06
PHY-3002 : Step(47): len = 42185.5, overlap = 82.5625
PHY-3002 : Step(48): len = 42185.5, overlap = 82.5625
PHY-3001 : :::2::: Try harder cell spreading with beta_ = 1.9617e-05
PHY-3002 : Step(49): len = 43202.9, overlap = 83.375
PHY-3002 : Step(50): len = 43202.9, overlap = 83.375
PHY-3002 : Step(51): len = 43414.7, overlap = 77.5625
PHY-3001 : :::3::: Try harder cell spreading with beta_ = 3.92339e-05
PHY-3002 : Step(52): len = 45636.1, overlap = 80.0625
PHY-3002 : Step(53): len = 46095.2, overlap = 79.4688
PHY-3002 : Step(54): len = 46334, overlap = 79.4375
PHY-3001 : Run with size of 2
PHY-3001 : Cell area utilization is 12%
PHY-3001 : :::0::: Try harder cell spreading with beta_ = 1.15942e-05
PHY-3002 : Step(55): len = 46281.2, overlap = 156.906
PHY-3002 : Step(56): len = 46450.5, overlap = 154.031
PHY-3002 : Step(57): len = 46148.2, overlap = 145.375
PHY-3002 : Step(58): len = 46148.2, overlap = 145.375
PHY-3002 : Step(59): len = 45570.1, overlap = 147.812
PHY-3002 : Step(60): len = 45570.1, overlap = 147.812
PHY-3002 : Step(61): len = 45431.6, overlap = 149.312
PHY-3001 : :::1::: Try harder cell spreading with beta_ = 2.06364e-05
PHY-3002 : Step(62): len = 48238, overlap = 139
PHY-3002 : Step(63): len = 48790.2, overlap = 136.469
PHY-3002 : Step(64): len = 48518.1, overlap = 125.062
PHY-3002 : Step(65): len = 49407.4, overlap = 120.188
PHY-3002 : Step(66): len = 49863.9, overlap = 116.719
PHY-3002 : Step(67): len = 49439.4, overlap = 110.75
PHY-3002 : Step(68): len = 49859.5, overlap = 108.625
PHY-3002 : Step(69): len = 50328.9, overlap = 109.656
PHY-3001 : :::2::: Try harder cell spreading with beta_ = 4.12727e-05
PHY-3002 : Step(70): len = 50479, overlap = 106.688
PHY-3002 : Step(71): len = 50575.9, overlap = 106.781
PHY-3002 : Step(72): len = 51126.6, overlap = 108.594
PHY-3001 : :::3::: Try harder cell spreading with beta_ = 7.64362e-05
PHY-3002 : Step(73): len = 52873.4, overlap = 103.625
PHY-3002 : Step(74): len = 53904.9, overlap = 98.2188
PHY-3002 : Step(75): len = 54165.1, overlap = 98.4688
PHY-3002 : Step(76): len = 54427.4, overlap = 93.4375
PHY-3001 : :::4::: Try harder cell spreading with beta_ = 0.000152872
PHY-3002 : Step(77): len = 55365.6, overlap = 92
PHY-3002 : Step(78): len = 55587.1, overlap = 90.2188
PHY-3002 : Step(79): len = 55975.8, overlap = 86.4062
PHY-3001 : :::5::: Try harder cell spreading with beta_ = 0.000291629
PHY-3002 : Step(80): len = 57949, overlap = 79.3125
PHY-3002 : Step(81): len = 58799.1, overlap = 80.4688
PHY-3002 : Step(82): len = 59032.4, overlap = 83.4062
PHY-3001 : :::6::: Try harder cell spreading with beta_ = 0.000583259
PHY-3002 : Step(83): len = 59419.8, overlap = 83.0625
PHY-3002 : Step(84): len = 59615.1, overlap = 78.875
PHY-3001 : :::7::: Try harder cell spreading with beta_ = 0.000943712
PHY-3002 : Step(85): len = 60395.7, overlap = 77.1562
PHY-3002 : Step(86): len = 61615, overlap = 74.8125
PHY-3002 : Step(87): len = 61425.2, overlap = 78.2812
PHY-3002 : Step(88): len = 61406.2, overlap = 78.75
PHY-3002 : Step(89): len = 61555.1, overlap = 73.8438
PHY-3001 : :::8::: Try harder cell spreading with beta_ = 0.00176694
PHY-3002 : Step(90): len = 62311.8, overlap = 70.4062
PHY-3002 : Step(91): len = 62796.8, overlap = 69.6875
PHY-3002 : Step(92): len = 62996.8, overlap = 68.25
OPT-1001 : Start physical optimization ...
OPT-1001 : Total overflow 196.88 peak overflow 4.88
OPT-1001 : Start high-fanout net optimization ...
OPT-1001 : Update timing in global mode
PHY-1001 : Start incremental global routing, caller is place ...
RUN-1001 : Generating global routing grids ...
RUN-1001 : Building simple global routing graph ...
PHY-1001 : Generate routing nets ...
PHY-1001 : Reuse net number 0/3220.
PHY-1001 : Global iterations in 16 thread ...
PHY-1002 : len = 72112, over cnt = 318(0%), over = 1761, worst = 32
PHY-1001 : End global iterations;  0.092982s wall, 0.078125s user + 0.046875s system = 0.125000s CPU (134.4%)

PHY-1001 : Congestion index: top1 = 48.71, top5 = 31.36, top10 = 21.49, top15 = 15.65.
PHY-1001 : End incremental global routing;  0.154595s wall, 0.109375s user + 0.093750s system = 0.203125s CPU (131.4%)

RUN-1002 : start command "start_timer -report"
TMR-5001 WARNING: No sdc constraints found while initiating timer.
TMR-2505 : Start building timing graph for model audio_speak.
TMR-2506 : Build timing graph completely. Port num: 46, tpin num: 12400, tnet num: 3218, tinst num: 2533, tnode num: 16280, tedge num: 21035.
TMR-2508 : Levelizing timing graph completed, there are 37 levels in total.
TMR-2501 : Timing graph initialized successfully.
OPT-1001 : End timing update;  0.247019s wall, 0.218750s user + 0.015625s system = 0.234375s CPU (94.9%)

OPT-1001 : 0 high-fanout net processed.
OPT-1001 : End high-fanout net optimization;  0.434401s wall, 0.375000s user + 0.109375s system = 0.484375s CPU (111.5%)

OPT-1001 : Current memory(MB): used = 200, reserve = 169, peak = 200.
OPT-1001 : End physical optimization;  0.462171s wall, 0.390625s user + 0.109375s system = 0.500000s CPU (108.2%)

PHY-3001 : Start packing ...
SYN-4007 : Packing 0 MUX to BLE ...
SYN-4008 : Packed 0 MUX and 0 SEQ to BLE.
SYN-4007 : Packing 914 LUT to BLE ...
SYN-4008 : Packed 914 LUT and 426 SEQ to BLE.
SYN-4003 : Packing 675 remaining SEQ's ...
SYN-4005 : Packed 177 SEQ with LUT/SLICE
SYN-4006 : 374 single LUT's are left
SYN-4006 : 498 single SEQ's are left
SYN-4011 : Packing model "audio_speak" (AL_USER_NORMAL) with 1412/1932 primitive instances ...
PHY-3001 : End packing;  0.062567s wall, 0.062500s user + 0.000000s system = 0.062500s CPU (99.9%)

PHY-1001 : Populate physical database on model audio_speak.
RUN-1001 : There are total 1265 instances
RUN-1001 : 600 mslices, 600 lslices, 47 pads, 0 brams, 0 dsps
RUN-1001 : There are total 2810 nets
RUN-1001 : 1794 nets have 2 pins
RUN-1001 : 726 nets have [3 - 5] pins
RUN-1001 : 170 nets have [6 - 10] pins
RUN-1001 : 79 nets have [11 - 20] pins
RUN-1001 : 37 nets have [21 - 99] pins
RUN-1001 : 4 nets have 100+ pins
PHY-3001 : design contains 1263 instances, 1200 slices, 67 macros(455 instances: 298 mslices 157 lslices)
PHY-3001 : Cell area utilization is 15%
PHY-3001 : After packing: Len = 62886.4, Over = 109.25
PHY-3001 : Run with size of 2
PHY-3001 : Cell area utilization is 15%
PHY-3001 : :::0::: Try harder cell spreading with beta_ = 1.53804e-05
PHY-3002 : Step(93): len = 58024.1, overlap = 123
PHY-3002 : Step(94): len = 56419.8, overlap = 126.75
PHY-3002 : Step(95): len = 55305, overlap = 126.25
PHY-3002 : Step(96): len = 53006.5, overlap = 130
PHY-3002 : Step(97): len = 52334.9, overlap = 131.75
PHY-3002 : Step(98): len = 52602.1, overlap = 130
PHY-3002 : Step(99): len = 52684.5, overlap = 131
PHY-3001 : :::1::: Try harder cell spreading with beta_ = 3.07423e-05
PHY-3002 : Step(100): len = 56535, overlap = 117.75
PHY-3002 : Step(101): len = 58225.8, overlap = 113.75
PHY-3002 : Step(102): len = 59415.4, overlap = 106.75
PHY-3001 : :::2::: Try harder cell spreading with beta_ = 6.14845e-05
PHY-3002 : Step(103): len = 62220, overlap = 101.25
PHY-3002 : Step(104): len = 63256.8, overlap = 100.25
PHY-3002 : Step(105): len = 63723.6, overlap = 92.25
PHY-3001 : Legalization ...
PHY-3001 : End legalization;  0.150947s wall, 0.203125s user + 0.234375s system = 0.437500s CPU (289.8%)

PHY-3001 : Trial Legalized: Len = 88536.3
PHY-3001 : Run with size of 2
PHY-3001 : Cell area utilization is 15%
PHY-3001 : :::0::: Try harder cell spreading with beta_ = 0.000306702
PHY-3002 : Step(106): len = 76541.3, overlap = 20.5
PHY-3002 : Step(107): len = 74668, overlap = 29
PHY-3002 : Step(108): len = 72182.1, overlap = 37
PHY-3002 : Step(109): len = 71030.5, overlap = 42.5
PHY-3002 : Step(110): len = 70158.9, overlap = 41.75
PHY-3002 : Step(111): len = 69930.6, overlap = 41.25
PHY-3002 : Step(112): len = 69601.7, overlap = 43.75
PHY-3002 : Step(113): len = 69528.4, overlap = 43
PHY-3002 : Step(114): len = 69385.6, overlap = 43.25
PHY-3001 : :::1::: Try harder cell spreading with beta_ = 0.000613403
PHY-3002 : Step(115): len = 70077.1, overlap = 42
PHY-3002 : Step(116): len = 70457.3, overlap = 39.75
PHY-3002 : Step(117): len = 70543.5, overlap = 40.25
PHY-3001 : :::2::: Try harder cell spreading with beta_ = 0.00122681
PHY-3002 : Step(118): len = 70717.7, overlap = 39.25
PHY-3002 : Step(119): len = 70813.6, overlap = 40.25
PHY-3001 : Legalization ...
PHY-3001 : End legalization;  0.004524s wall, 0.000000s user + 0.000000s system = 0.000000s CPU (n/a%)

PHY-3001 : Legalized: Len = 79532.3, Over = 0
PHY-3001 : Spreading special nets. 10 overflows in 2952 tiles.
PHY-3001 : End spreading;  0.007787s wall, 0.015625s user + 0.000000s system = 0.015625s CPU (200.6%)

PHY-3001 : 16 instances has been re-located, deltaX = 8, deltaY = 11, maxDist = 2.
PHY-3001 : Final: Len = 79976.3, Over = 0
OPT-1001 : Start physical optimization ...
OPT-1001 : Total overflow 0.00 peak overflow 0.00
OPT-1001 : Start high-fanout net optimization ...
OPT-1001 : Update timing in global mode
PHY-1001 : Start incremental global routing, caller is place ...
RUN-1001 : Generating global routing grids ...
PHY-1001 : Generate routing nets ...
PHY-1001 : Reuse net number 64/2810.
PHY-1001 : Global iterations in 16 thread ...
PHY-1002 : len = 94856, over cnt = 283(0%), over = 543, worst = 6
PHY-1002 : len = 97760, over cnt = 129(0%), over = 203, worst = 5
PHY-1002 : len = 98880, over cnt = 72(0%), over = 116, worst = 5
PHY-1002 : len = 100640, over cnt = 5(0%), over = 7, worst = 3
PHY-1002 : len = 100728, over cnt = 0(0%), over = 0, worst = 0
PHY-1001 : End global iterations;  0.186801s wall, 0.250000s user + 0.046875s system = 0.296875s CPU (158.9%)

PHY-1001 : Congestion index: top1 = 35.00, top5 = 26.99, top10 = 22.43, top15 = 18.86.
PHY-1001 : End incremental global routing;  0.254130s wall, 0.312500s user + 0.046875s system = 0.359375s CPU (141.4%)

RUN-1002 : start command "start_timer -report"
TMR-5001 WARNING: No sdc constraints found while initiating timer.
TMR-2505 : Start building timing graph for model audio_speak.
TMR-2506 : Build timing graph completely. Port num: 46, tpin num: 10495, tnet num: 2808, tinst num: 1263, tnode num: 13306, tedge num: 18594.
TMR-2508 : Levelizing timing graph completed, there are 37 levels in total.
TMR-2501 : Timing graph initialized successfully.
OPT-1001 : End timing update;  0.239558s wall, 0.234375s user + 0.015625s system = 0.250000s CPU (104.4%)

OPT-1001 : 0 high-fanout net processed.
OPT-1001 : End high-fanout net optimization;  0.526763s wall, 0.578125s user + 0.062500s system = 0.640625s CPU (121.6%)

OPT-1001 : Current memory(MB): used = 207, reserve = 176, peak = 207.
OPT-1001 : Update timing in Manhattan mode
OPT-1001 : End timing update;  0.003071s wall, 0.000000s user + 0.000000s system = 0.000000s CPU (n/a%)

OPT-1001 : Start pin optimization...
OPT-1001 : skip pin optimization...
RUN-1001 : Generating global routing grids ...
PHY-1001 : Generate routing nets ...
PHY-1001 : Reuse net number 2348/2810.
PHY-1001 : Global iterations in 16 thread ...
PHY-1002 : len = 100728, over cnt = 0(0%), over = 0, worst = 0
PHY-1001 : End global iterations;  0.007476s wall, 0.015625s user + 0.000000s system = 0.015625s CPU (209.0%)

PHY-1001 : Congestion index: top1 = 35.00, top5 = 26.99, top10 = 22.43, top15 = 18.86.
OPT-1001 : Update timing in Manhattan mode
OPT-1001 : End timing update;  0.003649s wall, 0.000000s user + 0.000000s system = 0.000000s CPU (n/a%)

RUN-1001 : QoR Analysis:
OPT-0007 :   WNS 2147483647 TNS 0 NUM_FEPS 0
RUN-1001 :   No local congestion issue, and most congested 1% tile average routing util is 34.586207
RUN-1001 :   Top critical paths
OPT-1001 : End physical optimization;  0.627670s wall, 0.671875s user + 0.062500s system = 0.734375s CPU (117.0%)

RUN-1003 : finish command "place" in  4.517456s wall, 6.375000s user + 5.781250s system = 12.156250s CPU (269.1%)

RUN-1004 : used memory is 179 MB, reserved memory is 147 MB, peak memory is 210 MB
RUN-1002 : start command "export_db ES8388_place.db"
RUN-1001 : Exported /
RUN-1001 : Exported flow parameters
RUN-1001 : Exported libs
RUN-1001 : Exported entities
RUN-1001 : Exported ports
RUN-1001 : Exported pins
RUN-1001 : Exported instances
RUN-1001 : Exported nets
RUN-1001 : Exported buses
RUN-1001 : Exported models
RUN-1001 : Exported congestions
RUN-1001 : Exported violations
RUN-1001 : Exported IO constraints
RUN-1001 : Exported Inst constraints
RUN-1002 : start command "route"
RUN-1001 : Open license file E:/Software/Anlogic/TD5.6.2/license/Anlogic.lic
RUN-1001 : Print Global Property
RUN-1001 : ---------------------------------------------------------------
RUN-1001 :        Parameters        |  Settings  |  Default Values  |  Note  
RUN-1001 : ---------------------------------------------------------------
RUN-1001 :          message         |  standard  |     standard     |        
RUN-1001 :   mixed_pack_place_flow  |     on     |        on        |        
RUN-1001 :        qor_monitor       |    off     |       off        |        
RUN-1001 :        syn_ip_flow       |    off     |       off        |        
RUN-1001 :          thread          |    auto    |       auto       |        
RUN-1001 : ---------------------------------------------------------------
RUN-1001 : Print Route Property
RUN-1001 : -------------------------------------------------------
RUN-1001 :    Parameters    |  Settings  |  Default Values  |  Note  
RUN-1001 : -------------------------------------------------------
RUN-1001 :      effort      |   medium   |      medium      |        
RUN-1001 :     fix_hold     |    off     |       off        |        
RUN-1001 :    opt_timing    |   medium   |      medium      |        
RUN-1001 :   phy_sim_model  |    off     |       off        |        
RUN-1001 :     priority     |   timing   |      timing      |        
RUN-1001 :     swap_pin     |     on     |        on        |        
RUN-1001 : -------------------------------------------------------
PHY-1001 : Route runs in 16 thread(s)
RUN-1001 : There are total 1265 instances
RUN-1001 : 600 mslices, 600 lslices, 47 pads, 0 brams, 0 dsps
RUN-1001 : There are total 2810 nets
RUN-1001 : 1794 nets have 2 pins
RUN-1001 : 726 nets have [3 - 5] pins
RUN-1001 : 170 nets have [6 - 10] pins
RUN-1001 : 79 nets have [11 - 20] pins
RUN-1001 : 37 nets have [21 - 99] pins
RUN-1001 : 4 nets have 100+ pins
RUN-1002 : start command "start_timer -report"
TMR-5001 WARNING: No sdc constraints found while initiating timer.
TMR-2505 : Start building timing graph for model audio_speak.
TMR-2506 : Build timing graph completely. Port num: 46, tpin num: 10495, tnet num: 2808, tinst num: 1263, tnode num: 13306, tedge num: 18594.
TMR-2508 : Levelizing timing graph completed, there are 37 levels in total.
TMR-2501 : Timing graph initialized successfully.
PHY-1001 : 600 mslices, 600 lslices, 47 pads, 0 brams, 0 dsps
TMR-2503 : Start to update net delay, extr mode = 3.
TMR-2504 : Update delay of 2808 nets completely.
TMR-2502 : Annotate delay completely, extr mode = 3.
TMR-3002 : No user constraint, initiate default constraint.
TMR-1501 : Assign derive clock DeriveClock to 1400 clock pins, and constraint 2803 relative nodes.
TMR-3003 : Constraints initiated successfully.
TMR-3501 : Forward propagation: start to calculate arrival time...
TMR-3502 : Backward propagation: start to calculate required time...
TMR-3503 : Timing propagation completes.
PHY-1001 : Start global routing, caller is route ...
RUN-1001 : Generating global routing grids ...
PHY-1001 : Generate routing nets ...
PHY-1001 : Global iterations in 16 thread ...
PHY-1002 : len = 94360, over cnt = 282(0%), over = 536, worst = 6
PHY-1002 : len = 97128, over cnt = 130(0%), over = 200, worst = 5
PHY-1002 : len = 98840, over cnt = 48(0%), over = 74, worst = 5
PHY-1002 : len = 100024, over cnt = 0(0%), over = 0, worst = 0
PHY-1001 : End global iterations;  0.179036s wall, 0.187500s user + 0.140625s system = 0.328125s CPU (183.3%)

PHY-1001 : Congestion index: top1 = 34.76, top5 = 26.94, top10 = 22.33, top15 = 18.73.
PHY-1001 : End global routing;  0.241514s wall, 0.250000s user + 0.140625s system = 0.390625s CPU (161.7%)

PHY-1001 : Start detail routing ...
PHY-1001 : Current memory(MB): used = 241, reserve = 210, peak = 255.
PHY-1001 : Detailed router is running in normal mode.
PHY-1001 : Generate detailed routing grids ...
PHY-1001 : Processed IO instance aud_dacdat_syn_4 with INV attribute.
PHY-1001 : Processed IO instance aud_dacdat_1_syn_4 with INV attribute.
PHY-1001 : Processed IO instance aud_dacdat_2_syn_4 with INV attribute.
PHY-1001 : Processed IO instance aud_dacdat_3_syn_4 with INV attribute.
PHY-1001 : Generate nets ...
PHY-1001 : clock net aud_bclk_syn_4 will be merged with clock aud_bclk_dup_1
PHY-1001 : clock net aud_bclk_1_syn_4 will be merged with clock aud_bclk_1_dup_1
PHY-1001 : clock net aud_bclk_2_syn_4 will be merged with clock aud_bclk_2_dup_1
PHY-1001 : clock net aud_bclk_3_syn_4 will be merged with clock aud_bclk_3_dup_1
PHY-1001 : net aud_mclk_dup_1 will be routed on clock mesh
PHY-1001 : net aud_mclk_1_dup_1 will be routed on clock mesh
PHY-1001 : net aud_mclk_2_dup_1 will be routed on clock mesh
PHY-1001 : net aud_mclk_3_dup_1 will be routed on clock mesh
PHY-1001 : clock net ilaclk_dup_1 will be merged with clock u_pll_clk/clk0_buf
PHY-1001 : clock net ilaclk_1_dup_1 will be merged with clock u1_pll_clk/clk0_buf
PHY-1001 : clock net ilaclk_2_dup_1 will be merged with clock u2_pll_clk/clk0_buf
PHY-1001 : clock net ilaclk_3_dup_1 will be merged with clock u3_pll_clk/clk0_buf
PHY-1001 : net sys_clk_dup_1 will be routed on clock mesh
PHY-1001 : clock net u1_es8388_ctrl/u_es8388_config/u_i2c_dri/dri_clk_syn_4 will be merged with clock u1_es8388_ctrl/u_es8388_config/u_i2c_dri/dri_clk
PHY-1001 : clock net u2_es8388_ctrl/u_es8388_config/u_i2c_dri/dri_clk_syn_4 will be merged with clock u2_es8388_ctrl/u_es8388_config/u_i2c_dri/dri_clk
PHY-1001 : clock net u3_es8388_ctrl/u_es8388_config/u_i2c_dri/dri_clk_syn_4 will be merged with clock u3_es8388_ctrl/u_es8388_config/u_i2c_dri/dri_clk
PHY-1001 : Current memory(MB): used = 509, reserve = 482, peak = 509.
PHY-1001 : End build detailed router design. 2.253427s wall, 2.156250s user + 0.093750s system = 2.250000s CPU (99.8%)

PHY-1001 : Detail Route ...
PHY-1001 : ===== Detail Route Phase 1 =====
PHY-1001 : Clock net routing.....
PHY-1001 : Routed 0% nets.
PHY-1022 : len = 51032, over cnt = 0(0%), over = 0, worst = 0, crit = 0
PHY-1001 : End initial clock net routed; 3.942563s wall, 3.937500s user + 0.000000s system = 3.937500s CPU (99.9%)

PHY-1001 : Current memory(MB): used = 542, reserve = 517, peak = 542.
PHY-1001 : End phase 1; 3.945249s wall, 3.937500s user + 0.000000s system = 3.937500s CPU (99.8%)

PHY-1001 : ===== Detail Route Phase 2 =====
PHY-1001 : Initial routing.....
PHY-1001 : Routed 31% nets.
PHY-1001 : Routed 37% nets.
PHY-1001 : Routed 47% nets.
PHY-1001 : Routed 62% nets.
PHY-1001 : Routed 84% nets.
PHY-1022 : len = 344680, over cnt = 111(0%), over = 111, worst = 1, crit = 0
PHY-1001 : Current memory(MB): used = 542, reserve = 517, peak = 542.
PHY-1001 : End initial routed; 2.317470s wall, 2.312500s user + 0.828125s system = 3.140625s CPU (135.5%)

PHY-1001 : Current memory(MB): used = 542, reserve = 517, peak = 542.
PHY-1001 : End phase 2; 2.317571s wall, 2.312500s user + 0.828125s system = 3.140625s CPU (135.5%)

PHY-1001 : ===== Detail Route Phase 3 =====
PHY-1001 : Ripup-reroute.....
PHY-1001 : ===== DR Iter 1 =====
PHY-1022 : len = 344328, over cnt = 46(0%), over = 46, worst = 1, crit = 0
PHY-1001 : End DR Iter 1; 0.037221s wall, 0.031250s user + 0.015625s system = 0.046875s CPU (125.9%)

PHY-1001 : ===== DR Iter 2 =====
PHY-1022 : len = 344216, over cnt = 3(0%), over = 3, worst = 1, crit = 0
PHY-1001 : End DR Iter 2; 0.033363s wall, 0.031250s user + 0.000000s system = 0.031250s CPU (93.7%)

PHY-1001 : ===== DR Iter 3 =====
PHY-1022 : len = 344256, over cnt = 0(0%), over = 0, worst = 0, crit = 0
PHY-1001 : End DR Iter 3; 0.023149s wall, 0.015625s user + 0.000000s system = 0.015625s CPU (67.5%)

PHY-1001 : Commit to database.....
PHY-1001 : 19 feed throughs used by 17 nets
PHY-1001 : End commit to database; 0.185901s wall, 0.156250s user + 0.031250s system = 0.187500s CPU (100.9%)

PHY-1001 : Current memory(MB): used = 560, reserve = 534, peak = 560.
PHY-1001 : End phase 3; 0.376305s wall, 0.343750s user + 0.046875s system = 0.390625s CPU (103.8%)

PHY-1003 : Routed, final wirelength = 344256
PHY-1001 : Current memory(MB): used = 561, reserve = 535, peak = 561.
PHY-1001 : End export database. 0.008509s wall, 0.000000s user + 0.000000s system = 0.000000s CPU (n/a%)

PHY-1001 : End detail routing;  9.058823s wall, 8.906250s user + 0.984375s system = 9.890625s CPU (109.2%)

RUN-1003 : finish command "route" in  9.691940s wall, 9.484375s user + 1.187500s system = 10.671875s CPU (110.1%)

RUN-1004 : used memory is 487 MB, reserved memory is 461 MB, peak memory is 561 MB
RUN-1002 : start command "report_area -io_info -file ES8388_phy.area"
RUN-1001 : standard
***Report Model: audio_speak Device: EG4S20BG256***

IO Statistics
#IO                        47
  #input                   19
  #output                  24
  #inout                    4

Utilization Statistics
#lut                     1824   out of  19600    9.31%
#reg                     1186   out of  19600    6.05%
#le                      2322
  #lut only              1136   out of   2322   48.92%
  #reg only               498   out of   2322   21.45%
  #lut&reg                688   out of   2322   29.63%
#dsp                        0   out of     29    0.00%
#bram                       0   out of     64    0.00%
  #bram9k                   0
  #fifo9k                   0
#bram32k                    0   out of     16    0.00%
#pad                       47   out of    188   25.00%
  #ireg                     8
  #oreg                    16
  #treg                     4
#pll                        4   out of      4  100.00%
#gclk                      11   out of     16   68.75%

Clock Resource Statistics
Index     ClockNet                                            Type               DriverType         Driver                                                             Fanout
#1        sys_clk_dup_1                                       GCLK               io                 sys_clk_syn_2.di                                                   365
#2        aud_bclk_1_dup_1                                    GCLK               io                 aud_bclk_1_syn_2.di                                                45
#3        aud_bclk_3_dup_1                                    GCLK               io                 aud_bclk_3_syn_2.di                                                45
#4        aud_bclk_dup_1                                      GCLK               io                 aud_bclk_syn_2.di                                                  45
#5        aud_bclk_2_dup_1                                    GCLK               io                 aud_bclk_2_syn_2.di                                                44
#6        u2_es8388_ctrl/u_es8388_config/u_i2c_dri/dri_clk    GCLK               lslice             u2_es8388_ctrl/u_es8388_config/u_i2c_dri/dri_clk_reg_syn_9.q1      40
#7        u1_es8388_ctrl/u_es8388_config/u_i2c_dri/dri_clk    GCLK               mslice             u1_es8388_ctrl/u_es8388_config/u_i2c_dri/dri_clk_reg_syn_9.q1      39
#8        u3_es8388_ctrl/u_es8388_config/u_i2c_dri/dri_clk    GCLK               mslice             u3_es8388_ctrl/u_es8388_config/u_i2c_dri/clk_cnt_b[3]_syn_17.q0    39
#9        aud_mclk_1_dup_1                                    GCLK               pll                u1_pll_clk/pll_inst.clkc1                                          0
#10       aud_mclk_2_dup_1                                    GCLK               pll                u2_pll_clk/pll_inst.clkc1                                          0
#11       aud_mclk_3_dup_1                                    GCLK               pll                u3_pll_clk/pll_inst.clkc1                                          0
#12       aud_mclk_dup_1                                      GCLK               pll                u_pll_clk/pll_inst.clkc1                                           0
#13       u1_pll_clk/clk0_buf                                 GCLK               pll                u1_pll_clk/pll_inst.clkc0                                          0
#14       u2_pll_clk/clk0_buf                                 GCLK               pll                u2_pll_clk/pll_inst.clkc0                                          0
#15       u3_pll_clk/clk0_buf                                 GCLK               pll                u3_pll_clk/pll_inst.clkc0                                          0
#16       u_pll_clk/clk0_buf                                  GCLK               pll                u_pll_clk/pll_inst.clkc0                                           0


Detailed IO Report

      Name        Direction    Location    IOStandard    DriveStrength    PullType     PackReg   
   aud_adcdat       INPUT        R14        LVCMOS25          N/A          PULLUP       IREG     
  aud_adcdat_1      INPUT        G16        LVCMOS25          N/A          PULLUP       IREG     
  aud_adcdat_2      INPUT         E7        LVCMOS25          N/A          PULLUP       IREG     
  aud_adcdat_3      INPUT         L4        LVCMOS25          N/A          PULLUP       IREG     
    aud_bclk        INPUT         M6        LVCMOS25          N/A          PULLUP       NONE     
   aud_bclk_1       INPUT        G14        LVCMOS25          N/A          PULLUP       NONE     
   aud_bclk_2       INPUT         D5        LVCMOS25          N/A          PULLUP       NONE     
   aud_bclk_3       INPUT         H5        LVCMOS25          N/A          PULLUP       NONE     
    aud_lrc         INPUT         M7        LVCMOS25          N/A          PULLUP       IREG     
   aud_lrc_1        INPUT        H16        LVCMOS25          N/A          PULLUP       IREG     
   aud_lrc_2        INPUT         C6        LVCMOS25          N/A          PULLUP       IREG     
   aud_lrc_3        INPUT         K6        LVCMOS25          N/A          PULLUP       IREG     
    sys_clk         INPUT         R7        LVCMOS25          N/A          PULLUP       NONE     
   sys_rst_n        INPUT         E3        LVCMOS25          N/A          PULLUP       NONE     
  sys_rst_n_1       INPUT        F12        LVCMOS25          N/A           N/A         NONE     
  sys_rst_n_2       INPUT         G6        LVCMOS25          N/A           N/A         NONE     
  sys_rst_n_3       INPUT         D9        LVCMOS25          N/A           N/A         NONE     
   volume[1]        INPUT        B10        LVCMOS25          N/A          PULLUP       NONE     
   volume[0]        INPUT        A10        LVCMOS25          N/A          PULLUP       NONE     
   aud_dacdat      OUTPUT         P6        LVCMOS25           8            NONE        OREG     
  aud_dacdat_1     OUTPUT        H14        LVCMOS25           8            NONE        OREG     
  aud_dacdat_2     OUTPUT         E6        LVCMOS25           8            NONE        OREG     
  aud_dacdat_3     OUTPUT         K3        LVCMOS25           8            NONE        OREG     
    aud_mclk       OUTPUT         N5        LVCMOS25           8            NONE        NONE     
   aud_mclk_1      OUTPUT        F14        LVCMOS25           8            NONE        NONE     
   aud_mclk_2      OUTPUT         F6        LVCMOS25           8            NONE        NONE     
   aud_mclk_3      OUTPUT         H4        LVCMOS25           8            NONE        NONE     
    aud_scl        OUTPUT        R12        LVCMOS25           8            NONE        OREG     
   aud_scl_1       OUTPUT        D14        LVCMOS25           8            NONE        OREG     
   aud_scl_2       OUTPUT         A2        LVCMOS25           8            NONE        OREG     
   aud_scl_3       OUTPUT         G3        LVCMOS25           8            NONE        OREG     
     ilaclk        OUTPUT         M9        LVCMOS25           8            NONE        NONE     
    ilaclk_1       OUTPUT        L16        LVCMOS25           8            NONE        NONE     
    ilaclk_2       OUTPUT         D3        LVCMOS25           8            NONE        NONE     
    ilaclk_3       OUTPUT        K15        LVCMOS25           8            NONE        NONE     
      led          OUTPUT        B14        LVCMOS25           8            NONE        NONE     
     led_1         OUTPUT        P14        LVCMOS25           8            NONE        NONE     
     led_2         OUTPUT        B15        LVCMOS25           8            NONE        NONE     
     led_3         OUTPUT        B16        LVCMOS25           8            NONE        NONE     
    led_four       OUTPUT        C16        LVCMOS25           8            NONE        OREG     
    led_one        OUTPUT        F16        LVCMOS25           8            NONE        OREG     
    led_tree       OUTPUT        E13        LVCMOS25           8            NONE        OREG     
    led_two        OUTPUT        E16        LVCMOS25           8            NONE        OREG     
    aud_sda         INOUT         R9        LVCMOS25           8           PULLUP     OREG;TREG  
   aud_sda_1        INOUT        E15        LVCMOS25           8           PULLUP     OREG;TREG  
   aud_sda_2        INOUT         C3        LVCMOS25           8           PULLUP     OREG;TREG  
   aud_sda_3        INOUT         F3        LVCMOS25           8           PULLUP     OREG;TREG  

Report Hierarchy Area:
+--------------------------------------------------------------------------------------------------------+
|Instance                   |Module                 |le     |lut     |ripple  |seq     |bram    |dsp     |
+--------------------------------------------------------------------------------------------------------+
|top                        |audio_speak            |2322   |1369    |455     |1214    |0       |0       |
|  u1_es8388_ctrl           |es8388_ctrl            |281    |232     |29      |143     |0       |0       |
|    u_audio_receive        |audio_receive          |82     |52      |12      |54      |0       |0       |
|    u_audio_send           |audio_send             |21     |21      |0       |21      |0       |0       |
|    u_es8388_config        |es8388_config          |178    |159     |17      |68      |0       |0       |
|      u_i2c_dri            |i2c_dri                |116    |107     |7       |41      |0       |0       |
|      u_i2c_reg_cfg        |i2c_reg_cfg            |62     |52      |10      |27      |0       |0       |
|  u1_pll_clk               |clk_wiz_0              |1      |1       |0       |0       |0       |0       |
|  u2_es8388_ctrl           |es8388_ctrl            |286    |236     |32      |143     |0       |0       |
|    u_audio_receive        |audio_receive          |79     |49      |12      |52      |0       |0       |
|    u_audio_send           |audio_send             |24     |24      |0       |23      |0       |0       |
|    u_es8388_config        |es8388_config          |183    |163     |20      |68      |0       |0       |
|      u_i2c_dri            |i2c_dri                |121    |111     |10      |41      |0       |0       |
|      u_i2c_reg_cfg        |i2c_reg_cfg            |62     |52      |10      |27      |0       |0       |
|  u2_pll_clk               |clk_wiz_0              |1      |1       |0       |0       |0       |0       |
|  u3_es8388_ctrl           |es8388_ctrl            |282    |227     |32      |144     |0       |0       |
|    u_audio_receive        |audio_receive          |82     |49      |12      |53      |0       |0       |
|    u_audio_send           |audio_send             |24     |22      |0       |23      |0       |0       |
|    u_es8388_config        |es8388_config          |176    |156     |20      |68      |0       |0       |
|      u_i2c_dri            |i2c_dri                |117    |107     |10      |41      |0       |0       |
|      u_i2c_reg_cfg        |i2c_reg_cfg            |59     |49      |10      |27      |0       |0       |
|  u3_pll_clk               |clk_wiz_0              |1      |1       |0       |0       |0       |0       |
|  u_es8388_ctrl            |es8388_ctrl            |340    |255     |60      |152     |0       |0       |
|    u_audio_receive        |audio_receive          |84     |48      |12      |54      |0       |0       |
|    u_audio_send           |audio_send             |81     |52      |28      |30      |0       |0       |
|    u_es8388_config        |es8388_config          |175    |155     |20      |68      |0       |0       |
|      u_i2c_dri            |i2c_dri                |114    |104     |10      |41      |0       |0       |
|      u_i2c_reg_cfg        |i2c_reg_cfg            |61     |51      |10      |27      |0       |0       |
|  u_pll_clk                |clk_wiz_0              |1      |1       |0       |0       |0       |0       |
|  u_spar_4mic_localization |spar_4mic_localization |1017   |359     |246     |560     |0       |0       |
+--------------------------------------------------------------------------------------------------------+


DataNet Average Fanout:

   Index     Fanout     Nets  
    #1          1       1743  
    #2          2       370   
    #3          3       218   
    #4          4       134   
    #5        5-10      182   
    #6        11-50      88   
    #7       51-100      8    
    #8       101-500     1    
  Average     2.52            

RUN-1002 : start command "export_db ES8388_pr.db"
RUN-1001 : Exported /
RUN-1001 : Exported flow parameters
RUN-1001 : Exported libs
RUN-1001 : Exported entities
RUN-1001 : Exported ports
RUN-1001 : Exported pins
RUN-1001 : Exported instances
RUN-1001 : Exported nets
RUN-1001 : Exported buses
RUN-1001 : Exported models
RUN-1001 : Exported congestions
RUN-1001 : Exported violations
RUN-1001 : Exported IO constraints
RUN-1001 : Exported Inst constraints
RUN-1002 : start command "export_bid ES8388_inst.bid"
RUN-1002 : start command "bitgen -bit ES8388.bit -unused_io_status pulldown"
BIT-1003 : Start to generate bitstream. 
BIT-1002 : Bitgen processed 141 unused pads, reserve input tri_state with pulldown
BIT-1002 : Init instances with 16 threads.
BIT-1002 : Init instances completely, inst num: 1404
BIT-1002 : Init pips with 16 threads.
BIT-1002 : Init pips completely, net num: 2810, pip num: 24195
BIT-1002 : Init feedthrough with 16 threads.
BIT-1002 : Init feedthrough completely, num: 19
BIT-1003 : Multithreading accelaration with 16 threads.
BIT-1003 : Generate bitstream completely, there are 2266 valid insts, and 70448 bits set as '1'.
BIT-1004 : PLL setting string = 1111
BIT-1004 : Generate bits file ES8388.bit.
RUN-1003 : finish command "bitgen -bit ES8388.bit -unused_io_status pulldown" in  2.047150s wall, 20.671875s user + 1.093750s system = 21.765625s CPU (1063.2%)

RUN-1004 : used memory is 484 MB, reserved memory is 469 MB, peak memory is 685 MB
RUN-1002 : start command "backup_run_log run.log ../.logs/phy_1/td_20251025_135355.log"
