============================================================
   Tang Dynasty, V5.6.71036
      Copyright (c) 2012-2023 Anlogic Inc.
   Executable = E:/Software/Anlogic/TD5.6.2/bin/td.exe
   Built at =   20:34:38 Mar 21 2023
   Run by =     Lviva
   Run Date =   Thu Oct 23 15:17:44 2025

   Run on =     VIVACIOUS
============================================================
RUN-1002 : start command "open_project ES8388.prj"
RUN-1001 : Print Global Property
RUN-1001 : ---------------------------------------------------------------
RUN-1001 :        Parameters        |  Settings  |  Default Values  |  Note  
RUN-1001 : ---------------------------------------------------------------
RUN-1001 :          message         |  standard  |     standard     |        
RUN-1001 :   mixed_pack_place_flow  |     on     |        on        |        
RUN-1001 :        qor_monitor       |    off     |       off        |        
RUN-1001 :        syn_ip_flow       |    off     |       off        |        
RUN-1001 :          thread          |    auto    |       auto       |        
RUN-1001 : ---------------------------------------------------------------
RUN-1001 : Print Design Property
RUN-1001 : --------------------------------------------------------------
RUN-1001 :        Parameters       |  Settings  |  Default Values  |  Note  
RUN-1001 : --------------------------------------------------------------
RUN-1001 :   default_reg_initial   |    auto    |       auto       |        
RUN-1001 :        infer_add        |     on     |        on        |        
RUN-1001 :        infer_fsm        |    off     |       off        |        
RUN-1001 :        infer_mult       |     on     |        on        |        
RUN-1001 :        infer_ram        |     on     |        on        |        
RUN-1001 :        infer_reg        |     on     |        on        |        
RUN-1001 :   infer_reg_init_value  |     on     |        on        |        
RUN-1001 :        infer_rom        |     on     |        on        |        
RUN-1001 :      infer_shifter      |     on     |        on        |        
RUN-1001 : --------------------------------------------------------------
RUN-1001 : Print Rtl Property
RUN-1001 : --------------------------------------------------------------
RUN-1001 :        Parameters       |  Settings  |  Default Values  |  Note  
RUN-1001 : --------------------------------------------------------------
RUN-1001 :       compress_add      |   ripple   |      ripple      |        
RUN-1001 :        elf_sload        |    off     |       off        |        
RUN-1001 :       fix_undriven      |     0      |        0         |        
RUN-1001 :         flatten         |    off     |       off        |        
RUN-1001 :       gate_sharing      |     on     |        on        |        
RUN-1001 :    hdl_warning_level    |   normal   |      normal      |        
RUN-1001 :   impl_internal_tribuf  |     on     |        on        |        
RUN-1001 :      impl_set_reset     |     on     |        on        |        
RUN-1001 :        infer_gsr        |    off     |       off        |        
RUN-1001 :      keep_hierarchy     |    auto    |       auto       |        
RUN-1001 :        max_fanout       |    9999    |       9999       |        
RUN-1001 :      max_oh2bin_len     |     10     |        10        |        
RUN-1001 :       merge_equal       |     on     |        on        |        
RUN-1001 :       merge_equiv       |     on     |        on        |        
RUN-1001 :        merge_mux        |    off     |       off        |        
RUN-1001 :     min_control_set     |     8      |        8         |        
RUN-1001 :      min_ripple_len     |    auto    |       auto       |        
RUN-1001 :       oh2bin_ratio      |    0.08    |       0.08       |        
RUN-1001 :     opt_adder_fanout    |     on     |        on        |        
RUN-1001 :        opt_arith        |     on     |        on        |        
RUN-1001 :       opt_big_gate      |    off     |       off        |        
RUN-1001 :        opt_const        |     on     |        on        |        
RUN-1001 :      opt_const_mult     |     on     |        on        |        
RUN-1001 :       opt_lessthan      |     on     |        on        |        
RUN-1001 :         opt_mux         |    off     |       off        |        
RUN-1001 :         opt_ram         |    high    |       high       |        
RUN-1001 :      rtl_sim_model      |    off     |       off        |        
RUN-1001 :         seq_syn         |     on     |        on        |        
RUN-1001 : --------------------------------------------------------------
HDL-1007 : analyze verilog file ../../al_ip/clk_wiz_0.v
HDL-1007 : undeclared symbol 'open', assumed default net type 'wire' in ../../al_ip/clk_wiz_0.v(80)
HDL-1007 : analyze verilog file ../../../RTL/audio_receive.v
HDL-1007 : analyze verilog file ../../../RTL/audio_send.v
HDL-1007 : analyze verilog file ../../../RTL/audio_speak.v
HDL-1007 : analyze verilog file ../../../RTL/es8388_config.v
HDL-1007 : analyze verilog file ../../../RTL/es8388_ctrl.v
HDL-1007 : analyze verilog file ../../../RTL/i2c_dri.v
HDL-1007 : analyze verilog file ../../../RTL/i2c_reg_cfg.v
RUN-1001 : Project manager successfully analyzed 8 source files.
RUN-1002 : start command "import_device eagle_s20.db -package EG4S20BG256"
ARC-1001 : Device Initialization.
ARC-1001 : ------------------------------------------------------------------
ARC-1001 :            OPTION            |          IO          |   SETTING   
ARC-1001 : ------------------------------------------------------------------
ARC-1001 :   cso_b/cclk/mosi/miso/dout  |  T3/R11/T10/P10/S11  |    gpio    
ARC-1001 :             done             |         P13          |    gpio    
ARC-1001 :           program_b          |          T2          |  dedicate  
ARC-1001 :        tdi/tms/tck/tdo       |   C12/A15/C14/E14    |  dedicate  
ARC-1001 : ------------------------------------------------------------------
ARC-1004 : Device setting, marked 5 dedicate IOs in total.
RUN-1002 : start command "import_db ../syn_1/ES8388_gate.db"
RUN-1001 : Importing database generated by Tang Dynasty, V5.6.71036.
RUN-1001 : Database version number 46146.
RUN-1001 : Import flow parameters
RUN-1001 : Import IO constraints
RUN-1001 : Import Inst constraints
RUN-1001 : Import design success TD_VERSION=5.6.71036 , DB_VERSION=46146
RUN-1002 : start command "place"
RUN-1001 : Open license file E:/Software/Anlogic/TD5.6.2/license/Anlogic.lic
RUN-1001 : Print Global Property
RUN-1001 : ---------------------------------------------------------------
RUN-1001 :        Parameters        |  Settings  |  Default Values  |  Note  
RUN-1001 : ---------------------------------------------------------------
RUN-1001 :          message         |  standard  |     standard     |        
RUN-1001 :   mixed_pack_place_flow  |     on     |        on        |        
RUN-1001 :        qor_monitor       |    off     |       off        |        
RUN-1001 :        syn_ip_flow       |    off     |       off        |        
RUN-1001 :          thread          |    auto    |       auto       |        
RUN-1001 : ---------------------------------------------------------------
RUN-1001 : Print Place Property
RUN-1001 : --------------------------------------------------------------
RUN-1001 :        Parameters       |  Settings  |  Default Values  |  Note  
RUN-1001 : --------------------------------------------------------------
RUN-1001 :      detailed_place     |     on     |        on        |        
RUN-1001 :          effort         |   medium   |      medium      |        
RUN-1001 :         fix_hold        |    off     |       off        |        
RUN-1001 :       legalization      |    ori     |       ori        |        
RUN-1001 :      new_spreading      |     on     |        on        |        
RUN-1001 :        opt_timing       |   medium   |      medium      |        
RUN-1001 :   post_clock_route_opt  |    off     |       off        |        
RUN-1001 :       pr_strategy       |     1      |        1         |        
RUN-1001 :        relaxation       |    1.00    |       1.00       |        
RUN-1001 :         retiming        |    off     |       off        |        
RUN-1001 : --------------------------------------------------------------
PHY-3001 : Placer runs in 16 thread(s).
RUN-1002 : start command "legalize_phy_inst"
SYN-1011 : Flatten model audio_speak
RUN-1002 : start command "phys_opt -simplify_lut"
SYN-4016 : Net ilaclk_1_dup_1 driven by BUFG (0 clock/control pins, 2 other pins).
SYN-4016 : Net ilaclk_2_dup_1 driven by BUFG (0 clock/control pins, 2 other pins).
SYN-4016 : Net ilaclk_dup_1 driven by BUFG (0 clock/control pins, 2 other pins).
SYN-4027 : Net aud_mclk_1_dup_1 is clkc1 of pll u1_pll_clk/pll_inst.
SYN-4019 : Net sys_clk_dup_1 is refclk of pll u1_pll_clk/pll_inst.
SYN-4020 : Net sys_clk_dup_1 is fbclk of pll u1_pll_clk/pll_inst.
SYN-4027 : Net aud_mclk_2_dup_1 is clkc1 of pll u2_pll_clk/pll_inst.
SYN-4019 : Net sys_clk_dup_1 is refclk of pll u2_pll_clk/pll_inst.
SYN-4020 : Net sys_clk_dup_1 is fbclk of pll u2_pll_clk/pll_inst.
SYN-4027 : Net aud_mclk_dup_1 is clkc1 of pll u_pll_clk/pll_inst.
SYN-4019 : Net sys_clk_dup_1 is refclk of pll u_pll_clk/pll_inst.
SYN-4020 : Net sys_clk_dup_1 is fbclk of pll u_pll_clk/pll_inst.
SYN-4024 : Net "aud_bclk_dup_1" drives clk pins.
SYN-4024 : Net "aud_bclk_1_dup_1" drives clk pins.
SYN-4024 : Net "aud_bclk_2_dup_1" drives clk pins.
SYN-4024 : Net "u1_es8388_ctrl/u_es8388_config/u_i2c_dri/dri_clk" drives clk pins.
SYN-4024 : Net "u2_es8388_ctrl/u_es8388_config/u_i2c_dri/dri_clk" drives clk pins.
SYN-4024 : Net "u_es8388_ctrl/u_es8388_config/u_i2c_dri/dri_clk" drives clk pins.
SYN-4025 : Tag rtl::Net aud_bclk_1_dup_1 as clock net
SYN-4025 : Tag rtl::Net aud_bclk_2_dup_1 as clock net
SYN-4025 : Tag rtl::Net aud_bclk_dup_1 as clock net
SYN-4025 : Tag rtl::Net aud_mclk_1_dup_1 as clock net
SYN-4025 : Tag rtl::Net aud_mclk_2_dup_1 as clock net
SYN-4025 : Tag rtl::Net aud_mclk_dup_1 as clock net
SYN-4025 : Tag rtl::Net ilaclk_1_dup_1 as clock net
SYN-4025 : Tag rtl::Net ilaclk_2_dup_1 as clock net
SYN-4025 : Tag rtl::Net ilaclk_dup_1 as clock net
SYN-4025 : Tag rtl::Net sys_clk_dup_1 as clock net
SYN-4025 : Tag rtl::Net u1_es8388_ctrl/u_es8388_config/u_i2c_dri/dri_clk as clock net
SYN-4025 : Tag rtl::Net u2_es8388_ctrl/u_es8388_config/u_i2c_dri/dri_clk as clock net
SYN-4025 : Tag rtl::Net u_es8388_ctrl/u_es8388_config/u_i2c_dri/dri_clk as clock net
SYN-4026 : Tagged 13 rtl::Net as clock net
SYN-4015 : Create BUFG instance for clk Net aud_bclk_1_dup_1 to drive 80 clock pins.
SYN-4015 : Create BUFG instance for clk Net aud_bclk_dup_1 to drive 80 clock pins.
SYN-4015 : Create BUFG instance for clk Net u1_es8388_ctrl/u_es8388_config/u_i2c_dri/dri_clk to drive 59 clock pins.
SYN-4015 : Create BUFG instance for clk Net u2_es8388_ctrl/u_es8388_config/u_i2c_dri/dri_clk to drive 59 clock pins.
SYN-4015 : Create BUFG instance for clk Net u_es8388_ctrl/u_es8388_config/u_i2c_dri/dri_clk to drive 59 clock pins.
PHY-1001 : Populate physical database on model audio_speak.
RUN-1001 : There are total 1190 instances
RUN-0007 : 598 luts, 459 seqs, 55 mslices, 31 lslices, 33 pads, 0 brams, 0 dsps
RUN-1001 : There are total 1328 nets
RUN-1001 : 845 nets have 2 pins
RUN-1001 : 330 nets have [3 - 5] pins
RUN-1001 : 65 nets have [6 - 10] pins
RUN-1001 : 53 nets have [11 - 20] pins
RUN-1001 : 31 nets have [21 - 99] pins
RUN-1001 : 4 nets have 100+ pins
RUN-1001 : Report Control nets information:
RUN-1001 : DFF Distribution
RUN-1001 : ----------------------------------
RUN-1001 :   CE   |  SSR  |  ASR  |  DFF Count  
RUN-1001 : ----------------------------------
RUN-1001 :   No   |  No   |  No   |      0      
RUN-1001 :   No   |  No   |  Yes  |     219     
RUN-1001 :   No   |  Yes  |  No   |      0      
RUN-1001 :   Yes  |  No   |  No   |      0      
RUN-1001 :   Yes  |  No   |  Yes  |     216     
RUN-1001 :   Yes  |  Yes  |  No   |     24      
RUN-1001 : ----------------------------------
RUN-0007 : Control Group Statistic
RUN-0007 : ---------------------------
RUN-0007 :   #CLK  |  #CE  |  #SSR/ASR  
RUN-0007 : ---------------------------
RUN-0007 :    7    |  16   |     7      
RUN-0007 : ---------------------------
RUN-0007 : Control Set = 24
PHY-3001 : Initial placement ...
PHY-3001 : design contains 1188 instances, 598 luts, 459 seqs, 86 slices, 24 macros(86 instances: 55 mslices 31 lslices)
PHY-0007 : Cell area utilization is 3%
PHY-3001 : Global placement ...
PHY-3001 : Initial: Len = 260770
PHY-3001 : Clustering ...
PHY-3001 : Level 0 #clusters 1188.
PHY-3001 : End clustering;  0.000047s wall, 0.000000s user + 0.000000s system = 0.000000s CPU (n/a%)

PHY-3001 : Run with size of 4
PHY-3001 : Cell area utilization is 3%
PHY-3001 : :::0::: Try harder cell spreading with beta_ = 0
PHY-3002 : Step(1): len = 157054, overlap = 0
PHY-3002 : Step(2): len = 100148, overlap = 0
PHY-3002 : Step(3): len = 63996.2, overlap = 0
PHY-3002 : Step(4): len = 47409.3, overlap = 0
PHY-3002 : Step(5): len = 41498.6, overlap = 0
PHY-3002 : Step(6): len = 38580.6, overlap = 0
PHY-3002 : Step(7): len = 34316.9, overlap = 0
PHY-3002 : Step(8): len = 31496.8, overlap = 0
PHY-3002 : Step(9): len = 30068.2, overlap = 0
PHY-3002 : Step(10): len = 26789.7, overlap = 0.375
PHY-3002 : Step(11): len = 27604.2, overlap = 0.3125
PHY-3002 : Step(12): len = 27938.8, overlap = 0.625
PHY-3001 : Legalization ...
PHY-3001 : End legalization;  0.002187s wall, 0.000000s user + 0.000000s system = 0.000000s CPU (n/a%)

PHY-3001 : Run with size of 4
PHY-3001 : Cell area utilization is 5%
PHY-3001 : :::0::: Try harder cell spreading with beta_ = 0
PHY-3002 : Step(13): len = 24071.6, overlap = 11.9062
PHY-3002 : Step(14): len = 24312.4, overlap = 11.625
PHY-3002 : Step(15): len = 24852.1, overlap = 11.75
PHY-3002 : Step(16): len = 25384.6, overlap = 10.9062
PHY-3002 : Step(17): len = 26070.5, overlap = 10.2188
PHY-3002 : Step(18): len = 26241.3, overlap = 9.625
PHY-3002 : Step(19): len = 24336, overlap = 12.2812
PHY-3002 : Step(20): len = 24890, overlap = 13.1562
PHY-3002 : Step(21): len = 25816.3, overlap = 14.375
PHY-3002 : Step(22): len = 23132.1, overlap = 19.125
PHY-3002 : Step(23): len = 20968.4, overlap = 21.0312
PHY-3002 : Step(24): len = 20767.9, overlap = 20.7188
PHY-3002 : Step(25): len = 20955.1, overlap = 21.6875
PHY-3002 : Step(26): len = 19904.1, overlap = 22.6875
PHY-3002 : Step(27): len = 18655, overlap = 23.0625
PHY-3002 : Step(28): len = 18727.4, overlap = 22.0312
PHY-3002 : Step(29): len = 18463.5, overlap = 21.3438
PHY-3001 : :::1::: Try harder cell spreading with beta_ = 59.1084
PHY-3002 : Step(30): len = 18376.9, overlap = 21.3438
PHY-3002 : Step(31): len = 18376.9, overlap = 21.3438
PHY-3001 : :::2::: Try harder cell spreading with beta_ = 118.217
PHY-3002 : Step(32): len = 18376.9, overlap = 21.3438
PHY-3002 : Step(33): len = 18376.9, overlap = 21.3438
PHY-3001 : Run with size of 2
PHY-3001 : Cell area utilization is 5%
PHY-3001 : :::0::: Try harder cell spreading with beta_ = 3.37198e-05
PHY-3002 : Step(34): len = 19101.8, overlap = 55.875
PHY-3002 : Step(35): len = 19553.7, overlap = 54.7812
PHY-3002 : Step(36): len = 21028.5, overlap = 48.875
PHY-3002 : Step(37): len = 21508.8, overlap = 45.1562
PHY-3002 : Step(38): len = 20491.9, overlap = 37.875
PHY-3002 : Step(39): len = 20599.3, overlap = 37.125
PHY-3002 : Step(40): len = 20033.4, overlap = 37.875
PHY-3002 : Step(41): len = 20119.8, overlap = 38.3438
PHY-3002 : Step(42): len = 20077, overlap = 37.5938
PHY-3001 : :::1::: Try harder cell spreading with beta_ = 6.74396e-05
PHY-3002 : Step(43): len = 19549.4, overlap = 37.3438
PHY-3002 : Step(44): len = 19549.4, overlap = 37.3438
PHY-3001 : :::2::: Try harder cell spreading with beta_ = 0.000134879
PHY-3002 : Step(45): len = 20281.2, overlap = 32.625
PHY-3002 : Step(46): len = 20438.1, overlap = 31.5312
PHY-3002 : Step(47): len = 20842.1, overlap = 27.0938
OPT-1001 : Start physical optimization ...
OPT-1001 : Total overflow 61.84 peak overflow 5.19
OPT-1001 : Start high-fanout net optimization ...
OPT-1001 : Update timing in global mode
PHY-1001 : Start incremental global routing, caller is place ...
RUN-1001 : Generating global routing grids ...
RUN-1001 : Building simple global routing graph ...
PHY-1001 : Generate routing nets ...
PHY-1001 : Reuse net number 0/1328.
PHY-1001 : Global iterations in 16 thread ...
PHY-1002 : len = 22744, over cnt = 81(0%), over = 415, worst = 15
PHY-1001 : End global iterations;  0.029785s wall, 0.031250s user + 0.031250s system = 0.062500s CPU (209.8%)

PHY-1001 : Congestion index: top1 = 27.91, top5 = 11.35, top10 = 6.54, top15 = 4.71.
PHY-1001 : End incremental global routing;  0.070566s wall, 0.046875s user + 0.046875s system = 0.093750s CPU (132.9%)

RUN-1002 : start command "start_timer -report"
TMR-5001 WARNING: No sdc constraints found while initiating timer.
TMR-2505 : Start building timing graph for model audio_speak.
TMR-2506 : Build timing graph completely. Port num: 32, tpin num: 5517, tnet num: 1326, tinst num: 1188, tnode num: 7194, tedge num: 8696.
TMR-2508 : Levelizing timing graph completed, there are 17 levels in total.
TMR-2501 : Timing graph initialized successfully.
OPT-1001 : End timing update;  0.154044s wall, 0.140625s user + 0.015625s system = 0.156250s CPU (101.4%)

OPT-1001 : 0 high-fanout net processed.
OPT-1001 : End high-fanout net optimization;  0.238656s wall, 0.203125s user + 0.062500s system = 0.265625s CPU (111.3%)

OPT-1001 : Current memory(MB): used = 165, reserve = 133, peak = 165.
OPT-1001 : End physical optimization;  0.248800s wall, 0.218750s user + 0.062500s system = 0.281250s CPU (113.0%)

PHY-3001 : Start packing ...
SYN-4007 : Packing 0 MUX to BLE ...
SYN-4008 : Packed 0 MUX and 0 SEQ to BLE.
SYN-4007 : Packing 598 LUT to BLE ...
SYN-4008 : Packed 598 LUT and 246 SEQ to BLE.
SYN-4003 : Packing 213 remaining SEQ's ...
SYN-4005 : Packed 125 SEQ with LUT/SLICE
SYN-4006 : 251 single LUT's are left
SYN-4006 : 88 single SEQ's are left
SYN-4011 : Packing model "audio_speak" (AL_USER_NORMAL) with 686/819 primitive instances ...
PHY-3001 : End packing;  0.030015s wall, 0.031250s user + 0.000000s system = 0.031250s CPU (104.1%)

PHY-1001 : Populate physical database on model audio_speak.
RUN-1001 : There are total 511 instances
RUN-1001 : 232 mslices, 232 lslices, 33 pads, 0 brams, 0 dsps
RUN-1001 : There are total 1091 nets
RUN-1001 : 584 nets have 2 pins
RUN-1001 : 349 nets have [3 - 5] pins
RUN-1001 : 73 nets have [6 - 10] pins
RUN-1001 : 57 nets have [11 - 20] pins
RUN-1001 : 27 nets have [21 - 99] pins
RUN-1001 : 1 nets have 100+ pins
PHY-3001 : design contains 509 instances, 464 slices, 24 macros(86 instances: 55 mslices 31 lslices)
PHY-3001 : Cell area utilization is 6%
PHY-3001 : After packing: Len = 21280.2, Over = 37.5
PHY-3001 : Run with size of 2
PHY-3001 : Cell area utilization is 6%
PHY-3001 : :::0::: Try harder cell spreading with beta_ = 3.42514e-05
PHY-3002 : Step(48): len = 20313.5, overlap = 37.25
PHY-3002 : Step(49): len = 20304.4, overlap = 37.25
PHY-3002 : Step(50): len = 20288.2, overlap = 37.25
PHY-3001 : :::1::: Try harder cell spreading with beta_ = 6.85029e-05
PHY-3002 : Step(51): len = 20637.5, overlap = 34.5
PHY-3002 : Step(52): len = 20896.7, overlap = 35
PHY-3002 : Step(53): len = 21105.3, overlap = 35
PHY-3001 : :::2::: Try harder cell spreading with beta_ = 0.000137006
PHY-3002 : Step(54): len = 21392.3, overlap = 34.25
PHY-3002 : Step(55): len = 21595.3, overlap = 32.75
PHY-3002 : Step(56): len = 21754.8, overlap = 32.5
PHY-3001 : Legalization ...
PHY-3001 : End legalization;  0.086620s wall, 0.093750s user + 0.156250s system = 0.250000s CPU (288.6%)

PHY-3001 : Trial Legalized: Len = 36079
PHY-3001 : Run with size of 2
PHY-3001 : Cell area utilization is 6%
PHY-3001 : :::0::: Try harder cell spreading with beta_ = 0.0932346
PHY-3002 : Step(57): len = 34356.9, overlap = 2.25
PHY-3002 : Step(58): len = 33917.8, overlap = 2.25
PHY-3002 : Step(59): len = 33273.1, overlap = 3
PHY-3002 : Step(60): len = 32287.6, overlap = 4.25
PHY-3002 : Step(61): len = 31356.2, overlap = 5
PHY-3002 : Step(62): len = 30610, overlap = 6
PHY-3002 : Step(63): len = 30402.5, overlap = 6.25
PHY-3002 : Step(64): len = 30090, overlap = 6.5
PHY-3002 : Step(65): len = 29836, overlap = 6.75
PHY-3002 : Step(66): len = 29138.4, overlap = 8.5
PHY-3002 : Step(67): len = 28494, overlap = 8.75
PHY-3002 : Step(68): len = 28189.4, overlap = 8.75
PHY-3002 : Step(69): len = 27746.4, overlap = 9.5
PHY-3002 : Step(70): len = 27178.7, overlap = 11.5
PHY-3002 : Step(71): len = 26383.1, overlap = 11.5
PHY-3002 : Step(72): len = 25986.9, overlap = 13
PHY-3002 : Step(73): len = 25905, overlap = 13
PHY-3002 : Step(74): len = 25907.3, overlap = 13.25
PHY-3001 : Legalization ...
PHY-3001 : End legalization;  0.003483s wall, 0.000000s user + 0.000000s system = 0.000000s CPU (n/a%)

PHY-3001 : Legalized: Len = 29851.2, Over = 0
PHY-3001 : End spreading;  0.003517s wall, 0.000000s user + 0.000000s system = 0.000000s CPU (n/a%)

PHY-3001 : Final: Len = 29851.2, Over = 0
OPT-1001 : Start physical optimization ...
OPT-1001 : Total overflow 0.00 peak overflow 0.00
OPT-1001 : Start high-fanout net optimization ...
OPT-1001 : Update timing in global mode
PHY-1001 : Start incremental global routing, caller is place ...
RUN-1001 : Generating global routing grids ...
PHY-1001 : Generate routing nets ...
PHY-1001 : Reuse net number 45/1091.
PHY-1001 : Global iterations in 16 thread ...
PHY-1002 : len = 35144, over cnt = 118(0%), over = 169, worst = 5
PHY-1002 : len = 36056, over cnt = 55(0%), over = 66, worst = 3
PHY-1002 : len = 36688, over cnt = 16(0%), over = 19, worst = 2
PHY-1002 : len = 36936, over cnt = 0(0%), over = 0, worst = 0
PHY-1001 : End global iterations;  0.065681s wall, 0.062500s user + 0.046875s system = 0.109375s CPU (166.5%)

PHY-1001 : Congestion index: top1 = 23.84, top5 = 16.50, top10 = 10.90, top15 = 7.78.
PHY-1001 : End incremental global routing;  0.114008s wall, 0.093750s user + 0.062500s system = 0.156250s CPU (137.1%)

RUN-1002 : start command "start_timer -report"
TMR-5001 WARNING: No sdc constraints found while initiating timer.
TMR-2505 : Start building timing graph for model audio_speak.
TMR-2506 : Build timing graph completely. Port num: 32, tpin num: 4693, tnet num: 1089, tinst num: 509, tnode num: 5909, tedge num: 7750.
TMR-2508 : Levelizing timing graph completed, there are 17 levels in total.
TMR-2501 : Timing graph initialized successfully.
OPT-1001 : End timing update;  0.142528s wall, 0.140625s user + 0.000000s system = 0.140625s CPU (98.7%)

OPT-1001 : 0 high-fanout net processed.
OPT-1001 : End high-fanout net optimization;  0.271087s wall, 0.250000s user + 0.062500s system = 0.312500s CPU (115.3%)

OPT-1001 : Current memory(MB): used = 170, reserve = 138, peak = 170.
OPT-1001 : Update timing in Manhattan mode
OPT-1001 : End timing update;  0.001348s wall, 0.000000s user + 0.000000s system = 0.000000s CPU (n/a%)

OPT-1001 : Start pin optimization...
OPT-1001 : skip pin optimization...
RUN-1001 : Generating global routing grids ...
PHY-1001 : Generate routing nets ...
PHY-1001 : Reuse net number 866/1091.
PHY-1001 : Global iterations in 16 thread ...
PHY-1002 : len = 36936, over cnt = 0(0%), over = 0, worst = 0
PHY-1001 : End global iterations;  0.003467s wall, 0.000000s user + 0.000000s system = 0.000000s CPU (n/a%)

PHY-1001 : Congestion index: top1 = 23.84, top5 = 16.50, top10 = 10.90, top15 = 7.78.
OPT-1001 : Update timing in Manhattan mode
OPT-1001 : End timing update;  0.001493s wall, 0.000000s user + 0.000000s system = 0.000000s CPU (n/a%)

RUN-1001 : QoR Analysis:
OPT-0007 :   WNS 2147483647 TNS 0 NUM_FEPS 0
RUN-1001 :   No local congestion issue, and most congested 1% tile average routing util is 23.379310
RUN-1001 :   Top critical paths
OPT-1001 : End physical optimization;  0.330362s wall, 0.312500s user + 0.062500s system = 0.375000s CPU (113.5%)

RUN-1003 : finish command "place" in  2.370913s wall, 2.937500s user + 3.218750s system = 6.156250s CPU (259.7%)

RUN-1004 : used memory is 151 MB, reserved memory is 119 MB, peak memory is 171 MB
RUN-1002 : start command "export_db ES8388_place.db"
RUN-1001 : Exported /
RUN-1001 : Exported flow parameters
RUN-1001 : Exported libs
RUN-1001 : Exported entities
RUN-1001 : Exported ports
RUN-1001 : Exported pins
RUN-1001 : Exported instances
RUN-1001 : Exported nets
RUN-1001 : Exported buses
RUN-1001 : Exported models
RUN-1001 : Exported congestions
RUN-1001 : Exported violations
RUN-1001 : Exported IO constraints
RUN-1001 : Exported Inst constraints
RUN-1002 : start command "route"
RUN-1001 : Open license file E:/Software/Anlogic/TD5.6.2/license/Anlogic.lic
RUN-1001 : Print Global Property
RUN-1001 : ---------------------------------------------------------------
RUN-1001 :        Parameters        |  Settings  |  Default Values  |  Note  
RUN-1001 : ---------------------------------------------------------------
RUN-1001 :          message         |  standard  |     standard     |        
RUN-1001 :   mixed_pack_place_flow  |     on     |        on        |        
RUN-1001 :        qor_monitor       |    off     |       off        |        
RUN-1001 :        syn_ip_flow       |    off     |       off        |        
RUN-1001 :          thread          |    auto    |       auto       |        
RUN-1001 : ---------------------------------------------------------------
RUN-1001 : Print Route Property
RUN-1001 : -------------------------------------------------------
RUN-1001 :    Parameters    |  Settings  |  Default Values  |  Note  
RUN-1001 : -------------------------------------------------------
RUN-1001 :      effort      |   medium   |      medium      |        
RUN-1001 :     fix_hold     |    off     |       off        |        
RUN-1001 :    opt_timing    |   medium   |      medium      |        
RUN-1001 :   phy_sim_model  |    off     |       off        |        
RUN-1001 :     priority     |   timing   |      timing      |        
RUN-1001 :     swap_pin     |     on     |        on        |        
RUN-1001 : -------------------------------------------------------
PHY-1001 : Route runs in 16 thread(s)
RUN-1001 : There are total 511 instances
RUN-1001 : 232 mslices, 232 lslices, 33 pads, 0 brams, 0 dsps
RUN-1001 : There are total 1091 nets
RUN-1001 : 584 nets have 2 pins
RUN-1001 : 349 nets have [3 - 5] pins
RUN-1001 : 73 nets have [6 - 10] pins
RUN-1001 : 57 nets have [11 - 20] pins
RUN-1001 : 27 nets have [21 - 99] pins
RUN-1001 : 1 nets have 100+ pins
RUN-1002 : start command "start_timer -report"
TMR-5001 WARNING: No sdc constraints found while initiating timer.
TMR-2505 : Start building timing graph for model audio_speak.
TMR-2506 : Build timing graph completely. Port num: 32, tpin num: 4693, tnet num: 1089, tinst num: 509, tnode num: 5909, tedge num: 7750.
TMR-2508 : Levelizing timing graph completed, there are 17 levels in total.
TMR-2501 : Timing graph initialized successfully.
PHY-1001 : 232 mslices, 232 lslices, 33 pads, 0 brams, 0 dsps
TMR-2503 : Start to update net delay, extr mode = 3.
TMR-2504 : Update delay of 1089 nets completely.
TMR-2502 : Annotate delay completely, extr mode = 3.
TMR-3002 : No user constraint, initiate default constraint.
TMR-1501 : Assign derive clock DeriveClock to 592 clock pins, and constraint 1210 relative nodes.
TMR-3003 : Constraints initiated successfully.
TMR-3501 : Forward propagation: start to calculate arrival time...
TMR-3502 : Backward propagation: start to calculate required time...
TMR-3503 : Timing propagation completes.
PHY-1001 : Start global routing, caller is route ...
RUN-1001 : Generating global routing grids ...
PHY-1001 : Generate routing nets ...
PHY-1001 : Global iterations in 16 thread ...
PHY-1002 : len = 34616, over cnt = 116(0%), over = 171, worst = 5
PHY-1002 : len = 35536, over cnt = 52(0%), over = 68, worst = 3
PHY-1002 : len = 36248, over cnt = 9(0%), over = 9, worst = 1
PHY-1002 : len = 36376, over cnt = 0(0%), over = 0, worst = 0
PHY-1001 : End global iterations;  0.067979s wall, 0.078125s user + 0.000000s system = 0.078125s CPU (114.9%)

PHY-1001 : Congestion index: top1 = 23.75, top5 = 16.42, top10 = 10.76, top15 = 7.69.
PHY-1001 : End global routing;  0.109920s wall, 0.125000s user + 0.000000s system = 0.125000s CPU (113.7%)

PHY-1001 : Start detail routing ...
PHY-1001 : Current memory(MB): used = 199, reserve = 167, peak = 212.
PHY-1001 : Detailed router is running in normal mode.
PHY-1001 : Generate detailed routing grids ...
PHY-1001 : Processed IO instance aud_dacdat_syn_4 with INV attribute.
PHY-1001 : Processed IO instance aud_dacdat_1_syn_4 with INV attribute.
PHY-1001 : Processed IO instance aud_dacdat_2_syn_4 with INV attribute.
PHY-1001 : Generate nets ...
PHY-1001 : clock net aud_bclk_syn_4 will be merged with clock aud_bclk_dup_1
PHY-1001 : clock net aud_bclk_1_syn_4 will be merged with clock aud_bclk_1_dup_1
PHY-1001 : net aud_bclk_2_dup_1 will be routed on clock mesh
PHY-1001 : net aud_mclk_dup_1 will be routed on clock mesh
PHY-1001 : net aud_mclk_1_dup_1 will be routed on clock mesh
PHY-1001 : net aud_mclk_2_dup_1 will be routed on clock mesh
PHY-1001 : clock net ilaclk_dup_1 will be merged with clock u_pll_clk/clk0_buf
PHY-1001 : clock net ilaclk_1_dup_1 will be merged with clock u1_pll_clk/clk0_buf
PHY-1001 : clock net ilaclk_2_dup_1 will be merged with clock u2_pll_clk/clk0_buf
PHY-1001 : net sys_clk_dup_1 will be routed on clock mesh
PHY-1001 : clock net u1_es8388_ctrl/u_es8388_config/u_i2c_dri/dri_clk_syn_4 will be merged with clock u1_es8388_ctrl/u_es8388_config/u_i2c_dri/dri_clk
PHY-1001 : clock net u_es8388_ctrl/u_es8388_config/u_i2c_dri/dri_clk_syn_4 will be merged with clock u_es8388_ctrl/u_es8388_config/u_i2c_dri/dri_clk
PHY-1001 : clock net u2_es8388_ctrl/u_es8388_config/u_i2c_dri/dri_clk_syn_4 will be merged with clock u2_es8388_ctrl/u_es8388_config/u_i2c_dri/dri_clk
PHY-1001 : Current memory(MB): used = 465, reserve = 438, peak = 465.
PHY-1001 : End build detailed router design. 2.133127s wall, 2.093750s user + 0.031250s system = 2.125000s CPU (99.6%)

PHY-1001 : Detail Route ...
PHY-1001 : ===== Detail Route Phase 1 =====
PHY-1001 : Clock net routing.....
PHY-1001 : Routed 1% nets.
PHY-1022 : len = 25312, over cnt = 0(0%), over = 0, worst = 0, crit = 0
PHY-1001 : End initial clock net routed; 2.938464s wall, 2.906250s user + 0.031250s system = 2.937500s CPU (100.0%)

PHY-1001 : Current memory(MB): used = 497, reserve = 472, peak = 497.
PHY-1001 : End phase 1; 2.941037s wall, 2.906250s user + 0.031250s system = 2.937500s CPU (99.9%)

PHY-1001 : ===== Detail Route Phase 2 =====
PHY-1001 : Initial routing.....
PHY-1001 : Routed 36% nets.
PHY-1001 : Routed 47% nets.
PHY-1001 : Routed 53% nets.
PHY-1001 : Routed 67% nets.
PHY-1001 : Routed 90% nets.
PHY-1022 : len = 155328, over cnt = 56(0%), over = 56, worst = 1, crit = 0
PHY-1001 : Current memory(MB): used = 498, reserve = 472, peak = 498.
PHY-1001 : End initial routed; 1.020831s wall, 1.062500s user + 0.156250s system = 1.218750s CPU (119.4%)

PHY-1001 : Current memory(MB): used = 498, reserve = 472, peak = 498.
PHY-1001 : End phase 2; 1.020936s wall, 1.062500s user + 0.156250s system = 1.218750s CPU (119.4%)

PHY-1001 : ===== Detail Route Phase 3 =====
PHY-1001 : Ripup-reroute.....
PHY-1001 : ===== DR Iter 1 =====
PHY-1022 : len = 155080, over cnt = 10(0%), over = 10, worst = 1, crit = 0
PHY-1001 : End DR Iter 1; 0.019858s wall, 0.015625s user + 0.015625s system = 0.031250s CPU (157.4%)

PHY-1001 : ===== DR Iter 2 =====
PHY-1022 : len = 155088, over cnt = 1(0%), over = 1, worst = 1, crit = 0
PHY-1001 : End DR Iter 2; 0.014575s wall, 0.015625s user + 0.000000s system = 0.015625s CPU (107.2%)

PHY-1001 : ===== DR Iter 3 =====
PHY-1022 : len = 155104, over cnt = 0(0%), over = 0, worst = 0, crit = 0
PHY-1001 : End DR Iter 3; 0.010761s wall, 0.015625s user + 0.000000s system = 0.015625s CPU (145.2%)

PHY-1001 : Commit to database.....
PHY-1001 : 14 feed throughs used by 14 nets
PHY-1001 : End commit to database; 0.078804s wall, 0.062500s user + 0.015625s system = 0.078125s CPU (99.1%)

PHY-1001 : Current memory(MB): used = 511, reserve = 484, peak = 511.
PHY-1001 : End phase 3; 0.200170s wall, 0.140625s user + 0.062500s system = 0.203125s CPU (101.5%)

PHY-1003 : Routed, final wirelength = 155104
PHY-1001 : Current memory(MB): used = 511, reserve = 484, peak = 511.
PHY-1001 : End export database. 0.005514s wall, 0.015625s user + 0.000000s system = 0.015625s CPU (283.4%)

PHY-1001 : End detail routing;  6.445425s wall, 6.359375s user + 0.281250s system = 6.640625s CPU (103.0%)

RUN-1003 : finish command "route" in  6.751951s wall, 6.640625s user + 0.328125s system = 6.968750s CPU (103.2%)

RUN-1004 : used memory is 446 MB, reserved memory is 418 MB, peak memory is 511 MB
RUN-1002 : start command "report_area -io_info -file ES8388_phy.area"
RUN-1001 : standard
***Report Model: audio_speak Device: EG4S20BG256***

IO Statistics
#IO                        33
  #input                   15
  #output                  15
  #inout                    3

Utilization Statistics
#lut                      800   out of  19600    4.08%
#reg                      459   out of  19600    2.34%
#le                       888
  #lut only               429   out of    888   48.31%
  #reg only                88   out of    888    9.91%
  #lut&reg                371   out of    888   41.78%
#dsp                        0   out of     29    0.00%
#bram                       0   out of     64    0.00%
  #bram9k                   0
  #fifo9k                   0
#bram32k                    0   out of     16    0.00%
#pad                       33   out of    188   17.55%
  #ireg                     6
  #oreg                     9
  #treg                     3
#pll                        3   out of      4   75.00%
#gclk                       8   out of     16   50.00%

Clock Resource Statistics
Index     ClockNet                                            Type               DriverType         Driver                                                               Fanout
#1        aud_bclk_1_dup_1                                    GCLK               io                 aud_bclk_1_syn_2.di                                                  45
#2        aud_bclk_2_dup_1                                    GCLK               io                 aud_bclk_2_syn_2.di                                                  45
#3        aud_bclk_dup_1                                      GCLK               io                 aud_bclk_syn_2.di                                                    45
#4        u2_es8388_ctrl/u_es8388_config/u_i2c_dri/dri_clk    GCLK               lslice             u2_es8388_ctrl/u_es8388_config/u_i2c_dri/cur_state[0]_syn_2929.q0    44
#5        u1_es8388_ctrl/u_es8388_config/u_i2c_dri/dri_clk    GCLK               lslice             u1_es8388_ctrl/u_es8388_config/u_i2c_dri/dri_clk_reg_syn_9.q0        43
#6        u_es8388_ctrl/u_es8388_config/u_i2c_dri/dri_clk     GCLK               mslice             u_es8388_ctrl/u_es8388_config/u_i2c_dri/dri_clk_reg_syn_9.q0         43
#7        sys_clk_dup_1                                       GCLK               io                 sys_clk_syn_2.di                                                     34
#8        aud_mclk_1_dup_1                                    GCLK               pll                u1_pll_clk/pll_inst.clkc1                                            0
#9        aud_mclk_2_dup_1                                    GCLK               pll                u2_pll_clk/pll_inst.clkc1                                            0
#10       aud_mclk_dup_1                                      GCLK               pll                u_pll_clk/pll_inst.clkc1                                             0
#11       u1_pll_clk/clk0_buf                                 GCLK               pll                u1_pll_clk/pll_inst.clkc0                                            0
#12       u2_pll_clk/clk0_buf                                 GCLK               pll                u2_pll_clk/pll_inst.clkc0                                            0
#13       u_pll_clk/clk0_buf                                  GCLK               pll                u_pll_clk/pll_inst.clkc0                                             0


Detailed IO Report

      Name        Direction    Location    IOStandard    DriveStrength    PullType     PackReg   
   aud_adcdat       INPUT        R14        LVCMOS25          N/A          PULLUP       IREG     
  aud_adcdat_1      INPUT        N12        LVCMOS25          N/A          PULLUP       IREG     
  aud_adcdat_2      INPUT        H15        LVCMOS25          N/A          PULLUP       IREG     
    aud_bclk        INPUT         M6        LVCMOS25          N/A          PULLUP       NONE     
   aud_bclk_1       INPUT        P12        LVCMOS25          N/A          PULLUP       NONE     
   aud_bclk_2       INPUT        F13        LVCMOS25          N/A          PULLUP       NONE     
    aud_lrc         INPUT         M7        LVCMOS25          N/A          PULLUP       IREG     
   aud_lrc_1        INPUT        P11        LVCMOS25          N/A          PULLUP       IREG     
   aud_lrc_2        INPUT        H13        LVCMOS25          N/A          PULLUP       IREG     
    sys_clk         INPUT         R7        LVCMOS25          N/A          PULLUP       NONE     
   sys_rst_n        INPUT         E3        LVCMOS25          N/A          PULLUP       NONE     
  sys_rst_n_1       INPUT         A9        LVCMOS25          N/A          PULLUP       NONE     
  sys_rst_n_2       INPUT        A10        LVCMOS25          N/A          PULLUP       NONE     
   volume[1]        INPUT        A11        LVCMOS25          N/A          PULLUP       NONE     
   volume[0]        INPUT        B10        LVCMOS25          N/A          PULLUP       NONE     
   aud_dacdat      OUTPUT         P6        LVCMOS25           8            NONE        OREG     
  aud_dacdat_1     OUTPUT        L10        LVCMOS25           8            NONE        OREG     
  aud_dacdat_2     OUTPUT        G12        LVCMOS25           8            NONE        OREG     
    aud_mclk       OUTPUT         N5        LVCMOS25           8            NONE        NONE     
   aud_mclk_1      OUTPUT        M12        LVCMOS25           8            NONE        NONE     
   aud_mclk_2      OUTPUT        F15        LVCMOS25           8            NONE        NONE     
    aud_scl        OUTPUT        R12        LVCMOS25           8            NONE        OREG     
   aud_scl_1       OUTPUT        M10        LVCMOS25           8            NONE        OREG     
   aud_scl_2       OUTPUT        D16        LVCMOS25           8            NONE        OREG     
     ilaclk        OUTPUT         T5        LVCMOS25           8            NONE        NONE     
    ilaclk_1       OUTPUT         D3        LVCMOS25           8            NONE        NONE     
    ilaclk_2       OUTPUT        K15        LVCMOS25           8            NONE        NONE     
      led          OUTPUT        B14        LVCMOS25           8            NONE        NONE     
     led_1         OUTPUT        B15        LVCMOS25           8            NONE        NONE     
     led_2         OUTPUT        B16        LVCMOS25           8            NONE        NONE     
    aud_sda         INOUT         R9        LVCMOS25           8           PULLUP     OREG;TREG  
   aud_sda_1        INOUT         P9        LVCMOS25           8           PULLUP     OREG;TREG  
   aud_sda_2        INOUT        J11        LVCMOS25           8           PULLUP     OREG;TREG  

Report Hierarchy Area:
+----------------------------------------------------------------------------------------+
|Instance            |Module        |le     |lut     |ripple  |seq     |bram    |dsp     |
+----------------------------------------------------------------------------------------+
|top                 |audio_speak   |888    |714     |86      |477     |0       |0       |
|  u1_es8388_ctrl    |es8388_ctrl   |277    |233     |25      |145     |0       |0       |
|    u_audio_receive |audio_receive |76     |47      |12      |53      |0       |0       |
|    u_audio_send    |audio_send    |25     |25      |0       |24      |0       |0       |
|    u_es8388_config |es8388_config |176    |161     |13      |68      |0       |0       |
|      u_i2c_dri     |i2c_dri       |119    |112     |5       |42      |0       |0       |
|      u_i2c_reg_cfg |i2c_reg_cfg   |57     |49      |8       |26      |0       |0       |
|  u1_pll_clk        |clk_wiz_0     |1      |1       |0       |0       |0       |0       |
|  u2_es8388_ctrl    |es8388_ctrl   |278    |229     |25      |145     |0       |0       |
|    u_audio_receive |audio_receive |81     |48      |12      |53      |0       |0       |
|    u_audio_send    |audio_send    |24     |24      |0       |24      |0       |0       |
|    u_es8388_config |es8388_config |173    |157     |13      |68      |0       |0       |
|      u_i2c_dri     |i2c_dri       |115    |108     |5       |41      |0       |0       |
|      u_i2c_reg_cfg |i2c_reg_cfg   |58     |49      |8       |27      |0       |0       |
|  u2_pll_clk        |clk_wiz_0     |1      |1       |0       |0       |0       |0       |
|  u_es8388_ctrl     |es8388_ctrl   |294    |240     |27      |145     |0       |0       |
|    u_audio_receive |audio_receive |85     |50      |12      |54      |0       |0       |
|    u_audio_send    |audio_send    |24     |22      |0       |23      |0       |0       |
|    u_es8388_config |es8388_config |185    |168     |15      |68      |0       |0       |
|      u_i2c_dri     |i2c_dri       |121    |113     |7       |41      |0       |0       |
|      u_i2c_reg_cfg |i2c_reg_cfg   |64     |55      |8       |27      |0       |0       |
|  u_pll_clk         |clk_wiz_0     |1      |1       |0       |0       |0       |0       |
+----------------------------------------------------------------------------------------+


DataNet Average Fanout:

   Index     Fanout    Nets  
    #1         1       548   
    #2         2       249   
    #3         3        78   
    #4         4        19   
    #5        5-10      78   
    #6       11-50      68   
    #7       51-100     3    
  Average     3.13           

RUN-1002 : start command "export_db ES8388_pr.db"
RUN-1001 : Exported /
RUN-1001 : Exported flow parameters
RUN-1001 : Exported libs
RUN-1001 : Exported entities
RUN-1001 : Exported ports
RUN-1001 : Exported pins
RUN-1001 : Exported instances
RUN-1001 : Exported nets
RUN-1001 : Exported buses
RUN-1001 : Exported models
RUN-1001 : Exported congestions
RUN-1001 : Exported violations
RUN-1001 : Exported IO constraints
RUN-1001 : Exported Inst constraints
RUN-1002 : start command "export_bid ES8388_inst.bid"
RUN-1002 : start command "bitgen -bit ES8388.bit -unused_io_status pulldown"
BIT-1003 : Start to generate bitstream. 
BIT-1002 : Bitgen processed 155 unused pads, reserve input tri_state with pulldown
BIT-1002 : Init instances with 16 threads.
BIT-1002 : Init instances completely, inst num: 664
BIT-1002 : Init pips with 16 threads.
BIT-1002 : Init pips completely, net num: 1091, pip num: 11063
BIT-1002 : Init feedthrough with 16 threads.
BIT-1002 : Init feedthrough completely, num: 14
BIT-1003 : Multithreading accelaration with 16 threads.
BIT-1003 : Generate bitstream completely, there are 1565 valid insts, and 30816 bits set as '1'.
BIT-1004 : PLL setting string = 0111
BIT-1004 : Generate bits file ES8388.bit.
RUN-1003 : finish command "bitgen -bit ES8388.bit -unused_io_status pulldown" in  1.221621s wall, 11.046875s user + 0.734375s system = 11.781250s CPU (964.4%)

RUN-1004 : used memory is 448 MB, reserved memory is 430 MB, peak memory is 645 MB
RUN-1002 : start command "backup_run_log run.log ../.logs/phy_1/td_20251023_151744.log"
