============================================================
   Tang Dynasty, V5.6.71036
      Copyright (c) 2012-2023 Anlogic Inc.
   Executable = D:/TD/bin/td.exe
   Built at =   20:34:38 Mar 21 2023
   Run by =     lyw15
   Run Date =   Fri Oct 31 14:11:01 2025

   Run on =     -001
============================================================
RUN-1002 : start command "open_project ES8388.prj"
RUN-1001 : Print Global Property
RUN-1001 : ---------------------------------------------------------------
RUN-1001 :        Parameters        |  Settings  |  Default Values  |  Note  
RUN-1001 : ---------------------------------------------------------------
RUN-1001 :          message         |  standard  |     standard     |        
RUN-1001 :   mixed_pack_place_flow  |     on     |        on        |        
RUN-1001 :        qor_monitor       |    off     |       off        |        
RUN-1001 :        syn_ip_flow       |    off     |       off        |        
RUN-1001 :          thread          |    auto    |       auto       |        
RUN-1001 : ---------------------------------------------------------------
RUN-1001 : Print Design Property
RUN-1001 : --------------------------------------------------------------
RUN-1001 :        Parameters       |  Settings  |  Default Values  |  Note  
RUN-1001 : --------------------------------------------------------------
RUN-1001 :   default_reg_initial   |    auto    |       auto       |        
RUN-1001 :        infer_add        |     on     |        on        |        
RUN-1001 :        infer_fsm        |    off     |       off        |        
RUN-1001 :        infer_mult       |     on     |        on        |        
RUN-1001 :        infer_ram        |     on     |        on        |        
RUN-1001 :        infer_reg        |     on     |        on        |        
RUN-1001 :   infer_reg_init_value  |     on     |        on        |        
RUN-1001 :        infer_rom        |     on     |        on        |        
RUN-1001 :      infer_shifter      |     on     |        on        |        
RUN-1001 : --------------------------------------------------------------
RUN-1001 : Print Rtl Property
RUN-1001 : --------------------------------------------------------------
RUN-1001 :        Parameters       |  Settings  |  Default Values  |  Note  
RUN-1001 : --------------------------------------------------------------
RUN-1001 :       compress_add      |   ripple   |      ripple      |        
RUN-1001 :        elf_sload        |    off     |       off        |        
RUN-1001 :       fix_undriven      |     0      |        0         |        
RUN-1001 :         flatten         |    off     |       off        |        
RUN-1001 :       gate_sharing      |     on     |        on        |        
RUN-1001 :    hdl_warning_level    |   normal   |      normal      |        
RUN-1001 :   impl_internal_tribuf  |     on     |        on        |        
RUN-1001 :      impl_set_reset     |     on     |        on        |        
RUN-1001 :        infer_gsr        |    off     |       off        |        
RUN-1001 :      keep_hierarchy     |    auto    |       auto       |        
RUN-1001 :        max_fanout       |    9999    |       9999       |        
RUN-1001 :      max_oh2bin_len     |     10     |        10        |        
RUN-1001 :       merge_equal       |     on     |        on        |        
RUN-1001 :       merge_equiv       |     on     |        on        |        
RUN-1001 :        merge_mux        |    off     |       off        |        
RUN-1001 :     min_control_set     |     8      |        8         |        
RUN-1001 :      min_ripple_len     |    auto    |       auto       |        
RUN-1001 :       oh2bin_ratio      |    0.08    |       0.08       |        
RUN-1001 :     opt_adder_fanout    |     on     |        on        |        
RUN-1001 :        opt_arith        |     on     |        on        |        
RUN-1001 :       opt_big_gate      |    off     |       off        |        
RUN-1001 :        opt_const        |     on     |        on        |        
RUN-1001 :      opt_const_mult     |     on     |        on        |        
RUN-1001 :       opt_lessthan      |     on     |        on        |        
RUN-1001 :         opt_mux         |    off     |       off        |        
RUN-1001 :         opt_ram         |    high    |       high       |        
RUN-1001 :      rtl_sim_model      |    off     |       off        |        
RUN-1001 :         seq_syn         |     on     |        on        |        
RUN-1001 : --------------------------------------------------------------
HDL-1007 : analyze verilog file ../../al_ip/clk_wiz_0.v
HDL-1007 : undeclared symbol 'open', assumed default net type 'wire' in ../../al_ip/clk_wiz_0.v(80)
HDL-1007 : analyze verilog file ../../../RTL/audio_receive.v
HDL-1007 : analyze verilog file ../../../RTL/audio_send.v
HDL-1007 : analyze verilog file ../../../RTL/audio_speak.v
HDL-1007 : analyze verilog file ../../../RTL/es8388_config.v
HDL-1007 : analyze verilog file ../../../RTL/es8388_ctrl.v
HDL-1007 : analyze verilog file ../../../RTL/i2c_dri.v
HDL-1007 : analyze verilog file ../../../RTL/i2c_reg_cfg.v
HDL-1007 : analyze verilog file ../../../RTL/spar_4mic_localization.v
HDL-1007 : analyze verilog file ../../../RTL/noise_suppress.v
HDL-1007 : analyze verilog file ../../../RTL/pitch_shift.v
HDL-5007 WARNING: loop variable declaration is not allowed in this mode of Verilog in ../../../RTL/pitch_shift.v(30)
HDL-1007 : analyze verilog file ../../../RTL/simple_denoise.v
RUN-1001 : Project manager successfully analyzed 12 source files.
RUN-1002 : start command "import_device eagle_s20.db -package EG4S20BG256"
ARC-1001 : Device Initialization.
ARC-1001 : ------------------------------------------------------------------
ARC-1001 :            OPTION            |          IO          |   SETTING   
ARC-1001 : ------------------------------------------------------------------
ARC-1001 :   cso_b/cclk/mosi/miso/dout  |  T3/R11/T10/P10/S11  |    gpio    
ARC-1001 :             done             |         P13          |    gpio    
ARC-1001 :           program_b          |          T2          |  dedicate  
ARC-1001 :        tdi/tms/tck/tdo       |   C12/A15/C14/E14    |  dedicate  
ARC-1001 : ------------------------------------------------------------------
ARC-1004 : Device setting, marked 5 dedicate IOs in total.
RUN-1002 : start command "import_db ../syn_1/ES8388_gate.db"
RUN-1001 : Importing database generated by Tang Dynasty, V5.6.71036.
RUN-1001 : Database version number 46146.
RUN-1001 : Import flow parameters
RUN-1001 : Import IO constraints
RUN-1001 : Import Inst constraints
RUN-1001 : Import design success TD_VERSION=5.6.71036 , DB_VERSION=46146
RUN-1002 : start command "place"
RUN-1001 : Open license file D:/TD/license/Anlogic.lic
RUN-1001 : Print Global Property
RUN-1001 : ---------------------------------------------------------------
RUN-1001 :        Parameters        |  Settings  |  Default Values  |  Note  
RUN-1001 : ---------------------------------------------------------------
RUN-1001 :          message         |  standard  |     standard     |        
RUN-1001 :   mixed_pack_place_flow  |     on     |        on        |        
RUN-1001 :        qor_monitor       |    off     |       off        |        
RUN-1001 :        syn_ip_flow       |    off     |       off        |        
RUN-1001 :          thread          |    auto    |       auto       |        
RUN-1001 : ---------------------------------------------------------------
RUN-1001 : Print Place Property
RUN-1001 : --------------------------------------------------------------
RUN-1001 :        Parameters       |  Settings  |  Default Values  |  Note  
RUN-1001 : --------------------------------------------------------------
RUN-1001 :      detailed_place     |     on     |        on        |        
RUN-1001 :          effort         |   medium   |      medium      |        
RUN-1001 :         fix_hold        |    off     |       off        |        
RUN-1001 :       legalization      |    ori     |       ori        |        
RUN-1001 :      new_spreading      |     on     |        on        |        
RUN-1001 :        opt_timing       |   medium   |      medium      |        
RUN-1001 :   post_clock_route_opt  |    off     |       off        |        
RUN-1001 :       pr_strategy       |     1      |        1         |        
RUN-1001 :        relaxation       |    1.00    |       1.00       |        
RUN-1001 :         retiming        |    off     |       off        |        
RUN-1001 : --------------------------------------------------------------
PHY-3001 : Placer runs in 24 thread(s).
RUN-1002 : start command "legalize_phy_inst"
SYN-1011 : Flatten model audio_speak
RUN-1002 : start command "phys_opt -simplify_lut"
SYN-4016 : Net ilaclk_1_dup_1 driven by BUFG (0 clock/control pins, 2 other pins).
SYN-4016 : Net ilaclk_2_dup_1 driven by BUFG (0 clock/control pins, 2 other pins).
SYN-4016 : Net ilaclk_3_dup_1 driven by BUFG (0 clock/control pins, 2 other pins).
SYN-4016 : Net ilaclk_dup_1 driven by BUFG (0 clock/control pins, 2 other pins).
SYN-4027 : Net aud_mclk_1_dup_1 is clkc1 of pll u1_pll_clk/pll_inst.
SYN-4019 : Net sys_clk_dup_1 is refclk of pll u1_pll_clk/pll_inst.
SYN-4020 : Net sys_clk_dup_1 is fbclk of pll u1_pll_clk/pll_inst.
SYN-4027 : Net aud_mclk_2_dup_1 is clkc1 of pll u2_pll_clk/pll_inst.
SYN-4019 : Net sys_clk_dup_1 is refclk of pll u2_pll_clk/pll_inst.
SYN-4020 : Net sys_clk_dup_1 is fbclk of pll u2_pll_clk/pll_inst.
SYN-4027 : Net aud_mclk_3_dup_1 is clkc1 of pll u3_pll_clk/pll_inst.
SYN-4019 : Net sys_clk_dup_1 is refclk of pll u3_pll_clk/pll_inst.
SYN-4020 : Net sys_clk_dup_1 is fbclk of pll u3_pll_clk/pll_inst.
SYN-4027 : Net aud_mclk_dup_1 is clkc1 of pll u_pll_clk/pll_inst.
SYN-4019 : Net sys_clk_dup_1 is refclk of pll u_pll_clk/pll_inst.
SYN-4020 : Net sys_clk_dup_1 is fbclk of pll u_pll_clk/pll_inst.
SYN-4024 : Net "aud_bclk_2_dup_1" drives clk pins.
SYN-4024 : Net "aud_bclk_dup_1" drives clk pins.
SYN-4024 : Net "aud_bclk_1_dup_1" drives clk pins.
SYN-4024 : Net "aud_bclk_3_dup_1" drives clk pins.
SYN-4024 : Net "u1_es8388_ctrl/u_es8388_config/u_i2c_dri/dri_clk" drives clk pins.
SYN-4024 : Net "u2_es8388_ctrl/u_es8388_config/u_i2c_dri/dri_clk" drives clk pins.
SYN-4024 : Net "u3_es8388_ctrl/u_es8388_config/u_i2c_dri/dri_clk" drives clk pins.
SYN-7503 WARNING: Net "u_es8388_ctrl/u_es8388_config/u_i2c_dri/dri_clk" drives clk pins. However it will not be tagged as clk net, for there's no more slots.
SYN-4025 : Tag rtl::Net aud_bclk_1_dup_1 as clock net
SYN-4025 : Tag rtl::Net aud_bclk_2_dup_1 as clock net
SYN-4025 : Tag rtl::Net aud_bclk_3_dup_1 as clock net
SYN-4025 : Tag rtl::Net aud_bclk_dup_1 as clock net
SYN-4025 : Tag rtl::Net aud_mclk_1_dup_1 as clock net
SYN-4025 : Tag rtl::Net aud_mclk_2_dup_1 as clock net
SYN-4025 : Tag rtl::Net aud_mclk_3_dup_1 as clock net
SYN-4025 : Tag rtl::Net aud_mclk_dup_1 as clock net
SYN-4025 : Tag rtl::Net ilaclk_1_dup_1 as clock net
SYN-4025 : Tag rtl::Net ilaclk_2_dup_1 as clock net
SYN-4025 : Tag rtl::Net ilaclk_3_dup_1 as clock net
SYN-4025 : Tag rtl::Net ilaclk_dup_1 as clock net
SYN-4025 : Tag rtl::Net sys_clk_dup_1 as clock net
SYN-4025 : Tag rtl::Net u1_es8388_ctrl/u_es8388_config/u_i2c_dri/dri_clk as clock net
SYN-4025 : Tag rtl::Net u2_es8388_ctrl/u_es8388_config/u_i2c_dri/dri_clk as clock net
SYN-4025 : Tag rtl::Net u3_es8388_ctrl/u_es8388_config/u_i2c_dri/dri_clk as clock net
SYN-4026 : Tagged 16 rtl::Net as clock net
SYN-4015 : Create BUFG instance for clk Net aud_bclk_2_dup_1 to drive 83 clock pins.
SYN-4015 : Create BUFG instance for clk Net aud_bclk_1_dup_1 to drive 80 clock pins.
SYN-4015 : Create BUFG instance for clk Net aud_bclk_3_dup_1 to drive 80 clock pins.
SYN-4015 : Create BUFG instance for clk Net aud_bclk_dup_1 to drive 80 clock pins.
SYN-4015 : Create BUFG instance for clk Net u1_es8388_ctrl/u_es8388_config/u_i2c_dri/dri_clk to drive 59 clock pins.
SYN-4015 : Create BUFG instance for clk Net u2_es8388_ctrl/u_es8388_config/u_i2c_dri/dri_clk to drive 59 clock pins.
SYN-4015 : Create BUFG instance for clk Net u3_es8388_ctrl/u_es8388_config/u_i2c_dri/dri_clk to drive 59 clock pins.
PHY-1001 : Populate physical database on model audio_speak.
RUN-1001 : There are total 13955 instances
RUN-0007 : 5738 luts, 7232 seqs, 593 mslices, 317 lslices, 55 pads, 0 brams, 2 dsps
RUN-1001 : There are total 15951 nets
RUN-1001 : 13692 nets have 2 pins
RUN-1001 : 1438 nets have [3 - 5] pins
RUN-1001 : 331 nets have [6 - 10] pins
RUN-1001 : 127 nets have [11 - 20] pins
RUN-1001 : 319 nets have [21 - 99] pins
RUN-1001 : 44 nets have 100+ pins
RUN-1001 : Report Control nets information:
RUN-1001 : DFF Distribution
RUN-1001 : ----------------------------------
RUN-1001 :   CE   |  SSR  |  ASR  |  DFF Count  
RUN-1001 : ----------------------------------
RUN-1001 :   No   |  No   |  No   |     24      
RUN-1001 :   No   |  No   |  Yes  |     671     
RUN-1001 :   No   |  Yes  |  No   |     27      
RUN-1001 :   Yes  |  No   |  No   |      0      
RUN-1001 :   Yes  |  No   |  Yes  |    6478     
RUN-1001 :   Yes  |  Yes  |  No   |     32      
RUN-1001 : ----------------------------------
RUN-0007 : Control Group Statistic
RUN-0007 : ---------------------------
RUN-0007 :   #CLK  |  #CE  |  #SSR/ASR  
RUN-0007 : ---------------------------
RUN-0007 :    9    |  278  |     11     
RUN-0007 : ---------------------------
RUN-0007 : Control Set = 293
PHY-3001 : Initial placement ...
PHY-3001 : design contains 13953 instances, 5738 luts, 7232 seqs, 910 slices, 188 macros(910 instances: 593 mslices 317 lslices)
PHY-3001 : Huge net led_dup_1 with 6372 pins
PHY-3001 : Huge net u_pitch_shift/read_ptr[1] with 3021 pins
PHY-3001 : Huge net u_pitch_shift/read_ptr[0] with 1838 pins
PHY-0007 : Cell area utilization is 38%
PHY-3001 : Global placement ...
PHY-3001 : Initial: Len = 2.90109e+06
PHY-3001 : Clustering ...
PHY-3001 : Level 0 #clusters 13953.
PHY-3001 : Level 1 #clusters 1544.
PHY-3001 : End clustering;  0.088331s wall, 0.109375s user + 0.000000s system = 0.109375s CPU (123.8%)

PHY-3001 : Run with size of 4
PHY-3001 : Cell area utilization is 38%
PHY-3001 : :::0::: Try harder cell spreading with beta_ = 0
PHY-3002 : Step(1): len = 617452, overlap = 191.375
PHY-3002 : Step(2): len = 555315, overlap = 278.562
PHY-3002 : Step(3): len = 375474, overlap = 483.562
PHY-3002 : Step(4): len = 337108, overlap = 531.75
PHY-3002 : Step(5): len = 265594, overlap = 669.75
PHY-3002 : Step(6): len = 233041, overlap = 731.719
PHY-3002 : Step(7): len = 192639, overlap = 800.844
PHY-3002 : Step(8): len = 170314, overlap = 854.812
PHY-3002 : Step(9): len = 142909, overlap = 910.125
PHY-3002 : Step(10): len = 129960, overlap = 930.562
PHY-3002 : Step(11): len = 111564, overlap = 979.719
PHY-3002 : Step(12): len = 100986, overlap = 1022.78
PHY-3002 : Step(13): len = 89302.5, overlap = 1047.56
PHY-3002 : Step(14): len = 83551.6, overlap = 1056.19
PHY-3002 : Step(15): len = 74954.2, overlap = 1085.59
PHY-3001 : :::1::: Try harder cell spreading with beta_ = 3.38134e-07
PHY-3002 : Step(16): len = 80853.3, overlap = 1050.47
PHY-3002 : Step(17): len = 97581.9, overlap = 1029.22
PHY-3002 : Step(18): len = 93065.2, overlap = 1005.47
PHY-3002 : Step(19): len = 92328.2, overlap = 985.438
PHY-3002 : Step(20): len = 91888.6, overlap = 939.281
PHY-3002 : Step(21): len = 96806.8, overlap = 925.438
PHY-3002 : Step(22): len = 96847.2, overlap = 898.656
PHY-3002 : Step(23): len = 97443.3, overlap = 894.344
PHY-3002 : Step(24): len = 95539.7, overlap = 910.688
PHY-3002 : Step(25): len = 94336.6, overlap = 896.969
PHY-3002 : Step(26): len = 91572.8, overlap = 885.594
PHY-3002 : Step(27): len = 90158.8, overlap = 899.812
PHY-3002 : Step(28): len = 87709.4, overlap = 929.156
PHY-3002 : Step(29): len = 86775.4, overlap = 926.031
PHY-3002 : Step(30): len = 85402.3, overlap = 912.594
PHY-3002 : Step(31): len = 83876.4, overlap = 903.688
PHY-3002 : Step(32): len = 82617.5, overlap = 886.594
PHY-3002 : Step(33): len = 81550.8, overlap = 901.469
PHY-3002 : Step(34): len = 80071.7, overlap = 922.625
PHY-3002 : Step(35): len = 78712.2, overlap = 909.312
PHY-3002 : Step(36): len = 77399.1, overlap = 879.719
PHY-3002 : Step(37): len = 77415.8, overlap = 877
PHY-3001 : :::2::: Try harder cell spreading with beta_ = 6.76268e-07
PHY-3002 : Step(38): len = 81923, overlap = 914.969
PHY-3002 : Step(39): len = 87120.6, overlap = 900.469
PHY-3002 : Step(40): len = 88028.8, overlap = 874.406
PHY-3002 : Step(41): len = 89468.4, overlap = 868.781
PHY-3002 : Step(42): len = 88934.8, overlap = 857.656
PHY-3002 : Step(43): len = 89139.1, overlap = 864.688
PHY-3002 : Step(44): len = 88064.4, overlap = 867.75
PHY-3002 : Step(45): len = 88289.5, overlap = 861.219
PHY-3002 : Step(46): len = 87346.6, overlap = 867.031
PHY-3001 : :::3::: Try harder cell spreading with beta_ = 1.35254e-06
PHY-3002 : Step(47): len = 94732.9, overlap = 824.062
PHY-3002 : Step(48): len = 100021, overlap = 842.094
PHY-3002 : Step(49): len = 102177, overlap = 796.938
PHY-3002 : Step(50): len = 105343, overlap = 754.031
PHY-3002 : Step(51): len = 107609, overlap = 740
PHY-3002 : Step(52): len = 109551, overlap = 685.781
PHY-3002 : Step(53): len = 109858, overlap = 674.25
PHY-3002 : Step(54): len = 110320, overlap = 671.031
PHY-3002 : Step(55): len = 110469, overlap = 665.969
PHY-3002 : Step(56): len = 110340, overlap = 673.781
PHY-3001 : :::4::: Try harder cell spreading with beta_ = 2.70507e-06
PHY-3002 : Step(57): len = 119063, overlap = 669.094
PHY-3002 : Step(58): len = 127192, overlap = 610
PHY-3002 : Step(59): len = 128770, overlap = 568.656
PHY-3002 : Step(60): len = 130967, overlap = 516.656
PHY-3002 : Step(61): len = 130052, overlap = 493.344
PHY-3002 : Step(62): len = 130330, overlap = 496.875
PHY-3002 : Step(63): len = 129580, overlap = 519.031
PHY-3002 : Step(64): len = 129667, overlap = 511.406
PHY-3002 : Step(65): len = 128580, overlap = 519.594
PHY-3001 : :::5::: Try harder cell spreading with beta_ = 5.41015e-06
PHY-3002 : Step(66): len = 141231, overlap = 455.094
PHY-3002 : Step(67): len = 148921, overlap = 419.375
PHY-3002 : Step(68): len = 151869, overlap = 346.406
PHY-3002 : Step(69): len = 153779, overlap = 334.375
PHY-3002 : Step(70): len = 152765, overlap = 343.656
PHY-3002 : Step(71): len = 152912, overlap = 354.75
PHY-3002 : Step(72): len = 152662, overlap = 342.938
PHY-3002 : Step(73): len = 152814, overlap = 336.062
PHY-3002 : Step(74): len = 152149, overlap = 323.062
PHY-3001 : :::6::: Try harder cell spreading with beta_ = 1.08203e-05
PHY-3002 : Step(75): len = 163095, overlap = 298.562
PHY-3002 : Step(76): len = 171685, overlap = 249.719
PHY-3002 : Step(77): len = 171309, overlap = 217.312
PHY-3002 : Step(78): len = 172438, overlap = 190.844
PHY-3002 : Step(79): len = 172688, overlap = 176.75
PHY-3002 : Step(80): len = 173594, overlap = 179.781
PHY-3002 : Step(81): len = 172787, overlap = 170.531
PHY-3002 : Step(82): len = 173598, overlap = 153.281
PHY-3002 : Step(83): len = 174098, overlap = 153.844
PHY-3002 : Step(84): len = 174806, overlap = 140.594
PHY-3002 : Step(85): len = 173109, overlap = 137.281
PHY-3001 : :::7::: Try harder cell spreading with beta_ = 2.11435e-05
PHY-3002 : Step(86): len = 182489, overlap = 114.344
PHY-3002 : Step(87): len = 189854, overlap = 111.125
PHY-3002 : Step(88): len = 189077, overlap = 121.344
PHY-3002 : Step(89): len = 189726, overlap = 118.219
PHY-3002 : Step(90): len = 190311, overlap = 106.656
PHY-3002 : Step(91): len = 191304, overlap = 101.875
PHY-3002 : Step(92): len = 192084, overlap = 96.75
PHY-3002 : Step(93): len = 193171, overlap = 99.4375
PHY-3002 : Step(94): len = 193282, overlap = 101.938
PHY-3002 : Step(95): len = 193576, overlap = 95.7812
PHY-3002 : Step(96): len = 193138, overlap = 94.125
PHY-3001 : :::8::: Try harder cell spreading with beta_ = 4.13641e-05
PHY-3002 : Step(97): len = 199586, overlap = 77.5
PHY-3002 : Step(98): len = 206070, overlap = 78.1562
PHY-3002 : Step(99): len = 206389, overlap = 85.5312
PHY-3002 : Step(100): len = 207744, overlap = 77.75
PHY-3002 : Step(101): len = 209859, overlap = 78.1562
PHY-3002 : Step(102): len = 211309, overlap = 74.0312
PHY-3002 : Step(103): len = 209790, overlap = 63.25
PHY-3002 : Step(104): len = 209797, overlap = 59
PHY-3002 : Step(105): len = 210396, overlap = 57.5625
PHY-3002 : Step(106): len = 210885, overlap = 60.25
PHY-3002 : Step(107): len = 209923, overlap = 60.0938
PHY-3001 : :::9::: Try harder cell spreading with beta_ = 7.73295e-05
PHY-3002 : Step(108): len = 214116, overlap = 51.6562
PHY-3002 : Step(109): len = 218897, overlap = 54.875
PHY-3002 : Step(110): len = 220099, overlap = 55.5625
PHY-3002 : Step(111): len = 221098, overlap = 53.7812
PHY-3002 : Step(112): len = 222547, overlap = 55.3125
PHY-3002 : Step(113): len = 223860, overlap = 54.1875
PHY-3002 : Step(114): len = 224218, overlap = 54.3125
PHY-3002 : Step(115): len = 224692, overlap = 54.4688
PHY-3002 : Step(116): len = 225298, overlap = 54.9062
PHY-3001 : :::10::: Try harder cell spreading with beta_ = 0.000154659
PHY-3002 : Step(117): len = 230024, overlap = 48.5625
PHY-3002 : Step(118): len = 234865, overlap = 47.25
PHY-3002 : Step(119): len = 237191, overlap = 35.625
PHY-3002 : Step(120): len = 238989, overlap = 31.1875
PHY-3002 : Step(121): len = 239806, overlap = 30.6562
PHY-3002 : Step(122): len = 240559, overlap = 30.875
PHY-3002 : Step(123): len = 240457, overlap = 28.5
PHY-3002 : Step(124): len = 240332, overlap = 27.3125
PHY-3002 : Step(125): len = 240563, overlap = 30.5625
PHY-3001 : :::11::: Try harder cell spreading with beta_ = 0.000307584
PHY-3002 : Step(126): len = 243086, overlap = 27.4375
PHY-3002 : Step(127): len = 247175, overlap = 26.25
PHY-3002 : Step(128): len = 249033, overlap = 28.1875
PHY-3002 : Step(129): len = 250681, overlap = 26.25
PHY-3002 : Step(130): len = 252142, overlap = 27.125
PHY-3002 : Step(131): len = 252911, overlap = 25.5625
PHY-3002 : Step(132): len = 252715, overlap = 23.5625
PHY-3002 : Step(133): len = 252906, overlap = 22.125
PHY-3002 : Step(134): len = 253348, overlap = 22.6875
PHY-3002 : Step(135): len = 253697, overlap = 23
PHY-3002 : Step(136): len = 253670, overlap = 21.25
PHY-3001 : :::12::: Try harder cell spreading with beta_ = 0.000540859
PHY-3002 : Step(137): len = 255442, overlap = 22
PHY-3002 : Step(138): len = 258765, overlap = 22.6875
PHY-3002 : Step(139): len = 259502, overlap = 22.6875
PHY-3002 : Step(140): len = 260262, overlap = 21.9375
PHY-3002 : Step(141): len = 261383, overlap = 21.6875
PHY-3002 : Step(142): len = 262497, overlap = 21.6875
PHY-3002 : Step(143): len = 262697, overlap = 21.6875
PHY-3002 : Step(144): len = 263129, overlap = 21.25
PHY-3002 : Step(145): len = 263832, overlap = 22.875
PHY-3002 : Step(146): len = 264200, overlap = 25.6875
PHY-3002 : Step(147): len = 264070, overlap = 24.6875
PHY-3002 : Step(148): len = 264187, overlap = 24.125
PHY-3002 : Step(149): len = 264562, overlap = 24.0938
PHY-3002 : Step(150): len = 264698, overlap = 19.9062
PHY-3002 : Step(151): len = 264554, overlap = 19.9062
PHY-3001 : :::13::: Try harder cell spreading with beta_ = 0.000875388
PHY-3002 : Step(152): len = 265430, overlap = 16.9062
PHY-3002 : Step(153): len = 266769, overlap = 17.875
PHY-3001 : Legalization ...
PHY-3001 : End legalization;  0.004390s wall, 0.000000s user + 0.015625s system = 0.015625s CPU (356.0%)

PHY-3001 : Run with size of 4
PHY-3001 : Cell area utilization is 45%
PHY-3001 : Analyzing congestion ...
RUN-1001 : Generating global routing grids ...
RUN-1001 : Building simple global routing graph ...
PHY-1001 : Generate routing nets ...
PHY-1001 : Reuse net number 0/15951.
PHY-1001 : Global iterations in 24 thread ...
PHY-1002 : len = 427280, over cnt = 1385(3%), over = 6848, worst = 116
PHY-1001 : End global iterations;  0.720795s wall, 0.781250s user + 0.218750s system = 1.000000s CPU (138.7%)

PHY-1001 : Congestion index: top1 = 68.41, top5 = 48.42, top10 = 41.08, top15 = 36.67.
PHY-3001 : End congestion estimation;  0.829465s wall, 0.843750s user + 0.265625s system = 1.109375s CPU (133.7%)

PHY-3001 : Update density targets...
PHY-3001 : Update congestion history...
PHY-3001 : :::0::: Try harder cell spreading with beta_ = 4.59352e-05
PHY-3002 : Step(154): len = 296266, overlap = 27
PHY-3002 : Step(155): len = 304904, overlap = 28.625
PHY-3002 : Step(156): len = 308154, overlap = 16.875
PHY-3002 : Step(157): len = 295692, overlap = 16.2188
PHY-3002 : Step(158): len = 289682, overlap = 15.9375
PHY-3002 : Step(159): len = 284594, overlap = 17
PHY-3002 : Step(160): len = 275347, overlap = 20.9062
PHY-3002 : Step(161): len = 272191, overlap = 26.625
PHY-3002 : Step(162): len = 272896, overlap = 27.8438
PHY-3002 : Step(163): len = 269536, overlap = 30.1875
PHY-3002 : Step(164): len = 266704, overlap = 32.875
PHY-3002 : Step(165): len = 265684, overlap = 35.1875
PHY-3002 : Step(166): len = 260243, overlap = 38.2188
PHY-3002 : Step(167): len = 257116, overlap = 41.2188
PHY-3002 : Step(168): len = 257508, overlap = 42.9062
PHY-3002 : Step(169): len = 257949, overlap = 44.4062
PHY-3001 : :::1::: Try harder cell spreading with beta_ = 9.18703e-05
PHY-3002 : Step(170): len = 262601, overlap = 43.8438
PHY-3002 : Step(171): len = 262814, overlap = 43.5312
PHY-3002 : Step(172): len = 273428, overlap = 41.3125
PHY-3002 : Step(173): len = 273428, overlap = 41.3125
PHY-3002 : Step(174): len = 269885, overlap = 40.9062
PHY-3001 : :::2::: Try harder cell spreading with beta_ = 0.000183741
PHY-3002 : Step(175): len = 282069, overlap = 40.0312
PHY-3002 : Step(176): len = 297632, overlap = 38.0625
PHY-3002 : Step(177): len = 304807, overlap = 36.625
PHY-3002 : Step(178): len = 307658, overlap = 34.4062
PHY-3002 : Step(179): len = 301495, overlap = 33.3125
PHY-3002 : Step(180): len = 296982, overlap = 32.2188
PHY-3002 : Step(181): len = 292814, overlap = 30.6875
PHY-3001 : Run with size of 2
PHY-3001 : Cell area utilization is 45%
PHY-3001 : Analyzing congestion ...
RUN-1001 : Generating global routing grids ...
PHY-1001 : Generate routing nets ...
PHY-1001 : Reuse net number 87/15951.
PHY-1001 : Global iterations in 24 thread ...
PHY-1002 : len = 436136, over cnt = 1767(5%), over = 9795, worst = 65
PHY-1001 : End global iterations;  0.879193s wall, 0.906250s user + 0.171875s system = 1.078125s CPU (122.6%)

PHY-1001 : Congestion index: top1 = 78.36, top5 = 58.85, top10 = 49.12, top15 = 43.48.
PHY-3001 : End congestion estimation;  1.004707s wall, 1.000000s user + 0.203125s system = 1.203125s CPU (119.7%)

PHY-3001 : Update density targets...
PHY-3001 : Update congestion history...
PHY-3001 : :::0::: Try harder cell spreading with beta_ = 3.3928e-05
PHY-3002 : Step(182): len = 275214, overlap = 188
PHY-3002 : Step(183): len = 281609, overlap = 157.375
PHY-3002 : Step(184): len = 280636, overlap = 139.875
PHY-3002 : Step(185): len = 271154, overlap = 114.938
PHY-3002 : Step(186): len = 273781, overlap = 109.281
PHY-3002 : Step(187): len = 274021, overlap = 99.25
PHY-3002 : Step(188): len = 270211, overlap = 96.7812
PHY-3002 : Step(189): len = 264392, overlap = 93.75
PHY-3002 : Step(190): len = 261358, overlap = 92.6562
PHY-3002 : Step(191): len = 256692, overlap = 89.8125
PHY-3002 : Step(192): len = 255241, overlap = 94.7188
PHY-3002 : Step(193): len = 254312, overlap = 100.344
PHY-3002 : Step(194): len = 251895, overlap = 87.5625
PHY-3002 : Step(195): len = 244244, overlap = 95.9375
PHY-3002 : Step(196): len = 242032, overlap = 98.6875
PHY-3002 : Step(197): len = 242539, overlap = 100.312
PHY-3001 : :::1::: Try harder cell spreading with beta_ = 6.78561e-05
PHY-3002 : Step(198): len = 244414, overlap = 89.25
PHY-3002 : Step(199): len = 251032, overlap = 87.0312
PHY-3002 : Step(200): len = 254152, overlap = 82.5625
PHY-3002 : Step(201): len = 255528, overlap = 82.875
PHY-3001 : :::2::: Try harder cell spreading with beta_ = 0.000135712
PHY-3002 : Step(202): len = 256782, overlap = 77.9375
PHY-3002 : Step(203): len = 262180, overlap = 81.4375
PHY-3002 : Step(204): len = 268495, overlap = 75.5
PHY-3002 : Step(205): len = 270985, overlap = 72.2188
PHY-3002 : Step(206): len = 270795, overlap = 72.9688
PHY-3002 : Step(207): len = 267875, overlap = 69.9375
PHY-3002 : Step(208): len = 265071, overlap = 73.3438
PHY-3002 : Step(209): len = 263972, overlap = 72.5625
OPT-1001 : Start physical optimization ...
OPT-1001 : Total overflow 365.16 peak overflow 4.56
OPT-1001 : Start high-fanout net optimization ...
OPT-1001 : Update timing in global mode
PHY-1001 : Start incremental global routing, caller is place ...
RUN-1001 : Generating global routing grids ...
PHY-1001 : Generate routing nets ...
PHY-1001 : Reuse net number 116/15951.
PHY-1001 : Global iterations in 24 thread ...
PHY-1002 : len = 443584, over cnt = 1959(5%), over = 7453, worst = 40
PHY-1001 : End global iterations;  1.326477s wall, 1.218750s user + 0.296875s system = 1.515625s CPU (114.3%)

PHY-1001 : Congestion index: top1 = 53.88, top5 = 42.88, top10 = 38.25, top15 = 35.47.
PHY-1001 : End incremental global routing;  1.521772s wall, 1.406250s user + 0.296875s system = 1.703125s CPU (111.9%)

RUN-1002 : start command "start_timer -report"
TMR-5001 WARNING: No sdc constraints found while initiating timer.
TMR-2505 : Start building timing graph for model audio_speak.
TMR-2506 : Build timing graph completely. Port num: 52, tpin num: 71102, tnet num: 14893, tinst num: 13953, tnode num: 99929, tedge num: 115444.
TMR-2508 : Levelizing timing graph completed, there are 43 levels in total.
TMR-2501 : Timing graph initialized successfully.
OPT-1001 : End timing update;  0.634464s wall, 0.609375s user + 0.031250s system = 0.640625s CPU (101.0%)

OPT-1001 : 0 high-fanout net processed.
OPT-1001 : End high-fanout net optimization;  2.354708s wall, 2.203125s user + 0.328125s system = 2.531250s CPU (107.5%)

OPT-1001 : Current memory(MB): used = 483, reserve = 463, peak = 483.
OPT-1001 : End physical optimization;  2.454398s wall, 2.312500s user + 0.359375s system = 2.671875s CPU (108.9%)

PHY-3001 : Start packing ...
SYN-4007 : Packing 0 MUX to BLE ...
SYN-4008 : Packed 0 MUX and 0 SEQ to BLE.
SYN-4007 : Packing 5738 LUT to BLE ...
SYN-4008 : Packed 5738 LUT and 538 SEQ to BLE.
SYN-4003 : Packing 6694 remaining SEQ's ...
SYN-4005 : Packed 4792 SEQ with LUT/SLICE
SYN-4006 : 501 single LUT's are left
SYN-4006 : 1902 single SEQ's are left
SYN-4011 : Packing model "audio_speak" (AL_USER_NORMAL) with 7640/8625 primitive instances ...
PHY-3001 : End packing;  0.995449s wall, 1.000000s user + 0.000000s system = 1.000000s CPU (100.5%)

PHY-1001 : Populate physical database on model audio_speak.
RUN-1001 : There are total 5770 instances
RUN-1001 : 2847 mslices, 2848 lslices, 55 pads, 0 brams, 2 dsps
RUN-1001 : There are total 15449 nets
RUN-1001 : 13089 nets have 2 pins
RUN-1001 : 1528 nets have [3 - 5] pins
RUN-1001 : 340 nets have [6 - 10] pins
RUN-1001 : 394 nets have [11 - 20] pins
RUN-1001 : 56 nets have [21 - 99] pins
RUN-1001 : 42 nets have 100+ pins
PHY-3001 : design contains 5768 instances, 5695 slices, 188 macros(910 instances: 593 mslices 317 lslices)
PHY-3001 : Huge net led_dup_1 with 4186 pins
PHY-3001 : Huge net u_pitch_shift/read_ptr[1] with 2146 pins
PHY-3001 : Huge net u_pitch_shift/read_ptr[0] with 1452 pins
PHY-3001 : Cell area utilization is 64%
PHY-3001 : After packing: Len = 300759, Over = 203
PHY-3001 : Run with size of 2
PHY-3001 : Cell area utilization is 64%
PHY-3001 : Analyzing congestion ...
RUN-1001 : Generating global routing grids ...
PHY-1001 : Generate routing nets ...
PHY-1001 : Reuse net number 4904/15449.
PHY-1001 : Global iterations in 24 thread ...
PHY-1002 : len = 483896, over cnt = 2005(5%), over = 5062, worst = 40
PHY-1002 : len = 507536, over cnt = 1325(3%), over = 2792, worst = 19
PHY-1002 : len = 539008, over cnt = 388(1%), over = 704, worst = 9
PHY-1002 : len = 549280, over cnt = 71(0%), over = 84, worst = 4
PHY-1002 : len = 550688, over cnt = 15(0%), over = 17, worst = 3
PHY-1001 : End global iterations;  1.559036s wall, 1.375000s user + 0.453125s system = 1.828125s CPU (117.3%)

PHY-1001 : Congestion index: top1 = 47.52, top5 = 40.57, top10 = 37.48, top15 = 35.33.
PHY-3001 : End congestion estimation;  1.780604s wall, 1.578125s user + 0.468750s system = 2.046875s CPU (115.0%)

PHY-3001 : Update density targets...
PHY-3001 : Update congestion history...
PHY-3001 : :::0::: Try harder cell spreading with beta_ = 1.61102e-05
PHY-3002 : Step(210): len = 284716, overlap = 205.5
PHY-3002 : Step(211): len = 285756, overlap = 207
PHY-3002 : Step(212): len = 275633, overlap = 234
PHY-3002 : Step(213): len = 267747, overlap = 256.75
PHY-3002 : Step(214): len = 268231, overlap = 263.5
PHY-3002 : Step(215): len = 267631, overlap = 280.75
PHY-3001 : :::1::: Try harder cell spreading with beta_ = 3.22205e-05
PHY-3002 : Step(216): len = 272802, overlap = 249.25
PHY-3002 : Step(217): len = 276182, overlap = 237
PHY-3002 : Step(218): len = 277189, overlap = 233.25
PHY-3001 : :::2::: Try harder cell spreading with beta_ = 6.4441e-05
PHY-3002 : Step(219): len = 285085, overlap = 217
PHY-3002 : Step(220): len = 287862, overlap = 213.5
PHY-3002 : Step(221): len = 289845, overlap = 210.25
PHY-3002 : Step(222): len = 290234, overlap = 207.75
PHY-3002 : Step(223): len = 289891, overlap = 195.75
PHY-3001 : Legalization ...
PHY-3001 : End legalization;  0.991483s wall, 1.125000s user + 1.656250s system = 2.781250s CPU (280.5%)

PHY-3001 : Trial Legalized: Len = 370692
PHY-3001 : Run with size of 2
PHY-3001 : Cell area utilization is 64%
PHY-3001 : Analyzing congestion ...
RUN-1001 : Generating global routing grids ...
PHY-1001 : Generate routing nets ...
PHY-1001 : Reuse net number 462/15449.
PHY-1001 : Global iterations in 24 thread ...
PHY-1002 : len = 559752, over cnt = 2082(5%), over = 3270, worst = 8
PHY-1002 : len = 575200, over cnt = 1003(2%), over = 1374, worst = 4
PHY-1002 : len = 587832, over cnt = 349(0%), over = 456, worst = 4
PHY-1002 : len = 593312, over cnt = 87(0%), over = 113, worst = 4
PHY-1002 : len = 594856, over cnt = 0(0%), over = 0, worst = 0
PHY-1001 : End global iterations;  2.316444s wall, 2.281250s user + 0.484375s system = 2.765625s CPU (119.4%)

PHY-1001 : Congestion index: top1 = 43.12, top5 = 39.32, top10 = 36.90, top15 = 35.26.
PHY-3001 : End congestion estimation;  2.613757s wall, 2.500000s user + 0.546875s system = 3.046875s CPU (116.6%)

PHY-3001 : Update density targets...
PHY-3001 : Update congestion history...
PHY-3001 : :::0::: Try harder cell spreading with beta_ = 5.4898e-05
PHY-3002 : Step(224): len = 325717, overlap = 46.5
PHY-3002 : Step(225): len = 312793, overlap = 85.25
PHY-3002 : Step(226): len = 307449, overlap = 106
PHY-3002 : Step(227): len = 305168, overlap = 123
PHY-3002 : Step(228): len = 303849, overlap = 136.5
PHY-3001 : :::1::: Try harder cell spreading with beta_ = 0.000109796
PHY-3002 : Step(229): len = 309572, overlap = 134.75
PHY-3002 : Step(230): len = 311551, overlap = 133.5
PHY-3002 : Step(231): len = 313310, overlap = 129
PHY-3001 : :::2::: Try harder cell spreading with beta_ = 0.000219592
PHY-3002 : Step(232): len = 316860, overlap = 129
PHY-3002 : Step(233): len = 318881, overlap = 125.5
PHY-3002 : Step(234): len = 324954, overlap = 110.75
PHY-3002 : Step(235): len = 329557, overlap = 103.75
PHY-3002 : Step(236): len = 332212, overlap = 97.5
PHY-3001 : Legalization ...
PHY-3001 : End legalization;  0.012453s wall, 0.000000s user + 0.015625s system = 0.015625s CPU (125.5%)

PHY-3001 : Legalized: Len = 358372, Over = 0
PHY-3001 : Spreading special nets. 37 overflows in 2952 tiles.
PHY-3001 : End spreading;  0.036515s wall, 0.046875s user + 0.000000s system = 0.046875s CPU (128.4%)

PHY-3001 : 54 instances has been re-located, deltaX = 12, deltaY = 39, maxDist = 2.
PHY-3001 : Final: Len = 359310, Over = 0
OPT-1001 : Start physical optimization ...
OPT-1001 : Total overflow 0.00 peak overflow 0.00
OPT-1001 : Start high-fanout net optimization ...
OPT-1001 : Update timing in global mode
PHY-1001 : Start incremental global routing, caller is place ...
RUN-1001 : Generating global routing grids ...
PHY-1001 : Generate routing nets ...
PHY-1001 : Reuse net number 1773/15449.
PHY-1001 : Global iterations in 24 thread ...
PHY-1002 : len = 559064, over cnt = 1966(5%), over = 2922, worst = 6
PHY-1002 : len = 569960, over cnt = 1018(2%), over = 1351, worst = 5
PHY-1002 : len = 581336, over cnt = 395(1%), over = 505, worst = 5
PHY-1002 : len = 588024, over cnt = 68(0%), over = 79, worst = 2
PHY-1002 : len = 589240, over cnt = 1(0%), over = 2, worst = 2
PHY-1001 : End global iterations;  1.950198s wall, 1.937500s user + 0.593750s system = 2.531250s CPU (129.8%)

PHY-1001 : Congestion index: top1 = 41.72, top5 = 37.65, top10 = 35.55, top15 = 34.09.
PHY-1001 : End incremental global routing;  2.191178s wall, 2.171875s user + 0.593750s system = 2.765625s CPU (126.2%)

RUN-1002 : start command "start_timer -report"
TMR-5001 WARNING: No sdc constraints found while initiating timer.
TMR-2505 : Start building timing graph for model audio_speak.
TMR-2506 : Build timing graph completely. Port num: 52, tpin num: 63003, tnet num: 14391, tinst num: 5768, tnode num: 84463, tedge num: 102936.
TMR-2508 : Levelizing timing graph completed, there are 41 levels in total.
TMR-2501 : Timing graph initialized successfully.
OPT-1001 : End timing update;  0.826866s wall, 0.796875s user + 0.000000s system = 0.796875s CPU (96.4%)

OPT-1001 : 0 high-fanout net processed.
OPT-1001 : End high-fanout net optimization;  3.241370s wall, 3.187500s user + 0.593750s system = 3.781250s CPU (116.7%)

OPT-1001 : Current memory(MB): used = 511, reserve = 493, peak = 511.
OPT-1001 : Update timing in Manhattan mode
OPT-1001 : End timing update;  0.015546s wall, 0.015625s user + 0.000000s system = 0.015625s CPU (100.5%)

OPT-1001 : Start pin optimization...
OPT-1001 : skip pin optimization...
RUN-1001 : Generating global routing grids ...
PHY-1001 : Generate routing nets ...
PHY-1001 : Reuse net number 11515/15449.
PHY-1001 : Global iterations in 24 thread ...
PHY-1002 : len = 589240, over cnt = 1(0%), over = 2, worst = 2
PHY-1002 : len = 589240, over cnt = 0(0%), over = 0, worst = 0
PHY-1001 : End global iterations;  0.116962s wall, 0.078125s user + 0.031250s system = 0.109375s CPU (93.5%)

PHY-1001 : Congestion index: top1 = 41.72, top5 = 37.65, top10 = 35.55, top15 = 34.09.
OPT-1001 : Update timing in Manhattan mode
OPT-1001 : End timing update;  0.017838s wall, 0.015625s user + 0.000000s system = 0.015625s CPU (87.6%)

RUN-1001 : QoR Analysis:
OPT-0007 :   WNS 2147483647 TNS 0 NUM_FEPS 0
RUN-1001 :   No local congestion issue, and most congested 1% tile average routing util is 41.310345
RUN-1001 :   Top critical paths
OPT-1001 : End physical optimization;  3.656918s wall, 3.562500s user + 0.625000s system = 4.187500s CPU (114.5%)

RUN-1003 : finish command "place" in  21.702650s wall, 28.093750s user + 17.406250s system = 45.500000s CPU (209.7%)

RUN-1004 : used memory is 427 MB, reserved memory is 407 MB, peak memory is 520 MB
RUN-1002 : start command "export_db ES8388_place.db"
RUN-1001 : Exported /
RUN-1001 : Exported flow parameters
RUN-1001 : Exported libs
RUN-1001 : Exported entities
RUN-1001 : Exported ports
RUN-1001 : Exported pins
RUN-1001 : Exported instances
RUN-1001 : Exported nets
RUN-1001 : Exported buses
RUN-1001 : Exported models
RUN-1001 : Exported congestions
RUN-1001 : Exported violations
RUN-1001 : Exported IO constraints
RUN-1001 : Exported Inst constraints
RUN-1003 : finish command "export_db ES8388_place.db" in  1.026953s wall, 1.546875s user + 0.046875s system = 1.593750s CPU (155.2%)

RUN-1004 : used memory is 428 MB, reserved memory is 409 MB, peak memory is 520 MB
RUN-1002 : start command "route"
RUN-1001 : Open license file D:/TD/license/Anlogic.lic
RUN-1001 : Print Global Property
RUN-1001 : ---------------------------------------------------------------
RUN-1001 :        Parameters        |  Settings  |  Default Values  |  Note  
RUN-1001 : ---------------------------------------------------------------
RUN-1001 :          message         |  standard  |     standard     |        
RUN-1001 :   mixed_pack_place_flow  |     on     |        on        |        
RUN-1001 :        qor_monitor       |    off     |       off        |        
RUN-1001 :        syn_ip_flow       |    off     |       off        |        
RUN-1001 :          thread          |    auto    |       auto       |        
RUN-1001 : ---------------------------------------------------------------
RUN-1001 : Print Route Property
RUN-1001 : -------------------------------------------------------
RUN-1001 :    Parameters    |  Settings  |  Default Values  |  Note  
RUN-1001 : -------------------------------------------------------
RUN-1001 :      effort      |   medium   |      medium      |        
RUN-1001 :     fix_hold     |    off     |       off        |        
RUN-1001 :    opt_timing    |   medium   |      medium      |        
RUN-1001 :   phy_sim_model  |    off     |       off        |        
RUN-1001 :     priority     |   timing   |      timing      |        
RUN-1001 :     swap_pin     |     on     |        on        |        
RUN-1001 : -------------------------------------------------------
PHY-1001 : Route runs in 24 thread(s)
RUN-1001 : There are total 5770 instances
RUN-1001 : 2847 mslices, 2848 lslices, 55 pads, 0 brams, 2 dsps
RUN-1001 : There are total 15449 nets
RUN-1001 : 13089 nets have 2 pins
RUN-1001 : 1528 nets have [3 - 5] pins
RUN-1001 : 340 nets have [6 - 10] pins
RUN-1001 : 394 nets have [11 - 20] pins
RUN-1001 : 56 nets have [21 - 99] pins
RUN-1001 : 42 nets have 100+ pins
RUN-1002 : start command "start_timer -report"
TMR-5001 WARNING: No sdc constraints found while initiating timer.
TMR-2505 : Start building timing graph for model audio_speak.
TMR-2506 : Build timing graph completely. Port num: 52, tpin num: 63003, tnet num: 14391, tinst num: 5768, tnode num: 84463, tedge num: 102936.
TMR-2508 : Levelizing timing graph completed, there are 41 levels in total.
TMR-2501 : Timing graph initialized successfully.
PHY-1001 : 2847 mslices, 2848 lslices, 55 pads, 0 brams, 2 dsps
TMR-2503 : Start to update net delay, extr mode = 3.
TMR-2504 : Update delay of 14391 nets completely.
TMR-2502 : Annotate delay completely, extr mode = 3.
TMR-3002 : No user constraint, initiate default constraint.
TMR-1501 : Assign derive clock DeriveClock to 9528 clock pins, and constraint 21452 relative nodes.
TMR-3003 : Constraints initiated successfully.
TMR-3501 : Forward propagation: start to calculate arrival time...
TMR-3502 : Backward propagation: start to calculate required time...
TMR-3503 : Timing propagation completes.
PHY-1001 : Start global routing, caller is route ...
RUN-1001 : Generating global routing grids ...
PHY-1001 : Generate routing nets ...
PHY-1001 : Global iterations in 24 thread ...
PHY-1002 : len = 541952, over cnt = 2104(5%), over = 3263, worst = 7
PHY-1002 : len = 557536, over cnt = 1065(3%), over = 1404, worst = 5
PHY-1002 : len = 569560, over cnt = 388(1%), over = 500, worst = 5
PHY-1002 : len = 577224, over cnt = 2(0%), over = 2, worst = 1
PHY-1002 : len = 577304, over cnt = 0(0%), over = 0, worst = 0
PHY-1001 : End global iterations;  2.700707s wall, 2.656250s user + 0.515625s system = 3.171875s CPU (117.4%)

PHY-1001 : Congestion index: top1 = 41.16, top5 = 37.27, top10 = 35.17, top15 = 33.73.
PHY-1001 : End global routing;  2.904781s wall, 2.812500s user + 0.546875s system = 3.359375s CPU (115.6%)

PHY-1001 : Start detail routing ...
PHY-1001 : Current memory(MB): used = 619, reserve = 607, peak = 619.
PHY-1001 : Detailed router is running in normal mode.
PHY-1001 : Generate detailed routing grids ...
PHY-1001 : Processed IO instance aud_dacdat_syn_4 with INV attribute.
PHY-1001 : Processed IO instance aud_dacdat_1_syn_4 with INV attribute.
PHY-1001 : Processed IO instance aud_dacdat_2_syn_4 with INV attribute.
PHY-1001 : Processed IO instance aud_dacdat_3_syn_4 with INV attribute.
PHY-1001 : Generate nets ...
PHY-1001 : clock net aud_bclk_syn_4 will be merged with clock aud_bclk_dup_1
PHY-1001 : clock net aud_bclk_1_syn_4 will be merged with clock aud_bclk_1_dup_1
PHY-1001 : clock net aud_bclk_2_syn_4 will be merged with clock aud_bclk_2_dup_1
PHY-1001 : clock net aud_bclk_3_syn_4 will be merged with clock aud_bclk_3_dup_1
PHY-1001 : net aud_mclk_dup_1 will be routed on clock mesh
PHY-1001 : net aud_mclk_1_dup_1 will be routed on clock mesh
PHY-1001 : net aud_mclk_2_dup_1 will be routed on clock mesh
PHY-1001 : net aud_mclk_3_dup_1 will be routed on clock mesh
PHY-1001 : clock net ilaclk_dup_1 will be merged with clock u_pll_clk/clk0_buf
PHY-1001 : clock net ilaclk_1_dup_1 will be merged with clock u1_pll_clk/clk0_buf
PHY-1001 : clock net ilaclk_2_dup_1 will be merged with clock u2_pll_clk/clk0_buf
PHY-1001 : clock net ilaclk_3_dup_1 will be merged with clock u3_pll_clk/clk0_buf
PHY-1001 : net sys_clk_dup_1 will be routed on clock mesh
PHY-1001 : clock net u1_es8388_ctrl/u_es8388_config/u_i2c_dri/dri_clk_syn_4 will be merged with clock u1_es8388_ctrl/u_es8388_config/u_i2c_dri/dri_clk
PHY-1001 : clock net u2_es8388_ctrl/u_es8388_config/u_i2c_dri/dri_clk_syn_4 will be merged with clock u2_es8388_ctrl/u_es8388_config/u_i2c_dri/dri_clk
PHY-1001 : clock net u3_es8388_ctrl/u_es8388_config/u_i2c_dri/dri_clk_syn_4 will be merged with clock u3_es8388_ctrl/u_es8388_config/u_i2c_dri/dri_clk
PHY-1001 : Current memory(MB): used = 880, reserve = 870, peak = 880.
PHY-1001 : End build detailed router design. 2.998251s wall, 2.796875s user + 0.125000s system = 2.921875s CPU (97.5%)

PHY-1001 : Detail Route ...
PHY-1001 : ===== Detail Route Phase 1 =====
PHY-1001 : Clock net routing.....
PHY-1001 : Routed 0% nets.
PHY-1022 : len = 184256, over cnt = 0(0%), over = 0, worst = 0, crit = 0
PHY-1001 : End initial clock net routed; 3.734754s wall, 3.531250s user + 0.062500s system = 3.593750s CPU (96.2%)

PHY-1001 : Current memory(MB): used = 916, reserve = 908, peak = 916.
PHY-1001 : End phase 1; 3.740472s wall, 3.531250s user + 0.062500s system = 3.593750s CPU (96.1%)

PHY-1001 : ===== Detail Route Phase 2 =====
PHY-1001 : Initial routing.....
PHY-1001 : Routed 50% nets.
PHY-1001 : Routed 57% nets.
PHY-1001 : Routed 66% nets.
PHY-1001 : Routed 76% nets.
PHY-1001 : Routed 89% nets.
PHY-1022 : len = 2.869e+06, over cnt = 1311(0%), over = 1311, worst = 1, crit = 0
PHY-1001 : Current memory(MB): used = 927, reserve = 918, peak = 927.
PHY-1001 : End initial routed; 14.664215s wall, 16.015625s user + 5.265625s system = 21.281250s CPU (145.1%)

PHY-1001 : Current memory(MB): used = 927, reserve = 918, peak = 927.
PHY-1001 : End phase 2; 14.664305s wall, 16.015625s user + 5.265625s system = 21.281250s CPU (145.1%)

PHY-1001 : ===== Detail Route Phase 3 =====
PHY-1001 : Ripup-reroute.....
PHY-1001 : ===== DR Iter 1 =====
PHY-1022 : len = 2.80736e+06, over cnt = 570(0%), over = 570, worst = 1, crit = 0
PHY-1001 : End DR Iter 1; 2.809933s wall, 3.515625s user + 0.250000s system = 3.765625s CPU (134.0%)

PHY-1001 : ===== DR Iter 2 =====
PHY-1022 : len = 2.78874e+06, over cnt = 113(0%), over = 113, worst = 1, crit = 0
PHY-1001 : End DR Iter 2; 1.381575s wall, 1.406250s user + 0.109375s system = 1.515625s CPU (109.7%)

PHY-1001 : ===== DR Iter 3 =====
PHY-1022 : len = 2.78714e+06, over cnt = 13(0%), over = 13, worst = 1, crit = 0
PHY-1001 : End DR Iter 3; 0.379716s wall, 0.328125s user + 0.109375s system = 0.437500s CPU (115.2%)

PHY-1001 : ===== DR Iter 4 =====
PHY-1022 : len = 2.78737e+06, over cnt = 3(0%), over = 3, worst = 1, crit = 0
PHY-1001 : End DR Iter 4; 0.186398s wall, 0.156250s user + 0.046875s system = 0.203125s CPU (109.0%)

PHY-1001 : ===== DR Iter 5 =====
PHY-1022 : len = 2.7874e+06, over cnt = 2(0%), over = 2, worst = 1, crit = 0
PHY-1001 : End DR Iter 5; 0.144946s wall, 0.140625s user + 0.015625s system = 0.156250s CPU (107.8%)

PHY-1001 : ===== DR Iter 6 =====
PHY-1022 : len = 2.7874e+06, over cnt = 2(0%), over = 2, worst = 1, crit = 0
PHY-1001 : End DR Iter 6; 0.187500s wall, 0.156250s user + 0.015625s system = 0.171875s CPU (91.7%)

PHY-1001 : ===== DR Iter 7 =====
PHY-1022 : len = 2.7874e+06, over cnt = 2(0%), over = 2, worst = 1, crit = 0
PHY-1001 : End DR Iter 7; 0.200447s wall, 0.203125s user + 0.000000s system = 0.203125s CPU (101.3%)

PHY-1001 : ===== DR Iter 8 =====
PHY-1022 : len = 2.78742e+06, over cnt = 2(0%), over = 2, worst = 1, crit = 0
PHY-1001 : End DR Iter 8; 0.105648s wall, 0.093750s user + 0.000000s system = 0.093750s CPU (88.7%)

PHY-1001 : ==== DR Iter 9 ====
PHY-1022 : len = 2.78739e+06, over cnt = 1(0%), over = 1, worst = 1, crit = 0
PHY-1001 : End DR Iter 9; 0.101213s wall, 0.078125s user + 0.015625s system = 0.093750s CPU (92.6%)

PHY-1001 : ==== DR Iter 10 ====
PHY-1022 : len = 2.78738e+06, over cnt = 1(0%), over = 1, worst = 1, crit = 0
PHY-1001 : End DR Iter 10; 0.106581s wall, 0.125000s user + 0.015625s system = 0.140625s CPU (131.9%)

PHY-1001 : ==== DR Iter 11 ====
PHY-1022 : len = 2.78737e+06, over cnt = 0(0%), over = 0, worst = 0, crit = 0
PHY-1001 : End DR Iter 11; 0.112376s wall, 0.093750s user + 0.015625s system = 0.109375s CPU (97.3%)

PHY-1001 : Commit to database.....
PHY-1001 : 594 feed throughs used by 244 nets
PHY-1001 : End commit to database; 1.539076s wall, 1.484375s user + 0.062500s system = 1.546875s CPU (100.5%)

PHY-1001 : Current memory(MB): used = 1019, reserve = 1013, peak = 1019.
PHY-1001 : End phase 3; 7.465224s wall, 7.953125s user + 0.656250s system = 8.609375s CPU (115.3%)

PHY-1003 : Routed, final wirelength = 2.78737e+06
PHY-1001 : Current memory(MB): used = 1023, reserve = 1017, peak = 1023.
PHY-1001 : End export database. 0.032387s wall, 0.031250s user + 0.000000s system = 0.031250s CPU (96.5%)

PHY-1001 : End detail routing;  29.144825s wall, 30.562500s user + 6.109375s system = 36.671875s CPU (125.8%)

RUN-1003 : finish command "route" in  33.431646s wall, 34.656250s user + 6.718750s system = 41.375000s CPU (123.8%)

RUN-1004 : used memory is 826 MB, reserved memory is 828 MB, peak memory is 1023 MB
RUN-1002 : start command "report_area -io_info -file ES8388_phy.area"
RUN-1001 : standard
***Report Model: audio_speak Device: EG4S20BG256***

IO Statistics
#IO                        55
  #input                   23
  #output                  28
  #inout                    4

Utilization Statistics
#lut                     7635   out of  19600   38.95%
#reg                     7254   out of  19600   37.01%
#le                      9537
  #lut only              2283   out of   9537   23.94%
  #reg only              1902   out of   9537   19.94%
  #lut&reg               5352   out of   9537   56.12%
#dsp                        2   out of     29    6.90%
#bram                       0   out of     64    0.00%
  #bram9k                   0
  #fifo9k                   0
#bram32k                    0   out of     16    0.00%
#pad                       55   out of    188   29.26%
  #ireg                     8
  #oreg                    20
  #treg                     4
#pll                        4   out of      4  100.00%
#gclk                      11   out of     16   68.75%

Clock Resource Statistics
Index     ClockNet                                            Type               DriverType         Driver                                                           Fanout
#1        sys_clk_dup_1                                       GCLK               io                 sys_clk_syn_2.di                                                 4462
#2        aud_bclk_1_dup_1                                    GCLK               io                 aud_bclk_1_syn_2.di                                              48
#3        aud_bclk_2_dup_1                                    GCLK               io                 aud_bclk_2_syn_2.di                                              47
#4        aud_bclk_3_dup_1                                    GCLK               io                 aud_bclk_3_syn_2.di                                              47
#5        aud_bclk_dup_1                                      GCLK               io                 aud_bclk_syn_2.di                                                45
#6        u1_es8388_ctrl/u_es8388_config/u_i2c_dri/dri_clk    GCLK               lslice             u1_es8388_ctrl/u_es8388_config/u_i2c_dri/dri_clk_reg_syn_9.q1    43
#7        u2_es8388_ctrl/u_es8388_config/u_i2c_dri/dri_clk    GCLK               lslice             u2_es8388_ctrl/u_es8388_config/u_i2c_dri/dri_clk_reg_syn_9.q0    41
#8        u3_es8388_ctrl/u_es8388_config/u_i2c_dri/dri_clk    GCLK               mslice             u3_es8388_ctrl/u_es8388_config/u_i2c_dri/dri_clk_reg_syn_9.q0    41
#9        aud_mclk_1_dup_1                                    GCLK               pll                u1_pll_clk/pll_inst.clkc1                                        0
#10       aud_mclk_2_dup_1                                    GCLK               pll                u2_pll_clk/pll_inst.clkc1                                        0
#11       aud_mclk_3_dup_1                                    GCLK               pll                u3_pll_clk/pll_inst.clkc1                                        0
#12       aud_mclk_dup_1                                      GCLK               pll                u_pll_clk/pll_inst.clkc1                                         0
#13       u1_pll_clk/clk0_buf                                 GCLK               pll                u1_pll_clk/pll_inst.clkc0                                        0
#14       u2_pll_clk/clk0_buf                                 GCLK               pll                u2_pll_clk/pll_inst.clkc0                                        0
#15       u3_pll_clk/clk0_buf                                 GCLK               pll                u3_pll_clk/pll_inst.clkc0                                        0
#16       u_pll_clk/clk0_buf                                  GCLK               pll                u_pll_clk/pll_inst.clkc0                                         0


Detailed IO Report

        Name           Direction    Location    IOStandard    DriveStrength    PullType     PackReg   
     aud_adcdat          INPUT        R14        LVCMOS25          N/A          PULLUP       IREG     
    aud_adcdat_1         INPUT        G16        LVCMOS25          N/A          PULLUP       IREG     
    aud_adcdat_2         INPUT         E7        LVCMOS25          N/A          PULLUP       IREG     
    aud_adcdat_3         INPUT         L4        LVCMOS25          N/A          PULLUP       IREG     
      aud_bclk           INPUT         M6        LVCMOS25          N/A          PULLUP       NONE     
     aud_bclk_1          INPUT        G14        LVCMOS25          N/A          PULLUP       NONE     
     aud_bclk_2          INPUT         D5        LVCMOS25          N/A          PULLUP       NONE     
     aud_bclk_3          INPUT         H5        LVCMOS25          N/A          PULLUP       NONE     
       aud_lrc           INPUT         M7        LVCMOS25          N/A          PULLUP       IREG     
      aud_lrc_1          INPUT        H16        LVCMOS25          N/A          PULLUP       IREG     
      aud_lrc_2          INPUT         C6        LVCMOS25          N/A          PULLUP       IREG     
      aud_lrc_3          INPUT         K6        LVCMOS25          N/A          PULLUP       IREG     
  noise_suppress_en      INPUT        A13        LVCMOS25          N/A          PULLUP       NONE     
  pitch_control[2]       INPUT        B12        LVCMOS25          N/A          PULLUP       NONE     
  pitch_control[1]       INPUT        A12        LVCMOS25          N/A          PULLUP       NONE     
  pitch_control[0]       INPUT        A11        LVCMOS25          N/A          PULLUP       NONE     
       sys_clk           INPUT         R7        LVCMOS25          N/A          PULLUP       NONE     
      sys_rst_n          INPUT         E3        LVCMOS25          N/A          PULLUP       NONE     
     sys_rst_n_1         INPUT         F2        LVCMOS25          N/A           N/A         NONE     
     sys_rst_n_2         INPUT         R3        LVCMOS25          N/A           N/A         NONE     
     sys_rst_n_3         INPUT         D6        LVCMOS25          N/A           N/A         NONE     
      volume[1]          INPUT        B10        LVCMOS25          N/A          PULLUP       NONE     
      volume[0]          INPUT        A10        LVCMOS25          N/A          PULLUP       NONE     
     aud_dacdat         OUTPUT         P6        LVCMOS25           8            NONE        OREG     
    aud_dacdat_1        OUTPUT        H14        LVCMOS25           8            NONE        OREG     
    aud_dacdat_2        OUTPUT         E6        LVCMOS25           8            NONE        OREG     
    aud_dacdat_3        OUTPUT         K3        LVCMOS25           8            NONE        OREG     
      aud_mclk          OUTPUT         N5        LVCMOS25           8            NONE        NONE     
     aud_mclk_1         OUTPUT        F14        LVCMOS25           8            NONE        NONE     
     aud_mclk_2         OUTPUT         F6        LVCMOS25           8            NONE        NONE     
     aud_mclk_3         OUTPUT         H4        LVCMOS25           8            NONE        NONE     
       aud_scl          OUTPUT        R12        LVCMOS25           8            NONE        OREG     
      aud_scl_1         OUTPUT        D14        LVCMOS25           8            NONE        OREG     
      aud_scl_2         OUTPUT         A2        LVCMOS25           8            NONE        OREG     
      aud_scl_3         OUTPUT         G3        LVCMOS25           8            NONE        OREG     
       ilaclk           OUTPUT         M9        LVCMOS25           8            NONE        NONE     
      ilaclk_1          OUTPUT        L16        LVCMOS25           8            NONE        NONE     
      ilaclk_2          OUTPUT         D3        LVCMOS25           8            NONE        NONE     
      ilaclk_3          OUTPUT        K15        LVCMOS25           8            NONE        NONE     
         led            OUTPUT        E16        LVCMOS25           8            N/A         NONE     
        led_1           OUTPUT         E4        LVCMOS25           8            N/A         NONE     
        led_2           OUTPUT         J6        LVCMOS25           8            N/A         NONE     
        led_3           OUTPUT        K16        LVCMOS25           8            N/A         NONE     
      led_eight         OUTPUT        M12        LVCMOS25           8            NONE        OREG     
      led_five          OUTPUT        M10        LVCMOS25           8            NONE        OREG     
      led_four          OUTPUT        P11        LVCMOS25           8            NONE        OREG     
       led_one          OUTPUT         P9        LVCMOS25           8            NONE        OREG     
      led_seven         OUTPUT        N12        LVCMOS25           8            NONE        OREG     
       led_six          OUTPUT        L10        LVCMOS25           8            NONE        OREG     
      led_tree          OUTPUT        R16        LVCMOS25           8            NONE        OREG     
       led_two          OUTPUT        P12        LVCMOS25           8            NONE        OREG     
       aud_sda           INOUT         R9        LVCMOS25           8           PULLUP     OREG;TREG  
      aud_sda_1          INOUT        E15        LVCMOS25           8           PULLUP     OREG;TREG  
      aud_sda_2          INOUT         C3        LVCMOS25           8           PULLUP     OREG;TREG  
      aud_sda_3          INOUT         F3        LVCMOS25           8           PULLUP     OREG;TREG  

Report Hierarchy Area:
+--------------------------------------------------------------------------------------------------------+
|Instance                   |Module                 |le     |lut     |ripple  |seq     |bram    |dsp     |
+--------------------------------------------------------------------------------------------------------+
|top                        |audio_speak            |9537   |7013    |622     |7286    |0       |2       |
|  u1_es8388_ctrl           |es8388_ctrl            |293    |244     |27      |145     |0       |0       |
|    u_audio_receive        |audio_receive          |86     |58      |12      |51      |0       |0       |
|    u_audio_send           |audio_send             |29     |28      |0       |24      |0       |0       |
|    u_es8388_config        |es8388_config          |178    |158     |15      |70      |0       |0       |
|      u_i2c_dri            |i2c_dri                |118    |106     |7       |43      |0       |0       |
|      u_i2c_reg_cfg        |i2c_reg_cfg            |60     |52      |8       |27      |0       |0       |
|  u1_pll_clk               |clk_wiz_0              |1      |1       |0       |0       |0       |0       |
|  u2_es8388_ctrl           |es8388_ctrl            |266    |209     |27      |158     |0       |0       |
|    u_audio_receive        |audio_receive          |81     |57      |12      |53      |0       |0       |
|    u_audio_send           |audio_send             |27     |10      |0       |27      |0       |0       |
|    u_es8388_config        |es8388_config          |158    |142     |15      |78      |0       |0       |
|      u_i2c_dri            |i2c_dri                |101    |94      |7       |51      |0       |0       |
|      u_i2c_reg_cfg        |i2c_reg_cfg            |57     |48      |8       |27      |0       |0       |
|  u2_pll_clk               |clk_wiz_0              |1      |1       |0       |0       |0       |0       |
|  u3_es8388_ctrl           |es8388_ctrl            |275    |226     |27      |162     |0       |0       |
|    u_audio_receive        |audio_receive          |91     |62      |12      |61      |0       |0       |
|    u_audio_send           |audio_send             |22     |22      |0       |21      |0       |0       |
|    u_es8388_config        |es8388_config          |162    |142     |15      |80      |0       |0       |
|      u_i2c_dri            |i2c_dri                |103    |94      |7       |49      |0       |0       |
|      u_i2c_reg_cfg        |i2c_reg_cfg            |59     |48      |8       |31      |0       |0       |
|  u3_pll_clk               |clk_wiz_0              |0      |0       |0       |0       |0       |0       |
|  u_es8388_ctrl            |es8388_ctrl            |384    |298     |61      |179     |0       |0       |
|    u_audio_receive        |audio_receive          |101    |66      |12      |65      |0       |0       |
|    u_audio_send           |audio_send             |36     |36      |0       |30      |0       |0       |
|    u_es8388_config        |es8388_config          |245    |194     |49      |83      |0       |0       |
|      u_i2c_dri            |i2c_dri                |116    |107     |7       |49      |0       |0       |
|      u_i2c_reg_cfg        |i2c_reg_cfg            |129    |87      |42      |34      |0       |0       |
|  u_noise_suppress         |noise_suppress         |48     |25      |13      |24      |0       |0       |
|  u_pitch_shift            |pitch_shift            |6252   |4657    |15      |6120    |0       |0       |
|  u_pll_clk                |clk_wiz_0              |1      |1       |0       |0       |0       |0       |
|  u_simple_denoise         |simple_denoise         |199    |100     |63      |87      |0       |2       |
|  u_spar_4mic_localization |spar_4mic_localization |1765   |1234    |377     |347     |0       |0       |
+--------------------------------------------------------------------------------------------------------+


DataNet Average Fanout:

   Index     Fanout     Nets   
    #1          1       13030  
    #2          2       1260   
    #3          3        218   
    #4          4        46    
    #5        5-10       382   
    #6        11-50      396   
    #7       51-100       5    
    #8       101-500     33    
    #9        >500        5    
  Average     2.96             

RUN-1002 : start command "export_db ES8388_pr.db"
RUN-1001 : Exported /
RUN-1001 : Exported flow parameters
RUN-1001 : Exported libs
RUN-1001 : Exported entities
RUN-1001 : Exported ports
RUN-1001 : Exported pins
RUN-1001 : Exported instances
RUN-1001 : Exported nets
RUN-1001 : Exported buses
RUN-1001 : Exported models
RUN-1001 : Exported congestions
RUN-1001 : Exported violations
RUN-1001 : Exported IO constraints
RUN-1001 : Exported Inst constraints
RUN-1003 : finish command "export_db ES8388_pr.db" in  1.383576s wall, 2.046875s user + 0.031250s system = 2.078125s CPU (150.2%)

RUN-1004 : used memory is 827 MB, reserved memory is 829 MB, peak memory is 1023 MB
RUN-1002 : start command "export_bid ES8388_inst.bid"
RUN-1002 : start command "bitgen -bit ES8388.bit -unused_io_status pulldown"
BIT-1003 : Start to generate bitstream. 
BIT-1002 : Bitgen processed 133 unused pads, reserve input tri_state with pulldown
BIT-1002 : Init instances with 24 threads.
BIT-1002 : Init instances completely, inst num: 5901
BIT-1002 : Init pips with 24 threads.
BIT-1002 : Init pips completely, net num: 15449, pip num: 159559
BIT-1002 : Init feedthrough with 24 threads.
BIT-1002 : Init feedthrough completely, num: 594
BIT-1003 : Multithreading accelaration with 24 threads.
BIT-1003 : Generate bitstream completely, there are 3269 valid insts, and 396176 bits set as '1'.
BIT-1004 : PLL setting string = 1111
BIT-1004 : Generate bits file ES8388.bit.
RUN-1003 : finish command "bitgen -bit ES8388.bit -unused_io_status pulldown" in  15.926716s wall, 274.390625s user + 3.671875s system = 278.062500s CPU (1745.9%)

RUN-1004 : used memory is 854 MB, reserved memory is 867 MB, peak memory is 1059 MB
RUN-1002 : start command "backup_run_log run.log ../.logs/phy_1/td_20251031_141101.log"
