============================================================
   Tang Dynasty, V5.6.71036
      Copyright (c) 2012-2023 Anlogic Inc.
   Executable = D:/TD/bin/td.exe
   Built at =   20:34:38 Mar 21 2023
   Run by =     lyw15
   Run Date =   Thu Oct  9 15:51:11 2025

   Run on =     -001
============================================================
RUN-1002 : start command "open_project ES8388.prj"
RUN-1001 : Print Global Property
RUN-1001 : ---------------------------------------------------------------
RUN-1001 :        Parameters        |  Settings  |  Default Values  |  Note  
RUN-1001 : ---------------------------------------------------------------
RUN-1001 :          message         |  standard  |     standard     |        
RUN-1001 :   mixed_pack_place_flow  |     on     |        on        |        
RUN-1001 :        qor_monitor       |    off     |       off        |        
RUN-1001 :        syn_ip_flow       |    off     |       off        |        
RUN-1001 :          thread          |    auto    |       auto       |        
RUN-1001 : ---------------------------------------------------------------
RUN-1001 : Print Design Property
RUN-1001 : --------------------------------------------------------------
RUN-1001 :        Parameters       |  Settings  |  Default Values  |  Note  
RUN-1001 : --------------------------------------------------------------
RUN-1001 :   default_reg_initial   |    auto    |       auto       |        
RUN-1001 :        infer_add        |     on     |        on        |        
RUN-1001 :        infer_fsm        |    off     |       off        |        
RUN-1001 :        infer_mult       |     on     |        on        |        
RUN-1001 :        infer_ram        |     on     |        on        |        
RUN-1001 :        infer_reg        |     on     |        on        |        
RUN-1001 :   infer_reg_init_value  |     on     |        on        |        
RUN-1001 :        infer_rom        |     on     |        on        |        
RUN-1001 :      infer_shifter      |     on     |        on        |        
RUN-1001 : --------------------------------------------------------------
RUN-1001 : Print Rtl Property
RUN-1001 : --------------------------------------------------------------
RUN-1001 :        Parameters       |  Settings  |  Default Values  |  Note  
RUN-1001 : --------------------------------------------------------------
RUN-1001 :       compress_add      |   ripple   |      ripple      |        
RUN-1001 :        elf_sload        |    off     |       off        |        
RUN-1001 :       fix_undriven      |     0      |        0         |        
RUN-1001 :         flatten         |    off     |       off        |        
RUN-1001 :       gate_sharing      |     on     |        on        |        
RUN-1001 :    hdl_warning_level    |   normal   |      normal      |        
RUN-1001 :   impl_internal_tribuf  |     on     |        on        |        
RUN-1001 :      impl_set_reset     |     on     |        on        |        
RUN-1001 :        infer_gsr        |    off     |       off        |        
RUN-1001 :      keep_hierarchy     |    auto    |       auto       |        
RUN-1001 :        max_fanout       |    9999    |       9999       |        
RUN-1001 :      max_oh2bin_len     |     10     |        10        |        
RUN-1001 :       merge_equal       |     on     |        on        |        
RUN-1001 :       merge_equiv       |     on     |        on        |        
RUN-1001 :        merge_mux        |    off     |       off        |        
RUN-1001 :     min_control_set     |     8      |        8         |        
RUN-1001 :      min_ripple_len     |    auto    |       auto       |        
RUN-1001 :       oh2bin_ratio      |    0.08    |       0.08       |        
RUN-1001 :     opt_adder_fanout    |     on     |        on        |        
RUN-1001 :        opt_arith        |     on     |        on        |        
RUN-1001 :       opt_big_gate      |    off     |       off        |        
RUN-1001 :        opt_const        |     on     |        on        |        
RUN-1001 :      opt_const_mult     |     on     |        on        |        
RUN-1001 :       opt_lessthan      |     on     |        on        |        
RUN-1001 :         opt_mux         |    off     |       off        |        
RUN-1001 :         opt_ram         |    high    |       high       |        
RUN-1001 :      rtl_sim_model      |    off     |       off        |        
RUN-1001 :         seq_syn         |     on     |        on        |        
RUN-1001 : --------------------------------------------------------------
HDL-1007 : analyze verilog file ../../al_ip/clk_wiz_0.v
HDL-1007 : undeclared symbol 'open', assumed default net type 'wire' in ../../al_ip/clk_wiz_0.v(80)
HDL-1007 : analyze verilog file ../../../RTL/audio_receive.v
HDL-1007 : analyze verilog file ../../../RTL/audio_send.v
HDL-1007 : analyze verilog file ../../../RTL/audio_speak.v
HDL-1007 : analyze verilog file ../../../RTL/es8388_config.v
HDL-1007 : analyze verilog file ../../../RTL/es8388_ctrl.v
HDL-1007 : analyze verilog file ../../../RTL/i2c_dri.v
HDL-1007 : analyze verilog file ../../../RTL/i2c_reg_cfg.v
RUN-1001 : Project manager successfully analyzed 8 source files.
RUN-1002 : start command "import_device eagle_s20.db -package EG4S20BG256"
ARC-1001 : Device Initialization.
ARC-1001 : ------------------------------------------------------------------
ARC-1001 :            OPTION            |          IO          |   SETTING   
ARC-1001 : ------------------------------------------------------------------
ARC-1001 :   cso_b/cclk/mosi/miso/dout  |  T3/R11/T10/P10/S11  |    gpio    
ARC-1001 :             done             |         P13          |    gpio    
ARC-1001 :           program_b          |          T2          |  dedicate  
ARC-1001 :        tdi/tms/tck/tdo       |   C12/A15/C14/E14    |  dedicate  
ARC-1001 : ------------------------------------------------------------------
ARC-1004 : Device setting, marked 5 dedicate IOs in total.
RUN-1002 : start command "import_db ../syn_1/ES8388_gate.db"
RUN-1001 : Importing database generated by Tang Dynasty, V5.6.71036.
RUN-1001 : Database version number 46146.
RUN-1001 : Import flow parameters
RUN-1001 : Import IO constraints
RUN-1001 : Import Inst constraints
RUN-1001 : Import design success TD_VERSION=5.6.71036 , DB_VERSION=46146
RUN-1002 : start command "place"
RUN-1001 : Open license file D:/TD/license/Anlogic.lic
RUN-1001 : Print Global Property
RUN-1001 : ---------------------------------------------------------------
RUN-1001 :        Parameters        |  Settings  |  Default Values  |  Note  
RUN-1001 : ---------------------------------------------------------------
RUN-1001 :          message         |  standard  |     standard     |        
RUN-1001 :   mixed_pack_place_flow  |     on     |        on        |        
RUN-1001 :        qor_monitor       |    off     |       off        |        
RUN-1001 :        syn_ip_flow       |    off     |       off        |        
RUN-1001 :          thread          |    auto    |       auto       |        
RUN-1001 : ---------------------------------------------------------------
RUN-1001 : Print Place Property
RUN-1001 : --------------------------------------------------------------
RUN-1001 :        Parameters       |  Settings  |  Default Values  |  Note  
RUN-1001 : --------------------------------------------------------------
RUN-1001 :      detailed_place     |     on     |        on        |        
RUN-1001 :          effort         |   medium   |      medium      |        
RUN-1001 :         fix_hold        |    off     |       off        |        
RUN-1001 :       legalization      |    ori     |       ori        |        
RUN-1001 :      new_spreading      |     on     |        on        |        
RUN-1001 :        opt_timing       |   medium   |      medium      |        
RUN-1001 :   post_clock_route_opt  |    off     |       off        |        
RUN-1001 :       pr_strategy       |     1      |        1         |        
RUN-1001 :        relaxation       |    1.00    |       1.00       |        
RUN-1001 :         retiming        |    off     |       off        |        
RUN-1001 : --------------------------------------------------------------
PHY-3001 : Placer runs in 24 thread(s).
RUN-1002 : start command "legalize_phy_inst"
SYN-1011 : Flatten model audio_speak
RUN-1002 : start command "phys_opt -simplify_lut"
SYN-4016 : Net ilaclk_1_dup_1 driven by BUFG (0 clock/control pins, 2 other pins).
SYN-4016 : Net ilaclk_dup_1 driven by BUFG (0 clock/control pins, 2 other pins).
SYN-4027 : Net aud_mclk_1_dup_1 is clkc1 of pll u1_pll_clk/pll_inst.
SYN-4019 : Net sys_clk_dup_1 is refclk of pll u1_pll_clk/pll_inst.
SYN-4020 : Net sys_clk_dup_1 is fbclk of pll u1_pll_clk/pll_inst.
SYN-4027 : Net aud_mclk_dup_1 is clkc1 of pll u_pll_clk/pll_inst.
SYN-4019 : Net sys_clk_dup_1 is refclk of pll u_pll_clk/pll_inst.
SYN-4020 : Net sys_clk_dup_1 is fbclk of pll u_pll_clk/pll_inst.
SYN-4024 : Net "aud_bclk_dup_1" drives clk pins.
SYN-4024 : Net "aud_bclk_1_dup_1" drives clk pins.
SYN-4024 : Net "u1_es8388_ctrl/u_es8388_config/u_i2c_dri/dri_clk" drives clk pins.
SYN-4024 : Net "u_es8388_ctrl/u_es8388_config/u_i2c_dri/dri_clk" drives clk pins.
SYN-4025 : Tag rtl::Net aud_bclk_1_dup_1 as clock net
SYN-4025 : Tag rtl::Net aud_bclk_dup_1 as clock net
SYN-4025 : Tag rtl::Net aud_mclk_1_dup_1 as clock net
SYN-4025 : Tag rtl::Net aud_mclk_dup_1 as clock net
SYN-4025 : Tag rtl::Net ilaclk_1_dup_1 as clock net
SYN-4025 : Tag rtl::Net ilaclk_dup_1 as clock net
SYN-4025 : Tag rtl::Net sys_clk_dup_1 as clock net
SYN-4025 : Tag rtl::Net u1_es8388_ctrl/u_es8388_config/u_i2c_dri/dri_clk as clock net
SYN-4025 : Tag rtl::Net u_es8388_ctrl/u_es8388_config/u_i2c_dri/dri_clk as clock net
SYN-4026 : Tagged 9 rtl::Net as clock net
SYN-4015 : Create BUFG instance for clk Net aud_bclk_1_dup_1 to drive 80 clock pins.
SYN-4015 : Create BUFG instance for clk Net aud_bclk_dup_1 to drive 80 clock pins.
SYN-4015 : Create BUFG instance for clk Net u1_es8388_ctrl/u_es8388_config/u_i2c_dri/dri_clk to drive 59 clock pins.
SYN-4015 : Create BUFG instance for clk Net u_es8388_ctrl/u_es8388_config/u_i2c_dri/dri_clk to drive 59 clock pins.
PHY-1001 : Populate physical database on model audio_speak.
RUN-1001 : There are total 780 instances
RUN-0007 : 396 luts, 298 seqs, 34 mslices, 19 lslices, 22 pads, 0 brams, 0 dsps
RUN-1001 : There are total 864 nets
RUN-1001 : 539 nets have 2 pins
RUN-1001 : 224 nets have [3 - 5] pins
RUN-1001 : 43 nets have [6 - 10] pins
RUN-1001 : 35 nets have [11 - 20] pins
RUN-1001 : 20 nets have [21 - 99] pins
RUN-1001 : 3 nets have 100+ pins
RUN-1001 : Report Control nets information:
RUN-1001 : DFF Distribution
RUN-1001 : ----------------------------------
RUN-1001 :   CE   |  SSR  |  ASR  |  DFF Count  
RUN-1001 : ----------------------------------
RUN-1001 :   No   |  No   |  No   |      0      
RUN-1001 :   No   |  No   |  Yes  |     146     
RUN-1001 :   No   |  Yes  |  No   |      0      
RUN-1001 :   Yes  |  No   |  No   |      0      
RUN-1001 :   Yes  |  No   |  Yes  |     144     
RUN-1001 :   Yes  |  Yes  |  No   |      8      
RUN-1001 : ----------------------------------
RUN-0007 : Control Group Statistic
RUN-0007 : ---------------------------
RUN-0007 :   #CLK  |  #CE  |  #SSR/ASR  
RUN-0007 : ---------------------------
RUN-0007 :    5    |  10   |     4      
RUN-0007 : ---------------------------
RUN-0007 : Control Set = 15
PHY-3001 : Initial placement ...
PHY-3001 : design contains 778 instances, 396 luts, 298 seqs, 53 slices, 15 macros(53 instances: 34 mslices 19 lslices)
PHY-0007 : Cell area utilization is 2%
PHY-3001 : Global placement ...
PHY-3001 : Initial: Len = 181144
PHY-3001 : Clustering ...
PHY-3001 : Level 0 #clusters 778.
PHY-3001 : End clustering;  0.000036s wall, 0.000000s user + 0.000000s system = 0.000000s CPU (n/a%)

PHY-3001 : Run with size of 4
PHY-3001 : Cell area utilization is 2%
PHY-3001 : :::0::: Try harder cell spreading with beta_ = 0
PHY-3002 : Step(1): len = 103661, overlap = 0
PHY-3002 : Step(2): len = 68886.8, overlap = 0
PHY-3002 : Step(3): len = 47585.7, overlap = 0
PHY-3002 : Step(4): len = 38082.5, overlap = 0
PHY-3002 : Step(5): len = 33157.8, overlap = 0
PHY-3002 : Step(6): len = 28499.2, overlap = 0
PHY-3002 : Step(7): len = 25539.7, overlap = 0
PHY-3002 : Step(8): len = 25376.8, overlap = 0
PHY-3002 : Step(9): len = 24203.4, overlap = 0
PHY-3002 : Step(10): len = 21738.9, overlap = 0
PHY-3002 : Step(11): len = 22168.3, overlap = 0
PHY-3002 : Step(12): len = 22169.6, overlap = 0
PHY-3002 : Step(13): len = 21022.9, overlap = 0
PHY-3002 : Step(14): len = 18837.5, overlap = 0
PHY-3002 : Step(15): len = 18458.3, overlap = 0
PHY-3002 : Step(16): len = 18906.1, overlap = 0
PHY-3002 : Step(17): len = 17888.8, overlap = 0
PHY-3002 : Step(18): len = 17787.3, overlap = 0
PHY-3002 : Step(19): len = 15018.3, overlap = 0.0625
PHY-3002 : Step(20): len = 14840.3, overlap = 0
PHY-3002 : Step(21): len = 14923.1, overlap = 0
PHY-3001 : Legalization ...
PHY-3001 : End legalization;  0.002375s wall, 0.000000s user + 0.015625s system = 0.015625s CPU (657.8%)

PHY-3001 : Run with size of 4
PHY-3001 : Cell area utilization is 3%
PHY-3001 : :::0::: Try harder cell spreading with beta_ = 0
PHY-3002 : Step(22): len = 13611.5, overlap = 2.625
PHY-3002 : Step(23): len = 13611.5, overlap = 2.625
PHY-3002 : Step(24): len = 13296.5, overlap = 2.84375
PHY-3002 : Step(25): len = 13296.5, overlap = 2.84375
PHY-3002 : Step(26): len = 13212.8, overlap = 2.75
PHY-3002 : Step(27): len = 13212.8, overlap = 2.75
PHY-3002 : Step(28): len = 12996.5, overlap = 3.21875
PHY-3002 : Step(29): len = 12996.5, overlap = 3.21875
PHY-3002 : Step(30): len = 12969.2, overlap = 3.875
PHY-3002 : Step(31): len = 12969.2, overlap = 3.875
PHY-3002 : Step(32): len = 12850.8, overlap = 4.25
PHY-3002 : Step(33): len = 12850.8, overlap = 4.25
PHY-3002 : Step(34): len = 12797.1, overlap = 4.5625
PHY-3002 : Step(35): len = 12797.1, overlap = 4.5625
PHY-3002 : Step(36): len = 12722.6, overlap = 4.78125
PHY-3002 : Step(37): len = 12722.6, overlap = 4.78125
PHY-3002 : Step(38): len = 12694.8, overlap = 5.59375
PHY-3002 : Step(39): len = 12694.8, overlap = 5.59375
PHY-3002 : Step(40): len = 12555.6, overlap = 5.65625
PHY-3002 : Step(41): len = 12555.6, overlap = 5.65625
PHY-3002 : Step(42): len = 12737, overlap = 7.375
PHY-3002 : Step(43): len = 12737, overlap = 7.375
PHY-3002 : Step(44): len = 12399.3, overlap = 7.4375
PHY-3002 : Step(45): len = 12399.3, overlap = 7.4375
PHY-3002 : Step(46): len = 12577.1, overlap = 7.625
PHY-3002 : Step(47): len = 12577.1, overlap = 7.625
PHY-3002 : Step(48): len = 12284.4, overlap = 7.625
PHY-3002 : Step(49): len = 12284.4, overlap = 7.625
PHY-3002 : Step(50): len = 12436.2, overlap = 9.21875
PHY-3002 : Step(51): len = 12436.2, overlap = 9.21875
PHY-3002 : Step(52): len = 12211.6, overlap = 9.625
PHY-3002 : Step(53): len = 12211.6, overlap = 9.625
PHY-3002 : Step(54): len = 12286.2, overlap = 9.875
PHY-3002 : Step(55): len = 12286.2, overlap = 9.875
PHY-3002 : Step(56): len = 12160.9, overlap = 9.8125
PHY-3002 : Step(57): len = 12160.9, overlap = 9.8125
PHY-3002 : Step(58): len = 12238.7, overlap = 10.875
PHY-3002 : Step(59): len = 12238.7, overlap = 10.875
PHY-3002 : Step(60): len = 12106.1, overlap = 11.25
PHY-3002 : Step(61): len = 12106.1, overlap = 11.25
PHY-3002 : Step(62): len = 12192.7, overlap = 12.0312
PHY-3002 : Step(63): len = 12192.7, overlap = 12.0312
PHY-3002 : Step(64): len = 12063.6, overlap = 12.0938
PHY-3002 : Step(65): len = 12063.6, overlap = 12.0938
PHY-3002 : Step(66): len = 12159.6, overlap = 12.0625
PHY-3002 : Step(67): len = 12159.6, overlap = 12.0625
PHY-3002 : Step(68): len = 12020.9, overlap = 12.0312
PHY-3002 : Step(69): len = 12020.9, overlap = 12.0312
PHY-3002 : Step(70): len = 12121.8, overlap = 11.6875
PHY-3002 : Step(71): len = 12121.8, overlap = 11.6875
PHY-3002 : Step(72): len = 11981.7, overlap = 11.75
PHY-3002 : Step(73): len = 11981.7, overlap = 11.75
PHY-3002 : Step(74): len = 12091.7, overlap = 11.5938
PHY-3002 : Step(75): len = 12091.7, overlap = 11.5938
PHY-3002 : Step(76): len = 11947.4, overlap = 11.9375
PHY-3002 : Step(77): len = 11947.4, overlap = 11.9375
PHY-3002 : Step(78): len = 12052.6, overlap = 11.6875
PHY-3002 : Step(79): len = 12052.6, overlap = 11.6875
PHY-3002 : Step(80): len = 11908.9, overlap = 12.0312
PHY-3002 : Step(81): len = 11908.9, overlap = 12.0312
PHY-3002 : Step(82): len = 12015.7, overlap = 11.6875
PHY-3002 : Step(83): len = 12015.7, overlap = 11.6875
PHY-3002 : Step(84): len = 11876.8, overlap = 11.8125
PHY-3002 : Step(85): len = 11876.8, overlap = 11.8125
PHY-3002 : Step(86): len = 11910.3, overlap = 11.7812
PHY-3002 : Step(87): len = 11910.3, overlap = 11.7812
PHY-3002 : Step(88): len = 11837.5, overlap = 12.0312
PHY-3002 : Step(89): len = 11837.5, overlap = 12.0312
PHY-3002 : Step(90): len = 11942.6, overlap = 11.6875
PHY-3002 : Step(91): len = 11942.6, overlap = 11.6875
PHY-3002 : Step(92): len = 11816, overlap = 11.8125
PHY-3002 : Step(93): len = 11816, overlap = 11.8125
PHY-3002 : Step(94): len = 11854.7, overlap = 11.4688
PHY-3002 : Step(95): len = 11854.7, overlap = 11.4688
PHY-3002 : Step(96): len = 11781.6, overlap = 11.5
PHY-3002 : Step(97): len = 11781.6, overlap = 11.5
PHY-3002 : Step(98): len = 11819.2, overlap = 11.5625
PHY-3002 : Step(99): len = 11819.2, overlap = 11.5625
PHY-3002 : Step(100): len = 11755.9, overlap = 11.6875
PHY-3002 : Step(101): len = 11755.9, overlap = 11.6875
PHY-3002 : Step(102): len = 11792.7, overlap = 11.75
PHY-3002 : Step(103): len = 11792.7, overlap = 11.75
PHY-3002 : Step(104): len = 11727.6, overlap = 11.6562
PHY-3002 : Step(105): len = 11727.6, overlap = 11.6562
PHY-3002 : Step(106): len = 11767, overlap = 11.375
PHY-3002 : Step(107): len = 11767, overlap = 11.375
PHY-3002 : Step(108): len = 11707.1, overlap = 11.3125
PHY-3002 : Step(109): len = 11707.1, overlap = 11.3125
PHY-3002 : Step(110): len = 11743.4, overlap = 11
PHY-3002 : Step(111): len = 11743.4, overlap = 11
PHY-3002 : Step(112): len = 11683.5, overlap = 10.7812
PHY-3002 : Step(113): len = 11683.5, overlap = 10.7812
PHY-3002 : Step(114): len = 11726.3, overlap = 10.4062
PHY-3002 : Step(115): len = 11726.3, overlap = 10.4062
PHY-3002 : Step(116): len = 11658, overlap = 10.4062
PHY-3002 : Step(117): len = 11658, overlap = 10.4062
PHY-3002 : Step(118): len = 11706.3, overlap = 9.65625
PHY-3002 : Step(119): len = 11706.3, overlap = 9.65625
PHY-3002 : Step(120): len = 11639.7, overlap = 9.375
PHY-3002 : Step(121): len = 11639.7, overlap = 9.375
PHY-3002 : Step(122): len = 11614.2, overlap = 9.125
PHY-3002 : Step(123): len = 11614.2, overlap = 9.125
PHY-3002 : Step(124): len = 11711.2, overlap = 8.875
PHY-3002 : Step(125): len = 11711.2, overlap = 8.875
PHY-3002 : Step(126): len = 11616.2, overlap = 8.5
PHY-3002 : Step(127): len = 11616.2, overlap = 8.5
PHY-3002 : Step(128): len = 11578.9, overlap = 8.21875
PHY-3002 : Step(129): len = 11578.9, overlap = 8.21875
PHY-3002 : Step(130): len = 11619.3, overlap = 8
PHY-3002 : Step(131): len = 11619.3, overlap = 8
PHY-3002 : Step(132): len = 11564.4, overlap = 7.625
PHY-3002 : Step(133): len = 11564.4, overlap = 7.625
PHY-3002 : Step(134): len = 11551, overlap = 7.3125
PHY-3002 : Step(135): len = 11551, overlap = 7.3125
PHY-3002 : Step(136): len = 11572.5, overlap = 6.6875
PHY-3002 : Step(137): len = 11572.5, overlap = 6.6875
PHY-3002 : Step(138): len = 11542.2, overlap = 6.25
PHY-3002 : Step(139): len = 11542.2, overlap = 6.25
PHY-3002 : Step(140): len = 11515.4, overlap = 6.1875
PHY-3002 : Step(141): len = 11515.4, overlap = 6.1875
PHY-3002 : Step(142): len = 11560.6, overlap = 5.8125
PHY-3002 : Step(143): len = 11560.6, overlap = 5.8125
PHY-3002 : Step(144): len = 11512.9, overlap = 5.75
PHY-3002 : Step(145): len = 11512.9, overlap = 5.75
PHY-3002 : Step(146): len = 11493.2, overlap = 5.75
PHY-3002 : Step(147): len = 11493.2, overlap = 5.75
PHY-3002 : Step(148): len = 11526.8, overlap = 5.65625
PHY-3002 : Step(149): len = 11526.8, overlap = 5.65625
PHY-3002 : Step(150): len = 11491.1, overlap = 5.65625
PHY-3002 : Step(151): len = 11491.1, overlap = 5.65625
PHY-3002 : Step(152): len = 11468.3, overlap = 5.65625
PHY-3002 : Step(153): len = 11468.3, overlap = 5.65625
PHY-3002 : Step(154): len = 11513.3, overlap = 5.71875
PHY-3002 : Step(155): len = 11513.3, overlap = 5.71875
PHY-3002 : Step(156): len = 11461, overlap = 5.71875
PHY-3002 : Step(157): len = 11461, overlap = 5.71875
PHY-3002 : Step(158): len = 11445.9, overlap = 5.71875
PHY-3002 : Step(159): len = 11445.9, overlap = 5.71875
PHY-3002 : Step(160): len = 11424.2, overlap = 5.84375
PHY-3002 : Step(161): len = 11424.2, overlap = 5.84375
PHY-3002 : Step(162): len = 11468.2, overlap = 5.96875
PHY-3002 : Step(163): len = 11468.2, overlap = 5.96875
PHY-3002 : Step(164): len = 11428.3, overlap = 6.09375
PHY-3002 : Step(165): len = 11428.3, overlap = 6.09375
PHY-3002 : Step(166): len = 11409.7, overlap = 6.25
PHY-3002 : Step(167): len = 11409.7, overlap = 6.25
PHY-3002 : Step(168): len = 11394.6, overlap = 6.25
PHY-3002 : Step(169): len = 11394.6, overlap = 6.25
PHY-3002 : Step(170): len = 11431.1, overlap = 6.1875
PHY-3002 : Step(171): len = 11431.1, overlap = 6.1875
PHY-3002 : Step(172): len = 11390.7, overlap = 6.1875
PHY-3002 : Step(173): len = 11390.7, overlap = 6.1875
PHY-3002 : Step(174): len = 11376.2, overlap = 6.125
PHY-3002 : Step(175): len = 11376.2, overlap = 6.125
PHY-3002 : Step(176): len = 11358.9, overlap = 6.0625
PHY-3002 : Step(177): len = 11358.9, overlap = 6.0625
PHY-3002 : Step(178): len = 11347.5, overlap = 6.125
PHY-3002 : Step(179): len = 11347.5, overlap = 6.125
PHY-3002 : Step(180): len = 11386, overlap = 5.96875
PHY-3002 : Step(181): len = 11386, overlap = 5.96875
PHY-3002 : Step(182): len = 11355.3, overlap = 6.15625
PHY-3002 : Step(183): len = 11355.3, overlap = 6.15625
PHY-3002 : Step(184): len = 11334.7, overlap = 6.15625
PHY-3002 : Step(185): len = 11334.7, overlap = 6.15625
PHY-3002 : Step(186): len = 11322, overlap = 6.28125
PHY-3002 : Step(187): len = 11322, overlap = 6.28125
PHY-3002 : Step(188): len = 11307.1, overlap = 6.46875
PHY-3002 : Step(189): len = 11307.1, overlap = 6.46875
PHY-3002 : Step(190): len = 11349.6, overlap = 6.09375
PHY-3002 : Step(191): len = 11349.6, overlap = 6.09375
PHY-3002 : Step(192): len = 11311.1, overlap = 5.875
PHY-3002 : Step(193): len = 11311.1, overlap = 5.875
PHY-3002 : Step(194): len = 11299.7, overlap = 5.8125
PHY-3002 : Step(195): len = 11299.7, overlap = 5.8125
PHY-3002 : Step(196): len = 11281.9, overlap = 5.9375
PHY-3002 : Step(197): len = 11281.9, overlap = 5.9375
PHY-3002 : Step(198): len = 11271.5, overlap = 5.78125
PHY-3002 : Step(199): len = 11271.5, overlap = 5.78125
PHY-3002 : Step(200): len = 11257.8, overlap = 5.09375
PHY-3002 : Step(201): len = 11257.8, overlap = 5.09375
PHY-3002 : Step(202): len = 11308.1, overlap = 4.03125
PHY-3002 : Step(203): len = 11308.1, overlap = 4.03125
PHY-3002 : Step(204): len = 11272.1, overlap = 3.78125
PHY-3002 : Step(205): len = 11272.1, overlap = 3.78125
PHY-3002 : Step(206): len = 11253.5, overlap = 3.40625
PHY-3002 : Step(207): len = 11253.5, overlap = 3.40625
PHY-3002 : Step(208): len = 11235.3, overlap = 3.09375
PHY-3002 : Step(209): len = 11235.3, overlap = 3.09375
PHY-3002 : Step(210): len = 11229.1, overlap = 2.90625
PHY-3002 : Step(211): len = 11229.1, overlap = 2.90625
PHY-3002 : Step(212): len = 11214.9, overlap = 2.78125
PHY-3002 : Step(213): len = 11214.9, overlap = 2.78125
PHY-3002 : Step(214): len = 11210.6, overlap = 2.40625
PHY-3002 : Step(215): len = 11210.6, overlap = 2.40625
PHY-3002 : Step(216): len = 11197.4, overlap = 2.4375
PHY-3002 : Step(217): len = 11197.4, overlap = 2.4375
PHY-3002 : Step(218): len = 11191.1, overlap = 2.5625
PHY-3002 : Step(219): len = 11191.1, overlap = 2.5625
PHY-3002 : Step(220): len = 11239.3, overlap = 2.96875
PHY-3002 : Step(221): len = 11239.3, overlap = 2.96875
PHY-3001 : Run with size of 2
PHY-3001 : Cell area utilization is 3%
PHY-3001 : :::0::: Try harder cell spreading with beta_ = 1.58941e-05
PHY-3002 : Step(222): len = 11763.9, overlap = 29.9688
PHY-3002 : Step(223): len = 11763.9, overlap = 29.9688
PHY-3001 : :::1::: Try harder cell spreading with beta_ = 3.17881e-05
PHY-3002 : Step(224): len = 12438.8, overlap = 28.5625
PHY-3002 : Step(225): len = 12438.8, overlap = 28.5625
PHY-3002 : Step(226): len = 12244.5, overlap = 28.8125
PHY-3002 : Step(227): len = 12244.5, overlap = 28.8125
PHY-3002 : Step(228): len = 12486.6, overlap = 28.0938
PHY-3001 : :::2::: Try harder cell spreading with beta_ = 6.35763e-05
PHY-3002 : Step(229): len = 12964.6, overlap = 26.0938
PHY-3002 : Step(230): len = 12964.6, overlap = 26.0938
PHY-3002 : Step(231): len = 12759.3, overlap = 25.5625
PHY-3001 : :::3::: Try harder cell spreading with beta_ = 0.000127153
PHY-3002 : Step(232): len = 13397.5, overlap = 24.8438
PHY-3002 : Step(233): len = 13397.5, overlap = 24.8438
PHY-3002 : Step(234): len = 13033.4, overlap = 25.1875
PHY-3001 : :::4::: Try harder cell spreading with beta_ = 0.000254305
PHY-3002 : Step(235): len = 13410.6, overlap = 23.2812
PHY-3002 : Step(236): len = 13514.3, overlap = 23.4688
PHY-3001 : :::5::: Try harder cell spreading with beta_ = 0.00050861
PHY-3002 : Step(237): len = 13529.2, overlap = 22.375
PHY-3002 : Step(238): len = 13529.2, overlap = 22.375
PHY-3001 : :::6::: Try harder cell spreading with beta_ = 0.000932466
PHY-3002 : Step(239): len = 13736.6, overlap = 20.8125
PHY-3002 : Step(240): len = 13736.6, overlap = 20.8125
PHY-3001 : :::7::: Try harder cell spreading with beta_ = 0.00186493
PHY-3002 : Step(241): len = 13796.9, overlap = 19.8438
PHY-3002 : Step(242): len = 13796.9, overlap = 19.8438
PHY-3001 : :::8::: Try harder cell spreading with beta_ = 0.00349388
PHY-3002 : Step(243): len = 13817.1, overlap = 19.4062
PHY-3002 : Step(244): len = 13817.1, overlap = 19.4062
OPT-1001 : Start physical optimization ...
OPT-1001 : Total overflow 47.97 peak overflow 6.00
OPT-1001 : Start high-fanout net optimization ...
OPT-1001 : Update timing in global mode
PHY-1001 : Start incremental global routing, caller is place ...
RUN-1001 : Generating global routing grids ...
RUN-1001 : Building simple global routing graph ...
PHY-1001 : Generate routing nets ...
PHY-1001 : Reuse net number 0/864.
PHY-1001 : Global iterations in 24 thread ...
PHY-1002 : len = 14720, over cnt = 50(0%), over = 369, worst = 28
PHY-1001 : End global iterations;  0.018404s wall, 0.062500s user + 0.015625s system = 0.078125s CPU (424.5%)

PHY-1001 : Congestion index: top1 = 27.31, top5 = 8.35, top10 = 4.55, top15 = 3.04.
PHY-1001 : End incremental global routing;  0.050332s wall, 0.078125s user + 0.031250s system = 0.109375s CPU (217.3%)

RUN-1002 : start command "start_timer -report"
TMR-5001 WARNING: No sdc constraints found while initiating timer.
TMR-2505 : Start building timing graph for model audio_speak.
TMR-2506 : Build timing graph completely. Port num: 21, tpin num: 3599, tnet num: 862, tinst num: 778, tnode num: 4685, tedge num: 5663.
TMR-2508 : Levelizing timing graph completed, there are 17 levels in total.
TMR-2501 : Timing graph initialized successfully.
OPT-1001 : End timing update;  0.105953s wall, 0.093750s user + 0.015625s system = 0.109375s CPU (103.2%)

OPT-1001 : 0 high-fanout net processed.
OPT-1001 : End high-fanout net optimization;  0.164186s wall, 0.171875s user + 0.046875s system = 0.218750s CPU (133.2%)

OPT-1001 : Current memory(MB): used = 165, reserve = 133, peak = 165.
OPT-1001 : End physical optimization;  0.168963s wall, 0.250000s user + 0.093750s system = 0.343750s CPU (203.4%)

PHY-3001 : Start packing ...
SYN-4007 : Packing 0 MUX to BLE ...
SYN-4008 : Packed 0 MUX and 0 SEQ to BLE.
SYN-4007 : Packing 396 LUT to BLE ...
SYN-4008 : Packed 396 LUT and 164 SEQ to BLE.
SYN-4003 : Packing 134 remaining SEQ's ...
SYN-4005 : Packed 94 SEQ with LUT/SLICE
SYN-4006 : 158 single LUT's are left
SYN-4006 : 40 single SEQ's are left
SYN-4011 : Packing model "audio_speak" (AL_USER_NORMAL) with 436/522 primitive instances ...
PHY-3001 : End packing;  0.025135s wall, 0.031250s user + 0.000000s system = 0.031250s CPU (124.3%)

PHY-1001 : Populate physical database on model audio_speak.
RUN-1001 : There are total 325 instances
RUN-1001 : 146 mslices, 146 lslices, 22 pads, 0 brams, 0 dsps
RUN-1001 : There are total 706 nets
RUN-1001 : 367 nets have 2 pins
RUN-1001 : 234 nets have [3 - 5] pins
RUN-1001 : 48 nets have [6 - 10] pins
RUN-1001 : 40 nets have [11 - 20] pins
RUN-1001 : 16 nets have [21 - 99] pins
RUN-1001 : 1 nets have 100+ pins
PHY-3001 : design contains 323 instances, 292 slices, 15 macros(53 instances: 34 mslices 19 lslices)
PHY-3001 : Cell area utilization is 3%
PHY-3001 : After packing: Len = 13927, Over = 28.25
PHY-3001 : Run with size of 2
PHY-3001 : Cell area utilization is 3%
PHY-3001 : :::0::: Try harder cell spreading with beta_ = 2.64735e-05
PHY-3002 : Step(245): len = 13486.5, overlap = 29
PHY-3002 : Step(246): len = 13514.4, overlap = 29.75
PHY-3002 : Step(247): len = 13531.7, overlap = 29.25
PHY-3001 : :::1::: Try harder cell spreading with beta_ = 5.29469e-05
PHY-3002 : Step(248): len = 13689.3, overlap = 30
PHY-3002 : Step(249): len = 13689.3, overlap = 30
PHY-3002 : Step(250): len = 13590.2, overlap = 30
PHY-3001 : :::2::: Try harder cell spreading with beta_ = 0.000105894
PHY-3002 : Step(251): len = 13980.9, overlap = 27.5
PHY-3002 : Step(252): len = 14118.8, overlap = 26
PHY-3002 : Step(253): len = 14295.5, overlap = 24.5
PHY-3001 : Legalization ...
PHY-3001 : End legalization;  0.043427s wall, 0.062500s user + 0.031250s system = 0.093750s CPU (215.9%)

PHY-3001 : Trial Legalized: Len = 25670.3
PHY-3001 : Run with size of 2
PHY-3001 : Cell area utilization is 3%
PHY-3001 : :::0::: Try harder cell spreading with beta_ = 0
PHY-3002 : Step(254): len = 18610.3, overlap = 9.75
PHY-3002 : Step(255): len = 16190.2, overlap = 20.5
PHY-3002 : Step(256): len = 15384.3, overlap = 24.75
PHY-3002 : Step(257): len = 14700.3, overlap = 26.25
PHY-3002 : Step(258): len = 14608.8, overlap = 26.75
PHY-3002 : Step(259): len = 14471.8, overlap = 26.75
PHY-3001 : :::1::: Try harder cell spreading with beta_ = 4.29255e-05
PHY-3002 : Step(260): len = 14425, overlap = 26
PHY-3002 : Step(261): len = 14474.8, overlap = 26
PHY-3002 : Step(262): len = 14547.5, overlap = 24.25
PHY-3001 : :::2::: Try harder cell spreading with beta_ = 8.58509e-05
PHY-3002 : Step(263): len = 14554.9, overlap = 21
PHY-3002 : Step(264): len = 14595, overlap = 20.5
PHY-3001 : Legalization ...
PHY-3001 : End legalization;  0.003790s wall, 0.000000s user + 0.015625s system = 0.015625s CPU (412.3%)

PHY-3001 : Legalized: Len = 20595, Over = 0
PHY-3001 : End spreading;  0.001878s wall, 0.000000s user + 0.000000s system = 0.000000s CPU (n/a%)

PHY-3001 : Final: Len = 20595, Over = 0
OPT-1001 : Start physical optimization ...
OPT-1001 : Total overflow 0.00 peak overflow 0.00
OPT-1001 : Start high-fanout net optimization ...
OPT-1001 : Update timing in global mode
PHY-1001 : Start incremental global routing, caller is place ...
RUN-1001 : Generating global routing grids ...
PHY-1001 : Generate routing nets ...
PHY-1001 : Reuse net number 38/706.
PHY-1001 : Global iterations in 24 thread ...
PHY-1002 : len = 23736, over cnt = 80(0%), over = 104, worst = 3
PHY-1002 : len = 24112, over cnt = 33(0%), over = 37, worst = 2
PHY-1002 : len = 24528, over cnt = 3(0%), over = 3, worst = 1
PHY-1002 : len = 24544, over cnt = 2(0%), over = 2, worst = 1
PHY-1002 : len = 24576, over cnt = 0(0%), over = 0, worst = 0
PHY-1001 : End global iterations;  0.040317s wall, 0.062500s user + 0.000000s system = 0.062500s CPU (155.0%)

PHY-1001 : Congestion index: top1 = 24.57, top5 = 13.69, top10 = 7.73, top15 = 5.29.
PHY-1001 : End incremental global routing;  0.069503s wall, 0.093750s user + 0.015625s system = 0.109375s CPU (157.4%)

RUN-1002 : start command "start_timer -report"
TMR-5001 WARNING: No sdc constraints found while initiating timer.
TMR-2505 : Start building timing graph for model audio_speak.
TMR-2506 : Build timing graph completely. Port num: 21, tpin num: 3051, tnet num: 704, tinst num: 323, tnode num: 3835, tedge num: 5037.
TMR-2508 : Levelizing timing graph completed, there are 17 levels in total.
TMR-2501 : Timing graph initialized successfully.
OPT-1001 : End timing update;  0.092460s wall, 0.078125s user + 0.000000s system = 0.078125s CPU (84.5%)

OPT-1001 : 0 high-fanout net processed.
OPT-1001 : End high-fanout net optimization;  0.169885s wall, 0.187500s user + 0.015625s system = 0.203125s CPU (119.6%)

OPT-1001 : Current memory(MB): used = 168, reserve = 136, peak = 168.
OPT-1001 : Update timing in Manhattan mode
OPT-1001 : End timing update;  0.000496s wall, 0.000000s user + 0.000000s system = 0.000000s CPU (n/a%)

OPT-1001 : Start pin optimization...
OPT-1001 : skip pin optimization...
RUN-1001 : Generating global routing grids ...
PHY-1001 : Generate routing nets ...
PHY-1001 : Reuse net number 573/706.
PHY-1001 : Global iterations in 24 thread ...
PHY-1002 : len = 24576, over cnt = 0(0%), over = 0, worst = 0
PHY-1001 : End global iterations;  0.001406s wall, 0.000000s user + 0.000000s system = 0.000000s CPU (n/a%)

PHY-1001 : Congestion index: top1 = 24.57, top5 = 13.69, top10 = 7.73, top15 = 5.29.
OPT-1001 : Update timing in Manhattan mode
OPT-1001 : End timing update;  0.000807s wall, 0.000000s user + 0.000000s system = 0.000000s CPU (n/a%)

RUN-1001 : QoR Analysis:
OPT-0007 :   WNS 2147483647 TNS 0 NUM_FEPS 0
RUN-1001 :   No local congestion issue, and most congested 1% tile average routing util is 24.241379
RUN-1001 :   Top critical paths
OPT-1001 : End physical optimization;  0.205051s wall, 0.218750s user + 0.015625s system = 0.234375s CPU (114.3%)

RUN-1003 : finish command "place" in  5.844676s wall, 8.390625s user + 9.187500s system = 17.578125s CPU (300.8%)

RUN-1004 : used memory is 145 MB, reserved memory is 112 MB, peak memory is 169 MB
RUN-1002 : start command "export_db ES8388_place.db"
RUN-1001 : Exported /
RUN-1001 : Exported flow parameters
RUN-1001 : Exported libs
RUN-1001 : Exported entities
RUN-1001 : Exported ports
RUN-1001 : Exported pins
RUN-1001 : Exported instances
RUN-1001 : Exported nets
RUN-1001 : Exported buses
RUN-1001 : Exported models
RUN-1001 : Exported congestions
RUN-1001 : Exported violations
RUN-1001 : Exported IO constraints
RUN-1001 : Exported Inst constraints
RUN-1002 : start command "route"
RUN-1001 : Open license file D:/TD/license/Anlogic.lic
RUN-1001 : Print Global Property
RUN-1001 : ---------------------------------------------------------------
RUN-1001 :        Parameters        |  Settings  |  Default Values  |  Note  
RUN-1001 : ---------------------------------------------------------------
RUN-1001 :          message         |  standard  |     standard     |        
RUN-1001 :   mixed_pack_place_flow  |     on     |        on        |        
RUN-1001 :        qor_monitor       |    off     |       off        |        
RUN-1001 :        syn_ip_flow       |    off     |       off        |        
RUN-1001 :          thread          |    auto    |       auto       |        
RUN-1001 : ---------------------------------------------------------------
RUN-1001 : Print Route Property
RUN-1001 : -------------------------------------------------------
RUN-1001 :    Parameters    |  Settings  |  Default Values  |  Note  
RUN-1001 : -------------------------------------------------------
RUN-1001 :      effort      |   medium   |      medium      |        
RUN-1001 :     fix_hold     |    off     |       off        |        
RUN-1001 :    opt_timing    |   medium   |      medium      |        
RUN-1001 :   phy_sim_model  |    off     |       off        |        
RUN-1001 :     priority     |   timing   |      timing      |        
RUN-1001 :     swap_pin     |     on     |        on        |        
RUN-1001 : -------------------------------------------------------
PHY-1001 : Route runs in 24 thread(s)
RUN-1001 : There are total 325 instances
RUN-1001 : 146 mslices, 146 lslices, 22 pads, 0 brams, 0 dsps
RUN-1001 : There are total 706 nets
RUN-1001 : 367 nets have 2 pins
RUN-1001 : 234 nets have [3 - 5] pins
RUN-1001 : 48 nets have [6 - 10] pins
RUN-1001 : 40 nets have [11 - 20] pins
RUN-1001 : 16 nets have [21 - 99] pins
RUN-1001 : 1 nets have 100+ pins
RUN-1002 : start command "start_timer -report"
TMR-5001 WARNING: No sdc constraints found while initiating timer.
TMR-2505 : Start building timing graph for model audio_speak.
TMR-2506 : Build timing graph completely. Port num: 21, tpin num: 3051, tnet num: 704, tinst num: 323, tnode num: 3835, tedge num: 5037.
TMR-2508 : Levelizing timing graph completed, there are 17 levels in total.
TMR-2501 : Timing graph initialized successfully.
PHY-1001 : 146 mslices, 146 lslices, 22 pads, 0 brams, 0 dsps
TMR-2503 : Start to update net delay, extr mode = 3.
TMR-2504 : Update delay of 704 nets completely.
TMR-2502 : Annotate delay completely, extr mode = 3.
TMR-3002 : No user constraint, initiate default constraint.
TMR-1501 : Assign derive clock DeriveClock to 380 clock pins, and constraint 780 relative nodes.
TMR-3003 : Constraints initiated successfully.
TMR-3501 : Forward propagation: start to calculate arrival time...
TMR-3502 : Backward propagation: start to calculate required time...
TMR-3503 : Timing propagation completes.
PHY-1001 : Start global routing, caller is route ...
RUN-1001 : Generating global routing grids ...
PHY-1001 : Generate routing nets ...
PHY-1001 : Global iterations in 24 thread ...
PHY-1002 : len = 23544, over cnt = 76(0%), over = 105, worst = 3
PHY-1002 : len = 23992, over cnt = 33(0%), over = 38, worst = 2
PHY-1002 : len = 24272, over cnt = 15(0%), over = 17, worst = 2
PHY-1002 : len = 24456, over cnt = 0(0%), over = 0, worst = 0
PHY-1001 : End global iterations;  0.041226s wall, 0.015625s user + 0.046875s system = 0.062500s CPU (151.6%)

PHY-1001 : Congestion index: top1 = 24.35, top5 = 13.74, top10 = 7.78, top15 = 5.27.
PHY-1001 : End global routing;  0.073041s wall, 0.046875s user + 0.046875s system = 0.093750s CPU (128.4%)

PHY-1001 : Start detail routing ...
PHY-1001 : Current memory(MB): used = 204, reserve = 172, peak = 223.
PHY-1001 : Detailed router is running in normal mode.
PHY-1001 : Generate detailed routing grids ...
PHY-1001 : Processed IO instance aud_dacdat_syn_4 with INV attribute.
PHY-1001 : Processed IO instance aud_dacdat_1_syn_4 with INV attribute.
PHY-1001 : Generate nets ...
PHY-1001 : clock net aud_bclk_syn_4 will be merged with clock aud_bclk_dup_1
PHY-1001 : clock net aud_bclk_1_syn_4 will be merged with clock aud_bclk_1_dup_1
PHY-1001 : net aud_mclk_dup_1 will be routed on clock mesh
PHY-1001 : net aud_mclk_1_dup_1 will be routed on clock mesh
PHY-1001 : clock net ilaclk_dup_1 will be merged with clock u_pll_clk/clk0_buf
PHY-1001 : clock net ilaclk_1_dup_1 will be merged with clock u1_pll_clk/clk0_buf
PHY-1001 : net sys_clk_dup_1 will be routed on clock mesh
PHY-1001 : clock net u1_es8388_ctrl/u_es8388_config/u_i2c_dri/dri_clk_syn_4 will be merged with clock u1_es8388_ctrl/u_es8388_config/u_i2c_dri/dri_clk
PHY-1001 : clock net u_es8388_ctrl/u_es8388_config/u_i2c_dri/dri_clk_syn_4 will be merged with clock u_es8388_ctrl/u_es8388_config/u_i2c_dri/dri_clk
PHY-1001 : Current memory(MB): used = 470, reserve = 443, peak = 470.
PHY-1001 : End build detailed router design. 2.465976s wall, 2.359375s user + 0.000000s system = 2.359375s CPU (95.7%)

PHY-1001 : Detail Route ...
PHY-1001 : ===== Detail Route Phase 1 =====
PHY-1001 : Clock net routing.....
PHY-1001 : Routed 1% nets.
PHY-1022 : len = 15408, over cnt = 0(0%), over = 0, worst = 0, crit = 0
PHY-1001 : End initial clock net routed; 1.623954s wall, 1.562500s user + 0.046875s system = 1.609375s CPU (99.1%)

PHY-1001 : Current memory(MB): used = 502, reserve = 476, peak = 502.
PHY-1001 : End phase 1; 1.628646s wall, 1.578125s user + 0.046875s system = 1.625000s CPU (99.8%)

PHY-1001 : ===== Detail Route Phase 2 =====
PHY-1001 : Initial routing.....
PHY-1001 : Routed 39% nets.
PHY-1001 : Routed 45% nets.
PHY-1001 : Routed 56% nets.
PHY-1001 : Routed 70% nets.
PHY-1001 : Routed 90% nets.
PHY-1022 : len = 116648, over cnt = 35(0%), over = 35, worst = 1, crit = 0
PHY-1001 : Current memory(MB): used = 502, reserve = 476, peak = 503.
PHY-1001 : End initial routed; 0.707352s wall, 0.687500s user + 0.156250s system = 0.843750s CPU (119.3%)

PHY-1001 : Current memory(MB): used = 502, reserve = 476, peak = 503.
PHY-1001 : End phase 2; 0.707516s wall, 0.687500s user + 0.156250s system = 0.843750s CPU (119.3%)

PHY-1001 : ===== Detail Route Phase 3 =====
PHY-1001 : Ripup-reroute.....
PHY-1001 : ===== DR Iter 1 =====
PHY-1022 : len = 116568, over cnt = 3(0%), over = 3, worst = 1, crit = 0
PHY-1001 : End DR Iter 1; 0.018503s wall, 0.015625s user + 0.000000s system = 0.015625s CPU (84.4%)

PHY-1001 : ===== DR Iter 2 =====
PHY-1022 : len = 116600, over cnt = 0(0%), over = 0, worst = 0, crit = 0
PHY-1001 : End DR Iter 2; 0.010715s wall, 0.015625s user + 0.000000s system = 0.015625s CPU (145.8%)

PHY-1001 : Commit to database.....
PHY-1001 : 9 feed throughs used by 9 nets
PHY-1001 : End commit to database; 0.064716s wall, 0.062500s user + 0.000000s system = 0.062500s CPU (96.6%)

PHY-1001 : Current memory(MB): used = 514, reserve = 487, peak = 514.
PHY-1001 : End phase 3; 0.184498s wall, 0.171875s user + 0.015625s system = 0.187500s CPU (101.6%)

PHY-1003 : Routed, final wirelength = 116600
PHY-1001 : Current memory(MB): used = 514, reserve = 487, peak = 514.
PHY-1001 : End export database. 0.005283s wall, 0.000000s user + 0.000000s system = 0.000000s CPU (n/a%)

PHY-1001 : End detail routing;  5.137293s wall, 4.937500s user + 0.218750s system = 5.156250s CPU (100.4%)

RUN-1003 : finish command "route" in  5.358313s wall, 5.093750s user + 0.296875s system = 5.390625s CPU (100.6%)

RUN-1004 : used memory is 431 MB, reserved memory is 404 MB, peak memory is 514 MB
RUN-1002 : start command "report_area -io_info -file ES8388_phy.area"
RUN-1001 : standard
***Report Model: audio_speak Device: EG4S20BG256***

IO Statistics
#IO                        22
  #input                   10
  #output                  10
  #inout                    2

Utilization Statistics
#lut                      521   out of  19600    2.66%
#reg                      298   out of  19600    1.52%
#le                       561
  #lut only               263   out of    561   46.88%
  #reg only                40   out of    561    7.13%
  #lut&reg                258   out of    561   45.99%
#dsp                        0   out of     29    0.00%
#bram                       0   out of     64    0.00%
  #bram9k                   0
  #fifo9k                   0
#bram32k                    0   out of     16    0.00%
#pad                       22   out of    188   11.70%
  #ireg                     4
  #oreg                     6
  #treg                     2
#pll                        2   out of      4   50.00%
#gclk                       6   out of     16   37.50%

Clock Resource Statistics
Index     ClockNet                                            Type               DriverType         Driver                                                           Fanout
#1        aud_bclk_1_dup_1                                    GCLK               io                 aud_bclk_1_syn_2.di                                              45
#2        aud_bclk_dup_1                                      GCLK               io                 aud_bclk_syn_2.di                                                44
#3        u1_es8388_ctrl/u_es8388_config/u_i2c_dri/dri_clk    GCLK               mslice             u1_es8388_ctrl/u_es8388_config/u_i2c_dri/dri_clk_reg_syn_9.q1    43
#4        u_es8388_ctrl/u_es8388_config/u_i2c_dri/dri_clk     GCLK               lslice             u_es8388_ctrl/u_es8388_config/u_i2c_dri/dri_clk_reg_syn_9.q1     42
#5        sys_clk_dup_1                                       GCLK               io                 sys_clk_syn_2.di                                                 18
#6        aud_mclk_1_dup_1                                    GCLK               pll                u1_pll_clk/pll_inst.clkc1                                        0
#7        aud_mclk_dup_1                                      GCLK               pll                u_pll_clk/pll_inst.clkc1                                         0
#8        u1_pll_clk/clk0_buf                                 GCLK               pll                u1_pll_clk/pll_inst.clkc0                                        0
#9        u_pll_clk/clk0_buf                                  GCLK               pll                u_pll_clk/pll_inst.clkc0                                         0


Detailed IO Report

      Name        Direction    Location    IOStandard    DriveStrength    PullType     PackReg   
   aud_adcdat       INPUT         M6        LVCMOS25          N/A          PULLUP       IREG     
  aud_adcdat_1      INPUT         P5        LVCMOS25          N/A          PULLUP       IREG     
    aud_bclk        INPUT         R9        LVCMOS25          N/A          PULLUP       NONE     
   aud_bclk_1       INPUT         T9        LVCMOS25          N/A          PULLUP       NONE     
    aud_lrc         INPUT         N5        LVCMOS25          N/A          PULLUP       IREG     
   aud_lrc_1        INPUT        T13        LVCMOS25          N/A          PULLUP       IREG     
    sys_clk         INPUT         R7        LVCMOS25          N/A          PULLUP       NONE     
   sys_rst_n        INPUT         A9        LVCMOS25          N/A          PULLUP       NONE     
   volume[1]        INPUT        B10        LVCMOS25          N/A          PULLUP       NONE     
   volume[0]        INPUT        A10        LVCMOS25          N/A          PULLUP       NONE     
   aud_dacdat      OUTPUT        R12        LVCMOS25           8            NONE        OREG     
  aud_dacdat_1     OUTPUT        T12        LVCMOS25           8            NONE        OREG     
    aud_mclk       OUTPUT         T8        LVCMOS25           8            NONE        NONE     
   aud_mclk_1      OUTPUT         T7        LVCMOS25           8            NONE        NONE     
    aud_scl        OUTPUT         T6        LVCMOS25           8            NONE        OREG     
   aud_scl_1       OUTPUT         T5        LVCMOS25           8            NONE        OREG     
     ilaclk        OUTPUT        R15        LVCMOS25           8            NONE        NONE     
    ilaclk_1       OUTPUT        T15        LVCMOS25           8            NONE        NONE     
      led          OUTPUT        B14        LVCMOS25           8            NONE        NONE     
     led_1         OUTPUT        B15        LVCMOS25           8            NONE        NONE     
    aud_sda         INOUT         R5        LVCMOS25           8           PULLUP     OREG;TREG  
   aud_sda_1        INOUT         T4        LVCMOS25           8           PULLUP     OREG;TREG  

Report Hierarchy Area:
+----------------------------------------------------------------------------------------+
|Instance            |Module        |le     |lut     |ripple  |seq     |bram    |dsp     |
+----------------------------------------------------------------------------------------+
|top                 |audio_speak   |561    |468     |53      |310     |0       |0       |
|  u1_es8388_ctrl    |es8388_ctrl   |270    |226     |25      |145     |0       |0       |
|    u_audio_receive |audio_receive |77     |48      |12      |52      |0       |0       |
|    u_audio_send    |audio_send    |25     |25      |0       |24      |0       |0       |
|    u_es8388_config |es8388_config |168    |153     |13      |69      |0       |0       |
|      u_i2c_dri     |i2c_dri       |110    |103     |5       |41      |0       |0       |
|      u_i2c_reg_cfg |i2c_reg_cfg   |58     |50      |8       |28      |0       |0       |
|  u1_pll_clk        |clk_wiz_0     |1      |1       |0       |0       |0       |0       |
|  u_es8388_ctrl     |es8388_ctrl   |278    |238     |25      |145     |0       |0       |
|    u_audio_receive |audio_receive |72     |47      |12      |53      |0       |0       |
|    u_audio_send    |audio_send    |25     |25      |0       |24      |0       |0       |
|    u_es8388_config |es8388_config |181    |166     |13      |68      |0       |0       |
|      u_i2c_dri     |i2c_dri       |123    |116     |5       |41      |0       |0       |
|      u_i2c_reg_cfg |i2c_reg_cfg   |58     |50      |8       |27      |0       |0       |
|  u_pll_clk         |clk_wiz_0     |0      |0       |0       |0       |0       |0       |
+----------------------------------------------------------------------------------------+


DataNet Average Fanout:

   Index     Fanout    Nets  
    #1         1       343   
    #2         2       159   
    #3         3        59   
    #4         4        14   
    #5        5-10      50   
    #6       11-50      46   
    #7       51-100     2    
  Average     3.16           

RUN-1002 : start command "export_db ES8388_pr.db"
RUN-1001 : Exported /
RUN-1001 : Exported flow parameters
RUN-1001 : Exported libs
RUN-1001 : Exported entities
RUN-1001 : Exported ports
RUN-1001 : Exported pins
RUN-1001 : Exported instances
RUN-1001 : Exported nets
RUN-1001 : Exported buses
RUN-1001 : Exported models
RUN-1001 : Exported congestions
RUN-1001 : Exported violations
RUN-1001 : Exported IO constraints
RUN-1001 : Exported Inst constraints
RUN-1002 : start command "export_bid ES8388_inst.bid"
RUN-1002 : start command "bitgen -bit ES8388.bit -unused_io_status pulldown"
BIT-1003 : Start to generate bitstream. 
BIT-1002 : Bitgen processed 166 unused pads, reserve input tri_state with pulldown
BIT-1002 : Init instances with 24 threads.
BIT-1002 : Init instances completely, inst num: 489
BIT-1002 : Init pips with 24 threads.
BIT-1002 : Init pips completely, net num: 706, pip num: 7537
BIT-1002 : Init feedthrough with 24 threads.
BIT-1002 : Init feedthrough completely, num: 9
BIT-1003 : Multithreading accelaration with 24 threads.
BIT-1003 : Generate bitstream completely, there are 1365 valid insts, and 20856 bits set as '1'.
BIT-1004 : PLL setting string = 0110
BIT-1004 : Generate bits file ES8388.bit.
RUN-1003 : finish command "bitgen -bit ES8388.bit -unused_io_status pulldown" in  1.274539s wall, 14.484375s user + 1.296875s system = 15.781250s CPU (1238.2%)

RUN-1004 : used memory is 445 MB, reserved memory is 424 MB, peak memory is 676 MB
RUN-1002 : start command "backup_run_log run.log ../.logs/phy_1/td_20251009_155111.log"
