============================================================
   Tang Dynasty, V5.6.71036
      Copyright (c) 2012-2023 Anlogic Inc.
   Executable = E:/Software/Anlogic/TD5.6.2/bin/td.exe
   Built at =   20:34:38 Mar 21 2023
   Run by =     Lviva
   Run Date =   Tue Oct 28 09:18:00 2025

   Run on =     VIVACIOUS
============================================================
RUN-1002 : start command "open_project ES8388.prj"
RUN-1001 : Print Global Property
RUN-1001 : ---------------------------------------------------------------
RUN-1001 :        Parameters        |  Settings  |  Default Values  |  Note  
RUN-1001 : ---------------------------------------------------------------
RUN-1001 :          message         |  standard  |     standard     |        
RUN-1001 :   mixed_pack_place_flow  |     on     |        on        |        
RUN-1001 :        qor_monitor       |    off     |       off        |        
RUN-1001 :        syn_ip_flow       |    off     |       off        |        
RUN-1001 :          thread          |    auto    |       auto       |        
RUN-1001 : ---------------------------------------------------------------
RUN-1001 : Print Design Property
RUN-1001 : --------------------------------------------------------------
RUN-1001 :        Parameters       |  Settings  |  Default Values  |  Note  
RUN-1001 : --------------------------------------------------------------
RUN-1001 :   default_reg_initial   |    auto    |       auto       |        
RUN-1001 :        infer_add        |     on     |        on        |        
RUN-1001 :        infer_fsm        |    off     |       off        |        
RUN-1001 :        infer_mult       |     on     |        on        |        
RUN-1001 :        infer_ram        |     on     |        on        |        
RUN-1001 :        infer_reg        |     on     |        on        |        
RUN-1001 :   infer_reg_init_value  |     on     |        on        |        
RUN-1001 :        infer_rom        |     on     |        on        |        
RUN-1001 :      infer_shifter      |     on     |        on        |        
RUN-1001 : --------------------------------------------------------------
RUN-1001 : Print Rtl Property
RUN-1001 : --------------------------------------------------------------
RUN-1001 :        Parameters       |  Settings  |  Default Values  |  Note  
RUN-1001 : --------------------------------------------------------------
RUN-1001 :       compress_add      |   ripple   |      ripple      |        
RUN-1001 :        elf_sload        |    off     |       off        |        
RUN-1001 :       fix_undriven      |     0      |        0         |        
RUN-1001 :         flatten         |    off     |       off        |        
RUN-1001 :       gate_sharing      |     on     |        on        |        
RUN-1001 :    hdl_warning_level    |   normal   |      normal      |        
RUN-1001 :   impl_internal_tribuf  |     on     |        on        |        
RUN-1001 :      impl_set_reset     |     on     |        on        |        
RUN-1001 :        infer_gsr        |    off     |       off        |        
RUN-1001 :      keep_hierarchy     |    auto    |       auto       |        
RUN-1001 :        max_fanout       |    9999    |       9999       |        
RUN-1001 :      max_oh2bin_len     |     10     |        10        |        
RUN-1001 :       merge_equal       |     on     |        on        |        
RUN-1001 :       merge_equiv       |     on     |        on        |        
RUN-1001 :        merge_mux        |    off     |       off        |        
RUN-1001 :     min_control_set     |     8      |        8         |        
RUN-1001 :      min_ripple_len     |    auto    |       auto       |        
RUN-1001 :       oh2bin_ratio      |    0.08    |       0.08       |        
RUN-1001 :     opt_adder_fanout    |     on     |        on        |        
RUN-1001 :        opt_arith        |     on     |        on        |        
RUN-1001 :       opt_big_gate      |    off     |       off        |        
RUN-1001 :        opt_const        |     on     |        on        |        
RUN-1001 :      opt_const_mult     |     on     |        on        |        
RUN-1001 :       opt_lessthan      |     on     |        on        |        
RUN-1001 :         opt_mux         |    off     |       off        |        
RUN-1001 :         opt_ram         |    high    |       high       |        
RUN-1001 :      rtl_sim_model      |    off     |       off        |        
RUN-1001 :         seq_syn         |     on     |        on        |        
RUN-1001 : --------------------------------------------------------------
HDL-1007 : analyze verilog file ../../al_ip/clk_wiz_0.v
HDL-1007 : undeclared symbol 'open', assumed default net type 'wire' in ../../al_ip/clk_wiz_0.v(80)
HDL-1007 : analyze verilog file ../../../RTL/audio_receive.v
HDL-1007 : analyze verilog file ../../../RTL/audio_send.v
HDL-1007 : analyze verilog file ../../../RTL/audio_speak.v
HDL-1007 : analyze verilog file ../../../RTL/es8388_config.v
HDL-1007 : analyze verilog file ../../../RTL/es8388_ctrl.v
HDL-1007 : analyze verilog file ../../../RTL/i2c_dri.v
HDL-1007 : analyze verilog file ../../../RTL/i2c_reg_cfg.v
HDL-1007 : analyze verilog file ../../../RTL/spar_4mic_localization.v
RUN-1001 : Project manager successfully analyzed 9 source files.
RUN-1002 : start command "import_device eagle_s20.db -package EG4S20BG256"
ARC-1001 : Device Initialization.
ARC-1001 : ------------------------------------------------------------------
ARC-1001 :            OPTION            |          IO          |   SETTING   
ARC-1001 : ------------------------------------------------------------------
ARC-1001 :   cso_b/cclk/mosi/miso/dout  |  T3/R11/T10/P10/S11  |    gpio    
ARC-1001 :             done             |         P13          |    gpio    
ARC-1001 :           program_b          |          T2          |  dedicate  
ARC-1001 :        tdi/tms/tck/tdo       |   C12/A15/C14/E14    |  dedicate  
ARC-1001 : ------------------------------------------------------------------
ARC-1004 : Device setting, marked 5 dedicate IOs in total.
RUN-1002 : start command "import_db ../syn_1/ES8388_gate.db"
RUN-1001 : Importing database generated by Tang Dynasty, V5.6.71036.
RUN-1001 : Database version number 46146.
RUN-1001 : Import flow parameters
RUN-1001 : Import IO constraints
RUN-1001 : Import Inst constraints
RUN-1001 : Import design success TD_VERSION=5.6.71036 , DB_VERSION=46146
RUN-1002 : start command "place"
RUN-1001 : Open license file E:/Software/Anlogic/TD5.6.2/license/Anlogic.lic
RUN-1001 : Print Global Property
RUN-1001 : ---------------------------------------------------------------
RUN-1001 :        Parameters        |  Settings  |  Default Values  |  Note  
RUN-1001 : ---------------------------------------------------------------
RUN-1001 :          message         |  standard  |     standard     |        
RUN-1001 :   mixed_pack_place_flow  |     on     |        on        |        
RUN-1001 :        qor_monitor       |    off     |       off        |        
RUN-1001 :        syn_ip_flow       |    off     |       off        |        
RUN-1001 :          thread          |    auto    |       auto       |        
RUN-1001 : ---------------------------------------------------------------
RUN-1001 : Print Place Property
RUN-1001 : --------------------------------------------------------------
RUN-1001 :        Parameters       |  Settings  |  Default Values  |  Note  
RUN-1001 : --------------------------------------------------------------
RUN-1001 :      detailed_place     |     on     |        on        |        
RUN-1001 :          effort         |   medium   |      medium      |        
RUN-1001 :         fix_hold        |    off     |       off        |        
RUN-1001 :       legalization      |    ori     |       ori        |        
RUN-1001 :      new_spreading      |     on     |        on        |        
RUN-1001 :        opt_timing       |   medium   |      medium      |        
RUN-1001 :   post_clock_route_opt  |    off     |       off        |        
RUN-1001 :       pr_strategy       |     1      |        1         |        
RUN-1001 :        relaxation       |    1.00    |       1.00       |        
RUN-1001 :         retiming        |    off     |       off        |        
RUN-1001 : --------------------------------------------------------------
PHY-3001 : Placer runs in 16 thread(s).
RUN-1002 : start command "legalize_phy_inst"
SYN-1011 : Flatten model audio_speak
RUN-1002 : start command "phys_opt -simplify_lut"
SYN-4016 : Net ilaclk_1_dup_1 driven by BUFG (0 clock/control pins, 2 other pins).
SYN-4016 : Net ilaclk_2_dup_1 driven by BUFG (0 clock/control pins, 2 other pins).
SYN-4016 : Net ilaclk_3_dup_1 driven by BUFG (0 clock/control pins, 2 other pins).
SYN-4016 : Net ilaclk_dup_1 driven by BUFG (0 clock/control pins, 2 other pins).
SYN-4027 : Net aud_mclk_1_dup_1 is clkc1 of pll u1_pll_clk/pll_inst.
SYN-4019 : Net sys_clk_dup_1 is refclk of pll u1_pll_clk/pll_inst.
SYN-4020 : Net sys_clk_dup_1 is fbclk of pll u1_pll_clk/pll_inst.
SYN-4027 : Net aud_mclk_2_dup_1 is clkc1 of pll u2_pll_clk/pll_inst.
SYN-4019 : Net sys_clk_dup_1 is refclk of pll u2_pll_clk/pll_inst.
SYN-4020 : Net sys_clk_dup_1 is fbclk of pll u2_pll_clk/pll_inst.
SYN-4027 : Net aud_mclk_3_dup_1 is clkc1 of pll u3_pll_clk/pll_inst.
SYN-4019 : Net sys_clk_dup_1 is refclk of pll u3_pll_clk/pll_inst.
SYN-4020 : Net sys_clk_dup_1 is fbclk of pll u3_pll_clk/pll_inst.
SYN-4027 : Net aud_mclk_dup_1 is clkc1 of pll u_pll_clk/pll_inst.
SYN-4019 : Net sys_clk_dup_1 is refclk of pll u_pll_clk/pll_inst.
SYN-4020 : Net sys_clk_dup_1 is fbclk of pll u_pll_clk/pll_inst.
SYN-4024 : Net "aud_bclk_dup_1" drives clk pins.
SYN-4024 : Net "aud_bclk_1_dup_1" drives clk pins.
SYN-4024 : Net "aud_bclk_2_dup_1" drives clk pins.
SYN-4024 : Net "aud_bclk_3_dup_1" drives clk pins.
SYN-4024 : Net "u1_es8388_ctrl/u_es8388_config/u_i2c_dri/dri_clk" drives clk pins.
SYN-4024 : Net "u2_es8388_ctrl/u_es8388_config/u_i2c_dri/dri_clk" drives clk pins.
SYN-4024 : Net "u3_es8388_ctrl/u_es8388_config/u_i2c_dri/dri_clk" drives clk pins.
SYN-7503 WARNING: Net "u_es8388_ctrl/u_es8388_config/u_i2c_dri/dri_clk" drives clk pins. However it will not be tagged as clk net, for there's no more slots.
SYN-4025 : Tag rtl::Net aud_bclk_1_dup_1 as clock net
SYN-4025 : Tag rtl::Net aud_bclk_2_dup_1 as clock net
SYN-4025 : Tag rtl::Net aud_bclk_3_dup_1 as clock net
SYN-4025 : Tag rtl::Net aud_bclk_dup_1 as clock net
SYN-4025 : Tag rtl::Net aud_mclk_1_dup_1 as clock net
SYN-4025 : Tag rtl::Net aud_mclk_2_dup_1 as clock net
SYN-4025 : Tag rtl::Net aud_mclk_3_dup_1 as clock net
SYN-4025 : Tag rtl::Net aud_mclk_dup_1 as clock net
SYN-4025 : Tag rtl::Net ilaclk_1_dup_1 as clock net
SYN-4025 : Tag rtl::Net ilaclk_2_dup_1 as clock net
SYN-4025 : Tag rtl::Net ilaclk_3_dup_1 as clock net
SYN-4025 : Tag rtl::Net ilaclk_dup_1 as clock net
SYN-4025 : Tag rtl::Net sys_clk_dup_1 as clock net
SYN-4025 : Tag rtl::Net u1_es8388_ctrl/u_es8388_config/u_i2c_dri/dri_clk as clock net
SYN-4025 : Tag rtl::Net u2_es8388_ctrl/u_es8388_config/u_i2c_dri/dri_clk as clock net
SYN-4025 : Tag rtl::Net u3_es8388_ctrl/u_es8388_config/u_i2c_dri/dri_clk as clock net
SYN-4026 : Tagged 16 rtl::Net as clock net
SYN-4015 : Create BUFG instance for clk Net aud_bclk_1_dup_1 to drive 80 clock pins.
SYN-4015 : Create BUFG instance for clk Net aud_bclk_2_dup_1 to drive 80 clock pins.
SYN-4015 : Create BUFG instance for clk Net aud_bclk_3_dup_1 to drive 80 clock pins.
SYN-4015 : Create BUFG instance for clk Net aud_bclk_dup_1 to drive 80 clock pins.
SYN-4015 : Create BUFG instance for clk Net u1_es8388_ctrl/u_es8388_config/u_i2c_dri/dri_clk to drive 59 clock pins.
SYN-4015 : Create BUFG instance for clk Net u2_es8388_ctrl/u_es8388_config/u_i2c_dri/dri_clk to drive 59 clock pins.
SYN-4015 : Create BUFG instance for clk Net u3_es8388_ctrl/u_es8388_config/u_i2c_dri/dri_clk to drive 59 clock pins.
PHY-1001 : Populate physical database on model audio_speak.
RUN-1001 : There are total 2951 instances
RUN-0007 : 1114 luts, 941 seqs, 538 mslices, 289 lslices, 51 pads, 0 brams, 0 dsps
RUN-1001 : There are total 4791 nets
RUN-1001 : 2968 nets have 2 pins
RUN-1001 : 1401 nets have [3 - 5] pins
RUN-1001 : 265 nets have [6 - 10] pins
RUN-1001 : 96 nets have [11 - 20] pins
RUN-1001 : 47 nets have [21 - 99] pins
RUN-1001 : 14 nets have 100+ pins
RUN-1001 : Report Control nets information:
RUN-1001 : DFF Distribution
RUN-1001 : ----------------------------------
RUN-1001 :   CE   |  SSR  |  ASR  |  DFF Count  
RUN-1001 : ----------------------------------
RUN-1001 :   No   |  No   |  No   |      0      
RUN-1001 :   No   |  No   |  Yes  |     613     
RUN-1001 :   No   |  Yes  |  No   |      0      
RUN-1001 :   Yes  |  No   |  No   |      0      
RUN-1001 :   Yes  |  No   |  Yes  |     296     
RUN-1001 :   Yes  |  Yes  |  No   |     32      
RUN-1001 : ----------------------------------
RUN-0007 : Control Group Statistic
RUN-0007 : ---------------------------
RUN-0007 :   #CLK  |  #CE  |  #SSR/ASR  
RUN-0007 : ---------------------------
RUN-0007 :    9    |  22   |     9      
RUN-0007 : ---------------------------
RUN-0007 : Control Set = 34
PHY-3001 : Initial placement ...
PHY-3001 : design contains 2949 instances, 1114 luts, 941 seqs, 827 slices, 176 macros(827 instances: 538 mslices 289 lslices)
PHY-0007 : Cell area utilization is 14%
PHY-3001 : Global placement ...
PHY-3001 : Initial: Len = 779347
PHY-3001 : Clustering ...
PHY-3001 : Level 0 #clusters 2949.
PHY-3001 : End clustering;  0.000048s wall, 0.000000s user + 0.000000s system = 0.000000s CPU (n/a%)

PHY-3001 : Run with size of 4
PHY-3001 : Cell area utilization is 14%
PHY-3001 : :::0::: Try harder cell spreading with beta_ = 0
PHY-3002 : Step(1): len = 514883, overlap = 0
PHY-3002 : Step(2): len = 346229, overlap = 1.75
PHY-3002 : Step(3): len = 268011, overlap = 3.25
PHY-3002 : Step(4): len = 195216, overlap = 34.1875
PHY-3002 : Step(5): len = 164609, overlap = 53.125
PHY-3002 : Step(6): len = 151675, overlap = 62.5938
PHY-3002 : Step(7): len = 129263, overlap = 76.5938
PHY-3002 : Step(8): len = 106836, overlap = 108.719
PHY-3002 : Step(9): len = 98920, overlap = 147.531
PHY-3002 : Step(10): len = 98290.8, overlap = 160.719
PHY-3002 : Step(11): len = 84550.9, overlap = 185.719
PHY-3002 : Step(12): len = 76837.5, overlap = 204.094
PHY-3002 : Step(13): len = 76961.9, overlap = 219.406
PHY-3002 : Step(14): len = 76331.9, overlap = 234.25
PHY-3001 : :::1::: Try harder cell spreading with beta_ = 1.109e-05
PHY-3002 : Step(15): len = 96541.2, overlap = 106.875
PHY-3002 : Step(16): len = 101545, overlap = 98.1875
PHY-3002 : Step(17): len = 90794.3, overlap = 90.3438
PHY-3002 : Step(18): len = 80812.1, overlap = 99.9688
PHY-3002 : Step(19): len = 78532.7, overlap = 102.625
PHY-3002 : Step(20): len = 79016.3, overlap = 101.406
PHY-3002 : Step(21): len = 78629.2, overlap = 100
PHY-3002 : Step(22): len = 77766.2, overlap = 102.875
PHY-3002 : Step(23): len = 75132.6, overlap = 99.625
PHY-3002 : Step(24): len = 75467.5, overlap = 99.9375
PHY-3002 : Step(25): len = 75049, overlap = 81.5625
PHY-3002 : Step(26): len = 75138.1, overlap = 80.7812
PHY-3002 : Step(27): len = 72859.8, overlap = 60.0312
PHY-3002 : Step(28): len = 70544.9, overlap = 56.5625
PHY-3002 : Step(29): len = 71255.8, overlap = 53.4062
PHY-3002 : Step(30): len = 70701.9, overlap = 54.875
PHY-3002 : Step(31): len = 68055.6, overlap = 57.0625
PHY-3002 : Step(32): len = 65847.8, overlap = 58.0938
PHY-3002 : Step(33): len = 65709.1, overlap = 61.8125
PHY-3002 : Step(34): len = 64845.6, overlap = 64.5625
PHY-3002 : Step(35): len = 65188.8, overlap = 68.7188
PHY-3002 : Step(36): len = 64594.9, overlap = 81.25
PHY-3002 : Step(37): len = 63249.6, overlap = 99.75
PHY-3002 : Step(38): len = 61819, overlap = 100.562
PHY-3002 : Step(39): len = 61458.5, overlap = 110.312
PHY-3002 : Step(40): len = 61945.9, overlap = 105.344
PHY-3002 : Step(41): len = 61633.2, overlap = 101.406
PHY-3002 : Step(42): len = 59974, overlap = 100.906
PHY-3002 : Step(43): len = 59751, overlap = 98.9062
PHY-3002 : Step(44): len = 59982.6, overlap = 99.875
PHY-3001 : :::2::: Try harder cell spreading with beta_ = 2.21799e-05
PHY-3002 : Step(45): len = 59276.3, overlap = 89.1875
PHY-3002 : Step(46): len = 59455.7, overlap = 88.1875
PHY-3002 : Step(47): len = 59671, overlap = 91
PHY-3001 : :::3::: Try harder cell spreading with beta_ = 4.43599e-05
PHY-3002 : Step(48): len = 61485.2, overlap = 96.7188
PHY-3002 : Step(49): len = 61485.2, overlap = 96.7188
PHY-3002 : Step(50): len = 60019.7, overlap = 96.375
PHY-3001 : :::4::: Try harder cell spreading with beta_ = 8.87197e-05
PHY-3002 : Step(51): len = 62008.4, overlap = 97.5312
PHY-3002 : Step(52): len = 62008.4, overlap = 97.5312
PHY-3002 : Step(53): len = 61323.3, overlap = 89.3438
PHY-3001 : :::5::: Try harder cell spreading with beta_ = 0.000177439
PHY-3002 : Step(54): len = 62068.5, overlap = 96.5625
PHY-3002 : Step(55): len = 62110.3, overlap = 95.5
PHY-3002 : Step(56): len = 62557.8, overlap = 91.5938
PHY-3001 : :::6::: Try harder cell spreading with beta_ = 0.000354879
PHY-3002 : Step(57): len = 62704.2, overlap = 90.0938
PHY-3002 : Step(58): len = 62836.3, overlap = 87.8125
PHY-3001 : :::7::: Try harder cell spreading with beta_ = 0.000709758
PHY-3002 : Step(59): len = 63075.4, overlap = 88.0625
PHY-3002 : Step(60): len = 63128.7, overlap = 87.8125
PHY-3002 : Step(61): len = 63128.7, overlap = 87.8125
PHY-3001 : :::8::: Try harder cell spreading with beta_ = 0.00141952
PHY-3002 : Step(62): len = 63378.2, overlap = 85.75
PHY-3002 : Step(63): len = 63480.1, overlap = 85.5625
PHY-3001 : :::9::: Try harder cell spreading with beta_ = 0.00283903
PHY-3002 : Step(64): len = 63657.5, overlap = 86.125
PHY-3002 : Step(65): len = 63698.3, overlap = 86.125
PHY-3001 : :::10::: Try harder cell spreading with beta_ = 0.00567806
PHY-3002 : Step(66): len = 63697.8, overlap = 85.375
PHY-3002 : Step(67): len = 63687.9, overlap = 85
PHY-3001 : :::11::: Try harder cell spreading with beta_ = 0.0113561
PHY-3002 : Step(68): len = 63632.4, overlap = 86.9688
PHY-3002 : Step(69): len = 63593.9, overlap = 88
PHY-3001 : :::12::: Try harder cell spreading with beta_ = 0.0227123
PHY-3002 : Step(70): len = 63578.3, overlap = 87.8438
PHY-3002 : Step(71): len = 63578.3, overlap = 87.8438
PHY-3001 : :::13::: Try harder cell spreading with beta_ = 0.0454245
PHY-3002 : Step(72): len = 63541.8, overlap = 87.8438
PHY-3002 : Step(73): len = 63541.8, overlap = 87.8438
PHY-3001 : Legalization ...
PHY-3001 : End legalization;  0.002130s wall, 0.000000s user + 0.000000s system = 0.000000s CPU (n/a%)

PHY-3001 : Run with size of 4
PHY-3001 : Cell area utilization is 17%
PHY-3001 : :::0::: Try harder cell spreading with beta_ = 1.8184e-06
PHY-3002 : Step(74): len = 58876, overlap = 159.594
PHY-3002 : Step(75): len = 58876, overlap = 159.594
PHY-3002 : Step(76): len = 56805.8, overlap = 164
PHY-3002 : Step(77): len = 57002.8, overlap = 164.531
PHY-3002 : Step(78): len = 57483.7, overlap = 166.531
PHY-3001 : :::1::: Try harder cell spreading with beta_ = 3.6368e-06
PHY-3002 : Step(79): len = 56387.7, overlap = 178.781
PHY-3002 : Step(80): len = 56387.7, overlap = 178.781
PHY-3002 : Step(81): len = 55728.5, overlap = 177.75
PHY-3001 : :::2::: Try harder cell spreading with beta_ = 7.27359e-06
PHY-3002 : Step(82): len = 58034.5, overlap = 169.188
PHY-3002 : Step(83): len = 58034.5, overlap = 169.188
PHY-3002 : Step(84): len = 57461.6, overlap = 162.031
PHY-3001 : :::3::: Try harder cell spreading with beta_ = 1.45472e-05
PHY-3002 : Step(85): len = 62723, overlap = 140.375
PHY-3002 : Step(86): len = 63339.1, overlap = 138.031
PHY-3002 : Step(87): len = 63881.9, overlap = 139.094
PHY-3002 : Step(88): len = 62642.1, overlap = 136.344
PHY-3002 : Step(89): len = 62237.6, overlap = 135.25
PHY-3002 : Step(90): len = 61738.4, overlap = 136.594
PHY-3001 : :::4::: Try harder cell spreading with beta_ = 2.90944e-05
PHY-3002 : Step(91): len = 63134.4, overlap = 139.969
PHY-3002 : Step(92): len = 63473.8, overlap = 139.906
PHY-3002 : Step(93): len = 63473.8, overlap = 139.906
PHY-3001 : :::5::: Try harder cell spreading with beta_ = 5.81887e-05
PHY-3002 : Step(94): len = 67215.3, overlap = 135.531
PHY-3002 : Step(95): len = 67839.5, overlap = 134.344
PHY-3002 : Step(96): len = 68243.6, overlap = 132.594
PHY-3001 : :::6::: Try harder cell spreading with beta_ = 0.000116377
PHY-3002 : Step(97): len = 69556.5, overlap = 127.875
PHY-3002 : Step(98): len = 69822.3, overlap = 123.688
PHY-3002 : Step(99): len = 71003.4, overlap = 91.25
PHY-3002 : Step(100): len = 71019.8, overlap = 84.4688
PHY-3002 : Step(101): len = 69919.9, overlap = 93.2812
PHY-3002 : Step(102): len = 69771.5, overlap = 93.8125
PHY-3002 : Step(103): len = 68874.7, overlap = 96.7188
PHY-3002 : Step(104): len = 68748.3, overlap = 95.3125
PHY-3002 : Step(105): len = 68336.2, overlap = 96.0625
PHY-3001 : :::7::: Try harder cell spreading with beta_ = 0.000232755
PHY-3002 : Step(106): len = 68478.1, overlap = 94.5938
PHY-3002 : Step(107): len = 68798.8, overlap = 98.8125
PHY-3002 : Step(108): len = 69092.1, overlap = 100.656
PHY-3001 : :::8::: Try harder cell spreading with beta_ = 0.00046551
PHY-3002 : Step(109): len = 69298.4, overlap = 100.5
PHY-3002 : Step(110): len = 69324.3, overlap = 89.1562
PHY-3001 : :::9::: Try harder cell spreading with beta_ = 0.00093102
PHY-3002 : Step(111): len = 69703.7, overlap = 88.375
PHY-3002 : Step(112): len = 69460.1, overlap = 88.5
PHY-3001 : :::10::: Try harder cell spreading with beta_ = 0.00186204
PHY-3002 : Step(113): len = 69712.2, overlap = 88.6875
PHY-3002 : Step(114): len = 69796.2, overlap = 89.0625
PHY-3001 : :::11::: Try harder cell spreading with beta_ = 0.00372408
PHY-3002 : Step(115): len = 69939.9, overlap = 89.4375
PHY-3002 : Step(116): len = 69853.7, overlap = 89.3125
PHY-3001 : :::12::: Try harder cell spreading with beta_ = 0.00626061
PHY-3002 : Step(117): len = 70005.5, overlap = 89.0625
PHY-3002 : Step(118): len = 70011.1, overlap = 89.1875
PHY-3001 : :::13::: Try harder cell spreading with beta_ = 0.0125212
PHY-3002 : Step(119): len = 69995.3, overlap = 89.0625
PHY-3002 : Step(120): len = 69995.3, overlap = 89.0625
PHY-3001 : :::14::: Try harder cell spreading with beta_ = 0.0250425
PHY-3002 : Step(121): len = 70002.3, overlap = 89.1875
PHY-3002 : Step(122): len = 70002.3, overlap = 89.1875
PHY-3001 : Run with size of 2
PHY-3001 : Cell area utilization is 17%
PHY-3001 : :::0::: Try harder cell spreading with beta_ = 1.10172e-05
PHY-3002 : Step(123): len = 68981.2, overlap = 203.469
PHY-3002 : Step(124): len = 69156, overlap = 210.938
PHY-3002 : Step(125): len = 65419.5, overlap = 212.094
PHY-3002 : Step(126): len = 65024.2, overlap = 215.094
PHY-3002 : Step(127): len = 63764.8, overlap = 207.219
PHY-3002 : Step(128): len = 63837.7, overlap = 202.031
PHY-3002 : Step(129): len = 63972.5, overlap = 200.125
PHY-3002 : Step(130): len = 64010.6, overlap = 196.344
PHY-3001 : :::1::: Try harder cell spreading with beta_ = 2.20344e-05
PHY-3002 : Step(131): len = 64884.1, overlap = 187.094
PHY-3002 : Step(132): len = 65133.6, overlap = 186
PHY-3002 : Step(133): len = 66384.3, overlap = 179.031
PHY-3001 : :::2::: Try harder cell spreading with beta_ = 4.40689e-05
PHY-3002 : Step(134): len = 68507.3, overlap = 167.719
PHY-3002 : Step(135): len = 69017.4, overlap = 165.844
PHY-3002 : Step(136): len = 70742.1, overlap = 141.812
PHY-3002 : Step(137): len = 70188.5, overlap = 140
PHY-3002 : Step(138): len = 70137.5, overlap = 140.875
PHY-3002 : Step(139): len = 69103.5, overlap = 140.094
PHY-3001 : :::3::: Try harder cell spreading with beta_ = 8.81378e-05
PHY-3002 : Step(140): len = 71056.4, overlap = 120
PHY-3002 : Step(141): len = 71220.3, overlap = 119.75
PHY-3002 : Step(142): len = 72009.9, overlap = 116.562
PHY-3001 : :::4::: Try harder cell spreading with beta_ = 0.000162867
PHY-3002 : Step(143): len = 73913.1, overlap = 116.312
PHY-3002 : Step(144): len = 75523, overlap = 114.469
PHY-3002 : Step(145): len = 76212.3, overlap = 111.531
PHY-3002 : Step(146): len = 76264.9, overlap = 107.938
PHY-3002 : Step(147): len = 75976.4, overlap = 107.344
PHY-3001 : :::5::: Try harder cell spreading with beta_ = 0.000325734
PHY-3002 : Step(148): len = 76534.3, overlap = 105.031
PHY-3002 : Step(149): len = 76648.8, overlap = 104.625
PHY-3002 : Step(150): len = 77127.3, overlap = 102.656
PHY-3001 : :::6::: Try harder cell spreading with beta_ = 0.000531396
PHY-3002 : Step(151): len = 77503.3, overlap = 98.4375
PHY-3002 : Step(152): len = 78170.7, overlap = 94.5312
PHY-3001 : :::7::: Try harder cell spreading with beta_ = 0.000859798
PHY-3002 : Step(153): len = 78654.8, overlap = 94.9688
PHY-3002 : Step(154): len = 79410.3, overlap = 93.6562
PHY-3002 : Step(155): len = 81291.9, overlap = 86.1875
PHY-3002 : Step(156): len = 81150.7, overlap = 86.9375
PHY-3002 : Step(157): len = 81005.1, overlap = 85.7812
PHY-3002 : Step(158): len = 80337.9, overlap = 85.4688
PHY-3001 : :::8::: Try harder cell spreading with beta_ = 0.00156358
PHY-3002 : Step(159): len = 80951.2, overlap = 86.3125
PHY-3002 : Step(160): len = 81207.4, overlap = 85.5625
PHY-3002 : Step(161): len = 81516.7, overlap = 85.5625
PHY-3001 : :::9::: Try harder cell spreading with beta_ = 0.00252987
PHY-3002 : Step(162): len = 81747.6, overlap = 84.7188
PHY-3002 : Step(163): len = 82133.6, overlap = 84.4062
PHY-3001 : :::10::: Try harder cell spreading with beta_ = 0.00409332
PHY-3002 : Step(164): len = 82296.2, overlap = 83.3438
PHY-3002 : Step(165): len = 82582.8, overlap = 83.4062
PHY-3002 : Step(166): len = 83153.5, overlap = 79.5625
OPT-1001 : Start physical optimization ...
OPT-1001 : Total overflow 286.16 peak overflow 4.88
OPT-1001 : Start high-fanout net optimization ...
OPT-1001 : Update timing in global mode
PHY-1001 : Start incremental global routing, caller is place ...
RUN-1001 : Generating global routing grids ...
RUN-1001 : Building simple global routing graph ...
PHY-1001 : Generate routing nets ...
PHY-1001 : Reuse net number 0/4791.
PHY-1001 : Global iterations in 16 thread ...
PHY-1002 : len = 108360, over cnt = 491(1%), over = 2511, worst = 40
PHY-1001 : End global iterations;  0.130328s wall, 0.218750s user + 0.078125s system = 0.296875s CPU (227.8%)

PHY-1001 : Congestion index: top1 = 45.56, top5 = 34.08, top10 = 27.09, top15 = 22.02.
PHY-1001 : End incremental global routing;  0.188025s wall, 0.265625s user + 0.078125s system = 0.343750s CPU (182.8%)

RUN-1002 : start command "start_timer -report"
TMR-5001 WARNING: No sdc constraints found while initiating timer.
TMR-2505 : Start building timing graph for model audio_speak.
TMR-2506 : Build timing graph completely. Port num: 50, tpin num: 16109, tnet num: 3733, tinst num: 2949, tnode num: 19858, tedge num: 27219.
TMR-2508 : Levelizing timing graph completed, there are 39 levels in total.
TMR-2501 : Timing graph initialized successfully.
OPT-1001 : End timing update;  0.271352s wall, 0.281250s user + 0.000000s system = 0.281250s CPU (103.6%)

OPT-1001 : 0 high-fanout net processed.
OPT-1001 : End high-fanout net optimization;  0.502553s wall, 0.593750s user + 0.078125s system = 0.671875s CPU (133.7%)

OPT-1001 : Current memory(MB): used = 213, reserve = 182, peak = 213.
OPT-1001 : End physical optimization;  0.529320s wall, 0.609375s user + 0.078125s system = 0.687500s CPU (129.9%)

PHY-3001 : Start packing ...
SYN-4007 : Packing 0 MUX to BLE ...
SYN-4008 : Packed 0 MUX and 0 SEQ to BLE.
SYN-4007 : Packing 1114 LUT to BLE ...
SYN-4008 : Packed 1114 LUT and 437 SEQ to BLE.
SYN-4003 : Packing 504 remaining SEQ's ...
SYN-4005 : Packed 213 SEQ with LUT/SLICE
SYN-4006 : 526 single LUT's are left
SYN-4006 : 291 single SEQ's are left
SYN-4011 : Packing model "audio_speak" (AL_USER_NORMAL) with 1405/2301 primitive instances ...
PHY-3001 : End packing;  0.059018s wall, 0.062500s user + 0.000000s system = 0.062500s CPU (105.9%)

PHY-1001 : Populate physical database on model audio_speak.
RUN-1001 : There are total 1622 instances
RUN-1001 : 776 mslices, 777 lslices, 51 pads, 0 brams, 0 dsps
RUN-1001 : There are total 4366 nets
RUN-1001 : 2555 nets have 2 pins
RUN-1001 : 1392 nets have [3 - 5] pins
RUN-1001 : 266 nets have [6 - 10] pins
RUN-1001 : 103 nets have [11 - 20] pins
RUN-1001 : 40 nets have [21 - 99] pins
RUN-1001 : 10 nets have 100+ pins
PHY-3001 : design contains 1620 instances, 1553 slices, 176 macros(827 instances: 538 mslices 289 lslices)
PHY-3001 : Cell area utilization is 20%
PHY-3001 : After packing: Len = 82825.4, Over = 110.25
PHY-3001 : Run with size of 2
PHY-3001 : Cell area utilization is 20%
PHY-3001 : :::0::: Try harder cell spreading with beta_ = 1.70194e-05
PHY-3002 : Step(167): len = 75417.3, overlap = 119
PHY-3002 : Step(168): len = 75451.2, overlap = 123.5
PHY-3002 : Step(169): len = 71105.7, overlap = 134.75
PHY-3002 : Step(170): len = 69738.4, overlap = 141.75
PHY-3002 : Step(171): len = 68434.4, overlap = 144.25
PHY-3002 : Step(172): len = 68073.3, overlap = 141.5
PHY-3002 : Step(173): len = 68287.6, overlap = 145
PHY-3002 : Step(174): len = 68840.7, overlap = 142
PHY-3001 : :::1::: Try harder cell spreading with beta_ = 3.40388e-05
PHY-3002 : Step(175): len = 72909, overlap = 132.75
PHY-3002 : Step(176): len = 73598.1, overlap = 129
PHY-3002 : Step(177): len = 74728.2, overlap = 121.5
PHY-3001 : :::2::: Try harder cell spreading with beta_ = 6.80776e-05
PHY-3002 : Step(178): len = 78692.4, overlap = 116.75
PHY-3002 : Step(179): len = 79781.5, overlap = 114.25
PHY-3002 : Step(180): len = 81593.2, overlap = 99.75
PHY-3002 : Step(181): len = 80096.8, overlap = 102
PHY-3002 : Step(182): len = 79959.6, overlap = 99.75
PHY-3002 : Step(183): len = 78948.8, overlap = 93.25
PHY-3001 : Legalization ...
PHY-3001 : End legalization;  0.231478s wall, 0.234375s user + 0.421875s system = 0.656250s CPU (283.5%)

PHY-3001 : Trial Legalized: Len = 108029
PHY-3001 : Run with size of 2
PHY-3001 : Cell area utilization is 19%
PHY-3001 : :::0::: Try harder cell spreading with beta_ = 0.000305726
PHY-3002 : Step(184): len = 97377, overlap = 12.5
PHY-3002 : Step(185): len = 93996.5, overlap = 21.25
PHY-3002 : Step(186): len = 90981.5, overlap = 25
PHY-3002 : Step(187): len = 90266.6, overlap = 26
PHY-3002 : Step(188): len = 89866.4, overlap = 27
PHY-3002 : Step(189): len = 89486.8, overlap = 30.25
PHY-3002 : Step(190): len = 89435.5, overlap = 31.75
PHY-3001 : :::1::: Try harder cell spreading with beta_ = 0.000611452
PHY-3002 : Step(191): len = 90335.4, overlap = 29.5
PHY-3002 : Step(192): len = 90546.2, overlap = 29.25
PHY-3002 : Step(193): len = 90813.7, overlap = 29.25
PHY-3001 : :::2::: Try harder cell spreading with beta_ = 0.0012229
PHY-3002 : Step(194): len = 91105, overlap = 28
PHY-3002 : Step(195): len = 91183.3, overlap = 27.5
PHY-3001 : Legalization ...
PHY-3001 : End legalization;  0.003937s wall, 0.000000s user + 0.000000s system = 0.000000s CPU (n/a%)

PHY-3001 : Legalized: Len = 98324.3, Over = 0
PHY-3001 : Spreading special nets. 5 overflows in 2952 tiles.
PHY-3001 : End spreading;  0.008785s wall, 0.000000s user + 0.000000s system = 0.000000s CPU (n/a%)

PHY-3001 : 6 instances has been re-located, deltaX = 3, deltaY = 3, maxDist = 2.
PHY-3001 : Final: Len = 98436.3, Over = 0
OPT-1001 : Start physical optimization ...
OPT-1001 : Total overflow 0.00 peak overflow 0.00
OPT-1001 : Start high-fanout net optimization ...
OPT-1001 : Update timing in global mode
PHY-1001 : Start incremental global routing, caller is place ...
RUN-1001 : Generating global routing grids ...
PHY-1001 : Generate routing nets ...
PHY-1001 : Reuse net number 56/4366.
PHY-1001 : Global iterations in 16 thread ...
PHY-1002 : len = 127088, over cnt = 375(1%), over = 708, worst = 7
PHY-1002 : len = 129728, over cnt = 228(0%), over = 385, worst = 7
PHY-1002 : len = 130992, over cnt = 169(0%), over = 286, worst = 7
PHY-1002 : len = 134304, over cnt = 17(0%), over = 32, worst = 5
PHY-1002 : len = 134672, over cnt = 0(0%), over = 0, worst = 0
PHY-1001 : End global iterations;  0.209897s wall, 0.171875s user + 0.156250s system = 0.328125s CPU (156.3%)

PHY-1001 : Congestion index: top1 = 32.63, top5 = 26.79, top10 = 23.33, top15 = 20.73.
PHY-1001 : End incremental global routing;  0.285063s wall, 0.250000s user + 0.156250s system = 0.406250s CPU (142.5%)

RUN-1002 : start command "start_timer -report"
TMR-5001 WARNING: No sdc constraints found while initiating timer.
TMR-2505 : Start building timing graph for model audio_speak.
TMR-2506 : Build timing graph completely. Port num: 50, tpin num: 14294, tnet num: 3308, tinst num: 1620, tnode num: 17090, tedge num: 24900.
TMR-2508 : Levelizing timing graph completed, there are 37 levels in total.
TMR-2501 : Timing graph initialized successfully.
OPT-1001 : End timing update;  0.280690s wall, 0.281250s user + 0.000000s system = 0.281250s CPU (100.2%)

OPT-1001 : 0 high-fanout net processed.
OPT-1001 : End high-fanout net optimization;  0.606497s wall, 0.562500s user + 0.156250s system = 0.718750s CPU (118.5%)

OPT-1001 : Current memory(MB): used = 222, reserve = 191, peak = 222.
OPT-1001 : Update timing in Manhattan mode
OPT-1001 : End timing update;  0.003859s wall, 0.015625s user + 0.000000s system = 0.015625s CPU (404.9%)

OPT-1001 : Start pin optimization...
OPT-1001 : skip pin optimization...
RUN-1001 : Generating global routing grids ...
PHY-1001 : Generate routing nets ...
PHY-1001 : Reuse net number 2770/4366.
PHY-1001 : Global iterations in 16 thread ...
PHY-1002 : len = 134672, over cnt = 0(0%), over = 0, worst = 0
PHY-1001 : End global iterations;  0.007638s wall, 0.015625s user + 0.000000s system = 0.015625s CPU (204.6%)

PHY-1001 : Congestion index: top1 = 32.63, top5 = 26.79, top10 = 23.33, top15 = 20.73.
OPT-1001 : Update timing in Manhattan mode
OPT-1001 : End timing update;  0.004808s wall, 0.015625s user + 0.000000s system = 0.015625s CPU (325.0%)

RUN-1001 : QoR Analysis:
OPT-0007 :   WNS 2147483647 TNS 0 NUM_FEPS 0
RUN-1001 :   No local congestion issue, and most congested 1% tile average routing util is 32.241379
RUN-1001 :   Top critical paths
OPT-1001 : End physical optimization;  0.712628s wall, 0.671875s user + 0.156250s system = 0.828125s CPU (116.2%)

RUN-1003 : finish command "place" in  6.632730s wall, 11.484375s user + 10.640625s system = 22.125000s CPU (333.6%)

RUN-1004 : used memory is 189 MB, reserved memory is 157 MB, peak memory is 224 MB
RUN-1002 : start command "export_db ES8388_place.db"
RUN-1001 : Exported /
RUN-1001 : Exported flow parameters
RUN-1001 : Exported libs
RUN-1001 : Exported entities
RUN-1001 : Exported ports
RUN-1001 : Exported pins
RUN-1001 : Exported instances
RUN-1001 : Exported nets
RUN-1001 : Exported buses
RUN-1001 : Exported models
RUN-1001 : Exported congestions
RUN-1001 : Exported violations
RUN-1001 : Exported IO constraints
RUN-1001 : Exported Inst constraints
RUN-1002 : start command "route"
RUN-1001 : Open license file E:/Software/Anlogic/TD5.6.2/license/Anlogic.lic
RUN-1001 : Print Global Property
RUN-1001 : ---------------------------------------------------------------
RUN-1001 :        Parameters        |  Settings  |  Default Values  |  Note  
RUN-1001 : ---------------------------------------------------------------
RUN-1001 :          message         |  standard  |     standard     |        
RUN-1001 :   mixed_pack_place_flow  |     on     |        on        |        
RUN-1001 :        qor_monitor       |    off     |       off        |        
RUN-1001 :        syn_ip_flow       |    off     |       off        |        
RUN-1001 :          thread          |    auto    |       auto       |        
RUN-1001 : ---------------------------------------------------------------
RUN-1001 : Print Route Property
RUN-1001 : -------------------------------------------------------
RUN-1001 :    Parameters    |  Settings  |  Default Values  |  Note  
RUN-1001 : -------------------------------------------------------
RUN-1001 :      effort      |   medium   |      medium      |        
RUN-1001 :     fix_hold     |    off     |       off        |        
RUN-1001 :    opt_timing    |   medium   |      medium      |        
RUN-1001 :   phy_sim_model  |    off     |       off        |        
RUN-1001 :     priority     |   timing   |      timing      |        
RUN-1001 :     swap_pin     |     on     |        on        |        
RUN-1001 : -------------------------------------------------------
PHY-1001 : Route runs in 16 thread(s)
RUN-1001 : There are total 1622 instances
RUN-1001 : 776 mslices, 777 lslices, 51 pads, 0 brams, 0 dsps
RUN-1001 : There are total 4366 nets
RUN-1001 : 2555 nets have 2 pins
RUN-1001 : 1392 nets have [3 - 5] pins
RUN-1001 : 266 nets have [6 - 10] pins
RUN-1001 : 103 nets have [11 - 20] pins
RUN-1001 : 40 nets have [21 - 99] pins
RUN-1001 : 10 nets have 100+ pins
RUN-1002 : start command "start_timer -report"
TMR-5001 WARNING: No sdc constraints found while initiating timer.
TMR-2505 : Start building timing graph for model audio_speak.
TMR-2506 : Build timing graph completely. Port num: 50, tpin num: 14294, tnet num: 3308, tinst num: 1620, tnode num: 17090, tedge num: 24900.
TMR-2508 : Levelizing timing graph completed, there are 37 levels in total.
TMR-2501 : Timing graph initialized successfully.
PHY-1001 : 776 mslices, 777 lslices, 51 pads, 0 brams, 0 dsps
TMR-2503 : Start to update net delay, extr mode = 3.
TMR-2504 : Update delay of 3308 nets completely.
TMR-2502 : Annotate delay completely, extr mode = 3.
TMR-3002 : No user constraint, initiate default constraint.
TMR-1501 : Assign derive clock DeriveClock to 1234 clock pins, and constraint 2788 relative nodes.
TMR-3003 : Constraints initiated successfully.
TMR-3501 : Forward propagation: start to calculate arrival time...
TMR-3502 : Backward propagation: start to calculate required time...
TMR-3503 : Timing propagation completes.
PHY-1001 : Start global routing, caller is route ...
RUN-1001 : Generating global routing grids ...
PHY-1001 : Generate routing nets ...
PHY-1001 : Global iterations in 16 thread ...
PHY-1002 : len = 126648, over cnt = 367(1%), over = 699, worst = 7
PHY-1002 : len = 129400, over cnt = 222(0%), over = 364, worst = 6
PHY-1002 : len = 132480, over cnt = 83(0%), over = 126, worst = 4
PHY-1002 : len = 134056, over cnt = 0(0%), over = 0, worst = 0
PHY-1001 : End global iterations;  0.222343s wall, 0.234375s user + 0.125000s system = 0.359375s CPU (161.6%)

PHY-1001 : Congestion index: top1 = 33.00, top5 = 26.82, top10 = 23.30, top15 = 20.69.
PHY-1001 : End global routing;  0.292916s wall, 0.296875s user + 0.125000s system = 0.421875s CPU (144.0%)

PHY-1001 : Start detail routing ...
PHY-1001 : Current memory(MB): used = 259, reserve = 229, peak = 274.
PHY-1001 : Detailed router is running in normal mode.
PHY-1001 : Generate detailed routing grids ...
PHY-1001 : Processed IO instance aud_dacdat_syn_4 with INV attribute.
PHY-1001 : Processed IO instance aud_dacdat_1_syn_4 with INV attribute.
PHY-1001 : Processed IO instance aud_dacdat_2_syn_4 with INV attribute.
PHY-1001 : Processed IO instance aud_dacdat_3_syn_4 with INV attribute.
PHY-1001 : Generate nets ...
PHY-1001 : clock net aud_bclk_syn_4 will be merged with clock aud_bclk_dup_1
PHY-1001 : clock net aud_bclk_1_syn_4 will be merged with clock aud_bclk_1_dup_1
PHY-1001 : clock net aud_bclk_2_syn_4 will be merged with clock aud_bclk_2_dup_1
PHY-1001 : clock net aud_bclk_3_syn_4 will be merged with clock aud_bclk_3_dup_1
PHY-1001 : net aud_mclk_dup_1 will be routed on clock mesh
PHY-1001 : net aud_mclk_1_dup_1 will be routed on clock mesh
PHY-1001 : net aud_mclk_2_dup_1 will be routed on clock mesh
PHY-1001 : net aud_mclk_3_dup_1 will be routed on clock mesh
PHY-1001 : clock net ilaclk_dup_1 will be merged with clock u_pll_clk/clk0_buf
PHY-1001 : clock net ilaclk_1_dup_1 will be merged with clock u1_pll_clk/clk0_buf
PHY-1001 : clock net ilaclk_2_dup_1 will be merged with clock u2_pll_clk/clk0_buf
PHY-1001 : clock net ilaclk_3_dup_1 will be merged with clock u3_pll_clk/clk0_buf
PHY-1001 : net sys_clk_dup_1 will be routed on clock mesh
PHY-1001 : clock net u1_es8388_ctrl/u_es8388_config/u_i2c_dri/dri_clk_syn_4 will be merged with clock u1_es8388_ctrl/u_es8388_config/u_i2c_dri/dri_clk
PHY-1001 : clock net u2_es8388_ctrl/u_es8388_config/u_i2c_dri/dri_clk_syn_4 will be merged with clock u2_es8388_ctrl/u_es8388_config/u_i2c_dri/dri_clk
PHY-1001 : clock net u3_es8388_ctrl/u_es8388_config/u_i2c_dri/dri_clk_syn_4 will be merged with clock u3_es8388_ctrl/u_es8388_config/u_i2c_dri/dri_clk
PHY-1001 : Current memory(MB): used = 529, reserve = 503, peak = 529.
PHY-1001 : End build detailed router design. 2.162211s wall, 2.062500s user + 0.062500s system = 2.125000s CPU (98.3%)

PHY-1001 : Detail Route ...
PHY-1001 : ===== Detail Route Phase 1 =====
PHY-1001 : Clock net routing.....
PHY-1001 : Routed 0% nets.
PHY-1022 : len = 54056, over cnt = 0(0%), over = 0, worst = 0, crit = 0
PHY-1001 : End initial clock net routed; 3.902046s wall, 3.890625s user + 0.015625s system = 3.906250s CPU (100.1%)

PHY-1001 : Current memory(MB): used = 561, reserve = 536, peak = 561.
PHY-1001 : End phase 1; 3.904638s wall, 3.890625s user + 0.015625s system = 3.906250s CPU (100.0%)

PHY-1001 : ===== Detail Route Phase 2 =====
PHY-1001 : Initial routing.....
PHY-1001 : Routed 28% nets.
PHY-1001 : Routed 33% nets.
PHY-1001 : Routed 41% nets.
PHY-1001 : Routed 50% nets.
PHY-1001 : Routed 63% nets.
PHY-1022 : len = 507752, over cnt = 114(0%), over = 114, worst = 1, crit = 0
PHY-1001 : Current memory(MB): used = 563, reserve = 537, peak = 563.
PHY-1001 : End initial routed; 2.871385s wall, 2.937500s user + 1.453125s system = 4.390625s CPU (152.9%)

PHY-1001 : Current memory(MB): used = 563, reserve = 537, peak = 563.
PHY-1001 : End phase 2; 2.871483s wall, 2.937500s user + 1.453125s system = 4.390625s CPU (152.9%)

PHY-1001 : ===== Detail Route Phase 3 =====
PHY-1001 : Ripup-reroute.....
PHY-1001 : ===== DR Iter 1 =====
PHY-1022 : len = 503680, over cnt = 25(0%), over = 25, worst = 1, crit = 0
PHY-1001 : End DR Iter 1; 0.102178s wall, 0.093750s user + 0.015625s system = 0.109375s CPU (107.0%)

PHY-1001 : ===== DR Iter 2 =====
PHY-1022 : len = 503352, over cnt = 5(0%), over = 5, worst = 1, crit = 0
PHY-1001 : End DR Iter 2; 0.037086s wall, 0.031250s user + 0.000000s system = 0.031250s CPU (84.3%)

PHY-1001 : ===== DR Iter 3 =====
PHY-1022 : len = 503448, over cnt = 0(0%), over = 0, worst = 0, crit = 0
PHY-1001 : End DR Iter 3; 0.027498s wall, 0.015625s user + 0.000000s system = 0.015625s CPU (56.8%)

PHY-1001 : Commit to database.....
PHY-1001 : 25 feed throughs used by 18 nets
PHY-1001 : End commit to database; 0.251070s wall, 0.250000s user + 0.000000s system = 0.250000s CPU (99.6%)

PHY-1001 : Current memory(MB): used = 584, reserve = 558, peak = 584.
PHY-1001 : End phase 3; 0.515912s wall, 0.484375s user + 0.031250s system = 0.515625s CPU (99.9%)

PHY-1003 : Routed, final wirelength = 503448
PHY-1001 : Current memory(MB): used = 584, reserve = 559, peak = 584.
PHY-1001 : End export database. 0.010926s wall, 0.015625s user + 0.000000s system = 0.015625s CPU (143.0%)

PHY-1001 : End detail routing;  9.627983s wall, 9.562500s user + 1.562500s system = 11.125000s CPU (115.5%)

RUN-1003 : finish command "route" in  10.362929s wall, 10.296875s user + 1.687500s system = 11.984375s CPU (115.6%)

RUN-1004 : used memory is 486 MB, reserved memory is 460 MB, peak memory is 584 MB
RUN-1002 : start command "report_area -io_info -file ES8388_phy.area"
RUN-1001 : standard
***Report Model: audio_speak Device: EG4S20BG256***

IO Statistics
#IO                        51
  #input                   19
  #output                  28
  #inout                    4

Utilization Statistics
#lut                     2768   out of  19600   14.12%
#reg                      947   out of  19600    4.83%
#le                      3059
  #lut only              2112   out of   3059   69.04%
  #reg only               291   out of   3059    9.51%
  #lut&reg                656   out of   3059   21.44%
#dsp                        0   out of     29    0.00%
#bram                       0   out of     64    0.00%
  #bram9k                   0
  #fifo9k                   0
#bram32k                    0   out of     16    0.00%
#pad                       51   out of    188   27.13%
  #ireg                     8
  #oreg                    20
  #treg                     4
#pll                        4   out of      4  100.00%
#gclk                      11   out of     16   68.75%

Clock Resource Statistics
Index     ClockNet                                            Type               DriverType         Driver                                                           Fanout
#1        sys_clk_dup_1                                       GCLK               io                 sys_clk_syn_2.di                                                 327
#2        aud_bclk_1_dup_1                                    GCLK               io                 aud_bclk_1_syn_2.di                                              47
#3        aud_bclk_3_dup_1                                    GCLK               io                 aud_bclk_3_syn_2.di                                              45
#4        aud_bclk_2_dup_1                                    GCLK               io                 aud_bclk_2_syn_2.di                                              44
#5        aud_bclk_dup_1                                      GCLK               io                 aud_bclk_syn_2.di                                                44
#6        u3_es8388_ctrl/u_es8388_config/u_i2c_dri/dri_clk    GCLK               mslice             u3_es8388_ctrl/u_es8388_config/u_i2c_dri/dri_clk_reg_syn_9.q0    42
#7        u1_es8388_ctrl/u_es8388_config/u_i2c_dri/dri_clk    GCLK               lslice             u1_es8388_ctrl/u_es8388_config/u_i2c_dri/dri_clk_reg_syn_9.q1    40
#8        u2_es8388_ctrl/u_es8388_config/u_i2c_dri/dri_clk    GCLK               lslice             u2_es8388_ctrl/u_es8388_config/u_i2c_dri/dri_clk_reg_syn_9.q0    40
#9        aud_mclk_1_dup_1                                    GCLK               pll                u1_pll_clk/pll_inst.clkc1                                        0
#10       aud_mclk_2_dup_1                                    GCLK               pll                u2_pll_clk/pll_inst.clkc1                                        0
#11       aud_mclk_3_dup_1                                    GCLK               pll                u3_pll_clk/pll_inst.clkc1                                        0
#12       aud_mclk_dup_1                                      GCLK               pll                u_pll_clk/pll_inst.clkc1                                         0
#13       u1_pll_clk/clk0_buf                                 GCLK               pll                u1_pll_clk/pll_inst.clkc0                                        0
#14       u2_pll_clk/clk0_buf                                 GCLK               pll                u2_pll_clk/pll_inst.clkc0                                        0
#15       u3_pll_clk/clk0_buf                                 GCLK               pll                u3_pll_clk/pll_inst.clkc0                                        0
#16       u_pll_clk/clk0_buf                                  GCLK               pll                u_pll_clk/pll_inst.clkc0                                         0


Detailed IO Report

      Name        Direction    Location    IOStandard    DriveStrength    PullType     PackReg   
   aud_adcdat       INPUT        R14        LVCMOS25          N/A          PULLUP       IREG     
  aud_adcdat_1      INPUT        G16        LVCMOS25          N/A          PULLUP       IREG     
  aud_adcdat_2      INPUT         E7        LVCMOS25          N/A          PULLUP       IREG     
  aud_adcdat_3      INPUT         L4        LVCMOS25          N/A          PULLUP       IREG     
    aud_bclk        INPUT         M6        LVCMOS25          N/A          PULLUP       NONE     
   aud_bclk_1       INPUT        G14        LVCMOS25          N/A          PULLUP       NONE     
   aud_bclk_2       INPUT         D5        LVCMOS25          N/A          PULLUP       NONE     
   aud_bclk_3       INPUT         H5        LVCMOS25          N/A          PULLUP       NONE     
    aud_lrc         INPUT         M7        LVCMOS25          N/A          PULLUP       IREG     
   aud_lrc_1        INPUT        H16        LVCMOS25          N/A          PULLUP       IREG     
   aud_lrc_2        INPUT         C6        LVCMOS25          N/A          PULLUP       IREG     
   aud_lrc_3        INPUT         K6        LVCMOS25          N/A          PULLUP       IREG     
    sys_clk         INPUT         R7        LVCMOS25          N/A          PULLUP       NONE     
   sys_rst_n        INPUT         E3        LVCMOS25          N/A          PULLUP       NONE     
  sys_rst_n_1       INPUT         F2        LVCMOS25          N/A           N/A         NONE     
  sys_rst_n_2       INPUT        F16        LVCMOS25          N/A           N/A         NONE     
  sys_rst_n_3       INPUT        R11        LVCMOS25          N/A           N/A         NONE     
   volume[1]        INPUT        B10        LVCMOS25          N/A          PULLUP       NONE     
   volume[0]        INPUT        A10        LVCMOS25          N/A          PULLUP       NONE     
   aud_dacdat      OUTPUT         P6        LVCMOS25           8            NONE        OREG     
  aud_dacdat_1     OUTPUT        H14        LVCMOS25           8            NONE        OREG     
  aud_dacdat_2     OUTPUT         E6        LVCMOS25           8            NONE        OREG     
  aud_dacdat_3     OUTPUT         K3        LVCMOS25           8            NONE        OREG     
    aud_mclk       OUTPUT         N5        LVCMOS25           8            NONE        NONE     
   aud_mclk_1      OUTPUT        F14        LVCMOS25           8            NONE        NONE     
   aud_mclk_2      OUTPUT         F6        LVCMOS25           8            NONE        NONE     
   aud_mclk_3      OUTPUT         H4        LVCMOS25           8            NONE        NONE     
    aud_scl        OUTPUT        R12        LVCMOS25           8            NONE        OREG     
   aud_scl_1       OUTPUT        D14        LVCMOS25           8            NONE        OREG     
   aud_scl_2       OUTPUT         A2        LVCMOS25           8            NONE        OREG     
   aud_scl_3       OUTPUT         G3        LVCMOS25           8            NONE        OREG     
     ilaclk        OUTPUT         M9        LVCMOS25           8            NONE        NONE     
    ilaclk_1       OUTPUT        L16        LVCMOS25           8            NONE        NONE     
    ilaclk_2       OUTPUT         D3        LVCMOS25           8            NONE        NONE     
    ilaclk_3       OUTPUT        K15        LVCMOS25           8            NONE        NONE     
      led          OUTPUT        E16        LVCMOS25           8            N/A         NONE     
     led_1         OUTPUT         E4        LVCMOS25           8            N/A         NONE     
     led_2         OUTPUT         J6        LVCMOS25           8            N/A         NONE     
     led_3         OUTPUT        J16        LVCMOS25           8            N/A         NONE     
   led_eight       OUTPUT        M12        LVCMOS25           8            NONE        OREG     
    led_five       OUTPUT        M10        LVCMOS25           8            NONE        OREG     
    led_four       OUTPUT        P11        LVCMOS25           8            NONE        OREG     
    led_one        OUTPUT         P9        LVCMOS25           8            NONE        OREG     
   led_seven       OUTPUT        N12        LVCMOS25           8            NONE        OREG     
    led_six        OUTPUT        L10        LVCMOS25           8            NONE        OREG     
    led_tree       OUTPUT        R16        LVCMOS25           8            NONE        OREG     
    led_two        OUTPUT        P12        LVCMOS25           8            NONE        OREG     
    aud_sda         INOUT         R9        LVCMOS25           8           PULLUP     OREG;TREG  
   aud_sda_1        INOUT        E15        LVCMOS25           8           PULLUP     OREG;TREG  
   aud_sda_2        INOUT         C3        LVCMOS25           8           PULLUP     OREG;TREG  
   aud_sda_3        INOUT         F3        LVCMOS25           8           PULLUP     OREG;TREG  

Report Hierarchy Area:
+--------------------------------------------------------------------------------------------------------+
|Instance                   |Module                 |le     |lut     |ripple  |seq     |bram    |dsp     |
+--------------------------------------------------------------------------------------------------------+
|top                        |audio_speak            |3059   |2229    |539     |979     |0       |0       |
|  u1_es8388_ctrl           |es8388_ctrl            |278    |225     |25      |139     |0       |0       |
|    u_audio_receive        |audio_receive          |89     |56      |12      |53      |0       |0       |
|    u_audio_send           |audio_send             |19     |15      |0       |18      |0       |0       |
|    u_es8388_config        |es8388_config          |170    |154     |13      |68      |0       |0       |
|      u_i2c_dri            |i2c_dri                |114    |107     |5       |41      |0       |0       |
|      u_i2c_reg_cfg        |i2c_reg_cfg            |56     |47      |8       |27      |0       |0       |
|  u1_pll_clk               |clk_wiz_0              |1      |1       |0       |0       |0       |0       |
|  u2_es8388_ctrl           |es8388_ctrl            |267    |222     |25      |143     |0       |0       |
|    u_audio_receive        |audio_receive          |83     |51      |12      |54      |0       |0       |
|    u_audio_send           |audio_send             |21     |21      |0       |21      |0       |0       |
|    u_es8388_config        |es8388_config          |163    |150     |13      |68      |0       |0       |
|      u_i2c_dri            |i2c_dri                |108    |103     |5       |41      |0       |0       |
|      u_i2c_reg_cfg        |i2c_reg_cfg            |55     |47      |8       |27      |0       |0       |
|  u2_pll_clk               |clk_wiz_0              |1      |1       |0       |0       |0       |0       |
|  u3_es8388_ctrl           |es8388_ctrl            |267    |217     |25      |141     |0       |0       |
|    u_audio_receive        |audio_receive          |87     |56      |12      |54      |0       |0       |
|    u_audio_send           |audio_send             |21     |16      |0       |21      |0       |0       |
|    u_es8388_config        |es8388_config          |159    |145     |13      |66      |0       |0       |
|      u_i2c_dri            |i2c_dri                |102    |97      |5       |39      |0       |0       |
|      u_i2c_reg_cfg        |i2c_reg_cfg            |57     |48      |8       |27      |0       |0       |
|  u3_pll_clk               |clk_wiz_0              |1      |1       |0       |0       |0       |0       |
|  u_es8388_ctrl            |es8388_ctrl            |329    |250     |55      |150     |0       |0       |
|    u_audio_receive        |audio_receive          |86     |54      |12      |53      |0       |0       |
|    u_audio_send           |audio_send             |82     |50      |28      |30      |0       |0       |
|    u_es8388_config        |es8388_config          |161    |146     |15      |67      |0       |0       |
|      u_i2c_dri            |i2c_dri                |105    |98      |7       |41      |0       |0       |
|      u_i2c_reg_cfg        |i2c_reg_cfg            |56     |48      |8       |26      |0       |0       |
|  u_pll_clk                |clk_wiz_0              |1      |1       |0       |0       |0       |0       |
|  u_spar_4mic_localization |spar_4mic_localization |1782   |1255    |357     |340     |0       |0       |
+--------------------------------------------------------------------------------------------------------+


DataNet Average Fanout:

   Index     Fanout     Nets  
    #1          1       2500  
    #2          2       1089  
    #3          3       273   
    #4          4        26   
    #5        5-10      301   
    #6        11-50      96   
    #7       51-100      4    
    #8       101-500     7    
  Average     2.79            

RUN-1002 : start command "export_db ES8388_pr.db"
RUN-1001 : Exported /
RUN-1001 : Exported flow parameters
RUN-1001 : Exported libs
RUN-1001 : Exported entities
RUN-1001 : Exported ports
RUN-1001 : Exported pins
RUN-1001 : Exported instances
RUN-1001 : Exported nets
RUN-1001 : Exported buses
RUN-1001 : Exported models
RUN-1001 : Exported congestions
RUN-1001 : Exported violations
RUN-1001 : Exported IO constraints
RUN-1001 : Exported Inst constraints
RUN-1002 : start command "export_bid ES8388_inst.bid"
RUN-1002 : start command "bitgen -bit ES8388.bit -unused_io_status pulldown"
BIT-1003 : Start to generate bitstream. 
BIT-1002 : Bitgen processed 137 unused pads, reserve input tri_state with pulldown
BIT-1002 : Init instances with 16 threads.
BIT-1002 : Init instances completely, inst num: 1757
BIT-1002 : Init pips with 16 threads.
BIT-1002 : Init pips completely, net num: 4366, pip num: 32722
BIT-1002 : Init feedthrough with 16 threads.
BIT-1002 : Init feedthrough completely, num: 25
BIT-1003 : Multithreading accelaration with 16 threads.
BIT-1003 : Generate bitstream completely, there are 2507 valid insts, and 92444 bits set as '1'.
BIT-1004 : PLL setting string = 1111
BIT-1004 : Generate bits file ES8388.bit.
RUN-1003 : finish command "bitgen -bit ES8388.bit -unused_io_status pulldown" in  2.307624s wall, 23.625000s user + 1.140625s system = 24.765625s CPU (1073.2%)

RUN-1004 : used memory is 504 MB, reserved memory is 491 MB, peak memory is 698 MB
RUN-1002 : start command "backup_run_log run.log ../.logs/phy_1/td_20251028_091800.log"
