============================================================
   Tang Dynasty, V5.6.71036
      Copyright (c) 2012-2023 Anlogic Inc.
   Executable = D:/TD/bin/td.exe
   Built at =   20:34:38 Mar 21 2023
   Run by =     lyw15
   Run Date =   Sun Oct 19 21:03:32 2025

   Run on =     -001
============================================================
RUN-1002 : start command "open_project ES8388.prj"
RUN-1001 : Print Global Property
RUN-1001 : ---------------------------------------------------------------
RUN-1001 :        Parameters        |  Settings  |  Default Values  |  Note  
RUN-1001 : ---------------------------------------------------------------
RUN-1001 :          message         |  standard  |     standard     |        
RUN-1001 :   mixed_pack_place_flow  |     on     |        on        |        
RUN-1001 :        qor_monitor       |    off     |       off        |        
RUN-1001 :        syn_ip_flow       |    off     |       off        |        
RUN-1001 :          thread          |    auto    |       auto       |        
RUN-1001 : ---------------------------------------------------------------
RUN-1001 : Print Design Property
RUN-1001 : --------------------------------------------------------------
RUN-1001 :        Parameters       |  Settings  |  Default Values  |  Note  
RUN-1001 : --------------------------------------------------------------
RUN-1001 :   default_reg_initial   |    auto    |       auto       |        
RUN-1001 :        infer_add        |     on     |        on        |        
RUN-1001 :        infer_fsm        |    off     |       off        |        
RUN-1001 :        infer_mult       |     on     |        on        |        
RUN-1001 :        infer_ram        |     on     |        on        |        
RUN-1001 :        infer_reg        |     on     |        on        |        
RUN-1001 :   infer_reg_init_value  |     on     |        on        |        
RUN-1001 :        infer_rom        |     on     |        on        |        
RUN-1001 :      infer_shifter      |     on     |        on        |        
RUN-1001 : --------------------------------------------------------------
RUN-1001 : Print Rtl Property
RUN-1001 : --------------------------------------------------------------
RUN-1001 :        Parameters       |  Settings  |  Default Values  |  Note  
RUN-1001 : --------------------------------------------------------------
RUN-1001 :       compress_add      |   ripple   |      ripple      |        
RUN-1001 :        elf_sload        |    off     |       off        |        
RUN-1001 :       fix_undriven      |     0      |        0         |        
RUN-1001 :         flatten         |    off     |       off        |        
RUN-1001 :       gate_sharing      |     on     |        on        |        
RUN-1001 :    hdl_warning_level    |   normal   |      normal      |        
RUN-1001 :   impl_internal_tribuf  |     on     |        on        |        
RUN-1001 :      impl_set_reset     |     on     |        on        |        
RUN-1001 :        infer_gsr        |    off     |       off        |        
RUN-1001 :      keep_hierarchy     |    auto    |       auto       |        
RUN-1001 :        max_fanout       |    9999    |       9999       |        
RUN-1001 :      max_oh2bin_len     |     10     |        10        |        
RUN-1001 :       merge_equal       |     on     |        on        |        
RUN-1001 :       merge_equiv       |     on     |        on        |        
RUN-1001 :        merge_mux        |    off     |       off        |        
RUN-1001 :     min_control_set     |     8      |        8         |        
RUN-1001 :      min_ripple_len     |    auto    |       auto       |        
RUN-1001 :       oh2bin_ratio      |    0.08    |       0.08       |        
RUN-1001 :     opt_adder_fanout    |     on     |        on        |        
RUN-1001 :        opt_arith        |     on     |        on        |        
RUN-1001 :       opt_big_gate      |    off     |       off        |        
RUN-1001 :        opt_const        |     on     |        on        |        
RUN-1001 :      opt_const_mult     |     on     |        on        |        
RUN-1001 :       opt_lessthan      |     on     |        on        |        
RUN-1001 :         opt_mux         |    off     |       off        |        
RUN-1001 :         opt_ram         |    high    |       high       |        
RUN-1001 :      rtl_sim_model      |    off     |       off        |        
RUN-1001 :         seq_syn         |     on     |        on        |        
RUN-1001 : --------------------------------------------------------------
HDL-1007 : analyze verilog file ../../al_ip/clk_wiz_0.v
HDL-1007 : undeclared symbol 'open', assumed default net type 'wire' in ../../al_ip/clk_wiz_0.v(80)
HDL-1007 : analyze verilog file ../../../RTL/audio_receive.v
HDL-1007 : analyze verilog file ../../../RTL/audio_send.v
HDL-1007 : analyze verilog file ../../../RTL/audio_speak.v
HDL-1007 : analyze verilog file ../../../RTL/es8388_config.v
HDL-1007 : analyze verilog file ../../../RTL/es8388_ctrl.v
HDL-1007 : analyze verilog file ../../../RTL/i2c_dri.v
HDL-1007 : analyze verilog file ../../../RTL/i2c_reg_cfg.v
HDL-1007 : analyze verilog file ../../sound_direction_led.v
RUN-1001 : Project manager successfully analyzed 9 source files.
RUN-1002 : start command "import_device eagle_s20.db -package EG4S20BG256"
ARC-1001 : Device Initialization.
ARC-1001 : ------------------------------------------------------------------
ARC-1001 :            OPTION            |          IO          |   SETTING   
ARC-1001 : ------------------------------------------------------------------
ARC-1001 :   cso_b/cclk/mosi/miso/dout  |  T3/R11/T10/P10/S11  |    gpio    
ARC-1001 :             done             |         P13          |    gpio    
ARC-1001 :           program_b          |          T2          |  dedicate  
ARC-1001 :        tdi/tms/tck/tdo       |   C12/A15/C14/E14    |  dedicate  
ARC-1001 : ------------------------------------------------------------------
ARC-1004 : Device setting, marked 5 dedicate IOs in total.
RUN-1002 : start command "import_db ../syn_1/ES8388_gate.db"
RUN-1001 : Importing database generated by Tang Dynasty, V5.6.71036.
RUN-1001 : Database version number 46146.
RUN-1001 : Import flow parameters
RUN-1001 : Import IO constraints
RUN-1001 : Import Inst constraints
RUN-1001 : Import design success TD_VERSION=5.6.71036 , DB_VERSION=46146
RUN-1002 : start command "place"
RUN-1001 : Open license file D:/TD/license/Anlogic.lic
RUN-1001 : Print Global Property
RUN-1001 : ---------------------------------------------------------------
RUN-1001 :        Parameters        |  Settings  |  Default Values  |  Note  
RUN-1001 : ---------------------------------------------------------------
RUN-1001 :          message         |  standard  |     standard     |        
RUN-1001 :   mixed_pack_place_flow  |     on     |        on        |        
RUN-1001 :        qor_monitor       |    off     |       off        |        
RUN-1001 :        syn_ip_flow       |    off     |       off        |        
RUN-1001 :          thread          |    auto    |       auto       |        
RUN-1001 : ---------------------------------------------------------------
RUN-1001 : Print Place Property
RUN-1001 : --------------------------------------------------------------
RUN-1001 :        Parameters       |  Settings  |  Default Values  |  Note  
RUN-1001 : --------------------------------------------------------------
RUN-1001 :      detailed_place     |     on     |        on        |        
RUN-1001 :          effort         |   medium   |      medium      |        
RUN-1001 :         fix_hold        |    off     |       off        |        
RUN-1001 :       legalization      |    ori     |       ori        |        
RUN-1001 :      new_spreading      |     on     |        on        |        
RUN-1001 :        opt_timing       |   medium   |      medium      |        
RUN-1001 :   post_clock_route_opt  |    off     |       off        |        
RUN-1001 :       pr_strategy       |     1      |        1         |        
RUN-1001 :        relaxation       |    1.00    |       1.00       |        
RUN-1001 :         retiming        |    off     |       off        |        
RUN-1001 : --------------------------------------------------------------
PHY-3001 : Placer runs in 24 thread(s).
RUN-1002 : start command "legalize_phy_inst"
SYN-1011 : Flatten model audio_speak
RUN-1002 : start command "phys_opt -simplify_lut"
SYN-4016 : Net ilaclk_1_dup_1 driven by BUFG (0 clock/control pins, 2 other pins).
SYN-4016 : Net ilaclk_dup_1 driven by BUFG (0 clock/control pins, 2 other pins).
SYN-4027 : Net aud_mclk_1_dup_1 is clkc1 of pll u1_pll_clk/pll_inst.
SYN-4019 : Net sys_clk_dup_1 is refclk of pll u1_pll_clk/pll_inst.
SYN-4020 : Net sys_clk_dup_1 is fbclk of pll u1_pll_clk/pll_inst.
SYN-4027 : Net aud_mclk_dup_1 is clkc1 of pll u_pll_clk/pll_inst.
SYN-4019 : Net sys_clk_dup_1 is refclk of pll u_pll_clk/pll_inst.
SYN-4020 : Net sys_clk_dup_1 is fbclk of pll u_pll_clk/pll_inst.
SYN-4024 : Net "aud_bclk_dup_1" drives clk pins.
SYN-4024 : Net "aud_bclk_1_dup_1" drives clk pins.
SYN-4024 : Net "show/sample_clk" drives clk pins.
SYN-4024 : Net "u1_es8388_ctrl/u_es8388_config/u_i2c_dri/dri_clk" drives clk pins.
SYN-4024 : Net "u_es8388_ctrl/u_es8388_config/u_i2c_dri/dri_clk" drives clk pins.
SYN-4025 : Tag rtl::Net aud_bclk_1_dup_1 as clock net
SYN-4025 : Tag rtl::Net aud_bclk_dup_1 as clock net
SYN-4025 : Tag rtl::Net aud_mclk_1_dup_1 as clock net
SYN-4025 : Tag rtl::Net aud_mclk_dup_1 as clock net
SYN-4025 : Tag rtl::Net ilaclk_1_dup_1 as clock net
SYN-4025 : Tag rtl::Net ilaclk_dup_1 as clock net
SYN-4025 : Tag rtl::Net show/sample_clk as clock net
SYN-4025 : Tag rtl::Net sys_clk_dup_1 as clock net
SYN-4025 : Tag rtl::Net u1_es8388_ctrl/u_es8388_config/u_i2c_dri/dri_clk as clock net
SYN-4025 : Tag rtl::Net u_es8388_ctrl/u_es8388_config/u_i2c_dri/dri_clk as clock net
SYN-4026 : Tagged 10 rtl::Net as clock net
SYN-4015 : Create BUFG instance for clk Net aud_bclk_1_dup_1 to drive 80 clock pins.
SYN-4015 : Create BUFG instance for clk Net aud_bclk_dup_1 to drive 80 clock pins.
SYN-4015 : Create BUFG instance for clk Net show/sample_clk to drive 67 clock pins.
SYN-4015 : Create BUFG instance for clk Net u1_es8388_ctrl/u_es8388_config/u_i2c_dri/dri_clk to drive 59 clock pins.
SYN-4015 : Create BUFG instance for clk Net u_es8388_ctrl/u_es8388_config/u_i2c_dri/dri_clk to drive 59 clock pins.
PHY-1001 : Populate physical database on model audio_speak.
RUN-1001 : There are total 1017 instances
RUN-0007 : 456 luts, 381 seqs, 109 mslices, 30 lslices, 29 pads, 0 brams, 0 dsps
RUN-1001 : There are total 1125 nets
RUN-1001 : 685 nets have 2 pins
RUN-1001 : 289 nets have [3 - 5] pins
RUN-1001 : 85 nets have [6 - 10] pins
RUN-1001 : 38 nets have [11 - 20] pins
RUN-1001 : 25 nets have [21 - 99] pins
RUN-1001 : 3 nets have 100+ pins
RUN-1001 : Report Control nets information:
RUN-1001 : DFF Distribution
RUN-1001 : ----------------------------------
RUN-1001 :   CE   |  SSR  |  ASR  |  DFF Count  
RUN-1001 : ----------------------------------
RUN-1001 :   No   |  No   |  No   |      0      
RUN-1001 :   No   |  No   |  Yes  |     221     
RUN-1001 :   No   |  Yes  |  No   |      0      
RUN-1001 :   Yes  |  No   |  No   |      0      
RUN-1001 :   Yes  |  No   |  Yes  |     144     
RUN-1001 :   Yes  |  Yes  |  No   |     16      
RUN-1001 : ----------------------------------
RUN-0007 : Control Group Statistic
RUN-0007 : ---------------------------
RUN-0007 :   #CLK  |  #CE  |  #SSR/ASR  
RUN-0007 : ---------------------------
RUN-0007 :    6    |  11   |     5      
RUN-0007 : ---------------------------
RUN-0007 : Control Set = 18
PHY-3001 : Initial placement ...
PHY-3001 : design contains 1015 instances, 456 luts, 381 seqs, 139 slices, 23 macros(139 instances: 109 mslices 30 lslices)
PHY-0007 : Cell area utilization is 3%
PHY-3001 : Global placement ...
PHY-3001 : Initial: Len = 254709
PHY-3001 : Clustering ...
PHY-3001 : Level 0 #clusters 1015.
PHY-3001 : End clustering;  0.000043s wall, 0.000000s user + 0.000000s system = 0.000000s CPU (n/a%)

PHY-3001 : Run with size of 4
PHY-3001 : Cell area utilization is 3%
PHY-3001 : :::0::: Try harder cell spreading with beta_ = 0
PHY-3002 : Step(1): len = 152897, overlap = 0
PHY-3002 : Step(2): len = 108049, overlap = 0
PHY-3002 : Step(3): len = 78792.3, overlap = 0
PHY-3002 : Step(4): len = 59050.2, overlap = 0
PHY-3002 : Step(5): len = 50748.6, overlap = 0
PHY-3002 : Step(6): len = 43676.6, overlap = 3.25
PHY-3002 : Step(7): len = 39443, overlap = 3
PHY-3002 : Step(8): len = 33566.8, overlap = 2
PHY-3002 : Step(9): len = 31402.8, overlap = 1.25
PHY-3002 : Step(10): len = 31480.1, overlap = 1.25
PHY-3002 : Step(11): len = 29170.9, overlap = 0
PHY-3002 : Step(12): len = 27952.1, overlap = 0
PHY-3002 : Step(13): len = 27822.6, overlap = 0
PHY-3002 : Step(14): len = 26102.2, overlap = 0
PHY-3002 : Step(15): len = 25983.3, overlap = 0
PHY-3002 : Step(16): len = 25998, overlap = 0.1875
PHY-3002 : Step(17): len = 23148.6, overlap = 0.3125
PHY-3002 : Step(18): len = 21631.2, overlap = 2.375
PHY-3002 : Step(19): len = 21745.1, overlap = 2.84375
PHY-3002 : Step(20): len = 20857.5, overlap = 5.25
PHY-3002 : Step(21): len = 19389.5, overlap = 6.90625
PHY-3002 : Step(22): len = 19389.5, overlap = 6.90625
PHY-3002 : Step(23): len = 18390.1, overlap = 7.3125
PHY-3002 : Step(24): len = 18390.1, overlap = 7.3125
PHY-3002 : Step(25): len = 18176.6, overlap = 7.65625
PHY-3001 : Legalization ...
PHY-3001 : End legalization;  0.002399s wall, 0.000000s user + 0.000000s system = 0.000000s CPU (n/a%)

PHY-3001 : Run with size of 4
PHY-3001 : Cell area utilization is 4%
PHY-3001 : :::0::: Try harder cell spreading with beta_ = 0.00227411
PHY-3002 : Step(26): len = 18105.1, overlap = 21.6562
PHY-3002 : Step(27): len = 17947.6, overlap = 21.8438
PHY-3001 : :::1::: Try harder cell spreading with beta_ = 0.00454822
PHY-3002 : Step(28): len = 17865, overlap = 22.0312
PHY-3002 : Step(29): len = 17865, overlap = 22.0312
PHY-3001 : Run with size of 2
PHY-3001 : Cell area utilization is 4%
PHY-3001 : :::0::: Try harder cell spreading with beta_ = 1.75403e-05
PHY-3002 : Step(30): len = 19063.7, overlap = 42.375
PHY-3002 : Step(31): len = 19063.7, overlap = 42.375
PHY-3002 : Step(32): len = 18561.3, overlap = 42.0938
PHY-3001 : :::1::: Try harder cell spreading with beta_ = 3.50806e-05
PHY-3002 : Step(33): len = 19555.2, overlap = 36.9062
PHY-3002 : Step(34): len = 19765.6, overlap = 36.7188
PHY-3002 : Step(35): len = 20245.9, overlap = 30.0312
PHY-3002 : Step(36): len = 20285.8, overlap = 29.0312
PHY-3002 : Step(37): len = 20383.7, overlap = 29
PHY-3001 : :::2::: Try harder cell spreading with beta_ = 7.01611e-05
PHY-3002 : Step(38): len = 20272.1, overlap = 29.6562
PHY-3002 : Step(39): len = 20383.8, overlap = 29.25
PHY-3001 : :::3::: Try harder cell spreading with beta_ = 0.000140322
PHY-3002 : Step(40): len = 21208.9, overlap = 25.3438
PHY-3002 : Step(41): len = 21478.6, overlap = 24.125
PHY-3002 : Step(42): len = 21820, overlap = 23.5938
PHY-3001 : :::4::: Try harder cell spreading with beta_ = 0.000280645
PHY-3002 : Step(43): len = 21844.3, overlap = 21.9062
PHY-3002 : Step(44): len = 21953.8, overlap = 21.4688
PHY-3001 : :::5::: Try harder cell spreading with beta_ = 0.000561289
PHY-3002 : Step(45): len = 22266, overlap = 21.0625
PHY-3002 : Step(46): len = 22321.5, overlap = 20.6562
PHY-3002 : Step(47): len = 22109.5, overlap = 20.5312
OPT-1001 : Start physical optimization ...
OPT-1001 : Total overflow 53.97 peak overflow 4.06
OPT-1001 : Start high-fanout net optimization ...
OPT-1001 : Update timing in global mode
PHY-1001 : Start incremental global routing, caller is place ...
RUN-1001 : Generating global routing grids ...
RUN-1001 : Building simple global routing graph ...
PHY-1001 : Generate routing nets ...
PHY-1001 : Reuse net number 0/1125.
PHY-1001 : Global iterations in 24 thread ...
PHY-1002 : len = 24624, over cnt = 104(0%), over = 400, worst = 16
PHY-1001 : End global iterations;  0.034903s wall, 0.000000s user + 0.046875s system = 0.046875s CPU (134.3%)

PHY-1001 : Congestion index: top1 = 32.03, top5 = 13.83, top10 = 7.78, top15 = 5.34.
PHY-1001 : End incremental global routing;  0.069699s wall, 0.015625s user + 0.062500s system = 0.078125s CPU (112.1%)

RUN-1002 : start command "start_timer -report"
TMR-5001 WARNING: No sdc constraints found while initiating timer.
TMR-2505 : Start building timing graph for model audio_speak.
TMR-2506 : Build timing graph completely. Port num: 26, tpin num: 4728, tnet num: 1123, tinst num: 1015, tnode num: 6086, tedge num: 7482.
TMR-2508 : Levelizing timing graph completed, there are 33 levels in total.
TMR-2501 : Timing graph initialized successfully.
OPT-1001 : End timing update;  0.137213s wall, 0.125000s user + 0.015625s system = 0.140625s CPU (102.5%)

OPT-1001 : 0 high-fanout net processed.
OPT-1001 : End high-fanout net optimization;  0.218325s wall, 0.156250s user + 0.078125s system = 0.234375s CPU (107.4%)

OPT-1001 : Current memory(MB): used = 171, reserve = 139, peak = 171.
OPT-1001 : End physical optimization;  0.229159s wall, 0.187500s user + 0.078125s system = 0.265625s CPU (115.9%)

PHY-3001 : Start packing ...
SYN-4007 : Packing 0 MUX to BLE ...
SYN-4008 : Packed 0 MUX and 0 SEQ to BLE.
SYN-4007 : Packing 456 LUT to BLE ...
SYN-4008 : Packed 456 LUT and 229 SEQ to BLE.
SYN-4003 : Packing 152 remaining SEQ's ...
SYN-4005 : Packed 86 SEQ with LUT/SLICE
SYN-4006 : 163 single LUT's are left
SYN-4006 : 66 single SEQ's are left
SYN-4011 : Packing model "audio_speak" (AL_USER_NORMAL) with 522/702 primitive instances ...
PHY-3001 : End packing;  0.020961s wall, 0.015625s user + 0.000000s system = 0.015625s CPU (74.5%)

PHY-1001 : Populate physical database on model audio_speak.
RUN-1001 : There are total 458 instances
RUN-1001 : 209 mslices, 208 lslices, 29 pads, 0 brams, 0 dsps
RUN-1001 : There are total 902 nets
RUN-1001 : 468 nets have 2 pins
RUN-1001 : 284 nets have [3 - 5] pins
RUN-1001 : 86 nets have [6 - 10] pins
RUN-1001 : 41 nets have [11 - 20] pins
RUN-1001 : 22 nets have [21 - 99] pins
RUN-1001 : 1 nets have 100+ pins
PHY-3001 : design contains 456 instances, 417 slices, 23 macros(139 instances: 109 mslices 30 lslices)
PHY-3001 : Cell area utilization is 5%
PHY-3001 : After packing: Len = 21822, Over = 32
PHY-3001 : Run with size of 2
PHY-3001 : Cell area utilization is 5%
PHY-3001 : :::0::: Try harder cell spreading with beta_ = 1.92078e-05
PHY-3002 : Step(48): len = 20578.5, overlap = 33.75
PHY-3002 : Step(49): len = 20563.6, overlap = 33.75
PHY-3002 : Step(50): len = 19682.5, overlap = 34.75
PHY-3002 : Step(51): len = 19636.7, overlap = 35.25
PHY-3002 : Step(52): len = 19593.8, overlap = 35.5
PHY-3001 : :::1::: Try harder cell spreading with beta_ = 3.84155e-05
PHY-3002 : Step(53): len = 20606.4, overlap = 34.75
PHY-3002 : Step(54): len = 20694.3, overlap = 34.75
PHY-3002 : Step(55): len = 20888.9, overlap = 33
PHY-3001 : :::2::: Try harder cell spreading with beta_ = 7.6831e-05
PHY-3002 : Step(56): len = 21920.6, overlap = 31.25
PHY-3002 : Step(57): len = 22063.1, overlap = 31
PHY-3002 : Step(58): len = 22342.1, overlap = 28.5
PHY-3001 : Legalization ...
PHY-3001 : End legalization;  0.084067s wall, 0.093750s user + 0.062500s system = 0.156250s CPU (185.9%)

PHY-3001 : Trial Legalized: Len = 31171.4
PHY-3001 : Run with size of 2
PHY-3001 : Cell area utilization is 5%
PHY-3001 : :::0::: Try harder cell spreading with beta_ = 0.00421504
PHY-3002 : Step(59): len = 28650.2, overlap = 4.25
PHY-3002 : Step(60): len = 28212.6, overlap = 5.5
PHY-3002 : Step(61): len = 27627.2, overlap = 6.75
PHY-3002 : Step(62): len = 25536.5, overlap = 9
PHY-3002 : Step(63): len = 25243.5, overlap = 11
PHY-3002 : Step(64): len = 25266.2, overlap = 10
PHY-3002 : Step(65): len = 24842.9, overlap = 10.75
PHY-3002 : Step(66): len = 24727.9, overlap = 11.5
PHY-3002 : Step(67): len = 24646, overlap = 11
PHY-3002 : Step(68): len = 24481.3, overlap = 11
PHY-3002 : Step(69): len = 24422.9, overlap = 11
PHY-3001 : :::1::: Try harder cell spreading with beta_ = 0.00843008
PHY-3002 : Step(70): len = 24424.2, overlap = 10.75
PHY-3002 : Step(71): len = 24176.1, overlap = 12.25
PHY-3001 : :::2::: Try harder cell spreading with beta_ = 0.0168602
PHY-3002 : Step(72): len = 24160.2, overlap = 11.5
PHY-3002 : Step(73): len = 24124.4, overlap = 11.75
PHY-3001 : Legalization ...
PHY-3001 : End legalization;  0.003791s wall, 0.015625s user + 0.000000s system = 0.015625s CPU (412.1%)

PHY-3001 : Legalized: Len = 27712.5, Over = 0
PHY-3001 : Spreading special nets. 2 overflows in 2952 tiles.
PHY-3001 : End spreading;  0.002275s wall, 0.000000s user + 0.000000s system = 0.000000s CPU (n/a%)

PHY-3001 : 3 instances has been re-located, deltaX = 1, deltaY = 2, maxDist = 1.
PHY-3001 : Final: Len = 27754.5, Over = 0
OPT-1001 : Start physical optimization ...
OPT-1001 : Total overflow 0.00 peak overflow 0.00
OPT-1001 : Start high-fanout net optimization ...
OPT-1001 : Update timing in global mode
PHY-1001 : Start incremental global routing, caller is place ...
RUN-1001 : Generating global routing grids ...
PHY-1001 : Generate routing nets ...
PHY-1001 : Reuse net number 46/902.
PHY-1001 : Global iterations in 24 thread ...
PHY-1002 : len = 33080, over cnt = 90(0%), over = 135, worst = 5
PHY-1002 : len = 33712, over cnt = 31(0%), over = 38, worst = 3
PHY-1002 : len = 33960, over cnt = 16(0%), over = 19, worst = 2
PHY-1002 : len = 34216, over cnt = 0(0%), over = 0, worst = 0
PHY-1001 : End global iterations;  0.054963s wall, 0.000000s user + 0.078125s system = 0.078125s CPU (142.1%)

PHY-1001 : Congestion index: top1 = 23.92, top5 = 15.88, top10 = 10.33, top15 = 7.36.
PHY-1001 : End incremental global routing;  0.087857s wall, 0.015625s user + 0.109375s system = 0.125000s CPU (142.3%)

RUN-1002 : start command "start_timer -report"
TMR-5001 WARNING: No sdc constraints found while initiating timer.
TMR-2505 : Start building timing graph for model audio_speak.
TMR-2506 : Build timing graph completely. Port num: 26, tpin num: 3884, tnet num: 900, tinst num: 456, tnode num: 4850, tedge num: 6430.
TMR-2508 : Levelizing timing graph completed, there are 33 levels in total.
TMR-2501 : Timing graph initialized successfully.
OPT-1001 : End timing update;  0.122399s wall, 0.109375s user + 0.000000s system = 0.109375s CPU (89.4%)

OPT-1001 : 0 high-fanout net processed.
OPT-1001 : End high-fanout net optimization;  0.220310s wall, 0.140625s user + 0.109375s system = 0.250000s CPU (113.5%)

OPT-1001 : Current memory(MB): used = 174, reserve = 142, peak = 174.
OPT-1001 : Update timing in Manhattan mode
OPT-1001 : End timing update;  0.000716s wall, 0.000000s user + 0.000000s system = 0.000000s CPU (n/a%)

OPT-1001 : Start pin optimization...
OPT-1001 : skip pin optimization...
RUN-1001 : Generating global routing grids ...
PHY-1001 : Generate routing nets ...
PHY-1001 : Reuse net number 734/902.
PHY-1001 : Global iterations in 24 thread ...
PHY-1002 : len = 34216, over cnt = 0(0%), over = 0, worst = 0
PHY-1001 : End global iterations;  0.001889s wall, 0.000000s user + 0.000000s system = 0.000000s CPU (n/a%)

PHY-1001 : Congestion index: top1 = 23.92, top5 = 15.88, top10 = 10.33, top15 = 7.36.
OPT-1001 : Update timing in Manhattan mode
OPT-1001 : End timing update;  0.000889s wall, 0.000000s user + 0.000000s system = 0.000000s CPU (n/a%)

RUN-1001 : QoR Analysis:
OPT-0007 :   WNS 2147483647 TNS 0 NUM_FEPS 0
RUN-1001 :   No local congestion issue, and most congested 1% tile average routing util is 23.517241
RUN-1001 :   Top critical paths
OPT-1001 : End physical optimization;  0.260722s wall, 0.187500s user + 0.109375s system = 0.296875s CPU (113.9%)

RUN-1003 : finish command "place" in  2.513338s wall, 3.765625s user + 3.234375s system = 7.000000s CPU (278.5%)

RUN-1004 : used memory is 148 MB, reserved memory is 116 MB, peak memory is 174 MB
RUN-1002 : start command "export_db ES8388_place.db"
RUN-1001 : Exported /
RUN-1001 : Exported flow parameters
RUN-1001 : Exported libs
RUN-1001 : Exported entities
RUN-1001 : Exported ports
RUN-1001 : Exported pins
RUN-1001 : Exported instances
RUN-1001 : Exported nets
RUN-1001 : Exported buses
RUN-1001 : Exported models
RUN-1001 : Exported congestions
RUN-1001 : Exported violations
RUN-1001 : Exported IO constraints
RUN-1001 : Exported Inst constraints
RUN-1002 : start command "route"
RUN-1001 : Open license file D:/TD/license/Anlogic.lic
RUN-1001 : Print Global Property
RUN-1001 : ---------------------------------------------------------------
RUN-1001 :        Parameters        |  Settings  |  Default Values  |  Note  
RUN-1001 : ---------------------------------------------------------------
RUN-1001 :          message         |  standard  |     standard     |        
RUN-1001 :   mixed_pack_place_flow  |     on     |        on        |        
RUN-1001 :        qor_monitor       |    off     |       off        |        
RUN-1001 :        syn_ip_flow       |    off     |       off        |        
RUN-1001 :          thread          |    auto    |       auto       |        
RUN-1001 : ---------------------------------------------------------------
RUN-1001 : Print Route Property
RUN-1001 : -------------------------------------------------------
RUN-1001 :    Parameters    |  Settings  |  Default Values  |  Note  
RUN-1001 : -------------------------------------------------------
RUN-1001 :      effort      |   medium   |      medium      |        
RUN-1001 :     fix_hold     |    off     |       off        |        
RUN-1001 :    opt_timing    |   medium   |      medium      |        
RUN-1001 :   phy_sim_model  |    off     |       off        |        
RUN-1001 :     priority     |   timing   |      timing      |        
RUN-1001 :     swap_pin     |     on     |        on        |        
RUN-1001 : -------------------------------------------------------
PHY-1001 : Route runs in 24 thread(s)
RUN-1001 : There are total 458 instances
RUN-1001 : 209 mslices, 208 lslices, 29 pads, 0 brams, 0 dsps
RUN-1001 : There are total 902 nets
RUN-1001 : 468 nets have 2 pins
RUN-1001 : 284 nets have [3 - 5] pins
RUN-1001 : 86 nets have [6 - 10] pins
RUN-1001 : 41 nets have [11 - 20] pins
RUN-1001 : 22 nets have [21 - 99] pins
RUN-1001 : 1 nets have 100+ pins
RUN-1002 : start command "start_timer -report"
TMR-5001 WARNING: No sdc constraints found while initiating timer.
TMR-2505 : Start building timing graph for model audio_speak.
TMR-2506 : Build timing graph completely. Port num: 26, tpin num: 3884, tnet num: 900, tinst num: 456, tnode num: 4850, tedge num: 6430.
TMR-2508 : Levelizing timing graph completed, there are 33 levels in total.
TMR-2501 : Timing graph initialized successfully.
PHY-1001 : 209 mslices, 208 lslices, 29 pads, 0 brams, 0 dsps
TMR-2503 : Start to update net delay, extr mode = 3.
TMR-2504 : Update delay of 900 nets completely.
TMR-2502 : Annotate delay completely, extr mode = 3.
TMR-3002 : No user constraint, initiate default constraint.
TMR-1501 : Assign derive clock DeriveClock to 466 clock pins, and constraint 959 relative nodes.
TMR-3003 : Constraints initiated successfully.
TMR-3501 : Forward propagation: start to calculate arrival time...
TMR-3502 : Backward propagation: start to calculate required time...
TMR-3503 : Timing propagation completes.
PHY-1001 : Start global routing, caller is route ...
RUN-1001 : Generating global routing grids ...
PHY-1001 : Generate routing nets ...
PHY-1001 : Global iterations in 24 thread ...
PHY-1002 : len = 32608, over cnt = 85(0%), over = 134, worst = 5
PHY-1002 : len = 33280, over cnt = 26(0%), over = 31, worst = 3
PHY-1002 : len = 33536, over cnt = 13(0%), over = 13, worst = 1
PHY-1002 : len = 33736, over cnt = 0(0%), over = 0, worst = 0
PHY-1001 : End global iterations;  0.059999s wall, 0.046875s user + 0.031250s system = 0.078125s CPU (130.2%)

PHY-1001 : Congestion index: top1 = 23.47, top5 = 15.77, top10 = 10.25, top15 = 7.31.
PHY-1001 : End global routing;  0.092156s wall, 0.078125s user + 0.031250s system = 0.109375s CPU (118.7%)

PHY-1001 : Start detail routing ...
PHY-1001 : Current memory(MB): used = 207, reserve = 175, peak = 229.
PHY-1001 : Detailed router is running in normal mode.
PHY-1001 : Generate detailed routing grids ...
PHY-1001 : Processed IO instance aud_dacdat_syn_4 with INV attribute.
PHY-1001 : Processed IO instance aud_dacdat_1_syn_4 with INV attribute.
PHY-1001 : Generate nets ...
PHY-1001 : clock net aud_bclk_syn_4 will be merged with clock aud_bclk_dup_1
PHY-1001 : clock net aud_bclk_1_syn_4 will be merged with clock aud_bclk_1_dup_1
PHY-1001 : net aud_mclk_dup_1 will be routed on clock mesh
PHY-1001 : net aud_mclk_1_dup_1 will be routed on clock mesh
PHY-1001 : clock net ilaclk_dup_1 will be merged with clock u_pll_clk/clk0_buf
PHY-1001 : clock net ilaclk_1_dup_1 will be merged with clock u1_pll_clk/clk0_buf
PHY-1001 : net sys_clk_dup_1 will be routed on clock mesh
PHY-1001 : clock net show/sample_clk_syn_4 will be merged with clock show/sample_clk
PHY-1001 : clock net u_es8388_ctrl/u_es8388_config/u_i2c_dri/dri_clk_syn_4 will be merged with clock u_es8388_ctrl/u_es8388_config/u_i2c_dri/dri_clk
PHY-1001 : clock net u1_es8388_ctrl/u_es8388_config/u_i2c_dri/dri_clk_syn_4 will be merged with clock u1_es8388_ctrl/u_es8388_config/u_i2c_dri/dri_clk
PHY-1001 : Current memory(MB): used = 475, reserve = 447, peak = 475.
PHY-1001 : End build detailed router design. 2.554563s wall, 2.468750s user + 0.078125s system = 2.546875s CPU (99.7%)

PHY-1001 : Detail Route ...
PHY-1001 : ===== Detail Route Phase 1 =====
PHY-1001 : Clock net routing.....
PHY-1001 : Routed 1% nets.
PHY-1022 : len = 23624, over cnt = 0(0%), over = 0, worst = 0, crit = 0
PHY-1001 : End initial clock net routed; 1.937739s wall, 1.859375s user + 0.046875s system = 1.906250s CPU (98.4%)

PHY-1001 : Current memory(MB): used = 507, reserve = 480, peak = 507.
PHY-1001 : End phase 1; 1.943444s wall, 1.859375s user + 0.046875s system = 1.906250s CPU (98.1%)

PHY-1001 : ===== Detail Route Phase 2 =====
PHY-1001 : Initial routing.....
PHY-1001 : Routed 34% nets.
PHY-1001 : Routed 41% nets.
PHY-1001 : Routed 50% nets.
PHY-1001 : Routed 64% nets.
PHY-1001 : Routed 82% nets.
PHY-1022 : len = 153480, over cnt = 34(0%), over = 34, worst = 1, crit = 0
PHY-1001 : Current memory(MB): used = 507, reserve = 480, peak = 507.
PHY-1001 : End initial routed; 0.833994s wall, 0.703125s user + 0.296875s system = 1.000000s CPU (119.9%)

PHY-1001 : Current memory(MB): used = 507, reserve = 480, peak = 507.
PHY-1001 : End phase 2; 0.834078s wall, 0.703125s user + 0.296875s system = 1.000000s CPU (119.9%)

PHY-1001 : ===== Detail Route Phase 3 =====
PHY-1001 : Ripup-reroute.....
PHY-1001 : ===== DR Iter 1 =====
PHY-1022 : len = 153432, over cnt = 6(0%), over = 6, worst = 1, crit = 0
PHY-1001 : End DR Iter 1; 0.020883s wall, 0.031250s user + 0.000000s system = 0.031250s CPU (149.6%)

PHY-1001 : ===== DR Iter 2 =====
PHY-1022 : len = 153440, over cnt = 1(0%), over = 1, worst = 1, crit = 0
PHY-1001 : End DR Iter 2; 0.014338s wall, 0.015625s user + 0.000000s system = 0.015625s CPU (109.0%)

PHY-1001 : ===== DR Iter 3 =====
PHY-1022 : len = 153456, over cnt = 0(0%), over = 0, worst = 0, crit = 0
PHY-1001 : End DR Iter 3; 0.010833s wall, 0.015625s user + 0.000000s system = 0.015625s CPU (144.2%)

PHY-1001 : Commit to database.....
PHY-1001 : 9 feed throughs used by 9 nets
PHY-1001 : End commit to database; 0.089003s wall, 0.078125s user + 0.000000s system = 0.078125s CPU (87.8%)

PHY-1001 : Current memory(MB): used = 519, reserve = 492, peak = 519.
PHY-1001 : End phase 3; 0.235724s wall, 0.203125s user + 0.031250s system = 0.234375s CPU (99.4%)

PHY-1003 : Routed, final wirelength = 153456
PHY-1001 : Current memory(MB): used = 519, reserve = 493, peak = 519.
PHY-1001 : End export database. 0.006071s wall, 0.015625s user + 0.000000s system = 0.015625s CPU (257.4%)

PHY-1001 : End detail routing;  5.729603s wall, 5.390625s user + 0.453125s system = 5.843750s CPU (102.0%)

RUN-1003 : finish command "route" in  6.009097s wall, 5.671875s user + 0.484375s system = 6.156250s CPU (102.4%)

RUN-1004 : used memory is 435 MB, reserved memory is 408 MB, peak memory is 519 MB
RUN-1002 : start command "report_area -io_info -file ES8388_phy.area"
RUN-1001 : standard
***Report Model: audio_speak Device: EG4S20BG256***

IO Statistics
#IO                        29
  #input                   11
  #output                  16
  #inout                    2

Utilization Statistics
#lut                      734   out of  19600    3.74%
#reg                      381   out of  19600    1.94%
#le                       800
  #lut only               419   out of    800   52.38%
  #reg only                66   out of    800    8.25%
  #lut&reg                315   out of    800   39.38%
#dsp                        0   out of     29    0.00%
#bram                       0   out of     64    0.00%
  #bram9k                   0
  #fifo9k                   0
#bram32k                    0   out of     16    0.00%
#pad                       29   out of    188   15.43%
  #ireg                     4
  #oreg                     9
  #treg                     2
#pll                        2   out of      4   50.00%
#gclk                       7   out of     16   43.75%

Clock Resource Statistics
Index     ClockNet                                            Type               DriverType         Driver                                                           Fanout
#1        aud_bclk_dup_1                                      GCLK               io                 aud_bclk_syn_2.di                                                46
#2        aud_bclk_1_dup_1                                    GCLK               io                 aud_bclk_1_syn_2.di                                              45
#3        u1_es8388_ctrl/u_es8388_config/u_i2c_dri/dri_clk    GCLK               lslice             u1_es8388_ctrl/u_es8388_config/u_i2c_dri/dri_clk_reg_syn_9.q1    39
#4        u_es8388_ctrl/u_es8388_config/u_i2c_dri/dri_clk     GCLK               mslice             u_es8388_ctrl/u_es8388_config/u_i2c_dri/dri_clk_reg_syn_9.q1     39
#5        show/sample_clk                                     GCLK               mslice             show/sample_clk_reg_syn_9.q1                                     38
#6        sys_clk_dup_1                                       GCLK               io                 sys_clk_syn_2.di                                                 28
#7        aud_mclk_1_dup_1                                    GCLK               pll                u1_pll_clk/pll_inst.clkc1                                        0
#8        aud_mclk_dup_1                                      GCLK               pll                u_pll_clk/pll_inst.clkc1                                         0
#9        u1_pll_clk/clk0_buf                                 GCLK               pll                u1_pll_clk/pll_inst.clkc0                                        0
#10       u_pll_clk/clk0_buf                                  GCLK               pll                u_pll_clk/pll_inst.clkc0                                         0


Detailed IO Report

      Name        Direction    Location    IOStandard    DriveStrength    PullType     PackReg   
   aud_adcdat       INPUT        R14        LVCMOS25          N/A          PULLUP       IREG     
  aud_adcdat_1      INPUT         F7        LVCMOS25          N/A          PULLUP       IREG     
    aud_bclk        INPUT         M6        LVCMOS25          N/A          PULLUP       NONE     
   aud_bclk_1       INPUT         C4        LVCMOS25          N/A          PULLUP       NONE     
    aud_lrc         INPUT         M7        LVCMOS25          N/A          PULLUP       IREG     
   aud_lrc_1        INPUT         D6        LVCMOS25          N/A          PULLUP       IREG     
    sys_clk         INPUT         R7        LVCMOS25          N/A          PULLUP       NONE     
   sys_rst_n        INPUT         E3        LVCMOS25          N/A          PULLUP       NONE     
  sys_rst_n_1       INPUT        H16        LVCMOS25          N/A           N/A         NONE     
   volume[1]        INPUT        B10        LVCMOS25          N/A          PULLUP       NONE     
   volume[0]        INPUT        A10        LVCMOS25          N/A          PULLUP       NONE     
    I2S_BCLK       OUTPUT        F15        LVCMOS25           8            NONE        NONE     
    I2S_DATA       OUTPUT        F13        LVCMOS25           8            NONE        NONE     
   I2S_LRCLK       OUTPUT        D16        LVCMOS25           8            NONE        NONE     
   aud_dacdat      OUTPUT         P6        LVCMOS25           8            NONE        OREG     
  aud_dacdat_1     OUTPUT         C5        LVCMOS25           8            NONE        OREG     
    aud_mclk       OUTPUT         N5        LVCMOS25           8            NONE        NONE     
   aud_mclk_1      OUTPUT         B3        LVCMOS25           8            NONE        NONE     
    aud_scl        OUTPUT        R12        LVCMOS25           8            NONE        OREG     
   aud_scl_1       OUTPUT         B2        LVCMOS25           8            NONE        OREG     
     ilaclk        OUTPUT         T5        LVCMOS25           8            NONE        NONE     
    ilaclk_1       OUTPUT         D3        LVCMOS25           8            NONE        NONE     
      led          OUTPUT        B14        LVCMOS25           8            NONE        NONE     
     led_1         OUTPUT        B15        LVCMOS25           8            NONE        NONE     
    leds[2]        OUTPUT        E13        LVCMOS25           8            NONE        OREG     
    leds[1]        OUTPUT        C16        LVCMOS25           8            NONE        OREG     
    leds[0]        OUTPUT        C15        LVCMOS25           8            NONE        OREG     
    aud_sda         INOUT         R9        LVCMOS25           8           PULLUP     OREG;TREG  
   aud_sda_1        INOUT         B1        LVCMOS25           8           PULLUP     OREG;TREG  

Report Hierarchy Area:
+---------------------------------------------------------------------------------------------------+
|Instance            |Module                   |le     |lut     |ripple  |seq     |bram    |dsp     |
+---------------------------------------------------------------------------------------------------+
|top                 |audio_speak              |800    |595     |139     |396     |0       |0       |
|  show              |sound_localization_final |258    |164     |91      |79      |0       |0       |
|  u1_es8388_ctrl    |es8388_ctrl              |254    |211     |21      |142     |0       |0       |
|    u_audio_receive |audio_receive            |73     |49      |8       |53      |0       |0       |
|    u_audio_send    |audio_send               |21     |18      |0       |20      |0       |0       |
|    u_es8388_config |es8388_config            |160    |144     |13      |69      |0       |0       |
|      u_i2c_dri     |i2c_dri                  |106    |99      |5       |42      |0       |0       |
|      u_i2c_reg_cfg |i2c_reg_cfg              |54     |45      |8       |27      |0       |0       |
|  u1_pll_clk        |clk_wiz_0                |1      |1       |0       |0       |0       |0       |
|  u_es8388_ctrl     |es8388_ctrl              |262    |212     |21      |144     |0       |0       |
|    u_audio_receive |audio_receive            |75     |50      |8       |52      |0       |0       |
|    u_audio_send    |audio_send               |26     |17      |0       |24      |0       |0       |
|    u_es8388_config |es8388_config            |161    |145     |13      |68      |0       |0       |
|      u_i2c_dri     |i2c_dri                  |107    |100     |5       |41      |0       |0       |
|      u_i2c_reg_cfg |i2c_reg_cfg              |54     |45      |8       |27      |0       |0       |
|  u_pll_clk         |clk_wiz_0                |1      |1       |0       |0       |0       |0       |
+---------------------------------------------------------------------------------------------------+


DataNet Average Fanout:

   Index     Fanout    Nets  
    #1         1       437   
    #2         2       180   
    #3         3        92   
    #4         4        10   
    #5        5-10      87   
    #6       11-50      52   
    #7       51-100     3    
  Average     3.15           

RUN-1002 : start command "export_db ES8388_pr.db"
RUN-1001 : Exported /
RUN-1001 : Exported flow parameters
RUN-1001 : Exported libs
RUN-1001 : Exported entities
RUN-1001 : Exported ports
RUN-1001 : Exported pins
RUN-1001 : Exported instances
RUN-1001 : Exported nets
RUN-1001 : Exported buses
RUN-1001 : Exported models
RUN-1001 : Exported congestions
RUN-1001 : Exported violations
RUN-1001 : Exported IO constraints
RUN-1001 : Exported Inst constraints
RUN-1002 : start command "export_bid ES8388_inst.bid"
RUN-1002 : start command "bitgen -bit ES8388.bit -unused_io_status pulldown"
BIT-1003 : Start to generate bitstream. 
BIT-1002 : Bitgen processed 159 unused pads, reserve input tri_state with pulldown
BIT-1002 : Init instances with 24 threads.
BIT-1002 : Init instances completely, inst num: 615
BIT-1002 : Init pips with 24 threads.
BIT-1002 : Init pips completely, net num: 902, pip num: 9736
BIT-1002 : Init feedthrough with 24 threads.
BIT-1002 : Init feedthrough completely, num: 9
BIT-1003 : Multithreading accelaration with 24 threads.
BIT-1003 : Generate bitstream completely, there are 1625 valid insts, and 27635 bits set as '1'.
BIT-1004 : PLL setting string = 0110
BIT-1004 : Generate bits file ES8388.bit.
RUN-1003 : finish command "bitgen -bit ES8388.bit -unused_io_status pulldown" in  1.430567s wall, 19.109375s user + 1.156250s system = 20.265625s CPU (1416.6%)

RUN-1004 : used memory is 451 MB, reserved memory is 429 MB, peak memory is 681 MB
RUN-1002 : start command "backup_run_log run.log ../.logs/phy_1/td_20251019_210332.log"
