============================================================
   Tang Dynasty, V5.6.71036
      Copyright (c) 2012-2023 Anlogic Inc.
   Executable = E:/Software/Anlogic/TD5.6.2/bin/td.exe
   Built at =   20:34:38 Mar 21 2023
   Run by =     Lviva
   Run Date =   Sat Oct 25 14:03:28 2025

   Run on =     VIVACIOUS
============================================================
RUN-1002 : start command "open_project ES8388.prj"
RUN-1001 : Print Global Property
RUN-1001 : ---------------------------------------------------------------
RUN-1001 :        Parameters        |  Settings  |  Default Values  |  Note  
RUN-1001 : ---------------------------------------------------------------
RUN-1001 :          message         |  standard  |     standard     |        
RUN-1001 :   mixed_pack_place_flow  |     on     |        on        |        
RUN-1001 :        qor_monitor       |    off     |       off        |        
RUN-1001 :        syn_ip_flow       |    off     |       off        |        
RUN-1001 :          thread          |    auto    |       auto       |        
RUN-1001 : ---------------------------------------------------------------
RUN-1001 : Print Design Property
RUN-1001 : --------------------------------------------------------------
RUN-1001 :        Parameters       |  Settings  |  Default Values  |  Note  
RUN-1001 : --------------------------------------------------------------
RUN-1001 :   default_reg_initial   |    auto    |       auto       |        
RUN-1001 :        infer_add        |     on     |        on        |        
RUN-1001 :        infer_fsm        |    off     |       off        |        
RUN-1001 :        infer_mult       |     on     |        on        |        
RUN-1001 :        infer_ram        |     on     |        on        |        
RUN-1001 :        infer_reg        |     on     |        on        |        
RUN-1001 :   infer_reg_init_value  |     on     |        on        |        
RUN-1001 :        infer_rom        |     on     |        on        |        
RUN-1001 :      infer_shifter      |     on     |        on        |        
RUN-1001 : --------------------------------------------------------------
RUN-1001 : Print Rtl Property
RUN-1001 : --------------------------------------------------------------
RUN-1001 :        Parameters       |  Settings  |  Default Values  |  Note  
RUN-1001 : --------------------------------------------------------------
RUN-1001 :       compress_add      |   ripple   |      ripple      |        
RUN-1001 :        elf_sload        |    off     |       off        |        
RUN-1001 :       fix_undriven      |     0      |        0         |        
RUN-1001 :         flatten         |    off     |       off        |        
RUN-1001 :       gate_sharing      |     on     |        on        |        
RUN-1001 :    hdl_warning_level    |   normal   |      normal      |        
RUN-1001 :   impl_internal_tribuf  |     on     |        on        |        
RUN-1001 :      impl_set_reset     |     on     |        on        |        
RUN-1001 :        infer_gsr        |    off     |       off        |        
RUN-1001 :      keep_hierarchy     |    auto    |       auto       |        
RUN-1001 :        max_fanout       |    9999    |       9999       |        
RUN-1001 :      max_oh2bin_len     |     10     |        10        |        
RUN-1001 :       merge_equal       |     on     |        on        |        
RUN-1001 :       merge_equiv       |     on     |        on        |        
RUN-1001 :        merge_mux        |    off     |       off        |        
RUN-1001 :     min_control_set     |     8      |        8         |        
RUN-1001 :      min_ripple_len     |    auto    |       auto       |        
RUN-1001 :       oh2bin_ratio      |    0.08    |       0.08       |        
RUN-1001 :     opt_adder_fanout    |     on     |        on        |        
RUN-1001 :        opt_arith        |     on     |        on        |        
RUN-1001 :       opt_big_gate      |    off     |       off        |        
RUN-1001 :        opt_const        |     on     |        on        |        
RUN-1001 :      opt_const_mult     |     on     |        on        |        
RUN-1001 :       opt_lessthan      |     on     |        on        |        
RUN-1001 :         opt_mux         |    off     |       off        |        
RUN-1001 :         opt_ram         |    high    |       high       |        
RUN-1001 :      rtl_sim_model      |    off     |       off        |        
RUN-1001 :         seq_syn         |     on     |        on        |        
RUN-1001 : --------------------------------------------------------------
HDL-1007 : analyze verilog file ../../al_ip/clk_wiz_0.v
HDL-1007 : undeclared symbol 'open', assumed default net type 'wire' in ../../al_ip/clk_wiz_0.v(80)
HDL-1007 : analyze verilog file ../../../RTL/audio_receive.v
HDL-1007 : analyze verilog file ../../../RTL/audio_send.v
HDL-1007 : analyze verilog file ../../../RTL/audio_speak.v
HDL-1007 : analyze verilog file ../../../RTL/es8388_config.v
HDL-1007 : analyze verilog file ../../../RTL/es8388_ctrl.v
HDL-1007 : analyze verilog file ../../../RTL/i2c_dri.v
HDL-1007 : analyze verilog file ../../../RTL/i2c_reg_cfg.v
HDL-1007 : analyze verilog file ../../../RTL/spar_4mic_localization.v
RUN-1001 : Project manager successfully analyzed 9 source files.
RUN-1002 : start command "import_device eagle_s20.db -package EG4S20BG256"
ARC-1001 : Device Initialization.
ARC-1001 : ------------------------------------------------------------------
ARC-1001 :            OPTION            |          IO          |   SETTING   
ARC-1001 : ------------------------------------------------------------------
ARC-1001 :   cso_b/cclk/mosi/miso/dout  |  T3/R11/T10/P10/S11  |    gpio    
ARC-1001 :             done             |         P13          |    gpio    
ARC-1001 :           program_b          |          T2          |  dedicate  
ARC-1001 :        tdi/tms/tck/tdo       |   C12/A15/C14/E14    |  dedicate  
ARC-1001 : ------------------------------------------------------------------
ARC-1004 : Device setting, marked 5 dedicate IOs in total.
RUN-1002 : start command "import_db ../syn_1/ES8388_gate.db"
RUN-1001 : Importing database generated by Tang Dynasty, V5.6.71036.
RUN-1001 : Database version number 46146.
RUN-1001 : Import flow parameters
RUN-1001 : Import IO constraints
RUN-1001 : Import Inst constraints
RUN-1001 : Import design success TD_VERSION=5.6.71036 , DB_VERSION=46146
RUN-1002 : start command "place"
RUN-1001 : Open license file E:/Software/Anlogic/TD5.6.2/license/Anlogic.lic
RUN-1001 : Print Global Property
RUN-1001 : ---------------------------------------------------------------
RUN-1001 :        Parameters        |  Settings  |  Default Values  |  Note  
RUN-1001 : ---------------------------------------------------------------
RUN-1001 :          message         |  standard  |     standard     |        
RUN-1001 :   mixed_pack_place_flow  |     on     |        on        |        
RUN-1001 :        qor_monitor       |    off     |       off        |        
RUN-1001 :        syn_ip_flow       |    off     |       off        |        
RUN-1001 :          thread          |    auto    |       auto       |        
RUN-1001 : ---------------------------------------------------------------
RUN-1001 : Print Place Property
RUN-1001 : --------------------------------------------------------------
RUN-1001 :        Parameters       |  Settings  |  Default Values  |  Note  
RUN-1001 : --------------------------------------------------------------
RUN-1001 :      detailed_place     |     on     |        on        |        
RUN-1001 :          effort         |   medium   |      medium      |        
RUN-1001 :         fix_hold        |    off     |       off        |        
RUN-1001 :       legalization      |    ori     |       ori        |        
RUN-1001 :      new_spreading      |     on     |        on        |        
RUN-1001 :        opt_timing       |   medium   |      medium      |        
RUN-1001 :   post_clock_route_opt  |    off     |       off        |        
RUN-1001 :       pr_strategy       |     1      |        1         |        
RUN-1001 :        relaxation       |    1.00    |       1.00       |        
RUN-1001 :         retiming        |    off     |       off        |        
RUN-1001 : --------------------------------------------------------------
PHY-3001 : Placer runs in 16 thread(s).
RUN-1002 : start command "legalize_phy_inst"
SYN-1011 : Flatten model audio_speak
RUN-1002 : start command "phys_opt -simplify_lut"
SYN-4016 : Net ilaclk_1_dup_1 driven by BUFG (0 clock/control pins, 2 other pins).
SYN-4016 : Net ilaclk_2_dup_1 driven by BUFG (0 clock/control pins, 2 other pins).
SYN-4016 : Net ilaclk_3_dup_1 driven by BUFG (0 clock/control pins, 2 other pins).
SYN-4016 : Net ilaclk_dup_1 driven by BUFG (0 clock/control pins, 2 other pins).
SYN-4027 : Net aud_mclk_1_dup_1 is clkc1 of pll u1_pll_clk/pll_inst.
SYN-4019 : Net sys_clk_dup_1 is refclk of pll u1_pll_clk/pll_inst.
SYN-4020 : Net sys_clk_dup_1 is fbclk of pll u1_pll_clk/pll_inst.
SYN-4027 : Net aud_mclk_2_dup_1 is clkc1 of pll u2_pll_clk/pll_inst.
SYN-4019 : Net sys_clk_dup_1 is refclk of pll u2_pll_clk/pll_inst.
SYN-4020 : Net sys_clk_dup_1 is fbclk of pll u2_pll_clk/pll_inst.
SYN-4027 : Net aud_mclk_3_dup_1 is clkc1 of pll u3_pll_clk/pll_inst.
SYN-4019 : Net sys_clk_dup_1 is refclk of pll u3_pll_clk/pll_inst.
SYN-4020 : Net sys_clk_dup_1 is fbclk of pll u3_pll_clk/pll_inst.
SYN-4027 : Net aud_mclk_dup_1 is clkc1 of pll u_pll_clk/pll_inst.
SYN-4019 : Net sys_clk_dup_1 is refclk of pll u_pll_clk/pll_inst.
SYN-4020 : Net sys_clk_dup_1 is fbclk of pll u_pll_clk/pll_inst.
SYN-4024 : Net "aud_bclk_dup_1" drives clk pins.
SYN-4024 : Net "aud_bclk_1_dup_1" drives clk pins.
SYN-4024 : Net "aud_bclk_2_dup_1" drives clk pins.
SYN-4024 : Net "aud_bclk_3_dup_1" drives clk pins.
SYN-4024 : Net "u1_es8388_ctrl/u_es8388_config/u_i2c_dri/dri_clk" drives clk pins.
SYN-4024 : Net "u2_es8388_ctrl/u_es8388_config/u_i2c_dri/dri_clk" drives clk pins.
SYN-4024 : Net "u3_es8388_ctrl/u_es8388_config/u_i2c_dri/dri_clk" drives clk pins.
SYN-7503 WARNING: Net "u_es8388_ctrl/u_es8388_config/u_i2c_dri/dri_clk" drives clk pins. However it will not be tagged as clk net, for there's no more slots.
SYN-4025 : Tag rtl::Net aud_bclk_1_dup_1 as clock net
SYN-4025 : Tag rtl::Net aud_bclk_2_dup_1 as clock net
SYN-4025 : Tag rtl::Net aud_bclk_3_dup_1 as clock net
SYN-4025 : Tag rtl::Net aud_bclk_dup_1 as clock net
SYN-4025 : Tag rtl::Net aud_mclk_1_dup_1 as clock net
SYN-4025 : Tag rtl::Net aud_mclk_2_dup_1 as clock net
SYN-4025 : Tag rtl::Net aud_mclk_3_dup_1 as clock net
SYN-4025 : Tag rtl::Net aud_mclk_dup_1 as clock net
SYN-4025 : Tag rtl::Net ilaclk_1_dup_1 as clock net
SYN-4025 : Tag rtl::Net ilaclk_2_dup_1 as clock net
SYN-4025 : Tag rtl::Net ilaclk_3_dup_1 as clock net
SYN-4025 : Tag rtl::Net ilaclk_dup_1 as clock net
SYN-4025 : Tag rtl::Net sys_clk_dup_1 as clock net
SYN-4025 : Tag rtl::Net u1_es8388_ctrl/u_es8388_config/u_i2c_dri/dri_clk as clock net
SYN-4025 : Tag rtl::Net u2_es8388_ctrl/u_es8388_config/u_i2c_dri/dri_clk as clock net
SYN-4025 : Tag rtl::Net u3_es8388_ctrl/u_es8388_config/u_i2c_dri/dri_clk as clock net
SYN-4026 : Tagged 16 rtl::Net as clock net
SYN-4015 : Create BUFG instance for clk Net aud_bclk_1_dup_1 to drive 80 clock pins.
SYN-4015 : Create BUFG instance for clk Net aud_bclk_2_dup_1 to drive 80 clock pins.
SYN-4015 : Create BUFG instance for clk Net aud_bclk_3_dup_1 to drive 80 clock pins.
SYN-4015 : Create BUFG instance for clk Net aud_bclk_dup_1 to drive 80 clock pins.
SYN-4015 : Create BUFG instance for clk Net u1_es8388_ctrl/u_es8388_config/u_i2c_dri/dri_clk to drive 56 clock pins.
SYN-4015 : Create BUFG instance for clk Net u2_es8388_ctrl/u_es8388_config/u_i2c_dri/dri_clk to drive 56 clock pins.
SYN-4015 : Create BUFG instance for clk Net u3_es8388_ctrl/u_es8388_config/u_i2c_dri/dri_clk to drive 56 clock pins.
PHY-1001 : Populate physical database on model audio_speak.
RUN-1001 : There are total 2535 instances
RUN-0007 : 914 luts, 1101 seqs, 298 mslices, 157 lslices, 47 pads, 0 brams, 0 dsps
RUN-1001 : There are total 3223 nets
RUN-1001 : 2191 nets have 2 pins
RUN-1001 : 742 nets have [3 - 5] pins
RUN-1001 : 170 nets have [6 - 10] pins
RUN-1001 : 67 nets have [11 - 20] pins
RUN-1001 : 45 nets have [21 - 99] pins
RUN-1001 : 8 nets have 100+ pins
RUN-1001 : Report Control nets information:
RUN-1001 : DFF Distribution
RUN-1001 : ----------------------------------
RUN-1001 :   CE   |  SSR  |  ASR  |  DFF Count  
RUN-1001 : ----------------------------------
RUN-1001 :   No   |  No   |  No   |      0      
RUN-1001 :   No   |  No   |  Yes  |     461     
RUN-1001 :   No   |  Yes  |  No   |      0      
RUN-1001 :   Yes  |  No   |  No   |     384     
RUN-1001 :   Yes  |  No   |  Yes  |     256     
RUN-1001 :   Yes  |  Yes  |  No   |      0      
RUN-1001 : ----------------------------------
RUN-0007 : Control Group Statistic
RUN-0007 : ---------------------------
RUN-0007 :   #CLK  |  #CE  |  #SSR/ASR  
RUN-0007 : ---------------------------
RUN-0007 :    9    |  17   |     6      
RUN-0007 : ---------------------------
RUN-0007 : Control Set = 29
PHY-3001 : Initial placement ...
PHY-3001 : design contains 2533 instances, 914 luts, 1101 seqs, 455 slices, 67 macros(455 instances: 298 mslices 157 lslices)
PHY-0007 : Cell area utilization is 9%
PHY-3001 : Global placement ...
PHY-3001 : Initial: Len = 746524
PHY-3001 : Clustering ...
PHY-3001 : Level 0 #clusters 2533.
PHY-3001 : End clustering;  0.000042s wall, 0.000000s user + 0.000000s system = 0.000000s CPU (n/a%)

PHY-3001 : Run with size of 4
PHY-3001 : Cell area utilization is 9%
PHY-3001 : :::0::: Try harder cell spreading with beta_ = 0
PHY-3002 : Step(1): len = 465830, overlap = 0
PHY-3002 : Step(2): len = 300821, overlap = 0
PHY-3002 : Step(3): len = 221561, overlap = 0
PHY-3002 : Step(4): len = 172745, overlap = 2.84375
PHY-3002 : Step(5): len = 147210, overlap = 4.5
PHY-3002 : Step(6): len = 124264, overlap = 11.8125
PHY-3002 : Step(7): len = 109953, overlap = 22.125
PHY-3002 : Step(8): len = 99081.5, overlap = 25.8125
PHY-3002 : Step(9): len = 93663.2, overlap = 24.9375
PHY-3002 : Step(10): len = 89162.6, overlap = 38.6562
PHY-3002 : Step(11): len = 85235.5, overlap = 54.25
PHY-3002 : Step(12): len = 80174.5, overlap = 55.9062
PHY-3002 : Step(13): len = 75644.5, overlap = 56.3125
PHY-3002 : Step(14): len = 70084.8, overlap = 62.8125
PHY-3002 : Step(15): len = 65447.8, overlap = 67.4375
PHY-3002 : Step(16): len = 61907.7, overlap = 76.125
PHY-3002 : Step(17): len = 58409.6, overlap = 74.0312
PHY-3001 : :::1::: Try harder cell spreading with beta_ = 5.24216e-05
PHY-3002 : Step(18): len = 63588.1, overlap = 58.8125
PHY-3002 : Step(19): len = 67126.5, overlap = 54.8438
PHY-3002 : Step(20): len = 65516.6, overlap = 36.2188
PHY-3002 : Step(21): len = 64237.6, overlap = 23.2812
PHY-3002 : Step(22): len = 60481.5, overlap = 25.9375
PHY-3002 : Step(23): len = 59221.2, overlap = 30.3125
PHY-3002 : Step(24): len = 59284.9, overlap = 32.4062
PHY-3002 : Step(25): len = 57861.8, overlap = 35.1562
PHY-3002 : Step(26): len = 56803.4, overlap = 41.1562
PHY-3002 : Step(27): len = 56339.1, overlap = 42.7188
PHY-3002 : Step(28): len = 55856.3, overlap = 46.8438
PHY-3002 : Step(29): len = 55410.4, overlap = 47.7188
PHY-3002 : Step(30): len = 54457.5, overlap = 50.7812
PHY-3002 : Step(31): len = 53735.8, overlap = 49.2188
PHY-3002 : Step(32): len = 53899.7, overlap = 48.9062
PHY-3002 : Step(33): len = 52691.3, overlap = 40.5625
PHY-3002 : Step(34): len = 51991.5, overlap = 39.1562
PHY-3002 : Step(35): len = 49804.3, overlap = 35.125
PHY-3002 : Step(36): len = 49405.1, overlap = 34.2812
PHY-3002 : Step(37): len = 49598.2, overlap = 34.4375
PHY-3002 : Step(38): len = 48248.1, overlap = 29.7188
PHY-3002 : Step(39): len = 48156.8, overlap = 27.4688
PHY-3002 : Step(40): len = 46418.7, overlap = 27.4375
PHY-3002 : Step(41): len = 46023.5, overlap = 27.75
PHY-3002 : Step(42): len = 46216, overlap = 28.125
PHY-3001 : :::2::: Try harder cell spreading with beta_ = 0.000104843
PHY-3002 : Step(43): len = 46094.1, overlap = 28
PHY-3002 : Step(44): len = 46094.1, overlap = 28
PHY-3001 : :::3::: Try harder cell spreading with beta_ = 0.000209686
PHY-3002 : Step(45): len = 46399.5, overlap = 28.0625
PHY-3002 : Step(46): len = 46399.5, overlap = 28.0625
PHY-3001 : Legalization ...
PHY-3001 : End legalization;  0.002231s wall, 0.000000s user + 0.000000s system = 0.000000s CPU (n/a%)

PHY-3001 : Run with size of 4
PHY-3001 : Cell area utilization is 12%
PHY-3001 : :::0::: Try harder cell spreading with beta_ = 1.26084e-06
PHY-3002 : Step(47): len = 44864.6, overlap = 71.6562
PHY-3002 : Step(48): len = 44864.6, overlap = 71.6562
PHY-3002 : Step(49): len = 44462.8, overlap = 72.8125
PHY-3001 : :::1::: Try harder cell spreading with beta_ = 2.52168e-06
PHY-3002 : Step(50): len = 44121.4, overlap = 73.3125
PHY-3002 : Step(51): len = 44121.4, overlap = 73.3125
PHY-3001 : :::2::: Try harder cell spreading with beta_ = 5.04335e-06
PHY-3002 : Step(52): len = 44031.6, overlap = 74.3125
PHY-3002 : Step(53): len = 44031.6, overlap = 74.3125
PHY-3001 : :::3::: Try harder cell spreading with beta_ = 1.00867e-05
PHY-3002 : Step(54): len = 44966.8, overlap = 71.875
PHY-3002 : Step(55): len = 44966.8, overlap = 71.875
PHY-3001 : :::4::: Try harder cell spreading with beta_ = 1.92553e-05
PHY-3002 : Step(56): len = 46434.7, overlap = 70.9062
PHY-3002 : Step(57): len = 47220.4, overlap = 70.875
PHY-3002 : Step(58): len = 49061.7, overlap = 68.6875
PHY-3002 : Step(59): len = 48275.9, overlap = 71.5938
PHY-3002 : Step(60): len = 48327.5, overlap = 72.0938
PHY-3002 : Step(61): len = 47528.4, overlap = 71.4375
PHY-3001 : :::5::: Try harder cell spreading with beta_ = 3.85107e-05
PHY-3002 : Step(62): len = 48549.6, overlap = 65.7812
PHY-3002 : Step(63): len = 48857.1, overlap = 66.0625
PHY-3002 : Step(64): len = 49262.5, overlap = 56.3438
PHY-3001 : :::6::: Try harder cell spreading with beta_ = 7.70213e-05
PHY-3002 : Step(65): len = 51099.5, overlap = 51.4375
PHY-3002 : Step(66): len = 51582, overlap = 52.375
PHY-3002 : Step(67): len = 51605.3, overlap = 59.0312
PHY-3001 : Run with size of 2
PHY-3001 : Cell area utilization is 12%
PHY-3001 : :::0::: Try harder cell spreading with beta_ = 1.77596e-05
PHY-3002 : Step(68): len = 51263.9, overlap = 129.75
PHY-3002 : Step(69): len = 51426.8, overlap = 129.219
PHY-3002 : Step(70): len = 50223, overlap = 129.781
PHY-3002 : Step(71): len = 50665.8, overlap = 126.625
PHY-3002 : Step(72): len = 50951.8, overlap = 126.625
PHY-3001 : :::1::: Try harder cell spreading with beta_ = 3.55193e-05
PHY-3002 : Step(73): len = 52663.2, overlap = 119.812
PHY-3002 : Step(74): len = 53070.5, overlap = 118.312
PHY-3002 : Step(75): len = 53446.9, overlap = 103.688
PHY-3002 : Step(76): len = 54224.2, overlap = 101.844
PHY-3002 : Step(77): len = 54497.3, overlap = 99.0938
PHY-3002 : Step(78): len = 54782.4, overlap = 91.1562
PHY-3001 : :::2::: Try harder cell spreading with beta_ = 7.10386e-05
PHY-3002 : Step(79): len = 56143, overlap = 97.125
PHY-3002 : Step(80): len = 56454.1, overlap = 97.5
PHY-3002 : Step(81): len = 57055.6, overlap = 95.1562
PHY-3001 : :::3::: Try harder cell spreading with beta_ = 0.000138902
PHY-3002 : Step(82): len = 59905.3, overlap = 88.75
PHY-3002 : Step(83): len = 61190.5, overlap = 81.7812
PHY-3002 : Step(84): len = 61302, overlap = 76.4688
PHY-3001 : :::4::: Try harder cell spreading with beta_ = 0.000277804
PHY-3002 : Step(85): len = 61532.9, overlap = 74.2188
PHY-3002 : Step(86): len = 61874.7, overlap = 75.4375
PHY-3001 : :::5::: Try harder cell spreading with beta_ = 0.000500015
PHY-3002 : Step(87): len = 62201.1, overlap = 75.0625
PHY-3002 : Step(88): len = 63893.9, overlap = 68.2812
PHY-3002 : Step(89): len = 64252, overlap = 66.4688
PHY-3002 : Step(90): len = 64171.1, overlap = 65.6562
PHY-3001 : :::6::: Try harder cell spreading with beta_ = 0.00100003
PHY-3002 : Step(91): len = 64492.8, overlap = 64.0312
PHY-3002 : Step(92): len = 64608.8, overlap = 63.5625
PHY-3001 : :::7::: Try harder cell spreading with beta_ = 0.00166141
PHY-3002 : Step(93): len = 64979.2, overlap = 61.875
PHY-3002 : Step(94): len = 65589.1, overlap = 65.2188
PHY-3001 : :::8::: Try harder cell spreading with beta_ = 0.00273853
PHY-3002 : Step(95): len = 65796, overlap = 63.4688
PHY-3002 : Step(96): len = 65897.5, overlap = 63.0938
PHY-3002 : Step(97): len = 65920.8, overlap = 62.6562
PHY-3001 : :::9::: Try harder cell spreading with beta_ = 0.00443094
PHY-3002 : Step(98): len = 66092, overlap = 62.2188
PHY-3002 : Step(99): len = 66364.5, overlap = 59.5625
PHY-3001 : :::10::: Try harder cell spreading with beta_ = 0.00886188
PHY-3002 : Step(100): len = 66465.1, overlap = 61.3125
PHY-3002 : Step(101): len = 66546.8, overlap = 60.4062
PHY-3001 : :::11::: Try harder cell spreading with beta_ = 0.0143385
PHY-3002 : Step(102): len = 66619.6, overlap = 58.8438
PHY-3002 : Step(103): len = 66651.5, overlap = 58.9062
PHY-3001 : :::12::: Try harder cell spreading with beta_ = 0.0231997
PHY-3002 : Step(104): len = 66663.5, overlap = 59.7188
PHY-3002 : Step(105): len = 66703.6, overlap = 59.5938
PHY-3001 : :::13::: Try harder cell spreading with beta_ = 0.0375371
PHY-3002 : Step(106): len = 66719.3, overlap = 59
PHY-3002 : Step(107): len = 66737.7, overlap = 58.8125
PHY-3001 : :::14::: Try harder cell spreading with beta_ = 0.0607351
PHY-3002 : Step(108): len = 66749.6, overlap = 58.7812
PHY-3002 : Step(109): len = 66749.6, overlap = 58.7812
OPT-1001 : Start physical optimization ...
OPT-1001 : Total overflow 184.09 peak overflow 4.06
OPT-1001 : Start high-fanout net optimization ...
OPT-1001 : Update timing in global mode
PHY-1001 : Start incremental global routing, caller is place ...
RUN-1001 : Generating global routing grids ...
RUN-1001 : Building simple global routing graph ...
PHY-1001 : Generate routing nets ...
PHY-1001 : Reuse net number 0/3223.
PHY-1001 : Global iterations in 16 thread ...
PHY-1002 : len = 74368, over cnt = 327(0%), over = 1742, worst = 36
PHY-1001 : End global iterations;  0.097456s wall, 0.140625s user + 0.078125s system = 0.218750s CPU (224.5%)

PHY-1001 : Congestion index: top1 = 44.57, top5 = 30.73, top10 = 21.69, top15 = 16.04.
PHY-1001 : End incremental global routing;  0.149036s wall, 0.156250s user + 0.125000s system = 0.281250s CPU (188.7%)

RUN-1002 : start command "start_timer -report"
TMR-5001 WARNING: No sdc constraints found while initiating timer.
TMR-2505 : Start building timing graph for model audio_speak.
TMR-2506 : Build timing graph completely. Port num: 46, tpin num: 12403, tnet num: 3221, tinst num: 2533, tnode num: 16283, tedge num: 21041.
TMR-2508 : Levelizing timing graph completed, there are 37 levels in total.
TMR-2501 : Timing graph initialized successfully.
OPT-1001 : End timing update;  0.237485s wall, 0.234375s user + 0.000000s system = 0.234375s CPU (98.7%)

OPT-1001 : 0 high-fanout net processed.
OPT-1001 : End high-fanout net optimization;  0.419439s wall, 0.421875s user + 0.125000s system = 0.546875s CPU (130.4%)

OPT-1001 : Current memory(MB): used = 201, reserve = 170, peak = 201.
OPT-1001 : End physical optimization;  0.443174s wall, 0.437500s user + 0.125000s system = 0.562500s CPU (126.9%)

PHY-3001 : Start packing ...
SYN-4007 : Packing 0 MUX to BLE ...
SYN-4008 : Packed 0 MUX and 0 SEQ to BLE.
SYN-4007 : Packing 914 LUT to BLE ...
SYN-4008 : Packed 914 LUT and 426 SEQ to BLE.
SYN-4003 : Packing 675 remaining SEQ's ...
SYN-4005 : Packed 181 SEQ with LUT/SLICE
SYN-4006 : 373 single LUT's are left
SYN-4006 : 494 single SEQ's are left
SYN-4011 : Packing model "audio_speak" (AL_USER_NORMAL) with 1408/1928 primitive instances ...
PHY-3001 : End packing;  0.057621s wall, 0.062500s user + 0.000000s system = 0.062500s CPU (108.5%)

PHY-1001 : Populate physical database on model audio_speak.
RUN-1001 : There are total 1261 instances
RUN-1001 : 598 mslices, 598 lslices, 47 pads, 0 brams, 0 dsps
RUN-1001 : There are total 2813 nets
RUN-1001 : 1797 nets have 2 pins
RUN-1001 : 726 nets have [3 - 5] pins
RUN-1001 : 170 nets have [6 - 10] pins
RUN-1001 : 79 nets have [11 - 20] pins
RUN-1001 : 37 nets have [21 - 99] pins
RUN-1001 : 4 nets have 100+ pins
PHY-3001 : design contains 1259 instances, 1196 slices, 67 macros(455 instances: 298 mslices 157 lslices)
PHY-3001 : Cell area utilization is 15%
PHY-3001 : After packing: Len = 66870, Over = 100
PHY-3001 : Run with size of 2
PHY-3001 : Cell area utilization is 15%
PHY-3001 : :::0::: Try harder cell spreading with beta_ = 1.48909e-05
PHY-3002 : Step(110): len = 61698.1, overlap = 99.25
PHY-3002 : Step(111): len = 61540.3, overlap = 101
PHY-3002 : Step(112): len = 57319.7, overlap = 118.75
PHY-3002 : Step(113): len = 55678.1, overlap = 120.5
PHY-3002 : Step(114): len = 54558.7, overlap = 125.75
PHY-3002 : Step(115): len = 54291.5, overlap = 129
PHY-3002 : Step(116): len = 54257.2, overlap = 129.75
PHY-3001 : :::1::: Try harder cell spreading with beta_ = 2.97819e-05
PHY-3002 : Step(117): len = 57161.2, overlap = 123
PHY-3002 : Step(118): len = 58831, overlap = 117.25
PHY-3002 : Step(119): len = 60103.9, overlap = 114.5
PHY-3001 : :::2::: Try harder cell spreading with beta_ = 5.95638e-05
PHY-3002 : Step(120): len = 62709.8, overlap = 105.25
PHY-3002 : Step(121): len = 63451.4, overlap = 103.5
PHY-3002 : Step(122): len = 65103.1, overlap = 101
PHY-3002 : Step(123): len = 65167.6, overlap = 98.75
PHY-3002 : Step(124): len = 64986.5, overlap = 99.5
PHY-3002 : Step(125): len = 64898.5, overlap = 100
PHY-3001 : Legalization ...
PHY-3001 : End legalization;  0.152103s wall, 0.234375s user + 0.203125s system = 0.437500s CPU (287.6%)

PHY-3001 : Trial Legalized: Len = 91627.4
PHY-3001 : Run with size of 2
PHY-3001 : Cell area utilization is 15%
PHY-3001 : :::0::: Try harder cell spreading with beta_ = 0.000291535
PHY-3002 : Step(126): len = 80390, overlap = 18
PHY-3002 : Step(127): len = 77280.2, overlap = 36
PHY-3002 : Step(128): len = 74654.3, overlap = 42.5
PHY-3002 : Step(129): len = 73461.9, overlap = 47.5
PHY-3002 : Step(130): len = 72881.5, overlap = 51
PHY-3002 : Step(131): len = 72405.6, overlap = 53
PHY-3002 : Step(132): len = 72259.9, overlap = 51.75
PHY-3001 : :::1::: Try harder cell spreading with beta_ = 0.00058307
PHY-3002 : Step(133): len = 72792.2, overlap = 51
PHY-3002 : Step(134): len = 72953.7, overlap = 51.5
PHY-3002 : Step(135): len = 72951, overlap = 50.5
PHY-3001 : :::2::: Try harder cell spreading with beta_ = 0.00116614
PHY-3002 : Step(136): len = 73217.4, overlap = 50.5
PHY-3002 : Step(137): len = 73337.5, overlap = 49.5
PHY-3001 : Legalization ...
PHY-3001 : End legalization;  0.004019s wall, 0.000000s user + 0.000000s system = 0.000000s CPU (n/a%)

PHY-3001 : Legalized: Len = 82996.7, Over = 0
PHY-3001 : Spreading special nets. 12 overflows in 2952 tiles.
PHY-3001 : End spreading;  0.007737s wall, 0.000000s user + 0.015625s system = 0.015625s CPU (201.9%)

PHY-3001 : 13 instances has been re-located, deltaX = 6, deltaY = 12, maxDist = 3.
PHY-3001 : Final: Len = 83488.7, Over = 0
OPT-1001 : Start physical optimization ...
OPT-1001 : Total overflow 0.00 peak overflow 0.00
OPT-1001 : Start high-fanout net optimization ...
OPT-1001 : Update timing in global mode
PHY-1001 : Start incremental global routing, caller is place ...
RUN-1001 : Generating global routing grids ...
PHY-1001 : Generate routing nets ...
PHY-1001 : Reuse net number 74/2813.
PHY-1001 : Global iterations in 16 thread ...
PHY-1002 : len = 98304, over cnt = 327(0%), over = 585, worst = 7
PHY-1002 : len = 100688, over cnt = 195(0%), over = 299, worst = 7
PHY-1002 : len = 103752, over cnt = 56(0%), over = 74, worst = 4
PHY-1002 : len = 104656, over cnt = 6(0%), over = 6, worst = 1
PHY-1002 : len = 104760, over cnt = 0(0%), over = 0, worst = 0
PHY-1001 : End global iterations;  0.193191s wall, 0.140625s user + 0.093750s system = 0.234375s CPU (121.3%)

PHY-1001 : Congestion index: top1 = 34.01, top5 = 27.51, top10 = 23.15, top15 = 19.46.
PHY-1001 : End incremental global routing;  0.257886s wall, 0.171875s user + 0.109375s system = 0.281250s CPU (109.1%)

RUN-1002 : start command "start_timer -report"
TMR-5001 WARNING: No sdc constraints found while initiating timer.
TMR-2505 : Start building timing graph for model audio_speak.
TMR-2506 : Build timing graph completely. Port num: 46, tpin num: 10496, tnet num: 2811, tinst num: 1259, tnode num: 13305, tedge num: 18597.
TMR-2508 : Levelizing timing graph completed, there are 37 levels in total.
TMR-2501 : Timing graph initialized successfully.
OPT-1001 : End timing update;  0.239370s wall, 0.250000s user + 0.000000s system = 0.250000s CPU (104.4%)

OPT-1001 : 0 high-fanout net processed.
OPT-1001 : End high-fanout net optimization;  0.531091s wall, 0.437500s user + 0.125000s system = 0.562500s CPU (105.9%)

OPT-1001 : Current memory(MB): used = 208, reserve = 177, peak = 208.
OPT-1001 : Update timing in Manhattan mode
OPT-1001 : End timing update;  0.003261s wall, 0.000000s user + 0.000000s system = 0.000000s CPU (n/a%)

OPT-1001 : Start pin optimization...
OPT-1001 : skip pin optimization...
RUN-1001 : Generating global routing grids ...
PHY-1001 : Generate routing nets ...
PHY-1001 : Reuse net number 2371/2813.
PHY-1001 : Global iterations in 16 thread ...
PHY-1002 : len = 104760, over cnt = 0(0%), over = 0, worst = 0
PHY-1001 : End global iterations;  0.004982s wall, 0.015625s user + 0.000000s system = 0.015625s CPU (313.6%)

PHY-1001 : Congestion index: top1 = 34.01, top5 = 27.51, top10 = 23.15, top15 = 19.46.
OPT-1001 : Update timing in Manhattan mode
OPT-1001 : End timing update;  0.003522s wall, 0.000000s user + 0.000000s system = 0.000000s CPU (n/a%)

RUN-1001 : QoR Analysis:
OPT-0007 :   WNS 2147483647 TNS 0 NUM_FEPS 0
RUN-1001 :   No local congestion issue, and most congested 1% tile average routing util is 33.482759
RUN-1001 :   Top critical paths
OPT-1001 : End physical optimization;  0.617657s wall, 0.515625s user + 0.125000s system = 0.640625s CPU (103.7%)

RUN-1003 : finish command "place" in  4.787098s wall, 6.890625s user + 7.375000s system = 14.265625s CPU (298.0%)

RUN-1004 : used memory is 180 MB, reserved memory is 149 MB, peak memory is 211 MB
RUN-1002 : start command "export_db ES8388_place.db"
RUN-1001 : Exported /
RUN-1001 : Exported flow parameters
RUN-1001 : Exported libs
RUN-1001 : Exported entities
RUN-1001 : Exported ports
RUN-1001 : Exported pins
RUN-1001 : Exported instances
RUN-1001 : Exported nets
RUN-1001 : Exported buses
RUN-1001 : Exported models
RUN-1001 : Exported congestions
RUN-1001 : Exported violations
RUN-1001 : Exported IO constraints
RUN-1001 : Exported Inst constraints
RUN-1002 : start command "route"
RUN-1001 : Open license file E:/Software/Anlogic/TD5.6.2/license/Anlogic.lic
RUN-1001 : Print Global Property
RUN-1001 : ---------------------------------------------------------------
RUN-1001 :        Parameters        |  Settings  |  Default Values  |  Note  
RUN-1001 : ---------------------------------------------------------------
RUN-1001 :          message         |  standard  |     standard     |        
RUN-1001 :   mixed_pack_place_flow  |     on     |        on        |        
RUN-1001 :        qor_monitor       |    off     |       off        |        
RUN-1001 :        syn_ip_flow       |    off     |       off        |        
RUN-1001 :          thread          |    auto    |       auto       |        
RUN-1001 : ---------------------------------------------------------------
RUN-1001 : Print Route Property
RUN-1001 : -------------------------------------------------------
RUN-1001 :    Parameters    |  Settings  |  Default Values  |  Note  
RUN-1001 : -------------------------------------------------------
RUN-1001 :      effort      |   medium   |      medium      |        
RUN-1001 :     fix_hold     |    off     |       off        |        
RUN-1001 :    opt_timing    |   medium   |      medium      |        
RUN-1001 :   phy_sim_model  |    off     |       off        |        
RUN-1001 :     priority     |   timing   |      timing      |        
RUN-1001 :     swap_pin     |     on     |        on        |        
RUN-1001 : -------------------------------------------------------
PHY-1001 : Route runs in 16 thread(s)
RUN-1001 : There are total 1261 instances
RUN-1001 : 598 mslices, 598 lslices, 47 pads, 0 brams, 0 dsps
RUN-1001 : There are total 2813 nets
RUN-1001 : 1797 nets have 2 pins
RUN-1001 : 726 nets have [3 - 5] pins
RUN-1001 : 170 nets have [6 - 10] pins
RUN-1001 : 79 nets have [11 - 20] pins
RUN-1001 : 37 nets have [21 - 99] pins
RUN-1001 : 4 nets have 100+ pins
RUN-1002 : start command "start_timer -report"
TMR-5001 WARNING: No sdc constraints found while initiating timer.
TMR-2505 : Start building timing graph for model audio_speak.
TMR-2506 : Build timing graph completely. Port num: 46, tpin num: 10496, tnet num: 2811, tinst num: 1259, tnode num: 13305, tedge num: 18597.
TMR-2508 : Levelizing timing graph completed, there are 37 levels in total.
TMR-2501 : Timing graph initialized successfully.
PHY-1001 : 598 mslices, 598 lslices, 47 pads, 0 brams, 0 dsps
TMR-2503 : Start to update net delay, extr mode = 3.
TMR-2504 : Update delay of 2811 nets completely.
TMR-2502 : Annotate delay completely, extr mode = 3.
TMR-3002 : No user constraint, initiate default constraint.
TMR-1501 : Assign derive clock DeriveClock to 1398 clock pins, and constraint 2801 relative nodes.
TMR-3003 : Constraints initiated successfully.
TMR-3501 : Forward propagation: start to calculate arrival time...
TMR-3502 : Backward propagation: start to calculate required time...
TMR-3503 : Timing propagation completes.
PHY-1001 : Start global routing, caller is route ...
RUN-1001 : Generating global routing grids ...
PHY-1001 : Generate routing nets ...
PHY-1001 : Global iterations in 16 thread ...
PHY-1002 : len = 98088, over cnt = 308(0%), over = 559, worst = 6
PHY-1002 : len = 100808, over cnt = 175(0%), over = 244, worst = 6
PHY-1002 : len = 103632, over cnt = 21(0%), over = 25, worst = 3
PHY-1002 : len = 104008, over cnt = 0(0%), over = 0, worst = 0
PHY-1001 : End global iterations;  0.175171s wall, 0.187500s user + 0.140625s system = 0.328125s CPU (187.3%)

PHY-1001 : Congestion index: top1 = 34.14, top5 = 27.47, top10 = 23.06, top15 = 19.35.
PHY-1001 : End global routing;  0.233725s wall, 0.250000s user + 0.140625s system = 0.390625s CPU (167.1%)

PHY-1001 : Start detail routing ...
PHY-1001 : Current memory(MB): used = 243, reserve = 213, peak = 257.
PHY-1001 : Detailed router is running in normal mode.
PHY-1001 : Generate detailed routing grids ...
PHY-1001 : Processed IO instance aud_dacdat_syn_4 with INV attribute.
PHY-1001 : Processed IO instance aud_dacdat_1_syn_4 with INV attribute.
PHY-1001 : Processed IO instance aud_dacdat_2_syn_4 with INV attribute.
PHY-1001 : Processed IO instance aud_dacdat_3_syn_4 with INV attribute.
PHY-1001 : Generate nets ...
PHY-1001 : clock net aud_bclk_syn_4 will be merged with clock aud_bclk_dup_1
PHY-1001 : clock net aud_bclk_1_syn_4 will be merged with clock aud_bclk_1_dup_1
PHY-1001 : clock net aud_bclk_2_syn_4 will be merged with clock aud_bclk_2_dup_1
PHY-1001 : clock net aud_bclk_3_syn_4 will be merged with clock aud_bclk_3_dup_1
PHY-1001 : net aud_mclk_dup_1 will be routed on clock mesh
PHY-1001 : net aud_mclk_1_dup_1 will be routed on clock mesh
PHY-1001 : net aud_mclk_2_dup_1 will be routed on clock mesh
PHY-1001 : net aud_mclk_3_dup_1 will be routed on clock mesh
PHY-1001 : clock net ilaclk_dup_1 will be merged with clock u_pll_clk/clk0_buf
PHY-1001 : clock net ilaclk_1_dup_1 will be merged with clock u1_pll_clk/clk0_buf
PHY-1001 : clock net ilaclk_2_dup_1 will be merged with clock u2_pll_clk/clk0_buf
PHY-1001 : clock net ilaclk_3_dup_1 will be merged with clock u3_pll_clk/clk0_buf
PHY-1001 : net sys_clk_dup_1 will be routed on clock mesh
PHY-1001 : clock net u1_es8388_ctrl/u_es8388_config/u_i2c_dri/dri_clk_syn_4 will be merged with clock u1_es8388_ctrl/u_es8388_config/u_i2c_dri/dri_clk
PHY-1001 : clock net u2_es8388_ctrl/u_es8388_config/u_i2c_dri/dri_clk_syn_4 will be merged with clock u2_es8388_ctrl/u_es8388_config/u_i2c_dri/dri_clk
PHY-1001 : clock net u3_es8388_ctrl/u_es8388_config/u_i2c_dri/dri_clk_syn_4 will be merged with clock u3_es8388_ctrl/u_es8388_config/u_i2c_dri/dri_clk
PHY-1001 : Current memory(MB): used = 510, reserve = 484, peak = 510.
PHY-1001 : End build detailed router design. 2.187269s wall, 2.109375s user + 0.078125s system = 2.187500s CPU (100.0%)

PHY-1001 : Detail Route ...
PHY-1001 : ===== Detail Route Phase 1 =====
PHY-1001 : Clock net routing.....
PHY-1001 : Routed 0% nets.
PHY-1022 : len = 52448, over cnt = 0(0%), over = 0, worst = 0, crit = 0
PHY-1001 : End initial clock net routed; 4.151550s wall, 4.125000s user + 0.031250s system = 4.156250s CPU (100.1%)

PHY-1001 : Current memory(MB): used = 543, reserve = 518, peak = 543.
PHY-1001 : End phase 1; 4.153914s wall, 4.125000s user + 0.031250s system = 4.156250s CPU (100.1%)

PHY-1001 : ===== Detail Route Phase 2 =====
PHY-1001 : Initial routing.....
PHY-1001 : Routed 32% nets.
PHY-1001 : Routed 39% nets.
PHY-1001 : Routed 49% nets.
PHY-1001 : Routed 64% nets.
PHY-1001 : Routed 84% nets.
PHY-1022 : len = 352296, over cnt = 120(0%), over = 120, worst = 1, crit = 0
PHY-1001 : Current memory(MB): used = 544, reserve = 518, peak = 544.
PHY-1001 : End initial routed; 2.314329s wall, 2.187500s user + 0.859375s system = 3.046875s CPU (131.7%)

PHY-1001 : Current memory(MB): used = 544, reserve = 518, peak = 544.
PHY-1001 : End phase 2; 2.314428s wall, 2.187500s user + 0.859375s system = 3.046875s CPU (131.6%)

PHY-1001 : ===== Detail Route Phase 3 =====
PHY-1001 : Ripup-reroute.....
PHY-1001 : ===== DR Iter 1 =====
PHY-1022 : len = 351456, over cnt = 45(0%), over = 45, worst = 1, crit = 0
PHY-1001 : End DR Iter 1; 0.062969s wall, 0.046875s user + 0.015625s system = 0.062500s CPU (99.3%)

PHY-1001 : ===== DR Iter 2 =====
PHY-1022 : len = 351328, over cnt = 3(0%), over = 3, worst = 1, crit = 0
PHY-1001 : End DR Iter 2; 0.036290s wall, 0.015625s user + 0.000000s system = 0.015625s CPU (43.1%)

PHY-1001 : ===== DR Iter 3 =====
PHY-1022 : len = 351336, over cnt = 0(0%), over = 0, worst = 0, crit = 0
PHY-1001 : End DR Iter 3; 0.029589s wall, 0.015625s user + 0.015625s system = 0.031250s CPU (105.6%)

PHY-1001 : Commit to database.....
PHY-1001 : 22 feed throughs used by 21 nets
PHY-1001 : End commit to database; 0.185625s wall, 0.156250s user + 0.015625s system = 0.171875s CPU (92.6%)

PHY-1001 : Current memory(MB): used = 561, reserve = 536, peak = 561.
PHY-1001 : End phase 3; 0.410836s wall, 0.343750s user + 0.046875s system = 0.390625s CPU (95.1%)

PHY-1003 : Routed, final wirelength = 351336
PHY-1001 : Current memory(MB): used = 562, reserve = 537, peak = 562.
PHY-1001 : End export database. 0.009274s wall, 0.000000s user + 0.000000s system = 0.000000s CPU (n/a%)

PHY-1001 : End detail routing;  9.238262s wall, 8.937500s user + 1.015625s system = 9.953125s CPU (107.7%)

RUN-1003 : finish command "route" in  9.829028s wall, 9.531250s user + 1.171875s system = 10.703125s CPU (108.9%)

RUN-1004 : used memory is 484 MB, reserved memory is 460 MB, peak memory is 562 MB
RUN-1002 : start command "report_area -io_info -file ES8388_phy.area"
RUN-1001 : standard
***Report Model: audio_speak Device: EG4S20BG256***

IO Statistics
#IO                        47
  #input                   19
  #output                  24
  #inout                    4

Utilization Statistics
#lut                     1824   out of  19600    9.31%
#reg                     1186   out of  19600    6.05%
#le                      2318
  #lut only              1132   out of   2318   48.84%
  #reg only               494   out of   2318   21.31%
  #lut&reg                692   out of   2318   29.85%
#dsp                        0   out of     29    0.00%
#bram                       0   out of     64    0.00%
  #bram9k                   0
  #fifo9k                   0
#bram32k                    0   out of     16    0.00%
#pad                       47   out of    188   25.00%
  #ireg                     8
  #oreg                    16
  #treg                     4
#pll                        4   out of      4  100.00%
#gclk                      11   out of     16   68.75%

Clock Resource Statistics
Index     ClockNet                                            Type               DriverType         Driver                                                           Fanout
#1        sys_clk_dup_1                                       GCLK               io                 sys_clk_syn_2.di                                                 364
#2        aud_bclk_1_dup_1                                    GCLK               io                 aud_bclk_1_syn_2.di                                              45
#3        aud_bclk_2_dup_1                                    GCLK               io                 aud_bclk_2_syn_2.di                                              45
#4        aud_bclk_3_dup_1                                    GCLK               io                 aud_bclk_3_syn_2.di                                              44
#5        aud_bclk_dup_1                                      GCLK               io                 aud_bclk_syn_2.di                                                44
#6        u2_es8388_ctrl/u_es8388_config/u_i2c_dri/dri_clk    GCLK               mslice             u2_es8388_ctrl/u_es8388_config/u_i2c_dri/dri_clk_reg_syn_9.q1    41
#7        u3_es8388_ctrl/u_es8388_config/u_i2c_dri/dri_clk    GCLK               lslice             u3_es8388_ctrl/u_es8388_config/u_i2c_dri/dri_clk_reg_syn_9.q1    40
#8        u1_es8388_ctrl/u_es8388_config/u_i2c_dri/dri_clk    GCLK               lslice             u1_es8388_ctrl/u_es8388_config/u_i2c_dri/dri_clk_reg_syn_9.q1    39
#9        aud_mclk_1_dup_1                                    GCLK               pll                u1_pll_clk/pll_inst.clkc1                                        0
#10       aud_mclk_2_dup_1                                    GCLK               pll                u2_pll_clk/pll_inst.clkc1                                        0
#11       aud_mclk_3_dup_1                                    GCLK               pll                u3_pll_clk/pll_inst.clkc1                                        0
#12       aud_mclk_dup_1                                      GCLK               pll                u_pll_clk/pll_inst.clkc1                                         0
#13       u1_pll_clk/clk0_buf                                 GCLK               pll                u1_pll_clk/pll_inst.clkc0                                        0
#14       u2_pll_clk/clk0_buf                                 GCLK               pll                u2_pll_clk/pll_inst.clkc0                                        0
#15       u3_pll_clk/clk0_buf                                 GCLK               pll                u3_pll_clk/pll_inst.clkc0                                        0
#16       u_pll_clk/clk0_buf                                  GCLK               pll                u_pll_clk/pll_inst.clkc0                                         0


Detailed IO Report

      Name        Direction    Location    IOStandard    DriveStrength    PullType     PackReg   
   aud_adcdat       INPUT        R14        LVCMOS25          N/A          PULLUP       IREG     
  aud_adcdat_1      INPUT        G16        LVCMOS25          N/A          PULLUP       IREG     
  aud_adcdat_2      INPUT         E7        LVCMOS25          N/A          PULLUP       IREG     
  aud_adcdat_3      INPUT         L4        LVCMOS25          N/A          PULLUP       IREG     
    aud_bclk        INPUT         M6        LVCMOS25          N/A          PULLUP       NONE     
   aud_bclk_1       INPUT        G14        LVCMOS25          N/A          PULLUP       NONE     
   aud_bclk_2       INPUT         D5        LVCMOS25          N/A          PULLUP       NONE     
   aud_bclk_3       INPUT         H5        LVCMOS25          N/A          PULLUP       NONE     
    aud_lrc         INPUT         M7        LVCMOS25          N/A          PULLUP       IREG     
   aud_lrc_1        INPUT        H16        LVCMOS25          N/A          PULLUP       IREG     
   aud_lrc_2        INPUT         C6        LVCMOS25          N/A          PULLUP       IREG     
   aud_lrc_3        INPUT         K6        LVCMOS25          N/A          PULLUP       IREG     
    sys_clk         INPUT         R7        LVCMOS25          N/A          PULLUP       NONE     
   sys_rst_n        INPUT         E3        LVCMOS25          N/A          PULLUP       NONE     
  sys_rst_n_1       INPUT        F12        LVCMOS25          N/A           N/A         NONE     
  sys_rst_n_2       INPUT         G6        LVCMOS25          N/A           N/A         NONE     
  sys_rst_n_3       INPUT         D9        LVCMOS25          N/A           N/A         NONE     
   volume[1]        INPUT        B10        LVCMOS25          N/A          PULLUP       NONE     
   volume[0]        INPUT        A10        LVCMOS25          N/A          PULLUP       NONE     
   aud_dacdat      OUTPUT         P6        LVCMOS25           8            NONE        OREG     
  aud_dacdat_1     OUTPUT        H14        LVCMOS25           8            NONE        OREG     
  aud_dacdat_2     OUTPUT         E6        LVCMOS25           8            NONE        OREG     
  aud_dacdat_3     OUTPUT         K3        LVCMOS25           8            NONE        OREG     
    aud_mclk       OUTPUT         N5        LVCMOS25           8            NONE        NONE     
   aud_mclk_1      OUTPUT        F14        LVCMOS25           8            NONE        NONE     
   aud_mclk_2      OUTPUT         F6        LVCMOS25           8            NONE        NONE     
   aud_mclk_3      OUTPUT         H4        LVCMOS25           8            NONE        NONE     
    aud_scl        OUTPUT        R12        LVCMOS25           8            NONE        OREG     
   aud_scl_1       OUTPUT        D14        LVCMOS25           8            NONE        OREG     
   aud_scl_2       OUTPUT         A2        LVCMOS25           8            NONE        OREG     
   aud_scl_3       OUTPUT         G3        LVCMOS25           8            NONE        OREG     
     ilaclk        OUTPUT         M9        LVCMOS25           8            NONE        NONE     
    ilaclk_1       OUTPUT        L16        LVCMOS25           8            NONE        NONE     
    ilaclk_2       OUTPUT         D3        LVCMOS25           8            NONE        NONE     
    ilaclk_3       OUTPUT        K15        LVCMOS25           8            NONE        NONE     
      led          OUTPUT        B14        LVCMOS25           8            NONE        NONE     
     led_1         OUTPUT        C15        LVCMOS25           8            NONE        NONE     
     led_2         OUTPUT        B15        LVCMOS25           8            NONE        NONE     
     led_3         OUTPUT        B16        LVCMOS25           8            NONE        NONE     
    led_four       OUTPUT        C16        LVCMOS25           8            NONE        OREG     
    led_one        OUTPUT        F16        LVCMOS25           8            NONE        OREG     
    led_tree       OUTPUT        E13        LVCMOS25           8            NONE        OREG     
    led_two        OUTPUT        E16        LVCMOS25           8            NONE        OREG     
    aud_sda         INOUT         R9        LVCMOS25           8           PULLUP     OREG;TREG  
   aud_sda_1        INOUT        E15        LVCMOS25           8           PULLUP     OREG;TREG  
   aud_sda_2        INOUT         C3        LVCMOS25           8           PULLUP     OREG;TREG  
   aud_sda_3        INOUT         F3        LVCMOS25           8           PULLUP     OREG;TREG  

Report Hierarchy Area:
+--------------------------------------------------------------------------------------------------------+
|Instance                   |Module                 |le     |lut     |ripple  |seq     |bram    |dsp     |
+--------------------------------------------------------------------------------------------------------+
|top                        |audio_speak            |2318   |1369    |455     |1214    |0       |0       |
|  u1_es8388_ctrl           |es8388_ctrl            |281    |232     |29      |143     |0       |0       |
|    u_audio_receive        |audio_receive          |80     |50      |12      |53      |0       |0       |
|    u_audio_send           |audio_send             |23     |23      |0       |22      |0       |0       |
|    u_es8388_config        |es8388_config          |178    |159     |17      |68      |0       |0       |
|      u_i2c_dri            |i2c_dri                |116    |107     |7       |41      |0       |0       |
|      u_i2c_reg_cfg        |i2c_reg_cfg            |62     |52      |10      |27      |0       |0       |
|  u1_pll_clk               |clk_wiz_0              |1      |1       |0       |0       |0       |0       |
|  u2_es8388_ctrl           |es8388_ctrl            |290    |236     |32      |143     |0       |0       |
|    u_audio_receive        |audio_receive          |83     |50      |12      |53      |0       |0       |
|    u_audio_send           |audio_send             |24     |23      |0       |22      |0       |0       |
|    u_es8388_config        |es8388_config          |183    |163     |20      |68      |0       |0       |
|      u_i2c_dri            |i2c_dri                |121    |111     |10      |41      |0       |0       |
|      u_i2c_reg_cfg        |i2c_reg_cfg            |62     |52      |10      |27      |0       |0       |
|  u2_pll_clk               |clk_wiz_0              |1      |1       |0       |0       |0       |0       |
|  u3_es8388_ctrl           |es8388_ctrl            |274    |213     |32      |147     |0       |0       |
|    u_audio_receive        |audio_receive          |77     |42      |12      |58      |0       |0       |
|    u_audio_send           |audio_send             |21     |15      |0       |21      |0       |0       |
|    u_es8388_config        |es8388_config          |176    |156     |20      |68      |0       |0       |
|      u_i2c_dri            |i2c_dri                |117    |107     |10      |41      |0       |0       |
|      u_i2c_reg_cfg        |i2c_reg_cfg            |59     |49      |10      |27      |0       |0       |
|  u3_pll_clk               |clk_wiz_0              |1      |1       |0       |0       |0       |0       |
|  u_es8388_ctrl            |es8388_ctrl            |341    |257     |60      |159     |0       |0       |
|    u_audio_receive        |audio_receive          |82     |48      |12      |59      |0       |0       |
|    u_audio_send           |audio_send             |81     |51      |28      |31      |0       |0       |
|    u_es8388_config        |es8388_config          |178    |158     |20      |69      |0       |0       |
|      u_i2c_dri            |i2c_dri                |116    |106     |10      |42      |0       |0       |
|      u_i2c_reg_cfg        |i2c_reg_cfg            |62     |52      |10      |27      |0       |0       |
|  u_pll_clk                |clk_wiz_0              |1      |1       |0       |0       |0       |0       |
|  u_spar_4mic_localization |spar_4mic_localization |1016   |371     |246     |554     |0       |0       |
+--------------------------------------------------------------------------------------------------------+


DataNet Average Fanout:

   Index     Fanout     Nets  
    #1          1       1746  
    #2          2       373   
    #3          3       215   
    #4          4       134   
    #5        5-10      182   
    #6        11-50      88   
    #7       51-100      8    
    #8       101-500     1    
  Average     2.52            

RUN-1002 : start command "export_db ES8388_pr.db"
RUN-1001 : Exported /
RUN-1001 : Exported flow parameters
RUN-1001 : Exported libs
RUN-1001 : Exported entities
RUN-1001 : Exported ports
RUN-1001 : Exported pins
RUN-1001 : Exported instances
RUN-1001 : Exported nets
RUN-1001 : Exported buses
RUN-1001 : Exported models
RUN-1001 : Exported congestions
RUN-1001 : Exported violations
RUN-1001 : Exported IO constraints
RUN-1001 : Exported Inst constraints
RUN-1002 : start command "export_bid ES8388_inst.bid"
RUN-1002 : start command "bitgen -bit ES8388.bit -unused_io_status pulldown"
BIT-1003 : Start to generate bitstream. 
BIT-1002 : Bitgen processed 141 unused pads, reserve input tri_state with pulldown
BIT-1002 : Init instances with 16 threads.
BIT-1002 : Init instances completely, inst num: 1400
BIT-1002 : Init pips with 16 threads.
BIT-1002 : Init pips completely, net num: 2813, pip num: 24526
BIT-1002 : Init feedthrough with 16 threads.
BIT-1002 : Init feedthrough completely, num: 22
BIT-1003 : Multithreading accelaration with 16 threads.
BIT-1003 : Generate bitstream completely, there are 2224 valid insts, and 71010 bits set as '1'.
BIT-1004 : PLL setting string = 1111
BIT-1004 : Generate bits file ES8388.bit.
RUN-1003 : finish command "bitgen -bit ES8388.bit -unused_io_status pulldown" in  2.059569s wall, 21.046875s user + 1.093750s system = 22.140625s CPU (1075.0%)

RUN-1004 : used memory is 487 MB, reserved memory is 469 MB, peak memory is 684 MB
RUN-1002 : start command "backup_run_log run.log ../.logs/phy_1/td_20251025_140327.log"
