============================================================
   Tang Dynasty, V5.6.71036
      Copyright (c) 2012-2023 Anlogic Inc.
   Executable = E:/Software/Anlogic/TD5.6.2/bin/td.exe
   Built at =   20:34:38 Mar 21 2023
   Run by =     Lviva
   Run Date =   Sun Oct 26 09:43:51 2025

   Run on =     VIVACIOUS
============================================================
RUN-1002 : start command "open_project ES8388.prj"
RUN-1001 : Print Global Property
RUN-1001 : ---------------------------------------------------------------
RUN-1001 :        Parameters        |  Settings  |  Default Values  |  Note  
RUN-1001 : ---------------------------------------------------------------
RUN-1001 :          message         |  standard  |     standard     |        
RUN-1001 :   mixed_pack_place_flow  |     on     |        on        |        
RUN-1001 :        qor_monitor       |    off     |       off        |        
RUN-1001 :        syn_ip_flow       |    off     |       off        |        
RUN-1001 :          thread          |    auto    |       auto       |        
RUN-1001 : ---------------------------------------------------------------
RUN-1001 : Print Design Property
RUN-1001 : --------------------------------------------------------------
RUN-1001 :        Parameters       |  Settings  |  Default Values  |  Note  
RUN-1001 : --------------------------------------------------------------
RUN-1001 :   default_reg_initial   |    auto    |       auto       |        
RUN-1001 :        infer_add        |     on     |        on        |        
RUN-1001 :        infer_fsm        |    off     |       off        |        
RUN-1001 :        infer_mult       |     on     |        on        |        
RUN-1001 :        infer_ram        |     on     |        on        |        
RUN-1001 :        infer_reg        |     on     |        on        |        
RUN-1001 :   infer_reg_init_value  |     on     |        on        |        
RUN-1001 :        infer_rom        |     on     |        on        |        
RUN-1001 :      infer_shifter      |     on     |        on        |        
RUN-1001 : --------------------------------------------------------------
RUN-1001 : Print Rtl Property
RUN-1001 : --------------------------------------------------------------
RUN-1001 :        Parameters       |  Settings  |  Default Values  |  Note  
RUN-1001 : --------------------------------------------------------------
RUN-1001 :       compress_add      |   ripple   |      ripple      |        
RUN-1001 :        elf_sload        |    off     |       off        |        
RUN-1001 :       fix_undriven      |     0      |        0         |        
RUN-1001 :         flatten         |    off     |       off        |        
RUN-1001 :       gate_sharing      |     on     |        on        |        
RUN-1001 :    hdl_warning_level    |   normal   |      normal      |        
RUN-1001 :   impl_internal_tribuf  |     on     |        on        |        
RUN-1001 :      impl_set_reset     |     on     |        on        |        
RUN-1001 :        infer_gsr        |    off     |       off        |        
RUN-1001 :      keep_hierarchy     |    auto    |       auto       |        
RUN-1001 :        max_fanout       |    9999    |       9999       |        
RUN-1001 :      max_oh2bin_len     |     10     |        10        |        
RUN-1001 :       merge_equal       |     on     |        on        |        
RUN-1001 :       merge_equiv       |     on     |        on        |        
RUN-1001 :        merge_mux        |    off     |       off        |        
RUN-1001 :     min_control_set     |     8      |        8         |        
RUN-1001 :      min_ripple_len     |    auto    |       auto       |        
RUN-1001 :       oh2bin_ratio      |    0.08    |       0.08       |        
RUN-1001 :     opt_adder_fanout    |     on     |        on        |        
RUN-1001 :        opt_arith        |     on     |        on        |        
RUN-1001 :       opt_big_gate      |    off     |       off        |        
RUN-1001 :        opt_const        |     on     |        on        |        
RUN-1001 :      opt_const_mult     |     on     |        on        |        
RUN-1001 :       opt_lessthan      |     on     |        on        |        
RUN-1001 :         opt_mux         |    off     |       off        |        
RUN-1001 :         opt_ram         |    high    |       high       |        
RUN-1001 :      rtl_sim_model      |    off     |       off        |        
RUN-1001 :         seq_syn         |     on     |        on        |        
RUN-1001 : --------------------------------------------------------------
HDL-1007 : analyze verilog file ../../al_ip/clk_wiz_0.v
HDL-1007 : undeclared symbol 'open', assumed default net type 'wire' in ../../al_ip/clk_wiz_0.v(80)
HDL-1007 : analyze verilog file ../../../RTL/audio_receive.v
HDL-1007 : analyze verilog file ../../../RTL/audio_send.v
HDL-1007 : analyze verilog file ../../../RTL/audio_speak.v
HDL-1007 : analyze verilog file ../../../RTL/es8388_config.v
HDL-1007 : analyze verilog file ../../../RTL/es8388_ctrl.v
HDL-1007 : analyze verilog file ../../../RTL/i2c_dri.v
HDL-1007 : analyze verilog file ../../../RTL/i2c_reg_cfg.v
HDL-1007 : analyze verilog file ../../../RTL/spar_4mic_localization.v
RUN-1001 : Project manager successfully analyzed 9 source files.
RUN-1002 : start command "import_device eagle_s20.db -package EG4S20BG256"
ARC-1001 : Device Initialization.
ARC-1001 : ------------------------------------------------------------------
ARC-1001 :            OPTION            |          IO          |   SETTING   
ARC-1001 : ------------------------------------------------------------------
ARC-1001 :   cso_b/cclk/mosi/miso/dout  |  T3/R11/T10/P10/S11  |    gpio    
ARC-1001 :             done             |         P13          |    gpio    
ARC-1001 :           program_b          |          T2          |  dedicate  
ARC-1001 :        tdi/tms/tck/tdo       |   C12/A15/C14/E14    |  dedicate  
ARC-1001 : ------------------------------------------------------------------
ARC-1004 : Device setting, marked 5 dedicate IOs in total.
RUN-1002 : start command "import_db ../syn_1/ES8388_gate.db"
RUN-1001 : Importing database generated by Tang Dynasty, V5.6.71036.
RUN-1001 : Database version number 46146.
RUN-1001 : Import flow parameters
RUN-1001 : Import IO constraints
RUN-1001 : Import Inst constraints
RUN-1001 : Import design success TD_VERSION=5.6.71036 , DB_VERSION=46146
RUN-1002 : start command "place"
RUN-1001 : Open license file E:/Software/Anlogic/TD5.6.2/license/Anlogic.lic
RUN-1001 : Print Global Property
RUN-1001 : ---------------------------------------------------------------
RUN-1001 :        Parameters        |  Settings  |  Default Values  |  Note  
RUN-1001 : ---------------------------------------------------------------
RUN-1001 :          message         |  standard  |     standard     |        
RUN-1001 :   mixed_pack_place_flow  |     on     |        on        |        
RUN-1001 :        qor_monitor       |    off     |       off        |        
RUN-1001 :        syn_ip_flow       |    off     |       off        |        
RUN-1001 :          thread          |    auto    |       auto       |        
RUN-1001 : ---------------------------------------------------------------
RUN-1001 : Print Place Property
RUN-1001 : --------------------------------------------------------------
RUN-1001 :        Parameters       |  Settings  |  Default Values  |  Note  
RUN-1001 : --------------------------------------------------------------
RUN-1001 :      detailed_place     |     on     |        on        |        
RUN-1001 :          effort         |   medium   |      medium      |        
RUN-1001 :         fix_hold        |    off     |       off        |        
RUN-1001 :       legalization      |    ori     |       ori        |        
RUN-1001 :      new_spreading      |     on     |        on        |        
RUN-1001 :        opt_timing       |   medium   |      medium      |        
RUN-1001 :   post_clock_route_opt  |    off     |       off        |        
RUN-1001 :       pr_strategy       |     1      |        1         |        
RUN-1001 :        relaxation       |    1.00    |       1.00       |        
RUN-1001 :         retiming        |    off     |       off        |        
RUN-1001 : --------------------------------------------------------------
PHY-3001 : Placer runs in 16 thread(s).
RUN-1002 : start command "legalize_phy_inst"
SYN-1011 : Flatten model audio_speak
RUN-1002 : start command "phys_opt -simplify_lut"
SYN-4016 : Net ilaclk_1_dup_1 driven by BUFG (0 clock/control pins, 2 other pins).
SYN-4016 : Net ilaclk_2_dup_1 driven by BUFG (0 clock/control pins, 2 other pins).
SYN-4016 : Net ilaclk_3_dup_1 driven by BUFG (0 clock/control pins, 2 other pins).
SYN-4016 : Net ilaclk_dup_1 driven by BUFG (0 clock/control pins, 2 other pins).
SYN-4027 : Net aud_mclk_1_dup_1 is clkc1 of pll u1_pll_clk/pll_inst.
SYN-4019 : Net sys_clk_dup_1 is refclk of pll u1_pll_clk/pll_inst.
SYN-4020 : Net sys_clk_dup_1 is fbclk of pll u1_pll_clk/pll_inst.
SYN-4027 : Net aud_mclk_2_dup_1 is clkc1 of pll u2_pll_clk/pll_inst.
SYN-4019 : Net sys_clk_dup_1 is refclk of pll u2_pll_clk/pll_inst.
SYN-4020 : Net sys_clk_dup_1 is fbclk of pll u2_pll_clk/pll_inst.
SYN-4027 : Net aud_mclk_3_dup_1 is clkc1 of pll u3_pll_clk/pll_inst.
SYN-4019 : Net sys_clk_dup_1 is refclk of pll u3_pll_clk/pll_inst.
SYN-4020 : Net sys_clk_dup_1 is fbclk of pll u3_pll_clk/pll_inst.
SYN-4027 : Net aud_mclk_dup_1 is clkc1 of pll u_pll_clk/pll_inst.
SYN-4019 : Net sys_clk_dup_1 is refclk of pll u_pll_clk/pll_inst.
SYN-4020 : Net sys_clk_dup_1 is fbclk of pll u_pll_clk/pll_inst.
SYN-4024 : Net "aud_bclk_dup_1" drives clk pins.
SYN-4024 : Net "aud_bclk_1_dup_1" drives clk pins.
SYN-4024 : Net "aud_bclk_2_dup_1" drives clk pins.
SYN-4024 : Net "aud_bclk_3_dup_1" drives clk pins.
SYN-4024 : Net "u1_es8388_ctrl/u_es8388_config/u_i2c_dri/dri_clk" drives clk pins.
SYN-4024 : Net "u2_es8388_ctrl/u_es8388_config/u_i2c_dri/dri_clk" drives clk pins.
SYN-4024 : Net "u3_es8388_ctrl/u_es8388_config/u_i2c_dri/dri_clk" drives clk pins.
SYN-7503 WARNING: Net "u_es8388_ctrl/u_es8388_config/u_i2c_dri/dri_clk" drives clk pins. However it will not be tagged as clk net, for there's no more slots.
SYN-4025 : Tag rtl::Net aud_bclk_1_dup_1 as clock net
SYN-4025 : Tag rtl::Net aud_bclk_2_dup_1 as clock net
SYN-4025 : Tag rtl::Net aud_bclk_3_dup_1 as clock net
SYN-4025 : Tag rtl::Net aud_bclk_dup_1 as clock net
SYN-4025 : Tag rtl::Net aud_mclk_1_dup_1 as clock net
SYN-4025 : Tag rtl::Net aud_mclk_2_dup_1 as clock net
SYN-4025 : Tag rtl::Net aud_mclk_3_dup_1 as clock net
SYN-4025 : Tag rtl::Net aud_mclk_dup_1 as clock net
SYN-4025 : Tag rtl::Net ilaclk_1_dup_1 as clock net
SYN-4025 : Tag rtl::Net ilaclk_2_dup_1 as clock net
SYN-4025 : Tag rtl::Net ilaclk_3_dup_1 as clock net
SYN-4025 : Tag rtl::Net ilaclk_dup_1 as clock net
SYN-4025 : Tag rtl::Net sys_clk_dup_1 as clock net
SYN-4025 : Tag rtl::Net u1_es8388_ctrl/u_es8388_config/u_i2c_dri/dri_clk as clock net
SYN-4025 : Tag rtl::Net u2_es8388_ctrl/u_es8388_config/u_i2c_dri/dri_clk as clock net
SYN-4025 : Tag rtl::Net u3_es8388_ctrl/u_es8388_config/u_i2c_dri/dri_clk as clock net
SYN-4026 : Tagged 16 rtl::Net as clock net
SYN-4015 : Create BUFG instance for clk Net aud_bclk_1_dup_1 to drive 80 clock pins.
SYN-4015 : Create BUFG instance for clk Net aud_bclk_2_dup_1 to drive 80 clock pins.
SYN-4015 : Create BUFG instance for clk Net aud_bclk_3_dup_1 to drive 80 clock pins.
SYN-4015 : Create BUFG instance for clk Net aud_bclk_dup_1 to drive 80 clock pins.
SYN-4015 : Create BUFG instance for clk Net u1_es8388_ctrl/u_es8388_config/u_i2c_dri/dri_clk to drive 56 clock pins.
SYN-4015 : Create BUFG instance for clk Net u2_es8388_ctrl/u_es8388_config/u_i2c_dri/dri_clk to drive 56 clock pins.
SYN-4015 : Create BUFG instance for clk Net u3_es8388_ctrl/u_es8388_config/u_i2c_dri/dri_clk to drive 56 clock pins.
PHY-1001 : Populate physical database on model audio_speak.
RUN-1001 : There are total 3114 instances
RUN-0007 : 1118 luts, 902 seqs, 646 mslices, 350 lslices, 51 pads, 0 brams, 29 dsps
RUN-1001 : There are total 5745 nets
RUN-1001 : 3732 nets have 2 pins
RUN-1001 : 1474 nets have [3 - 5] pins
RUN-1001 : 409 nets have [6 - 10] pins
RUN-1001 : 71 nets have [11 - 20] pins
RUN-1001 : 45 nets have [21 - 99] pins
RUN-1001 : 14 nets have 100+ pins
RUN-1001 : Report Control nets information:
RUN-1001 : DFF Distribution
RUN-1001 : ----------------------------------
RUN-1001 :   CE   |  SSR  |  ASR  |  DFF Count  
RUN-1001 : ----------------------------------
RUN-1001 :   No   |  No   |  No   |      0      
RUN-1001 :   No   |  No   |  Yes  |     606     
RUN-1001 :   No   |  Yes  |  No   |      0      
RUN-1001 :   Yes  |  No   |  No   |      0      
RUN-1001 :   Yes  |  No   |  Yes  |     264     
RUN-1001 :   Yes  |  Yes  |  No   |     32      
RUN-1001 : ----------------------------------
RUN-0007 : Control Group Statistic
RUN-0007 : ---------------------------
RUN-0007 :   #CLK  |  #CE  |  #SSR/ASR  
RUN-0007 : ---------------------------
RUN-0007 :    9    |  18   |     9      
RUN-0007 : ---------------------------
RUN-0007 : Control Set = 30
PHY-3001 : Initial placement ...
PHY-3001 : design contains 3112 instances, 1118 luts, 902 seqs, 996 slices, 203 macros(996 instances: 646 mslices 350 lslices)
PHY-0007 : Cell area utilization is 15%
PHY-3001 : Global placement ...
PHY-3001 : Initial: Len = 1.2567e+06
PHY-3001 : Clustering ...
PHY-3001 : Level 0 #clusters 3112.
PHY-3001 : End clustering;  0.000074s wall, 0.000000s user + 0.000000s system = 0.000000s CPU (n/a%)

PHY-3001 : Run with size of 4
PHY-3001 : Cell area utilization is 15%
PHY-3001 : :::0::: Try harder cell spreading with beta_ = 0
PHY-3002 : Step(1): len = 881719, overlap = 60.75
PHY-3002 : Step(2): len = 731059, overlap = 63.5
PHY-3002 : Step(3): len = 478582, overlap = 61.75
PHY-3002 : Step(4): len = 403027, overlap = 54
PHY-3002 : Step(5): len = 353456, overlap = 48.75
PHY-3002 : Step(6): len = 309420, overlap = 57.375
PHY-3002 : Step(7): len = 267689, overlap = 69.3125
PHY-3002 : Step(8): len = 238527, overlap = 94.5
PHY-3002 : Step(9): len = 217047, overlap = 135.5
PHY-3002 : Step(10): len = 197808, overlap = 160.312
PHY-3002 : Step(11): len = 173349, overlap = 173.719
PHY-3002 : Step(12): len = 160463, overlap = 189.156
PHY-3002 : Step(13): len = 152027, overlap = 206
PHY-3002 : Step(14): len = 136964, overlap = 225.344
PHY-3002 : Step(15): len = 128087, overlap = 230.625
PHY-3002 : Step(16): len = 121308, overlap = 237.312
PHY-3002 : Step(17): len = 116593, overlap = 245.531
PHY-3002 : Step(18): len = 109001, overlap = 245.531
PHY-3002 : Step(19): len = 105634, overlap = 248.031
PHY-3002 : Step(20): len = 104048, overlap = 258.875
PHY-3001 : :::1::: Try harder cell spreading with beta_ = 3.53124e-06
PHY-3002 : Step(21): len = 116136, overlap = 255.156
PHY-3002 : Step(22): len = 119796, overlap = 249.375
PHY-3002 : Step(23): len = 121798, overlap = 250.25
PHY-3002 : Step(24): len = 119128, overlap = 250.344
PHY-3002 : Step(25): len = 118659, overlap = 242.062
PHY-3002 : Step(26): len = 111399, overlap = 246.219
PHY-3002 : Step(27): len = 110422, overlap = 244.594
PHY-3002 : Step(28): len = 110542, overlap = 242.188
PHY-3002 : Step(29): len = 111439, overlap = 234.562
PHY-3002 : Step(30): len = 111969, overlap = 237.594
PHY-3002 : Step(31): len = 110792, overlap = 229.656
PHY-3002 : Step(32): len = 108998, overlap = 201.312
PHY-3002 : Step(33): len = 109303, overlap = 177.875
PHY-3002 : Step(34): len = 109801, overlap = 171.625
PHY-3002 : Step(35): len = 106875, overlap = 163.281
PHY-3002 : Step(36): len = 105902, overlap = 154.812
PHY-3002 : Step(37): len = 105179, overlap = 143.188
PHY-3002 : Step(38): len = 104035, overlap = 135.031
PHY-3002 : Step(39): len = 103318, overlap = 134.594
PHY-3002 : Step(40): len = 102702, overlap = 138.906
PHY-3002 : Step(41): len = 100429, overlap = 142.531
PHY-3002 : Step(42): len = 99859.6, overlap = 140.781
PHY-3002 : Step(43): len = 100453, overlap = 139.062
PHY-3002 : Step(44): len = 98493.7, overlap = 140.062
PHY-3002 : Step(45): len = 97869.6, overlap = 144.094
PHY-3002 : Step(46): len = 96065.5, overlap = 147.375
PHY-3002 : Step(47): len = 95229.2, overlap = 160.469
PHY-3002 : Step(48): len = 94586.9, overlap = 161.625
PHY-3002 : Step(49): len = 92797.1, overlap = 170.25
PHY-3002 : Step(50): len = 91204.8, overlap = 169.312
PHY-3002 : Step(51): len = 90660.9, overlap = 168.906
PHY-3002 : Step(52): len = 88566.4, overlap = 170.125
PHY-3002 : Step(53): len = 88250.2, overlap = 168.281
PHY-3002 : Step(54): len = 88232.4, overlap = 168
PHY-3001 : :::2::: Try harder cell spreading with beta_ = 7.06248e-06
PHY-3002 : Step(55): len = 90574.7, overlap = 168.562
PHY-3002 : Step(56): len = 90987.2, overlap = 170.75
PHY-3002 : Step(57): len = 91477.4, overlap = 170.688
PHY-3001 : :::3::: Try harder cell spreading with beta_ = 1.4125e-05
PHY-3002 : Step(58): len = 96610.7, overlap = 163.719
PHY-3002 : Step(59): len = 97620.4, overlap = 163.219
PHY-3002 : Step(60): len = 100779, overlap = 160.656
PHY-3002 : Step(61): len = 101564, overlap = 159.594
PHY-3002 : Step(62): len = 101561, overlap = 153.906
PHY-3002 : Step(63): len = 101841, overlap = 147.156
PHY-3002 : Step(64): len = 101305, overlap = 141.719
PHY-3002 : Step(65): len = 101190, overlap = 141.812
PHY-3002 : Step(66): len = 101118, overlap = 141.688
PHY-3001 : :::4::: Try harder cell spreading with beta_ = 2.82499e-05
PHY-3002 : Step(67): len = 104806, overlap = 136.625
PHY-3002 : Step(68): len = 105399, overlap = 136.625
PHY-3002 : Step(69): len = 106596, overlap = 138.75
PHY-3001 : :::5::: Try harder cell spreading with beta_ = 5.64998e-05
PHY-3002 : Step(70): len = 110705, overlap = 139
PHY-3002 : Step(71): len = 111364, overlap = 140.938
PHY-3002 : Step(72): len = 112623, overlap = 135.875
PHY-3002 : Step(73): len = 113111, overlap = 133.219
PHY-3002 : Step(74): len = 114428, overlap = 128.219
PHY-3002 : Step(75): len = 115687, overlap = 124.156
PHY-3002 : Step(76): len = 116095, overlap = 120.969
PHY-3002 : Step(77): len = 116320, overlap = 120.5
PHY-3002 : Step(78): len = 115854, overlap = 120.094
PHY-3002 : Step(79): len = 115590, overlap = 123.562
PHY-3002 : Step(80): len = 115287, overlap = 118.156
PHY-3002 : Step(81): len = 115405, overlap = 115.219
PHY-3002 : Step(82): len = 115534, overlap = 113.594
PHY-3001 : :::6::: Try harder cell spreading with beta_ = 0.000113
PHY-3002 : Step(83): len = 117490, overlap = 113.531
PHY-3002 : Step(84): len = 118603, overlap = 115.656
PHY-3002 : Step(85): len = 121995, overlap = 114.469
PHY-3002 : Step(86): len = 123781, overlap = 111.781
PHY-3002 : Step(87): len = 124397, overlap = 111.719
PHY-3002 : Step(88): len = 124158, overlap = 112.344
PHY-3002 : Step(89): len = 124339, overlap = 114.594
PHY-3001 : :::7::: Try harder cell spreading with beta_ = 0.000225999
PHY-3002 : Step(90): len = 125247, overlap = 114.562
PHY-3002 : Step(91): len = 125755, overlap = 114.438
PHY-3002 : Step(92): len = 127249, overlap = 116.625
PHY-3002 : Step(93): len = 127978, overlap = 116.125
PHY-3002 : Step(94): len = 128574, overlap = 115.688
PHY-3002 : Step(95): len = 129323, overlap = 115.562
PHY-3002 : Step(96): len = 129884, overlap = 109.438
PHY-3002 : Step(97): len = 130219, overlap = 104.375
PHY-3002 : Step(98): len = 130471, overlap = 104.062
PHY-3002 : Step(99): len = 131190, overlap = 104.094
PHY-3002 : Step(100): len = 132390, overlap = 103
PHY-3002 : Step(101): len = 133422, overlap = 93.75
PHY-3002 : Step(102): len = 133378, overlap = 99.4062
PHY-3002 : Step(103): len = 133423, overlap = 97.9062
PHY-3002 : Step(104): len = 133733, overlap = 97.6562
PHY-3002 : Step(105): len = 133725, overlap = 90.8438
PHY-3002 : Step(106): len = 133708, overlap = 90.6562
PHY-3002 : Step(107): len = 133656, overlap = 90.5938
PHY-3001 : :::8::: Try harder cell spreading with beta_ = 0.000451999
PHY-3002 : Step(108): len = 134263, overlap = 92.5938
PHY-3002 : Step(109): len = 134424, overlap = 92.7188
PHY-3002 : Step(110): len = 135340, overlap = 94.7188
PHY-3002 : Step(111): len = 136297, overlap = 94.7188
PHY-3002 : Step(112): len = 137195, overlap = 92.4688
PHY-3002 : Step(113): len = 137574, overlap = 92.0938
PHY-3002 : Step(114): len = 137699, overlap = 92.3438
PHY-3001 : :::9::: Try harder cell spreading with beta_ = 0.000850918
PHY-3002 : Step(115): len = 137917, overlap = 88.1562
PHY-3002 : Step(116): len = 138177, overlap = 87.5
PHY-3002 : Step(117): len = 138603, overlap = 87.375
PHY-3001 : Legalization ...
PHY-3001 : End legalization;  0.025398s wall, 0.000000s user + 0.015625s system = 0.015625s CPU (61.5%)

PHY-3001 : Run with size of 4
PHY-3001 : Cell area utilization is 20%
PHY-3001 : :::0::: Try harder cell spreading with beta_ = 2.71875e-06
PHY-3002 : Step(118): len = 159583, overlap = 173.562
PHY-3002 : Step(119): len = 159557, overlap = 174.312
PHY-3002 : Step(120): len = 149807, overlap = 195.906
PHY-3002 : Step(121): len = 149760, overlap = 196.844
PHY-3002 : Step(122): len = 144990, overlap = 202.312
PHY-3002 : Step(123): len = 142037, overlap = 214.125
PHY-3002 : Step(124): len = 142097, overlap = 197.406
PHY-3002 : Step(125): len = 142231, overlap = 201.969
PHY-3001 : :::1::: Try harder cell spreading with beta_ = 5.4375e-06
PHY-3002 : Step(126): len = 139689, overlap = 204.125
PHY-3002 : Step(127): len = 139996, overlap = 205.719
PHY-3002 : Step(128): len = 140434, overlap = 208.656
PHY-3001 : :::2::: Try harder cell spreading with beta_ = 1.0875e-05
PHY-3002 : Step(129): len = 143118, overlap = 181
PHY-3002 : Step(130): len = 144085, overlap = 180.125
PHY-3002 : Step(131): len = 148782, overlap = 156.312
PHY-3002 : Step(132): len = 151377, overlap = 144.344
PHY-3002 : Step(133): len = 148422, overlap = 142.281
PHY-3002 : Step(134): len = 148737, overlap = 143.156
PHY-3002 : Step(135): len = 149026, overlap = 140.688
PHY-3001 : :::3::: Try harder cell spreading with beta_ = 2.175e-05
PHY-3002 : Step(136): len = 151341, overlap = 129.188
PHY-3002 : Step(137): len = 151341, overlap = 129.188
PHY-3002 : Step(138): len = 151394, overlap = 121.438
PHY-3002 : Step(139): len = 151394, overlap = 121.438
PHY-3002 : Step(140): len = 151755, overlap = 114.75
PHY-3002 : Step(141): len = 151755, overlap = 114.75
PHY-3002 : Step(142): len = 151508, overlap = 113.531
PHY-3001 : :::4::: Try harder cell spreading with beta_ = 4.35e-05
PHY-3002 : Step(143): len = 156342, overlap = 92.0312
PHY-3002 : Step(144): len = 156989, overlap = 91.2188
PHY-3002 : Step(145): len = 157669, overlap = 87.1875
PHY-3002 : Step(146): len = 157987, overlap = 93.625
PHY-3002 : Step(147): len = 155540, overlap = 82.0312
PHY-3002 : Step(148): len = 154152, overlap = 88.4688
PHY-3002 : Step(149): len = 154180, overlap = 87.9062
PHY-3002 : Step(150): len = 153250, overlap = 87.4375
PHY-3002 : Step(151): len = 153427, overlap = 89.875
PHY-3002 : Step(152): len = 151697, overlap = 91.1562
PHY-3002 : Step(153): len = 150111, overlap = 89.2812
PHY-3002 : Step(154): len = 148821, overlap = 99.25
PHY-3002 : Step(155): len = 148741, overlap = 96.7188
PHY-3002 : Step(156): len = 147764, overlap = 99.75
PHY-3002 : Step(157): len = 147840, overlap = 100.781
PHY-3002 : Step(158): len = 146125, overlap = 105.781
PHY-3002 : Step(159): len = 146125, overlap = 105.781
PHY-3002 : Step(160): len = 145533, overlap = 106.281
PHY-3001 : :::5::: Try harder cell spreading with beta_ = 8.7e-05
PHY-3002 : Step(161): len = 147047, overlap = 102.125
PHY-3002 : Step(162): len = 147047, overlap = 102.125
PHY-3002 : Step(163): len = 146599, overlap = 99.0625
PHY-3001 : :::6::: Try harder cell spreading with beta_ = 0.000174
PHY-3002 : Step(164): len = 147853, overlap = 100.062
PHY-3002 : Step(165): len = 148277, overlap = 99.875
PHY-3002 : Step(166): len = 148277, overlap = 99.875
PHY-3001 : :::7::: Try harder cell spreading with beta_ = 0.000348
PHY-3002 : Step(167): len = 149453, overlap = 83.0625
PHY-3002 : Step(168): len = 149793, overlap = 80.5625
PHY-3001 : :::8::: Try harder cell spreading with beta_ = 0.000696
PHY-3002 : Step(169): len = 150050, overlap = 81.0938
PHY-3002 : Step(170): len = 150106, overlap = 80.125
PHY-3001 : :::9::: Try harder cell spreading with beta_ = 0.001392
PHY-3002 : Step(171): len = 150526, overlap = 81.1875
PHY-3002 : Step(172): len = 150526, overlap = 81.1875
PHY-3001 : :::10::: Try harder cell spreading with beta_ = 0.002784
PHY-3002 : Step(173): len = 150673, overlap = 81.2188
PHY-3002 : Step(174): len = 150762, overlap = 81.0625
PHY-3001 : :::11::: Try harder cell spreading with beta_ = 0.005568
PHY-3002 : Step(175): len = 150858, overlap = 81.0625
PHY-3002 : Step(176): len = 150890, overlap = 80.2812
PHY-3001 : :::12::: Try harder cell spreading with beta_ = 0.011136
PHY-3002 : Step(177): len = 150971, overlap = 80.5312
PHY-3002 : Step(178): len = 150971, overlap = 80.5312
PHY-3001 : :::13::: Try harder cell spreading with beta_ = 0.022272
PHY-3002 : Step(179): len = 150978, overlap = 80.4062
PHY-3002 : Step(180): len = 150978, overlap = 80.4062
PHY-3001 : Run with size of 2
PHY-3001 : Cell area utilization is 20%
PHY-3001 : :::0::: Try harder cell spreading with beta_ = 1.61195e-05
PHY-3002 : Step(181): len = 148399, overlap = 227.688
PHY-3002 : Step(182): len = 148424, overlap = 224.406
PHY-3002 : Step(183): len = 146911, overlap = 212.469
PHY-3002 : Step(184): len = 147195, overlap = 211.094
PHY-3002 : Step(185): len = 148899, overlap = 214.5
PHY-3002 : Step(186): len = 149612, overlap = 211.906
PHY-3002 : Step(187): len = 148759, overlap = 204.594
PHY-3002 : Step(188): len = 148878, overlap = 217.281
PHY-3002 : Step(189): len = 148224, overlap = 214.344
PHY-3002 : Step(190): len = 148130, overlap = 211.406
PHY-3002 : Step(191): len = 147541, overlap = 211.062
PHY-3001 : :::1::: Try harder cell spreading with beta_ = 3.22391e-05
PHY-3002 : Step(192): len = 149994, overlap = 197.625
PHY-3002 : Step(193): len = 150301, overlap = 193.344
PHY-3002 : Step(194): len = 151667, overlap = 174.562
PHY-3001 : :::2::: Try harder cell spreading with beta_ = 6.44781e-05
PHY-3002 : Step(195): len = 153888, overlap = 163.875
PHY-3002 : Step(196): len = 154730, overlap = 161.25
PHY-3002 : Step(197): len = 156515, overlap = 149.375
PHY-3001 : :::3::: Try harder cell spreading with beta_ = 0.000128956
PHY-3002 : Step(198): len = 157462, overlap = 146.062
PHY-3002 : Step(199): len = 157723, overlap = 146.094
PHY-3002 : Step(200): len = 158388, overlap = 148.25
PHY-3001 : :::4::: Try harder cell spreading with beta_ = 0.000245463
PHY-3002 : Step(201): len = 159559, overlap = 140.781
PHY-3002 : Step(202): len = 160002, overlap = 137.469
PHY-3002 : Step(203): len = 161087, overlap = 137.406
PHY-3001 : :::5::: Try harder cell spreading with beta_ = 0.000397159
PHY-3002 : Step(204): len = 161710, overlap = 136.5
PHY-3002 : Step(205): len = 161971, overlap = 138.438
PHY-3002 : Step(206): len = 162419, overlap = 135.312
PHY-3001 : :::6::: Try harder cell spreading with beta_ = 0.000642604
PHY-3002 : Step(207): len = 163131, overlap = 135.969
PHY-3002 : Step(208): len = 163832, overlap = 131.438
PHY-3002 : Step(209): len = 165270, overlap = 123.219
PHY-3002 : Step(210): len = 166289, overlap = 125.312
PHY-3002 : Step(211): len = 166120, overlap = 124.125
PHY-3001 : :::7::: Try harder cell spreading with beta_ = 0.00128521
PHY-3002 : Step(212): len = 166291, overlap = 120.156
PHY-3002 : Step(213): len = 166483, overlap = 120
PHY-3001 : :::8::: Try harder cell spreading with beta_ = 0.00207947
PHY-3002 : Step(214): len = 166778, overlap = 120.281
PHY-3002 : Step(215): len = 167369, overlap = 118
PHY-3002 : Step(216): len = 168251, overlap = 111.531
PHY-3002 : Step(217): len = 169193, overlap = 107.875
PHY-3002 : Step(218): len = 169186, overlap = 106.156
PHY-3001 : :::9::: Try harder cell spreading with beta_ = 0.00415893
PHY-3002 : Step(219): len = 169154, overlap = 104
PHY-3002 : Step(220): len = 169204, overlap = 101.625
PHY-3001 : :::10::: Try harder cell spreading with beta_ = 0.00831786
PHY-3002 : Step(221): len = 169254, overlap = 101.219
PHY-3002 : Step(222): len = 169323, overlap = 101.281
PHY-3001 : :::11::: Try harder cell spreading with beta_ = 0.0134583
PHY-3002 : Step(223): len = 169417, overlap = 101.156
PHY-3002 : Step(224): len = 169505, overlap = 100.531
OPT-1001 : Start physical optimization ...
OPT-1001 : Total overflow 310.81 peak overflow 4.28
OPT-1001 : Start high-fanout net optimization ...
OPT-1001 : Update timing in global mode
PHY-1001 : Start incremental global routing, caller is place ...
RUN-1001 : Generating global routing grids ...
RUN-1001 : Building simple global routing graph ...
PHY-1001 : Generate routing nets ...
PHY-1001 : Reuse net number 0/5745.
PHY-1001 : Global iterations in 16 thread ...
PHY-1002 : len = 192960, over cnt = 676(1%), over = 3280, worst = 40
PHY-1001 : End global iterations;  0.164422s wall, 0.109375s user + 0.093750s system = 0.203125s CPU (123.5%)

PHY-1001 : Congestion index: top1 = 62.93, top5 = 45.16, top10 = 36.22, top15 = 30.05.
PHY-1001 : End incremental global routing;  0.232881s wall, 0.171875s user + 0.109375s system = 0.281250s CPU (120.8%)

RUN-1002 : start command "start_timer -report"
TMR-5001 WARNING: No sdc constraints found while initiating timer.
TMR-2505 : Start building timing graph for model audio_speak.
TMR-2506 : Build timing graph completely. Port num: 50, tpin num: 18489, tnet num: 4687, tinst num: 3112, tnode num: 22268, tedge num: 32291.
TMR-2508 : Levelizing timing graph completed, there are 45 levels in total.
TMR-2501 : Timing graph initialized successfully.
OPT-1001 : End timing update;  0.316527s wall, 0.312500s user + 0.000000s system = 0.312500s CPU (98.7%)

OPT-1001 : 0 high-fanout net processed.
OPT-1001 : End high-fanout net optimization;  0.598885s wall, 0.546875s user + 0.109375s system = 0.656250s CPU (109.6%)

OPT-1001 : Current memory(MB): used = 262, reserve = 233, peak = 262.
OPT-1001 : End physical optimization;  0.630028s wall, 0.562500s user + 0.109375s system = 0.671875s CPU (106.6%)

PHY-3001 : Start packing ...
SYN-4007 : Packing 0 MUX to BLE ...
SYN-4008 : Packed 0 MUX and 0 SEQ to BLE.
SYN-4007 : Packing 1118 LUT to BLE ...
SYN-4008 : Packed 1118 LUT and 437 SEQ to BLE.
SYN-4003 : Packing 465 remaining SEQ's ...
SYN-4005 : Packed 188 SEQ with LUT/SLICE
SYN-4006 : 570 single LUT's are left
SYN-4006 : 277 single SEQ's are left
SYN-4011 : Packing model "audio_speak" (AL_USER_NORMAL) with 1395/2489 primitive instances ...
PHY-3001 : End packing;  0.060548s wall, 0.062500s user + 0.000000s system = 0.062500s CPU (103.2%)

PHY-1001 : Populate physical database on model audio_speak.
RUN-1001 : There are total 1819 instances
RUN-1001 : 860 mslices, 861 lslices, 51 pads, 0 brams, 29 dsps
RUN-1001 : There are total 5320 nets
RUN-1001 : 3319 nets have 2 pins
RUN-1001 : 1465 nets have [3 - 5] pins
RUN-1001 : 410 nets have [6 - 10] pins
RUN-1001 : 79 nets have [11 - 20] pins
RUN-1001 : 37 nets have [21 - 99] pins
RUN-1001 : 10 nets have 100+ pins
PHY-3001 : design contains 1817 instances, 1721 slices, 203 macros(996 instances: 646 mslices 350 lslices)
PHY-3001 : Cell area utilization is 22%
PHY-3001 : After packing: Len = 168617, Over = 120
PHY-3001 : Run with size of 2
PHY-3001 : Cell area utilization is 22%
PHY-3001 : :::0::: Try harder cell spreading with beta_ = 1.81348e-05
PHY-3002 : Step(225): len = 159392, overlap = 131.5
PHY-3002 : Step(226): len = 159178, overlap = 135.5
PHY-3002 : Step(227): len = 154182, overlap = 148
PHY-3002 : Step(228): len = 152825, overlap = 149.75
PHY-3002 : Step(229): len = 152989, overlap = 147.75
PHY-3002 : Step(230): len = 153213, overlap = 141.75
PHY-3001 : :::1::: Try harder cell spreading with beta_ = 3.62696e-05
PHY-3002 : Step(231): len = 156468, overlap = 135
PHY-3002 : Step(232): len = 157650, overlap = 134.5
PHY-3002 : Step(233): len = 158134, overlap = 130
PHY-3001 : :::2::: Try harder cell spreading with beta_ = 7.25393e-05
PHY-3002 : Step(234): len = 162654, overlap = 115.75
PHY-3002 : Step(235): len = 163799, overlap = 112.75
PHY-3002 : Step(236): len = 164365, overlap = 109.5
PHY-3002 : Step(237): len = 164510, overlap = 110
PHY-3002 : Step(238): len = 164488, overlap = 108.25
PHY-3001 : Legalization ...
PHY-3001 : End legalization;  0.228276s wall, 0.281250s user + 0.421875s system = 0.703125s CPU (308.0%)

PHY-3001 : Trial Legalized: Len = 197155
PHY-3001 : Run with size of 2
PHY-3001 : Cell area utilization is 21%
PHY-3001 : :::0::: Try harder cell spreading with beta_ = 0.000329199
PHY-3002 : Step(239): len = 184132, overlap = 18
PHY-3002 : Step(240): len = 182098, overlap = 26.75
PHY-3002 : Step(241): len = 180164, overlap = 32.5
PHY-3002 : Step(242): len = 179231, overlap = 33.75
PHY-3002 : Step(243): len = 178171, overlap = 36
PHY-3002 : Step(244): len = 177996, overlap = 35.5
PHY-3002 : Step(245): len = 177276, overlap = 34.75
PHY-3001 : :::1::: Try harder cell spreading with beta_ = 0.000658398
PHY-3002 : Step(246): len = 178274, overlap = 33.5
PHY-3002 : Step(247): len = 178274, overlap = 33.5
PHY-3001 : :::2::: Try harder cell spreading with beta_ = 0.0013168
PHY-3002 : Step(248): len = 178760, overlap = 33.5
PHY-3002 : Step(249): len = 178848, overlap = 33.75
PHY-3001 : Legalization ...
PHY-3001 : End legalization;  0.004114s wall, 0.000000s user + 0.000000s system = 0.000000s CPU (n/a%)

PHY-3001 : Legalized: Len = 186982, Over = 0
PHY-3001 : Spreading special nets. 1 overflows in 2952 tiles.
PHY-3001 : End spreading;  0.008620s wall, 0.015625s user + 0.000000s system = 0.015625s CPU (181.3%)

PHY-3001 : 1 instances has been re-located, deltaX = 1, deltaY = 0, maxDist = 1.
PHY-3001 : Final: Len = 186926, Over = 0
OPT-1001 : Start physical optimization ...
OPT-1001 : Total overflow 0.00 peak overflow 0.00
OPT-1001 : Start high-fanout net optimization ...
OPT-1001 : Update timing in global mode
PHY-1001 : Start incremental global routing, caller is place ...
RUN-1001 : Generating global routing grids ...
PHY-1001 : Generate routing nets ...
PHY-1001 : Reuse net number 248/5320.
PHY-1001 : Global iterations in 16 thread ...
PHY-1002 : len = 216384, over cnt = 556(1%), over = 1154, worst = 9
PHY-1002 : len = 221056, over cnt = 383(1%), over = 652, worst = 8
PHY-1002 : len = 226600, over cnt = 91(0%), over = 155, worst = 8
PHY-1002 : len = 227112, over cnt = 37(0%), over = 46, worst = 3
PHY-1002 : len = 228408, over cnt = 0(0%), over = 0, worst = 0
PHY-1001 : End global iterations;  0.327241s wall, 0.421875s user + 0.218750s system = 0.640625s CPU (195.8%)

PHY-1001 : Congestion index: top1 = 48.64, top5 = 38.45, top10 = 32.42, top15 = 28.40.
PHY-1001 : End incremental global routing;  0.413062s wall, 0.500000s user + 0.234375s system = 0.734375s CPU (177.8%)

RUN-1002 : start command "start_timer -report"
TMR-5001 WARNING: No sdc constraints found while initiating timer.
TMR-2505 : Start building timing graph for model audio_speak.
TMR-2506 : Build timing graph completely. Port num: 50, tpin num: 16715, tnet num: 4262, tinst num: 1817, tnode num: 19582, tedge num: 30038.
TMR-2508 : Levelizing timing graph completed, there are 43 levels in total.
TMR-2501 : Timing graph initialized successfully.
OPT-1001 : End timing update;  0.328307s wall, 0.296875s user + 0.031250s system = 0.328125s CPU (99.9%)

OPT-1001 : 0 high-fanout net processed.
OPT-1001 : End high-fanout net optimization;  0.795796s wall, 0.843750s user + 0.265625s system = 1.109375s CPU (139.4%)

OPT-1001 : Current memory(MB): used = 273, reserve = 244, peak = 273.
OPT-1001 : Update timing in Manhattan mode
OPT-1001 : End timing update;  0.005618s wall, 0.015625s user + 0.000000s system = 0.015625s CPU (278.1%)

OPT-1001 : Start pin optimization...
OPT-1001 : skip pin optimization...
RUN-1001 : Generating global routing grids ...
PHY-1001 : Generate routing nets ...
PHY-1001 : Reuse net number 3696/5320.
PHY-1001 : Global iterations in 16 thread ...
PHY-1002 : len = 228408, over cnt = 0(0%), over = 0, worst = 0
PHY-1001 : End global iterations;  0.018312s wall, 0.015625s user + 0.000000s system = 0.015625s CPU (85.3%)

PHY-1001 : Congestion index: top1 = 48.64, top5 = 38.45, top10 = 32.42, top15 = 28.40.
OPT-1001 : Update timing in Manhattan mode
OPT-1001 : End timing update;  0.006133s wall, 0.000000s user + 0.000000s system = 0.000000s CPU (n/a%)

RUN-1001 : QoR Analysis:
OPT-0007 :   WNS 2147483647 TNS 0 NUM_FEPS 0
RUN-1001 :   No local congestion issue, and most congested 1% tile average routing util is 48.137931
RUN-1001 :   Top critical paths
OPT-1001 : End physical optimization;  0.935601s wall, 0.984375s user + 0.265625s system = 1.250000s CPU (133.6%)

RUN-1003 : finish command "place" in  8.528289s wall, 13.921875s user + 13.187500s system = 27.109375s CPU (317.9%)

RUN-1004 : used memory is 238 MB, reserved memory is 210 MB, peak memory is 275 MB
RUN-1002 : start command "export_db ES8388_place.db"
RUN-1001 : Exported /
RUN-1001 : Exported flow parameters
RUN-1001 : Exported libs
RUN-1001 : Exported entities
RUN-1001 : Exported ports
RUN-1001 : Exported pins
RUN-1001 : Exported instances
RUN-1001 : Exported nets
RUN-1001 : Exported buses
RUN-1001 : Exported models
RUN-1001 : Exported congestions
RUN-1001 : Exported violations
RUN-1001 : Exported IO constraints
RUN-1001 : Exported Inst constraints
RUN-1002 : start command "route"
RUN-1001 : Open license file E:/Software/Anlogic/TD5.6.2/license/Anlogic.lic
RUN-1001 : Print Global Property
RUN-1001 : ---------------------------------------------------------------
RUN-1001 :        Parameters        |  Settings  |  Default Values  |  Note  
RUN-1001 : ---------------------------------------------------------------
RUN-1001 :          message         |  standard  |     standard     |        
RUN-1001 :   mixed_pack_place_flow  |     on     |        on        |        
RUN-1001 :        qor_monitor       |    off     |       off        |        
RUN-1001 :        syn_ip_flow       |    off     |       off        |        
RUN-1001 :          thread          |    auto    |       auto       |        
RUN-1001 : ---------------------------------------------------------------
RUN-1001 : Print Route Property
RUN-1001 : -------------------------------------------------------
RUN-1001 :    Parameters    |  Settings  |  Default Values  |  Note  
RUN-1001 : -------------------------------------------------------
RUN-1001 :      effort      |   medium   |      medium      |        
RUN-1001 :     fix_hold     |    off     |       off        |        
RUN-1001 :    opt_timing    |   medium   |      medium      |        
RUN-1001 :   phy_sim_model  |    off     |       off        |        
RUN-1001 :     priority     |   timing   |      timing      |        
RUN-1001 :     swap_pin     |     on     |        on        |        
RUN-1001 : -------------------------------------------------------
PHY-1001 : Route runs in 16 thread(s)
RUN-1001 : There are total 1819 instances
RUN-1001 : 860 mslices, 861 lslices, 51 pads, 0 brams, 29 dsps
RUN-1001 : There are total 5320 nets
RUN-1001 : 3319 nets have 2 pins
RUN-1001 : 1465 nets have [3 - 5] pins
RUN-1001 : 410 nets have [6 - 10] pins
RUN-1001 : 79 nets have [11 - 20] pins
RUN-1001 : 37 nets have [21 - 99] pins
RUN-1001 : 10 nets have 100+ pins
RUN-1002 : start command "start_timer -report"
TMR-5001 WARNING: No sdc constraints found while initiating timer.
TMR-2505 : Start building timing graph for model audio_speak.
TMR-2506 : Build timing graph completely. Port num: 50, tpin num: 16715, tnet num: 4262, tinst num: 1817, tnode num: 19582, tedge num: 30038.
TMR-2508 : Levelizing timing graph completed, there are 43 levels in total.
TMR-2501 : Timing graph initialized successfully.
PHY-1001 : 860 mslices, 861 lslices, 51 pads, 0 brams, 29 dsps
TMR-2503 : Start to update net delay, extr mode = 3.
TMR-2504 : Update delay of 4262 nets completely.
TMR-2502 : Annotate delay completely, extr mode = 3.
TMR-3002 : No user constraint, initiate default constraint.
TMR-1501 : Assign derive clock DeriveClock to 1284 clock pins, and constraint 2859 relative nodes.
TMR-3003 : Constraints initiated successfully.
TMR-3501 : Forward propagation: start to calculate arrival time...
TMR-3502 : Backward propagation: start to calculate required time...
TMR-3503 : Timing propagation completes.
PHY-1001 : Start global routing, caller is route ...
RUN-1001 : Generating global routing grids ...
PHY-1001 : Generate routing nets ...
PHY-1001 : Global iterations in 16 thread ...
PHY-1002 : len = 214656, over cnt = 535(1%), over = 1065, worst = 8
PHY-1002 : len = 218512, over cnt = 395(1%), over = 662, worst = 8
PHY-1002 : len = 223904, over cnt = 88(0%), over = 151, worst = 8
PHY-1002 : len = 225856, over cnt = 9(0%), over = 10, worst = 2
PHY-1002 : len = 226472, over cnt = 0(0%), over = 0, worst = 0
PHY-1001 : End global iterations;  0.345265s wall, 0.296875s user + 0.281250s system = 0.578125s CPU (167.4%)

PHY-1001 : Congestion index: top1 = 48.41, top5 = 37.95, top10 = 32.05, top15 = 28.12.
PHY-1001 : End global routing;  0.422756s wall, 0.359375s user + 0.296875s system = 0.656250s CPU (155.2%)

PHY-1001 : Start detail routing ...
PHY-1001 : Current memory(MB): used = 328, reserve = 300, peak = 328.
PHY-1001 : Detailed router is running in normal mode.
PHY-1001 : Generate detailed routing grids ...
PHY-1001 : Processed IO instance aud_dacdat_syn_4 with INV attribute.
PHY-1001 : Processed IO instance aud_dacdat_1_syn_4 with INV attribute.
PHY-1001 : Processed IO instance aud_dacdat_2_syn_4 with INV attribute.
PHY-1001 : Processed IO instance aud_dacdat_3_syn_4 with INV attribute.
PHY-1001 : Generate nets ...
PHY-1001 : clock net aud_bclk_syn_4 will be merged with clock aud_bclk_dup_1
PHY-1001 : clock net aud_bclk_1_syn_4 will be merged with clock aud_bclk_1_dup_1
PHY-1001 : clock net aud_bclk_2_syn_4 will be merged with clock aud_bclk_2_dup_1
PHY-1001 : clock net aud_bclk_3_syn_4 will be merged with clock aud_bclk_3_dup_1
PHY-1001 : net aud_mclk_dup_1 will be routed on clock mesh
PHY-1001 : net aud_mclk_1_dup_1 will be routed on clock mesh
PHY-1001 : net aud_mclk_2_dup_1 will be routed on clock mesh
PHY-1001 : net aud_mclk_3_dup_1 will be routed on clock mesh
PHY-1001 : clock net ilaclk_dup_1 will be merged with clock u_pll_clk/clk0_buf
PHY-1001 : clock net ilaclk_1_dup_1 will be merged with clock u1_pll_clk/clk0_buf
PHY-1001 : clock net ilaclk_2_dup_1 will be merged with clock u2_pll_clk/clk0_buf
PHY-1001 : clock net ilaclk_3_dup_1 will be merged with clock u3_pll_clk/clk0_buf
PHY-1001 : net sys_clk_dup_1 will be routed on clock mesh
PHY-1001 : clock net u1_es8388_ctrl/u_es8388_config/u_i2c_dri/dri_clk_syn_4 will be merged with clock u1_es8388_ctrl/u_es8388_config/u_i2c_dri/dri_clk
PHY-1001 : clock net u2_es8388_ctrl/u_es8388_config/u_i2c_dri/dri_clk_syn_4 will be merged with clock u2_es8388_ctrl/u_es8388_config/u_i2c_dri/dri_clk
PHY-1001 : clock net u3_es8388_ctrl/u_es8388_config/u_i2c_dri/dri_clk_syn_4 will be merged with clock u3_es8388_ctrl/u_es8388_config/u_i2c_dri/dri_clk
PHY-1001 : Current memory(MB): used = 579, reserve = 556, peak = 579.
PHY-1001 : End build detailed router design. 2.176426s wall, 2.140625s user + 0.031250s system = 2.171875s CPU (99.8%)

PHY-1001 : Detail Route ...
PHY-1001 : ===== Detail Route Phase 1 =====
PHY-1001 : Clock net routing.....
PHY-1001 : Routed 0% nets.
PHY-1022 : len = 55944, over cnt = 0(0%), over = 0, worst = 0, crit = 0
PHY-1001 : End initial clock net routed; 3.892285s wall, 3.843750s user + 0.015625s system = 3.859375s CPU (99.2%)

PHY-1001 : Current memory(MB): used = 612, reserve = 591, peak = 612.
PHY-1001 : End phase 1; 3.895032s wall, 3.859375s user + 0.015625s system = 3.875000s CPU (99.5%)

PHY-1001 : ===== Detail Route Phase 2 =====
PHY-1001 : Initial routing.....
PHY-1001 : Routed 25% nets.
PHY-1001 : Routed 31% nets.
PHY-1001 : Routed 38% nets.
PHY-1001 : Routed 48% nets.
PHY-1001 : Routed 67% nets.
PHY-1022 : len = 620400, over cnt = 145(0%), over = 145, worst = 1, crit = 0
PHY-1001 : Current memory(MB): used = 614, reserve = 592, peak = 614.
PHY-1001 : End initial routed; 5.425002s wall, 6.000000s user + 2.609375s system = 8.609375s CPU (158.7%)

PHY-1001 : Current memory(MB): used = 614, reserve = 592, peak = 614.
PHY-1001 : End phase 2; 5.425110s wall, 6.000000s user + 2.609375s system = 8.609375s CPU (158.7%)

PHY-1001 : ===== Detail Route Phase 3 =====
PHY-1001 : Ripup-reroute.....
PHY-1001 : ===== DR Iter 1 =====
PHY-1022 : len = 617696, over cnt = 36(0%), over = 36, worst = 1, crit = 0
PHY-1001 : End DR Iter 1; 0.093110s wall, 0.078125s user + 0.046875s system = 0.125000s CPU (134.2%)

PHY-1001 : ===== DR Iter 2 =====
PHY-1022 : len = 617896, over cnt = 9(0%), over = 9, worst = 1, crit = 0
PHY-1001 : End DR Iter 2; 0.071861s wall, 0.093750s user + 0.015625s system = 0.109375s CPU (152.2%)

PHY-1001 : ===== DR Iter 3 =====
PHY-1022 : len = 618000, over cnt = 0(0%), over = 0, worst = 0, crit = 0
PHY-1001 : End DR Iter 3; 0.040896s wall, 0.015625s user + 0.015625s system = 0.031250s CPU (76.4%)

PHY-1001 : Commit to database.....
PHY-1001 : 15 feed throughs used by 15 nets
PHY-1001 : End commit to database; 0.318331s wall, 0.296875s user + 0.015625s system = 0.312500s CPU (98.2%)

PHY-1001 : Current memory(MB): used = 644, reserve = 621, peak = 644.
PHY-1001 : End phase 3; 0.628450s wall, 0.593750s user + 0.093750s system = 0.687500s CPU (109.4%)

PHY-1003 : Routed, final wirelength = 618000
PHY-1001 : Current memory(MB): used = 645, reserve = 622, peak = 645.
PHY-1001 : End export database. 0.012353s wall, 0.015625s user + 0.000000s system = 0.015625s CPU (126.5%)

PHY-1001 : End detail routing;  12.304428s wall, 12.765625s user + 2.750000s system = 15.515625s CPU (126.1%)

RUN-1003 : finish command "route" in  13.223580s wall, 13.609375s user + 3.062500s system = 16.671875s CPU (126.1%)

RUN-1004 : used memory is 555 MB, reserved memory is 535 MB, peak memory is 645 MB
RUN-1002 : start command "report_area -io_info -file ES8388_phy.area"
RUN-1001 : standard
***Report Model: audio_speak Device: EG4S20BG256***

IO Statistics
#IO                        51
  #input                   19
  #output                  28
  #inout                    4

Utilization Statistics
#lut                     3110   out of  19600   15.87%
#reg                      940   out of  19600    4.80%
#le                      3387
  #lut only              2447   out of   3387   72.25%
  #reg only               277   out of   3387    8.18%
  #lut&reg                663   out of   3387   19.57%
#dsp                       29   out of     29  100.00%
#bram                       0   out of     64    0.00%
  #bram9k                   0
  #fifo9k                   0
#bram32k                    0   out of     16    0.00%
#pad                       51   out of    188   27.13%
  #ireg                     8
  #oreg                    20
  #treg                     4
#pll                        4   out of      4  100.00%
#gclk                      11   out of     16   68.75%

Clock Resource Statistics
Index     ClockNet                                            Type               DriverType         Driver                                                           Fanout
#1        sys_clk_dup_1                                       GCLK               io                 sys_clk_syn_2.di                                                 354
#2        aud_bclk_1_dup_1                                    GCLK               io                 aud_bclk_1_syn_2.di                                              45
#3        aud_bclk_2_dup_1                                    GCLK               io                 aud_bclk_2_syn_2.di                                              45
#4        aud_bclk_3_dup_1                                    GCLK               io                 aud_bclk_3_syn_2.di                                              45
#5        aud_bclk_dup_1                                      GCLK               io                 aud_bclk_syn_2.di                                                44
#6        u1_es8388_ctrl/u_es8388_config/u_i2c_dri/dri_clk    GCLK               lslice             u1_es8388_ctrl/u_es8388_config/u_i2c_dri/dri_clk_reg_syn_9.q0    42
#7        u3_es8388_ctrl/u_es8388_config/u_i2c_dri/dri_clk    GCLK               lslice             u3_es8388_ctrl/u_es8388_config/u_i2c_dri/dri_clk_reg_syn_9.q1    39
#8        u2_es8388_ctrl/u_es8388_config/u_i2c_dri/dri_clk    GCLK               lslice             u2_es8388_ctrl/u_es8388_config/u_i2c_dri/dri_clk_reg_syn_9.q1    38
#9        aud_mclk_1_dup_1                                    GCLK               pll                u1_pll_clk/pll_inst.clkc1                                        0
#10       aud_mclk_2_dup_1                                    GCLK               pll                u2_pll_clk/pll_inst.clkc1                                        0
#11       aud_mclk_3_dup_1                                    GCLK               pll                u3_pll_clk/pll_inst.clkc1                                        0
#12       aud_mclk_dup_1                                      GCLK               pll                u_pll_clk/pll_inst.clkc1                                         0
#13       u1_pll_clk/clk0_buf                                 GCLK               pll                u1_pll_clk/pll_inst.clkc0                                        0
#14       u2_pll_clk/clk0_buf                                 GCLK               pll                u2_pll_clk/pll_inst.clkc0                                        0
#15       u3_pll_clk/clk0_buf                                 GCLK               pll                u3_pll_clk/pll_inst.clkc0                                        0
#16       u_pll_clk/clk0_buf                                  GCLK               pll                u_pll_clk/pll_inst.clkc0                                         0


Detailed IO Report

      Name        Direction    Location    IOStandard    DriveStrength    PullType     PackReg   
   aud_adcdat       INPUT        R14        LVCMOS25          N/A          PULLUP       IREG     
  aud_adcdat_1      INPUT        G16        LVCMOS25          N/A          PULLUP       IREG     
  aud_adcdat_2      INPUT         E7        LVCMOS25          N/A          PULLUP       IREG     
  aud_adcdat_3      INPUT         L4        LVCMOS25          N/A          PULLUP       IREG     
    aud_bclk        INPUT         M6        LVCMOS25          N/A          PULLUP       NONE     
   aud_bclk_1       INPUT        G14        LVCMOS25          N/A          PULLUP       NONE     
   aud_bclk_2       INPUT         D5        LVCMOS25          N/A          PULLUP       NONE     
   aud_bclk_3       INPUT         H5        LVCMOS25          N/A          PULLUP       NONE     
    aud_lrc         INPUT         M7        LVCMOS25          N/A          PULLUP       IREG     
   aud_lrc_1        INPUT        H16        LVCMOS25          N/A          PULLUP       IREG     
   aud_lrc_2        INPUT         C6        LVCMOS25          N/A          PULLUP       IREG     
   aud_lrc_3        INPUT         K6        LVCMOS25          N/A          PULLUP       IREG     
    sys_clk         INPUT         R7        LVCMOS25          N/A          PULLUP       NONE     
   sys_rst_n        INPUT         E3        LVCMOS25          N/A          PULLUP       NONE     
  sys_rst_n_1       INPUT         F2        LVCMOS25          N/A           N/A         NONE     
  sys_rst_n_2       INPUT         T6        LVCMOS25          N/A           N/A         NONE     
  sys_rst_n_3       INPUT         F7        LVCMOS25          N/A           N/A         NONE     
   volume[1]        INPUT        B10        LVCMOS25          N/A          PULLUP       NONE     
   volume[0]        INPUT        A10        LVCMOS25          N/A          PULLUP       NONE     
   aud_dacdat      OUTPUT         P6        LVCMOS25           8            NONE        OREG     
  aud_dacdat_1     OUTPUT        H14        LVCMOS25           8            NONE        OREG     
  aud_dacdat_2     OUTPUT         E6        LVCMOS25           8            NONE        OREG     
  aud_dacdat_3     OUTPUT         K3        LVCMOS25           8            NONE        OREG     
    aud_mclk       OUTPUT         N5        LVCMOS25           8            NONE        NONE     
   aud_mclk_1      OUTPUT        F14        LVCMOS25           8            NONE        NONE     
   aud_mclk_2      OUTPUT         F6        LVCMOS25           8            NONE        NONE     
   aud_mclk_3      OUTPUT         H4        LVCMOS25           8            NONE        NONE     
    aud_scl        OUTPUT        R12        LVCMOS25           8            NONE        OREG     
   aud_scl_1       OUTPUT        D14        LVCMOS25           8            NONE        OREG     
   aud_scl_2       OUTPUT         A2        LVCMOS25           8            NONE        OREG     
   aud_scl_3       OUTPUT         G3        LVCMOS25           8            NONE        OREG     
     ilaclk        OUTPUT         M9        LVCMOS25           8            NONE        NONE     
    ilaclk_1       OUTPUT        L16        LVCMOS25           8            NONE        NONE     
    ilaclk_2       OUTPUT         D3        LVCMOS25           8            NONE        NONE     
    ilaclk_3       OUTPUT        K15        LVCMOS25           8            NONE        NONE     
      led          OUTPUT        F12        LVCMOS25           8            N/A         NONE     
     led_1         OUTPUT         E4        LVCMOS25           8            N/A         NONE     
     led_2         OUTPUT         J6        LVCMOS25           8            N/A         NONE     
     led_3         OUTPUT        J16        LVCMOS25           8            N/A         NONE     
   led_eight       OUTPUT        B14        LVCMOS25           8            NONE        OREG     
    led_five       OUTPUT        E16        LVCMOS25           8            NONE        OREG     
    led_four       OUTPUT        B15        LVCMOS25           8            NONE        OREG     
    led_one        OUTPUT        F16        LVCMOS25           8            NONE        OREG     
   led_seven       OUTPUT        B16        LVCMOS25           8            NONE        OREG     
    led_six        OUTPUT        C16        LVCMOS25           8            NONE        OREG     
    led_tree       OUTPUT        C15        LVCMOS25           8            NONE        OREG     
    led_two        OUTPUT        E13        LVCMOS25           8            NONE        OREG     
    aud_sda         INOUT         R9        LVCMOS25           8           PULLUP     OREG;TREG  
   aud_sda_1        INOUT        E15        LVCMOS25           8           PULLUP     OREG;TREG  
   aud_sda_2        INOUT         C3        LVCMOS25           8           PULLUP     OREG;TREG  
   aud_sda_3        INOUT         F3        LVCMOS25           8           PULLUP     OREG;TREG  

Report Hierarchy Area:
+--------------------------------------------------------------------------------------------------------+
|Instance                   |Module                 |le     |lut     |ripple  |seq     |bram    |dsp     |
+--------------------------------------------------------------------------------------------------------+
|top                        |audio_speak            |3387   |2402    |708     |972     |0       |29      |
|  u1_es8388_ctrl           |es8388_ctrl            |283    |222     |29      |141     |0       |0       |
|    u_audio_receive        |audio_receive          |87     |54      |12      |51      |0       |0       |
|    u_audio_send           |audio_send             |27     |18      |0       |22      |0       |0       |
|    u_es8388_config        |es8388_config          |169    |150     |17      |68      |0       |0       |
|      u_i2c_dri            |i2c_dri                |110    |101     |7       |41      |0       |0       |
|      u_i2c_reg_cfg        |i2c_reg_cfg            |59     |49      |10      |27      |0       |0       |
|  u1_pll_clk               |clk_wiz_0              |1      |1       |0       |0       |0       |0       |
|  u2_es8388_ctrl           |es8388_ctrl            |280    |231     |29      |143     |0       |0       |
|    u_audio_receive        |audio_receive          |82     |53      |12      |53      |0       |0       |
|    u_audio_send           |audio_send             |21     |20      |0       |21      |0       |0       |
|    u_es8388_config        |es8388_config          |177    |158     |17      |69      |0       |0       |
|      u_i2c_dri            |i2c_dri                |119    |110     |7       |43      |0       |0       |
|      u_i2c_reg_cfg        |i2c_reg_cfg            |58     |48      |10      |26      |0       |0       |
|  u2_pll_clk               |clk_wiz_0              |1      |1       |0       |0       |0       |0       |
|  u3_es8388_ctrl           |es8388_ctrl            |275    |221     |29      |143     |0       |0       |
|    u_audio_receive        |audio_receive          |86     |52      |12      |54      |0       |0       |
|    u_audio_send           |audio_send             |21     |20      |0       |21      |0       |0       |
|    u_es8388_config        |es8388_config          |168    |149     |17      |68      |0       |0       |
|      u_i2c_dri            |i2c_dri                |107    |98      |7       |41      |0       |0       |
|      u_i2c_reg_cfg        |i2c_reg_cfg            |61     |51      |10      |27      |0       |0       |
|  u3_pll_clk               |clk_wiz_0              |1      |1       |0       |0       |0       |0       |
|  u_es8388_ctrl            |es8388_ctrl            |464    |320     |117     |159     |0       |0       |
|    u_audio_receive        |audio_receive          |91     |59      |12      |52      |0       |0       |
|    u_audio_send           |audio_send             |194    |100     |88      |38      |0       |0       |
|    u_es8388_config        |es8388_config          |179    |161     |17      |69      |0       |0       |
|      u_i2c_dri            |i2c_dri                |117    |109     |7       |41      |0       |0       |
|      u_i2c_reg_cfg        |i2c_reg_cfg            |62     |52      |10      |28      |0       |0       |
|  u_pll_clk                |clk_wiz_0              |1      |1       |0       |0       |0       |0       |
|  u_spar_4mic_localization |spar_4mic_localization |2027   |1388    |492     |320     |0       |29      |
+--------------------------------------------------------------------------------------------------------+


DataNet Average Fanout:

   Index     Fanout     Nets  
    #1          1       3264  
    #2          2       1031  
    #3          3       384   
    #4          4        46   
    #5        5-10      415   
    #6        11-50      99   
    #7       51-100      4    
    #8       101-500     7    
  Average     2.56            

RUN-1002 : start command "export_db ES8388_pr.db"
RUN-1001 : Exported /
RUN-1001 : Exported flow parameters
RUN-1001 : Exported libs
RUN-1001 : Exported entities
RUN-1001 : Exported ports
RUN-1001 : Exported pins
RUN-1001 : Exported instances
RUN-1001 : Exported nets
RUN-1001 : Exported buses
RUN-1001 : Exported models
RUN-1001 : Exported congestions
RUN-1001 : Exported violations
RUN-1001 : Exported IO constraints
RUN-1001 : Exported Inst constraints
RUN-1002 : start command "export_bid ES8388_inst.bid"
RUN-1002 : start command "bitgen -bit ES8388.bit -unused_io_status pulldown"
BIT-1003 : Start to generate bitstream. 
BIT-1002 : Bitgen processed 137 unused pads, reserve input tri_state with pulldown
BIT-1002 : Init instances with 16 threads.
BIT-1002 : Init instances completely, inst num: 1954
BIT-1002 : Init pips with 16 threads.
BIT-1002 : Init pips completely, net num: 5320, pip num: 41288
BIT-1002 : Init feedthrough with 16 threads.
BIT-1002 : Init feedthrough completely, num: 15
BIT-1003 : Multithreading accelaration with 16 threads.
BIT-1003 : Generate bitstream completely, there are 2609 valid insts, and 110931 bits set as '1'.
BIT-1004 : PLL setting string = 1111
BIT-1004 : Generate bits file ES8388.bit.
RUN-1003 : finish command "bitgen -bit ES8388.bit -unused_io_status pulldown" in  2.590836s wall, 27.750000s user + 1.296875s system = 29.046875s CPU (1121.1%)

RUN-1004 : used memory is 586 MB, reserved memory is 569 MB, peak memory is 756 MB
RUN-1002 : start command "backup_run_log run.log ../.logs/phy_1/td_20251026_094351.log"
