============================================================
   Tang Dynasty, V5.6.71036
      Copyright (c) 2012-2023 Anlogic Inc.
   Executable = D:/TD/bin/td.exe
   Built at =   20:34:38 Mar 21 2023
   Run by =     lyw15
   Run Date =   Tue Oct 21 14:04:50 2025

   Run on =     -001
============================================================
RUN-1002 : start command "open_project ES8388.prj"
RUN-1001 : Print Global Property
RUN-1001 : ---------------------------------------------------------------
RUN-1001 :        Parameters        |  Settings  |  Default Values  |  Note  
RUN-1001 : ---------------------------------------------------------------
RUN-1001 :          message         |  standard  |     standard     |        
RUN-1001 :   mixed_pack_place_flow  |     on     |        on        |        
RUN-1001 :        qor_monitor       |    off     |       off        |        
RUN-1001 :        syn_ip_flow       |    off     |       off        |        
RUN-1001 :          thread          |    auto    |       auto       |        
RUN-1001 : ---------------------------------------------------------------
RUN-1001 : Print Design Property
RUN-1001 : --------------------------------------------------------------
RUN-1001 :        Parameters       |  Settings  |  Default Values  |  Note  
RUN-1001 : --------------------------------------------------------------
RUN-1001 :   default_reg_initial   |    auto    |       auto       |        
RUN-1001 :        infer_add        |     on     |        on        |        
RUN-1001 :        infer_fsm        |    off     |       off        |        
RUN-1001 :        infer_mult       |     on     |        on        |        
RUN-1001 :        infer_ram        |     on     |        on        |        
RUN-1001 :        infer_reg        |     on     |        on        |        
RUN-1001 :   infer_reg_init_value  |     on     |        on        |        
RUN-1001 :        infer_rom        |     on     |        on        |        
RUN-1001 :      infer_shifter      |     on     |        on        |        
RUN-1001 : --------------------------------------------------------------
RUN-1001 : Print Rtl Property
RUN-1001 : --------------------------------------------------------------
RUN-1001 :        Parameters       |  Settings  |  Default Values  |  Note  
RUN-1001 : --------------------------------------------------------------
RUN-1001 :       compress_add      |   ripple   |      ripple      |        
RUN-1001 :        elf_sload        |    off     |       off        |        
RUN-1001 :       fix_undriven      |     0      |        0         |        
RUN-1001 :         flatten         |    off     |       off        |        
RUN-1001 :       gate_sharing      |     on     |        on        |        
RUN-1001 :    hdl_warning_level    |   normal   |      normal      |        
RUN-1001 :   impl_internal_tribuf  |     on     |        on        |        
RUN-1001 :      impl_set_reset     |     on     |        on        |        
RUN-1001 :        infer_gsr        |    off     |       off        |        
RUN-1001 :      keep_hierarchy     |    auto    |       auto       |        
RUN-1001 :        max_fanout       |    9999    |       9999       |        
RUN-1001 :      max_oh2bin_len     |     10     |        10        |        
RUN-1001 :       merge_equal       |     on     |        on        |        
RUN-1001 :       merge_equiv       |     on     |        on        |        
RUN-1001 :        merge_mux        |    off     |       off        |        
RUN-1001 :     min_control_set     |     8      |        8         |        
RUN-1001 :      min_ripple_len     |    auto    |       auto       |        
RUN-1001 :       oh2bin_ratio      |    0.08    |       0.08       |        
RUN-1001 :     opt_adder_fanout    |     on     |        on        |        
RUN-1001 :        opt_arith        |     on     |        on        |        
RUN-1001 :       opt_big_gate      |    off     |       off        |        
RUN-1001 :        opt_const        |     on     |        on        |        
RUN-1001 :      opt_const_mult     |     on     |        on        |        
RUN-1001 :       opt_lessthan      |     on     |        on        |        
RUN-1001 :         opt_mux         |    off     |       off        |        
RUN-1001 :         opt_ram         |    high    |       high       |        
RUN-1001 :      rtl_sim_model      |    off     |       off        |        
RUN-1001 :         seq_syn         |     on     |        on        |        
RUN-1001 : --------------------------------------------------------------
HDL-1007 : analyze verilog file ../../al_ip/clk_wiz_0.v
HDL-1007 : undeclared symbol 'open', assumed default net type 'wire' in ../../al_ip/clk_wiz_0.v(80)
HDL-1007 : analyze verilog file ../../../RTL/audio_receive.v
HDL-1007 : analyze verilog file ../../../RTL/audio_send.v
HDL-1007 : analyze verilog file ../../../RTL/audio_speak.v
HDL-1007 : analyze verilog file ../../../RTL/es8388_config.v
HDL-1007 : analyze verilog file ../../../RTL/es8388_ctrl.v
HDL-1007 : analyze verilog file ../../../RTL/i2c_dri.v
HDL-1007 : analyze verilog file ../../../RTL/i2c_reg_cfg.v
HDL-1007 : analyze verilog file ../../al_ip/TDOA.v
HDL-5007 WARNING: loop variable declaration is not allowed in this mode of Verilog in ../../al_ip/TDOA.v(38)
RUN-1001 : Project manager successfully analyzed 9 source files.
RUN-1002 : start command "import_device eagle_s20.db -package EG4S20BG256"
ARC-1001 : Device Initialization.
ARC-1001 : ------------------------------------------------------------------
ARC-1001 :            OPTION            |          IO          |   SETTING   
ARC-1001 : ------------------------------------------------------------------
ARC-1001 :   cso_b/cclk/mosi/miso/dout  |  T3/R11/T10/P10/S11  |    gpio    
ARC-1001 :             done             |         P13          |    gpio    
ARC-1001 :           program_b          |          T2          |  dedicate  
ARC-1001 :        tdi/tms/tck/tdo       |   C12/A15/C14/E14    |  dedicate  
ARC-1001 : ------------------------------------------------------------------
ARC-1004 : Device setting, marked 5 dedicate IOs in total.
RUN-1002 : start command "import_db ../syn_1/ES8388_gate.db"
RUN-1001 : Importing database generated by Tang Dynasty, V5.6.71036.
RUN-1001 : Database version number 46146.
RUN-1001 : Import flow parameters
RUN-1001 : Import IO constraints
RUN-1001 : Import Inst constraints
RUN-1001 : Import design success TD_VERSION=5.6.71036 , DB_VERSION=46146
RUN-1002 : start command "place"
RUN-1001 : Open license file D:/TD/license/Anlogic.lic
RUN-1001 : Print Global Property
RUN-1001 : ---------------------------------------------------------------
RUN-1001 :        Parameters        |  Settings  |  Default Values  |  Note  
RUN-1001 : ---------------------------------------------------------------
RUN-1001 :          message         |  standard  |     standard     |        
RUN-1001 :   mixed_pack_place_flow  |     on     |        on        |        
RUN-1001 :        qor_monitor       |    off     |       off        |        
RUN-1001 :        syn_ip_flow       |    off     |       off        |        
RUN-1001 :          thread          |    auto    |       auto       |        
RUN-1001 : ---------------------------------------------------------------
RUN-1001 : Print Place Property
RUN-1001 : --------------------------------------------------------------
RUN-1001 :        Parameters       |  Settings  |  Default Values  |  Note  
RUN-1001 : --------------------------------------------------------------
RUN-1001 :      detailed_place     |     on     |        on        |        
RUN-1001 :          effort         |   medium   |      medium      |        
RUN-1001 :         fix_hold        |    off     |       off        |        
RUN-1001 :       legalization      |    ori     |       ori        |        
RUN-1001 :      new_spreading      |     on     |        on        |        
RUN-1001 :        opt_timing       |   medium   |      medium      |        
RUN-1001 :   post_clock_route_opt  |    off     |       off        |        
RUN-1001 :       pr_strategy       |     1      |        1         |        
RUN-1001 :        relaxation       |    1.00    |       1.00       |        
RUN-1001 :         retiming        |    off     |       off        |        
RUN-1001 : --------------------------------------------------------------
PHY-3001 : Placer runs in 24 thread(s).
RUN-1002 : start command "legalize_phy_inst"
SYN-1011 : Flatten model audio_speak
RUN-1002 : start command "phys_opt -simplify_lut"
SYN-4016 : Net ilaclk_1_dup_1 driven by BUFG (0 clock/control pins, 2 other pins).
SYN-4016 : Net ilaclk_2_dup_1 driven by BUFG (0 clock/control pins, 2 other pins).
SYN-4016 : Net ilaclk_dup_1 driven by BUFG (0 clock/control pins, 2 other pins).
SYN-4027 : Net aud_mclk_1_dup_1 is clkc1 of pll u1_pll_clk/pll_inst.
SYN-4019 : Net sys_clk_dup_1 is refclk of pll u1_pll_clk/pll_inst.
SYN-4020 : Net sys_clk_dup_1 is fbclk of pll u1_pll_clk/pll_inst.
SYN-4027 : Net aud_mclk_2_dup_1 is clkc1 of pll u2_pll_clk/pll_inst.
SYN-4019 : Net sys_clk_dup_1 is refclk of pll u2_pll_clk/pll_inst.
SYN-4020 : Net sys_clk_dup_1 is fbclk of pll u2_pll_clk/pll_inst.
SYN-4027 : Net aud_mclk_dup_1 is clkc1 of pll u_pll_clk/pll_inst.
SYN-4019 : Net sys_clk_dup_1 is refclk of pll u_pll_clk/pll_inst.
SYN-4020 : Net sys_clk_dup_1 is fbclk of pll u_pll_clk/pll_inst.
SYN-4024 : Net "aud_bclk_dup_1" drives clk pins.
SYN-4024 : Net "aud_bclk_1_dup_1" drives clk pins.
SYN-4024 : Net "aud_bclk_2_dup_1" drives clk pins.
SYN-4024 : Net "u1_es8388_ctrl/u_es8388_config/u_i2c_dri/dri_clk" drives clk pins.
SYN-4024 : Net "u2_es8388_ctrl/u_es8388_config/u_i2c_dri/dri_clk" drives clk pins.
SYN-4024 : Net "u_es8388_ctrl/u_es8388_config/u_i2c_dri/dri_clk" drives clk pins.
SYN-4025 : Tag rtl::Net aud_bclk_1_dup_1 as clock net
SYN-4025 : Tag rtl::Net aud_bclk_2_dup_1 as clock net
SYN-4025 : Tag rtl::Net aud_bclk_dup_1 as clock net
SYN-4025 : Tag rtl::Net aud_mclk_1_dup_1 as clock net
SYN-4025 : Tag rtl::Net aud_mclk_2_dup_1 as clock net
SYN-4025 : Tag rtl::Net aud_mclk_dup_1 as clock net
SYN-4025 : Tag rtl::Net ilaclk_1_dup_1 as clock net
SYN-4025 : Tag rtl::Net ilaclk_2_dup_1 as clock net
SYN-4025 : Tag rtl::Net ilaclk_dup_1 as clock net
SYN-4025 : Tag rtl::Net sys_clk_dup_1 as clock net
SYN-4025 : Tag rtl::Net u1_es8388_ctrl/u_es8388_config/u_i2c_dri/dri_clk as clock net
SYN-4025 : Tag rtl::Net u2_es8388_ctrl/u_es8388_config/u_i2c_dri/dri_clk as clock net
SYN-4025 : Tag rtl::Net u_es8388_ctrl/u_es8388_config/u_i2c_dri/dri_clk as clock net
SYN-4026 : Tagged 13 rtl::Net as clock net
SYN-4015 : Create BUFG instance for clk Net aud_bclk_1_dup_1 to drive 80 clock pins.
SYN-4015 : Create BUFG instance for clk Net aud_bclk_dup_1 to drive 80 clock pins.
SYN-4015 : Create BUFG instance for clk Net u1_es8388_ctrl/u_es8388_config/u_i2c_dri/dri_clk to drive 59 clock pins.
SYN-4015 : Create BUFG instance for clk Net u2_es8388_ctrl/u_es8388_config/u_i2c_dri/dri_clk to drive 59 clock pins.
SYN-4015 : Create BUFG instance for clk Net u_es8388_ctrl/u_es8388_config/u_i2c_dri/dri_clk to drive 59 clock pins.
PHY-1001 : Populate physical database on model audio_speak.
RUN-1001 : There are total 2863 instances
RUN-0007 : 1247 luts, 1375 seqs, 119 mslices, 65 lslices, 39 pads, 0 brams, 4 dsps
RUN-1001 : There are total 3214 nets
RUN-1001 : 2460 nets have 2 pins
RUN-1001 : 508 nets have [3 - 5] pins
RUN-1001 : 75 nets have [6 - 10] pins
RUN-1001 : 108 nets have [11 - 20] pins
RUN-1001 : 53 nets have [21 - 99] pins
RUN-1001 : 10 nets have 100+ pins
RUN-1001 : Report Control nets information:
RUN-1001 : DFF Distribution
RUN-1001 : ----------------------------------
RUN-1001 :   CE   |  SSR  |  ASR  |  DFF Count  
RUN-1001 : ----------------------------------
RUN-1001 :   No   |  No   |  No   |      0      
RUN-1001 :   No   |  No   |  Yes  |     298     
RUN-1001 :   No   |  Yes  |  No   |      0      
RUN-1001 :   Yes  |  No   |  No   |      0      
RUN-1001 :   Yes  |  No   |  Yes  |    1053     
RUN-1001 :   Yes  |  Yes  |  No   |     24      
RUN-1001 : ----------------------------------
RUN-0007 : Control Group Statistic
RUN-0007 : ---------------------------
RUN-0007 :   #CLK  |  #CE  |  #SSR/ASR  
RUN-0007 : ---------------------------
RUN-0007 :    7    |  33   |     7      
RUN-0007 : ---------------------------
RUN-0007 : Control Set = 42
PHY-3001 : Initial placement ...
PHY-3001 : design contains 2861 instances, 1247 luts, 1375 seqs, 184 slices, 30 macros(184 instances: 119 mslices 65 lslices)
PHY-0007 : Cell area utilization is 8%
PHY-3001 : Global placement ...
PHY-3001 : Initial: Len = 689791
PHY-3001 : Clustering ...
PHY-3001 : Level 0 #clusters 2861.
PHY-3001 : End clustering;  0.000037s wall, 0.000000s user + 0.000000s system = 0.000000s CPU (n/a%)

PHY-3001 : Run with size of 4
PHY-3001 : Cell area utilization is 8%
PHY-3001 : :::0::: Try harder cell spreading with beta_ = 0
PHY-3002 : Step(1): len = 507523, overlap = 9
PHY-3002 : Step(2): len = 428005, overlap = 9
PHY-3002 : Step(3): len = 222784, overlap = 9
PHY-3002 : Step(4): len = 198134, overlap = 9
PHY-3002 : Step(5): len = 162354, overlap = 9
PHY-3002 : Step(6): len = 152062, overlap = 6.75
PHY-3002 : Step(7): len = 137475, overlap = 2.25
PHY-3002 : Step(8): len = 129408, overlap = 6.75
PHY-3002 : Step(9): len = 122770, overlap = 6.75
PHY-3002 : Step(10): len = 118195, overlap = 6.75
PHY-3002 : Step(11): len = 107859, overlap = 5.25
PHY-3002 : Step(12): len = 100810, overlap = 11.9375
PHY-3002 : Step(13): len = 95604.1, overlap = 9.6875
PHY-3002 : Step(14): len = 93141.1, overlap = 9.25
PHY-3002 : Step(15): len = 88077.3, overlap = 7.15625
PHY-3001 : :::1::: Try harder cell spreading with beta_ = 0.000468078
PHY-3002 : Step(16): len = 88814.6, overlap = 7.15625
PHY-3002 : Step(17): len = 88614.8, overlap = 5
PHY-3002 : Step(18): len = 88669.9, overlap = 5
PHY-3002 : Step(19): len = 87520, overlap = 5
PHY-3002 : Step(20): len = 86850.4, overlap = 7.34375
PHY-3002 : Step(21): len = 86641.3, overlap = 5.09375
PHY-3002 : Step(22): len = 86713.4, overlap = 4.9375
PHY-3001 : :::2::: Try harder cell spreading with beta_ = 0.000936155
PHY-3002 : Step(23): len = 86690.5, overlap = 4.75
PHY-3002 : Step(24): len = 86582.3, overlap = 4.75
PHY-3001 : :::3::: Try harder cell spreading with beta_ = 0.00187231
PHY-3002 : Step(25): len = 86394.7, overlap = 4.75
PHY-3002 : Step(26): len = 86274.3, overlap = 4.75
PHY-3001 : Legalization ...
PHY-3001 : End legalization;  0.008226s wall, 0.015625s user + 0.000000s system = 0.015625s CPU (189.9%)

PHY-3001 : Run with size of 4
PHY-3001 : Cell area utilization is 10%
PHY-3001 : :::0::: Try harder cell spreading with beta_ = 7.66019e-05
PHY-3002 : Step(27): len = 83533.3, overlap = 8.90625
PHY-3002 : Step(28): len = 80008.8, overlap = 6.25
PHY-3002 : Step(29): len = 80275.7, overlap = 7.625
PHY-3002 : Step(30): len = 71455.5, overlap = 12.8438
PHY-3002 : Step(31): len = 67185.4, overlap = 13.3125
PHY-3002 : Step(32): len = 64369.2, overlap = 15.5312
PHY-3002 : Step(33): len = 65611.1, overlap = 19.6562
PHY-3002 : Step(34): len = 66580.8, overlap = 26.1562
PHY-3002 : Step(35): len = 65534.2, overlap = 33.375
PHY-3002 : Step(36): len = 61047.6, overlap = 34.125
PHY-3002 : Step(37): len = 59046.2, overlap = 37.5938
PHY-3002 : Step(38): len = 58215.1, overlap = 35.0312
PHY-3002 : Step(39): len = 59231.8, overlap = 32.75
PHY-3002 : Step(40): len = 60139.1, overlap = 35.6562
PHY-3002 : Step(41): len = 60177.8, overlap = 36.5312
PHY-3002 : Step(42): len = 58122.7, overlap = 43.8125
PHY-3002 : Step(43): len = 58341.9, overlap = 44.5625
PHY-3002 : Step(44): len = 59489.2, overlap = 39.125
PHY-3002 : Step(45): len = 55313.3, overlap = 36.3125
PHY-3002 : Step(46): len = 53724.6, overlap = 37.0625
PHY-3002 : Step(47): len = 52726.6, overlap = 36.8438
PHY-3002 : Step(48): len = 51380.4, overlap = 36.3125
PHY-3002 : Step(49): len = 51413.2, overlap = 36.6562
PHY-3002 : Step(50): len = 51614.5, overlap = 37.875
PHY-3001 : :::1::: Try harder cell spreading with beta_ = 0.000153204
PHY-3002 : Step(51): len = 51376, overlap = 38.125
PHY-3002 : Step(52): len = 51193.5, overlap = 38.25
PHY-3002 : Step(53): len = 51141.4, overlap = 37.75
PHY-3001 : :::2::: Try harder cell spreading with beta_ = 0.000289923
PHY-3002 : Step(54): len = 52777.9, overlap = 37.4062
PHY-3002 : Step(55): len = 53299.5, overlap = 37.4375
PHY-3002 : Step(56): len = 53548.5, overlap = 37.0625
PHY-3001 : Run with size of 2
PHY-3001 : Cell area utilization is 10%
PHY-3001 : :::0::: Try harder cell spreading with beta_ = 2.67395e-05
PHY-3002 : Step(57): len = 54298.3, overlap = 87.4062
PHY-3002 : Step(58): len = 56294.8, overlap = 83.5938
PHY-3002 : Step(59): len = 57909.3, overlap = 80.4062
PHY-3002 : Step(60): len = 57634.9, overlap = 74.9375
PHY-3002 : Step(61): len = 55094.2, overlap = 69.5312
PHY-3002 : Step(62): len = 55169.2, overlap = 68.3438
PHY-3002 : Step(63): len = 55626.2, overlap = 69.4688
PHY-3002 : Step(64): len = 55461.6, overlap = 72.7188
PHY-3001 : :::1::: Try harder cell spreading with beta_ = 5.34791e-05
PHY-3002 : Step(65): len = 54217.9, overlap = 69.5625
PHY-3002 : Step(66): len = 53867.1, overlap = 69.5
PHY-3002 : Step(67): len = 53758.8, overlap = 71.2188
PHY-3001 : :::2::: Try harder cell spreading with beta_ = 0.000105044
PHY-3002 : Step(68): len = 55391.8, overlap = 59.125
PHY-3002 : Step(69): len = 55281.8, overlap = 58.2188
PHY-3002 : Step(70): len = 55991.9, overlap = 56.9375
PHY-3002 : Step(71): len = 56503.7, overlap = 50.375
PHY-3002 : Step(72): len = 56735.6, overlap = 48.7188
PHY-3002 : Step(73): len = 56126.1, overlap = 45
PHY-3001 : :::3::: Try harder cell spreading with beta_ = 0.000210089
PHY-3002 : Step(74): len = 55904.3, overlap = 44.875
PHY-3002 : Step(75): len = 55902.6, overlap = 44.625
OPT-1001 : Start physical optimization ...
OPT-1001 : Total overflow 119.66 peak overflow 3.50
OPT-1001 : Start high-fanout net optimization ...
OPT-1001 : Update timing in global mode
PHY-1001 : Start incremental global routing, caller is place ...
RUN-1001 : Generating global routing grids ...
RUN-1001 : Building simple global routing graph ...
PHY-1001 : Generate routing nets ...
PHY-1001 : Reuse net number 0/3214.
PHY-1001 : Global iterations in 24 thread ...
PHY-1002 : len = 67424, over cnt = 351(0%), over = 1483, worst = 19
PHY-1001 : End global iterations;  0.102192s wall, 0.093750s user + 0.078125s system = 0.171875s CPU (168.2%)

PHY-1001 : Congestion index: top1 = 44.01, top5 = 29.66, top10 = 20.86, top15 = 15.21.
PHY-1001 : End incremental global routing;  0.142221s wall, 0.093750s user + 0.109375s system = 0.203125s CPU (142.8%)

RUN-1002 : start command "start_timer -report"
TMR-5001 WARNING: No sdc constraints found while initiating timer.
TMR-2505 : Start building timing graph for model audio_speak.
TMR-2506 : Build timing graph completely. Port num: 36, tpin num: 14266, tnet num: 3212, tinst num: 2861, tnode num: 19543, tedge num: 24920.
TMR-2508 : Levelizing timing graph completed, there are 73 levels in total.
TMR-2501 : Timing graph initialized successfully.
OPT-1001 : End timing update;  0.221306s wall, 0.203125s user + 0.000000s system = 0.203125s CPU (91.8%)

OPT-1001 : 0 high-fanout net processed.
OPT-1001 : End high-fanout net optimization;  0.395259s wall, 0.328125s user + 0.109375s system = 0.437500s CPU (110.7%)

OPT-1001 : Current memory(MB): used = 227, reserve = 198, peak = 227.
OPT-1001 : End physical optimization;  0.426977s wall, 0.359375s user + 0.109375s system = 0.468750s CPU (109.8%)

PHY-3001 : Start packing ...
SYN-4007 : Packing 0 MUX to BLE ...
SYN-4008 : Packed 0 MUX and 0 SEQ to BLE.
SYN-4007 : Packing 1247 LUT to BLE ...
SYN-4008 : Packed 1247 LUT and 394 SEQ to BLE.
SYN-4003 : Packing 981 remaining SEQ's ...
SYN-4005 : Packed 624 SEQ with LUT/SLICE
SYN-4006 : 259 single LUT's are left
SYN-4006 : 357 single SEQ's are left
SYN-4011 : Packing model "audio_speak" (AL_USER_NORMAL) with 1604/1845 primitive instances ...
PHY-3001 : End packing;  0.089728s wall, 0.078125s user + 0.015625s system = 0.093750s CPU (104.5%)

PHY-1001 : Populate physical database on model audio_speak.
RUN-1001 : There are total 1183 instances
RUN-1001 : 563 mslices, 563 lslices, 39 pads, 0 brams, 4 dsps
RUN-1001 : There are total 2830 nets
RUN-1001 : 2056 nets have 2 pins
RUN-1001 : 525 nets have [3 - 5] pins
RUN-1001 : 76 nets have [6 - 10] pins
RUN-1001 : 113 nets have [11 - 20] pins
RUN-1001 : 53 nets have [21 - 99] pins
RUN-1001 : 7 nets have 100+ pins
PHY-3001 : design contains 1181 instances, 1126 slices, 30 macros(184 instances: 119 mslices 65 lslices)
PHY-3001 : Cell area utilization is 14%
PHY-3001 : After packing: Len = 59253.4, Over = 88.5
PHY-3001 : Run with size of 2
PHY-3001 : Cell area utilization is 14%
PHY-3001 : :::0::: Try harder cell spreading with beta_ = 1.90878e-05
PHY-3002 : Step(76): len = 56232.3, overlap = 88.25
PHY-3002 : Step(77): len = 56201.5, overlap = 92.25
PHY-3002 : Step(78): len = 55623.3, overlap = 101
PHY-3002 : Step(79): len = 55042.9, overlap = 100.75
PHY-3002 : Step(80): len = 54664.3, overlap = 102.75
PHY-3001 : :::1::: Try harder cell spreading with beta_ = 3.81756e-05
PHY-3002 : Step(81): len = 55383, overlap = 100
PHY-3002 : Step(82): len = 56234.6, overlap = 93
PHY-3002 : Step(83): len = 56705.5, overlap = 86.25
PHY-3001 : :::2::: Try harder cell spreading with beta_ = 7.63511e-05
PHY-3002 : Step(84): len = 58174.4, overlap = 78.25
PHY-3002 : Step(85): len = 58655.2, overlap = 76.75
PHY-3002 : Step(86): len = 59411.5, overlap = 70.25
PHY-3001 : Legalization ...
PHY-3001 : End legalization;  0.144627s wall, 0.281250s user + 0.140625s system = 0.421875s CPU (291.7%)

PHY-3001 : Trial Legalized: Len = 83251.1
PHY-3001 : Run with size of 2
PHY-3001 : Cell area utilization is 14%
PHY-3001 : :::0::: Try harder cell spreading with beta_ = 0.000169108
PHY-3002 : Step(87): len = 70211.7, overlap = 28.25
PHY-3002 : Step(88): len = 66260.8, overlap = 41.25
PHY-3002 : Step(89): len = 63576.7, overlap = 49.25
PHY-3002 : Step(90): len = 63059.5, overlap = 52.5
PHY-3002 : Step(91): len = 62315.1, overlap = 53.75
PHY-3002 : Step(92): len = 62015.7, overlap = 55.5
PHY-3002 : Step(93): len = 61714.4, overlap = 53
PHY-3001 : :::1::: Try harder cell spreading with beta_ = 0.000338216
PHY-3002 : Step(94): len = 62313.2, overlap = 56.5
PHY-3002 : Step(95): len = 62468.6, overlap = 56.25
PHY-3002 : Step(96): len = 62477.3, overlap = 56.25
PHY-3001 : :::2::: Try harder cell spreading with beta_ = 0.000671855
PHY-3002 : Step(97): len = 63147.9, overlap = 56.5
PHY-3002 : Step(98): len = 63427.6, overlap = 56
PHY-3001 : Legalization ...
PHY-3001 : End legalization;  0.004980s wall, 0.000000s user + 0.000000s system = 0.000000s CPU (n/a%)

PHY-3001 : Legalized: Len = 75379.6, Over = 0
PHY-3001 : Spreading special nets. 13 overflows in 2952 tiles.
PHY-3001 : End spreading;  0.006100s wall, 0.000000s user + 0.000000s system = 0.000000s CPU (n/a%)

PHY-3001 : 19 instances has been re-located, deltaX = 14, deltaY = 18, maxDist = 3.
PHY-3001 : Final: Len = 76147.6, Over = 0
OPT-1001 : Start physical optimization ...
OPT-1001 : Total overflow 0.00 peak overflow 0.00
OPT-1001 : Start high-fanout net optimization ...
OPT-1001 : Update timing in global mode
PHY-1001 : Start incremental global routing, caller is place ...
RUN-1001 : Generating global routing grids ...
PHY-1001 : Generate routing nets ...
PHY-1001 : Reuse net number 60/2830.
PHY-1001 : Global iterations in 24 thread ...
PHY-1002 : len = 96208, over cnt = 323(0%), over = 622, worst = 7
PHY-1002 : len = 99376, over cnt = 156(0%), over = 238, worst = 5
PHY-1002 : len = 101416, over cnt = 50(0%), over = 89, worst = 5
PHY-1002 : len = 102440, over cnt = 5(0%), over = 5, worst = 1
PHY-1002 : len = 102648, over cnt = 0(0%), over = 0, worst = 0
PHY-1001 : End global iterations;  0.172170s wall, 0.140625s user + 0.062500s system = 0.203125s CPU (118.0%)

PHY-1001 : Congestion index: top1 = 33.69, top5 = 27.38, top10 = 23.25, top15 = 19.76.
PHY-1001 : End incremental global routing;  0.219362s wall, 0.187500s user + 0.062500s system = 0.250000s CPU (114.0%)

RUN-1002 : start command "start_timer -report"
TMR-5001 WARNING: No sdc constraints found while initiating timer.
TMR-2505 : Start building timing graph for model audio_speak.
TMR-2506 : Build timing graph completely. Port num: 36, tpin num: 12182, tnet num: 2828, tinst num: 1181, tnode num: 15961, tedge num: 22109.
TMR-2508 : Levelizing timing graph completed, there are 71 levels in total.
TMR-2501 : Timing graph initialized successfully.
OPT-1001 : End timing update;  0.237719s wall, 0.218750s user + 0.015625s system = 0.234375s CPU (98.6%)

OPT-1001 : 0 high-fanout net processed.
OPT-1001 : End high-fanout net optimization;  0.493652s wall, 0.437500s user + 0.078125s system = 0.515625s CPU (104.5%)

OPT-1001 : Current memory(MB): used = 234, reserve = 205, peak = 234.
OPT-1001 : Update timing in Manhattan mode
OPT-1001 : End timing update;  0.002793s wall, 0.000000s user + 0.000000s system = 0.000000s CPU (n/a%)

OPT-1001 : Start pin optimization...
OPT-1001 : skip pin optimization...
RUN-1001 : Generating global routing grids ...
PHY-1001 : Generate routing nets ...
PHY-1001 : Reuse net number 2238/2830.
PHY-1001 : Global iterations in 24 thread ...
PHY-1002 : len = 102648, over cnt = 0(0%), over = 0, worst = 0
PHY-1001 : End global iterations;  0.004972s wall, 0.000000s user + 0.000000s system = 0.000000s CPU (n/a%)

PHY-1001 : Congestion index: top1 = 33.69, top5 = 27.38, top10 = 23.25, top15 = 19.76.
OPT-1001 : Update timing in Manhattan mode
OPT-1001 : End timing update;  0.003483s wall, 0.000000s user + 0.000000s system = 0.000000s CPU (n/a%)

RUN-1001 : QoR Analysis:
OPT-0007 :   WNS 2147483647 TNS 0 NUM_FEPS 0
RUN-1001 :   No local congestion issue, and most congested 1% tile average routing util is 33.275862
RUN-1001 :   Top critical paths
OPT-1001 : End physical optimization;  0.563674s wall, 0.515625s user + 0.078125s system = 0.593750s CPU (105.3%)

RUN-1003 : finish command "place" in  4.014354s wall, 7.375000s user + 5.250000s system = 12.625000s CPU (314.5%)

RUN-1004 : used memory is 196 MB, reserved memory is 167 MB, peak memory is 236 MB
RUN-1002 : start command "export_db ES8388_place.db"
RUN-1001 : Exported /
RUN-1001 : Exported flow parameters
RUN-1001 : Exported libs
RUN-1001 : Exported entities
RUN-1001 : Exported ports
RUN-1001 : Exported pins
RUN-1001 : Exported instances
RUN-1001 : Exported nets
RUN-1001 : Exported buses
RUN-1001 : Exported models
RUN-1001 : Exported congestions
RUN-1001 : Exported violations
RUN-1001 : Exported IO constraints
RUN-1001 : Exported Inst constraints
RUN-1002 : start command "route"
RUN-1001 : Open license file D:/TD/license/Anlogic.lic
RUN-1001 : Print Global Property
RUN-1001 : ---------------------------------------------------------------
RUN-1001 :        Parameters        |  Settings  |  Default Values  |  Note  
RUN-1001 : ---------------------------------------------------------------
RUN-1001 :          message         |  standard  |     standard     |        
RUN-1001 :   mixed_pack_place_flow  |     on     |        on        |        
RUN-1001 :        qor_monitor       |    off     |       off        |        
RUN-1001 :        syn_ip_flow       |    off     |       off        |        
RUN-1001 :          thread          |    auto    |       auto       |        
RUN-1001 : ---------------------------------------------------------------
RUN-1001 : Print Route Property
RUN-1001 : -------------------------------------------------------
RUN-1001 :    Parameters    |  Settings  |  Default Values  |  Note  
RUN-1001 : -------------------------------------------------------
RUN-1001 :      effort      |   medium   |      medium      |        
RUN-1001 :     fix_hold     |    off     |       off        |        
RUN-1001 :    opt_timing    |   medium   |      medium      |        
RUN-1001 :   phy_sim_model  |    off     |       off        |        
RUN-1001 :     priority     |   timing   |      timing      |        
RUN-1001 :     swap_pin     |     on     |        on        |        
RUN-1001 : -------------------------------------------------------
PHY-1001 : Route runs in 24 thread(s)
RUN-1001 : There are total 1183 instances
RUN-1001 : 563 mslices, 563 lslices, 39 pads, 0 brams, 4 dsps
RUN-1001 : There are total 2830 nets
RUN-1001 : 2056 nets have 2 pins
RUN-1001 : 525 nets have [3 - 5] pins
RUN-1001 : 76 nets have [6 - 10] pins
RUN-1001 : 113 nets have [11 - 20] pins
RUN-1001 : 53 nets have [21 - 99] pins
RUN-1001 : 7 nets have 100+ pins
RUN-1002 : start command "start_timer -report"
TMR-5001 WARNING: No sdc constraints found while initiating timer.
TMR-2505 : Start building timing graph for model audio_speak.
TMR-2506 : Build timing graph completely. Port num: 36, tpin num: 12182, tnet num: 2828, tinst num: 1181, tnode num: 15961, tedge num: 22109.
TMR-2508 : Levelizing timing graph completed, there are 71 levels in total.
TMR-2501 : Timing graph initialized successfully.
PHY-1001 : 563 mslices, 563 lslices, 39 pads, 0 brams, 4 dsps
TMR-2503 : Start to update net delay, extr mode = 3.
TMR-2504 : Update delay of 2828 nets completely.
TMR-2502 : Annotate delay completely, extr mode = 3.
TMR-3002 : No user constraint, initiate default constraint.
TMR-1501 : Assign derive clock DeriveClock to 1712 clock pins, and constraint 3770 relative nodes.
TMR-3003 : Constraints initiated successfully.
TMR-3501 : Forward propagation: start to calculate arrival time...
TMR-3502 : Backward propagation: start to calculate required time...
TMR-3503 : Timing propagation completes.
PHY-1001 : Start global routing, caller is route ...
RUN-1001 : Generating global routing grids ...
PHY-1001 : Generate routing nets ...
PHY-1001 : Global iterations in 24 thread ...
PHY-1002 : len = 95848, over cnt = 321(0%), over = 621, worst = 7
PHY-1002 : len = 98912, over cnt = 163(0%), over = 246, worst = 4
PHY-1002 : len = 101576, over cnt = 17(0%), over = 24, worst = 4
PHY-1002 : len = 101912, over cnt = 0(0%), over = 0, worst = 0
PHY-1001 : End global iterations;  0.188693s wall, 0.156250s user + 0.031250s system = 0.187500s CPU (99.4%)

PHY-1001 : Congestion index: top1 = 33.69, top5 = 27.24, top10 = 23.04, top15 = 19.59.
PHY-1001 : End global routing;  0.238277s wall, 0.218750s user + 0.031250s system = 0.250000s CPU (104.9%)

PHY-1001 : Start detail routing ...
PHY-1001 : Current memory(MB): used = 281, reserve = 253, peak = 301.
PHY-1001 : Detailed router is running in normal mode.
PHY-1001 : Generate detailed routing grids ...
PHY-1001 : Processed IO instance aud_dacdat_syn_4 with INV attribute.
PHY-1001 : Processed IO instance aud_dacdat_1_syn_4 with INV attribute.
PHY-1001 : Processed IO instance aud_dacdat_2_syn_4 with INV attribute.
PHY-1001 : Generate nets ...
PHY-1001 : clock net aud_bclk_syn_4 will be merged with clock aud_bclk_dup_1
PHY-1001 : clock net aud_bclk_1_syn_4 will be merged with clock aud_bclk_1_dup_1
PHY-1001 : net aud_bclk_2_dup_1 will be routed on clock mesh
PHY-1001 : net aud_mclk_dup_1 will be routed on clock mesh
PHY-1001 : net aud_mclk_1_dup_1 will be routed on clock mesh
PHY-1001 : net aud_mclk_2_dup_1 will be routed on clock mesh
PHY-1001 : clock net ilaclk_dup_1 will be merged with clock u_pll_clk/clk0_buf
PHY-1001 : clock net ilaclk_1_dup_1 will be merged with clock u1_pll_clk/clk0_buf
PHY-1001 : clock net ilaclk_2_dup_1 will be merged with clock u2_pll_clk/clk0_buf
PHY-1001 : net sys_clk_dup_1 will be routed on clock mesh
PHY-1001 : clock net u_es8388_ctrl/u_es8388_config/u_i2c_dri/dri_clk_syn_4 will be merged with clock u_es8388_ctrl/u_es8388_config/u_i2c_dri/dri_clk
PHY-1001 : clock net u1_es8388_ctrl/u_es8388_config/u_i2c_dri/dri_clk_syn_4 will be merged with clock u1_es8388_ctrl/u_es8388_config/u_i2c_dri/dri_clk
PHY-1001 : clock net u2_es8388_ctrl/u_es8388_config/u_i2c_dri/dri_clk_syn_4 will be merged with clock u2_es8388_ctrl/u_es8388_config/u_i2c_dri/dri_clk
PHY-1001 : Current memory(MB): used = 545, reserve = 522, peak = 545.
PHY-1001 : End build detailed router design. 2.577322s wall, 2.390625s user + 0.109375s system = 2.500000s CPU (97.0%)

PHY-1001 : Detail Route ...
PHY-1001 : ===== Detail Route Phase 1 =====
PHY-1001 : Clock net routing.....
PHY-1001 : Routed 0% nets.
PHY-1022 : len = 41656, over cnt = 0(0%), over = 0, worst = 0, crit = 0
PHY-1001 : End initial clock net routed; 2.580608s wall, 2.562500s user + 0.000000s system = 2.562500s CPU (99.3%)

PHY-1001 : Current memory(MB): used = 578, reserve = 556, peak = 578.
PHY-1001 : End phase 1; 2.586330s wall, 2.578125s user + 0.000000s system = 2.578125s CPU (99.7%)

PHY-1001 : ===== Detail Route Phase 2 =====
PHY-1001 : Initial routing.....
PHY-1001 : Routed 39% nets.
PHY-1001 : Routed 47% nets.
PHY-1001 : Routed 61% nets.
PHY-1001 : Routed 75% nets.
PHY-1001 : Routed 92% nets.
PHY-1022 : len = 400376, over cnt = 250(0%), over = 250, worst = 1, crit = 0
PHY-1001 : Current memory(MB): used = 580, reserve = 557, peak = 580.
PHY-1001 : End initial routed; 2.015703s wall, 1.953125s user + 1.125000s system = 3.078125s CPU (152.7%)

PHY-1001 : Current memory(MB): used = 580, reserve = 557, peak = 580.
PHY-1001 : End phase 2; 2.015797s wall, 1.953125s user + 1.125000s system = 3.078125s CPU (152.7%)

PHY-1001 : ===== Detail Route Phase 3 =====
PHY-1001 : Ripup-reroute.....
PHY-1001 : ===== DR Iter 1 =====
PHY-1022 : len = 392688, over cnt = 92(0%), over = 93, worst = 2, crit = 0
PHY-1001 : End DR Iter 1; 0.347174s wall, 0.328125s user + 0.031250s system = 0.359375s CPU (103.5%)

PHY-1001 : ===== DR Iter 2 =====
PHY-1022 : len = 392016, over cnt = 6(0%), over = 6, worst = 1, crit = 0
PHY-1001 : End DR Iter 2; 0.135452s wall, 0.125000s user + 0.078125s system = 0.203125s CPU (150.0%)

PHY-1001 : ===== DR Iter 3 =====
PHY-1022 : len = 392056, over cnt = 0(0%), over = 0, worst = 0, crit = 0
PHY-1001 : End DR Iter 3; 0.054320s wall, 0.015625s user + 0.015625s system = 0.031250s CPU (57.5%)

PHY-1001 : Commit to database.....
PHY-1001 : 81 feed throughs used by 51 nets
PHY-1001 : End commit to database; 0.259428s wall, 0.250000s user + 0.015625s system = 0.265625s CPU (102.4%)

PHY-1001 : Current memory(MB): used = 598, reserve = 576, peak = 598.
PHY-1001 : End phase 3; 0.909492s wall, 0.796875s user + 0.140625s system = 0.937500s CPU (103.1%)

PHY-1003 : Routed, final wirelength = 392056
PHY-1001 : Current memory(MB): used = 599, reserve = 576, peak = 599.
PHY-1001 : End export database. 0.009080s wall, 0.015625s user + 0.000000s system = 0.015625s CPU (172.1%)

PHY-1001 : End detail routing;  8.266036s wall, 7.890625s user + 1.375000s system = 9.265625s CPU (112.1%)

RUN-1003 : finish command "route" in  8.872372s wall, 8.437500s user + 1.421875s system = 9.859375s CPU (111.1%)

RUN-1004 : used memory is 506 MB, reserved memory is 484 MB, peak memory is 599 MB
RUN-1002 : start command "report_area -io_info -file ES8388_phy.area"
RUN-1001 : standard
***Report Model: audio_speak Device: EG4S20BG256***

IO Statistics
#IO                        39
  #input                   15
  #output                  21
  #inout                    3

Utilization Statistics
#lut                     1663   out of  19600    8.48%
#reg                     1375   out of  19600    7.02%
#le                      2020
  #lut only               645   out of   2020   31.93%
  #reg only               357   out of   2020   17.67%
  #lut&reg               1018   out of   2020   50.40%
#dsp                        4   out of     29   13.79%
#bram                       0   out of     64    0.00%
  #bram9k                   0
  #fifo9k                   0
#bram32k                    0   out of     16    0.00%
#pad                       39   out of    188   20.74%
  #ireg                     6
  #oreg                    12
  #treg                     3
#pll                        3   out of      4   75.00%
#gclk                       8   out of     16   50.00%

Clock Resource Statistics
Index     ClockNet                                            Type               DriverType         Driver                                                           Fanout
#1        sys_clk_dup_1                                       GCLK               io                 sys_clk_syn_2.di                                                 595
#2        aud_bclk_2_dup_1                                    GCLK               io                 aud_bclk_2_syn_2.di                                              48
#3        aud_bclk_1_dup_1                                    GCLK               io                 aud_bclk_1_syn_2.di                                              45
#4        u_es8388_ctrl/u_es8388_config/u_i2c_dri/dri_clk     GCLK               mslice             u_es8388_ctrl/u_es8388_config/u_i2c_dri/dri_clk_reg_syn_9.q1     44
#5        aud_bclk_dup_1                                      GCLK               io                 aud_bclk_syn_2.di                                                43
#6        u2_es8388_ctrl/u_es8388_config/u_i2c_dri/dri_clk    GCLK               lslice             u2_es8388_ctrl/u_es8388_config/u_i2c_dri/dri_clk_reg_syn_9.q1    43
#7        u1_es8388_ctrl/u_es8388_config/u_i2c_dri/dri_clk    GCLK               mslice             u1_es8388_ctrl/u_es8388_config/u_i2c_dri/dri_clk_reg_syn_9.q1    41
#8        aud_mclk_1_dup_1                                    GCLK               pll                u1_pll_clk/pll_inst.clkc1                                        0
#9        aud_mclk_2_dup_1                                    GCLK               pll                u2_pll_clk/pll_inst.clkc1                                        0
#10       aud_mclk_dup_1                                      GCLK               pll                u_pll_clk/pll_inst.clkc1                                         0
#11       u1_pll_clk/clk0_buf                                 GCLK               pll                u1_pll_clk/pll_inst.clkc0                                        0
#12       u2_pll_clk/clk0_buf                                 GCLK               pll                u2_pll_clk/pll_inst.clkc0                                        0
#13       u_pll_clk/clk0_buf                                  GCLK               pll                u_pll_clk/pll_inst.clkc0                                         0


Detailed IO Report

      Name        Direction    Location    IOStandard    DriveStrength    PullType     PackReg   
   aud_adcdat       INPUT        R14        LVCMOS25          N/A          PULLUP       IREG     
  aud_adcdat_1      INPUT         F7        LVCMOS25          N/A          PULLUP       IREG     
  aud_adcdat_2      INPUT        H15        LVCMOS25          N/A          PULLUP       IREG     
    aud_bclk        INPUT         M6        LVCMOS25          N/A          PULLUP       NONE     
   aud_bclk_1       INPUT         C4        LVCMOS25          N/A          PULLUP       NONE     
   aud_bclk_2       INPUT        F13        LVCMOS25          N/A          PULLUP       NONE     
    aud_lrc         INPUT         M7        LVCMOS25          N/A          PULLUP       IREG     
   aud_lrc_1        INPUT         D6        LVCMOS25          N/A          PULLUP       IREG     
   aud_lrc_2        INPUT        H13        LVCMOS25          N/A          PULLUP       IREG     
    sys_clk         INPUT         R7        LVCMOS25          N/A          PULLUP       NONE     
   sys_rst_n        INPUT         E3        LVCMOS25          N/A          PULLUP       NONE     
  sys_rst_n_1       INPUT         A9        LVCMOS25          N/A          PULLUP       NONE     
  sys_rst_n_2       INPUT        A10        LVCMOS25          N/A          PULLUP       NONE     
   volume[1]        INPUT        A11        LVCMOS25          N/A          PULLUP       NONE     
   volume[0]        INPUT        B10        LVCMOS25          N/A          PULLUP       NONE     
    I2S_BCLK       OUTPUT        D14        LVCMOS25           8            NONE        NONE     
    I2S_DATA       OUTPUT        F14        LVCMOS25           8            NONE        NONE     
   I2S_LRCLK       OUTPUT        E15        LVCMOS25           8            NONE        NONE     
   aud_dacdat      OUTPUT         P6        LVCMOS25           8            NONE        OREG     
  aud_dacdat_1     OUTPUT         C5        LVCMOS25           8            NONE        OREG     
  aud_dacdat_2     OUTPUT        G12        LVCMOS25           8            NONE        OREG     
    aud_mclk       OUTPUT         N5        LVCMOS25           8            NONE        NONE     
   aud_mclk_1      OUTPUT         B3        LVCMOS25           8            NONE        NONE     
   aud_mclk_2      OUTPUT        F15        LVCMOS25           8            NONE        NONE     
    aud_scl        OUTPUT        R12        LVCMOS25           8            NONE        OREG     
   aud_scl_1       OUTPUT         B2        LVCMOS25           8            NONE        OREG     
   aud_scl_2       OUTPUT        D16        LVCMOS25           8            NONE        OREG     
     ilaclk        OUTPUT         T5        LVCMOS25           8            NONE        NONE     
    ilaclk_1       OUTPUT         D3        LVCMOS25           8            NONE        NONE     
    ilaclk_2       OUTPUT        K15        LVCMOS25           8            NONE        NONE     
      led          OUTPUT        B14        LVCMOS25           8            NONE        NONE     
     led_1         OUTPUT        B15        LVCMOS25           8            NONE        NONE     
     led_2         OUTPUT        B16        LVCMOS25           8            NONE        NONE     
    leds[2]        OUTPUT        E13        LVCMOS25           8            NONE        OREG     
    leds[1]        OUTPUT        C16        LVCMOS25           8            NONE        OREG     
    leds[0]        OUTPUT        C15        LVCMOS25           8            NONE        OREG     
    aud_sda         INOUT         R9        LVCMOS25           8           PULLUP     OREG;TREG  
   aud_sda_1        INOUT         B1        LVCMOS25           8           PULLUP     OREG;TREG  
   aud_sda_2        INOUT        J11        LVCMOS25           8           PULLUP     OREG;TREG  

Report Hierarchy Area:
+----------------------------------------------------------------------------------------+
|Instance            |Module        |le     |lut     |ripple  |seq     |bram    |dsp     |
+----------------------------------------------------------------------------------------+
|top                 |audio_speak   |2020   |1479    |184     |1396    |0       |4       |
|  direct            |TDOA_GCC      |1126   |754     |100     |918     |0       |4       |
|  u1_es8388_ctrl    |es8388_ctrl   |281    |239     |25      |149     |0       |0       |
|    u_audio_receive |audio_receive |78     |55      |12      |54      |0       |0       |
|    u_audio_send    |audio_send    |23     |18      |0       |23      |0       |0       |
|    u_es8388_config |es8388_config |180    |166     |13      |72      |0       |0       |
|      u_i2c_dri     |i2c_dri       |118    |112     |5       |45      |0       |0       |
|      u_i2c_reg_cfg |i2c_reg_cfg   |62     |54      |8       |27      |0       |0       |
|  u1_pll_clk        |clk_wiz_0     |1      |1       |0       |0       |0       |0       |
|  u2_es8388_ctrl    |es8388_ctrl   |284    |239     |25      |140     |0       |0       |
|    u_audio_receive |audio_receive |79     |51      |12      |50      |0       |0       |
|    u_audio_send    |audio_send    |22     |21      |0       |22      |0       |0       |
|    u_es8388_config |es8388_config |183    |167     |13      |68      |0       |0       |
|      u_i2c_dri     |i2c_dri       |121    |114     |5       |41      |0       |0       |
|      u_i2c_reg_cfg |i2c_reg_cfg   |62     |53      |8       |27      |0       |0       |
|  u2_pll_clk        |clk_wiz_0     |1      |1       |0       |0       |0       |0       |
|  u_es8388_ctrl     |es8388_ctrl   |292    |235     |25      |146     |0       |0       |
|    u_audio_receive |audio_receive |91     |60      |12      |54      |0       |0       |
|    u_audio_send    |audio_send    |26     |16      |0       |24      |0       |0       |
|    u_es8388_config |es8388_config |175    |159     |13      |68      |0       |0       |
|      u_i2c_dri     |i2c_dri       |114    |107     |5       |41      |0       |0       |
|      u_i2c_reg_cfg |i2c_reg_cfg   |61     |52      |8       |27      |0       |0       |
|  u_pll_clk         |clk_wiz_0     |1      |1       |0       |0       |0       |0       |
+----------------------------------------------------------------------------------------+


DataNet Average Fanout:

   Index     Fanout     Nets  
    #1          1       2014  
    #2          2       284   
    #3          3       159   
    #4          4        79   
    #5        5-10       88   
    #6        11-50     138   
    #7       51-100      9    
    #8       101-500     4    
    #9        >500       1    
  Average     3.04            

RUN-1002 : start command "export_db ES8388_pr.db"
RUN-1001 : Exported /
RUN-1001 : Exported flow parameters
RUN-1001 : Exported libs
RUN-1001 : Exported entities
RUN-1001 : Exported ports
RUN-1001 : Exported pins
RUN-1001 : Exported instances
RUN-1001 : Exported nets
RUN-1001 : Exported buses
RUN-1001 : Exported models
RUN-1001 : Exported congestions
RUN-1001 : Exported violations
RUN-1001 : Exported IO constraints
RUN-1001 : Exported Inst constraints
RUN-1002 : start command "export_bid ES8388_inst.bid"
RUN-1002 : start command "bitgen -bit ES8388.bit -unused_io_status pulldown"
BIT-1003 : Start to generate bitstream. 
BIT-1002 : Bitgen processed 149 unused pads, reserve input tri_state with pulldown
BIT-1002 : Init instances with 24 threads.
BIT-1002 : Init instances completely, inst num: 1330
BIT-1002 : Init pips with 24 threads.
BIT-1002 : Init pips completely, net num: 2830, pip num: 28584
BIT-1002 : Init feedthrough with 24 threads.
BIT-1002 : Init feedthrough completely, num: 81
BIT-1003 : Multithreading accelaration with 24 threads.
BIT-1003 : Generate bitstream completely, there are 1973 valid insts, and 75291 bits set as '1'.
BIT-1004 : PLL setting string = 1110
BIT-1004 : Generate bits file ES8388.bit.
RUN-1003 : finish command "bitgen -bit ES8388.bit -unused_io_status pulldown" in  2.942696s wall, 46.718750s user + 1.656250s system = 48.375000s CPU (1643.9%)

RUN-1004 : used memory is 512 MB, reserved memory is 498 MB, peak memory is 744 MB
RUN-1002 : start command "backup_run_log run.log ../.logs/phy_1/td_20251021_140450.log"
