============================================================
   Tang Dynasty, V5.6.71036
      Copyright (c) 2012-2023 Anlogic Inc.
   Executable = D:/TD/bin/td.exe
   Built at =   20:34:38 Mar 21 2023
   Run by =     lyw15
   Run Date =   Fri Oct 17 15:16:26 2025

   Run on =     -001
============================================================
RUN-1002 : start command "open_project ES8388.prj"
RUN-1001 : Print Global Property
RUN-1001 : ---------------------------------------------------------------
RUN-1001 :        Parameters        |  Settings  |  Default Values  |  Note  
RUN-1001 : ---------------------------------------------------------------
RUN-1001 :          message         |  standard  |     standard     |        
RUN-1001 :   mixed_pack_place_flow  |     on     |        on        |        
RUN-1001 :        qor_monitor       |    off     |       off        |        
RUN-1001 :        syn_ip_flow       |    off     |       off        |        
RUN-1001 :          thread          |    auto    |       auto       |        
RUN-1001 : ---------------------------------------------------------------
RUN-1001 : Print Design Property
RUN-1001 : --------------------------------------------------------------
RUN-1001 :        Parameters       |  Settings  |  Default Values  |  Note  
RUN-1001 : --------------------------------------------------------------
RUN-1001 :   default_reg_initial   |    auto    |       auto       |        
RUN-1001 :        infer_add        |     on     |        on        |        
RUN-1001 :        infer_fsm        |    off     |       off        |        
RUN-1001 :        infer_mult       |     on     |        on        |        
RUN-1001 :        infer_ram        |     on     |        on        |        
RUN-1001 :        infer_reg        |     on     |        on        |        
RUN-1001 :   infer_reg_init_value  |     on     |        on        |        
RUN-1001 :        infer_rom        |     on     |        on        |        
RUN-1001 :      infer_shifter      |     on     |        on        |        
RUN-1001 : --------------------------------------------------------------
RUN-1001 : Print Rtl Property
RUN-1001 : --------------------------------------------------------------
RUN-1001 :        Parameters       |  Settings  |  Default Values  |  Note  
RUN-1001 : --------------------------------------------------------------
RUN-1001 :       compress_add      |   ripple   |      ripple      |        
RUN-1001 :        elf_sload        |    off     |       off        |        
RUN-1001 :       fix_undriven      |     0      |        0         |        
RUN-1001 :         flatten         |    off     |       off        |        
RUN-1001 :       gate_sharing      |     on     |        on        |        
RUN-1001 :    hdl_warning_level    |   normal   |      normal      |        
RUN-1001 :   impl_internal_tribuf  |     on     |        on        |        
RUN-1001 :      impl_set_reset     |     on     |        on        |        
RUN-1001 :        infer_gsr        |    off     |       off        |        
RUN-1001 :      keep_hierarchy     |    auto    |       auto       |        
RUN-1001 :        max_fanout       |    9999    |       9999       |        
RUN-1001 :      max_oh2bin_len     |     10     |        10        |        
RUN-1001 :       merge_equal       |     on     |        on        |        
RUN-1001 :       merge_equiv       |     on     |        on        |        
RUN-1001 :        merge_mux        |    off     |       off        |        
RUN-1001 :     min_control_set     |     8      |        8         |        
RUN-1001 :      min_ripple_len     |    auto    |       auto       |        
RUN-1001 :       oh2bin_ratio      |    0.08    |       0.08       |        
RUN-1001 :     opt_adder_fanout    |     on     |        on        |        
RUN-1001 :        opt_arith        |     on     |        on        |        
RUN-1001 :       opt_big_gate      |    off     |       off        |        
RUN-1001 :        opt_const        |     on     |        on        |        
RUN-1001 :      opt_const_mult     |     on     |        on        |        
RUN-1001 :       opt_lessthan      |     on     |        on        |        
RUN-1001 :         opt_mux         |    off     |       off        |        
RUN-1001 :         opt_ram         |    high    |       high       |        
RUN-1001 :      rtl_sim_model      |    off     |       off        |        
RUN-1001 :         seq_syn         |     on     |        on        |        
RUN-1001 : --------------------------------------------------------------
HDL-1007 : analyze verilog file ../../al_ip/clk_wiz_0.v
HDL-1007 : undeclared symbol 'open', assumed default net type 'wire' in ../../al_ip/clk_wiz_0.v(80)
HDL-1007 : analyze verilog file ../../../RTL/audio_receive.v
HDL-1007 : analyze verilog file ../../../RTL/audio_send.v
HDL-1007 : analyze verilog file ../../../RTL/audio_speak.v
HDL-1007 : analyze verilog file ../../../RTL/es8388_config.v
HDL-1007 : analyze verilog file ../../../RTL/es8388_ctrl.v
HDL-1007 : analyze verilog file ../../../RTL/i2c_dri.v
HDL-1007 : analyze verilog file ../../../RTL/i2c_reg_cfg.v
HDL-1007 : analyze verilog file ../../sound_direction_led.v
RUN-1001 : Project manager successfully analyzed 9 source files.
RUN-1002 : start command "import_device eagle_s20.db -package EG4S20BG256"
ARC-1001 : Device Initialization.
ARC-1001 : ------------------------------------------------------------------
ARC-1001 :            OPTION            |          IO          |   SETTING   
ARC-1001 : ------------------------------------------------------------------
ARC-1001 :   cso_b/cclk/mosi/miso/dout  |  T3/R11/T10/P10/S11  |    gpio    
ARC-1001 :             done             |         P13          |    gpio    
ARC-1001 :           program_b          |          T2          |  dedicate  
ARC-1001 :        tdi/tms/tck/tdo       |   C12/A15/C14/E14    |  dedicate  
ARC-1001 : ------------------------------------------------------------------
ARC-1004 : Device setting, marked 5 dedicate IOs in total.
RUN-1002 : start command "import_db ../syn_1/ES8388_gate.db"
RUN-1001 : Importing database generated by Tang Dynasty, V5.6.71036.
RUN-1001 : Database version number 46146.
RUN-1001 : Import flow parameters
RUN-1001 : Import IO constraints
RUN-1001 : Import Inst constraints
RUN-1001 : Import design success TD_VERSION=5.6.71036 , DB_VERSION=46146
RUN-1002 : start command "place"
RUN-1001 : Open license file D:/TD/license/Anlogic.lic
RUN-1001 : Print Global Property
RUN-1001 : ---------------------------------------------------------------
RUN-1001 :        Parameters        |  Settings  |  Default Values  |  Note  
RUN-1001 : ---------------------------------------------------------------
RUN-1001 :          message         |  standard  |     standard     |        
RUN-1001 :   mixed_pack_place_flow  |     on     |        on        |        
RUN-1001 :        qor_monitor       |    off     |       off        |        
RUN-1001 :        syn_ip_flow       |    off     |       off        |        
RUN-1001 :          thread          |    auto    |       auto       |        
RUN-1001 : ---------------------------------------------------------------
RUN-1001 : Print Place Property
RUN-1001 : --------------------------------------------------------------
RUN-1001 :        Parameters       |  Settings  |  Default Values  |  Note  
RUN-1001 : --------------------------------------------------------------
RUN-1001 :      detailed_place     |     on     |        on        |        
RUN-1001 :          effort         |   medium   |      medium      |        
RUN-1001 :         fix_hold        |    off     |       off        |        
RUN-1001 :       legalization      |    ori     |       ori        |        
RUN-1001 :      new_spreading      |     on     |        on        |        
RUN-1001 :        opt_timing       |   medium   |      medium      |        
RUN-1001 :   post_clock_route_opt  |    off     |       off        |        
RUN-1001 :       pr_strategy       |     1      |        1         |        
RUN-1001 :        relaxation       |    1.00    |       1.00       |        
RUN-1001 :         retiming        |    off     |       off        |        
RUN-1001 : --------------------------------------------------------------
PHY-3001 : Placer runs in 24 thread(s).
RUN-1002 : start command "legalize_phy_inst"
SYN-1011 : Flatten model audio_speak
RUN-1002 : start command "phys_opt -simplify_lut"
SYN-4016 : Net ilaclk_1_dup_1 driven by BUFG (0 clock/control pins, 2 other pins).
SYN-4016 : Net ilaclk_dup_1 driven by BUFG (0 clock/control pins, 2 other pins).
SYN-4027 : Net aud_mclk_1_dup_1 is clkc1 of pll u1_pll_clk/pll_inst.
SYN-4019 : Net sys_clk_dup_1 is refclk of pll u1_pll_clk/pll_inst.
SYN-4020 : Net sys_clk_dup_1 is fbclk of pll u1_pll_clk/pll_inst.
SYN-4027 : Net aud_mclk_dup_1 is clkc1 of pll u_pll_clk/pll_inst.
SYN-4019 : Net sys_clk_dup_1 is refclk of pll u_pll_clk/pll_inst.
SYN-4020 : Net sys_clk_dup_1 is fbclk of pll u_pll_clk/pll_inst.
SYN-4024 : Net "show/sample_clk" drives clk pins.
SYN-4024 : Net "aud_bclk_dup_1" drives clk pins.
SYN-4024 : Net "aud_bclk_1_dup_1" drives clk pins.
SYN-4024 : Net "u1_es8388_ctrl/u_es8388_config/u_i2c_dri/dri_clk" drives clk pins.
SYN-4024 : Net "u_es8388_ctrl/u_es8388_config/u_i2c_dri/dri_clk" drives clk pins.
SYN-4025 : Tag rtl::Net aud_bclk_1_dup_1 as clock net
SYN-4025 : Tag rtl::Net aud_bclk_dup_1 as clock net
SYN-4025 : Tag rtl::Net aud_mclk_1_dup_1 as clock net
SYN-4025 : Tag rtl::Net aud_mclk_dup_1 as clock net
SYN-4025 : Tag rtl::Net ilaclk_1_dup_1 as clock net
SYN-4025 : Tag rtl::Net ilaclk_dup_1 as clock net
SYN-4025 : Tag rtl::Net show/sample_clk as clock net
SYN-4025 : Tag rtl::Net sys_clk_dup_1 as clock net
SYN-4025 : Tag rtl::Net u1_es8388_ctrl/u_es8388_config/u_i2c_dri/dri_clk as clock net
SYN-4025 : Tag rtl::Net u_es8388_ctrl/u_es8388_config/u_i2c_dri/dri_clk as clock net
SYN-4026 : Tagged 10 rtl::Net as clock net
SYN-4015 : Create BUFG instance for clk Net show/sample_clk to drive 509 clock pins.
SYN-4015 : Create BUFG instance for clk Net aud_bclk_1_dup_1 to drive 80 clock pins.
SYN-4015 : Create BUFG instance for clk Net aud_bclk_dup_1 to drive 80 clock pins.
SYN-4015 : Create BUFG instance for clk Net u1_es8388_ctrl/u_es8388_config/u_i2c_dri/dri_clk to drive 56 clock pins.
SYN-4015 : Create BUFG instance for clk Net u_es8388_ctrl/u_es8388_config/u_i2c_dri/dri_clk to drive 56 clock pins.
PHY-1001 : Populate physical database on model audio_speak.
RUN-1001 : There are total 1567 instances
RUN-0007 : 495 luts, 769 seqs, 174 mslices, 91 lslices, 26 pads, 0 brams, 0 dsps
RUN-1001 : There are total 1996 nets
RUN-1001 : 1316 nets have 2 pins
RUN-1001 : 549 nets have [3 - 5] pins
RUN-1001 : 61 nets have [6 - 10] pins
RUN-1001 : 37 nets have [11 - 20] pins
RUN-1001 : 27 nets have [21 - 99] pins
RUN-1001 : 6 nets have 100+ pins
RUN-1001 : Report Control nets information:
RUN-1001 : DFF Distribution
RUN-1001 : ----------------------------------
RUN-1001 :   CE   |  SSR  |  ASR  |  DFF Count  
RUN-1001 : ----------------------------------
RUN-1001 :   No   |  No   |  No   |      0      
RUN-1001 :   No   |  No   |  Yes  |     421     
RUN-1001 :   No   |  Yes  |  No   |      0      
RUN-1001 :   Yes  |  No   |  No   |      0      
RUN-1001 :   Yes  |  No   |  Yes  |     348     
RUN-1001 :   Yes  |  Yes  |  No   |      0      
RUN-1001 : ----------------------------------
RUN-0007 : Control Group Statistic
RUN-0007 : ---------------------------
RUN-0007 :   #CLK  |  #CE  |  #SSR/ASR  
RUN-0007 : ---------------------------
RUN-0007 :    6    |  11   |     4      
RUN-0007 : ---------------------------
RUN-0007 : Control Set = 18
PHY-3001 : Initial placement ...
PHY-3001 : design contains 1565 instances, 495 luts, 769 seqs, 265 slices, 42 macros(265 instances: 174 mslices 91 lslices)
PHY-0007 : Cell area utilization is 5%
PHY-3001 : Global placement ...
PHY-3001 : Initial: Len = 523000
PHY-3001 : Clustering ...
PHY-3001 : Level 0 #clusters 1565.
PHY-3001 : End clustering;  0.000039s wall, 0.000000s user + 0.000000s system = 0.000000s CPU (n/a%)

PHY-3001 : Run with size of 4
PHY-3001 : Cell area utilization is 5%
PHY-3001 : :::0::: Try harder cell spreading with beta_ = 0
PHY-3002 : Step(1): len = 343672, overlap = 0
PHY-3002 : Step(2): len = 224284, overlap = 0
PHY-3002 : Step(3): len = 165433, overlap = 0
PHY-3002 : Step(4): len = 129199, overlap = 0
PHY-3002 : Step(5): len = 107517, overlap = 0
PHY-3002 : Step(6): len = 83055.5, overlap = 1.5
PHY-3002 : Step(7): len = 70346.4, overlap = 11.3125
PHY-3002 : Step(8): len = 58644.4, overlap = 6.125
PHY-3002 : Step(9): len = 50403, overlap = 6.9375
PHY-3002 : Step(10): len = 44514.1, overlap = 12.5938
PHY-3002 : Step(11): len = 41691.3, overlap = 15.4062
PHY-3002 : Step(12): len = 39980.9, overlap = 16.375
PHY-3002 : Step(13): len = 38352.6, overlap = 21.6562
PHY-3002 : Step(14): len = 36632.9, overlap = 21.6562
PHY-3001 : :::1::: Try harder cell spreading with beta_ = 0.000292571
PHY-3002 : Step(15): len = 34909.7, overlap = 20.8438
PHY-3002 : Step(16): len = 32626.9, overlap = 20.375
PHY-3002 : Step(17): len = 32976.4, overlap = 19.25
PHY-3002 : Step(18): len = 30949.8, overlap = 10.875
PHY-3002 : Step(19): len = 30948.5, overlap = 8.0625
PHY-3002 : Step(20): len = 30819.6, overlap = 11.1875
PHY-3002 : Step(21): len = 30351.2, overlap = 9.6875
PHY-3002 : Step(22): len = 30118.8, overlap = 5.625
PHY-3002 : Step(23): len = 29220.6, overlap = 4.3125
PHY-3002 : Step(24): len = 28199.9, overlap = 7.625
PHY-3002 : Step(25): len = 28381.6, overlap = 5.1875
PHY-3002 : Step(26): len = 25860.1, overlap = 1.8125
PHY-3002 : Step(27): len = 24445.9, overlap = 3.8125
PHY-3002 : Step(28): len = 24288.8, overlap = 6
PHY-3002 : Step(29): len = 24212.8, overlap = 6.46875
PHY-3001 : Legalization ...
PHY-3001 : End legalization;  0.002416s wall, 0.000000s user + 0.000000s system = 0.000000s CPU (n/a%)

PHY-3001 : Run with size of 4
PHY-3001 : Cell area utilization is 6%
PHY-3001 : :::0::: Try harder cell spreading with beta_ = 8.61078e-06
PHY-3002 : Step(30): len = 22801.1, overlap = 30.375
PHY-3002 : Step(31): len = 22465.2, overlap = 32.6562
PHY-3002 : Step(32): len = 22593.6, overlap = 33
PHY-3001 : :::1::: Try harder cell spreading with beta_ = 1.72216e-05
PHY-3002 : Step(33): len = 22114.3, overlap = 32.6562
PHY-3002 : Step(34): len = 22274.1, overlap = 32.3125
PHY-3001 : :::2::: Try harder cell spreading with beta_ = 3.44431e-05
PHY-3002 : Step(35): len = 21949.8, overlap = 31.75
PHY-3002 : Step(36): len = 22195.8, overlap = 30.4375
PHY-3001 : Run with size of 2
PHY-3001 : Cell area utilization is 6%
PHY-3001 : :::0::: Try harder cell spreading with beta_ = 9.37218e-06
PHY-3002 : Step(37): len = 21898.6, overlap = 88.4062
PHY-3002 : Step(38): len = 21898.6, overlap = 88.4062
PHY-3001 : :::1::: Try harder cell spreading with beta_ = 1.57349e-05
PHY-3002 : Step(39): len = 22406.4, overlap = 87.25
PHY-3002 : Step(40): len = 22904.6, overlap = 86.7188
PHY-3001 : :::2::: Try harder cell spreading with beta_ = 2.60135e-05
PHY-3002 : Step(41): len = 22615.6, overlap = 86.7812
PHY-3002 : Step(42): len = 23724.8, overlap = 84
PHY-3002 : Step(43): len = 25621.4, overlap = 81.625
PHY-3002 : Step(44): len = 25596.3, overlap = 79.25
PHY-3002 : Step(45): len = 25730.4, overlap = 78.5625
PHY-3002 : Step(46): len = 25745, overlap = 77.75
PHY-3001 : :::3::: Try harder cell spreading with beta_ = 5.2027e-05
PHY-3002 : Step(47): len = 25213, overlap = 76.9062
PHY-3002 : Step(48): len = 25306.5, overlap = 76.2812
PHY-3002 : Step(49): len = 26181.8, overlap = 68.8125
PHY-3001 : :::4::: Try harder cell spreading with beta_ = 0.000104054
PHY-3002 : Step(50): len = 26476.3, overlap = 62.5
PHY-3002 : Step(51): len = 27999.8, overlap = 59.1562
PHY-3002 : Step(52): len = 28446.3, overlap = 56.625
PHY-3002 : Step(53): len = 28400.6, overlap = 59.375
PHY-3002 : Step(54): len = 28490.8, overlap = 56.3125
PHY-3002 : Step(55): len = 27464.1, overlap = 58.2188
PHY-3002 : Step(56): len = 26724.9, overlap = 59.8125
PHY-3002 : Step(57): len = 26549.2, overlap = 60.6562
PHY-3001 : :::5::: Try harder cell spreading with beta_ = 0.000202892
PHY-3002 : Step(58): len = 27396, overlap = 60.2188
PHY-3002 : Step(59): len = 27917, overlap = 59.3438
PHY-3002 : Step(60): len = 27917, overlap = 59.3438
PHY-3001 : :::6::: Try harder cell spreading with beta_ = 0.000405784
PHY-3002 : Step(61): len = 28599.6, overlap = 57.6875
PHY-3002 : Step(62): len = 28599.6, overlap = 57.6875
PHY-3002 : Step(63): len = 28240.6, overlap = 57.9688
PHY-3001 : :::7::: Try harder cell spreading with beta_ = 0.000811567
PHY-3002 : Step(64): len = 29106.8, overlap = 56.8438
PHY-3002 : Step(65): len = 29320.4, overlap = 55.9688
PHY-3002 : Step(66): len = 29455.9, overlap = 53
OPT-1001 : Start physical optimization ...
OPT-1001 : Total overflow 111.50 peak overflow 3.75
OPT-1001 : Start high-fanout net optimization ...
OPT-1001 : Update timing in global mode
PHY-1001 : Start incremental global routing, caller is place ...
RUN-1001 : Generating global routing grids ...
RUN-1001 : Building simple global routing graph ...
PHY-1001 : Generate routing nets ...
PHY-1001 : Reuse net number 0/1996.
PHY-1001 : Global iterations in 24 thread ...
PHY-1002 : len = 32256, over cnt = 178(0%), over = 831, worst = 25
PHY-1001 : End global iterations;  0.047995s wall, 0.031250s user + 0.015625s system = 0.046875s CPU (97.7%)

PHY-1001 : Congestion index: top1 = 36.38, top5 = 19.70, top10 = 11.54, top15 = 8.13.
PHY-1001 : End incremental global routing;  0.084002s wall, 0.031250s user + 0.046875s system = 0.078125s CPU (93.0%)

RUN-1002 : start command "start_timer -report"
TMR-5001 WARNING: No sdc constraints found while initiating timer.
TMR-2505 : Start building timing graph for model audio_speak.
TMR-2506 : Build timing graph completely. Port num: 23, tpin num: 7814, tnet num: 1994, tinst num: 1565, tnode num: 10676, tedge num: 13554.
TMR-2508 : Levelizing timing graph completed, there are 33 levels in total.
TMR-2501 : Timing graph initialized successfully.
OPT-1001 : End timing update;  0.151572s wall, 0.140625s user + 0.015625s system = 0.156250s CPU (103.1%)

OPT-1001 : 0 high-fanout net processed.
OPT-1001 : End high-fanout net optimization;  0.252146s wall, 0.187500s user + 0.062500s system = 0.250000s CPU (99.1%)

OPT-1001 : Current memory(MB): used = 189, reserve = 157, peak = 189.
OPT-1001 : End physical optimization;  0.261877s wall, 0.187500s user + 0.062500s system = 0.250000s CPU (95.5%)

PHY-3001 : Start packing ...
SYN-4007 : Packing 0 MUX to BLE ...
SYN-4008 : Packed 0 MUX and 0 SEQ to BLE.
SYN-4007 : Packing 495 LUT to BLE ...
SYN-4008 : Packed 495 LUT and 248 SEQ to BLE.
SYN-4003 : Packing 521 remaining SEQ's ...
SYN-4005 : Packed 92 SEQ with LUT/SLICE
SYN-4006 : 187 single LUT's are left
SYN-4006 : 429 single SEQ's are left
SYN-4011 : Packing model "audio_speak" (AL_USER_NORMAL) with 924/1227 primitive instances ...
PHY-3001 : End packing;  0.033681s wall, 0.046875s user + 0.000000s system = 0.046875s CPU (139.2%)

PHY-1001 : Populate physical database on model audio_speak.
RUN-1001 : There are total 791 instances
RUN-1001 : 376 mslices, 377 lslices, 26 pads, 0 brams, 0 dsps
RUN-1001 : There are total 1759 nets
RUN-1001 : 1083 nets have 2 pins
RUN-1001 : 544 nets have [3 - 5] pins
RUN-1001 : 62 nets have [6 - 10] pins
RUN-1001 : 41 nets have [11 - 20] pins
RUN-1001 : 25 nets have [21 - 99] pins
RUN-1001 : 4 nets have 100+ pins
PHY-3001 : design contains 789 instances, 753 slices, 42 macros(265 instances: 174 mslices 91 lslices)
PHY-3001 : Cell area utilization is 9%
PHY-3001 : After packing: Len = 29035.6, Over = 77.5
PHY-3001 : Run with size of 2
PHY-3001 : Cell area utilization is 9%
PHY-3001 : :::0::: Try harder cell spreading with beta_ = 1.17998e-05
PHY-3002 : Step(67): len = 26848.1, overlap = 81.25
PHY-3002 : Step(68): len = 26488.1, overlap = 84
PHY-3002 : Step(69): len = 25838.6, overlap = 86.25
PHY-3002 : Step(70): len = 25517.2, overlap = 87.25
PHY-3002 : Step(71): len = 24562.9, overlap = 90.75
PHY-3002 : Step(72): len = 24591.3, overlap = 91.25
PHY-3002 : Step(73): len = 24573.5, overlap = 92
PHY-3001 : :::1::: Try harder cell spreading with beta_ = 2.35997e-05
PHY-3002 : Step(74): len = 26327, overlap = 87
PHY-3002 : Step(75): len = 27132.4, overlap = 83.75
PHY-3002 : Step(76): len = 27615.1, overlap = 81.5
PHY-3001 : :::2::: Try harder cell spreading with beta_ = 4.71994e-05
PHY-3002 : Step(77): len = 29035.5, overlap = 75
PHY-3002 : Step(78): len = 29471.8, overlap = 73.75
PHY-3002 : Step(79): len = 30370.7, overlap = 68.25
PHY-3001 : Legalization ...
PHY-3001 : End legalization;  0.106059s wall, 0.203125s user + 0.125000s system = 0.328125s CPU (309.4%)

PHY-3001 : Trial Legalized: Len = 48915.7
PHY-3001 : Run with size of 2
PHY-3001 : Cell area utilization is 9%
PHY-3001 : :::0::: Try harder cell spreading with beta_ = 0.000483484
PHY-3002 : Step(80): len = 41857.6, overlap = 14.25
PHY-3002 : Step(81): len = 40149.3, overlap = 21
PHY-3002 : Step(82): len = 38454, overlap = 26.5
PHY-3002 : Step(83): len = 37538.4, overlap = 26.25
PHY-3002 : Step(84): len = 37034.9, overlap = 26.5
PHY-3002 : Step(85): len = 36810.7, overlap = 27.25
PHY-3002 : Step(86): len = 36280.5, overlap = 26.75
PHY-3002 : Step(87): len = 36068.4, overlap = 27.5
PHY-3002 : Step(88): len = 35644.3, overlap = 27.75
PHY-3002 : Step(89): len = 35627.1, overlap = 27
PHY-3002 : Step(90): len = 35718.4, overlap = 27
PHY-3001 : :::1::: Try harder cell spreading with beta_ = 0.000966969
PHY-3002 : Step(91): len = 36030.4, overlap = 27
PHY-3002 : Step(92): len = 36166.6, overlap = 26.75
PHY-3002 : Step(93): len = 36234.5, overlap = 27.25
PHY-3001 : :::2::: Try harder cell spreading with beta_ = 0.00193394
PHY-3002 : Step(94): len = 36288.1, overlap = 27.25
PHY-3002 : Step(95): len = 36323.5, overlap = 27.75
PHY-3001 : Legalization ...
PHY-3001 : End legalization;  0.004089s wall, 0.000000s user + 0.000000s system = 0.000000s CPU (n/a%)

PHY-3001 : Legalized: Len = 42365, Over = 0
PHY-3001 : End spreading;  0.003210s wall, 0.000000s user + 0.000000s system = 0.000000s CPU (n/a%)

PHY-3001 : Final: Len = 42365, Over = 0
OPT-1001 : Start physical optimization ...
OPT-1001 : Total overflow 0.00 peak overflow 0.00
OPT-1001 : Start high-fanout net optimization ...
OPT-1001 : Update timing in global mode
PHY-1001 : Start incremental global routing, caller is place ...
RUN-1001 : Generating global routing grids ...
PHY-1001 : Generate routing nets ...
PHY-1001 : Reuse net number 31/1759.
PHY-1001 : Global iterations in 24 thread ...
PHY-1002 : len = 49528, over cnt = 156(0%), over = 251, worst = 8
PHY-1002 : len = 50720, over cnt = 70(0%), over = 92, worst = 4
PHY-1002 : len = 51808, over cnt = 21(0%), over = 24, worst = 2
PHY-1002 : len = 52200, over cnt = 0(0%), over = 0, worst = 0
PHY-1001 : End global iterations;  0.090055s wall, 0.015625s user + 0.062500s system = 0.078125s CPU (86.8%)

PHY-1001 : Congestion index: top1 = 28.79, top5 = 21.12, top10 = 15.66, top15 = 11.79.
PHY-1001 : End incremental global routing;  0.126640s wall, 0.031250s user + 0.093750s system = 0.125000s CPU (98.7%)

RUN-1002 : start command "start_timer -report"
TMR-5001 WARNING: No sdc constraints found while initiating timer.
TMR-2505 : Start building timing graph for model audio_speak.
TMR-2506 : Build timing graph completely. Port num: 23, tpin num: 6521, tnet num: 1757, tinst num: 789, tnode num: 8527, tedge num: 11835.
TMR-2508 : Levelizing timing graph completed, there are 31 levels in total.
TMR-2501 : Timing graph initialized successfully.
OPT-1001 : End timing update;  0.148325s wall, 0.125000s user + 0.015625s system = 0.140625s CPU (94.8%)

OPT-1001 : 0 high-fanout net processed.
OPT-1001 : End high-fanout net optimization;  0.291071s wall, 0.171875s user + 0.109375s system = 0.281250s CPU (96.6%)

OPT-1001 : Current memory(MB): used = 194, reserve = 162, peak = 194.
OPT-1001 : Update timing in Manhattan mode
OPT-1001 : End timing update;  0.001075s wall, 0.015625s user + 0.000000s system = 0.015625s CPU (1453.9%)

OPT-1001 : Start pin optimization...
OPT-1001 : skip pin optimization...
RUN-1001 : Generating global routing grids ...
PHY-1001 : Generate routing nets ...
PHY-1001 : Reuse net number 1505/1759.
PHY-1001 : Global iterations in 24 thread ...
PHY-1002 : len = 52200, over cnt = 0(0%), over = 0, worst = 0
PHY-1001 : End global iterations;  0.002941s wall, 0.000000s user + 0.000000s system = 0.000000s CPU (n/a%)

PHY-1001 : Congestion index: top1 = 28.79, top5 = 21.12, top10 = 15.66, top15 = 11.79.
OPT-1001 : Update timing in Manhattan mode
OPT-1001 : End timing update;  0.001680s wall, 0.000000s user + 0.000000s system = 0.000000s CPU (n/a%)

RUN-1001 : QoR Analysis:
OPT-0007 :   WNS 2147483647 TNS 0 NUM_FEPS 0
RUN-1001 :   No local congestion issue, and most congested 1% tile average routing util is 28.310345
RUN-1001 :   Top critical paths
OPT-1001 : End physical optimization;  0.340078s wall, 0.218750s user + 0.109375s system = 0.328125s CPU (96.5%)

RUN-1003 : finish command "place" in  3.233839s wall, 4.890625s user + 4.718750s system = 9.609375s CPU (297.2%)

RUN-1004 : used memory is 164 MB, reserved memory is 132 MB, peak memory is 196 MB
RUN-1002 : start command "export_db ES8388_place.db"
RUN-1001 : Exported /
RUN-1001 : Exported flow parameters
RUN-1001 : Exported libs
RUN-1001 : Exported entities
RUN-1001 : Exported ports
RUN-1001 : Exported pins
RUN-1001 : Exported instances
RUN-1001 : Exported nets
RUN-1001 : Exported buses
RUN-1001 : Exported models
RUN-1001 : Exported congestions
RUN-1001 : Exported violations
RUN-1001 : Exported IO constraints
RUN-1001 : Exported Inst constraints
RUN-1002 : start command "route"
RUN-1001 : Open license file D:/TD/license/Anlogic.lic
RUN-1001 : Print Global Property
RUN-1001 : ---------------------------------------------------------------
RUN-1001 :        Parameters        |  Settings  |  Default Values  |  Note  
RUN-1001 : ---------------------------------------------------------------
RUN-1001 :          message         |  standard  |     standard     |        
RUN-1001 :   mixed_pack_place_flow  |     on     |        on        |        
RUN-1001 :        qor_monitor       |    off     |       off        |        
RUN-1001 :        syn_ip_flow       |    off     |       off        |        
RUN-1001 :          thread          |    auto    |       auto       |        
RUN-1001 : ---------------------------------------------------------------
RUN-1001 : Print Route Property
RUN-1001 : -------------------------------------------------------
RUN-1001 :    Parameters    |  Settings  |  Default Values  |  Note  
RUN-1001 : -------------------------------------------------------
RUN-1001 :      effort      |   medium   |      medium      |        
RUN-1001 :     fix_hold     |    off     |       off        |        
RUN-1001 :    opt_timing    |   medium   |      medium      |        
RUN-1001 :   phy_sim_model  |    off     |       off        |        
RUN-1001 :     priority     |   timing   |      timing      |        
RUN-1001 :     swap_pin     |     on     |        on        |        
RUN-1001 : -------------------------------------------------------
PHY-1001 : Route runs in 24 thread(s)
RUN-1001 : There are total 791 instances
RUN-1001 : 376 mslices, 377 lslices, 26 pads, 0 brams, 0 dsps
RUN-1001 : There are total 1759 nets
RUN-1001 : 1083 nets have 2 pins
RUN-1001 : 544 nets have [3 - 5] pins
RUN-1001 : 62 nets have [6 - 10] pins
RUN-1001 : 41 nets have [11 - 20] pins
RUN-1001 : 25 nets have [21 - 99] pins
RUN-1001 : 4 nets have 100+ pins
RUN-1002 : start command "start_timer -report"
TMR-5001 WARNING: No sdc constraints found while initiating timer.
TMR-2505 : Start building timing graph for model audio_speak.
TMR-2506 : Build timing graph completely. Port num: 23, tpin num: 6521, tnet num: 1757, tinst num: 789, tnode num: 8527, tedge num: 11835.
TMR-2508 : Levelizing timing graph completed, there are 31 levels in total.
TMR-2501 : Timing graph initialized successfully.
PHY-1001 : 376 mslices, 377 lslices, 26 pads, 0 brams, 0 dsps
TMR-2503 : Start to update net delay, extr mode = 3.
TMR-2504 : Update delay of 1757 nets completely.
TMR-2502 : Annotate delay completely, extr mode = 3.
TMR-3002 : No user constraint, initiate default constraint.
TMR-1501 : Assign derive clock DeriveClock to 942 clock pins, and constraint 2002 relative nodes.
TMR-3003 : Constraints initiated successfully.
TMR-3501 : Forward propagation: start to calculate arrival time...
TMR-3502 : Backward propagation: start to calculate required time...
TMR-3503 : Timing propagation completes.
PHY-1001 : Start global routing, caller is route ...
RUN-1001 : Generating global routing grids ...
PHY-1001 : Generate routing nets ...
PHY-1001 : Global iterations in 24 thread ...
PHY-1002 : len = 49064, over cnt = 160(0%), over = 253, worst = 8
PHY-1002 : len = 50304, over cnt = 73(0%), over = 97, worst = 4
PHY-1002 : len = 51656, over cnt = 7(0%), over = 9, worst = 2
PHY-1002 : len = 51816, over cnt = 0(0%), over = 0, worst = 0
PHY-1001 : End global iterations;  0.090949s wall, 0.093750s user + 0.062500s system = 0.156250s CPU (171.8%)

PHY-1001 : Congestion index: top1 = 28.64, top5 = 20.89, top10 = 15.54, top15 = 11.72.
PHY-1001 : End global routing;  0.129676s wall, 0.140625s user + 0.062500s system = 0.203125s CPU (156.6%)

PHY-1001 : Start detail routing ...
PHY-1001 : Current memory(MB): used = 232, reserve = 201, peak = 254.
PHY-1001 : Detailed router is running in normal mode.
PHY-1001 : Generate detailed routing grids ...
PHY-1001 : Processed IO instance aud_dacdat_syn_4 with INV attribute.
PHY-1001 : Processed IO instance aud_dacdat_1_syn_4 with INV attribute.
PHY-1001 : Generate nets ...
PHY-1001 : clock net aud_bclk_syn_4 will be merged with clock aud_bclk_dup_1
PHY-1001 : clock net aud_bclk_1_syn_4 will be merged with clock aud_bclk_1_dup_1
PHY-1001 : net aud_mclk_dup_1 will be routed on clock mesh
PHY-1001 : net aud_mclk_1_dup_1 will be routed on clock mesh
PHY-1001 : clock net ilaclk_dup_1 will be merged with clock u_pll_clk/clk0_buf
PHY-1001 : clock net ilaclk_1_dup_1 will be merged with clock u1_pll_clk/clk0_buf
PHY-1001 : net sys_clk_dup_1 will be routed on clock mesh
PHY-1001 : clock net u_es8388_ctrl/u_es8388_config/u_i2c_dri/dri_clk_syn_4 will be merged with clock u_es8388_ctrl/u_es8388_config/u_i2c_dri/dri_clk
PHY-1001 : clock net show/sample_clk_syn_4 will be merged with clock show/sample_clk
PHY-1001 : clock net u1_es8388_ctrl/u_es8388_config/u_i2c_dri/dri_clk_syn_4 will be merged with clock u1_es8388_ctrl/u_es8388_config/u_i2c_dri/dri_clk
PHY-1001 : Current memory(MB): used = 499, reserve = 472, peak = 499.
PHY-1001 : End build detailed router design. 2.498833s wall, 2.359375s user + 0.046875s system = 2.406250s CPU (96.3%)

PHY-1001 : Detail Route ...
PHY-1001 : ===== Detail Route Phase 1 =====
PHY-1001 : Clock net routing.....
PHY-1001 : Routed 0% nets.
PHY-1022 : len = 37464, over cnt = 0(0%), over = 0, worst = 0, crit = 0
PHY-1001 : End initial clock net routed; 1.965314s wall, 1.953125s user + 0.015625s system = 1.968750s CPU (100.2%)

PHY-1001 : Current memory(MB): used = 531, reserve = 505, peak = 531.
PHY-1001 : End phase 1; 1.970677s wall, 1.953125s user + 0.015625s system = 1.968750s CPU (99.9%)

PHY-1001 : ===== Detail Route Phase 2 =====
PHY-1001 : Initial routing.....
PHY-1001 : Routed 32% nets.
PHY-1001 : Routed 39% nets.
PHY-1001 : Routed 48% nets.
PHY-1001 : Routed 61% nets.
PHY-1001 : Routed 85% nets.
PHY-1022 : len = 215480, over cnt = 80(0%), over = 80, worst = 1, crit = 0
PHY-1001 : Current memory(MB): used = 532, reserve = 506, peak = 532.
PHY-1001 : End initial routed; 0.695299s wall, 0.687500s user + 0.171875s system = 0.859375s CPU (123.6%)

PHY-1001 : Current memory(MB): used = 532, reserve = 506, peak = 532.
PHY-1001 : End phase 2; 0.695379s wall, 0.687500s user + 0.171875s system = 0.859375s CPU (123.6%)

PHY-1001 : ===== Detail Route Phase 3 =====
PHY-1001 : Ripup-reroute.....
PHY-1001 : ===== DR Iter 1 =====
PHY-1022 : len = 215240, over cnt = 26(0%), over = 26, worst = 1, crit = 0
PHY-1001 : End DR Iter 1; 0.027470s wall, 0.015625s user + 0.000000s system = 0.015625s CPU (56.9%)

PHY-1001 : ===== DR Iter 2 =====
PHY-1022 : len = 215288, over cnt = 0(0%), over = 0, worst = 0, crit = 0
PHY-1001 : End DR Iter 2; 0.017186s wall, 0.015625s user + 0.000000s system = 0.015625s CPU (90.9%)

PHY-1001 : Commit to database.....
PHY-1001 : 16 feed throughs used by 14 nets
PHY-1001 : End commit to database; 0.138054s wall, 0.140625s user + 0.000000s system = 0.140625s CPU (101.9%)

PHY-1001 : Current memory(MB): used = 546, reserve = 520, peak = 546.
PHY-1001 : End phase 3; 0.282412s wall, 0.234375s user + 0.015625s system = 0.250000s CPU (88.5%)

PHY-1003 : Routed, final wirelength = 215288
PHY-1001 : Current memory(MB): used = 547, reserve = 521, peak = 547.
PHY-1001 : End export database. 0.006825s wall, 0.000000s user + 0.000000s system = 0.000000s CPU (n/a%)

PHY-1001 : End detail routing;  5.610648s wall, 5.390625s user + 0.250000s system = 5.640625s CPU (100.5%)

RUN-1003 : finish command "route" in  5.960223s wall, 5.718750s user + 0.328125s system = 6.046875s CPU (101.5%)

RUN-1004 : used memory is 458 MB, reserved memory is 434 MB, peak memory is 547 MB
RUN-1002 : start command "report_area -io_info -file ES8388_phy.area"
RUN-1001 : standard
***Report Model: audio_speak Device: EG4S20BG256***

IO Statistics
#IO                        26
  #input                   11
  #output                  13
  #inout                    2

Utilization Statistics
#lut                     1037   out of  19600    5.29%
#reg                      827   out of  19600    4.22%
#le                      1466
  #lut only               639   out of   1466   43.59%
  #reg only               429   out of   1466   29.26%
  #lut&reg                398   out of   1466   27.15%
#dsp                        0   out of     29    0.00%
#bram                       0   out of     64    0.00%
  #bram9k                   0
  #fifo9k                   0
#bram32k                    0   out of     16    0.00%
#pad                       26   out of    188   13.83%
  #ireg                     4
  #oreg                     9
  #treg                     2
#pll                        2   out of      4   50.00%
#gclk                       7   out of     16   43.75%

Clock Resource Statistics
Index     ClockNet                                            Type               DriverType         Driver                                                            Fanout
#1        show/sample_clk                                     GCLK               mslice             show/sample_clk_reg_syn_9.q1                                      269
#2        aud_bclk_1_dup_1                                    GCLK               io                 aud_bclk_1_syn_2.di                                               45
#3        aud_bclk_dup_1                                      GCLK               io                 aud_bclk_syn_2.di                                                 45
#4        u1_es8388_ctrl/u_es8388_config/u_i2c_dri/dri_clk    GCLK               lslice             u1_es8388_ctrl/u_es8388_config/u_i2c_dri/dri_clk_reg_syn_9.q1     42
#5        u_es8388_ctrl/u_es8388_config/u_i2c_dri/dri_clk     GCLK               mslice             u_es8388_ctrl/u_es8388_config/u_i2c_dri/clk_cnt_b[3]_syn_19.q0    40
#6        sys_clk_dup_1                                       GCLK               io                 sys_clk_syn_2.di                                                  32
#7        aud_mclk_1_dup_1                                    GCLK               pll                u1_pll_clk/pll_inst.clkc1                                         0
#8        aud_mclk_dup_1                                      GCLK               pll                u_pll_clk/pll_inst.clkc1                                          0
#9        u1_pll_clk/clk0_buf                                 GCLK               pll                u1_pll_clk/pll_inst.clkc0                                         0
#10       u_pll_clk/clk0_buf                                  GCLK               pll                u_pll_clk/pll_inst.clkc0                                          0


Detailed IO Report

      Name        Direction    Location    IOStandard    DriveStrength    PullType     PackReg   
   aud_adcdat       INPUT        R14        LVCMOS25          N/A          PULLUP       IREG     
  aud_adcdat_1      INPUT         F7        LVCMOS25          N/A          PULLUP       IREG     
    aud_bclk        INPUT         M6        LVCMOS25          N/A          PULLUP       NONE     
   aud_bclk_1       INPUT         C4        LVCMOS25          N/A          PULLUP       NONE     
    aud_lrc         INPUT         M7        LVCMOS25          N/A          PULLUP       IREG     
   aud_lrc_1        INPUT         D6        LVCMOS25          N/A          PULLUP       IREG     
    sys_clk         INPUT         R7        LVCMOS25          N/A          PULLUP       NONE     
   sys_rst_n        INPUT         E3        LVCMOS25          N/A          PULLUP       NONE     
  sys_rst_n_1       INPUT        H16        LVCMOS25          N/A           N/A         NONE     
   volume[1]        INPUT        B10        LVCMOS25          N/A          PULLUP       NONE     
   volume[0]        INPUT        A10        LVCMOS25          N/A          PULLUP       NONE     
   aud_dacdat      OUTPUT         P6        LVCMOS25           8            NONE        OREG     
  aud_dacdat_1     OUTPUT         C5        LVCMOS25           8            NONE        OREG     
    aud_mclk       OUTPUT         N5        LVCMOS25           8            NONE        NONE     
   aud_mclk_1      OUTPUT         B3        LVCMOS25           8            NONE        NONE     
    aud_scl        OUTPUT        R12        LVCMOS25           8            NONE        OREG     
   aud_scl_1       OUTPUT         B2        LVCMOS25           8            NONE        OREG     
     ilaclk        OUTPUT         T5        LVCMOS25           8            NONE        NONE     
    ilaclk_1       OUTPUT         D3        LVCMOS25           8            NONE        NONE     
      led          OUTPUT        B14        LVCMOS25           8            NONE        NONE     
     led_1         OUTPUT        B15        LVCMOS25           8            NONE        NONE     
    leds[2]        OUTPUT        C15        LVCMOS25           8            NONE        OREG     
    leds[1]        OUTPUT        C16        LVCMOS25           8            NONE        OREG     
    leds[0]        OUTPUT        E13        LVCMOS25           8            NONE        OREG     
    aud_sda         INOUT         R9        LVCMOS25           8           PULLUP     OREG;TREG  
   aud_sda_1        INOUT         B1        LVCMOS25           8           PULLUP     OREG;TREG  

Report Hierarchy Area:
+---------------------------------------------------------------------------------------------------+
|Instance            |Module                   |le     |lut     |ripple  |seq     |bram    |dsp     |
+---------------------------------------------------------------------------------------------------+
|top                 |audio_speak              |1466   |772     |265     |842     |0       |0       |
|  show              |sound_localization_24bit |871    |289     |191     |522     |0       |0       |
|  u1_es8388_ctrl    |es8388_ctrl              |279    |228     |32      |146     |0       |0       |
|    u_audio_receive |audio_receive            |80     |51      |12      |53      |0       |0       |
|    u_audio_send    |audio_send               |23     |21      |0       |22      |0       |0       |
|    u_es8388_config |es8388_config            |176    |156     |20      |71      |0       |0       |
|      u_i2c_dri     |i2c_dri                  |116    |106     |10      |41      |0       |0       |
|      u_i2c_reg_cfg |i2c_reg_cfg              |60     |50      |10      |30      |0       |0       |
|  u1_pll_clk        |clk_wiz_0                |1      |1       |0       |0       |0       |0       |
|  u_es8388_ctrl     |es8388_ctrl              |294    |243     |32      |143     |0       |0       |
|    u_audio_receive |audio_receive            |78     |49      |12      |52      |0       |0       |
|    u_audio_send    |audio_send               |24     |22      |0       |22      |0       |0       |
|    u_es8388_config |es8388_config            |192    |172     |20      |69      |0       |0       |
|      u_i2c_dri     |i2c_dri                  |129    |119     |10      |42      |0       |0       |
|      u_i2c_reg_cfg |i2c_reg_cfg              |63     |53      |10      |27      |0       |0       |
|  u_pll_clk         |clk_wiz_0                |1      |1       |0       |0       |0       |0       |
+---------------------------------------------------------------------------------------------------+


DataNet Average Fanout:

   Index     Fanout     Nets  
    #1          1       1055  
    #2          2       344   
    #3          3       189   
    #4          4        9    
    #5        5-10       65   
    #6        11-50      55   
    #7       51-100      3    
    #8       101-500     1    
  Average     2.47            

RUN-1002 : start command "export_db ES8388_pr.db"
RUN-1001 : Exported /
RUN-1001 : Exported flow parameters
RUN-1001 : Exported libs
RUN-1001 : Exported entities
RUN-1001 : Exported ports
RUN-1001 : Exported pins
RUN-1001 : Exported instances
RUN-1001 : Exported nets
RUN-1001 : Exported buses
RUN-1001 : Exported models
RUN-1001 : Exported congestions
RUN-1001 : Exported violations
RUN-1001 : Exported IO constraints
RUN-1001 : Exported Inst constraints
RUN-1002 : start command "export_bid ES8388_inst.bid"
RUN-1002 : start command "bitgen -bit ES8388.bit -unused_io_status pulldown"
BIT-1003 : Start to generate bitstream. 
BIT-1002 : Bitgen processed 162 unused pads, reserve input tri_state with pulldown
BIT-1002 : Init instances with 24 threads.
BIT-1002 : Init instances completely, inst num: 951
BIT-1002 : Init pips with 24 threads.
BIT-1002 : Init pips completely, net num: 1759, pip num: 14636
BIT-1002 : Init feedthrough with 24 threads.
BIT-1002 : Init feedthrough completely, num: 16
BIT-1003 : Multithreading accelaration with 24 threads.
BIT-1003 : Generate bitstream completely, there are 1815 valid insts, and 41466 bits set as '1'.
BIT-1004 : PLL setting string = 0110
BIT-1004 : Generate bits file ES8388.bit.
RUN-1003 : finish command "bitgen -bit ES8388.bit -unused_io_status pulldown" in  1.809989s wall, 25.671875s user + 1.265625s system = 26.937500s CPU (1488.3%)

RUN-1004 : used memory is 473 MB, reserved memory is 458 MB, peak memory is 702 MB
RUN-1002 : start command "backup_run_log run.log ../.logs/phy_1/td_20251017_151626.log"
