============================================================
   Tang Dynasty, V5.6.71036
      Copyright (c) 2012-2023 Anlogic Inc.
   Executable = E:/Software/Anlogic/TD5.6.2/bin/td.exe
   Built at =   20:34:38 Mar 21 2023
   Run by =     Lviva
   Run Date =   Wed Oct 22 20:46:04 2025

   Run on =     VIVACIOUS
============================================================
RUN-1002 : start command "open_project ES8388.prj"
RUN-1001 : Print Global Property
RUN-1001 : ---------------------------------------------------------------
RUN-1001 :        Parameters        |  Settings  |  Default Values  |  Note  
RUN-1001 : ---------------------------------------------------------------
RUN-1001 :          message         |  standard  |     standard     |        
RUN-1001 :   mixed_pack_place_flow  |     on     |        on        |        
RUN-1001 :        qor_monitor       |    off     |       off        |        
RUN-1001 :        syn_ip_flow       |    off     |       off        |        
RUN-1001 :          thread          |    auto    |       auto       |        
RUN-1001 : ---------------------------------------------------------------
RUN-1001 : Print Design Property
RUN-1001 : --------------------------------------------------------------
RUN-1001 :        Parameters       |  Settings  |  Default Values  |  Note  
RUN-1001 : --------------------------------------------------------------
RUN-1001 :   default_reg_initial   |    auto    |       auto       |        
RUN-1001 :        infer_add        |     on     |        on        |        
RUN-1001 :        infer_fsm        |    off     |       off        |        
RUN-1001 :        infer_mult       |     on     |        on        |        
RUN-1001 :        infer_ram        |     on     |        on        |        
RUN-1001 :        infer_reg        |     on     |        on        |        
RUN-1001 :   infer_reg_init_value  |     on     |        on        |        
RUN-1001 :        infer_rom        |     on     |        on        |        
RUN-1001 :      infer_shifter      |     on     |        on        |        
RUN-1001 : --------------------------------------------------------------
RUN-1001 : Print Rtl Property
RUN-1001 : --------------------------------------------------------------
RUN-1001 :        Parameters       |  Settings  |  Default Values  |  Note  
RUN-1001 : --------------------------------------------------------------
RUN-1001 :       compress_add      |   ripple   |      ripple      |        
RUN-1001 :        elf_sload        |    off     |       off        |        
RUN-1001 :       fix_undriven      |     0      |        0         |        
RUN-1001 :         flatten         |    off     |       off        |        
RUN-1001 :       gate_sharing      |     on     |        on        |        
RUN-1001 :    hdl_warning_level    |   normal   |      normal      |        
RUN-1001 :   impl_internal_tribuf  |     on     |        on        |        
RUN-1001 :      impl_set_reset     |     on     |        on        |        
RUN-1001 :        infer_gsr        |    off     |       off        |        
RUN-1001 :      keep_hierarchy     |    auto    |       auto       |        
RUN-1001 :        max_fanout       |    9999    |       9999       |        
RUN-1001 :      max_oh2bin_len     |     10     |        10        |        
RUN-1001 :       merge_equal       |     on     |        on        |        
RUN-1001 :       merge_equiv       |     on     |        on        |        
RUN-1001 :        merge_mux        |    off     |       off        |        
RUN-1001 :     min_control_set     |     8      |        8         |        
RUN-1001 :      min_ripple_len     |    auto    |       auto       |        
RUN-1001 :       oh2bin_ratio      |    0.08    |       0.08       |        
RUN-1001 :     opt_adder_fanout    |     on     |        on        |        
RUN-1001 :        opt_arith        |     on     |        on        |        
RUN-1001 :       opt_big_gate      |    off     |       off        |        
RUN-1001 :        opt_const        |     on     |        on        |        
RUN-1001 :      opt_const_mult     |     on     |        on        |        
RUN-1001 :       opt_lessthan      |     on     |        on        |        
RUN-1001 :         opt_mux         |    off     |       off        |        
RUN-1001 :         opt_ram         |    high    |       high       |        
RUN-1001 :      rtl_sim_model      |    off     |       off        |        
RUN-1001 :         seq_syn         |     on     |        on        |        
RUN-1001 : --------------------------------------------------------------
HDL-1007 : analyze verilog file ../../al_ip/clk_wiz_0.v
HDL-1007 : undeclared symbol 'open', assumed default net type 'wire' in ../../al_ip/clk_wiz_0.v(80)
HDL-1007 : analyze verilog file ../../../RTL/audio_receive.v
HDL-1007 : analyze verilog file ../../../RTL/audio_send.v
HDL-1007 : analyze verilog file ../../../RTL/audio_speak.v
HDL-1007 : analyze verilog file ../../../RTL/es8388_config.v
HDL-1007 : analyze verilog file ../../../RTL/es8388_ctrl.v
HDL-1007 : analyze verilog file ../../../RTL/i2c_dri.v
HDL-1007 : analyze verilog file ../../../RTL/i2c_reg_cfg.v
HDL-1007 : analyze verilog file ../../sound_direction_led.v
RUN-1001 : Project manager successfully analyzed 9 source files.
RUN-1002 : start command "import_device eagle_s20.db -package EG4S20BG256"
ARC-1001 : Device Initialization.
ARC-1001 : ------------------------------------------------------------------
ARC-1001 :            OPTION            |          IO          |   SETTING   
ARC-1001 : ------------------------------------------------------------------
ARC-1001 :   cso_b/cclk/mosi/miso/dout  |  T3/R11/T10/P10/S11  |    gpio    
ARC-1001 :             done             |         P13          |    gpio    
ARC-1001 :           program_b          |          T2          |  dedicate  
ARC-1001 :        tdi/tms/tck/tdo       |   C12/A15/C14/E14    |  dedicate  
ARC-1001 : ------------------------------------------------------------------
ARC-1004 : Device setting, marked 5 dedicate IOs in total.
RUN-1002 : start command "import_db ../syn_1/ES8388_gate.db"
RUN-1001 : Importing database generated by Tang Dynasty, V5.6.71036.
RUN-1001 : Database version number 46146.
RUN-1001 : Import flow parameters
RUN-1001 : Import IO constraints
RUN-1001 : Import Inst constraints
RUN-1001 : Import design success TD_VERSION=5.6.71036 , DB_VERSION=46146
RUN-1002 : start command "place"
RUN-1001 : Open license file E:/Software/Anlogic/TD5.6.2/license/Anlogic.lic
RUN-1001 : Print Global Property
RUN-1001 : ---------------------------------------------------------------
RUN-1001 :        Parameters        |  Settings  |  Default Values  |  Note  
RUN-1001 : ---------------------------------------------------------------
RUN-1001 :          message         |  standard  |     standard     |        
RUN-1001 :   mixed_pack_place_flow  |     on     |        on        |        
RUN-1001 :        qor_monitor       |    off     |       off        |        
RUN-1001 :        syn_ip_flow       |    off     |       off        |        
RUN-1001 :          thread          |    auto    |       auto       |        
RUN-1001 : ---------------------------------------------------------------
RUN-1001 : Print Place Property
RUN-1001 : --------------------------------------------------------------
RUN-1001 :        Parameters       |  Settings  |  Default Values  |  Note  
RUN-1001 : --------------------------------------------------------------
RUN-1001 :      detailed_place     |     on     |        on        |        
RUN-1001 :          effort         |   medium   |      medium      |        
RUN-1001 :         fix_hold        |    off     |       off        |        
RUN-1001 :       legalization      |    ori     |       ori        |        
RUN-1001 :      new_spreading      |     on     |        on        |        
RUN-1001 :        opt_timing       |   medium   |      medium      |        
RUN-1001 :   post_clock_route_opt  |    off     |       off        |        
RUN-1001 :       pr_strategy       |     1      |        1         |        
RUN-1001 :        relaxation       |    1.00    |       1.00       |        
RUN-1001 :         retiming        |    off     |       off        |        
RUN-1001 : --------------------------------------------------------------
PHY-3001 : Placer runs in 16 thread(s).
RUN-1002 : start command "legalize_phy_inst"
SYN-1011 : Flatten model audio_speak
RUN-1002 : start command "phys_opt -simplify_lut"
SYN-4016 : Net ilaclk_1_dup_1 driven by BUFG (0 clock/control pins, 2 other pins).
SYN-4016 : Net ilaclk_2_dup_1 driven by BUFG (0 clock/control pins, 2 other pins).
SYN-4016 : Net ilaclk_dup_1 driven by BUFG (0 clock/control pins, 2 other pins).
SYN-4027 : Net aud_mclk_1_dup_1 is clkc1 of pll u1_pll_clk/pll_inst.
SYN-4019 : Net sys_clk_dup_1 is refclk of pll u1_pll_clk/pll_inst.
SYN-4020 : Net sys_clk_dup_1 is fbclk of pll u1_pll_clk/pll_inst.
SYN-4027 : Net aud_mclk_2_dup_1 is clkc1 of pll u2_pll_clk/pll_inst.
SYN-4019 : Net sys_clk_dup_1 is refclk of pll u2_pll_clk/pll_inst.
SYN-4020 : Net sys_clk_dup_1 is fbclk of pll u2_pll_clk/pll_inst.
SYN-4027 : Net aud_mclk_dup_1 is clkc1 of pll u_pll_clk/pll_inst.
SYN-4019 : Net sys_clk_dup_1 is refclk of pll u_pll_clk/pll_inst.
SYN-4020 : Net sys_clk_dup_1 is fbclk of pll u_pll_clk/pll_inst.
SYN-4024 : Net "aud_bclk_dup_1" drives clk pins.
SYN-4024 : Net "aud_bclk_1_dup_1" drives clk pins.
SYN-4024 : Net "aud_bclk_2_dup_1" drives clk pins.
SYN-4024 : Net "show/sample_clk" drives clk pins.
SYN-4024 : Net "u1_es8388_ctrl/u_es8388_config/u_i2c_dri/dri_clk" drives clk pins.
SYN-4024 : Net "u2_es8388_ctrl/u_es8388_config/u_i2c_dri/dri_clk" drives clk pins.
SYN-4024 : Net "u_es8388_ctrl/u_es8388_config/u_i2c_dri/dri_clk" drives clk pins.
SYN-4025 : Tag rtl::Net aud_bclk_1_dup_1 as clock net
SYN-4025 : Tag rtl::Net aud_bclk_2_dup_1 as clock net
SYN-4025 : Tag rtl::Net aud_bclk_dup_1 as clock net
SYN-4025 : Tag rtl::Net aud_mclk_1_dup_1 as clock net
SYN-4025 : Tag rtl::Net aud_mclk_2_dup_1 as clock net
SYN-4025 : Tag rtl::Net aud_mclk_dup_1 as clock net
SYN-4025 : Tag rtl::Net ilaclk_1_dup_1 as clock net
SYN-4025 : Tag rtl::Net ilaclk_2_dup_1 as clock net
SYN-4025 : Tag rtl::Net ilaclk_dup_1 as clock net
SYN-4025 : Tag rtl::Net show/sample_clk as clock net
SYN-4025 : Tag rtl::Net sys_clk_dup_1 as clock net
SYN-4025 : Tag rtl::Net u1_es8388_ctrl/u_es8388_config/u_i2c_dri/dri_clk as clock net
SYN-4025 : Tag rtl::Net u2_es8388_ctrl/u_es8388_config/u_i2c_dri/dri_clk as clock net
SYN-4025 : Tag rtl::Net u_es8388_ctrl/u_es8388_config/u_i2c_dri/dri_clk as clock net
SYN-4026 : Tagged 14 rtl::Net as clock net
SYN-4015 : Create BUFG instance for clk Net aud_bclk_1_dup_1 to drive 80 clock pins.
SYN-4015 : Create BUFG instance for clk Net aud_bclk_dup_1 to drive 80 clock pins.
SYN-4015 : Create BUFG instance for clk Net show/sample_clk to drive 67 clock pins.
SYN-4015 : Create BUFG instance for clk Net u1_es8388_ctrl/u_es8388_config/u_i2c_dri/dri_clk to drive 59 clock pins.
SYN-4015 : Create BUFG instance for clk Net u2_es8388_ctrl/u_es8388_config/u_i2c_dri/dri_clk to drive 59 clock pins.
SYN-4015 : Create BUFG instance for clk Net u_es8388_ctrl/u_es8388_config/u_i2c_dri/dri_clk to drive 59 clock pins.
PHY-1001 : Populate physical database on model audio_speak.
RUN-1001 : There are total 1437 instances
RUN-0007 : 673 luts, 534 seqs, 134 mslices, 41 lslices, 40 pads, 0 brams, 0 dsps
RUN-1001 : There are total 1599 nets
RUN-1001 : 986 nets have 2 pins
RUN-1001 : 399 nets have [3 - 5] pins
RUN-1001 : 120 nets have [6 - 10] pins
RUN-1001 : 55 nets have [11 - 20] pins
RUN-1001 : 34 nets have [21 - 99] pins
RUN-1001 : 5 nets have 100+ pins
RUN-1001 : Report Control nets information:
RUN-1001 : DFF Distribution
RUN-1001 : ----------------------------------
RUN-1001 :   CE   |  SSR  |  ASR  |  DFF Count  
RUN-1001 : ----------------------------------
RUN-1001 :   No   |  No   |  No   |      0      
RUN-1001 :   No   |  No   |  Yes  |     294     
RUN-1001 :   No   |  Yes  |  No   |      0      
RUN-1001 :   Yes  |  No   |  No   |      0      
RUN-1001 :   Yes  |  No   |  Yes  |     216     
RUN-1001 :   Yes  |  Yes  |  No   |     24      
RUN-1001 : ----------------------------------
RUN-0007 : Control Group Statistic
RUN-0007 : ---------------------------
RUN-0007 :   #CLK  |  #CE  |  #SSR/ASR  
RUN-0007 : ---------------------------
RUN-0007 :    8    |  16   |     7      
RUN-0007 : ---------------------------
RUN-0007 : Control Set = 26
PHY-3001 : Initial placement ...
PHY-3001 : design contains 1435 instances, 673 luts, 534 seqs, 175 slices, 33 macros(175 instances: 134 mslices 41 lslices)
PHY-0007 : Cell area utilization is 5%
PHY-3001 : Global placement ...
PHY-3001 : Initial: Len = 339632
PHY-3001 : Clustering ...
PHY-3001 : Level 0 #clusters 1435.
PHY-3001 : End clustering;  0.000253s wall, 0.000000s user + 0.000000s system = 0.000000s CPU (n/a%)

PHY-3001 : Run with size of 4
PHY-3001 : Cell area utilization is 5%
PHY-3001 : :::0::: Try harder cell spreading with beta_ = 0
PHY-3002 : Step(1): len = 201170, overlap = 0
PHY-3002 : Step(2): len = 144476, overlap = 0
PHY-3002 : Step(3): len = 95236.7, overlap = 0
PHY-3002 : Step(4): len = 76548.6, overlap = 0
PHY-3002 : Step(5): len = 68667.9, overlap = 0.5
PHY-3002 : Step(6): len = 59274.4, overlap = 0
PHY-3002 : Step(7): len = 47894.1, overlap = 0
PHY-3002 : Step(8): len = 45556.5, overlap = 2
PHY-3002 : Step(9): len = 45117, overlap = 1.5
PHY-3002 : Step(10): len = 39625.5, overlap = 2
PHY-3002 : Step(11): len = 39626.2, overlap = 2
PHY-3002 : Step(12): len = 40723.5, overlap = 1.5
PHY-3002 : Step(13): len = 38685, overlap = 0
PHY-3002 : Step(14): len = 36043.8, overlap = 2
PHY-3002 : Step(15): len = 35852.7, overlap = 2.4375
PHY-3002 : Step(16): len = 31614.1, overlap = 3.78125
PHY-3002 : Step(17): len = 31939, overlap = 4.125
PHY-3002 : Step(18): len = 31005.3, overlap = 5
PHY-3002 : Step(19): len = 30827.6, overlap = 4.125
PHY-3002 : Step(20): len = 28974.7, overlap = 5
PHY-3002 : Step(21): len = 29582.1, overlap = 5.625
PHY-3002 : Step(22): len = 28328.5, overlap = 5.9375
PHY-3002 : Step(23): len = 28858.4, overlap = 6.875
PHY-3002 : Step(24): len = 28078.7, overlap = 7.90625
PHY-3002 : Step(25): len = 25632.8, overlap = 11.7812
PHY-3002 : Step(26): len = 23983.1, overlap = 12.7812
PHY-3002 : Step(27): len = 23983.1, overlap = 12.7812
PHY-3002 : Step(28): len = 22876.4, overlap = 12.6562
PHY-3001 : Legalization ...
PHY-3001 : End legalization;  0.002169s wall, 0.000000s user + 0.000000s system = 0.000000s CPU (n/a%)

PHY-3001 : Run with size of 4
PHY-3001 : Cell area utilization is 6%
PHY-3001 : :::0::: Try harder cell spreading with beta_ = 4.00691e-05
PHY-3002 : Step(29): len = 23157, overlap = 33.75
PHY-3002 : Step(30): len = 23157, overlap = 33.75
PHY-3001 : :::1::: Try harder cell spreading with beta_ = 8.01381e-05
PHY-3002 : Step(31): len = 22906.5, overlap = 34.0312
PHY-3002 : Step(32): len = 23030.4, overlap = 34.2188
PHY-3001 : :::2::: Try harder cell spreading with beta_ = 0.000160276
PHY-3002 : Step(33): len = 23232.7, overlap = 29.5
PHY-3002 : Step(34): len = 23232.7, overlap = 29.5
PHY-3001 : Run with size of 2
PHY-3001 : Cell area utilization is 6%
PHY-3001 : :::0::: Try harder cell spreading with beta_ = 1.76785e-05
PHY-3002 : Step(35): len = 24716.9, overlap = 61
PHY-3002 : Step(36): len = 24716.9, overlap = 61
PHY-3002 : Step(37): len = 23988.9, overlap = 61.4375
PHY-3001 : :::1::: Try harder cell spreading with beta_ = 3.53571e-05
PHY-3002 : Step(38): len = 26304.1, overlap = 48.5938
PHY-3002 : Step(39): len = 26304.1, overlap = 48.5938
PHY-3002 : Step(40): len = 25598.7, overlap = 48.875
PHY-3002 : Step(41): len = 25703.4, overlap = 48.3125
PHY-3002 : Step(42): len = 25938.8, overlap = 49.75
PHY-3001 : :::2::: Try harder cell spreading with beta_ = 7.07142e-05
PHY-3002 : Step(43): len = 26793.8, overlap = 44.1875
PHY-3002 : Step(44): len = 27724, overlap = 42.4375
PHY-3002 : Step(45): len = 28539.4, overlap = 36.6875
PHY-3001 : :::3::: Try harder cell spreading with beta_ = 0.000141428
PHY-3002 : Step(46): len = 27774, overlap = 33.2812
PHY-3002 : Step(47): len = 28178.6, overlap = 32.5625
PHY-3002 : Step(48): len = 28348.3, overlap = 32.625
PHY-3001 : :::4::: Try harder cell spreading with beta_ = 0.000282857
PHY-3002 : Step(49): len = 28570.9, overlap = 29
PHY-3002 : Step(50): len = 28506.1, overlap = 29.0938
PHY-3002 : Step(51): len = 28383.8, overlap = 28.875
PHY-3001 : :::5::: Try harder cell spreading with beta_ = 0.000513398
PHY-3002 : Step(52): len = 28841.4, overlap = 27.3438
PHY-3002 : Step(53): len = 28671.5, overlap = 27.5312
PHY-3002 : Step(54): len = 28585.6, overlap = 27.75
OPT-1001 : Start physical optimization ...
OPT-1001 : Total overflow 75.75 peak overflow 6.22
OPT-1001 : Start high-fanout net optimization ...
OPT-1001 : Update timing in global mode
PHY-1001 : Start incremental global routing, caller is place ...
RUN-1001 : Generating global routing grids ...
RUN-1001 : Building simple global routing graph ...
PHY-1001 : Generate routing nets ...
PHY-1001 : Reuse net number 0/1599.
PHY-1001 : Global iterations in 16 thread ...
PHY-1002 : len = 31312, over cnt = 133(0%), over = 528, worst = 14
PHY-1001 : End global iterations;  0.049827s wall, 0.062500s user + 0.046875s system = 0.109375s CPU (219.5%)

PHY-1001 : Congestion index: top1 = 31.31, top5 = 15.83, top10 = 9.34, top15 = 6.67.
PHY-1001 : End incremental global routing;  0.096245s wall, 0.078125s user + 0.062500s system = 0.140625s CPU (146.1%)

RUN-1002 : start command "start_timer -report"
TMR-5001 WARNING: No sdc constraints found while initiating timer.
TMR-2505 : Start building timing graph for model audio_speak.
TMR-2506 : Build timing graph completely. Port num: 37, tpin num: 6639, tnet num: 1597, tinst num: 1435, tnode num: 8557, tedge num: 10480.
TMR-2508 : Levelizing timing graph completed, there are 33 levels in total.
TMR-2501 : Timing graph initialized successfully.
OPT-1001 : End timing update;  0.170225s wall, 0.156250s user + 0.015625s system = 0.171875s CPU (101.0%)

OPT-1001 : 0 high-fanout net processed.
OPT-1001 : End high-fanout net optimization;  0.283497s wall, 0.250000s user + 0.078125s system = 0.328125s CPU (115.7%)

OPT-1001 : Current memory(MB): used = 171, reserve = 140, peak = 171.
OPT-1001 : End physical optimization;  0.298990s wall, 0.265625s user + 0.078125s system = 0.343750s CPU (115.0%)

PHY-3001 : Start packing ...
SYN-4007 : Packing 0 MUX to BLE ...
SYN-4008 : Packed 0 MUX and 0 SEQ to BLE.
SYN-4007 : Packing 673 LUT to BLE ...
SYN-4008 : Packed 673 LUT and 311 SEQ to BLE.
SYN-4003 : Packing 223 remaining SEQ's ...
SYN-4005 : Packed 131 SEQ with LUT/SLICE
SYN-4006 : 267 single LUT's are left
SYN-4006 : 92 single SEQ's are left
SYN-4011 : Packing model "audio_speak" (AL_USER_NORMAL) with 765/995 primitive instances ...
PHY-3001 : End packing;  0.031113s wall, 0.031250s user + 0.000000s system = 0.031250s CPU (100.4%)

PHY-1001 : Populate physical database on model audio_speak.
RUN-1001 : There are total 631 instances
RUN-1001 : 288 mslices, 288 lslices, 40 pads, 0 brams, 0 dsps
RUN-1001 : There are total 1297 nets
RUN-1001 : 693 nets have 2 pins
RUN-1001 : 392 nets have [3 - 5] pins
RUN-1001 : 121 nets have [6 - 10] pins
RUN-1001 : 60 nets have [11 - 20] pins
RUN-1001 : 29 nets have [21 - 99] pins
RUN-1001 : 2 nets have 100+ pins
PHY-3001 : design contains 629 instances, 576 slices, 33 macros(175 instances: 134 mslices 41 lslices)
PHY-3001 : Cell area utilization is 7%
PHY-3001 : After packing: Len = 28597.8, Over = 43.75
PHY-3001 : Run with size of 2
PHY-3001 : Cell area utilization is 7%
PHY-3001 : :::0::: Try harder cell spreading with beta_ = 1.87979e-05
PHY-3002 : Step(55): len = 27351.2, overlap = 46.75
PHY-3002 : Step(56): len = 27387.7, overlap = 46
PHY-3002 : Step(57): len = 26803.6, overlap = 46.75
PHY-3001 : :::1::: Try harder cell spreading with beta_ = 3.75959e-05
PHY-3002 : Step(58): len = 26966.2, overlap = 45
PHY-3002 : Step(59): len = 26966.2, overlap = 45
PHY-3002 : Step(60): len = 26992.4, overlap = 44.5
PHY-3001 : :::2::: Try harder cell spreading with beta_ = 7.51918e-05
PHY-3002 : Step(61): len = 28238.8, overlap = 42.5
PHY-3002 : Step(62): len = 28578.4, overlap = 43
PHY-3002 : Step(63): len = 28927.8, overlap = 43.25
PHY-3001 : Legalization ...
PHY-3001 : End legalization;  0.093894s wall, 0.078125s user + 0.109375s system = 0.187500s CPU (199.7%)

PHY-3001 : Trial Legalized: Len = 41591.8
PHY-3001 : Run with size of 2
PHY-3001 : Cell area utilization is 7%
PHY-3001 : :::0::: Try harder cell spreading with beta_ = 0.00355408
PHY-3002 : Step(64): len = 39116.3, overlap = 1.75
PHY-3002 : Step(65): len = 37980, overlap = 3.5
PHY-3002 : Step(66): len = 36186, overlap = 7
PHY-3002 : Step(67): len = 34783, overlap = 12.25
PHY-3002 : Step(68): len = 34293.9, overlap = 14.25
PHY-3002 : Step(69): len = 33284, overlap = 15.75
PHY-3002 : Step(70): len = 32719.5, overlap = 18.5
PHY-3002 : Step(71): len = 32285.1, overlap = 19.25
PHY-3002 : Step(72): len = 31879.1, overlap = 20.75
PHY-3002 : Step(73): len = 31586.5, overlap = 22.5
PHY-3001 : :::1::: Try harder cell spreading with beta_ = 0.00710817
PHY-3002 : Step(74): len = 31630.4, overlap = 21.75
PHY-3002 : Step(75): len = 31335.6, overlap = 23
PHY-3002 : Step(76): len = 31197.2, overlap = 22.75
PHY-3001 : :::2::: Try harder cell spreading with beta_ = 0.011501
PHY-3002 : Step(77): len = 31202.6, overlap = 22.75
PHY-3002 : Step(78): len = 31104.7, overlap = 22.5
PHY-3001 : Legalization ...
PHY-3001 : End legalization;  0.004794s wall, 0.000000s user + 0.000000s system = 0.000000s CPU (n/a%)

PHY-3001 : Legalized: Len = 36364.1, Over = 0
PHY-3001 : End spreading;  0.004105s wall, 0.000000s user + 0.000000s system = 0.000000s CPU (n/a%)

PHY-3001 : Final: Len = 36364.1, Over = 0
OPT-1001 : Start physical optimization ...
OPT-1001 : Total overflow 0.00 peak overflow 0.00
OPT-1001 : Start high-fanout net optimization ...
OPT-1001 : Update timing in global mode
PHY-1001 : Start incremental global routing, caller is place ...
RUN-1001 : Generating global routing grids ...
PHY-1001 : Generate routing nets ...
PHY-1001 : Reuse net number 59/1297.
PHY-1001 : Global iterations in 16 thread ...
PHY-1002 : len = 43312, over cnt = 138(0%), over = 205, worst = 4
PHY-1002 : len = 44208, over cnt = 69(0%), over = 95, worst = 3
PHY-1002 : len = 45232, over cnt = 13(0%), over = 19, worst = 3
PHY-1002 : len = 45512, over cnt = 0(0%), over = 0, worst = 0
PHY-1001 : End global iterations;  0.106275s wall, 0.062500s user + 0.062500s system = 0.125000s CPU (117.6%)

PHY-1001 : Congestion index: top1 = 25.13, top5 = 18.14, top10 = 13.04, top15 = 9.47.
PHY-1001 : End incremental global routing;  0.170308s wall, 0.125000s user + 0.062500s system = 0.187500s CPU (110.1%)

RUN-1002 : start command "start_timer -report"
TMR-5001 WARNING: No sdc constraints found while initiating timer.
TMR-2505 : Start building timing graph for model audio_speak.
TMR-2506 : Build timing graph completely. Port num: 37, tpin num: 5481, tnet num: 1295, tinst num: 629, tnode num: 6854, tedge num: 9033.
TMR-2508 : Levelizing timing graph completed, there are 33 levels in total.
TMR-2501 : Timing graph initialized successfully.
OPT-1001 : End timing update;  0.171374s wall, 0.171875s user + 0.000000s system = 0.171875s CPU (100.3%)

OPT-1001 : 0 high-fanout net processed.
OPT-1001 : End high-fanout net optimization;  0.357918s wall, 0.312500s user + 0.062500s system = 0.375000s CPU (104.8%)

OPT-1001 : Current memory(MB): used = 176, reserve = 144, peak = 176.
OPT-1001 : Update timing in Manhattan mode
OPT-1001 : End timing update;  0.001956s wall, 0.000000s user + 0.000000s system = 0.000000s CPU (n/a%)

OPT-1001 : Start pin optimization...
OPT-1001 : skip pin optimization...
RUN-1001 : Generating global routing grids ...
PHY-1001 : Generate routing nets ...
PHY-1001 : Reuse net number 1042/1297.
PHY-1001 : Global iterations in 16 thread ...
PHY-1002 : len = 45512, over cnt = 0(0%), over = 0, worst = 0
PHY-1001 : End global iterations;  0.004592s wall, 0.000000s user + 0.000000s system = 0.000000s CPU (n/a%)

PHY-1001 : Congestion index: top1 = 25.13, top5 = 18.14, top10 = 13.04, top15 = 9.47.
OPT-1001 : Update timing in Manhattan mode
OPT-1001 : End timing update;  0.001793s wall, 0.000000s user + 0.000000s system = 0.000000s CPU (n/a%)

RUN-1001 : QoR Analysis:
OPT-0007 :   WNS 2147483647 TNS 0 NUM_FEPS 0
RUN-1001 :   No local congestion issue, and most congested 1% tile average routing util is 24.724138
RUN-1001 :   Top critical paths
OPT-1001 : End physical optimization;  0.430741s wall, 0.375000s user + 0.062500s system = 0.437500s CPU (101.6%)

RUN-1003 : finish command "place" in  2.637186s wall, 3.718750s user + 3.296875s system = 7.015625s CPU (266.0%)

RUN-1004 : used memory is 157 MB, reserved memory is 125 MB, peak memory is 177 MB
RUN-1002 : start command "export_db ES8388_place.db"
RUN-1001 : Exported /
RUN-1001 : Exported flow parameters
RUN-1001 : Exported libs
RUN-1001 : Exported entities
RUN-1001 : Exported ports
RUN-1001 : Exported pins
RUN-1001 : Exported instances
RUN-1001 : Exported nets
RUN-1001 : Exported buses
RUN-1001 : Exported models
RUN-1001 : Exported congestions
RUN-1001 : Exported violations
RUN-1001 : Exported IO constraints
RUN-1001 : Exported Inst constraints
RUN-1002 : start command "route"
RUN-1001 : Open license file E:/Software/Anlogic/TD5.6.2/license/Anlogic.lic
RUN-1001 : Print Global Property
RUN-1001 : ---------------------------------------------------------------
RUN-1001 :        Parameters        |  Settings  |  Default Values  |  Note  
RUN-1001 : ---------------------------------------------------------------
RUN-1001 :          message         |  standard  |     standard     |        
RUN-1001 :   mixed_pack_place_flow  |     on     |        on        |        
RUN-1001 :        qor_monitor       |    off     |       off        |        
RUN-1001 :        syn_ip_flow       |    off     |       off        |        
RUN-1001 :          thread          |    auto    |       auto       |        
RUN-1001 : ---------------------------------------------------------------
RUN-1001 : Print Route Property
RUN-1001 : -------------------------------------------------------
RUN-1001 :    Parameters    |  Settings  |  Default Values  |  Note  
RUN-1001 : -------------------------------------------------------
RUN-1001 :      effort      |   medium   |      medium      |        
RUN-1001 :     fix_hold     |    off     |       off        |        
RUN-1001 :    opt_timing    |   medium   |      medium      |        
RUN-1001 :   phy_sim_model  |    off     |       off        |        
RUN-1001 :     priority     |   timing   |      timing      |        
RUN-1001 :     swap_pin     |     on     |        on        |        
RUN-1001 : -------------------------------------------------------
PHY-1001 : Route runs in 16 thread(s)
RUN-1001 : There are total 631 instances
RUN-1001 : 288 mslices, 288 lslices, 40 pads, 0 brams, 0 dsps
RUN-1001 : There are total 1297 nets
RUN-1001 : 693 nets have 2 pins
RUN-1001 : 392 nets have [3 - 5] pins
RUN-1001 : 121 nets have [6 - 10] pins
RUN-1001 : 60 nets have [11 - 20] pins
RUN-1001 : 29 nets have [21 - 99] pins
RUN-1001 : 2 nets have 100+ pins
RUN-1002 : start command "start_timer -report"
TMR-5001 WARNING: No sdc constraints found while initiating timer.
TMR-2505 : Start building timing graph for model audio_speak.
TMR-2506 : Build timing graph completely. Port num: 37, tpin num: 5481, tnet num: 1295, tinst num: 629, tnode num: 6854, tedge num: 9033.
TMR-2508 : Levelizing timing graph completed, there are 33 levels in total.
TMR-2501 : Timing graph initialized successfully.
PHY-1001 : 288 mslices, 288 lslices, 40 pads, 0 brams, 0 dsps
TMR-2503 : Start to update net delay, extr mode = 3.
TMR-2504 : Update delay of 1295 nets completely.
TMR-2502 : Annotate delay completely, extr mode = 3.
TMR-3002 : No user constraint, initiate default constraint.
TMR-1501 : Assign derive clock DeriveClock to 662 clock pins, and constraint 1363 relative nodes.
TMR-3003 : Constraints initiated successfully.
TMR-3501 : Forward propagation: start to calculate arrival time...
TMR-3502 : Backward propagation: start to calculate required time...
TMR-3503 : Timing propagation completes.
PHY-1001 : Start global routing, caller is route ...
RUN-1001 : Generating global routing grids ...
PHY-1001 : Generate routing nets ...
PHY-1001 : Global iterations in 16 thread ...
PHY-1002 : len = 42816, over cnt = 137(0%), over = 203, worst = 5
PHY-1002 : len = 43624, over cnt = 81(0%), over = 107, worst = 3
PHY-1002 : len = 44552, over cnt = 32(0%), over = 37, worst = 3
PHY-1002 : len = 45080, over cnt = 0(0%), over = 0, worst = 0
PHY-1001 : End global iterations;  0.087352s wall, 0.140625s user + 0.031250s system = 0.171875s CPU (196.8%)

PHY-1001 : Congestion index: top1 = 24.87, top5 = 18.02, top10 = 12.94, top15 = 9.39.
PHY-1001 : End global routing;  0.136093s wall, 0.187500s user + 0.031250s system = 0.218750s CPU (160.7%)

PHY-1001 : Start detail routing ...
PHY-1001 : Current memory(MB): used = 206, reserve = 175, peak = 219.
PHY-1001 : Detailed router is running in normal mode.
PHY-1001 : Generate detailed routing grids ...
PHY-1001 : Processed IO instance aud_dacdat_syn_4 with INV attribute.
PHY-1001 : Processed IO instance aud_dacdat_1_syn_4 with INV attribute.
PHY-1001 : Processed IO instance aud_dacdat_2_syn_4 with INV attribute.
PHY-1001 : Generate nets ...
PHY-1001 : clock net aud_bclk_syn_4 will be merged with clock aud_bclk_dup_1
PHY-1001 : clock net aud_bclk_1_syn_4 will be merged with clock aud_bclk_1_dup_1
PHY-1001 : net aud_bclk_2_dup_1 will be routed on clock mesh
PHY-1001 : net aud_mclk_dup_1 will be routed on clock mesh
PHY-1001 : net aud_mclk_1_dup_1 will be routed on clock mesh
PHY-1001 : net aud_mclk_2_dup_1 will be routed on clock mesh
PHY-1001 : clock net ilaclk_dup_1 will be merged with clock u_pll_clk/clk0_buf
PHY-1001 : clock net ilaclk_1_dup_1 will be merged with clock u1_pll_clk/clk0_buf
PHY-1001 : clock net ilaclk_2_dup_1 will be merged with clock u2_pll_clk/clk0_buf
PHY-1001 : net sys_clk_dup_1 will be routed on clock mesh
PHY-1001 : clock net show/sample_clk_syn_4 will be merged with clock show/sample_clk
PHY-1001 : clock net u_es8388_ctrl/u_es8388_config/u_i2c_dri/dri_clk_syn_4 will be merged with clock u_es8388_ctrl/u_es8388_config/u_i2c_dri/dri_clk
PHY-1001 : clock net u1_es8388_ctrl/u_es8388_config/u_i2c_dri/dri_clk_syn_4 will be merged with clock u1_es8388_ctrl/u_es8388_config/u_i2c_dri/dri_clk
PHY-1001 : clock net u2_es8388_ctrl/u_es8388_config/u_i2c_dri/dri_clk_syn_4 will be merged with clock u2_es8388_ctrl/u_es8388_config/u_i2c_dri/dri_clk
PHY-1001 : Current memory(MB): used = 471, reserve = 445, peak = 471.
PHY-1001 : End build detailed router design. 2.142426s wall, 2.093750s user + 0.046875s system = 2.140625s CPU (99.9%)

PHY-1001 : Detail Route ...
PHY-1001 : ===== Detail Route Phase 1 =====
PHY-1001 : Clock net routing.....
PHY-1001 : Routed 1% nets.
PHY-1022 : len = 31720, over cnt = 0(0%), over = 0, worst = 0, crit = 0
PHY-1001 : End initial clock net routed; 3.265809s wall, 3.203125s user + 0.062500s system = 3.265625s CPU (100.0%)

PHY-1001 : Current memory(MB): used = 503, reserve = 479, peak = 503.
PHY-1001 : End phase 1; 3.268435s wall, 3.203125s user + 0.062500s system = 3.265625s CPU (99.9%)

PHY-1001 : ===== Detail Route Phase 2 =====
PHY-1001 : Initial routing.....
PHY-1001 : Routed 38% nets.
PHY-1001 : Routed 44% nets.
PHY-1001 : Routed 52% nets.
PHY-1001 : Routed 64% nets.
PHY-1001 : Routed 85% nets.
PHY-1022 : len = 189728, over cnt = 70(0%), over = 71, worst = 2, crit = 0
PHY-1001 : Current memory(MB): used = 504, reserve = 480, peak = 504.
PHY-1001 : End initial routed; 1.147388s wall, 1.453125s user + 0.750000s system = 2.203125s CPU (192.0%)

PHY-1001 : Current memory(MB): used = 504, reserve = 480, peak = 504.
PHY-1001 : End phase 2; 1.147483s wall, 1.453125s user + 0.750000s system = 2.203125s CPU (192.0%)

PHY-1001 : ===== Detail Route Phase 3 =====
PHY-1001 : Ripup-reroute.....
PHY-1001 : ===== DR Iter 1 =====
PHY-1022 : len = 189496, over cnt = 21(0%), over = 21, worst = 1, crit = 0
PHY-1001 : End DR Iter 1; 0.031276s wall, 0.015625s user + 0.031250s system = 0.046875s CPU (149.9%)

PHY-1001 : ===== DR Iter 2 =====
PHY-1022 : len = 189632, over cnt = 3(0%), over = 3, worst = 1, crit = 0
PHY-1001 : End DR Iter 2; 0.016183s wall, 0.015625s user + 0.000000s system = 0.015625s CPU (96.6%)

PHY-1001 : ===== DR Iter 3 =====
PHY-1022 : len = 189656, over cnt = 0(0%), over = 0, worst = 0, crit = 0
PHY-1001 : End DR Iter 3; 0.012731s wall, 0.000000s user + 0.000000s system = 0.000000s CPU (n/a%)

PHY-1001 : Commit to database.....
PHY-1001 : 12 feed throughs used by 12 nets
PHY-1001 : End commit to database; 0.094078s wall, 0.093750s user + 0.000000s system = 0.093750s CPU (99.7%)

PHY-1001 : Current memory(MB): used = 518, reserve = 493, peak = 518.
PHY-1001 : End phase 3; 0.234575s wall, 0.203125s user + 0.046875s system = 0.250000s CPU (106.6%)

PHY-1003 : Routed, final wirelength = 189656
PHY-1001 : Current memory(MB): used = 519, reserve = 493, peak = 519.
PHY-1001 : End export database. 0.005720s wall, 0.000000s user + 0.000000s system = 0.000000s CPU (n/a%)

PHY-1001 : End detail routing;  6.947851s wall, 7.109375s user + 0.906250s system = 8.015625s CPU (115.4%)

RUN-1003 : finish command "route" in  7.321339s wall, 7.500000s user + 0.953125s system = 8.453125s CPU (115.5%)

RUN-1004 : used memory is 454 MB, reserved memory is 430 MB, peak memory is 519 MB
RUN-1002 : start command "report_area -io_info -file ES8388_phy.area"
RUN-1001 : standard
***Report Model: audio_speak Device: EG4S20BG256***

IO Statistics
#IO                        40
  #input                   15
  #output                  22
  #inout                    3

Utilization Statistics
#lut                     1023   out of  19600    5.22%
#reg                      534   out of  19600    2.72%
#le                      1115
  #lut only               581   out of   1115   52.11%
  #reg only                92   out of   1115    8.25%
  #lut&reg                442   out of   1115   39.64%
#dsp                        0   out of     29    0.00%
#bram                       0   out of     64    0.00%
  #bram9k                   0
  #fifo9k                   0
#bram32k                    0   out of     16    0.00%
#pad                       40   out of    188   21.28%
  #ireg                     6
  #oreg                    12
  #treg                     3
#pll                        3   out of      4   75.00%
#gclk                       9   out of     16   56.25%

Clock Resource Statistics
Index     ClockNet                                            Type               DriverType         Driver                                                           Fanout
#1        aud_bclk_1_dup_1                                    GCLK               io                 aud_bclk_1_syn_2.di                                              46
#2        aud_bclk_dup_1                                      GCLK               io                 aud_bclk_syn_2.di                                                46
#3        aud_bclk_2_dup_1                                    GCLK               io                 aud_bclk_2_syn_2.di                                              44
#4        u_es8388_ctrl/u_es8388_config/u_i2c_dri/dri_clk     GCLK               mslice             u_es8388_ctrl/u_es8388_config/u_i2c_dri/dri_clk_reg_syn_9.q0     42
#5        u2_es8388_ctrl/u_es8388_config/u_i2c_dri/dri_clk    GCLK               mslice             u2_es8388_ctrl/u_es8388_config/u_i2c_dri/dri_clk_reg_syn_9.q0    40
#6        sys_clk_dup_1                                       GCLK               io                 sys_clk_syn_2.di                                                 39
#7        u1_es8388_ctrl/u_es8388_config/u_i2c_dri/dri_clk    GCLK               mslice             u1_es8388_ctrl/u_es8388_config/u_i2c_dri/dri_clk_reg_syn_9.q0    39
#8        show/sample_clk                                     GCLK               lslice             show/sample_clk_reg_syn_9.q1                                     38
#9        aud_mclk_1_dup_1                                    GCLK               pll                u1_pll_clk/pll_inst.clkc1                                        0
#10       aud_mclk_2_dup_1                                    GCLK               pll                u2_pll_clk/pll_inst.clkc1                                        0
#11       aud_mclk_dup_1                                      GCLK               pll                u_pll_clk/pll_inst.clkc1                                         0
#12       u1_pll_clk/clk0_buf                                 GCLK               pll                u1_pll_clk/pll_inst.clkc0                                        0
#13       u2_pll_clk/clk0_buf                                 GCLK               pll                u2_pll_clk/pll_inst.clkc0                                        0
#14       u_pll_clk/clk0_buf                                  GCLK               pll                u_pll_clk/pll_inst.clkc0                                         0


Detailed IO Report

        Name          Direction    Location    IOStandard    DriveStrength    PullType     PackReg   
     aud_adcdat         INPUT        R14        LVCMOS25          N/A          PULLUP       IREG     
    aud_adcdat_1        INPUT        N12        LVCMOS25          N/A          PULLUP       IREG     
    aud_adcdat_2        INPUT        H15        LVCMOS25          N/A          PULLUP       IREG     
      aud_bclk          INPUT         M6        LVCMOS25          N/A          PULLUP       NONE     
     aud_bclk_1         INPUT        P12        LVCMOS25          N/A          PULLUP       NONE     
     aud_bclk_2         INPUT        F13        LVCMOS25          N/A          PULLUP       NONE     
      aud_lrc           INPUT         M7        LVCMOS25          N/A          PULLUP       IREG     
     aud_lrc_1          INPUT        P11        LVCMOS25          N/A          PULLUP       IREG     
     aud_lrc_2          INPUT        H13        LVCMOS25          N/A          PULLUP       IREG     
      sys_clk           INPUT         R7        LVCMOS25          N/A          PULLUP       NONE     
     sys_rst_n          INPUT         E3        LVCMOS25          N/A          PULLUP       NONE     
    sys_rst_n_1         INPUT         A9        LVCMOS25          N/A          PULLUP       NONE     
    sys_rst_n_2         INPUT        A10        LVCMOS25          N/A          PULLUP       NONE     
     volume[1]          INPUT        A11        LVCMOS25          N/A          PULLUP       NONE     
     volume[0]          INPUT        B10        LVCMOS25          N/A          PULLUP       NONE     
      I2S_BCLK         OUTPUT        D14        LVCMOS25           8            NONE        NONE     
      I2S_DATA         OUTPUT        F14        LVCMOS25           8            NONE        NONE     
     I2S_LRCLK         OUTPUT        E15        LVCMOS25           8            NONE        NONE     
     aud_dacdat        OUTPUT         P6        LVCMOS25           8            NONE        OREG     
    aud_dacdat_1       OUTPUT        L10        LVCMOS25           8            NONE        OREG     
    aud_dacdat_2       OUTPUT        G12        LVCMOS25           8            NONE        OREG     
      aud_mclk         OUTPUT         N5        LVCMOS25           8            NONE        NONE     
     aud_mclk_1        OUTPUT        M12        LVCMOS25           8            NONE        NONE     
     aud_mclk_2        OUTPUT        F15        LVCMOS25           8            NONE        NONE     
      aud_scl          OUTPUT        R12        LVCMOS25           8            NONE        OREG     
     aud_scl_1         OUTPUT        M10        LVCMOS25           8            NONE        OREG     
     aud_scl_2         OUTPUT        D16        LVCMOS25           8            NONE        OREG     
       ilaclk          OUTPUT         T5        LVCMOS25           8            NONE        NONE     
      ilaclk_1         OUTPUT         D3        LVCMOS25           8            NONE        NONE     
      ilaclk_2         OUTPUT        K15        LVCMOS25           8            NONE        NONE     
        led            OUTPUT        B14        LVCMOS25           8            NONE        NONE     
       led_1           OUTPUT        B15        LVCMOS25           8            NONE        NONE     
       led_2           OUTPUT        B16        LVCMOS25           8            NONE        NONE     
      leds[2]          OUTPUT        E13        LVCMOS25           8            NONE        OREG     
      leds[1]          OUTPUT        C16        LVCMOS25           8            NONE        OREG     
      leds[0]          OUTPUT        C15        LVCMOS25           8            NONE        OREG     
  loc_valid_signal     OUTPUT        F16        LVCMOS25           8            NONE        NONE     
      aud_sda           INOUT         R9        LVCMOS25           8           PULLUP     OREG;TREG  
     aud_sda_1          INOUT         P9        LVCMOS25           8           PULLUP     OREG;TREG  
     aud_sda_2          INOUT        J11        LVCMOS25           8           PULLUP     OREG;TREG  

Report Hierarchy Area:
+--------------------------------------------------------------------------------------------------------+
|Instance            |Module                        |le     |lut     |ripple  |seq     |bram    |dsp     |
+--------------------------------------------------------------------------------------------------------+
|top                 |audio_speak                   |1115   |848     |175     |555     |0       |0       |
|  show              |sound_localization_comparison |258    |164     |91      |79      |0       |0       |
|  u1_es8388_ctrl    |es8388_ctrl                   |287    |234     |25      |141     |0       |0       |
|    u_audio_receive |audio_receive                 |93     |60      |12      |54      |0       |0       |
|    u_audio_send    |audio_send                    |22     |15      |0       |21      |0       |0       |
|    u_es8388_config |es8388_config                 |172    |159     |13      |66      |0       |0       |
|      u_i2c_dri     |i2c_dri                       |113    |108     |5       |41      |0       |0       |
|      u_i2c_reg_cfg |i2c_reg_cfg                   |59     |51      |8       |25      |0       |0       |
|  u1_pll_clk        |clk_wiz_0                     |1      |1       |0       |0       |0       |0       |
|  u2_es8388_ctrl    |es8388_ctrl                   |263    |222     |25      |145     |0       |0       |
|    u_audio_receive |audio_receive                 |73     |48      |12      |53      |0       |0       |
|    u_audio_send    |audio_send                    |24     |24      |0       |24      |0       |0       |
|    u_es8388_config |es8388_config                 |166    |150     |13      |68      |0       |0       |
|      u_i2c_dri     |i2c_dri                       |110    |103     |5       |41      |0       |0       |
|      u_i2c_reg_cfg |i2c_reg_cfg                   |56     |47      |8       |27      |0       |0       |
|  u2_pll_clk        |clk_wiz_0                     |1      |1       |0       |0       |0       |0       |
|  u_es8388_ctrl     |es8388_ctrl                   |268    |216     |25      |145     |0       |0       |
|    u_audio_receive |audio_receive                 |86     |57      |12      |54      |0       |0       |
|    u_audio_send    |audio_send                    |23     |15      |0       |23      |0       |0       |
|    u_es8388_config |es8388_config                 |159    |144     |13      |68      |0       |0       |
|      u_i2c_dri     |i2c_dri                       |101    |94      |5       |41      |0       |0       |
|      u_i2c_reg_cfg |i2c_reg_cfg                   |58     |50      |8       |27      |0       |0       |
|  u_pll_clk         |clk_wiz_0                     |1      |1       |0       |0       |0       |0       |
+--------------------------------------------------------------------------------------------------------+


DataNet Average Fanout:

   Index     Fanout    Nets  
    #1         1       650   
    #2         2       255   
    #3         3       116   
    #4         4        18   
    #5        5-10     128   
    #6       11-50      70   
    #7       51-100     4    
  Average     3.06           

RUN-1002 : start command "export_db ES8388_pr.db"
RUN-1001 : Exported /
RUN-1001 : Exported flow parameters
RUN-1001 : Exported libs
RUN-1001 : Exported entities
RUN-1001 : Exported ports
RUN-1001 : Exported pins
RUN-1001 : Exported instances
RUN-1001 : Exported nets
RUN-1001 : Exported buses
RUN-1001 : Exported models
RUN-1001 : Exported congestions
RUN-1001 : Exported violations
RUN-1001 : Exported IO constraints
RUN-1001 : Exported Inst constraints
RUN-1002 : start command "export_bid ES8388_inst.bid"
RUN-1002 : start command "bitgen -bit ES8388.bit -unused_io_status pulldown"
BIT-1003 : Start to generate bitstream. 
BIT-1002 : Bitgen processed 148 unused pads, reserve input tri_state with pulldown
BIT-1002 : Init instances with 16 threads.
BIT-1002 : Init instances completely, inst num: 777
BIT-1002 : Init pips with 16 threads.
BIT-1002 : Init pips completely, net num: 1297, pip num: 13033
BIT-1002 : Init feedthrough with 16 threads.
BIT-1002 : Init feedthrough completely, num: 12
BIT-1003 : Multithreading accelaration with 16 threads.
BIT-1003 : Generate bitstream completely, there are 1795 valid insts, and 37501 bits set as '1'.
BIT-1004 : PLL setting string = 0111
BIT-1004 : Generate bits file ES8388.bit.
RUN-1003 : finish command "bitgen -bit ES8388.bit -unused_io_status pulldown" in  1.317255s wall, 13.687500s user + 0.828125s system = 14.515625s CPU (1102.0%)

RUN-1004 : used memory is 457 MB, reserved memory is 433 MB, peak memory is 649 MB
RUN-1002 : start command "backup_run_log run.log ../.logs/phy_1/td_20251022_204604.log"
