============================================================
   Tang Dynasty, V5.6.71036
      Copyright (c) 2012-2023 Anlogic Inc.
   Executable = E:/Software/Anlogic/TD5.6.2/bin/td.exe
   Built at =   20:34:38 Mar 21 2023
   Run by =     Lviva
   Run Date =   Sun Oct 26 11:02:15 2025

   Run on =     VIVACIOUS
============================================================
RUN-1002 : start command "open_project ES8388.prj"
RUN-1001 : Print Global Property
RUN-1001 : ---------------------------------------------------------------
RUN-1001 :        Parameters        |  Settings  |  Default Values  |  Note  
RUN-1001 : ---------------------------------------------------------------
RUN-1001 :          message         |  standard  |     standard     |        
RUN-1001 :   mixed_pack_place_flow  |     on     |        on        |        
RUN-1001 :        qor_monitor       |    off     |       off        |        
RUN-1001 :        syn_ip_flow       |    off     |       off        |        
RUN-1001 :          thread          |    auto    |       auto       |        
RUN-1001 : ---------------------------------------------------------------
RUN-1001 : Print Design Property
RUN-1001 : --------------------------------------------------------------
RUN-1001 :        Parameters       |  Settings  |  Default Values  |  Note  
RUN-1001 : --------------------------------------------------------------
RUN-1001 :   default_reg_initial   |    auto    |       auto       |        
RUN-1001 :        infer_add        |     on     |        on        |        
RUN-1001 :        infer_fsm        |    off     |       off        |        
RUN-1001 :        infer_mult       |     on     |        on        |        
RUN-1001 :        infer_ram        |     on     |        on        |        
RUN-1001 :        infer_reg        |     on     |        on        |        
RUN-1001 :   infer_reg_init_value  |     on     |        on        |        
RUN-1001 :        infer_rom        |     on     |        on        |        
RUN-1001 :      infer_shifter      |     on     |        on        |        
RUN-1001 : --------------------------------------------------------------
RUN-1001 : Print Rtl Property
RUN-1001 : --------------------------------------------------------------
RUN-1001 :        Parameters       |  Settings  |  Default Values  |  Note  
RUN-1001 : --------------------------------------------------------------
RUN-1001 :       compress_add      |   ripple   |      ripple      |        
RUN-1001 :        elf_sload        |    off     |       off        |        
RUN-1001 :       fix_undriven      |     0      |        0         |        
RUN-1001 :         flatten         |    off     |       off        |        
RUN-1001 :       gate_sharing      |     on     |        on        |        
RUN-1001 :    hdl_warning_level    |   normal   |      normal      |        
RUN-1001 :   impl_internal_tribuf  |     on     |        on        |        
RUN-1001 :      impl_set_reset     |     on     |        on        |        
RUN-1001 :        infer_gsr        |    off     |       off        |        
RUN-1001 :      keep_hierarchy     |    auto    |       auto       |        
RUN-1001 :        max_fanout       |    9999    |       9999       |        
RUN-1001 :      max_oh2bin_len     |     10     |        10        |        
RUN-1001 :       merge_equal       |     on     |        on        |        
RUN-1001 :       merge_equiv       |     on     |        on        |        
RUN-1001 :        merge_mux        |    off     |       off        |        
RUN-1001 :     min_control_set     |     8      |        8         |        
RUN-1001 :      min_ripple_len     |    auto    |       auto       |        
RUN-1001 :       oh2bin_ratio      |    0.08    |       0.08       |        
RUN-1001 :     opt_adder_fanout    |     on     |        on        |        
RUN-1001 :        opt_arith        |     on     |        on        |        
RUN-1001 :       opt_big_gate      |    off     |       off        |        
RUN-1001 :        opt_const        |     on     |        on        |        
RUN-1001 :      opt_const_mult     |     on     |        on        |        
RUN-1001 :       opt_lessthan      |     on     |        on        |        
RUN-1001 :         opt_mux         |    off     |       off        |        
RUN-1001 :         opt_ram         |    high    |       high       |        
RUN-1001 :      rtl_sim_model      |    off     |       off        |        
RUN-1001 :         seq_syn         |     on     |        on        |        
RUN-1001 : --------------------------------------------------------------
HDL-1007 : analyze verilog file ../../al_ip/clk_wiz_0.v
HDL-1007 : undeclared symbol 'open', assumed default net type 'wire' in ../../al_ip/clk_wiz_0.v(80)
HDL-1007 : analyze verilog file ../../../RTL/audio_receive.v
HDL-1007 : analyze verilog file ../../../RTL/audio_send.v
HDL-1007 : analyze verilog file ../../../RTL/audio_speak.v
HDL-1007 : analyze verilog file ../../../RTL/es8388_config.v
HDL-1007 : analyze verilog file ../../../RTL/es8388_ctrl.v
HDL-1007 : analyze verilog file ../../../RTL/i2c_dri.v
HDL-1007 : analyze verilog file ../../../RTL/i2c_reg_cfg.v
HDL-1007 : analyze verilog file ../../../RTL/spar_4mic_localization.v
RUN-1001 : Project manager successfully analyzed 9 source files.
RUN-1002 : start command "import_device eagle_s20.db -package EG4S20BG256"
ARC-1001 : Device Initialization.
ARC-1001 : ------------------------------------------------------------------
ARC-1001 :            OPTION            |          IO          |   SETTING   
ARC-1001 : ------------------------------------------------------------------
ARC-1001 :   cso_b/cclk/mosi/miso/dout  |  T3/R11/T10/P10/S11  |    gpio    
ARC-1001 :             done             |         P13          |    gpio    
ARC-1001 :           program_b          |          T2          |  dedicate  
ARC-1001 :        tdi/tms/tck/tdo       |   C12/A15/C14/E14    |  dedicate  
ARC-1001 : ------------------------------------------------------------------
ARC-1004 : Device setting, marked 5 dedicate IOs in total.
RUN-1002 : start command "import_db ../syn_1/ES8388_gate.db"
RUN-1001 : Importing database generated by Tang Dynasty, V5.6.71036.
RUN-1001 : Database version number 46146.
RUN-1001 : Import flow parameters
RUN-1001 : Import IO constraints
RUN-1001 : Import Inst constraints
RUN-1001 : Import design success TD_VERSION=5.6.71036 , DB_VERSION=46146
RUN-1002 : start command "place"
RUN-1001 : Open license file E:/Software/Anlogic/TD5.6.2/license/Anlogic.lic
RUN-1001 : Print Global Property
RUN-1001 : ---------------------------------------------------------------
RUN-1001 :        Parameters        |  Settings  |  Default Values  |  Note  
RUN-1001 : ---------------------------------------------------------------
RUN-1001 :          message         |  standard  |     standard     |        
RUN-1001 :   mixed_pack_place_flow  |     on     |        on        |        
RUN-1001 :        qor_monitor       |    off     |       off        |        
RUN-1001 :        syn_ip_flow       |    off     |       off        |        
RUN-1001 :          thread          |    auto    |       auto       |        
RUN-1001 : ---------------------------------------------------------------
RUN-1001 : Print Place Property
RUN-1001 : --------------------------------------------------------------
RUN-1001 :        Parameters       |  Settings  |  Default Values  |  Note  
RUN-1001 : --------------------------------------------------------------
RUN-1001 :      detailed_place     |     on     |        on        |        
RUN-1001 :          effort         |   medium   |      medium      |        
RUN-1001 :         fix_hold        |    off     |       off        |        
RUN-1001 :       legalization      |    ori     |       ori        |        
RUN-1001 :      new_spreading      |     on     |        on        |        
RUN-1001 :        opt_timing       |   medium   |      medium      |        
RUN-1001 :   post_clock_route_opt  |    off     |       off        |        
RUN-1001 :       pr_strategy       |     1      |        1         |        
RUN-1001 :        relaxation       |    1.00    |       1.00       |        
RUN-1001 :         retiming        |    off     |       off        |        
RUN-1001 : --------------------------------------------------------------
PHY-3001 : Placer runs in 16 thread(s).
RUN-1002 : start command "legalize_phy_inst"
SYN-1011 : Flatten model audio_speak
RUN-1002 : start command "phys_opt -simplify_lut"
SYN-4016 : Net ilaclk_1_dup_1 driven by BUFG (0 clock/control pins, 2 other pins).
SYN-4016 : Net ilaclk_2_dup_1 driven by BUFG (0 clock/control pins, 2 other pins).
SYN-4016 : Net ilaclk_3_dup_1 driven by BUFG (0 clock/control pins, 2 other pins).
SYN-4016 : Net ilaclk_dup_1 driven by BUFG (0 clock/control pins, 2 other pins).
SYN-4027 : Net aud_mclk_1_dup_1 is clkc1 of pll u1_pll_clk/pll_inst.
SYN-4019 : Net sys_clk_dup_1 is refclk of pll u1_pll_clk/pll_inst.
SYN-4020 : Net sys_clk_dup_1 is fbclk of pll u1_pll_clk/pll_inst.
SYN-4027 : Net aud_mclk_2_dup_1 is clkc1 of pll u2_pll_clk/pll_inst.
SYN-4019 : Net sys_clk_dup_1 is refclk of pll u2_pll_clk/pll_inst.
SYN-4020 : Net sys_clk_dup_1 is fbclk of pll u2_pll_clk/pll_inst.
SYN-4027 : Net aud_mclk_3_dup_1 is clkc1 of pll u3_pll_clk/pll_inst.
SYN-4019 : Net sys_clk_dup_1 is refclk of pll u3_pll_clk/pll_inst.
SYN-4020 : Net sys_clk_dup_1 is fbclk of pll u3_pll_clk/pll_inst.
SYN-4027 : Net aud_mclk_dup_1 is clkc1 of pll u_pll_clk/pll_inst.
SYN-4019 : Net sys_clk_dup_1 is refclk of pll u_pll_clk/pll_inst.
SYN-4020 : Net sys_clk_dup_1 is fbclk of pll u_pll_clk/pll_inst.
SYN-4024 : Net "aud_bclk_dup_1" drives clk pins.
SYN-4024 : Net "aud_bclk_1_dup_1" drives clk pins.
SYN-4024 : Net "aud_bclk_2_dup_1" drives clk pins.
SYN-4024 : Net "aud_bclk_3_dup_1" drives clk pins.
SYN-4024 : Net "u1_es8388_ctrl/u_es8388_config/u_i2c_dri/dri_clk" drives clk pins.
SYN-4024 : Net "u2_es8388_ctrl/u_es8388_config/u_i2c_dri/dri_clk" drives clk pins.
SYN-4024 : Net "u3_es8388_ctrl/u_es8388_config/u_i2c_dri/dri_clk" drives clk pins.
SYN-7503 WARNING: Net "u_es8388_ctrl/u_es8388_config/u_i2c_dri/dri_clk" drives clk pins. However it will not be tagged as clk net, for there's no more slots.
SYN-4025 : Tag rtl::Net aud_bclk_1_dup_1 as clock net
SYN-4025 : Tag rtl::Net aud_bclk_2_dup_1 as clock net
SYN-4025 : Tag rtl::Net aud_bclk_3_dup_1 as clock net
SYN-4025 : Tag rtl::Net aud_bclk_dup_1 as clock net
SYN-4025 : Tag rtl::Net aud_mclk_1_dup_1 as clock net
SYN-4025 : Tag rtl::Net aud_mclk_2_dup_1 as clock net
SYN-4025 : Tag rtl::Net aud_mclk_3_dup_1 as clock net
SYN-4025 : Tag rtl::Net aud_mclk_dup_1 as clock net
SYN-4025 : Tag rtl::Net ilaclk_1_dup_1 as clock net
SYN-4025 : Tag rtl::Net ilaclk_2_dup_1 as clock net
SYN-4025 : Tag rtl::Net ilaclk_3_dup_1 as clock net
SYN-4025 : Tag rtl::Net ilaclk_dup_1 as clock net
SYN-4025 : Tag rtl::Net sys_clk_dup_1 as clock net
SYN-4025 : Tag rtl::Net u1_es8388_ctrl/u_es8388_config/u_i2c_dri/dri_clk as clock net
SYN-4025 : Tag rtl::Net u2_es8388_ctrl/u_es8388_config/u_i2c_dri/dri_clk as clock net
SYN-4025 : Tag rtl::Net u3_es8388_ctrl/u_es8388_config/u_i2c_dri/dri_clk as clock net
SYN-4026 : Tagged 16 rtl::Net as clock net
SYN-4015 : Create BUFG instance for clk Net aud_bclk_1_dup_1 to drive 80 clock pins.
SYN-4015 : Create BUFG instance for clk Net aud_bclk_2_dup_1 to drive 80 clock pins.
SYN-4015 : Create BUFG instance for clk Net aud_bclk_3_dup_1 to drive 80 clock pins.
SYN-4015 : Create BUFG instance for clk Net aud_bclk_dup_1 to drive 80 clock pins.
SYN-4015 : Create BUFG instance for clk Net u1_es8388_ctrl/u_es8388_config/u_i2c_dri/dri_clk to drive 59 clock pins.
SYN-4015 : Create BUFG instance for clk Net u2_es8388_ctrl/u_es8388_config/u_i2c_dri/dri_clk to drive 59 clock pins.
SYN-4015 : Create BUFG instance for clk Net u3_es8388_ctrl/u_es8388_config/u_i2c_dri/dri_clk to drive 59 clock pins.
PHY-1001 : Populate physical database on model audio_speak.
RUN-1001 : There are total 1586 instances
RUN-0007 : 791 luts, 612 seqs, 72 mslices, 42 lslices, 51 pads, 0 brams, 0 dsps
RUN-1001 : There are total 1770 nets
RUN-1001 : 1133 nets have 2 pins
RUN-1001 : 425 nets have [3 - 5] pins
RUN-1001 : 98 nets have [6 - 10] pins
RUN-1001 : 70 nets have [11 - 20] pins
RUN-1001 : 38 nets have [21 - 99] pins
RUN-1001 : 6 nets have 100+ pins
RUN-1001 : Report Control nets information:
RUN-1001 : DFF Distribution
RUN-1001 : ----------------------------------
RUN-1001 :   CE   |  SSR  |  ASR  |  DFF Count  
RUN-1001 : ----------------------------------
RUN-1001 :   No   |  No   |  No   |      0      
RUN-1001 :   No   |  No   |  Yes  |     292     
RUN-1001 :   No   |  Yes  |  No   |      0      
RUN-1001 :   Yes  |  No   |  No   |      0      
RUN-1001 :   Yes  |  No   |  Yes  |     288     
RUN-1001 :   Yes  |  Yes  |  No   |     32      
RUN-1001 : ----------------------------------
RUN-0007 : Control Group Statistic
RUN-0007 : ---------------------------
RUN-0007 :   #CLK  |  #CE  |  #SSR/ASR  
RUN-0007 : ---------------------------
RUN-0007 :    9    |  21   |     9      
RUN-0007 : ---------------------------
RUN-0007 : Control Set = 32
PHY-3001 : Initial placement ...
PHY-3001 : design contains 1584 instances, 791 luts, 612 seqs, 114 slices, 32 macros(114 instances: 72 mslices 42 lslices)
PHY-0007 : Cell area utilization is 5%
PHY-3001 : Global placement ...
PHY-3001 : Initial: Len = 351763
PHY-3001 : Clustering ...
PHY-3001 : Level 0 #clusters 1584.
PHY-3001 : End clustering;  0.000043s wall, 0.000000s user + 0.000000s system = 0.000000s CPU (n/a%)

PHY-3001 : Run with size of 4
PHY-3001 : Cell area utilization is 5%
PHY-3001 : :::0::: Try harder cell spreading with beta_ = 0
PHY-3002 : Step(1): len = 201180, overlap = 0
PHY-3002 : Step(2): len = 136909, overlap = 0
PHY-3002 : Step(3): len = 90915.2, overlap = 0
PHY-3002 : Step(4): len = 70740.1, overlap = 0
PHY-3002 : Step(5): len = 59546, overlap = 0
PHY-3002 : Step(6): len = 49639, overlap = 0
PHY-3002 : Step(7): len = 46019.3, overlap = 0
PHY-3002 : Step(8): len = 44588.9, overlap = 0
PHY-3002 : Step(9): len = 38288.7, overlap = 0
PHY-3002 : Step(10): len = 38383.7, overlap = 0
PHY-3002 : Step(11): len = 36976.4, overlap = 0
PHY-3002 : Step(12): len = 32528.5, overlap = 0
PHY-3002 : Step(13): len = 32215.5, overlap = 0
PHY-3002 : Step(14): len = 32917.1, overlap = 0
PHY-3002 : Step(15): len = 30443.8, overlap = 0
PHY-3002 : Step(16): len = 28885.8, overlap = 0
PHY-3002 : Step(17): len = 28205, overlap = 0
PHY-3002 : Step(18): len = 27909.8, overlap = 0
PHY-3002 : Step(19): len = 27857.3, overlap = 0
PHY-3002 : Step(20): len = 28196.4, overlap = 0
PHY-3002 : Step(21): len = 24700, overlap = 0
PHY-3002 : Step(22): len = 24821.9, overlap = 0
PHY-3002 : Step(23): len = 23776.1, overlap = 0.125
PHY-3002 : Step(24): len = 23927, overlap = 0.625
PHY-3002 : Step(25): len = 23275.6, overlap = 0.1875
PHY-3002 : Step(26): len = 23275.6, overlap = 0.1875
PHY-3002 : Step(27): len = 21645.9, overlap = 0.5
PHY-3002 : Step(28): len = 21645.9, overlap = 0.5
PHY-3002 : Step(29): len = 21317.2, overlap = 0.375
PHY-3001 : Legalization ...
PHY-3001 : End legalization;  0.002237s wall, 0.000000s user + 0.000000s system = 0.000000s CPU (n/a%)

PHY-3001 : Run with size of 4
PHY-3001 : Cell area utilization is 6%
PHY-3001 : :::0::: Try harder cell spreading with beta_ = 0
PHY-3002 : Step(30): len = 20898.2, overlap = 8
PHY-3002 : Step(31): len = 20898.2, overlap = 8
PHY-3002 : Step(32): len = 20970.3, overlap = 7.71875
PHY-3002 : Step(33): len = 20970.3, overlap = 7.71875
PHY-3002 : Step(34): len = 20628.8, overlap = 7.9375
PHY-3002 : Step(35): len = 20628.8, overlap = 7.9375
PHY-3002 : Step(36): len = 20647.9, overlap = 7.40625
PHY-3002 : Step(37): len = 20647.9, overlap = 7.40625
PHY-3002 : Step(38): len = 20482.1, overlap = 6.875
PHY-3002 : Step(39): len = 20482.1, overlap = 6.875
PHY-3002 : Step(40): len = 20382.5, overlap = 6.84375
PHY-3002 : Step(41): len = 20523.6, overlap = 6.59375
PHY-3002 : Step(42): len = 20523.6, overlap = 6.59375
PHY-3001 : Run with size of 2
PHY-3001 : Cell area utilization is 6%
PHY-3001 : :::0::: Try harder cell spreading with beta_ = 1.75739e-05
PHY-3002 : Step(43): len = 21364.1, overlap = 67.8438
PHY-3002 : Step(44): len = 21364.1, overlap = 67.8438
PHY-3001 : :::1::: Try harder cell spreading with beta_ = 3.51479e-05
PHY-3002 : Step(45): len = 22156.4, overlap = 66.125
PHY-3002 : Step(46): len = 22727.8, overlap = 64.625
PHY-3002 : Step(47): len = 24082.7, overlap = 56.5625
PHY-3001 : :::2::: Try harder cell spreading with beta_ = 7.02958e-05
PHY-3002 : Step(48): len = 23262.9, overlap = 54.8438
PHY-3002 : Step(49): len = 23811, overlap = 53.5625
PHY-3002 : Step(50): len = 24186.6, overlap = 52.0938
PHY-3001 : :::3::: Try harder cell spreading with beta_ = 0.000140592
PHY-3002 : Step(51): len = 24882, overlap = 47.8438
PHY-3002 : Step(52): len = 25368.4, overlap = 46.7812
PHY-3002 : Step(53): len = 25808.9, overlap = 38.9375
PHY-3002 : Step(54): len = 25419.7, overlap = 38.6875
PHY-3002 : Step(55): len = 23979.1, overlap = 38.8125
PHY-3002 : Step(56): len = 23979.1, overlap = 38.8125
PHY-3002 : Step(57): len = 24188, overlap = 38.0938
PHY-3001 : :::4::: Try harder cell spreading with beta_ = 0.000281183
PHY-3002 : Step(58): len = 24551.4, overlap = 36.1875
PHY-3002 : Step(59): len = 24551.4, overlap = 36.1875
PHY-3001 : :::5::: Try harder cell spreading with beta_ = 0.000562366
PHY-3002 : Step(60): len = 24665.3, overlap = 35.3125
PHY-3002 : Step(61): len = 24840.6, overlap = 35.0625
PHY-3001 : :::6::: Try harder cell spreading with beta_ = 0.00112473
PHY-3002 : Step(62): len = 24852.2, overlap = 34.0312
PHY-3002 : Step(63): len = 24852.2, overlap = 34.0312
PHY-3001 : :::7::: Try harder cell spreading with beta_ = 0.00224946
PHY-3002 : Step(64): len = 24948.1, overlap = 34.375
PHY-3002 : Step(65): len = 24948.1, overlap = 34.375
PHY-3001 : :::8::: Try harder cell spreading with beta_ = 0.00449893
PHY-3002 : Step(66): len = 25063.3, overlap = 35.4375
PHY-3002 : Step(67): len = 25063.3, overlap = 35.4375
PHY-3001 : :::9::: Try harder cell spreading with beta_ = 0.00899786
PHY-3002 : Step(68): len = 25024.8, overlap = 35.5
PHY-3002 : Step(69): len = 25024.8, overlap = 35.5
OPT-1001 : Start physical optimization ...
OPT-1001 : Total overflow 86.06 peak overflow 9.22
OPT-1001 : Start high-fanout net optimization ...
OPT-1001 : Update timing in global mode
PHY-1001 : Start incremental global routing, caller is place ...
RUN-1001 : Generating global routing grids ...
RUN-1001 : Building simple global routing graph ...
PHY-1001 : Generate routing nets ...
PHY-1001 : Reuse net number 0/1770.
PHY-1001 : Global iterations in 16 thread ...
PHY-1002 : len = 27248, over cnt = 121(0%), over = 650, worst = 25
PHY-1001 : End global iterations;  0.037100s wall, 0.093750s user + 0.015625s system = 0.109375s CPU (294.8%)

PHY-1001 : Congestion index: top1 = 31.62, top5 = 14.49, top10 = 8.38, top15 = 6.03.
PHY-1001 : End incremental global routing;  0.079171s wall, 0.140625s user + 0.015625s system = 0.156250s CPU (197.4%)

RUN-1002 : start command "start_timer -report"
TMR-5001 WARNING: No sdc constraints found while initiating timer.
TMR-2505 : Start building timing graph for model audio_speak.
TMR-2506 : Build timing graph completely. Port num: 50, tpin num: 7359, tnet num: 1768, tinst num: 1584, tnode num: 9595, tedge num: 11595.
TMR-2508 : Levelizing timing graph completed, there are 17 levels in total.
TMR-2501 : Timing graph initialized successfully.
OPT-1001 : End timing update;  0.199781s wall, 0.203125s user + 0.000000s system = 0.203125s CPU (101.7%)

OPT-1001 : 0 high-fanout net processed.
OPT-1001 : End high-fanout net optimization;  0.296779s wall, 0.359375s user + 0.015625s system = 0.375000s CPU (126.4%)

OPT-1001 : Current memory(MB): used = 174, reserve = 142, peak = 174.
OPT-1001 : End physical optimization;  0.308853s wall, 0.375000s user + 0.015625s system = 0.390625s CPU (126.5%)

PHY-3001 : Start packing ...
SYN-4007 : Packing 0 MUX to BLE ...
SYN-4008 : Packed 0 MUX and 0 SEQ to BLE.
SYN-4007 : Packing 791 LUT to BLE ...
SYN-4008 : Packed 791 LUT and 328 SEQ to BLE.
SYN-4003 : Packing 284 remaining SEQ's ...
SYN-4005 : Packed 191 SEQ with LUT/SLICE
SYN-4006 : 321 single LUT's are left
SYN-4006 : 93 single SEQ's are left
SYN-4011 : Packing model "audio_speak" (AL_USER_NORMAL) with 884/1067 primitive instances ...
PHY-3001 : End packing;  0.044672s wall, 0.046875s user + 0.000000s system = 0.046875s CPU (104.9%)

PHY-1001 : Populate physical database on model audio_speak.
RUN-1001 : There are total 674 instances
RUN-1001 : 302 mslices, 303 lslices, 51 pads, 0 brams, 0 dsps
RUN-1001 : There are total 1454 nets
RUN-1001 : 800 nets have 2 pins
RUN-1001 : 441 nets have [3 - 5] pins
RUN-1001 : 100 nets have [6 - 10] pins
RUN-1001 : 80 nets have [11 - 20] pins
RUN-1001 : 31 nets have [21 - 99] pins
RUN-1001 : 2 nets have 100+ pins
PHY-3001 : design contains 672 instances, 605 slices, 32 macros(114 instances: 72 mslices 42 lslices)
PHY-3001 : Cell area utilization is 8%
PHY-3001 : After packing: Len = 25384.6, Over = 53
PHY-3001 : Run with size of 2
PHY-3001 : Cell area utilization is 8%
PHY-3001 : :::0::: Try harder cell spreading with beta_ = 4.09483e-05
PHY-3002 : Step(70): len = 24685.4, overlap = 50
PHY-3002 : Step(71): len = 24852.1, overlap = 48.75
PHY-3002 : Step(72): len = 24952.2, overlap = 49.25
PHY-3001 : :::1::: Try harder cell spreading with beta_ = 8.18967e-05
PHY-3002 : Step(73): len = 25230, overlap = 49.5
PHY-3002 : Step(74): len = 25230, overlap = 49.5
PHY-3002 : Step(75): len = 25047.2, overlap = 50.5
PHY-3001 : :::2::: Try harder cell spreading with beta_ = 0.000163793
PHY-3002 : Step(76): len = 25656.2, overlap = 48.75
PHY-3002 : Step(77): len = 25948.3, overlap = 48.5
PHY-3002 : Step(78): len = 26184.3, overlap = 47.75
PHY-3001 : Legalization ...
PHY-3001 : End legalization;  0.115734s wall, 0.156250s user + 0.203125s system = 0.359375s CPU (310.5%)

PHY-3001 : Trial Legalized: Len = 46715.9
PHY-3001 : Run with size of 2
PHY-3001 : Cell area utilization is 8%
PHY-3001 : :::0::: Try harder cell spreading with beta_ = 0
PHY-3002 : Step(79): len = 33135.6, overlap = 15.75
PHY-3002 : Step(80): len = 27999, overlap = 36.75
PHY-3002 : Step(81): len = 26262.4, overlap = 44.5
PHY-3002 : Step(82): len = 25387.9, overlap = 48.25
PHY-3002 : Step(83): len = 24934.4, overlap = 49.5
PHY-3002 : Step(84): len = 24597.9, overlap = 49.5
PHY-3002 : Step(85): len = 24019.4, overlap = 56.5
PHY-3002 : Step(86): len = 23831.1, overlap = 58.75
PHY-3002 : Step(87): len = 23362.2, overlap = 60.5
PHY-3001 : :::1::: Try harder cell spreading with beta_ = 1.53631e-05
PHY-3002 : Step(88): len = 23727.2, overlap = 56.5
PHY-3002 : Step(89): len = 24012.3, overlap = 55.25
PHY-3002 : Step(90): len = 23975.5, overlap = 53.75
PHY-3002 : Step(91): len = 24238.3, overlap = 51.25
PHY-3002 : Step(92): len = 24416.9, overlap = 50.25
PHY-3001 : :::2::: Try harder cell spreading with beta_ = 3.07262e-05
PHY-3002 : Step(93): len = 24169.6, overlap = 49
PHY-3002 : Step(94): len = 24169.6, overlap = 49
PHY-3001 : Legalization ...
PHY-3001 : End legalization;  0.003817s wall, 0.000000s user + 0.000000s system = 0.000000s CPU (n/a%)

PHY-3001 : Legalized: Len = 38641.4, Over = 0
PHY-3001 : End spreading;  0.003975s wall, 0.000000s user + 0.000000s system = 0.000000s CPU (n/a%)

PHY-3001 : Final: Len = 38641.4, Over = 0
OPT-1001 : Start physical optimization ...
OPT-1001 : Total overflow 0.00 peak overflow 0.00
OPT-1001 : Start high-fanout net optimization ...
OPT-1001 : Update timing in global mode
PHY-1001 : Start incremental global routing, caller is place ...
RUN-1001 : Generating global routing grids ...
PHY-1001 : Generate routing nets ...
PHY-1001 : Reuse net number 66/1454.
PHY-1001 : Global iterations in 16 thread ...
PHY-1002 : len = 45752, over cnt = 178(0%), over = 262, worst = 4
PHY-1002 : len = 46688, over cnt = 81(0%), over = 108, worst = 3
PHY-1002 : len = 47824, over cnt = 13(0%), over = 16, worst = 2
PHY-1002 : len = 48056, over cnt = 0(0%), over = 0, worst = 0
PHY-1001 : End global iterations;  0.078342s wall, 0.078125s user + 0.031250s system = 0.109375s CPU (139.6%)

PHY-1001 : Congestion index: top1 = 28.06, top5 = 20.24, top10 = 14.21, top15 = 10.26.
PHY-1001 : End incremental global routing;  0.129495s wall, 0.140625s user + 0.031250s system = 0.171875s CPU (132.7%)

RUN-1002 : start command "start_timer -report"
TMR-5001 WARNING: No sdc constraints found while initiating timer.
TMR-2505 : Start building timing graph for model audio_speak.
TMR-2506 : Build timing graph completely. Port num: 50, tpin num: 6254, tnet num: 1452, tinst num: 672, tnode num: 7853, tedge num: 10338.
TMR-2508 : Levelizing timing graph completed, there are 17 levels in total.
TMR-2501 : Timing graph initialized successfully.
OPT-1001 : End timing update;  0.193022s wall, 0.187500s user + 0.000000s system = 0.187500s CPU (97.1%)

OPT-1001 : 0 high-fanout net processed.
OPT-1001 : End high-fanout net optimization;  0.341729s wall, 0.343750s user + 0.031250s system = 0.375000s CPU (109.7%)

OPT-1001 : Current memory(MB): used = 180, reserve = 147, peak = 180.
OPT-1001 : Update timing in Manhattan mode
OPT-1001 : End timing update;  0.001643s wall, 0.000000s user + 0.000000s system = 0.000000s CPU (n/a%)

OPT-1001 : Start pin optimization...
OPT-1001 : skip pin optimization...
RUN-1001 : Generating global routing grids ...
PHY-1001 : Generate routing nets ...
PHY-1001 : Reuse net number 1198/1454.
PHY-1001 : Global iterations in 16 thread ...
PHY-1002 : len = 48056, over cnt = 0(0%), over = 0, worst = 0
PHY-1001 : End global iterations;  0.002742s wall, 0.000000s user + 0.000000s system = 0.000000s CPU (n/a%)

PHY-1001 : Congestion index: top1 = 28.06, top5 = 20.24, top10 = 14.21, top15 = 10.26.
OPT-1001 : Update timing in Manhattan mode
OPT-1001 : End timing update;  0.002014s wall, 0.000000s user + 0.000000s system = 0.000000s CPU (n/a%)

RUN-1001 : QoR Analysis:
OPT-0007 :   WNS 2147483647 TNS 0 NUM_FEPS 0
RUN-1001 :   No local congestion issue, and most congested 1% tile average routing util is 27.655172
RUN-1001 :   Top critical paths
OPT-1001 : End physical optimization;  0.410528s wall, 0.390625s user + 0.031250s system = 0.421875s CPU (102.8%)

RUN-1003 : finish command "place" in  2.875249s wall, 3.531250s user + 3.750000s system = 7.281250s CPU (253.2%)

RUN-1004 : used memory is 160 MB, reserved memory is 128 MB, peak memory is 181 MB
RUN-1002 : start command "export_db ES8388_place.db"
RUN-1001 : Exported /
RUN-1001 : Exported flow parameters
RUN-1001 : Exported libs
RUN-1001 : Exported entities
RUN-1001 : Exported ports
RUN-1001 : Exported pins
RUN-1001 : Exported instances
RUN-1001 : Exported nets
RUN-1001 : Exported buses
RUN-1001 : Exported models
RUN-1001 : Exported congestions
RUN-1001 : Exported violations
RUN-1001 : Exported IO constraints
RUN-1001 : Exported Inst constraints
RUN-1002 : start command "route"
RUN-1001 : Open license file E:/Software/Anlogic/TD5.6.2/license/Anlogic.lic
RUN-1001 : Print Global Property
RUN-1001 : ---------------------------------------------------------------
RUN-1001 :        Parameters        |  Settings  |  Default Values  |  Note  
RUN-1001 : ---------------------------------------------------------------
RUN-1001 :          message         |  standard  |     standard     |        
RUN-1001 :   mixed_pack_place_flow  |     on     |        on        |        
RUN-1001 :        qor_monitor       |    off     |       off        |        
RUN-1001 :        syn_ip_flow       |    off     |       off        |        
RUN-1001 :          thread          |    auto    |       auto       |        
RUN-1001 : ---------------------------------------------------------------
RUN-1001 : Print Route Property
RUN-1001 : -------------------------------------------------------
RUN-1001 :    Parameters    |  Settings  |  Default Values  |  Note  
RUN-1001 : -------------------------------------------------------
RUN-1001 :      effort      |   medium   |      medium      |        
RUN-1001 :     fix_hold     |    off     |       off        |        
RUN-1001 :    opt_timing    |   medium   |      medium      |        
RUN-1001 :   phy_sim_model  |    off     |       off        |        
RUN-1001 :     priority     |   timing   |      timing      |        
RUN-1001 :     swap_pin     |     on     |        on        |        
RUN-1001 : -------------------------------------------------------
PHY-1001 : Route runs in 16 thread(s)
RUN-1001 : There are total 674 instances
RUN-1001 : 302 mslices, 303 lslices, 51 pads, 0 brams, 0 dsps
RUN-1001 : There are total 1454 nets
RUN-1001 : 800 nets have 2 pins
RUN-1001 : 441 nets have [3 - 5] pins
RUN-1001 : 100 nets have [6 - 10] pins
RUN-1001 : 80 nets have [11 - 20] pins
RUN-1001 : 31 nets have [21 - 99] pins
RUN-1001 : 2 nets have 100+ pins
RUN-1002 : start command "start_timer -report"
TMR-5001 WARNING: No sdc constraints found while initiating timer.
TMR-2505 : Start building timing graph for model audio_speak.
TMR-2506 : Build timing graph completely. Port num: 50, tpin num: 6254, tnet num: 1452, tinst num: 672, tnode num: 7853, tedge num: 10338.
TMR-2508 : Levelizing timing graph completed, there are 17 levels in total.
TMR-2501 : Timing graph initialized successfully.
PHY-1001 : 302 mslices, 303 lslices, 51 pads, 0 brams, 0 dsps
TMR-2503 : Start to update net delay, extr mode = 3.
TMR-2504 : Update delay of 1452 nets completely.
TMR-2502 : Annotate delay completely, extr mode = 3.
TMR-3002 : No user constraint, initiate default constraint.
TMR-1501 : Assign derive clock DeriveClock to 768 clock pins, and constraint 1591 relative nodes.
TMR-3003 : Constraints initiated successfully.
TMR-3501 : Forward propagation: start to calculate arrival time...
TMR-3502 : Backward propagation: start to calculate required time...
TMR-3503 : Timing propagation completes.
PHY-1001 : Start global routing, caller is route ...
RUN-1001 : Generating global routing grids ...
PHY-1001 : Generate routing nets ...
PHY-1001 : Global iterations in 16 thread ...
PHY-1002 : len = 45200, over cnt = 180(0%), over = 256, worst = 4
PHY-1002 : len = 46072, over cnt = 84(0%), over = 111, worst = 4
PHY-1002 : len = 47200, over cnt = 14(0%), over = 14, worst = 1
PHY-1002 : len = 47424, over cnt = 0(0%), over = 0, worst = 0
PHY-1001 : End global iterations;  0.081240s wall, 0.093750s user + 0.031250s system = 0.125000s CPU (153.9%)

PHY-1001 : Congestion index: top1 = 28.43, top5 = 20.23, top10 = 14.16, top15 = 10.15.
PHY-1001 : End global routing;  0.127627s wall, 0.140625s user + 0.031250s system = 0.171875s CPU (134.7%)

PHY-1001 : Start detail routing ...
PHY-1001 : Current memory(MB): used = 210, reserve = 179, peak = 223.
PHY-1001 : Detailed router is running in normal mode.
PHY-1001 : Generate detailed routing grids ...
PHY-1001 : Processed IO instance aud_dacdat_syn_4 with INV attribute.
PHY-1001 : Processed IO instance aud_dacdat_1_syn_4 with INV attribute.
PHY-1001 : Processed IO instance aud_dacdat_2_syn_4 with INV attribute.
PHY-1001 : Processed IO instance aud_dacdat_3_syn_4 with INV attribute.
PHY-1001 : Generate nets ...
PHY-1001 : clock net aud_bclk_syn_4 will be merged with clock aud_bclk_dup_1
PHY-1001 : clock net aud_bclk_1_syn_4 will be merged with clock aud_bclk_1_dup_1
PHY-1001 : clock net aud_bclk_2_syn_4 will be merged with clock aud_bclk_2_dup_1
PHY-1001 : clock net aud_bclk_3_syn_4 will be merged with clock aud_bclk_3_dup_1
PHY-1001 : net aud_mclk_dup_1 will be routed on clock mesh
PHY-1001 : net aud_mclk_1_dup_1 will be routed on clock mesh
PHY-1001 : net aud_mclk_2_dup_1 will be routed on clock mesh
PHY-1001 : net aud_mclk_3_dup_1 will be routed on clock mesh
PHY-1001 : clock net ilaclk_dup_1 will be merged with clock u_pll_clk/clk0_buf
PHY-1001 : clock net ilaclk_1_dup_1 will be merged with clock u1_pll_clk/clk0_buf
PHY-1001 : clock net ilaclk_2_dup_1 will be merged with clock u2_pll_clk/clk0_buf
PHY-1001 : clock net ilaclk_3_dup_1 will be merged with clock u3_pll_clk/clk0_buf
PHY-1001 : net sys_clk_dup_1 will be routed on clock mesh
PHY-1001 : clock net u1_es8388_ctrl/u_es8388_config/u_i2c_dri/dri_clk_syn_4 will be merged with clock u1_es8388_ctrl/u_es8388_config/u_i2c_dri/dri_clk
PHY-1001 : clock net u2_es8388_ctrl/u_es8388_config/u_i2c_dri/dri_clk_syn_4 will be merged with clock u2_es8388_ctrl/u_es8388_config/u_i2c_dri/dri_clk
PHY-1001 : clock net u3_es8388_ctrl/u_es8388_config/u_i2c_dri/dri_clk_syn_4 will be merged with clock u3_es8388_ctrl/u_es8388_config/u_i2c_dri/dri_clk
PHY-1001 : Current memory(MB): used = 477, reserve = 450, peak = 477.
PHY-1001 : End build detailed router design. 2.133707s wall, 2.062500s user + 0.046875s system = 2.109375s CPU (98.9%)

PHY-1001 : Detail Route ...
PHY-1001 : ===== Detail Route Phase 1 =====
PHY-1001 : Clock net routing.....
PHY-1001 : Routed 1% nets.
PHY-1022 : len = 32256, over cnt = 0(0%), over = 0, worst = 0, crit = 0
PHY-1001 : End initial clock net routed; 3.827510s wall, 3.765625s user + 0.031250s system = 3.796875s CPU (99.2%)

PHY-1001 : Current memory(MB): used = 509, reserve = 483, peak = 509.
PHY-1001 : End phase 1; 3.829966s wall, 3.765625s user + 0.031250s system = 3.796875s CPU (99.1%)

PHY-1001 : ===== Detail Route Phase 2 =====
PHY-1001 : Initial routing.....
PHY-1001 : Routed 36% nets.
PHY-1001 : Routed 44% nets.
PHY-1001 : Routed 53% nets.
PHY-1001 : Routed 67% nets.
PHY-1001 : Routed 89% nets.
PHY-1022 : len = 210616, over cnt = 100(0%), over = 101, worst = 2, crit = 0
PHY-1001 : Current memory(MB): used = 510, reserve = 484, peak = 510.
PHY-1001 : End initial routed; 1.459430s wall, 1.484375s user + 0.343750s system = 1.828125s CPU (125.3%)

PHY-1001 : Current memory(MB): used = 510, reserve = 484, peak = 510.
PHY-1001 : End phase 2; 1.459529s wall, 1.484375s user + 0.343750s system = 1.828125s CPU (125.3%)

PHY-1001 : ===== Detail Route Phase 3 =====
PHY-1001 : Ripup-reroute.....
PHY-1001 : ===== DR Iter 1 =====
PHY-1022 : len = 210208, over cnt = 17(0%), over = 17, worst = 1, crit = 0
PHY-1001 : End DR Iter 1; 0.030085s wall, 0.031250s user + 0.000000s system = 0.031250s CPU (103.9%)

PHY-1001 : ===== DR Iter 2 =====
PHY-1022 : len = 210288, over cnt = 1(0%), over = 1, worst = 1, crit = 0
PHY-1001 : End DR Iter 2; 0.019163s wall, 0.031250s user + 0.000000s system = 0.031250s CPU (163.1%)

PHY-1001 : ===== DR Iter 3 =====
PHY-1022 : len = 210288, over cnt = 0(0%), over = 0, worst = 0, crit = 0
PHY-1001 : End DR Iter 3; 0.013046s wall, 0.015625s user + 0.000000s system = 0.015625s CPU (119.8%)

PHY-1001 : Commit to database.....
PHY-1001 : 21 feed throughs used by 21 nets
PHY-1001 : End commit to database; 0.107867s wall, 0.109375s user + 0.000000s system = 0.109375s CPU (101.4%)

PHY-1001 : Current memory(MB): used = 524, reserve = 498, peak = 524.
PHY-1001 : End phase 3; 0.257556s wall, 0.250000s user + 0.000000s system = 0.250000s CPU (97.1%)

PHY-1003 : Routed, final wirelength = 210288
PHY-1001 : Current memory(MB): used = 525, reserve = 498, peak = 525.
PHY-1001 : End export database. 0.006556s wall, 0.000000s user + 0.000000s system = 0.000000s CPU (n/a%)

PHY-1001 : End detail routing;  7.835405s wall, 7.734375s user + 0.421875s system = 8.156250s CPU (104.1%)

RUN-1003 : finish command "route" in  8.238827s wall, 8.125000s user + 0.453125s system = 8.578125s CPU (104.1%)

RUN-1004 : used memory is 459 MB, reserved memory is 432 MB, peak memory is 525 MB
RUN-1002 : start command "report_area -io_info -file ES8388_phy.area"
RUN-1001 : standard
***Report Model: audio_speak Device: EG4S20BG256***

IO Statistics
#IO                        51
  #input                   19
  #output                  28
  #inout                    4

Utilization Statistics
#lut                     1063   out of  19600    5.42%
#reg                      612   out of  19600    3.12%
#le                      1156
  #lut only               544   out of   1156   47.06%
  #reg only                93   out of   1156    8.04%
  #lut&reg                519   out of   1156   44.90%
#dsp                        0   out of     29    0.00%
#bram                       0   out of     64    0.00%
  #bram9k                   0
  #fifo9k                   0
#bram32k                    0   out of     16    0.00%
#pad                       51   out of    188   27.13%
  #ireg                     8
  #oreg                    12
  #treg                     4
#pll                        4   out of      4  100.00%
#gclk                      11   out of     16   68.75%

Clock Resource Statistics
Index     ClockNet                                            Type               DriverType         Driver                                                           Fanout
#1        aud_bclk_dup_1                                      GCLK               io                 aud_bclk_syn_2.di                                                46
#2        aud_bclk_1_dup_1                                    GCLK               io                 aud_bclk_1_syn_2.di                                              45
#3        aud_bclk_2_dup_1                                    GCLK               io                 aud_bclk_2_syn_2.di                                              44
#4        aud_bclk_3_dup_1                                    GCLK               io                 aud_bclk_3_syn_2.di                                              44
#5        sys_clk_dup_1                                       GCLK               io                 sys_clk_syn_2.di                                                 44
#6        u1_es8388_ctrl/u_es8388_config/u_i2c_dri/dri_clk    GCLK               mslice             u1_es8388_ctrl/u_es8388_config/u_i2c_dri/dri_clk_reg_syn_9.q0    42
#7        u2_es8388_ctrl/u_es8388_config/u_i2c_dri/dri_clk    GCLK               mslice             u2_es8388_ctrl/u_es8388_config/u_i2c_dri/dri_clk_reg_syn_9.q1    41
#8        u3_es8388_ctrl/u_es8388_config/u_i2c_dri/dri_clk    GCLK               lslice             u3_es8388_ctrl/u_es8388_config/u_i2c_dri/dri_clk_reg_syn_9.q0    40
#9        aud_mclk_1_dup_1                                    GCLK               pll                u1_pll_clk/pll_inst.clkc1                                        0
#10       aud_mclk_2_dup_1                                    GCLK               pll                u2_pll_clk/pll_inst.clkc1                                        0
#11       aud_mclk_3_dup_1                                    GCLK               pll                u3_pll_clk/pll_inst.clkc1                                        0
#12       aud_mclk_dup_1                                      GCLK               pll                u_pll_clk/pll_inst.clkc1                                         0
#13       u1_pll_clk/clk0_buf                                 GCLK               pll                u1_pll_clk/pll_inst.clkc0                                        0
#14       u2_pll_clk/clk0_buf                                 GCLK               pll                u2_pll_clk/pll_inst.clkc0                                        0
#15       u3_pll_clk/clk0_buf                                 GCLK               pll                u3_pll_clk/pll_inst.clkc0                                        0
#16       u_pll_clk/clk0_buf                                  GCLK               pll                u_pll_clk/pll_inst.clkc0                                         0


Detailed IO Report

      Name        Direction    Location    IOStandard    DriveStrength    PullType     PackReg   
   aud_adcdat       INPUT        R14        LVCMOS25          N/A          PULLUP       IREG     
  aud_adcdat_1      INPUT        G16        LVCMOS25          N/A          PULLUP       IREG     
  aud_adcdat_2      INPUT         E7        LVCMOS25          N/A          PULLUP       IREG     
  aud_adcdat_3      INPUT         L4        LVCMOS25          N/A          PULLUP       IREG     
    aud_bclk        INPUT         M6        LVCMOS25          N/A          PULLUP       NONE     
   aud_bclk_1       INPUT        G14        LVCMOS25          N/A          PULLUP       NONE     
   aud_bclk_2       INPUT         D5        LVCMOS25          N/A          PULLUP       NONE     
   aud_bclk_3       INPUT         H5        LVCMOS25          N/A          PULLUP       NONE     
    aud_lrc         INPUT         M7        LVCMOS25          N/A          PULLUP       IREG     
   aud_lrc_1        INPUT        H16        LVCMOS25          N/A          PULLUP       IREG     
   aud_lrc_2        INPUT         C6        LVCMOS25          N/A          PULLUP       IREG     
   aud_lrc_3        INPUT         K6        LVCMOS25          N/A          PULLUP       IREG     
    sys_clk         INPUT         R7        LVCMOS25          N/A          PULLUP       NONE     
   sys_rst_n        INPUT         E3        LVCMOS25          N/A          PULLUP       NONE     
  sys_rst_n_1       INPUT         F2        LVCMOS25          N/A           N/A         NONE     
  sys_rst_n_2       INPUT         N3        LVCMOS25          N/A           N/A         NONE     
  sys_rst_n_3       INPUT         A8        LVCMOS25          N/A           N/A         NONE     
   volume[1]        INPUT        B10        LVCMOS25          N/A          PULLUP       NONE     
   volume[0]        INPUT        A10        LVCMOS25          N/A          PULLUP       NONE     
   aud_dacdat      OUTPUT         P6        LVCMOS25           8            NONE        OREG     
  aud_dacdat_1     OUTPUT        H14        LVCMOS25           8            NONE        OREG     
  aud_dacdat_2     OUTPUT         E6        LVCMOS25           8            NONE        OREG     
  aud_dacdat_3     OUTPUT         K3        LVCMOS25           8            NONE        OREG     
    aud_mclk       OUTPUT         N5        LVCMOS25           8            NONE        NONE     
   aud_mclk_1      OUTPUT        F14        LVCMOS25           8            NONE        NONE     
   aud_mclk_2      OUTPUT         F6        LVCMOS25           8            NONE        NONE     
   aud_mclk_3      OUTPUT         H4        LVCMOS25           8            NONE        NONE     
    aud_scl        OUTPUT        R12        LVCMOS25           8            NONE        OREG     
   aud_scl_1       OUTPUT        D14        LVCMOS25           8            NONE        OREG     
   aud_scl_2       OUTPUT         A2        LVCMOS25           8            NONE        OREG     
   aud_scl_3       OUTPUT         G3        LVCMOS25           8            NONE        OREG     
     ilaclk        OUTPUT         M9        LVCMOS25           8            NONE        NONE     
    ilaclk_1       OUTPUT        L16        LVCMOS25           8            NONE        NONE     
    ilaclk_2       OUTPUT         D3        LVCMOS25           8            NONE        NONE     
    ilaclk_3       OUTPUT        K15        LVCMOS25           8            NONE        NONE     
      led          OUTPUT        F12        LVCMOS25           8            N/A         NONE     
     led_1         OUTPUT         E4        LVCMOS25           8            N/A         NONE     
     led_2         OUTPUT         J6        LVCMOS25           8            N/A         NONE     
     led_3         OUTPUT        J16        LVCMOS25           8            N/A         NONE     
   led_eight       OUTPUT        B14        LVCMOS25           8            NONE        NONE     
    led_five       OUTPUT        E16        LVCMOS25           8            NONE        NONE     
    led_four       OUTPUT        B15        LVCMOS25           8            NONE        NONE     
    led_one        OUTPUT        F16        LVCMOS25           8            NONE        NONE     
   led_seven       OUTPUT        B16        LVCMOS25           8            NONE        NONE     
    led_six        OUTPUT        C16        LVCMOS25           8            NONE        NONE     
    led_tree       OUTPUT        C15        LVCMOS25           8            NONE        NONE     
    led_two        OUTPUT        E13        LVCMOS25           8            NONE        NONE     
    aud_sda         INOUT         R9        LVCMOS25           8           PULLUP     OREG;TREG  
   aud_sda_1        INOUT        E15        LVCMOS25           8           PULLUP     OREG;TREG  
   aud_sda_2        INOUT         C3        LVCMOS25           8           PULLUP     OREG;TREG  
   aud_sda_3        INOUT         F3        LVCMOS25           8           PULLUP     OREG;TREG  

Report Hierarchy Area:
+----------------------------------------------------------------------------------------+
|Instance            |Module        |le     |lut     |ripple  |seq     |bram    |dsp     |
+----------------------------------------------------------------------------------------+
|top                 |audio_speak   |1156   |949     |114     |636     |0       |0       |
|  u1_es8388_ctrl    |es8388_ctrl   |281    |237     |25      |145     |0       |0       |
|    u_audio_receive |audio_receive |78     |50      |12      |56      |0       |0       |
|    u_audio_send    |audio_send    |23     |23      |0       |21      |0       |0       |
|    u_es8388_config |es8388_config |180    |164     |13      |68      |0       |0       |
|      u_i2c_dri     |i2c_dri       |117    |110     |5       |41      |0       |0       |
|      u_i2c_reg_cfg |i2c_reg_cfg   |63     |54      |8       |27      |0       |0       |
|  u1_pll_clk        |clk_wiz_0     |1      |1       |0       |0       |0       |0       |
|  u2_es8388_ctrl    |es8388_ctrl   |274    |235     |25      |145     |0       |0       |
|    u_audio_receive |audio_receive |72     |48      |12      |53      |0       |0       |
|    u_audio_send    |audio_send    |25     |25      |0       |24      |0       |0       |
|    u_es8388_config |es8388_config |177    |162     |13      |68      |0       |0       |
|      u_i2c_dri     |i2c_dri       |118    |111     |5       |41      |0       |0       |
|      u_i2c_reg_cfg |i2c_reg_cfg   |59     |51      |8       |27      |0       |0       |
|  u2_pll_clk        |clk_wiz_0     |1      |1       |0       |0       |0       |0       |
|  u3_es8388_ctrl    |es8388_ctrl   |273    |233     |25      |145     |0       |0       |
|    u_audio_receive |audio_receive |72     |48      |12      |53      |0       |0       |
|    u_audio_send    |audio_send    |25     |25      |0       |24      |0       |0       |
|    u_es8388_config |es8388_config |176    |160     |13      |68      |0       |0       |
|      u_i2c_dri     |i2c_dri       |117    |110     |5       |41      |0       |0       |
|      u_i2c_reg_cfg |i2c_reg_cfg   |59     |50      |8       |27      |0       |0       |
|  u3_pll_clk        |clk_wiz_0     |1      |1       |0       |0       |0       |0       |
|  u_es8388_ctrl     |es8388_ctrl   |276    |228     |27      |145     |0       |0       |
|    u_audio_receive |audio_receive |79     |49      |12      |53      |0       |0       |
|    u_audio_send    |audio_send    |24     |23      |0       |24      |0       |0       |
|    u_es8388_config |es8388_config |173    |156     |15      |68      |0       |0       |
|      u_i2c_dri     |i2c_dri       |114    |105     |7       |41      |0       |0       |
|      u_i2c_reg_cfg |i2c_reg_cfg   |59     |51      |8       |27      |0       |0       |
|  u_pll_clk         |clk_wiz_0     |1      |1       |0       |0       |0       |0       |
+----------------------------------------------------------------------------------------+


DataNet Average Fanout:

   Index     Fanout    Nets  
    #1         1       745   
    #2         2       303   
    #3         3       106   
    #4         4        28   
    #5        5-10     105   
    #6       11-50      93   
    #7       51-100     4    
  Average     3.14           

RUN-1002 : start command "export_db ES8388_pr.db"
RUN-1001 : Exported /
RUN-1001 : Exported flow parameters
RUN-1001 : Exported libs
RUN-1001 : Exported entities
RUN-1001 : Exported ports
RUN-1001 : Exported pins
RUN-1001 : Exported instances
RUN-1001 : Exported nets
RUN-1001 : Exported buses
RUN-1001 : Exported models
RUN-1001 : Exported congestions
RUN-1001 : Exported violations
RUN-1001 : Exported IO constraints
RUN-1001 : Exported Inst constraints
RUN-1002 : start command "export_bid ES8388_inst.bid"
RUN-1002 : start command "bitgen -bit ES8388.bit -unused_io_status pulldown"
BIT-1003 : Start to generate bitstream. 
BIT-1002 : Bitgen processed 137 unused pads, reserve input tri_state with pulldown
BIT-1002 : Init instances with 16 threads.
BIT-1002 : Init instances completely, inst num: 809
BIT-1002 : Init pips with 16 threads.
BIT-1002 : Init pips completely, net num: 1454, pip num: 14859
BIT-1002 : Init feedthrough with 16 threads.
BIT-1002 : Init feedthrough completely, num: 21
BIT-1003 : Multithreading accelaration with 16 threads.
BIT-1003 : Generate bitstream completely, there are 1894 valid insts, and 41507 bits set as '1'.
BIT-1004 : PLL setting string = 1111
BIT-1004 : Generate bits file ES8388.bit.
RUN-1003 : finish command "bitgen -bit ES8388.bit -unused_io_status pulldown" in  1.483617s wall, 14.609375s user + 0.718750s system = 15.328125s CPU (1033.2%)

RUN-1004 : used memory is 459 MB, reserved memory is 440 MB, peak memory is 657 MB
RUN-1002 : start command "backup_run_log run.log ../.logs/phy_1/td_20251026_110215.log"
