============================================================
   Tang Dynasty, V5.6.71036
      Copyright (c) 2012-2023 Anlogic Inc.
   Executable = D:/TD/bin/td.exe
   Built at =   20:34:38 Mar 21 2023
   Run by =     lyw15
   Run Date =   Mon Oct 20 19:04:56 2025

   Run on =     -001
============================================================
RUN-1002 : start command "open_project ES8388.prj"
RUN-1001 : Print Global Property
RUN-1001 : ---------------------------------------------------------------
RUN-1001 :        Parameters        |  Settings  |  Default Values  |  Note  
RUN-1001 : ---------------------------------------------------------------
RUN-1001 :          message         |  standard  |     standard     |        
RUN-1001 :   mixed_pack_place_flow  |     on     |        on        |        
RUN-1001 :        qor_monitor       |    off     |       off        |        
RUN-1001 :        syn_ip_flow       |    off     |       off        |        
RUN-1001 :          thread          |    auto    |       auto       |        
RUN-1001 : ---------------------------------------------------------------
RUN-1001 : Print Design Property
RUN-1001 : --------------------------------------------------------------
RUN-1001 :        Parameters       |  Settings  |  Default Values  |  Note  
RUN-1001 : --------------------------------------------------------------
RUN-1001 :   default_reg_initial   |    auto    |       auto       |        
RUN-1001 :        infer_add        |     on     |        on        |        
RUN-1001 :        infer_fsm        |    off     |       off        |        
RUN-1001 :        infer_mult       |     on     |        on        |        
RUN-1001 :        infer_ram        |     on     |        on        |        
RUN-1001 :        infer_reg        |     on     |        on        |        
RUN-1001 :   infer_reg_init_value  |     on     |        on        |        
RUN-1001 :        infer_rom        |     on     |        on        |        
RUN-1001 :      infer_shifter      |     on     |        on        |        
RUN-1001 : --------------------------------------------------------------
RUN-1001 : Print Rtl Property
RUN-1001 : --------------------------------------------------------------
RUN-1001 :        Parameters       |  Settings  |  Default Values  |  Note  
RUN-1001 : --------------------------------------------------------------
RUN-1001 :       compress_add      |   ripple   |      ripple      |        
RUN-1001 :        elf_sload        |    off     |       off        |        
RUN-1001 :       fix_undriven      |     0      |        0         |        
RUN-1001 :         flatten         |    off     |       off        |        
RUN-1001 :       gate_sharing      |     on     |        on        |        
RUN-1001 :    hdl_warning_level    |   normal   |      normal      |        
RUN-1001 :   impl_internal_tribuf  |     on     |        on        |        
RUN-1001 :      impl_set_reset     |     on     |        on        |        
RUN-1001 :        infer_gsr        |    off     |       off        |        
RUN-1001 :      keep_hierarchy     |    auto    |       auto       |        
RUN-1001 :        max_fanout       |    9999    |       9999       |        
RUN-1001 :      max_oh2bin_len     |     10     |        10        |        
RUN-1001 :       merge_equal       |     on     |        on        |        
RUN-1001 :       merge_equiv       |     on     |        on        |        
RUN-1001 :        merge_mux        |    off     |       off        |        
RUN-1001 :     min_control_set     |     8      |        8         |        
RUN-1001 :      min_ripple_len     |    auto    |       auto       |        
RUN-1001 :       oh2bin_ratio      |    0.08    |       0.08       |        
RUN-1001 :     opt_adder_fanout    |     on     |        on        |        
RUN-1001 :        opt_arith        |     on     |        on        |        
RUN-1001 :       opt_big_gate      |    off     |       off        |        
RUN-1001 :        opt_const        |     on     |        on        |        
RUN-1001 :      opt_const_mult     |     on     |        on        |        
RUN-1001 :       opt_lessthan      |     on     |        on        |        
RUN-1001 :         opt_mux         |    off     |       off        |        
RUN-1001 :         opt_ram         |    high    |       high       |        
RUN-1001 :      rtl_sim_model      |    off     |       off        |        
RUN-1001 :         seq_syn         |     on     |        on        |        
RUN-1001 : --------------------------------------------------------------
HDL-1007 : analyze verilog file ../../al_ip/clk_wiz_0.v
HDL-1007 : undeclared symbol 'open', assumed default net type 'wire' in ../../al_ip/clk_wiz_0.v(80)
HDL-1007 : analyze verilog file ../../../RTL/audio_receive.v
HDL-1007 : analyze verilog file ../../../RTL/audio_send.v
HDL-1007 : analyze verilog file ../../../RTL/audio_speak.v
HDL-1007 : analyze verilog file ../../../RTL/es8388_config.v
HDL-1007 : analyze verilog file ../../../RTL/es8388_ctrl.v
HDL-1007 : analyze verilog file ../../../RTL/i2c_dri.v
HDL-1007 : analyze verilog file ../../../RTL/i2c_reg_cfg.v
HDL-1007 : analyze verilog file ../../al_ip/direction.v
RUN-1001 : Project manager successfully analyzed 9 source files.
RUN-1002 : start command "import_device eagle_s20.db -package EG4S20BG256"
ARC-1001 : Device Initialization.
ARC-1001 : ------------------------------------------------------------------
ARC-1001 :            OPTION            |          IO          |   SETTING   
ARC-1001 : ------------------------------------------------------------------
ARC-1001 :   cso_b/cclk/mosi/miso/dout  |  T3/R11/T10/P10/S11  |    gpio    
ARC-1001 :             done             |         P13          |    gpio    
ARC-1001 :           program_b          |          T2          |  dedicate  
ARC-1001 :        tdi/tms/tck/tdo       |   C12/A15/C14/E14    |  dedicate  
ARC-1001 : ------------------------------------------------------------------
ARC-1004 : Device setting, marked 5 dedicate IOs in total.
RUN-1002 : start command "import_db ../syn_1/ES8388_gate.db"
RUN-1001 : Importing database generated by Tang Dynasty, V5.6.71036.
RUN-1001 : Database version number 46146.
RUN-1001 : Import flow parameters
RUN-1001 : Import IO constraints
RUN-1001 : Import Inst constraints
RUN-1001 : Import design success TD_VERSION=5.6.71036 , DB_VERSION=46146
RUN-1002 : start command "place"
RUN-1001 : Open license file D:/TD/license/Anlogic.lic
RUN-1001 : Print Global Property
RUN-1001 : ---------------------------------------------------------------
RUN-1001 :        Parameters        |  Settings  |  Default Values  |  Note  
RUN-1001 : ---------------------------------------------------------------
RUN-1001 :          message         |  standard  |     standard     |        
RUN-1001 :   mixed_pack_place_flow  |     on     |        on        |        
RUN-1001 :        qor_monitor       |    off     |       off        |        
RUN-1001 :        syn_ip_flow       |    off     |       off        |        
RUN-1001 :          thread          |    auto    |       auto       |        
RUN-1001 : ---------------------------------------------------------------
RUN-1001 : Print Place Property
RUN-1001 : --------------------------------------------------------------
RUN-1001 :        Parameters       |  Settings  |  Default Values  |  Note  
RUN-1001 : --------------------------------------------------------------
RUN-1001 :      detailed_place     |     on     |        on        |        
RUN-1001 :          effort         |   medium   |      medium      |        
RUN-1001 :         fix_hold        |    off     |       off        |        
RUN-1001 :       legalization      |    ori     |       ori        |        
RUN-1001 :      new_spreading      |     on     |        on        |        
RUN-1001 :        opt_timing       |   medium   |      medium      |        
RUN-1001 :   post_clock_route_opt  |    off     |       off        |        
RUN-1001 :       pr_strategy       |     1      |        1         |        
RUN-1001 :        relaxation       |    1.00    |       1.00       |        
RUN-1001 :         retiming        |    off     |       off        |        
RUN-1001 : --------------------------------------------------------------
PHY-3001 : Placer runs in 24 thread(s).
RUN-1002 : start command "legalize_phy_inst"
SYN-1011 : Flatten model audio_speak
RUN-1002 : start command "phys_opt -simplify_lut"
SYN-4016 : Net ilaclk_1_dup_1 driven by BUFG (0 clock/control pins, 2 other pins).
SYN-4016 : Net ilaclk_2_dup_1 driven by BUFG (0 clock/control pins, 2 other pins).
SYN-4016 : Net ilaclk_dup_1 driven by BUFG (0 clock/control pins, 2 other pins).
SYN-4027 : Net aud_mclk_1_dup_1 is clkc1 of pll u1_pll_clk/pll_inst.
SYN-4019 : Net sys_clk_dup_1 is refclk of pll u1_pll_clk/pll_inst.
SYN-4020 : Net sys_clk_dup_1 is fbclk of pll u1_pll_clk/pll_inst.
SYN-4027 : Net aud_mclk_2_dup_1 is clkc1 of pll u2_pll_clk/pll_inst.
SYN-4019 : Net sys_clk_dup_1 is refclk of pll u2_pll_clk/pll_inst.
SYN-4020 : Net sys_clk_dup_1 is fbclk of pll u2_pll_clk/pll_inst.
SYN-4027 : Net aud_mclk_dup_1 is clkc1 of pll u_pll_clk/pll_inst.
SYN-4019 : Net sys_clk_dup_1 is refclk of pll u_pll_clk/pll_inst.
SYN-4020 : Net sys_clk_dup_1 is fbclk of pll u_pll_clk/pll_inst.
SYN-4024 : Net "aud_bclk_dup_1" drives clk pins.
SYN-4024 : Net "aud_bclk_1_dup_1" drives clk pins.
SYN-4024 : Net "aud_bclk_2_dup_1" drives clk pins.
SYN-4024 : Net "u1_es8388_ctrl/u_es8388_config/u_i2c_dri/dri_clk" drives clk pins.
SYN-4024 : Net "u2_es8388_ctrl/u_es8388_config/u_i2c_dri/dri_clk" drives clk pins.
SYN-4024 : Net "u_es8388_ctrl/u_es8388_config/u_i2c_dri/dri_clk" drives clk pins.
SYN-4025 : Tag rtl::Net aud_bclk_1_dup_1 as clock net
SYN-4025 : Tag rtl::Net aud_bclk_2_dup_1 as clock net
SYN-4025 : Tag rtl::Net aud_bclk_dup_1 as clock net
SYN-4025 : Tag rtl::Net aud_mclk_1_dup_1 as clock net
SYN-4025 : Tag rtl::Net aud_mclk_2_dup_1 as clock net
SYN-4025 : Tag rtl::Net aud_mclk_dup_1 as clock net
SYN-4025 : Tag rtl::Net ilaclk_1_dup_1 as clock net
SYN-4025 : Tag rtl::Net ilaclk_2_dup_1 as clock net
SYN-4025 : Tag rtl::Net ilaclk_dup_1 as clock net
SYN-4025 : Tag rtl::Net sys_clk_dup_1 as clock net
SYN-4025 : Tag rtl::Net u1_es8388_ctrl/u_es8388_config/u_i2c_dri/dri_clk as clock net
SYN-4025 : Tag rtl::Net u2_es8388_ctrl/u_es8388_config/u_i2c_dri/dri_clk as clock net
SYN-4025 : Tag rtl::Net u_es8388_ctrl/u_es8388_config/u_i2c_dri/dri_clk as clock net
SYN-4026 : Tagged 13 rtl::Net as clock net
SYN-4015 : Create BUFG instance for clk Net aud_bclk_1_dup_1 to drive 80 clock pins.
SYN-4015 : Create BUFG instance for clk Net aud_bclk_dup_1 to drive 80 clock pins.
SYN-4015 : Create BUFG instance for clk Net u1_es8388_ctrl/u_es8388_config/u_i2c_dri/dri_clk to drive 59 clock pins.
SYN-4015 : Create BUFG instance for clk Net u2_es8388_ctrl/u_es8388_config/u_i2c_dri/dri_clk to drive 59 clock pins.
SYN-4015 : Create BUFG instance for clk Net u_es8388_ctrl/u_es8388_config/u_i2c_dri/dri_clk to drive 59 clock pins.
PHY-1001 : Populate physical database on model audio_speak.
RUN-1001 : There are total 1204 instances
RUN-0007 : 606 luts, 459 seqs, 55 mslices, 31 lslices, 39 pads, 0 brams, 0 dsps
RUN-1001 : There are total 1342 nets
RUN-1001 : 861 nets have 2 pins
RUN-1001 : 323 nets have [3 - 5] pins
RUN-1001 : 70 nets have [6 - 10] pins
RUN-1001 : 54 nets have [11 - 20] pins
RUN-1001 : 30 nets have [21 - 99] pins
RUN-1001 : 4 nets have 100+ pins
RUN-1001 : Report Control nets information:
RUN-1001 : DFF Distribution
RUN-1001 : ----------------------------------
RUN-1001 :   CE   |  SSR  |  ASR  |  DFF Count  
RUN-1001 : ----------------------------------
RUN-1001 :   No   |  No   |  No   |      0      
RUN-1001 :   No   |  No   |  Yes  |     219     
RUN-1001 :   No   |  Yes  |  No   |      0      
RUN-1001 :   Yes  |  No   |  No   |      0      
RUN-1001 :   Yes  |  No   |  Yes  |     216     
RUN-1001 :   Yes  |  Yes  |  No   |     24      
RUN-1001 : ----------------------------------
RUN-0007 : Control Group Statistic
RUN-0007 : ---------------------------
RUN-0007 :   #CLK  |  #CE  |  #SSR/ASR  
RUN-0007 : ---------------------------
RUN-0007 :    7    |  16   |     7      
RUN-0007 : ---------------------------
RUN-0007 : Control Set = 24
PHY-3001 : Initial placement ...
PHY-3001 : design contains 1202 instances, 606 luts, 459 seqs, 86 slices, 24 macros(86 instances: 55 mslices 31 lslices)
PHY-0007 : Cell area utilization is 3%
PHY-3001 : Global placement ...
PHY-3001 : Initial: Len = 268688
PHY-3001 : Clustering ...
PHY-3001 : Level 0 #clusters 1202.
PHY-3001 : End clustering;  0.000040s wall, 0.000000s user + 0.000000s system = 0.000000s CPU (n/a%)

PHY-3001 : Run with size of 4
PHY-3001 : Cell area utilization is 3%
PHY-3001 : :::0::: Try harder cell spreading with beta_ = 0
PHY-3002 : Step(1): len = 152620, overlap = 0
PHY-3002 : Step(2): len = 98153.9, overlap = 0
PHY-3002 : Step(3): len = 60182.4, overlap = 0
PHY-3002 : Step(4): len = 45609.1, overlap = 0
PHY-3002 : Step(5): len = 39140.3, overlap = 0
PHY-3002 : Step(6): len = 34598.9, overlap = 0
PHY-3002 : Step(7): len = 30269.2, overlap = 0
PHY-3002 : Step(8): len = 27625.2, overlap = 0
PHY-3002 : Step(9): len = 26192.2, overlap = 0
PHY-3002 : Step(10): len = 25403.5, overlap = 0
PHY-3002 : Step(11): len = 25328.4, overlap = 0.125
PHY-3002 : Step(12): len = 24294.1, overlap = 0.8125
PHY-3002 : Step(13): len = 23192.1, overlap = 1.21875
PHY-3002 : Step(14): len = 22803.9, overlap = 1.1875
PHY-3002 : Step(15): len = 21335.9, overlap = 1.4375
PHY-3002 : Step(16): len = 21644.7, overlap = 1.84375
PHY-3002 : Step(17): len = 21701.6, overlap = 2.25
PHY-3002 : Step(18): len = 19742.1, overlap = 2.65625
PHY-3002 : Step(19): len = 20501, overlap = 2.625
PHY-3002 : Step(20): len = 20322.7, overlap = 2.8125
PHY-3002 : Step(21): len = 16924.9, overlap = 4.125
PHY-3002 : Step(22): len = 16373.2, overlap = 5.03125
PHY-3002 : Step(23): len = 16373.2, overlap = 5.03125
PHY-3001 : :::1::: Try harder cell spreading with beta_ = 60.4
PHY-3002 : Step(24): len = 16285.3, overlap = 5.03125
PHY-3002 : Step(25): len = 16285.3, overlap = 5.03125
PHY-3001 : :::2::: Try harder cell spreading with beta_ = 120.8
PHY-3002 : Step(26): len = 16285.3, overlap = 5.03125
PHY-3002 : Step(27): len = 16285.3, overlap = 5.03125
PHY-3001 : Legalization ...
PHY-3001 : End legalization;  0.002386s wall, 0.000000s user + 0.000000s system = 0.000000s CPU (n/a%)

PHY-3001 : Run with size of 4
PHY-3001 : Cell area utilization is 5%
PHY-3001 : :::0::: Try harder cell spreading with beta_ = 145.155
PHY-3002 : Step(28): len = 16285.3, overlap = 17.25
PHY-3002 : Step(29): len = 16285.3, overlap = 17.25
PHY-3001 : :::1::: Try harder cell spreading with beta_ = 290.311
PHY-3002 : Step(30): len = 16285.3, overlap = 17.25
PHY-3002 : Step(31): len = 16285.3, overlap = 17.25
PHY-3001 : :::2::: Try harder cell spreading with beta_ = 580.622
PHY-3002 : Step(32): len = 16285.3, overlap = 17.25
PHY-3002 : Step(33): len = 16285.3, overlap = 17.25
PHY-3001 : Run with size of 2
PHY-3001 : Cell area utilization is 5%
PHY-3001 : :::0::: Try harder cell spreading with beta_ = 3.60452e-05
PHY-3002 : Step(34): len = 17164.8, overlap = 43.625
PHY-3002 : Step(35): len = 17657.2, overlap = 43.1875
PHY-3002 : Step(36): len = 19105, overlap = 39.125
PHY-3002 : Step(37): len = 19384.9, overlap = 37.25
PHY-3002 : Step(38): len = 17733.8, overlap = 35.125
PHY-3002 : Step(39): len = 17722.5, overlap = 34.875
PHY-3002 : Step(40): len = 17375, overlap = 35.375
PHY-3001 : :::1::: Try harder cell spreading with beta_ = 7.20904e-05
PHY-3002 : Step(41): len = 16805.5, overlap = 35.8125
PHY-3002 : Step(42): len = 16990.8, overlap = 33.9688
PHY-3002 : Step(43): len = 17109, overlap = 33.8438
PHY-3001 : :::2::: Try harder cell spreading with beta_ = 0.000144181
PHY-3002 : Step(44): len = 17415.7, overlap = 31.0938
PHY-3002 : Step(45): len = 17415.7, overlap = 31.0938
PHY-3001 : :::3::: Try harder cell spreading with beta_ = 0.000288362
PHY-3002 : Step(46): len = 17870.4, overlap = 27.2812
PHY-3002 : Step(47): len = 18175.2, overlap = 24.875
PHY-3002 : Step(48): len = 18285.2, overlap = 24.9688
PHY-3001 : :::4::: Try harder cell spreading with beta_ = 0.000576723
PHY-3002 : Step(49): len = 18066.2, overlap = 23
PHY-3002 : Step(50): len = 18175.4, overlap = 22.4688
PHY-3002 : Step(51): len = 18351.6, overlap = 22.4062
OPT-1001 : Start physical optimization ...
OPT-1001 : Total overflow 60.16 peak overflow 4.75
OPT-1001 : Start high-fanout net optimization ...
OPT-1001 : Update timing in global mode
PHY-1001 : Start incremental global routing, caller is place ...
RUN-1001 : Generating global routing grids ...
RUN-1001 : Building simple global routing graph ...
PHY-1001 : Generate routing nets ...
PHY-1001 : Reuse net number 0/1342.
PHY-1001 : Global iterations in 24 thread ...
PHY-1002 : len = 20760, over cnt = 106(0%), over = 453, worst = 17
PHY-1001 : End global iterations;  0.026304s wall, 0.015625s user + 0.031250s system = 0.046875s CPU (178.2%)

PHY-1001 : Congestion index: top1 = 27.65, top5 = 12.38, top10 = 7.04, top15 = 4.91.
PHY-1001 : End incremental global routing;  0.059223s wall, 0.031250s user + 0.031250s system = 0.062500s CPU (105.5%)

RUN-1002 : start command "start_timer -report"
TMR-5001 WARNING: No sdc constraints found while initiating timer.
TMR-2505 : Start building timing graph for model audio_speak.
TMR-2506 : Build timing graph completely. Port num: 36, tpin num: 5572, tnet num: 1340, tinst num: 1202, tnode num: 7252, tedge num: 8772.
TMR-2508 : Levelizing timing graph completed, there are 17 levels in total.
TMR-2501 : Timing graph initialized successfully.
OPT-1001 : End timing update;  0.165791s wall, 0.140625s user + 0.031250s system = 0.171875s CPU (103.7%)

OPT-1001 : 0 high-fanout net processed.
OPT-1001 : End high-fanout net optimization;  0.237834s wall, 0.187500s user + 0.062500s system = 0.250000s CPU (105.1%)

OPT-1001 : Current memory(MB): used = 172, reserve = 141, peak = 172.
OPT-1001 : End physical optimization;  0.244372s wall, 0.218750s user + 0.093750s system = 0.312500s CPU (127.9%)

PHY-3001 : Start packing ...
SYN-4007 : Packing 0 MUX to BLE ...
SYN-4008 : Packed 0 MUX and 0 SEQ to BLE.
SYN-4007 : Packing 606 LUT to BLE ...
SYN-4008 : Packed 606 LUT and 246 SEQ to BLE.
SYN-4003 : Packing 213 remaining SEQ's ...
SYN-4005 : Packed 137 SEQ with LUT/SLICE
SYN-4006 : 253 single LUT's are left
SYN-4006 : 76 single SEQ's are left
SYN-4011 : Packing model "audio_speak" (AL_USER_NORMAL) with 682/821 primitive instances ...
PHY-3001 : End packing;  0.028607s wall, 0.031250s user + 0.000000s system = 0.031250s CPU (109.2%)

PHY-1001 : Populate physical database on model audio_speak.
RUN-1001 : There are total 519 instances
RUN-1001 : 233 mslices, 233 lslices, 39 pads, 0 brams, 0 dsps
RUN-1001 : There are total 1105 nets
RUN-1001 : 597 nets have 2 pins
RUN-1001 : 350 nets have [3 - 5] pins
RUN-1001 : 69 nets have [6 - 10] pins
RUN-1001 : 58 nets have [11 - 20] pins
RUN-1001 : 30 nets have [21 - 99] pins
RUN-1001 : 1 nets have 100+ pins
PHY-3001 : design contains 517 instances, 466 slices, 24 macros(86 instances: 55 mslices 31 lslices)
PHY-3001 : Cell area utilization is 6%
PHY-3001 : After packing: Len = 18680.8, Over = 36.25
PHY-3001 : Run with size of 2
PHY-3001 : Cell area utilization is 6%
PHY-3001 : :::0::: Try harder cell spreading with beta_ = 3.07783e-05
PHY-3002 : Step(52): len = 17764.7, overlap = 33
PHY-3002 : Step(53): len = 17815.4, overlap = 33.25
PHY-3002 : Step(54): len = 17814.2, overlap = 33
PHY-3001 : :::1::: Try harder cell spreading with beta_ = 6.15565e-05
PHY-3002 : Step(55): len = 18077.6, overlap = 31.25
PHY-3002 : Step(56): len = 18192.5, overlap = 31
PHY-3002 : Step(57): len = 18418.6, overlap = 28
PHY-3001 : :::2::: Try harder cell spreading with beta_ = 0.000123113
PHY-3002 : Step(58): len = 18707.1, overlap = 25
PHY-3002 : Step(59): len = 18804.2, overlap = 25.5
PHY-3001 : Legalization ...
PHY-3001 : End legalization;  0.099515s wall, 0.125000s user + 0.203125s system = 0.328125s CPU (329.7%)

PHY-3001 : Trial Legalized: Len = 33270.6
PHY-3001 : Run with size of 2
PHY-3001 : Cell area utilization is 6%
PHY-3001 : :::0::: Try harder cell spreading with beta_ = 0
PHY-3002 : Step(60): len = 24133.9, overlap = 14.25
PHY-3002 : Step(61): len = 20341.7, overlap = 30.5
PHY-3002 : Step(62): len = 18932.4, overlap = 38
PHY-3002 : Step(63): len = 18180.2, overlap = 40.25
PHY-3002 : Step(64): len = 17833.2, overlap = 44.25
PHY-3002 : Step(65): len = 17314, overlap = 51.5
PHY-3002 : Step(66): len = 17376.9, overlap = 52
PHY-3002 : Step(67): len = 17427.5, overlap = 52.75
PHY-3001 : :::1::: Try harder cell spreading with beta_ = 2.26215e-05
PHY-3002 : Step(68): len = 17286.8, overlap = 50.5
PHY-3002 : Step(69): len = 17584.3, overlap = 49.25
PHY-3002 : Step(70): len = 17757.6, overlap = 46
PHY-3002 : Step(71): len = 17270.5, overlap = 45.75
PHY-3002 : Step(72): len = 17316.5, overlap = 45.25
PHY-3001 : :::2::: Try harder cell spreading with beta_ = 4.5243e-05
PHY-3002 : Step(73): len = 17730.2, overlap = 42.75
PHY-3002 : Step(74): len = 17970.1, overlap = 42.25
PHY-3001 : Legalization ...
PHY-3001 : End legalization;  0.004059s wall, 0.000000s user + 0.000000s system = 0.000000s CPU (n/a%)

PHY-3001 : Legalized: Len = 28685, Over = 0
PHY-3001 : End spreading;  0.002427s wall, 0.000000s user + 0.000000s system = 0.000000s CPU (n/a%)

PHY-3001 : Final: Len = 28685, Over = 0
OPT-1001 : Start physical optimization ...
OPT-1001 : Total overflow 0.00 peak overflow 0.00
OPT-1001 : Start high-fanout net optimization ...
OPT-1001 : Update timing in global mode
PHY-1001 : Start incremental global routing, caller is place ...
RUN-1001 : Generating global routing grids ...
PHY-1001 : Generate routing nets ...
PHY-1001 : Reuse net number 56/1105.
PHY-1001 : Global iterations in 24 thread ...
PHY-1002 : len = 34000, over cnt = 118(0%), over = 192, worst = 4
PHY-1002 : len = 35216, over cnt = 24(0%), over = 33, worst = 2
PHY-1002 : len = 35464, over cnt = 10(0%), over = 15, worst = 2
PHY-1002 : len = 35608, over cnt = 1(0%), over = 1, worst = 1
PHY-1002 : len = 35624, over cnt = 0(0%), over = 0, worst = 0
PHY-1001 : End global iterations;  0.047351s wall, 0.125000s user + 0.046875s system = 0.171875s CPU (363.0%)

PHY-1001 : Congestion index: top1 = 26.27, top5 = 17.82, top10 = 11.36, top15 = 8.03.
PHY-1001 : End incremental global routing;  0.082686s wall, 0.125000s user + 0.078125s system = 0.203125s CPU (245.7%)

RUN-1002 : start command "start_timer -report"
TMR-5001 WARNING: No sdc constraints found while initiating timer.
TMR-2505 : Start building timing graph for model audio_speak.
TMR-2506 : Build timing graph completely. Port num: 36, tpin num: 4748, tnet num: 1103, tinst num: 517, tnode num: 5947, tedge num: 7841.
TMR-2508 : Levelizing timing graph completed, there are 17 levels in total.
TMR-2501 : Timing graph initialized successfully.
OPT-1001 : End timing update;  0.156379s wall, 0.156250s user + 0.000000s system = 0.156250s CPU (99.9%)

OPT-1001 : 0 high-fanout net processed.
OPT-1001 : End high-fanout net optimization;  0.252517s wall, 0.296875s user + 0.078125s system = 0.375000s CPU (148.5%)

OPT-1001 : Current memory(MB): used = 177, reserve = 145, peak = 177.
OPT-1001 : Update timing in Manhattan mode
OPT-1001 : End timing update;  0.000832s wall, 0.000000s user + 0.000000s system = 0.000000s CPU (n/a%)

OPT-1001 : Start pin optimization...
OPT-1001 : skip pin optimization...
RUN-1001 : Generating global routing grids ...
PHY-1001 : Generate routing nets ...
PHY-1001 : Reuse net number 893/1105.
PHY-1001 : Global iterations in 24 thread ...
PHY-1002 : len = 35624, over cnt = 0(0%), over = 0, worst = 0
PHY-1001 : End global iterations;  0.002040s wall, 0.000000s user + 0.000000s system = 0.000000s CPU (n/a%)

PHY-1001 : Congestion index: top1 = 26.27, top5 = 17.82, top10 = 11.36, top15 = 8.03.
OPT-1001 : Update timing in Manhattan mode
OPT-1001 : End timing update;  0.001156s wall, 0.000000s user + 0.000000s system = 0.000000s CPU (n/a%)

RUN-1001 : QoR Analysis:
OPT-0007 :   WNS 2147483647 TNS 0 NUM_FEPS 0
RUN-1001 :   No local congestion issue, and most congested 1% tile average routing util is 25.827586
RUN-1001 :   Top critical paths
OPT-1001 : End physical optimization;  0.296531s wall, 0.343750s user + 0.078125s system = 0.421875s CPU (142.3%)

RUN-1003 : finish command "place" in  2.486585s wall, 3.703125s user + 2.562500s system = 6.265625s CPU (252.0%)

RUN-1004 : used memory is 151 MB, reserved memory is 118 MB, peak memory is 179 MB
RUN-1002 : start command "export_db ES8388_place.db"
RUN-1001 : Exported /
RUN-1001 : Exported flow parameters
RUN-1001 : Exported libs
RUN-1001 : Exported entities
RUN-1001 : Exported ports
RUN-1001 : Exported pins
RUN-1001 : Exported instances
RUN-1001 : Exported nets
RUN-1001 : Exported buses
RUN-1001 : Exported models
RUN-1001 : Exported congestions
RUN-1001 : Exported violations
RUN-1001 : Exported IO constraints
RUN-1001 : Exported Inst constraints
RUN-1002 : start command "route"
RUN-1001 : Open license file D:/TD/license/Anlogic.lic
RUN-1001 : Print Global Property
RUN-1001 : ---------------------------------------------------------------
RUN-1001 :        Parameters        |  Settings  |  Default Values  |  Note  
RUN-1001 : ---------------------------------------------------------------
RUN-1001 :          message         |  standard  |     standard     |        
RUN-1001 :   mixed_pack_place_flow  |     on     |        on        |        
RUN-1001 :        qor_monitor       |    off     |       off        |        
RUN-1001 :        syn_ip_flow       |    off     |       off        |        
RUN-1001 :          thread          |    auto    |       auto       |        
RUN-1001 : ---------------------------------------------------------------
RUN-1001 : Print Route Property
RUN-1001 : -------------------------------------------------------
RUN-1001 :    Parameters    |  Settings  |  Default Values  |  Note  
RUN-1001 : -------------------------------------------------------
RUN-1001 :      effort      |   medium   |      medium      |        
RUN-1001 :     fix_hold     |    off     |       off        |        
RUN-1001 :    opt_timing    |   medium   |      medium      |        
RUN-1001 :   phy_sim_model  |    off     |       off        |        
RUN-1001 :     priority     |   timing   |      timing      |        
RUN-1001 :     swap_pin     |     on     |        on        |        
RUN-1001 : -------------------------------------------------------
PHY-1001 : Route runs in 24 thread(s)
RUN-1001 : There are total 519 instances
RUN-1001 : 233 mslices, 233 lslices, 39 pads, 0 brams, 0 dsps
RUN-1001 : There are total 1105 nets
RUN-1001 : 597 nets have 2 pins
RUN-1001 : 350 nets have [3 - 5] pins
RUN-1001 : 69 nets have [6 - 10] pins
RUN-1001 : 58 nets have [11 - 20] pins
RUN-1001 : 30 nets have [21 - 99] pins
RUN-1001 : 1 nets have 100+ pins
RUN-1002 : start command "start_timer -report"
TMR-5001 WARNING: No sdc constraints found while initiating timer.
TMR-2505 : Start building timing graph for model audio_speak.
TMR-2506 : Build timing graph completely. Port num: 36, tpin num: 4748, tnet num: 1103, tinst num: 517, tnode num: 5947, tedge num: 7841.
TMR-2508 : Levelizing timing graph completed, there are 17 levels in total.
TMR-2501 : Timing graph initialized successfully.
PHY-1001 : 233 mslices, 233 lslices, 39 pads, 0 brams, 0 dsps
TMR-2503 : Start to update net delay, extr mode = 3.
TMR-2504 : Update delay of 1103 nets completely.
TMR-2502 : Annotate delay completely, extr mode = 3.
TMR-3002 : No user constraint, initiate default constraint.
TMR-1501 : Assign derive clock DeriveClock to 572 clock pins, and constraint 1190 relative nodes.
TMR-3003 : Constraints initiated successfully.
TMR-3501 : Forward propagation: start to calculate arrival time...
TMR-3502 : Backward propagation: start to calculate required time...
TMR-3503 : Timing propagation completes.
PHY-1001 : Start global routing, caller is route ...
RUN-1001 : Generating global routing grids ...
PHY-1001 : Generate routing nets ...
PHY-1001 : Global iterations in 24 thread ...
PHY-1002 : len = 33632, over cnt = 120(0%), over = 183, worst = 4
PHY-1002 : len = 34712, over cnt = 26(0%), over = 32, worst = 3
PHY-1002 : len = 34952, over cnt = 8(0%), over = 9, worst = 2
PHY-1002 : len = 35056, over cnt = 0(0%), over = 0, worst = 0
PHY-1001 : End global iterations;  0.058296s wall, 0.078125s user + 0.031250s system = 0.109375s CPU (187.6%)

PHY-1001 : Congestion index: top1 = 25.84, top5 = 17.78, top10 = 11.24, top15 = 7.94.
PHY-1001 : End global routing;  0.093383s wall, 0.109375s user + 0.031250s system = 0.140625s CPU (150.6%)

PHY-1001 : Start detail routing ...
PHY-1001 : Current memory(MB): used = 216, reserve = 185, peak = 235.
PHY-1001 : Detailed router is running in normal mode.
PHY-1001 : Generate detailed routing grids ...
PHY-1001 : Processed IO instance aud_dacdat_syn_4 with INV attribute.
PHY-1001 : Processed IO instance aud_dacdat_1_syn_4 with INV attribute.
PHY-1001 : Processed IO instance aud_dacdat_2_syn_4 with INV attribute.
PHY-1001 : Generate nets ...
PHY-1001 : clock net aud_bclk_syn_4 will be merged with clock aud_bclk_dup_1
PHY-1001 : clock net aud_bclk_1_syn_4 will be merged with clock aud_bclk_1_dup_1
PHY-1001 : net aud_bclk_2_dup_1 will be routed on clock mesh
PHY-1001 : net aud_mclk_dup_1 will be routed on clock mesh
PHY-1001 : net aud_mclk_1_dup_1 will be routed on clock mesh
PHY-1001 : net aud_mclk_2_dup_1 will be routed on clock mesh
PHY-1001 : clock net ilaclk_dup_1 will be merged with clock u_pll_clk/clk0_buf
PHY-1001 : clock net ilaclk_1_dup_1 will be merged with clock u1_pll_clk/clk0_buf
PHY-1001 : clock net ilaclk_2_dup_1 will be merged with clock u2_pll_clk/clk0_buf
PHY-1001 : net sys_clk_dup_1 will be routed on clock mesh
PHY-1001 : clock net u1_es8388_ctrl/u_es8388_config/u_i2c_dri/dri_clk_syn_4 will be merged with clock u1_es8388_ctrl/u_es8388_config/u_i2c_dri/dri_clk
PHY-1001 : clock net u_es8388_ctrl/u_es8388_config/u_i2c_dri/dri_clk_syn_4 will be merged with clock u_es8388_ctrl/u_es8388_config/u_i2c_dri/dri_clk
PHY-1001 : clock net u2_es8388_ctrl/u_es8388_config/u_i2c_dri/dri_clk_syn_4 will be merged with clock u2_es8388_ctrl/u_es8388_config/u_i2c_dri/dri_clk
PHY-1001 : Current memory(MB): used = 479, reserve = 452, peak = 479.
PHY-1001 : End build detailed router design. 2.501449s wall, 2.453125s user + 0.046875s system = 2.500000s CPU (99.9%)

PHY-1001 : Detail Route ...
PHY-1001 : ===== Detail Route Phase 1 =====
PHY-1001 : Clock net routing.....
PHY-1001 : Routed 1% nets.
PHY-1022 : len = 27144, over cnt = 0(0%), over = 0, worst = 0, crit = 0
PHY-1001 : End initial clock net routed; 2.495463s wall, 2.453125s user + 0.015625s system = 2.468750s CPU (98.9%)

PHY-1001 : Current memory(MB): used = 511, reserve = 486, peak = 511.
PHY-1001 : End phase 1; 2.500824s wall, 2.453125s user + 0.015625s system = 2.468750s CPU (98.7%)

PHY-1001 : ===== Detail Route Phase 2 =====
PHY-1001 : Initial routing.....
PHY-1001 : Routed 38% nets.
PHY-1001 : Routed 44% nets.
PHY-1001 : Routed 53% nets.
PHY-1001 : Routed 66% nets.
PHY-1001 : Routed 89% nets.
PHY-1022 : len = 146512, over cnt = 72(0%), over = 72, worst = 1, crit = 0
PHY-1001 : Current memory(MB): used = 512, reserve = 486, peak = 512.
PHY-1001 : End initial routed; 0.598073s wall, 0.750000s user + 0.500000s system = 1.250000s CPU (209.0%)

PHY-1001 : Current memory(MB): used = 512, reserve = 486, peak = 512.
PHY-1001 : End phase 2; 0.598160s wall, 0.750000s user + 0.500000s system = 1.250000s CPU (209.0%)

PHY-1001 : ===== Detail Route Phase 3 =====
PHY-1001 : Ripup-reroute.....
PHY-1001 : ===== DR Iter 1 =====
PHY-1022 : len = 146488, over cnt = 21(0%), over = 21, worst = 1, crit = 0
PHY-1001 : End DR Iter 1; 0.026365s wall, 0.031250s user + 0.000000s system = 0.031250s CPU (118.5%)

PHY-1001 : ===== DR Iter 2 =====
PHY-1022 : len = 146552, over cnt = 3(0%), over = 3, worst = 1, crit = 0
PHY-1001 : End DR Iter 2; 0.023072s wall, 0.031250s user + 0.000000s system = 0.031250s CPU (135.4%)

PHY-1001 : ===== DR Iter 3 =====
PHY-1022 : len = 146576, over cnt = 0(0%), over = 0, worst = 0, crit = 0
PHY-1001 : End DR Iter 3; 0.014425s wall, 0.015625s user + 0.000000s system = 0.015625s CPU (108.3%)

PHY-1001 : Commit to database.....
PHY-1001 : 19 feed throughs used by 16 nets
PHY-1001 : End commit to database; 0.100248s wall, 0.109375s user + 0.000000s system = 0.109375s CPU (109.1%)

PHY-1001 : Current memory(MB): used = 524, reserve = 498, peak = 524.
PHY-1001 : End phase 3; 0.261792s wall, 0.265625s user + 0.000000s system = 0.265625s CPU (101.5%)

PHY-1003 : Routed, final wirelength = 146576
PHY-1001 : Current memory(MB): used = 525, reserve = 498, peak = 525.
PHY-1001 : End export database. 0.006178s wall, 0.000000s user + 0.000000s system = 0.000000s CPU (n/a%)

PHY-1001 : End detail routing;  6.033049s wall, 6.078125s user + 0.562500s system = 6.640625s CPU (110.1%)

RUN-1003 : finish command "route" in  6.349358s wall, 6.390625s user + 0.609375s system = 7.000000s CPU (110.2%)

RUN-1004 : used memory is 453 MB, reserved memory is 427 MB, peak memory is 525 MB
RUN-1002 : start command "report_area -io_info -file ES8388_phy.area"
RUN-1001 : standard
***Report Model: audio_speak Device: EG4S20BG256***

IO Statistics
#IO                        39
  #input                   15
  #output                  21
  #inout                    3

Utilization Statistics
#lut                      813   out of  19600    4.15%
#reg                      459   out of  19600    2.34%
#le                       889
  #lut only               430   out of    889   48.37%
  #reg only                76   out of    889    8.55%
  #lut&reg                383   out of    889   43.08%
#dsp                        0   out of     29    0.00%
#bram                       0   out of     64    0.00%
  #bram9k                   0
  #fifo9k                   0
#bram32k                    0   out of     16    0.00%
#pad                       39   out of    188   20.74%
  #ireg                     6
  #oreg                     9
  #treg                     3
#pll                        3   out of      4   75.00%
#gclk                       8   out of     16   50.00%

Clock Resource Statistics
Index     ClockNet                                            Type               DriverType         Driver                                                           Fanout
#1        aud_bclk_1_dup_1                                    GCLK               io                 aud_bclk_1_syn_2.di                                              45
#2        aud_bclk_2_dup_1                                    GCLK               io                 aud_bclk_2_syn_2.di                                              44
#3        aud_bclk_dup_1                                      GCLK               io                 aud_bclk_syn_2.di                                                44
#4        u_es8388_ctrl/u_es8388_config/u_i2c_dri/dri_clk     GCLK               mslice             u_es8388_ctrl/u_es8388_config/u_i2c_dri/dri_clk_reg_syn_9.q1     42
#5        u1_es8388_ctrl/u_es8388_config/u_i2c_dri/dri_clk    GCLK               lslice             u1_es8388_ctrl/u_es8388_config/u_i2c_dri/dri_clk_reg_syn_9.q0    41
#6        u2_es8388_ctrl/u_es8388_config/u_i2c_dri/dri_clk    GCLK               mslice             u2_es8388_ctrl/u_es8388_config/u_i2c_dri/dri_clk_reg_syn_9.q1    40
#7        sys_clk_dup_1                                       GCLK               io                 sys_clk_syn_2.di                                                 33
#8        aud_mclk_1_dup_1                                    GCLK               pll                u1_pll_clk/pll_inst.clkc1                                        0
#9        aud_mclk_2_dup_1                                    GCLK               pll                u2_pll_clk/pll_inst.clkc1                                        0
#10       aud_mclk_dup_1                                      GCLK               pll                u_pll_clk/pll_inst.clkc1                                         0
#11       u1_pll_clk/clk0_buf                                 GCLK               pll                u1_pll_clk/pll_inst.clkc0                                        0
#12       u2_pll_clk/clk0_buf                                 GCLK               pll                u2_pll_clk/pll_inst.clkc0                                        0
#13       u_pll_clk/clk0_buf                                  GCLK               pll                u_pll_clk/pll_inst.clkc0                                         0


Detailed IO Report

      Name        Direction    Location    IOStandard    DriveStrength    PullType     PackReg   
   aud_adcdat       INPUT        R14        LVCMOS25          N/A          PULLUP       IREG     
  aud_adcdat_1      INPUT         F7        LVCMOS25          N/A          PULLUP       IREG     
  aud_adcdat_2      INPUT        H15        LVCMOS25          N/A          PULLUP       IREG     
    aud_bclk        INPUT         M6        LVCMOS25          N/A          PULLUP       NONE     
   aud_bclk_1       INPUT         C4        LVCMOS25          N/A          PULLUP       NONE     
   aud_bclk_2       INPUT        F13        LVCMOS25          N/A          PULLUP       NONE     
    aud_lrc         INPUT         M7        LVCMOS25          N/A          PULLUP       IREG     
   aud_lrc_1        INPUT         D6        LVCMOS25          N/A          PULLUP       IREG     
   aud_lrc_2        INPUT        H13        LVCMOS25          N/A          PULLUP       IREG     
    sys_clk         INPUT         R7        LVCMOS25          N/A          PULLUP       NONE     
   sys_rst_n        INPUT         E3        LVCMOS25          N/A          PULLUP       NONE     
  sys_rst_n_1       INPUT         A9        LVCMOS25          N/A          PULLUP       NONE     
  sys_rst_n_2       INPUT        A10        LVCMOS25          N/A          PULLUP       NONE     
   volume[1]        INPUT        A11        LVCMOS25          N/A          PULLUP       NONE     
   volume[0]        INPUT        B10        LVCMOS25          N/A          PULLUP       NONE     
    I2S_BCLK       OUTPUT        D14        LVCMOS25           8            NONE        NONE     
    I2S_DATA       OUTPUT        F14        LVCMOS25           8            NONE        NONE     
   I2S_LRCLK       OUTPUT        E15        LVCMOS25           8            NONE        NONE     
   aud_dacdat      OUTPUT         P6        LVCMOS25           8            NONE        OREG     
  aud_dacdat_1     OUTPUT         C5        LVCMOS25           8            NONE        OREG     
  aud_dacdat_2     OUTPUT        G12        LVCMOS25           8            NONE        OREG     
    aud_mclk       OUTPUT         N5        LVCMOS25           8            NONE        NONE     
   aud_mclk_1      OUTPUT         B3        LVCMOS25           8            NONE        NONE     
   aud_mclk_2      OUTPUT        F15        LVCMOS25           8            NONE        NONE     
    aud_scl        OUTPUT        R12        LVCMOS25           8            NONE        OREG     
   aud_scl_1       OUTPUT         B2        LVCMOS25           8            NONE        OREG     
   aud_scl_2       OUTPUT        D16        LVCMOS25           8            NONE        OREG     
     ilaclk        OUTPUT         T5        LVCMOS25           8            NONE        NONE     
    ilaclk_1       OUTPUT         D3        LVCMOS25           8            NONE        NONE     
    ilaclk_2       OUTPUT        K15        LVCMOS25           8            NONE        NONE     
      led          OUTPUT        B14        LVCMOS25           8            NONE        NONE     
     led_1         OUTPUT        B15        LVCMOS25           8            NONE        NONE     
     led_2         OUTPUT        B16        LVCMOS25           8            NONE        NONE     
    leds[2]        OUTPUT        E13        LVCMOS25           8            NONE        NONE     
    leds[1]        OUTPUT        C16        LVCMOS25           8            NONE        NONE     
    leds[0]        OUTPUT        C15        LVCMOS25           8            NONE        NONE     
    aud_sda         INOUT         R9        LVCMOS25           8           PULLUP     OREG;TREG  
   aud_sda_1        INOUT         B1        LVCMOS25           8           PULLUP     OREG;TREG  
   aud_sda_2        INOUT        J11        LVCMOS25           8           PULLUP     OREG;TREG  

Report Hierarchy Area:
+----------------------------------------------------------------------------------------+
|Instance            |Module        |le     |lut     |ripple  |seq     |bram    |dsp     |
+----------------------------------------------------------------------------------------+
|top                 |audio_speak   |889    |727     |86      |477     |0       |0       |
|  u1_es8388_ctrl    |es8388_ctrl   |275    |229     |25      |145     |0       |0       |
|    u_audio_receive |audio_receive |78     |49      |12      |53      |0       |0       |
|    u_audio_send    |audio_send    |24     |23      |0       |24      |0       |0       |
|    u_es8388_config |es8388_config |173    |157     |13      |68      |0       |0       |
|      u_i2c_dri     |i2c_dri       |114    |107     |5       |41      |0       |0       |
|      u_i2c_reg_cfg |i2c_reg_cfg   |59     |50      |8       |27      |0       |0       |
|  u1_pll_clk        |clk_wiz_0     |1      |1       |0       |0       |0       |0       |
|  u2_es8388_ctrl    |es8388_ctrl   |290    |244     |25      |145     |0       |0       |
|    u_audio_receive |audio_receive |78     |48      |12      |53      |0       |0       |
|    u_audio_send    |audio_send    |24     |24      |0       |24      |0       |0       |
|    u_es8388_config |es8388_config |188    |172     |13      |68      |0       |0       |
|      u_i2c_dri     |i2c_dri       |127    |120     |5       |41      |0       |0       |
|      u_i2c_reg_cfg |i2c_reg_cfg   |61     |52      |8       |27      |0       |0       |
|  u2_pll_clk        |clk_wiz_0     |1      |1       |0       |0       |0       |0       |
|  u_es8388_ctrl     |es8388_ctrl   |285    |242     |27      |145     |0       |0       |
|    u_audio_receive |audio_receive |72     |47      |12      |53      |0       |0       |
|    u_audio_send    |audio_send    |25     |24      |0       |24      |0       |0       |
|    u_es8388_config |es8388_config |188    |171     |15      |68      |0       |0       |
|      u_i2c_dri     |i2c_dri       |127    |119     |7       |41      |0       |0       |
|      u_i2c_reg_cfg |i2c_reg_cfg   |61     |52      |8       |27      |0       |0       |
|  u_pll_clk         |clk_wiz_0     |1      |1       |0       |0       |0       |0       |
+----------------------------------------------------------------------------------------+


DataNet Average Fanout:

   Index     Fanout    Nets  
    #1         1       555   
    #2         2       250   
    #3         3        81   
    #4         4        16   
    #5        5-10      79   
    #6       11-50      67   
    #7       51-100     3    
  Average     3.15           

RUN-1002 : start command "export_db ES8388_pr.db"
RUN-1001 : Exported /
RUN-1001 : Exported flow parameters
RUN-1001 : Exported libs
RUN-1001 : Exported entities
RUN-1001 : Exported ports
RUN-1001 : Exported pins
RUN-1001 : Exported instances
RUN-1001 : Exported nets
RUN-1001 : Exported buses
RUN-1001 : Exported models
RUN-1001 : Exported congestions
RUN-1001 : Exported violations
RUN-1001 : Exported IO constraints
RUN-1001 : Exported Inst constraints
RUN-1002 : start command "export_bid ES8388_inst.bid"
RUN-1002 : start command "bitgen -bit ES8388.bit -unused_io_status pulldown"
BIT-1003 : Start to generate bitstream. 
BIT-1002 : Bitgen processed 149 unused pads, reserve input tri_state with pulldown
BIT-1002 : Init instances with 24 threads.
BIT-1002 : Init instances completely, inst num: 666
BIT-1002 : Init pips with 24 threads.
BIT-1002 : Init pips completely, net num: 1105, pip num: 10882
BIT-1002 : Init feedthrough with 24 threads.
BIT-1002 : Init feedthrough completely, num: 19
BIT-1003 : Multithreading accelaration with 24 threads.
BIT-1003 : Generate bitstream completely, there are 1504 valid insts, and 30514 bits set as '1'.
BIT-1004 : PLL setting string = 1110
BIT-1004 : Generate bits file ES8388.bit.
RUN-1003 : finish command "bitgen -bit ES8388.bit -unused_io_status pulldown" in  1.580662s wall, 21.312500s user + 1.109375s system = 22.421875s CPU (1418.5%)

RUN-1004 : used memory is 456 MB, reserved memory is 438 MB, peak memory is 687 MB
RUN-1002 : start command "backup_run_log run.log ../.logs/phy_1/td_20251020_190456.log"
