============================================================
   Tang Dynasty, V5.6.71036
      Copyright (c) 2012-2023 Anlogic Inc.
   Executable = E:/Software/Anlogic/TD5.6.2/bin/td.exe
   Built at =   20:34:38 Mar 21 2023
   Run by =     Lviva
   Run Date =   Sun Oct 26 11:05:40 2025

   Run on =     VIVACIOUS
============================================================
RUN-1002 : start command "open_project ES8388.prj"
RUN-1001 : Print Global Property
RUN-1001 : ---------------------------------------------------------------
RUN-1001 :        Parameters        |  Settings  |  Default Values  |  Note  
RUN-1001 : ---------------------------------------------------------------
RUN-1001 :          message         |  standard  |     standard     |        
RUN-1001 :   mixed_pack_place_flow  |     on     |        on        |        
RUN-1001 :        qor_monitor       |    off     |       off        |        
RUN-1001 :        syn_ip_flow       |    off     |       off        |        
RUN-1001 :          thread          |    auto    |       auto       |        
RUN-1001 : ---------------------------------------------------------------
RUN-1001 : Print Design Property
RUN-1001 : --------------------------------------------------------------
RUN-1001 :        Parameters       |  Settings  |  Default Values  |  Note  
RUN-1001 : --------------------------------------------------------------
RUN-1001 :   default_reg_initial   |    auto    |       auto       |        
RUN-1001 :        infer_add        |     on     |        on        |        
RUN-1001 :        infer_fsm        |    off     |       off        |        
RUN-1001 :        infer_mult       |     on     |        on        |        
RUN-1001 :        infer_ram        |     on     |        on        |        
RUN-1001 :        infer_reg        |     on     |        on        |        
RUN-1001 :   infer_reg_init_value  |     on     |        on        |        
RUN-1001 :        infer_rom        |     on     |        on        |        
RUN-1001 :      infer_shifter      |     on     |        on        |        
RUN-1001 : --------------------------------------------------------------
RUN-1001 : Print Rtl Property
RUN-1001 : --------------------------------------------------------------
RUN-1001 :        Parameters       |  Settings  |  Default Values  |  Note  
RUN-1001 : --------------------------------------------------------------
RUN-1001 :       compress_add      |   ripple   |      ripple      |        
RUN-1001 :        elf_sload        |    off     |       off        |        
RUN-1001 :       fix_undriven      |     0      |        0         |        
RUN-1001 :         flatten         |    off     |       off        |        
RUN-1001 :       gate_sharing      |     on     |        on        |        
RUN-1001 :    hdl_warning_level    |   normal   |      normal      |        
RUN-1001 :   impl_internal_tribuf  |     on     |        on        |        
RUN-1001 :      impl_set_reset     |     on     |        on        |        
RUN-1001 :        infer_gsr        |    off     |       off        |        
RUN-1001 :      keep_hierarchy     |    auto    |       auto       |        
RUN-1001 :        max_fanout       |    9999    |       9999       |        
RUN-1001 :      max_oh2bin_len     |     10     |        10        |        
RUN-1001 :       merge_equal       |     on     |        on        |        
RUN-1001 :       merge_equiv       |     on     |        on        |        
RUN-1001 :        merge_mux        |    off     |       off        |        
RUN-1001 :     min_control_set     |     8      |        8         |        
RUN-1001 :      min_ripple_len     |    auto    |       auto       |        
RUN-1001 :       oh2bin_ratio      |    0.08    |       0.08       |        
RUN-1001 :     opt_adder_fanout    |     on     |        on        |        
RUN-1001 :        opt_arith        |     on     |        on        |        
RUN-1001 :       opt_big_gate      |    off     |       off        |        
RUN-1001 :        opt_const        |     on     |        on        |        
RUN-1001 :      opt_const_mult     |     on     |        on        |        
RUN-1001 :       opt_lessthan      |     on     |        on        |        
RUN-1001 :         opt_mux         |    off     |       off        |        
RUN-1001 :         opt_ram         |    high    |       high       |        
RUN-1001 :      rtl_sim_model      |    off     |       off        |        
RUN-1001 :         seq_syn         |     on     |        on        |        
RUN-1001 : --------------------------------------------------------------
HDL-1007 : analyze verilog file ../../al_ip/clk_wiz_0.v
HDL-1007 : undeclared symbol 'open', assumed default net type 'wire' in ../../al_ip/clk_wiz_0.v(80)
HDL-1007 : analyze verilog file ../../../RTL/audio_receive.v
HDL-1007 : analyze verilog file ../../../RTL/audio_send.v
HDL-1007 : analyze verilog file ../../../RTL/audio_speak.v
HDL-1007 : analyze verilog file ../../../RTL/es8388_config.v
HDL-1007 : analyze verilog file ../../../RTL/es8388_ctrl.v
HDL-1007 : analyze verilog file ../../../RTL/i2c_dri.v
HDL-1007 : analyze verilog file ../../../RTL/i2c_reg_cfg.v
HDL-1007 : analyze verilog file ../../../RTL/spar_4mic_localization.v
RUN-1001 : Project manager successfully analyzed 9 source files.
RUN-1002 : start command "import_device eagle_s20.db -package EG4S20BG256"
ARC-1001 : Device Initialization.
ARC-1001 : ------------------------------------------------------------------
ARC-1001 :            OPTION            |          IO          |   SETTING   
ARC-1001 : ------------------------------------------------------------------
ARC-1001 :   cso_b/cclk/mosi/miso/dout  |  T3/R11/T10/P10/S11  |    gpio    
ARC-1001 :             done             |         P13          |    gpio    
ARC-1001 :           program_b          |          T2          |  dedicate  
ARC-1001 :        tdi/tms/tck/tdo       |   C12/A15/C14/E14    |  dedicate  
ARC-1001 : ------------------------------------------------------------------
ARC-1004 : Device setting, marked 5 dedicate IOs in total.
RUN-1002 : start command "import_db ../syn_1/ES8388_gate.db"
RUN-1001 : Importing database generated by Tang Dynasty, V5.6.71036.
RUN-1001 : Database version number 46146.
RUN-1001 : Import flow parameters
RUN-1001 : Import IO constraints
RUN-1001 : Import Inst constraints
RUN-1001 : Import design success TD_VERSION=5.6.71036 , DB_VERSION=46146
RUN-1002 : start command "place"
RUN-1001 : Open license file E:/Software/Anlogic/TD5.6.2/license/Anlogic.lic
RUN-1001 : Print Global Property
RUN-1001 : ---------------------------------------------------------------
RUN-1001 :        Parameters        |  Settings  |  Default Values  |  Note  
RUN-1001 : ---------------------------------------------------------------
RUN-1001 :          message         |  standard  |     standard     |        
RUN-1001 :   mixed_pack_place_flow  |     on     |        on        |        
RUN-1001 :        qor_monitor       |    off     |       off        |        
RUN-1001 :        syn_ip_flow       |    off     |       off        |        
RUN-1001 :          thread          |    auto    |       auto       |        
RUN-1001 : ---------------------------------------------------------------
RUN-1001 : Print Place Property
RUN-1001 : --------------------------------------------------------------
RUN-1001 :        Parameters       |  Settings  |  Default Values  |  Note  
RUN-1001 : --------------------------------------------------------------
RUN-1001 :      detailed_place     |     on     |        on        |        
RUN-1001 :          effort         |   medium   |      medium      |        
RUN-1001 :         fix_hold        |    off     |       off        |        
RUN-1001 :       legalization      |    ori     |       ori        |        
RUN-1001 :      new_spreading      |     on     |        on        |        
RUN-1001 :        opt_timing       |   medium   |      medium      |        
RUN-1001 :   post_clock_route_opt  |    off     |       off        |        
RUN-1001 :       pr_strategy       |     1      |        1         |        
RUN-1001 :        relaxation       |    1.00    |       1.00       |        
RUN-1001 :         retiming        |    off     |       off        |        
RUN-1001 : --------------------------------------------------------------
PHY-3001 : Placer runs in 16 thread(s).
RUN-1002 : start command "legalize_phy_inst"
SYN-1011 : Flatten model audio_speak
RUN-1002 : start command "phys_opt -simplify_lut"
SYN-4016 : Net ilaclk_1_dup_1 driven by BUFG (0 clock/control pins, 2 other pins).
SYN-4016 : Net ilaclk_2_dup_1 driven by BUFG (0 clock/control pins, 2 other pins).
SYN-4016 : Net ilaclk_3_dup_1 driven by BUFG (0 clock/control pins, 2 other pins).
SYN-4016 : Net ilaclk_dup_1 driven by BUFG (0 clock/control pins, 2 other pins).
SYN-4027 : Net aud_mclk_1_dup_1 is clkc1 of pll u1_pll_clk/pll_inst.
SYN-4019 : Net sys_clk_dup_1 is refclk of pll u1_pll_clk/pll_inst.
SYN-4020 : Net sys_clk_dup_1 is fbclk of pll u1_pll_clk/pll_inst.
SYN-4027 : Net aud_mclk_2_dup_1 is clkc1 of pll u2_pll_clk/pll_inst.
SYN-4019 : Net sys_clk_dup_1 is refclk of pll u2_pll_clk/pll_inst.
SYN-4020 : Net sys_clk_dup_1 is fbclk of pll u2_pll_clk/pll_inst.
SYN-4027 : Net aud_mclk_3_dup_1 is clkc1 of pll u3_pll_clk/pll_inst.
SYN-4019 : Net sys_clk_dup_1 is refclk of pll u3_pll_clk/pll_inst.
SYN-4020 : Net sys_clk_dup_1 is fbclk of pll u3_pll_clk/pll_inst.
SYN-4027 : Net aud_mclk_dup_1 is clkc1 of pll u_pll_clk/pll_inst.
SYN-4019 : Net sys_clk_dup_1 is refclk of pll u_pll_clk/pll_inst.
SYN-4020 : Net sys_clk_dup_1 is fbclk of pll u_pll_clk/pll_inst.
SYN-4024 : Net "aud_bclk_dup_1" drives clk pins.
SYN-4024 : Net "aud_bclk_1_dup_1" drives clk pins.
SYN-4024 : Net "aud_bclk_2_dup_1" drives clk pins.
SYN-4024 : Net "aud_bclk_3_dup_1" drives clk pins.
SYN-4024 : Net "u1_es8388_ctrl/u_es8388_config/u_i2c_dri/dri_clk" drives clk pins.
SYN-4024 : Net "u2_es8388_ctrl/u_es8388_config/u_i2c_dri/dri_clk" drives clk pins.
SYN-4024 : Net "u3_es8388_ctrl/u_es8388_config/u_i2c_dri/dri_clk" drives clk pins.
SYN-7503 WARNING: Net "u_es8388_ctrl/u_es8388_config/u_i2c_dri/dri_clk" drives clk pins. However it will not be tagged as clk net, for there's no more slots.
SYN-4025 : Tag rtl::Net aud_bclk_1_dup_1 as clock net
SYN-4025 : Tag rtl::Net aud_bclk_2_dup_1 as clock net
SYN-4025 : Tag rtl::Net aud_bclk_3_dup_1 as clock net
SYN-4025 : Tag rtl::Net aud_bclk_dup_1 as clock net
SYN-4025 : Tag rtl::Net aud_mclk_1_dup_1 as clock net
SYN-4025 : Tag rtl::Net aud_mclk_2_dup_1 as clock net
SYN-4025 : Tag rtl::Net aud_mclk_3_dup_1 as clock net
SYN-4025 : Tag rtl::Net aud_mclk_dup_1 as clock net
SYN-4025 : Tag rtl::Net ilaclk_1_dup_1 as clock net
SYN-4025 : Tag rtl::Net ilaclk_2_dup_1 as clock net
SYN-4025 : Tag rtl::Net ilaclk_3_dup_1 as clock net
SYN-4025 : Tag rtl::Net ilaclk_dup_1 as clock net
SYN-4025 : Tag rtl::Net sys_clk_dup_1 as clock net
SYN-4025 : Tag rtl::Net u1_es8388_ctrl/u_es8388_config/u_i2c_dri/dri_clk as clock net
SYN-4025 : Tag rtl::Net u2_es8388_ctrl/u_es8388_config/u_i2c_dri/dri_clk as clock net
SYN-4025 : Tag rtl::Net u3_es8388_ctrl/u_es8388_config/u_i2c_dri/dri_clk as clock net
SYN-4026 : Tagged 16 rtl::Net as clock net
SYN-4015 : Create BUFG instance for clk Net aud_bclk_1_dup_1 to drive 80 clock pins.
SYN-4015 : Create BUFG instance for clk Net aud_bclk_2_dup_1 to drive 80 clock pins.
SYN-4015 : Create BUFG instance for clk Net aud_bclk_3_dup_1 to drive 80 clock pins.
SYN-4015 : Create BUFG instance for clk Net aud_bclk_dup_1 to drive 80 clock pins.
SYN-4015 : Create BUFG instance for clk Net u1_es8388_ctrl/u_es8388_config/u_i2c_dri/dri_clk to drive 59 clock pins.
SYN-4015 : Create BUFG instance for clk Net u2_es8388_ctrl/u_es8388_config/u_i2c_dri/dri_clk to drive 59 clock pins.
SYN-4015 : Create BUFG instance for clk Net u3_es8388_ctrl/u_es8388_config/u_i2c_dri/dri_clk to drive 56 clock pins.
PHY-1001 : Populate physical database on model audio_speak.
RUN-1001 : There are total 3134 instances
RUN-0007 : 1118 luts, 919 seqs, 648 mslices, 351 lslices, 51 pads, 0 brams, 29 dsps
RUN-1001 : There are total 5775 nets
RUN-1001 : 3769 nets have 2 pins
RUN-1001 : 1467 nets have [3 - 5] pins
RUN-1001 : 409 nets have [6 - 10] pins
RUN-1001 : 71 nets have [11 - 20] pins
RUN-1001 : 45 nets have [21 - 99] pins
RUN-1001 : 14 nets have 100+ pins
RUN-1001 : Report Control nets information:
RUN-1001 : DFF Distribution
RUN-1001 : ----------------------------------
RUN-1001 :   CE   |  SSR  |  ASR  |  DFF Count  
RUN-1001 : ----------------------------------
RUN-1001 :   No   |  No   |  No   |      0      
RUN-1001 :   No   |  No   |  Yes  |     607     
RUN-1001 :   No   |  Yes  |  No   |      0      
RUN-1001 :   Yes  |  No   |  No   |      0      
RUN-1001 :   Yes  |  No   |  Yes  |     280     
RUN-1001 :   Yes  |  Yes  |  No   |     32      
RUN-1001 : ----------------------------------
RUN-0007 : Control Group Statistic
RUN-0007 : ---------------------------
RUN-0007 :   #CLK  |  #CE  |  #SSR/ASR  
RUN-0007 : ---------------------------
RUN-0007 :    9    |  20   |     9      
RUN-0007 : ---------------------------
RUN-0007 : Control Set = 32
PHY-3001 : Initial placement ...
PHY-3001 : design contains 3132 instances, 1118 luts, 919 seqs, 999 slices, 203 macros(999 instances: 648 mslices 351 lslices)
PHY-0007 : Cell area utilization is 15%
PHY-3001 : Global placement ...
PHY-3001 : Initial: Len = 1.24056e+06
PHY-3001 : Clustering ...
PHY-3001 : Level 0 #clusters 3132.
PHY-3001 : End clustering;  0.000043s wall, 0.000000s user + 0.000000s system = 0.000000s CPU (n/a%)

PHY-3001 : Run with size of 4
PHY-3001 : Cell area utilization is 15%
PHY-3001 : :::0::: Try harder cell spreading with beta_ = 0
PHY-3002 : Step(1): len = 834417, overlap = 65.25
PHY-3002 : Step(2): len = 709369, overlap = 66
PHY-3002 : Step(3): len = 488173, overlap = 70
PHY-3002 : Step(4): len = 420137, overlap = 59.75
PHY-3002 : Step(5): len = 362181, overlap = 63.375
PHY-3002 : Step(6): len = 319145, overlap = 75.8125
PHY-3002 : Step(7): len = 286700, overlap = 82.4375
PHY-3002 : Step(8): len = 247550, overlap = 103.438
PHY-3002 : Step(9): len = 214464, overlap = 125.781
PHY-3002 : Step(10): len = 194282, overlap = 141.562
PHY-3002 : Step(11): len = 175118, overlap = 165.781
PHY-3002 : Step(12): len = 165292, overlap = 187.344
PHY-3002 : Step(13): len = 152598, overlap = 210.656
PHY-3002 : Step(14): len = 138345, overlap = 253.75
PHY-3002 : Step(15): len = 129372, overlap = 263.5
PHY-3002 : Step(16): len = 120472, overlap = 280.25
PHY-3002 : Step(17): len = 114499, overlap = 292
PHY-3002 : Step(18): len = 112699, overlap = 297.531
PHY-3001 : :::1::: Try harder cell spreading with beta_ = 3.23627e-06
PHY-3002 : Step(19): len = 120887, overlap = 283.094
PHY-3002 : Step(20): len = 125838, overlap = 280.375
PHY-3002 : Step(21): len = 128404, overlap = 280.719
PHY-3002 : Step(22): len = 120775, overlap = 249.281
PHY-3002 : Step(23): len = 119750, overlap = 216.219
PHY-3002 : Step(24): len = 119435, overlap = 186.531
PHY-3002 : Step(25): len = 120451, overlap = 178.281
PHY-3002 : Step(26): len = 121525, overlap = 156.781
PHY-3002 : Step(27): len = 120763, overlap = 151.219
PHY-3002 : Step(28): len = 117657, overlap = 146.062
PHY-3002 : Step(29): len = 116497, overlap = 134.438
PHY-3002 : Step(30): len = 114369, overlap = 128.656
PHY-3002 : Step(31): len = 114097, overlap = 122.844
PHY-3002 : Step(32): len = 113817, overlap = 113.125
PHY-3002 : Step(33): len = 110151, overlap = 110.781
PHY-3002 : Step(34): len = 109675, overlap = 109.594
PHY-3002 : Step(35): len = 109598, overlap = 108.094
PHY-3002 : Step(36): len = 109077, overlap = 107.625
PHY-3002 : Step(37): len = 107601, overlap = 120.156
PHY-3002 : Step(38): len = 106963, overlap = 129.969
PHY-3002 : Step(39): len = 106094, overlap = 128.781
PHY-3002 : Step(40): len = 103961, overlap = 144.281
PHY-3002 : Step(41): len = 103880, overlap = 145.344
PHY-3002 : Step(42): len = 101606, overlap = 133.969
PHY-3002 : Step(43): len = 102002, overlap = 135.719
PHY-3002 : Step(44): len = 101308, overlap = 128.469
PHY-3002 : Step(45): len = 99574.3, overlap = 133.281
PHY-3002 : Step(46): len = 98208.2, overlap = 133.344
PHY-3002 : Step(47): len = 96260.5, overlap = 133.656
PHY-3002 : Step(48): len = 96311.1, overlap = 129
PHY-3002 : Step(49): len = 95637.2, overlap = 122.375
PHY-3002 : Step(50): len = 95020.3, overlap = 118.375
PHY-3002 : Step(51): len = 93696.7, overlap = 121.844
PHY-3002 : Step(52): len = 91798.5, overlap = 121.312
PHY-3002 : Step(53): len = 92369.6, overlap = 132.594
PHY-3002 : Step(54): len = 92195.6, overlap = 135.812
PHY-3002 : Step(55): len = 92491.5, overlap = 140.938
PHY-3002 : Step(56): len = 90898.9, overlap = 141.281
PHY-3002 : Step(57): len = 89459, overlap = 145.219
PHY-3002 : Step(58): len = 89628.8, overlap = 144
PHY-3002 : Step(59): len = 89732.5, overlap = 130.531
PHY-3002 : Step(60): len = 89729.8, overlap = 132.531
PHY-3002 : Step(61): len = 88681.7, overlap = 131.125
PHY-3001 : :::2::: Try harder cell spreading with beta_ = 6.47253e-06
PHY-3002 : Step(62): len = 91191.1, overlap = 135.562
PHY-3002 : Step(63): len = 91640.5, overlap = 134.625
PHY-3002 : Step(64): len = 92277.8, overlap = 136.125
PHY-3001 : :::3::: Try harder cell spreading with beta_ = 1.29451e-05
PHY-3002 : Step(65): len = 96418.8, overlap = 126.375
PHY-3002 : Step(66): len = 96897.4, overlap = 125.906
PHY-3002 : Step(67): len = 100646, overlap = 121
PHY-3002 : Step(68): len = 101679, overlap = 119.531
PHY-3002 : Step(69): len = 104297, overlap = 121.812
PHY-3002 : Step(70): len = 105989, overlap = 118.531
PHY-3002 : Step(71): len = 105975, overlap = 113.594
PHY-3002 : Step(72): len = 106011, overlap = 114.781
PHY-3002 : Step(73): len = 104829, overlap = 116.719
PHY-3002 : Step(74): len = 104609, overlap = 115.906
PHY-3002 : Step(75): len = 103921, overlap = 114.656
PHY-3001 : :::4::: Try harder cell spreading with beta_ = 2.58901e-05
PHY-3002 : Step(76): len = 105927, overlap = 117.031
PHY-3002 : Step(77): len = 106254, overlap = 117.094
PHY-3002 : Step(78): len = 108058, overlap = 114.656
PHY-3001 : :::5::: Try harder cell spreading with beta_ = 5.17803e-05
PHY-3002 : Step(79): len = 109574, overlap = 116.094
PHY-3002 : Step(80): len = 110356, overlap = 116.094
PHY-3002 : Step(81): len = 116230, overlap = 122.438
PHY-3002 : Step(82): len = 117233, overlap = 119.75
PHY-3002 : Step(83): len = 117444, overlap = 117.031
PHY-3002 : Step(84): len = 118059, overlap = 117.906
PHY-3002 : Step(85): len = 118781, overlap = 114.188
PHY-3002 : Step(86): len = 118697, overlap = 113.906
PHY-3002 : Step(87): len = 118611, overlap = 114.688
PHY-3002 : Step(88): len = 118505, overlap = 114.25
PHY-3001 : :::6::: Try harder cell spreading with beta_ = 0.000103561
PHY-3002 : Step(89): len = 119676, overlap = 111.656
PHY-3002 : Step(90): len = 120075, overlap = 111.625
PHY-3002 : Step(91): len = 122689, overlap = 108.625
PHY-3002 : Step(92): len = 124277, overlap = 111.438
PHY-3002 : Step(93): len = 125796, overlap = 112.812
PHY-3002 : Step(94): len = 126236, overlap = 115.188
PHY-3002 : Step(95): len = 126636, overlap = 115.312
PHY-3001 : :::7::: Try harder cell spreading with beta_ = 0.000202829
PHY-3002 : Step(96): len = 127353, overlap = 115.438
PHY-3002 : Step(97): len = 128153, overlap = 115.219
PHY-3002 : Step(98): len = 128963, overlap = 115.25
PHY-3001 : Legalization ...
PHY-3001 : End legalization;  0.005799s wall, 0.000000s user + 0.000000s system = 0.000000s CPU (n/a%)

PHY-3001 : Run with size of 4
PHY-3001 : Cell area utilization is 20%
PHY-3001 : :::0::: Try harder cell spreading with beta_ = 2.67057e-06
PHY-3002 : Step(99): len = 183679, overlap = 162.719
PHY-3002 : Step(100): len = 183965, overlap = 161.594
PHY-3002 : Step(101): len = 175010, overlap = 176.25
PHY-3002 : Step(102): len = 174179, overlap = 187.5
PHY-3002 : Step(103): len = 169212, overlap = 185.844
PHY-3002 : Step(104): len = 165622, overlap = 192.469
PHY-3002 : Step(105): len = 165950, overlap = 182.25
PHY-3002 : Step(106): len = 164123, overlap = 172.875
PHY-3002 : Step(107): len = 164433, overlap = 166.188
PHY-3002 : Step(108): len = 164572, overlap = 162.75
PHY-3002 : Step(109): len = 162981, overlap = 158.25
PHY-3002 : Step(110): len = 162862, overlap = 155.281
PHY-3002 : Step(111): len = 162040, overlap = 159.375
PHY-3002 : Step(112): len = 160839, overlap = 159.562
PHY-3002 : Step(113): len = 160779, overlap = 163.344
PHY-3002 : Step(114): len = 159287, overlap = 170.219
PHY-3002 : Step(115): len = 157661, overlap = 179.5
PHY-3002 : Step(116): len = 157560, overlap = 177.938
PHY-3002 : Step(117): len = 156074, overlap = 183.75
PHY-3002 : Step(118): len = 156306, overlap = 186.812
PHY-3002 : Step(119): len = 156344, overlap = 178.812
PHY-3001 : :::1::: Try harder cell spreading with beta_ = 5.34114e-06
PHY-3002 : Step(120): len = 154865, overlap = 180.219
PHY-3002 : Step(121): len = 155143, overlap = 180.594
PHY-3002 : Step(122): len = 155326, overlap = 179.281
PHY-3001 : :::2::: Try harder cell spreading with beta_ = 1.06823e-05
PHY-3002 : Step(123): len = 157952, overlap = 153.594
PHY-3002 : Step(124): len = 158398, overlap = 149.656
PHY-3002 : Step(125): len = 160012, overlap = 143.219
PHY-3002 : Step(126): len = 158365, overlap = 144.781
PHY-3002 : Step(127): len = 158391, overlap = 144.688
PHY-3001 : :::3::: Try harder cell spreading with beta_ = 2.13646e-05
PHY-3002 : Step(128): len = 160357, overlap = 144
PHY-3002 : Step(129): len = 160357, overlap = 144
PHY-3002 : Step(130): len = 159436, overlap = 144.406
PHY-3001 : :::4::: Try harder cell spreading with beta_ = 4.27291e-05
PHY-3002 : Step(131): len = 164907, overlap = 141.344
PHY-3002 : Step(132): len = 165588, overlap = 142.406
PHY-3002 : Step(133): len = 166037, overlap = 135.594
PHY-3001 : :::5::: Try harder cell spreading with beta_ = 8.54582e-05
PHY-3002 : Step(134): len = 165993, overlap = 122.344
PHY-3002 : Step(135): len = 166299, overlap = 117.406
PHY-3002 : Step(136): len = 166696, overlap = 97.0625
PHY-3001 : :::6::: Try harder cell spreading with beta_ = 0.000170916
PHY-3002 : Step(137): len = 167316, overlap = 92.2188
PHY-3002 : Step(138): len = 167437, overlap = 90.9375
PHY-3002 : Step(139): len = 166316, overlap = 88.375
PHY-3001 : :::7::: Try harder cell spreading with beta_ = 0.000341833
PHY-3002 : Step(140): len = 167184, overlap = 85.6562
PHY-3002 : Step(141): len = 167184, overlap = 85.6562
PHY-3002 : Step(142): len = 167132, overlap = 84.7812
PHY-3001 : :::8::: Try harder cell spreading with beta_ = 0.000683666
PHY-3002 : Step(143): len = 167865, overlap = 83.3438
PHY-3002 : Step(144): len = 168017, overlap = 83.5938
PHY-3001 : Run with size of 2
PHY-3001 : Cell area utilization is 20%
PHY-3001 : :::0::: Try harder cell spreading with beta_ = 1.4902e-05
PHY-3002 : Step(145): len = 166955, overlap = 238.281
PHY-3002 : Step(146): len = 167119, overlap = 238.312
PHY-3002 : Step(147): len = 166148, overlap = 221.219
PHY-3002 : Step(148): len = 166474, overlap = 212.156
PHY-3002 : Step(149): len = 167633, overlap = 196.781
PHY-3002 : Step(150): len = 168229, overlap = 193.531
PHY-3002 : Step(151): len = 167046, overlap = 188.938
PHY-3002 : Step(152): len = 166968, overlap = 187.938
PHY-3002 : Step(153): len = 165826, overlap = 185.062
PHY-3001 : :::1::: Try harder cell spreading with beta_ = 2.98041e-05
PHY-3002 : Step(154): len = 167803, overlap = 175.938
PHY-3002 : Step(155): len = 168580, overlap = 171.625
PHY-3002 : Step(156): len = 169906, overlap = 166.406
PHY-3001 : :::2::: Try harder cell spreading with beta_ = 5.96081e-05
PHY-3002 : Step(157): len = 172685, overlap = 164.656
PHY-3002 : Step(158): len = 173086, overlap = 161.5
PHY-3002 : Step(159): len = 173641, overlap = 154.438
PHY-3001 : :::3::: Try harder cell spreading with beta_ = 0.000119216
PHY-3002 : Step(160): len = 174708, overlap = 148.469
PHY-3002 : Step(161): len = 174821, overlap = 148.094
PHY-3002 : Step(162): len = 175229, overlap = 144.938
PHY-3001 : :::4::: Try harder cell spreading with beta_ = 0.000199675
PHY-3002 : Step(163): len = 176597, overlap = 133.156
PHY-3002 : Step(164): len = 177533, overlap = 121.469
PHY-3002 : Step(165): len = 179216, overlap = 118.875
PHY-3002 : Step(166): len = 179423, overlap = 115.031
PHY-3002 : Step(167): len = 179341, overlap = 117.406
PHY-3001 : :::5::: Try harder cell spreading with beta_ = 0.00039935
PHY-3002 : Step(168): len = 180238, overlap = 114.344
PHY-3002 : Step(169): len = 180445, overlap = 114.156
PHY-3002 : Step(170): len = 180644, overlap = 113.219
PHY-3001 : :::6::: Try harder cell spreading with beta_ = 0.0007528
PHY-3002 : Step(171): len = 181379, overlap = 114.75
PHY-3002 : Step(172): len = 182378, overlap = 114.281
PHY-3002 : Step(173): len = 183106, overlap = 114.25
PHY-3001 : :::7::: Try harder cell spreading with beta_ = 0.0015056
PHY-3002 : Step(174): len = 183423, overlap = 110.375
PHY-3002 : Step(175): len = 183753, overlap = 108.688
PHY-3001 : :::8::: Try harder cell spreading with beta_ = 0.00243606
PHY-3002 : Step(176): len = 183813, overlap = 109.188
PHY-3002 : Step(177): len = 184289, overlap = 115.344
PHY-3001 : :::9::: Try harder cell spreading with beta_ = 0.00394155
PHY-3002 : Step(178): len = 184546, overlap = 109.219
PHY-3002 : Step(179): len = 185129, overlap = 104.219
PHY-3001 : :::10::: Try harder cell spreading with beta_ = 0.00637742
PHY-3002 : Step(180): len = 185181, overlap = 101.969
PHY-3002 : Step(181): len = 185370, overlap = 105.812
PHY-3001 : :::11::: Try harder cell spreading with beta_ = 0.0103187
PHY-3002 : Step(182): len = 185615, overlap = 100.594
PHY-3002 : Step(183): len = 185760, overlap = 101.375
PHY-3001 : :::12::: Try harder cell spreading with beta_ = 0.0166956
PHY-3002 : Step(184): len = 185846, overlap = 99.75
PHY-3002 : Step(185): len = 185970, overlap = 105.562
PHY-3001 : :::13::: Try harder cell spreading with beta_ = 0.0270135
PHY-3002 : Step(186): len = 186092, overlap = 105.875
PHY-3002 : Step(187): len = 186237, overlap = 98.0312
OPT-1001 : Start physical optimization ...
OPT-1001 : Total overflow 320.53 peak overflow 5.88
OPT-1001 : Start high-fanout net optimization ...
OPT-1001 : Update timing in global mode
PHY-1001 : Start incremental global routing, caller is place ...
RUN-1001 : Generating global routing grids ...
RUN-1001 : Building simple global routing graph ...
PHY-1001 : Generate routing nets ...
PHY-1001 : Reuse net number 0/5775.
PHY-1001 : Global iterations in 16 thread ...
PHY-1002 : len = 211536, over cnt = 702(1%), over = 3564, worst = 36
PHY-1001 : End global iterations;  0.159545s wall, 0.156250s user + 0.109375s system = 0.265625s CPU (166.5%)

PHY-1001 : Congestion index: top1 = 67.61, top5 = 46.84, top10 = 37.41, top15 = 31.20.
PHY-1001 : End incremental global routing;  0.227078s wall, 0.218750s user + 0.125000s system = 0.343750s CPU (151.4%)

RUN-1002 : start command "start_timer -report"
TMR-5001 WARNING: No sdc constraints found while initiating timer.
TMR-2505 : Start building timing graph for model audio_speak.
TMR-2506 : Build timing graph completely. Port num: 50, tpin num: 18581, tnet num: 4717, tinst num: 3132, tnode num: 22381, tedge num: 32503.
TMR-2508 : Levelizing timing graph completed, there are 45 levels in total.
TMR-2501 : Timing graph initialized successfully.
OPT-1001 : End timing update;  0.321188s wall, 0.328125s user + 0.000000s system = 0.328125s CPU (102.2%)

OPT-1001 : 0 high-fanout net processed.
OPT-1001 : End high-fanout net optimization;  0.601336s wall, 0.593750s user + 0.125000s system = 0.718750s CPU (119.5%)

OPT-1001 : Current memory(MB): used = 258, reserve = 229, peak = 258.
OPT-1001 : End physical optimization;  0.636429s wall, 0.625000s user + 0.125000s system = 0.750000s CPU (117.8%)

PHY-3001 : Start packing ...
SYN-4007 : Packing 0 MUX to BLE ...
SYN-4008 : Packed 0 MUX and 0 SEQ to BLE.
SYN-4007 : Packing 1118 LUT to BLE ...
SYN-4008 : Packed 1118 LUT and 437 SEQ to BLE.
SYN-4003 : Packing 482 remaining SEQ's ...
SYN-4005 : Packed 213 SEQ with LUT/SLICE
SYN-4006 : 556 single LUT's are left
SYN-4006 : 269 single SEQ's are left
SYN-4011 : Packing model "audio_speak" (AL_USER_NORMAL) with 1387/2484 primitive instances ...
PHY-3001 : End packing;  0.069895s wall, 0.046875s user + 0.015625s system = 0.062500s CPU (89.4%)

PHY-1001 : Populate physical database on model audio_speak.
RUN-1001 : There are total 1820 instances
RUN-1001 : 861 mslices, 861 lslices, 51 pads, 0 brams, 29 dsps
RUN-1001 : There are total 5350 nets
RUN-1001 : 3356 nets have 2 pins
RUN-1001 : 1458 nets have [3 - 5] pins
RUN-1001 : 410 nets have [6 - 10] pins
RUN-1001 : 79 nets have [11 - 20] pins
RUN-1001 : 37 nets have [21 - 99] pins
RUN-1001 : 10 nets have 100+ pins
PHY-3001 : design contains 1818 instances, 1722 slices, 203 macros(999 instances: 648 mslices 351 lslices)
PHY-3001 : Cell area utilization is 22%
PHY-3001 : After packing: Len = 185821, Over = 121.75
PHY-3001 : Run with size of 2
PHY-3001 : Cell area utilization is 22%
PHY-3001 : :::0::: Try harder cell spreading with beta_ = 1.5844e-05
PHY-3002 : Step(188): len = 176451, overlap = 129.5
PHY-3002 : Step(189): len = 176226, overlap = 128.25
PHY-3002 : Step(190): len = 170900, overlap = 141.5
PHY-3002 : Step(191): len = 170594, overlap = 141
PHY-3002 : Step(192): len = 168071, overlap = 157
PHY-3002 : Step(193): len = 167217, overlap = 160
PHY-3002 : Step(194): len = 167199, overlap = 159.25
PHY-3001 : :::1::: Try harder cell spreading with beta_ = 3.1688e-05
PHY-3002 : Step(195): len = 171850, overlap = 144.5
PHY-3002 : Step(196): len = 172323, overlap = 142.5
PHY-3002 : Step(197): len = 174017, overlap = 138.75
PHY-3002 : Step(198): len = 174503, overlap = 138.75
PHY-3002 : Step(199): len = 175177, overlap = 131.75
PHY-3001 : :::2::: Try harder cell spreading with beta_ = 6.33761e-05
PHY-3002 : Step(200): len = 178854, overlap = 123
PHY-3002 : Step(201): len = 179665, overlap = 123
PHY-3002 : Step(202): len = 182345, overlap = 114.25
PHY-3002 : Step(203): len = 182930, overlap = 113.25
PHY-3002 : Step(204): len = 181105, overlap = 116
PHY-3001 : Legalization ...
PHY-3001 : End legalization;  0.211641s wall, 0.218750s user + 0.312500s system = 0.531250s CPU (251.0%)

PHY-3001 : Trial Legalized: Len = 215330
PHY-3001 : Run with size of 2
PHY-3001 : Cell area utilization is 21%
PHY-3001 : :::0::: Try harder cell spreading with beta_ = 0.000293367
PHY-3002 : Step(205): len = 202893, overlap = 21
PHY-3002 : Step(206): len = 201475, overlap = 29.5
PHY-3002 : Step(207): len = 199202, overlap = 35.25
PHY-3002 : Step(208): len = 198565, overlap = 35.5
PHY-3002 : Step(209): len = 198309, overlap = 38
PHY-3001 : :::1::: Try harder cell spreading with beta_ = 0.000586734
PHY-3002 : Step(210): len = 199357, overlap = 35.75
PHY-3002 : Step(211): len = 199722, overlap = 33.5
PHY-3002 : Step(212): len = 199797, overlap = 32.5
PHY-3001 : :::2::: Try harder cell spreading with beta_ = 0.00117347
PHY-3002 : Step(213): len = 200074, overlap = 32.75
PHY-3002 : Step(214): len = 200199, overlap = 31.75
PHY-3001 : Legalization ...
PHY-3001 : End legalization;  0.004042s wall, 0.000000s user + 0.000000s system = 0.000000s CPU (n/a%)

PHY-3001 : Legalized: Len = 206671, Over = 0
PHY-3001 : Spreading special nets. 3 overflows in 2952 tiles.
PHY-3001 : End spreading;  0.009726s wall, 0.015625s user + 0.000000s system = 0.015625s CPU (160.6%)

PHY-3001 : 3 instances has been re-located, deltaX = 4, deltaY = 0, maxDist = 2.
PHY-3001 : Final: Len = 206785, Over = 0
OPT-1001 : Start physical optimization ...
OPT-1001 : Total overflow 0.00 peak overflow 0.00
OPT-1001 : Start high-fanout net optimization ...
OPT-1001 : Update timing in global mode
PHY-1001 : Start incremental global routing, caller is place ...
RUN-1001 : Generating global routing grids ...
PHY-1001 : Generate routing nets ...
PHY-1001 : Reuse net number 195/5350.
PHY-1001 : Global iterations in 16 thread ...
PHY-1002 : len = 238088, over cnt = 585(1%), over = 1228, worst = 8
PHY-1002 : len = 242832, over cnt = 329(0%), over = 610, worst = 8
PHY-1002 : len = 246520, over cnt = 113(0%), over = 190, worst = 7
PHY-1002 : len = 248832, over cnt = 2(0%), over = 2, worst = 1
PHY-1002 : len = 248944, over cnt = 0(0%), over = 0, worst = 0
PHY-1001 : End global iterations;  0.341094s wall, 0.328125s user + 0.140625s system = 0.468750s CPU (137.4%)

PHY-1001 : Congestion index: top1 = 51.40, top5 = 39.77, top10 = 33.57, top15 = 29.46.
PHY-1001 : End incremental global routing;  0.426694s wall, 0.421875s user + 0.140625s system = 0.562500s CPU (131.8%)

RUN-1002 : start command "start_timer -report"
TMR-5001 WARNING: No sdc constraints found while initiating timer.
TMR-2505 : Start building timing graph for model audio_speak.
TMR-2506 : Build timing graph completely. Port num: 50, tpin num: 16788, tnet num: 4292, tinst num: 1818, tnode num: 19657, tedge num: 30218.
TMR-2508 : Levelizing timing graph completed, there are 43 levels in total.
TMR-2501 : Timing graph initialized successfully.
OPT-1001 : End timing update;  0.331539s wall, 0.328125s user + 0.000000s system = 0.328125s CPU (99.0%)

OPT-1001 : 0 high-fanout net processed.
OPT-1001 : End high-fanout net optimization;  0.811441s wall, 0.796875s user + 0.140625s system = 0.937500s CPU (115.5%)

OPT-1001 : Current memory(MB): used = 269, reserve = 240, peak = 269.
OPT-1001 : Update timing in Manhattan mode
OPT-1001 : End timing update;  0.005721s wall, 0.015625s user + 0.000000s system = 0.015625s CPU (273.1%)

OPT-1001 : Start pin optimization...
OPT-1001 : skip pin optimization...
RUN-1001 : Generating global routing grids ...
PHY-1001 : Generate routing nets ...
PHY-1001 : Reuse net number 3716/5350.
PHY-1001 : Global iterations in 16 thread ...
PHY-1002 : len = 248944, over cnt = 0(0%), over = 0, worst = 0
PHY-1001 : End global iterations;  0.010425s wall, 0.000000s user + 0.000000s system = 0.000000s CPU (n/a%)

PHY-1001 : Congestion index: top1 = 51.40, top5 = 39.77, top10 = 33.57, top15 = 29.46.
OPT-1001 : Update timing in Manhattan mode
OPT-1001 : End timing update;  0.006370s wall, 0.015625s user + 0.000000s system = 0.015625s CPU (245.3%)

RUN-1001 : QoR Analysis:
OPT-0007 :   WNS 2147483647 TNS 0 NUM_FEPS 0
RUN-1001 :   No local congestion issue, and most congested 1% tile average routing util is 50.931034
RUN-1001 :   Top critical paths
OPT-1001 : End physical optimization;  0.938650s wall, 0.921875s user + 0.140625s system = 1.062500s CPU (113.2%)

RUN-1003 : finish command "place" in  7.584712s wall, 12.718750s user + 11.781250s system = 24.500000s CPU (323.0%)

RUN-1004 : used memory is 235 MB, reserved memory is 206 MB, peak memory is 272 MB
RUN-1002 : start command "export_db ES8388_place.db"
RUN-1001 : Exported /
RUN-1001 : Exported flow parameters
RUN-1001 : Exported libs
RUN-1001 : Exported entities
RUN-1001 : Exported ports
RUN-1001 : Exported pins
RUN-1001 : Exported instances
RUN-1001 : Exported nets
RUN-1001 : Exported buses
RUN-1001 : Exported models
RUN-1001 : Exported congestions
RUN-1001 : Exported violations
RUN-1001 : Exported IO constraints
RUN-1001 : Exported Inst constraints
RUN-1002 : start command "route"
RUN-1001 : Open license file E:/Software/Anlogic/TD5.6.2/license/Anlogic.lic
RUN-1001 : Print Global Property
RUN-1001 : ---------------------------------------------------------------
RUN-1001 :        Parameters        |  Settings  |  Default Values  |  Note  
RUN-1001 : ---------------------------------------------------------------
RUN-1001 :          message         |  standard  |     standard     |        
RUN-1001 :   mixed_pack_place_flow  |     on     |        on        |        
RUN-1001 :        qor_monitor       |    off     |       off        |        
RUN-1001 :        syn_ip_flow       |    off     |       off        |        
RUN-1001 :          thread          |    auto    |       auto       |        
RUN-1001 : ---------------------------------------------------------------
RUN-1001 : Print Route Property
RUN-1001 : -------------------------------------------------------
RUN-1001 :    Parameters    |  Settings  |  Default Values  |  Note  
RUN-1001 : -------------------------------------------------------
RUN-1001 :      effort      |   medium   |      medium      |        
RUN-1001 :     fix_hold     |    off     |       off        |        
RUN-1001 :    opt_timing    |   medium   |      medium      |        
RUN-1001 :   phy_sim_model  |    off     |       off        |        
RUN-1001 :     priority     |   timing   |      timing      |        
RUN-1001 :     swap_pin     |     on     |        on        |        
RUN-1001 : -------------------------------------------------------
PHY-1001 : Route runs in 16 thread(s)
RUN-1001 : There are total 1820 instances
RUN-1001 : 861 mslices, 861 lslices, 51 pads, 0 brams, 29 dsps
RUN-1001 : There are total 5350 nets
RUN-1001 : 3356 nets have 2 pins
RUN-1001 : 1458 nets have [3 - 5] pins
RUN-1001 : 410 nets have [6 - 10] pins
RUN-1001 : 79 nets have [11 - 20] pins
RUN-1001 : 37 nets have [21 - 99] pins
RUN-1001 : 10 nets have 100+ pins
RUN-1002 : start command "start_timer -report"
TMR-5001 WARNING: No sdc constraints found while initiating timer.
TMR-2505 : Start building timing graph for model audio_speak.
TMR-2506 : Build timing graph completely. Port num: 50, tpin num: 16788, tnet num: 4292, tinst num: 1818, tnode num: 19657, tedge num: 30218.
TMR-2508 : Levelizing timing graph completed, there are 43 levels in total.
TMR-2501 : Timing graph initialized successfully.
PHY-1001 : 861 mslices, 861 lslices, 51 pads, 0 brams, 29 dsps
TMR-2503 : Start to update net delay, extr mode = 3.
TMR-2504 : Update delay of 4292 nets completely.
TMR-2502 : Annotate delay completely, extr mode = 3.
TMR-3002 : No user constraint, initiate default constraint.
TMR-1501 : Assign derive clock DeriveClock to 1286 clock pins, and constraint 2861 relative nodes.
TMR-3003 : Constraints initiated successfully.
TMR-3501 : Forward propagation: start to calculate arrival time...
TMR-3502 : Backward propagation: start to calculate required time...
TMR-3503 : Timing propagation completes.
PHY-1001 : Start global routing, caller is route ...
RUN-1001 : Generating global routing grids ...
PHY-1001 : Generate routing nets ...
PHY-1001 : Global iterations in 16 thread ...
PHY-1002 : len = 236728, over cnt = 586(1%), over = 1187, worst = 8
PHY-1002 : len = 242584, over cnt = 352(1%), over = 534, worst = 8
PHY-1002 : len = 246480, over cnt = 85(0%), over = 121, worst = 6
PHY-1002 : len = 247912, over cnt = 9(0%), over = 9, worst = 1
PHY-1002 : len = 248168, over cnt = 0(0%), over = 0, worst = 0
PHY-1001 : End global iterations;  0.360454s wall, 0.296875s user + 0.140625s system = 0.437500s CPU (121.4%)

PHY-1001 : Congestion index: top1 = 50.52, top5 = 39.83, top10 = 33.37, top15 = 29.26.
PHY-1001 : End global routing;  0.443376s wall, 0.359375s user + 0.156250s system = 0.515625s CPU (116.3%)

PHY-1001 : Start detail routing ...
PHY-1001 : Current memory(MB): used = 324, reserve = 296, peak = 324.
PHY-1001 : Detailed router is running in normal mode.
PHY-1001 : Generate detailed routing grids ...
PHY-1001 : Processed IO instance aud_dacdat_syn_4 with INV attribute.
PHY-1001 : Processed IO instance aud_dacdat_1_syn_4 with INV attribute.
PHY-1001 : Processed IO instance aud_dacdat_2_syn_4 with INV attribute.
PHY-1001 : Processed IO instance aud_dacdat_3_syn_4 with INV attribute.
PHY-1001 : Generate nets ...
PHY-1001 : clock net aud_bclk_syn_4 will be merged with clock aud_bclk_dup_1
PHY-1001 : clock net aud_bclk_1_syn_4 will be merged with clock aud_bclk_1_dup_1
PHY-1001 : clock net aud_bclk_2_syn_4 will be merged with clock aud_bclk_2_dup_1
PHY-1001 : clock net aud_bclk_3_syn_4 will be merged with clock aud_bclk_3_dup_1
PHY-1001 : net aud_mclk_dup_1 will be routed on clock mesh
PHY-1001 : net aud_mclk_1_dup_1 will be routed on clock mesh
PHY-1001 : net aud_mclk_2_dup_1 will be routed on clock mesh
PHY-1001 : net aud_mclk_3_dup_1 will be routed on clock mesh
PHY-1001 : clock net ilaclk_dup_1 will be merged with clock u_pll_clk/clk0_buf
PHY-1001 : clock net ilaclk_1_dup_1 will be merged with clock u1_pll_clk/clk0_buf
PHY-1001 : clock net ilaclk_2_dup_1 will be merged with clock u2_pll_clk/clk0_buf
PHY-1001 : clock net ilaclk_3_dup_1 will be merged with clock u3_pll_clk/clk0_buf
PHY-1001 : net sys_clk_dup_1 will be routed on clock mesh
PHY-1001 : clock net u1_es8388_ctrl/u_es8388_config/u_i2c_dri/dri_clk_syn_4 will be merged with clock u1_es8388_ctrl/u_es8388_config/u_i2c_dri/dri_clk
PHY-1001 : clock net u2_es8388_ctrl/u_es8388_config/u_i2c_dri/dri_clk_syn_4 will be merged with clock u2_es8388_ctrl/u_es8388_config/u_i2c_dri/dri_clk
PHY-1001 : clock net u3_es8388_ctrl/u_es8388_config/u_i2c_dri/dri_clk_syn_4 will be merged with clock u3_es8388_ctrl/u_es8388_config/u_i2c_dri/dri_clk
PHY-1001 : Current memory(MB): used = 576, reserve = 552, peak = 576.
PHY-1001 : End build detailed router design. 2.185059s wall, 2.171875s user + 0.000000s system = 2.171875s CPU (99.4%)

PHY-1001 : Detail Route ...
PHY-1001 : ===== Detail Route Phase 1 =====
PHY-1001 : Clock net routing.....
PHY-1001 : Routed 0% nets.
PHY-1022 : len = 56336, over cnt = 0(0%), over = 0, worst = 0, crit = 0
PHY-1001 : End initial clock net routed; 3.845055s wall, 3.812500s user + 0.000000s system = 3.812500s CPU (99.2%)

PHY-1001 : Current memory(MB): used = 609, reserve = 586, peak = 609.
PHY-1001 : End phase 1; 3.847853s wall, 3.812500s user + 0.000000s system = 3.812500s CPU (99.1%)

PHY-1001 : ===== Detail Route Phase 2 =====
PHY-1001 : Initial routing.....
PHY-1001 : Routed 26% nets.
PHY-1001 : Routed 32% nets.
PHY-1001 : Routed 39% nets.
PHY-1001 : Routed 50% nets.
PHY-1001 : Routed 67% nets.
PHY-1022 : len = 629800, over cnt = 161(0%), over = 161, worst = 1, crit = 0
PHY-1001 : Current memory(MB): used = 611, reserve = 588, peak = 611.
PHY-1001 : End initial routed; 5.196237s wall, 5.265625s user + 2.187500s system = 7.453125s CPU (143.4%)

PHY-1001 : Current memory(MB): used = 611, reserve = 588, peak = 611.
PHY-1001 : End phase 2; 5.196335s wall, 5.265625s user + 2.187500s system = 7.453125s CPU (143.4%)

PHY-1001 : ===== Detail Route Phase 3 =====
PHY-1001 : Ripup-reroute.....
PHY-1001 : ===== DR Iter 1 =====
PHY-1022 : len = 626984, over cnt = 57(0%), over = 57, worst = 1, crit = 0
PHY-1001 : End DR Iter 1; 0.113010s wall, 0.109375s user + 0.078125s system = 0.187500s CPU (165.9%)

PHY-1001 : ===== DR Iter 2 =====
PHY-1022 : len = 626896, over cnt = 5(0%), over = 5, worst = 1, crit = 0
PHY-1001 : End DR Iter 2; 0.048906s wall, 0.046875s user + 0.000000s system = 0.046875s CPU (95.8%)

PHY-1001 : ===== DR Iter 3 =====
PHY-1022 : len = 626992, over cnt = 0(0%), over = 0, worst = 0, crit = 0
PHY-1001 : End DR Iter 3; 0.032898s wall, 0.031250s user + 0.000000s system = 0.031250s CPU (95.0%)

PHY-1001 : Commit to database.....
PHY-1001 : 26 feed throughs used by 24 nets
PHY-1001 : End commit to database; 0.323116s wall, 0.328125s user + 0.000000s system = 0.328125s CPU (101.6%)

PHY-1001 : Current memory(MB): used = 641, reserve = 618, peak = 641.
PHY-1001 : End phase 3; 0.620308s wall, 0.609375s user + 0.078125s system = 0.687500s CPU (110.8%)

PHY-1003 : Routed, final wirelength = 626992
PHY-1001 : Current memory(MB): used = 642, reserve = 619, peak = 642.
PHY-1001 : End export database. 0.012471s wall, 0.000000s user + 0.000000s system = 0.000000s CPU (n/a%)

PHY-1001 : End detail routing;  12.031538s wall, 12.062500s user + 2.265625s system = 14.328125s CPU (119.1%)

RUN-1003 : finish command "route" in  12.990021s wall, 12.906250s user + 2.437500s system = 15.343750s CPU (118.1%)

RUN-1004 : used memory is 551 MB, reserved memory is 532 MB, peak memory is 642 MB
RUN-1002 : start command "report_area -io_info -file ES8388_phy.area"
RUN-1001 : standard
***Report Model: audio_speak Device: EG4S20BG256***

IO Statistics
#IO                        51
  #input                   19
  #output                  28
  #inout                    4

Utilization Statistics
#lut                     3116   out of  19600   15.90%
#reg                      941   out of  19600    4.80%
#le                      3385
  #lut only              2444   out of   3385   72.20%
  #reg only               269   out of   3385    7.95%
  #lut&reg                672   out of   3385   19.85%
#dsp                       29   out of     29  100.00%
#bram                       0   out of     64    0.00%
  #bram9k                   0
  #fifo9k                   0
#bram32k                    0   out of     16    0.00%
#pad                       51   out of    188   27.13%
  #ireg                     8
  #oreg                    20
  #treg                     4
#pll                        4   out of      4  100.00%
#gclk                      11   out of     16   68.75%

Clock Resource Statistics
Index     ClockNet                                            Type               DriverType         Driver                                                           Fanout
#1        sys_clk_dup_1                                       GCLK               io                 sys_clk_syn_2.di                                                 356
#2        aud_bclk_1_dup_1                                    GCLK               io                 aud_bclk_1_syn_2.di                                              45
#3        aud_bclk_dup_1                                      GCLK               io                 aud_bclk_syn_2.di                                                45
#4        aud_bclk_2_dup_1                                    GCLK               io                 aud_bclk_2_syn_2.di                                              44
#5        aud_bclk_3_dup_1                                    GCLK               io                 aud_bclk_3_syn_2.di                                              44
#6        u1_es8388_ctrl/u_es8388_config/u_i2c_dri/dri_clk    GCLK               lslice             u1_es8388_ctrl/u_es8388_config/u_i2c_dri/dri_clk_reg_syn_9.q0    41
#7        u2_es8388_ctrl/u_es8388_config/u_i2c_dri/dri_clk    GCLK               lslice             u2_es8388_ctrl/u_es8388_config/u_i2c_dri/dri_clk_reg_syn_9.q1    41
#8        u3_es8388_ctrl/u_es8388_config/u_i2c_dri/dri_clk    GCLK               lslice             u3_es8388_ctrl/u_es8388_config/u_i2c_dri/dri_clk_reg_syn_9.q0    39
#9        aud_mclk_1_dup_1                                    GCLK               pll                u1_pll_clk/pll_inst.clkc1                                        0
#10       aud_mclk_2_dup_1                                    GCLK               pll                u2_pll_clk/pll_inst.clkc1                                        0
#11       aud_mclk_3_dup_1                                    GCLK               pll                u3_pll_clk/pll_inst.clkc1                                        0
#12       aud_mclk_dup_1                                      GCLK               pll                u_pll_clk/pll_inst.clkc1                                         0
#13       u1_pll_clk/clk0_buf                                 GCLK               pll                u1_pll_clk/pll_inst.clkc0                                        0
#14       u2_pll_clk/clk0_buf                                 GCLK               pll                u2_pll_clk/pll_inst.clkc0                                        0
#15       u3_pll_clk/clk0_buf                                 GCLK               pll                u3_pll_clk/pll_inst.clkc0                                        0
#16       u_pll_clk/clk0_buf                                  GCLK               pll                u_pll_clk/pll_inst.clkc0                                         0


Detailed IO Report

      Name        Direction    Location    IOStandard    DriveStrength    PullType     PackReg   
   aud_adcdat       INPUT        R14        LVCMOS25          N/A          PULLUP       IREG     
  aud_adcdat_1      INPUT        G16        LVCMOS25          N/A          PULLUP       IREG     
  aud_adcdat_2      INPUT         E7        LVCMOS25          N/A          PULLUP       IREG     
  aud_adcdat_3      INPUT         L4        LVCMOS25          N/A          PULLUP       IREG     
    aud_bclk        INPUT         M6        LVCMOS25          N/A          PULLUP       NONE     
   aud_bclk_1       INPUT        G14        LVCMOS25          N/A          PULLUP       NONE     
   aud_bclk_2       INPUT         D5        LVCMOS25          N/A          PULLUP       NONE     
   aud_bclk_3       INPUT         H5        LVCMOS25          N/A          PULLUP       NONE     
    aud_lrc         INPUT         M7        LVCMOS25          N/A          PULLUP       IREG     
   aud_lrc_1        INPUT        H16        LVCMOS25          N/A          PULLUP       IREG     
   aud_lrc_2        INPUT         C6        LVCMOS25          N/A          PULLUP       IREG     
   aud_lrc_3        INPUT         K6        LVCMOS25          N/A          PULLUP       IREG     
    sys_clk         INPUT         R7        LVCMOS25          N/A          PULLUP       NONE     
   sys_rst_n        INPUT         E3        LVCMOS25          N/A          PULLUP       NONE     
  sys_rst_n_1       INPUT         F2        LVCMOS25          N/A           N/A         NONE     
  sys_rst_n_2       INPUT         T6        LVCMOS25          N/A           N/A         NONE     
  sys_rst_n_3       INPUT         F7        LVCMOS25          N/A           N/A         NONE     
   volume[1]        INPUT        B10        LVCMOS25          N/A          PULLUP       NONE     
   volume[0]        INPUT        A10        LVCMOS25          N/A          PULLUP       NONE     
   aud_dacdat      OUTPUT         P6        LVCMOS25           8            NONE        OREG     
  aud_dacdat_1     OUTPUT        H14        LVCMOS25           8            NONE        OREG     
  aud_dacdat_2     OUTPUT         E6        LVCMOS25           8            NONE        OREG     
  aud_dacdat_3     OUTPUT         K3        LVCMOS25           8            NONE        OREG     
    aud_mclk       OUTPUT         N5        LVCMOS25           8            NONE        NONE     
   aud_mclk_1      OUTPUT        F14        LVCMOS25           8            NONE        NONE     
   aud_mclk_2      OUTPUT         F6        LVCMOS25           8            NONE        NONE     
   aud_mclk_3      OUTPUT         H4        LVCMOS25           8            NONE        NONE     
    aud_scl        OUTPUT        R12        LVCMOS25           8            NONE        OREG     
   aud_scl_1       OUTPUT        D14        LVCMOS25           8            NONE        OREG     
   aud_scl_2       OUTPUT         A2        LVCMOS25           8            NONE        OREG     
   aud_scl_3       OUTPUT         G3        LVCMOS25           8            NONE        OREG     
     ilaclk        OUTPUT         M9        LVCMOS25           8            NONE        NONE     
    ilaclk_1       OUTPUT        L16        LVCMOS25           8            NONE        NONE     
    ilaclk_2       OUTPUT         D3        LVCMOS25           8            NONE        NONE     
    ilaclk_3       OUTPUT        K15        LVCMOS25           8            NONE        NONE     
      led          OUTPUT        F12        LVCMOS25           8            N/A         NONE     
     led_1         OUTPUT         E4        LVCMOS25           8            N/A         NONE     
     led_2         OUTPUT         J6        LVCMOS25           8            N/A         NONE     
     led_3         OUTPUT        J16        LVCMOS25           8            N/A         NONE     
   led_eight       OUTPUT        B14        LVCMOS25           8            NONE        OREG     
    led_five       OUTPUT        E16        LVCMOS25           8            NONE        OREG     
    led_four       OUTPUT        B15        LVCMOS25           8            NONE        OREG     
    led_one        OUTPUT        F16        LVCMOS25           8            NONE        OREG     
   led_seven       OUTPUT        B16        LVCMOS25           8            NONE        OREG     
    led_six        OUTPUT        C16        LVCMOS25           8            NONE        OREG     
    led_tree       OUTPUT        C15        LVCMOS25           8            NONE        OREG     
    led_two        OUTPUT        E13        LVCMOS25           8            NONE        OREG     
    aud_sda         INOUT         R9        LVCMOS25           8           PULLUP     OREG;TREG  
   aud_sda_1        INOUT        E15        LVCMOS25           8           PULLUP     OREG;TREG  
   aud_sda_2        INOUT         C3        LVCMOS25           8           PULLUP     OREG;TREG  
   aud_sda_3        INOUT         F3        LVCMOS25           8           PULLUP     OREG;TREG  

Report Hierarchy Area:
+--------------------------------------------------------------------------------------------------------+
|Instance                   |Module                 |le     |lut     |ripple  |seq     |bram    |dsp     |
+--------------------------------------------------------------------------------------------------------+
|top                        |audio_speak            |3385   |2405    |711     |973     |0       |29      |
|  u1_es8388_ctrl           |es8388_ctrl            |279    |218     |27      |141     |0       |0       |
|    u_audio_receive        |audio_receive          |92     |57      |12      |53      |0       |0       |
|    u_audio_send           |audio_send             |22     |13      |0       |20      |0       |0       |
|    u_es8388_config        |es8388_config          |165    |148     |15      |68      |0       |0       |
|      u_i2c_dri            |i2c_dri                |110    |101     |7       |41      |0       |0       |
|      u_i2c_reg_cfg        |i2c_reg_cfg            |55     |47      |8       |27      |0       |0       |
|  u1_pll_clk               |clk_wiz_0              |1      |1       |0       |0       |0       |0       |
|  u2_es8388_ctrl           |es8388_ctrl            |281    |229     |27      |143     |0       |0       |
|    u_audio_receive        |audio_receive          |85     |51      |12      |53      |0       |0       |
|    u_audio_send           |audio_send             |22     |22      |0       |22      |0       |0       |
|    u_es8388_config        |es8388_config          |174    |156     |15      |68      |0       |0       |
|      u_i2c_dri            |i2c_dri                |118    |109     |7       |41      |0       |0       |
|      u_i2c_reg_cfg        |i2c_reg_cfg            |56     |47      |8       |27      |0       |0       |
|  u2_pll_clk               |clk_wiz_0              |1      |1       |0       |0       |0       |0       |
|  u3_es8388_ctrl           |es8388_ctrl            |275    |223     |29      |143     |0       |0       |
|    u_audio_receive        |audio_receive          |85     |52      |12      |53      |0       |0       |
|    u_audio_send           |audio_send             |22     |20      |0       |22      |0       |0       |
|    u_es8388_config        |es8388_config          |168    |151     |17      |68      |0       |0       |
|      u_i2c_dri            |i2c_dri                |107    |100     |7       |41      |0       |0       |
|      u_i2c_reg_cfg        |i2c_reg_cfg            |61     |51      |10      |27      |0       |0       |
|  u3_pll_clk               |clk_wiz_0              |1      |1       |0       |0       |0       |0       |
|  u_es8388_ctrl            |es8388_ctrl            |340    |260     |57      |149     |0       |0       |
|    u_audio_receive        |audio_receive          |85     |59      |12      |53      |0       |0       |
|    u_audio_send           |audio_send             |79     |42      |28      |28      |0       |0       |
|    u_es8388_config        |es8388_config          |176    |159     |17      |68      |0       |0       |
|      u_i2c_dri            |i2c_dri                |115    |108     |7       |41      |0       |0       |
|      u_i2c_reg_cfg        |i2c_reg_cfg            |61     |51      |10      |27      |0       |0       |
|  u_pll_clk                |clk_wiz_0              |2      |2       |0       |1       |0       |0       |
|  u_spar_4mic_localization |spar_4mic_localization |2157   |1454    |559     |336     |0       |29      |
+--------------------------------------------------------------------------------------------------------+


DataNet Average Fanout:

   Index     Fanout     Nets  
    #1          1       3301  
    #2          2       1024  
    #3          3       378   
    #4          4        52   
    #5        5-10      415   
    #6        11-50      99   
    #7       51-100      4    
    #8       101-500     7    
  Average     2.55            

RUN-1002 : start command "export_db ES8388_pr.db"
RUN-1001 : Exported /
RUN-1001 : Exported flow parameters
RUN-1001 : Exported libs
RUN-1001 : Exported entities
RUN-1001 : Exported ports
RUN-1001 : Exported pins
RUN-1001 : Exported instances
RUN-1001 : Exported nets
RUN-1001 : Exported buses
RUN-1001 : Exported models
RUN-1001 : Exported congestions
RUN-1001 : Exported violations
RUN-1001 : Exported IO constraints
RUN-1001 : Exported Inst constraints
RUN-1002 : start command "export_bid ES8388_inst.bid"
RUN-1002 : start command "bitgen -bit ES8388.bit -unused_io_status pulldown"
BIT-1003 : Start to generate bitstream. 
BIT-1002 : Bitgen processed 137 unused pads, reserve input tri_state with pulldown
BIT-1002 : Init instances with 16 threads.
BIT-1002 : Init instances completely, inst num: 1955
BIT-1002 : Init pips with 16 threads.
BIT-1002 : Init pips completely, net num: 5350, pip num: 41514
BIT-1002 : Init feedthrough with 16 threads.
BIT-1002 : Init feedthrough completely, num: 26
BIT-1003 : Multithreading accelaration with 16 threads.
BIT-1003 : Generate bitstream completely, there are 2612 valid insts, and 111605 bits set as '1'.
BIT-1004 : PLL setting string = 1111
BIT-1004 : Generate bits file ES8388.bit.
RUN-1003 : finish command "bitgen -bit ES8388.bit -unused_io_status pulldown" in  2.596963s wall, 28.218750s user + 1.109375s system = 29.328125s CPU (1129.3%)

RUN-1004 : used memory is 561 MB, reserved memory is 536 MB, peak memory is 757 MB
RUN-1002 : start command "backup_run_log run.log ../.logs/phy_1/td_20251026_110540.log"
