============================================================
   Tang Dynasty, V5.6.71036
      Copyright (c) 2012-2023 Anlogic Inc.
   Executable = E:/Software/Anlogic/TD5.6.2/bin/td.exe
   Built at =   20:34:38 Mar 21 2023
   Run by =     Lviva
   Run Date =   Thu Oct 23 16:00:09 2025

   Run on =     VIVACIOUS
============================================================
RUN-1002 : start command "open_project ES8388.prj"
RUN-1001 : Print Global Property
RUN-1001 : ---------------------------------------------------------------
RUN-1001 :        Parameters        |  Settings  |  Default Values  |  Note  
RUN-1001 : ---------------------------------------------------------------
RUN-1001 :          message         |  standard  |     standard     |        
RUN-1001 :   mixed_pack_place_flow  |     on     |        on        |        
RUN-1001 :        qor_monitor       |    off     |       off        |        
RUN-1001 :        syn_ip_flow       |    off     |       off        |        
RUN-1001 :          thread          |    auto    |       auto       |        
RUN-1001 : ---------------------------------------------------------------
RUN-1001 : Print Design Property
RUN-1001 : --------------------------------------------------------------
RUN-1001 :        Parameters       |  Settings  |  Default Values  |  Note  
RUN-1001 : --------------------------------------------------------------
RUN-1001 :   default_reg_initial   |    auto    |       auto       |        
RUN-1001 :        infer_add        |     on     |        on        |        
RUN-1001 :        infer_fsm        |    off     |       off        |        
RUN-1001 :        infer_mult       |     on     |        on        |        
RUN-1001 :        infer_ram        |     on     |        on        |        
RUN-1001 :        infer_reg        |     on     |        on        |        
RUN-1001 :   infer_reg_init_value  |     on     |        on        |        
RUN-1001 :        infer_rom        |     on     |        on        |        
RUN-1001 :      infer_shifter      |     on     |        on        |        
RUN-1001 : --------------------------------------------------------------
RUN-1001 : Print Rtl Property
RUN-1001 : --------------------------------------------------------------
RUN-1001 :        Parameters       |  Settings  |  Default Values  |  Note  
RUN-1001 : --------------------------------------------------------------
RUN-1001 :       compress_add      |   ripple   |      ripple      |        
RUN-1001 :        elf_sload        |    off     |       off        |        
RUN-1001 :       fix_undriven      |     0      |        0         |        
RUN-1001 :         flatten         |    off     |       off        |        
RUN-1001 :       gate_sharing      |     on     |        on        |        
RUN-1001 :    hdl_warning_level    |   normal   |      normal      |        
RUN-1001 :   impl_internal_tribuf  |     on     |        on        |        
RUN-1001 :      impl_set_reset     |     on     |        on        |        
RUN-1001 :        infer_gsr        |    off     |       off        |        
RUN-1001 :      keep_hierarchy     |    auto    |       auto       |        
RUN-1001 :        max_fanout       |    9999    |       9999       |        
RUN-1001 :      max_oh2bin_len     |     10     |        10        |        
RUN-1001 :       merge_equal       |     on     |        on        |        
RUN-1001 :       merge_equiv       |     on     |        on        |        
RUN-1001 :        merge_mux        |    off     |       off        |        
RUN-1001 :     min_control_set     |     8      |        8         |        
RUN-1001 :      min_ripple_len     |    auto    |       auto       |        
RUN-1001 :       oh2bin_ratio      |    0.08    |       0.08       |        
RUN-1001 :     opt_adder_fanout    |     on     |        on        |        
RUN-1001 :        opt_arith        |     on     |        on        |        
RUN-1001 :       opt_big_gate      |    off     |       off        |        
RUN-1001 :        opt_const        |     on     |        on        |        
RUN-1001 :      opt_const_mult     |     on     |        on        |        
RUN-1001 :       opt_lessthan      |     on     |        on        |        
RUN-1001 :         opt_mux         |    off     |       off        |        
RUN-1001 :         opt_ram         |    high    |       high       |        
RUN-1001 :      rtl_sim_model      |    off     |       off        |        
RUN-1001 :         seq_syn         |     on     |        on        |        
RUN-1001 : --------------------------------------------------------------
HDL-1007 : analyze verilog file ../../al_ip/clk_wiz_0.v
HDL-1007 : undeclared symbol 'open', assumed default net type 'wire' in ../../al_ip/clk_wiz_0.v(80)
HDL-1007 : analyze verilog file ../../../RTL/audio_receive.v
HDL-1007 : analyze verilog file ../../../RTL/audio_send.v
HDL-1007 : analyze verilog file ../../../RTL/audio_speak.v
HDL-1007 : analyze verilog file ../../../RTL/es8388_config.v
HDL-1007 : analyze verilog file ../../../RTL/es8388_ctrl.v
HDL-1007 : analyze verilog file ../../../RTL/i2c_dri.v
HDL-1007 : analyze verilog file ../../../RTL/i2c_reg_cfg.v
RUN-1001 : Project manager successfully analyzed 8 source files.
RUN-1002 : start command "import_device eagle_s20.db -package EG4S20BG256"
ARC-1001 : Device Initialization.
ARC-1001 : ------------------------------------------------------------------
ARC-1001 :            OPTION            |          IO          |   SETTING   
ARC-1001 : ------------------------------------------------------------------
ARC-1001 :   cso_b/cclk/mosi/miso/dout  |  T3/R11/T10/P10/S11  |    gpio    
ARC-1001 :             done             |         P13          |    gpio    
ARC-1001 :           program_b          |          T2          |  dedicate  
ARC-1001 :        tdi/tms/tck/tdo       |   C12/A15/C14/E14    |  dedicate  
ARC-1001 : ------------------------------------------------------------------
ARC-1004 : Device setting, marked 5 dedicate IOs in total.
RUN-1002 : start command "import_db ../syn_1/ES8388_gate.db"
RUN-1001 : Importing database generated by Tang Dynasty, V5.6.71036.
RUN-1001 : Database version number 46146.
RUN-1001 : Import flow parameters
RUN-1001 : Import IO constraints
RUN-1001 : Import Inst constraints
RUN-1001 : Import design success TD_VERSION=5.6.71036 , DB_VERSION=46146
RUN-1002 : start command "place"
RUN-1001 : Open license file E:/Software/Anlogic/TD5.6.2/license/Anlogic.lic
RUN-1001 : Print Global Property
RUN-1001 : ---------------------------------------------------------------
RUN-1001 :        Parameters        |  Settings  |  Default Values  |  Note  
RUN-1001 : ---------------------------------------------------------------
RUN-1001 :          message         |  standard  |     standard     |        
RUN-1001 :   mixed_pack_place_flow  |     on     |        on        |        
RUN-1001 :        qor_monitor       |    off     |       off        |        
RUN-1001 :        syn_ip_flow       |    off     |       off        |        
RUN-1001 :          thread          |    auto    |       auto       |        
RUN-1001 : ---------------------------------------------------------------
RUN-1001 : Print Place Property
RUN-1001 : --------------------------------------------------------------
RUN-1001 :        Parameters       |  Settings  |  Default Values  |  Note  
RUN-1001 : --------------------------------------------------------------
RUN-1001 :      detailed_place     |     on     |        on        |        
RUN-1001 :          effort         |   medium   |      medium      |        
RUN-1001 :         fix_hold        |    off     |       off        |        
RUN-1001 :       legalization      |    ori     |       ori        |        
RUN-1001 :      new_spreading      |     on     |        on        |        
RUN-1001 :        opt_timing       |   medium   |      medium      |        
RUN-1001 :   post_clock_route_opt  |    off     |       off        |        
RUN-1001 :       pr_strategy       |     1      |        1         |        
RUN-1001 :        relaxation       |    1.00    |       1.00       |        
RUN-1001 :         retiming        |    off     |       off        |        
RUN-1001 : --------------------------------------------------------------
PHY-3001 : Placer runs in 16 thread(s).
RUN-1002 : start command "legalize_phy_inst"
SYN-1011 : Flatten model audio_speak
RUN-1002 : start command "phys_opt -simplify_lut"
SYN-4016 : Net ilaclk_1_dup_1 driven by BUFG (0 clock/control pins, 2 other pins).
SYN-4016 : Net ilaclk_2_dup_1 driven by BUFG (0 clock/control pins, 2 other pins).
SYN-4016 : Net ilaclk_dup_1 driven by BUFG (0 clock/control pins, 2 other pins).
SYN-4027 : Net aud_mclk_1_dup_1 is clkc1 of pll u1_pll_clk/pll_inst.
SYN-4019 : Net sys_clk_dup_1 is refclk of pll u1_pll_clk/pll_inst.
SYN-4020 : Net sys_clk_dup_1 is fbclk of pll u1_pll_clk/pll_inst.
SYN-4027 : Net aud_mclk_2_dup_1 is clkc1 of pll u2_pll_clk/pll_inst.
SYN-4019 : Net sys_clk_dup_1 is refclk of pll u2_pll_clk/pll_inst.
SYN-4020 : Net sys_clk_dup_1 is fbclk of pll u2_pll_clk/pll_inst.
SYN-4027 : Net aud_mclk_dup_1 is clkc1 of pll u_pll_clk/pll_inst.
SYN-4019 : Net sys_clk_dup_1 is refclk of pll u_pll_clk/pll_inst.
SYN-4020 : Net sys_clk_dup_1 is fbclk of pll u_pll_clk/pll_inst.
SYN-4024 : Net "aud_bclk_dup_1" drives clk pins.
SYN-4024 : Net "aud_bclk_1_dup_1" drives clk pins.
SYN-4024 : Net "aud_bclk_2_dup_1" drives clk pins.
SYN-4024 : Net "u1_es8388_ctrl/u_es8388_config/u_i2c_dri/dri_clk" drives clk pins.
SYN-4024 : Net "u2_es8388_ctrl/u_es8388_config/u_i2c_dri/dri_clk" drives clk pins.
SYN-4024 : Net "u_es8388_ctrl/u_es8388_config/u_i2c_dri/dri_clk" drives clk pins.
SYN-4025 : Tag rtl::Net aud_bclk_1_dup_1 as clock net
SYN-4025 : Tag rtl::Net aud_bclk_2_dup_1 as clock net
SYN-4025 : Tag rtl::Net aud_bclk_dup_1 as clock net
SYN-4025 : Tag rtl::Net aud_mclk_1_dup_1 as clock net
SYN-4025 : Tag rtl::Net aud_mclk_2_dup_1 as clock net
SYN-4025 : Tag rtl::Net aud_mclk_dup_1 as clock net
SYN-4025 : Tag rtl::Net ilaclk_1_dup_1 as clock net
SYN-4025 : Tag rtl::Net ilaclk_2_dup_1 as clock net
SYN-4025 : Tag rtl::Net ilaclk_dup_1 as clock net
SYN-4025 : Tag rtl::Net sys_clk_dup_1 as clock net
SYN-4025 : Tag rtl::Net u1_es8388_ctrl/u_es8388_config/u_i2c_dri/dri_clk as clock net
SYN-4025 : Tag rtl::Net u2_es8388_ctrl/u_es8388_config/u_i2c_dri/dri_clk as clock net
SYN-4025 : Tag rtl::Net u_es8388_ctrl/u_es8388_config/u_i2c_dri/dri_clk as clock net
SYN-4026 : Tagged 13 rtl::Net as clock net
SYN-4015 : Create BUFG instance for clk Net aud_bclk_1_dup_1 to drive 80 clock pins.
SYN-4015 : Create BUFG instance for clk Net aud_bclk_2_dup_1 to drive 80 clock pins.
SYN-4015 : Create BUFG instance for clk Net aud_bclk_dup_1 to drive 80 clock pins.
SYN-4015 : Create BUFG instance for clk Net u1_es8388_ctrl/u_es8388_config/u_i2c_dri/dri_clk to drive 59 clock pins.
SYN-4015 : Create BUFG instance for clk Net u2_es8388_ctrl/u_es8388_config/u_i2c_dri/dri_clk to drive 59 clock pins.
SYN-4015 : Create BUFG instance for clk Net u_es8388_ctrl/u_es8388_config/u_i2c_dri/dri_clk to drive 59 clock pins.
PHY-1001 : Populate physical database on model audio_speak.
RUN-1001 : There are total 1191 instances
RUN-0007 : 598 luts, 459 seqs, 55 mslices, 31 lslices, 33 pads, 0 brams, 0 dsps
RUN-1001 : There are total 1329 nets
RUN-1001 : 846 nets have 2 pins
RUN-1001 : 330 nets have [3 - 5] pins
RUN-1001 : 65 nets have [6 - 10] pins
RUN-1001 : 53 nets have [11 - 20] pins
RUN-1001 : 31 nets have [21 - 99] pins
RUN-1001 : 4 nets have 100+ pins
RUN-1001 : Report Control nets information:
RUN-1001 : DFF Distribution
RUN-1001 : ----------------------------------
RUN-1001 :   CE   |  SSR  |  ASR  |  DFF Count  
RUN-1001 : ----------------------------------
RUN-1001 :   No   |  No   |  No   |      0      
RUN-1001 :   No   |  No   |  Yes  |     219     
RUN-1001 :   No   |  Yes  |  No   |      0      
RUN-1001 :   Yes  |  No   |  No   |      0      
RUN-1001 :   Yes  |  No   |  Yes  |     216     
RUN-1001 :   Yes  |  Yes  |  No   |     24      
RUN-1001 : ----------------------------------
RUN-0007 : Control Group Statistic
RUN-0007 : ---------------------------
RUN-0007 :   #CLK  |  #CE  |  #SSR/ASR  
RUN-0007 : ---------------------------
RUN-0007 :    7    |  16   |     7      
RUN-0007 : ---------------------------
RUN-0007 : Control Set = 24
PHY-3001 : Initial placement ...
PHY-3001 : design contains 1189 instances, 598 luts, 459 seqs, 86 slices, 24 macros(86 instances: 55 mslices 31 lslices)
PHY-0007 : Cell area utilization is 3%
PHY-3001 : Global placement ...
PHY-3001 : Initial: Len = 263540
PHY-3001 : Clustering ...
PHY-3001 : Level 0 #clusters 1189.
PHY-3001 : End clustering;  0.000045s wall, 0.000000s user + 0.000000s system = 0.000000s CPU (n/a%)

PHY-3001 : Run with size of 4
PHY-3001 : Cell area utilization is 3%
PHY-3001 : :::0::: Try harder cell spreading with beta_ = 0
PHY-3002 : Step(1): len = 155415, overlap = 0
PHY-3002 : Step(2): len = 98718.4, overlap = 0
PHY-3002 : Step(3): len = 62560.8, overlap = 0
PHY-3002 : Step(4): len = 45920.4, overlap = 0
PHY-3002 : Step(5): len = 40282.5, overlap = 0
PHY-3002 : Step(6): len = 36028, overlap = 0
PHY-3002 : Step(7): len = 32724.5, overlap = 0
PHY-3002 : Step(8): len = 29178.1, overlap = 0
PHY-3002 : Step(9): len = 28566.6, overlap = 0
PHY-3002 : Step(10): len = 27588.4, overlap = 0
PHY-3002 : Step(11): len = 27271.8, overlap = 0
PHY-3002 : Step(12): len = 25483.7, overlap = 0
PHY-3002 : Step(13): len = 26069.7, overlap = 0
PHY-3002 : Step(14): len = 23066.6, overlap = 0
PHY-3002 : Step(15): len = 23258.8, overlap = 0
PHY-3002 : Step(16): len = 23307.8, overlap = 0
PHY-3002 : Step(17): len = 21988.9, overlap = 0
PHY-3002 : Step(18): len = 21715.1, overlap = 0
PHY-3002 : Step(19): len = 21811.8, overlap = 0.875
PHY-3002 : Step(20): len = 22019.6, overlap = 2.125
PHY-3002 : Step(21): len = 20178.8, overlap = 2.84375
PHY-3002 : Step(22): len = 18525.1, overlap = 2.59375
PHY-3002 : Step(23): len = 18525.1, overlap = 2.59375
PHY-3002 : Step(24): len = 17629.1, overlap = 2.84375
PHY-3002 : Step(25): len = 17793.3, overlap = 3.09375
PHY-3002 : Step(26): len = 17793.3, overlap = 3.09375
PHY-3001 : Legalization ...
PHY-3001 : End legalization;  0.002097s wall, 0.000000s user + 0.000000s system = 0.000000s CPU (n/a%)

PHY-3001 : Run with size of 4
PHY-3001 : Cell area utilization is 5%
PHY-3001 : :::0::: Try harder cell spreading with beta_ = 0
PHY-3002 : Step(27): len = 16996, overlap = 14.625
PHY-3002 : Step(28): len = 16996, overlap = 14.625
PHY-3002 : Step(29): len = 16840.9, overlap = 15.6875
PHY-3002 : Step(30): len = 16840.9, overlap = 15.6875
PHY-3002 : Step(31): len = 16578.1, overlap = 16.2812
PHY-3002 : Step(32): len = 16578.1, overlap = 16.2812
PHY-3002 : Step(33): len = 16576, overlap = 16.1875
PHY-3002 : Step(34): len = 16576, overlap = 16.1875
PHY-3002 : Step(35): len = 16266.1, overlap = 16.6562
PHY-3002 : Step(36): len = 16266.1, overlap = 16.6562
PHY-3002 : Step(37): len = 16281.9, overlap = 16.75
PHY-3002 : Step(38): len = 16281.9, overlap = 16.75
PHY-3002 : Step(39): len = 16073.6, overlap = 16.8438
PHY-3002 : Step(40): len = 16073.6, overlap = 16.8438
PHY-3002 : Step(41): len = 16069.8, overlap = 16.8438
PHY-3002 : Step(42): len = 16069.8, overlap = 16.8438
PHY-3002 : Step(43): len = 15933.8, overlap = 16.9062
PHY-3002 : Step(44): len = 15933.8, overlap = 16.9062
PHY-3002 : Step(45): len = 15945.9, overlap = 16.9062
PHY-3002 : Step(46): len = 15945.9, overlap = 16.9062
PHY-3002 : Step(47): len = 15829.3, overlap = 17.4688
PHY-3002 : Step(48): len = 15829.3, overlap = 17.4688
PHY-3002 : Step(49): len = 15858.9, overlap = 16.9688
PHY-3002 : Step(50): len = 15858.9, overlap = 16.9688
PHY-3002 : Step(51): len = 15747.6, overlap = 17.4688
PHY-3002 : Step(52): len = 15747.6, overlap = 17.4688
PHY-3002 : Step(53): len = 15684, overlap = 17.0625
PHY-3002 : Step(54): len = 15684, overlap = 17.0625
PHY-3002 : Step(55): len = 15798.1, overlap = 17.375
PHY-3002 : Step(56): len = 15798.1, overlap = 17.375
PHY-3002 : Step(57): len = 15652.6, overlap = 16.875
PHY-3002 : Step(58): len = 15652.6, overlap = 16.875
PHY-3002 : Step(59): len = 15573.8, overlap = 17.125
PHY-3002 : Step(60): len = 15573.8, overlap = 17.125
PHY-3002 : Step(61): len = 15634, overlap = 16.75
PHY-3002 : Step(62): len = 15634, overlap = 16.75
PHY-3002 : Step(63): len = 15536.5, overlap = 16.9062
PHY-3002 : Step(64): len = 15536.5, overlap = 16.9062
PHY-3002 : Step(65): len = 15482, overlap = 16.5312
PHY-3002 : Step(66): len = 15482, overlap = 16.5312
PHY-3002 : Step(67): len = 15521.8, overlap = 18.25
PHY-3002 : Step(68): len = 15521.8, overlap = 18.25
PHY-3002 : Step(69): len = 15447.1, overlap = 17.875
PHY-3002 : Step(70): len = 15447.1, overlap = 17.875
PHY-3002 : Step(71): len = 15383.1, overlap = 18.0625
PHY-3002 : Step(72): len = 15383.1, overlap = 18.0625
PHY-3002 : Step(73): len = 15457.3, overlap = 18.0312
PHY-3002 : Step(74): len = 15457.3, overlap = 18.0312
PHY-3002 : Step(75): len = 15362.5, overlap = 18.0938
PHY-3002 : Step(76): len = 15362.5, overlap = 18.0938
PHY-3002 : Step(77): len = 15320.5, overlap = 17.8438
PHY-3002 : Step(78): len = 15320.5, overlap = 17.8438
PHY-3002 : Step(79): len = 15377.5, overlap = 18.375
PHY-3002 : Step(80): len = 15377.5, overlap = 18.375
PHY-3002 : Step(81): len = 15302.6, overlap = 18.0938
PHY-3002 : Step(82): len = 15302.6, overlap = 18.0938
PHY-3002 : Step(83): len = 15238.2, overlap = 18.4688
PHY-3002 : Step(84): len = 15238.2, overlap = 18.4688
PHY-3002 : Step(85): len = 15211.7, overlap = 18
PHY-3002 : Step(86): len = 15211.7, overlap = 18
PHY-3002 : Step(87): len = 15258.3, overlap = 18.4375
PHY-3002 : Step(88): len = 15258.3, overlap = 18.4375
PHY-3002 : Step(89): len = 15198.9, overlap = 17.8125
PHY-3002 : Step(90): len = 15198.9, overlap = 17.8125
PHY-3002 : Step(91): len = 15149.4, overlap = 17.7188
PHY-3002 : Step(92): len = 15149.4, overlap = 17.7188
PHY-3002 : Step(93): len = 15123.3, overlap = 17.5312
PHY-3002 : Step(94): len = 15123.3, overlap = 17.5312
PHY-3002 : Step(95): len = 15179.1, overlap = 18.75
PHY-3002 : Step(96): len = 15179.1, overlap = 18.75
PHY-3002 : Step(97): len = 15117.7, overlap = 18.0625
PHY-3002 : Step(98): len = 15117.7, overlap = 18.0625
PHY-3002 : Step(99): len = 15070.3, overlap = 17.875
PHY-3002 : Step(100): len = 15070.3, overlap = 17.875
PHY-3002 : Step(101): len = 15033.4, overlap = 17.7812
PHY-3002 : Step(102): len = 15033.4, overlap = 17.7812
PHY-3002 : Step(103): len = 15108.2, overlap = 17.9062
PHY-3002 : Step(104): len = 15108.2, overlap = 17.9062
PHY-3002 : Step(105): len = 15033.5, overlap = 17.3438
PHY-3002 : Step(106): len = 15033.5, overlap = 17.3438
PHY-3002 : Step(107): len = 14994.1, overlap = 17.5
PHY-3002 : Step(108): len = 14994.1, overlap = 17.5
PHY-3002 : Step(109): len = 14959, overlap = 17.4375
PHY-3002 : Step(110): len = 14959, overlap = 17.4375
PHY-3002 : Step(111): len = 14930.7, overlap = 18.25
PHY-3002 : Step(112): len = 14930.7, overlap = 18.25
PHY-3002 : Step(113): len = 15012.3, overlap = 18.125
PHY-3002 : Step(114): len = 15012.3, overlap = 18.125
PHY-3002 : Step(115): len = 14941.8, overlap = 17.625
PHY-3002 : Step(116): len = 14941.8, overlap = 17.625
PHY-3002 : Step(117): len = 14907, overlap = 17.7188
PHY-3002 : Step(118): len = 14907, overlap = 17.7188
PHY-3002 : Step(119): len = 14869.1, overlap = 17.4375
PHY-3002 : Step(120): len = 14869.1, overlap = 17.4375
PHY-3002 : Step(121): len = 14845.9, overlap = 17.4375
PHY-3002 : Step(122): len = 14845.9, overlap = 17.4375
PHY-3002 : Step(123): len = 14925.1, overlap = 17.75
PHY-3002 : Step(124): len = 14925.1, overlap = 17.75
PHY-3002 : Step(125): len = 14861.1, overlap = 17.375
PHY-3002 : Step(126): len = 14861.1, overlap = 17.375
PHY-3002 : Step(127): len = 14818.9, overlap = 17.5312
PHY-3002 : Step(128): len = 14818.9, overlap = 17.5312
PHY-3002 : Step(129): len = 14786, overlap = 17.4375
PHY-3002 : Step(130): len = 14786, overlap = 17.4375
PHY-3002 : Step(131): len = 14764.8, overlap = 17.6562
PHY-3002 : Step(132): len = 14764.8, overlap = 17.6562
PHY-3002 : Step(133): len = 14739.4, overlap = 17.5938
PHY-3002 : Step(134): len = 14739.4, overlap = 17.5938
PHY-3002 : Step(135): len = 14717.1, overlap = 17.8125
PHY-3002 : Step(136): len = 14717.1, overlap = 17.8125
PHY-3002 : Step(137): len = 14806.9, overlap = 18
PHY-3002 : Step(138): len = 14806.9, overlap = 18
PHY-3002 : Step(139): len = 14741.8, overlap = 18.1875
PHY-3002 : Step(140): len = 14741.8, overlap = 18.1875
PHY-3002 : Step(141): len = 14710.1, overlap = 18.2812
PHY-3002 : Step(142): len = 14710.1, overlap = 18.2812
PHY-3002 : Step(143): len = 14679.2, overlap = 18.6562
PHY-3002 : Step(144): len = 14679.2, overlap = 18.6562
PHY-3002 : Step(145): len = 14655, overlap = 19.5938
PHY-3002 : Step(146): len = 14655, overlap = 19.5938
PHY-3002 : Step(147): len = 14632.3, overlap = 20.3438
PHY-3002 : Step(148): len = 14632.3, overlap = 20.3438
PHY-3002 : Step(149): len = 14613.1, overlap = 20.9375
PHY-3002 : Step(150): len = 14613.1, overlap = 20.9375
PHY-3002 : Step(151): len = 14588.5, overlap = 20.8438
PHY-3002 : Step(152): len = 14588.5, overlap = 20.8438
PHY-3002 : Step(153): len = 14573.5, overlap = 20.9688
PHY-3002 : Step(154): len = 14573.5, overlap = 20.9688
PHY-3002 : Step(155): len = 14650.4, overlap = 21.0625
PHY-3002 : Step(156): len = 14650.4, overlap = 21.0625
PHY-3002 : Step(157): len = 14606.6, overlap = 20.7812
PHY-3002 : Step(158): len = 14606.6, overlap = 20.7812
PHY-3002 : Step(159): len = 14570.1, overlap = 20.4062
PHY-3002 : Step(160): len = 14570.1, overlap = 20.4062
PHY-3002 : Step(161): len = 14552, overlap = 20.4062
PHY-3002 : Step(162): len = 14552, overlap = 20.4062
PHY-3002 : Step(163): len = 14522.9, overlap = 20.0938
PHY-3002 : Step(164): len = 14522.9, overlap = 20.0938
PHY-3002 : Step(165): len = 14505.6, overlap = 19.8125
PHY-3002 : Step(166): len = 14505.6, overlap = 19.8125
PHY-3002 : Step(167): len = 14477.7, overlap = 19.5938
PHY-3002 : Step(168): len = 14477.7, overlap = 19.5938
PHY-3002 : Step(169): len = 14468, overlap = 18.9688
PHY-3002 : Step(170): len = 14468, overlap = 18.9688
PHY-3002 : Step(171): len = 14441.9, overlap = 18.625
PHY-3002 : Step(172): len = 14441.9, overlap = 18.625
PHY-3002 : Step(173): len = 14428.6, overlap = 18.3125
PHY-3002 : Step(174): len = 14428.6, overlap = 18.3125
PHY-3002 : Step(175): len = 14406.8, overlap = 17.6875
PHY-3002 : Step(176): len = 14406.8, overlap = 17.6875
PHY-3002 : Step(177): len = 14403.4, overlap = 17.5625
PHY-3002 : Step(178): len = 14403.4, overlap = 17.5625
PHY-3002 : Step(179): len = 14379.1, overlap = 17.4375
PHY-3002 : Step(180): len = 14379.1, overlap = 17.4375
PHY-3002 : Step(181): len = 14372.9, overlap = 17.125
PHY-3002 : Step(182): len = 14372.9, overlap = 17.125
PHY-3002 : Step(183): len = 14350.1, overlap = 17.0625
PHY-3002 : Step(184): len = 14350.1, overlap = 17.0625
PHY-3002 : Step(185): len = 14339.9, overlap = 16.8125
PHY-3002 : Step(186): len = 14339.9, overlap = 16.8125
PHY-3002 : Step(187): len = 14319, overlap = 16.75
PHY-3002 : Step(188): len = 14319, overlap = 16.75
PHY-3002 : Step(189): len = 14314.6, overlap = 16.75
PHY-3002 : Step(190): len = 14314.6, overlap = 16.75
PHY-3002 : Step(191): len = 14295.5, overlap = 16.75
PHY-3002 : Step(192): len = 14295.5, overlap = 16.75
PHY-3002 : Step(193): len = 14287.5, overlap = 16.75
PHY-3002 : Step(194): len = 14287.5, overlap = 16.75
PHY-3002 : Step(195): len = 14268.7, overlap = 17.125
PHY-3002 : Step(196): len = 14268.7, overlap = 17.125
PHY-3002 : Step(197): len = 14258.1, overlap = 17.1875
PHY-3002 : Step(198): len = 14258.1, overlap = 17.1875
PHY-3002 : Step(199): len = 14239.9, overlap = 17.3125
PHY-3002 : Step(200): len = 14239.9, overlap = 17.3125
PHY-3002 : Step(201): len = 14228.8, overlap = 17.375
PHY-3002 : Step(202): len = 14228.8, overlap = 17.375
PHY-3002 : Step(203): len = 14213.2, overlap = 17.625
PHY-3002 : Step(204): len = 14213.2, overlap = 17.625
PHY-3002 : Step(205): len = 14201, overlap = 17.625
PHY-3002 : Step(206): len = 14201, overlap = 17.625
PHY-3002 : Step(207): len = 14189.9, overlap = 17.625
PHY-3002 : Step(208): len = 14189.9, overlap = 17.625
PHY-3002 : Step(209): len = 14172.7, overlap = 17.7188
PHY-3002 : Step(210): len = 14172.7, overlap = 17.7188
PHY-3002 : Step(211): len = 14163, overlap = 17.7188
PHY-3002 : Step(212): len = 14163, overlap = 17.7188
PHY-3002 : Step(213): len = 14155.6, overlap = 17.8438
PHY-3002 : Step(214): len = 14155.6, overlap = 17.8438
PHY-3002 : Step(215): len = 14135.1, overlap = 18.0312
PHY-3002 : Step(216): len = 14135.1, overlap = 18.0312
PHY-3002 : Step(217): len = 14126.5, overlap = 18.0312
PHY-3002 : Step(218): len = 14126.5, overlap = 18.0312
PHY-3002 : Step(219): len = 14113.1, overlap = 18.2812
PHY-3002 : Step(220): len = 14113.1, overlap = 18.2812
PHY-3002 : Step(221): len = 14096.4, overlap = 18.2812
PHY-3002 : Step(222): len = 14096.4, overlap = 18.2812
PHY-3002 : Step(223): len = 14089, overlap = 18.0625
PHY-3002 : Step(224): len = 14089, overlap = 18.0625
PHY-3002 : Step(225): len = 14077.2, overlap = 18.0625
PHY-3002 : Step(226): len = 14077.2, overlap = 18.0625
PHY-3001 : Run with size of 2
PHY-3001 : Cell area utilization is 5%
PHY-3001 : :::0::: Try harder cell spreading with beta_ = 1.19852e-05
PHY-3002 : Step(227): len = 15068.9, overlap = 61.375
PHY-3002 : Step(228): len = 15068.9, overlap = 61.375
PHY-3001 : :::1::: Try harder cell spreading with beta_ = 2.39704e-05
PHY-3002 : Step(229): len = 15460, overlap = 58.4688
PHY-3002 : Step(230): len = 15460, overlap = 58.4688
PHY-3002 : Step(231): len = 15512.2, overlap = 56.625
PHY-3001 : :::2::: Try harder cell spreading with beta_ = 4.75265e-05
PHY-3002 : Step(232): len = 17509.1, overlap = 51.9375
PHY-3002 : Step(233): len = 17827.1, overlap = 51.5625
PHY-3002 : Step(234): len = 17325.2, overlap = 50.4062
PHY-3002 : Step(235): len = 17485.3, overlap = 50.125
PHY-3002 : Step(236): len = 17683.9, overlap = 46.2812
PHY-3001 : :::3::: Try harder cell spreading with beta_ = 9.5053e-05
PHY-3002 : Step(237): len = 17169.7, overlap = 45.375
PHY-3002 : Step(238): len = 17285.7, overlap = 45.375
PHY-3002 : Step(239): len = 17543.7, overlap = 44.125
PHY-3001 : :::4::: Try harder cell spreading with beta_ = 0.000190106
PHY-3002 : Step(240): len = 18027, overlap = 42.875
PHY-3002 : Step(241): len = 18027, overlap = 42.875
PHY-3002 : Step(242): len = 17749.6, overlap = 41.3438
PHY-3001 : :::5::: Try harder cell spreading with beta_ = 0.000380212
PHY-3002 : Step(243): len = 18833.1, overlap = 40.5625
PHY-3002 : Step(244): len = 18833.1, overlap = 40.5625
PHY-3002 : Step(245): len = 18379.8, overlap = 37.0625
PHY-3001 : :::6::: Try harder cell spreading with beta_ = 0.000736497
PHY-3002 : Step(246): len = 18978, overlap = 34.625
PHY-3002 : Step(247): len = 19144.8, overlap = 34.2812
PHY-3002 : Step(248): len = 19372.5, overlap = 33.9688
PHY-3001 : :::7::: Try harder cell spreading with beta_ = 0.00147299
PHY-3002 : Step(249): len = 19246.9, overlap = 31.5312
PHY-3002 : Step(250): len = 19246.9, overlap = 31.5312
PHY-3001 : :::8::: Try harder cell spreading with beta_ = 0.00266071
PHY-3002 : Step(251): len = 19425, overlap = 31.5625
PHY-3002 : Step(252): len = 19425, overlap = 31.5625
PHY-3001 : :::9::: Try harder cell spreading with beta_ = 0.00532142
PHY-3002 : Step(253): len = 19549.5, overlap = 30.8125
PHY-3002 : Step(254): len = 19549.5, overlap = 30.8125
OPT-1001 : Start physical optimization ...
OPT-1001 : Total overflow 63.91 peak overflow 4.94
OPT-1001 : Start high-fanout net optimization ...
OPT-1001 : Update timing in global mode
PHY-1001 : Start incremental global routing, caller is place ...
RUN-1001 : Generating global routing grids ...
RUN-1001 : Building simple global routing graph ...
PHY-1001 : Generate routing nets ...
PHY-1001 : Reuse net number 0/1329.
PHY-1001 : Global iterations in 16 thread ...
PHY-1002 : len = 21840, over cnt = 109(0%), over = 534, worst = 23
PHY-1001 : End global iterations;  0.031573s wall, 0.000000s user + 0.046875s system = 0.046875s CPU (148.5%)

PHY-1001 : Congestion index: top1 = 30.45, top5 = 13.30, top10 = 7.56, top15 = 5.23.
PHY-1001 : End incremental global routing;  0.072020s wall, 0.046875s user + 0.046875s system = 0.093750s CPU (130.2%)

RUN-1002 : start command "start_timer -report"
TMR-5001 WARNING: No sdc constraints found while initiating timer.
TMR-2505 : Start building timing graph for model audio_speak.
TMR-2506 : Build timing graph completely. Port num: 35, tpin num: 5519, tnet num: 1327, tinst num: 1189, tnode num: 7196, tedge num: 8698.
TMR-2508 : Levelizing timing graph completed, there are 17 levels in total.
TMR-2501 : Timing graph initialized successfully.
OPT-1001 : End timing update;  0.149942s wall, 0.140625s user + 0.000000s system = 0.140625s CPU (93.8%)

OPT-1001 : 0 high-fanout net processed.
OPT-1001 : End high-fanout net optimization;  0.235337s wall, 0.203125s user + 0.046875s system = 0.250000s CPU (106.2%)

OPT-1001 : Current memory(MB): used = 166, reserve = 133, peak = 166.
OPT-1001 : End physical optimization;  0.243513s wall, 0.218750s user + 0.046875s system = 0.265625s CPU (109.1%)

PHY-3001 : Start packing ...
SYN-4007 : Packing 0 MUX to BLE ...
SYN-4008 : Packed 0 MUX and 0 SEQ to BLE.
SYN-4007 : Packing 598 LUT to BLE ...
SYN-4008 : Packed 598 LUT and 246 SEQ to BLE.
SYN-4003 : Packing 213 remaining SEQ's ...
SYN-4005 : Packed 134 SEQ with LUT/SLICE
SYN-4006 : 248 single LUT's are left
SYN-4006 : 79 single SEQ's are left
SYN-4011 : Packing model "audio_speak" (AL_USER_NORMAL) with 677/811 primitive instances ...
PHY-3001 : End packing;  0.026455s wall, 0.015625s user + 0.000000s system = 0.015625s CPU (59.1%)

PHY-1001 : Populate physical database on model audio_speak.
RUN-1001 : There are total 504 instances
RUN-1001 : 228 mslices, 228 lslices, 33 pads, 0 brams, 0 dsps
RUN-1001 : There are total 1092 nets
RUN-1001 : 593 nets have 2 pins
RUN-1001 : 340 nets have [3 - 5] pins
RUN-1001 : 74 nets have [6 - 10] pins
RUN-1001 : 57 nets have [11 - 20] pins
RUN-1001 : 27 nets have [21 - 99] pins
RUN-1001 : 1 nets have 100+ pins
PHY-3001 : design contains 502 instances, 456 slices, 24 macros(86 instances: 55 mslices 31 lslices)
PHY-3001 : Cell area utilization is 6%
PHY-3001 : After packing: Len = 19430.4, Over = 40.5
PHY-3001 : Run with size of 2
PHY-3001 : Cell area utilization is 6%
PHY-3001 : :::0::: Try harder cell spreading with beta_ = 4.05158e-05
PHY-3002 : Step(255): len = 18533.7, overlap = 43.5
PHY-3002 : Step(256): len = 18521.9, overlap = 44
PHY-3002 : Step(257): len = 18219, overlap = 47.5
PHY-3002 : Step(258): len = 17979, overlap = 46.5
PHY-3002 : Step(259): len = 17973.8, overlap = 45.25
PHY-3001 : :::1::: Try harder cell spreading with beta_ = 8.10316e-05
PHY-3002 : Step(260): len = 18249.4, overlap = 41.25
PHY-3002 : Step(261): len = 18249.4, overlap = 41.25
PHY-3002 : Step(262): len = 18183.5, overlap = 40
PHY-3001 : :::2::: Try harder cell spreading with beta_ = 0.000148128
PHY-3002 : Step(263): len = 18801.4, overlap = 37.25
PHY-3002 : Step(264): len = 19003.7, overlap = 35.25
PHY-3002 : Step(265): len = 19297.7, overlap = 32
PHY-3001 : Legalization ...
PHY-3001 : End legalization;  0.083179s wall, 0.125000s user + 0.078125s system = 0.203125s CPU (244.2%)

PHY-3001 : Trial Legalized: Len = 33295.7
PHY-3001 : Run with size of 2
PHY-3001 : Cell area utilization is 6%
PHY-3001 : :::0::: Try harder cell spreading with beta_ = 0
PHY-3002 : Step(266): len = 23948.2, overlap = 13.25
PHY-3002 : Step(267): len = 20767.8, overlap = 26.5
PHY-3002 : Step(268): len = 19655.7, overlap = 32.25
PHY-3002 : Step(269): len = 18717.6, overlap = 38
PHY-3002 : Step(270): len = 18522.4, overlap = 39
PHY-3002 : Step(271): len = 17876.4, overlap = 42
PHY-3002 : Step(272): len = 17875.7, overlap = 42.25
PHY-3002 : Step(273): len = 17650.9, overlap = 42.75
PHY-3001 : :::1::: Try harder cell spreading with beta_ = 2.43332e-05
PHY-3002 : Step(274): len = 17741.6, overlap = 41
PHY-3002 : Step(275): len = 17939.2, overlap = 41
PHY-3002 : Step(276): len = 18164.7, overlap = 38
PHY-3001 : :::2::: Try harder cell spreading with beta_ = 4.86665e-05
PHY-3002 : Step(277): len = 17992.6, overlap = 36.25
PHY-3002 : Step(278): len = 18218, overlap = 34
PHY-3002 : Step(279): len = 18430, overlap = 34
PHY-3001 : Legalization ...
PHY-3001 : End legalization;  0.003648s wall, 0.000000s user + 0.015625s system = 0.015625s CPU (428.4%)

PHY-3001 : Legalized: Len = 29014.8, Over = 0
PHY-3001 : End spreading;  0.003415s wall, 0.000000s user + 0.000000s system = 0.000000s CPU (n/a%)

PHY-3001 : Final: Len = 29014.8, Over = 0
OPT-1001 : Start physical optimization ...
OPT-1001 : Total overflow 0.00 peak overflow 0.00
OPT-1001 : Start high-fanout net optimization ...
OPT-1001 : Update timing in global mode
PHY-1001 : Start incremental global routing, caller is place ...
RUN-1001 : Generating global routing grids ...
PHY-1001 : Generate routing nets ...
PHY-1001 : Reuse net number 35/1092.
PHY-1001 : Global iterations in 16 thread ...
PHY-1002 : len = 33656, over cnt = 96(0%), over = 144, worst = 5
PHY-1002 : len = 34232, over cnt = 51(0%), over = 65, worst = 3
PHY-1002 : len = 34976, over cnt = 3(0%), over = 3, worst = 1
PHY-1002 : len = 35008, over cnt = 1(0%), over = 1, worst = 1
PHY-1002 : len = 35024, over cnt = 0(0%), over = 0, worst = 0
PHY-1001 : End global iterations;  0.062599s wall, 0.078125s user + 0.062500s system = 0.140625s CPU (224.6%)

PHY-1001 : Congestion index: top1 = 26.25, top5 = 17.53, top10 = 11.15, top15 = 7.88.
PHY-1001 : End incremental global routing;  0.110468s wall, 0.125000s user + 0.062500s system = 0.187500s CPU (169.7%)

RUN-1002 : start command "start_timer -report"
TMR-5001 WARNING: No sdc constraints found while initiating timer.
TMR-2505 : Start building timing graph for model audio_speak.
TMR-2506 : Build timing graph completely. Port num: 35, tpin num: 4679, tnet num: 1090, tinst num: 502, tnode num: 5879, tedge num: 7723.
TMR-2508 : Levelizing timing graph completed, there are 17 levels in total.
TMR-2501 : Timing graph initialized successfully.
OPT-1001 : End timing update;  0.133235s wall, 0.140625s user + 0.000000s system = 0.140625s CPU (105.5%)

OPT-1001 : 0 high-fanout net processed.
OPT-1001 : End high-fanout net optimization;  0.257577s wall, 0.281250s user + 0.062500s system = 0.343750s CPU (133.5%)

OPT-1001 : Current memory(MB): used = 170, reserve = 138, peak = 170.
OPT-1001 : Update timing in Manhattan mode
OPT-1001 : End timing update;  0.001365s wall, 0.000000s user + 0.000000s system = 0.000000s CPU (n/a%)

OPT-1001 : Start pin optimization...
OPT-1001 : skip pin optimization...
RUN-1001 : Generating global routing grids ...
PHY-1001 : Generate routing nets ...
PHY-1001 : Reuse net number 883/1092.
PHY-1001 : Global iterations in 16 thread ...
PHY-1002 : len = 35024, over cnt = 0(0%), over = 0, worst = 0
PHY-1001 : End global iterations;  0.002417s wall, 0.015625s user + 0.000000s system = 0.015625s CPU (646.3%)

PHY-1001 : Congestion index: top1 = 26.25, top5 = 17.53, top10 = 11.15, top15 = 7.88.
OPT-1001 : Update timing in Manhattan mode
OPT-1001 : End timing update;  0.001528s wall, 0.000000s user + 0.000000s system = 0.000000s CPU (n/a%)

RUN-1001 : QoR Analysis:
OPT-0007 :   WNS 2147483647 TNS 0 NUM_FEPS 0
RUN-1001 :   No local congestion issue, and most congested 1% tile average routing util is 25.896552
RUN-1001 :   Top critical paths
OPT-1001 : End physical optimization;  0.316584s wall, 0.328125s user + 0.062500s system = 0.390625s CPU (123.4%)

RUN-1003 : finish command "place" in  5.810682s wall, 7.890625s user + 9.640625s system = 17.531250s CPU (301.7%)

RUN-1004 : used memory is 151 MB, reserved memory is 119 MB, peak memory is 171 MB
RUN-1002 : start command "export_db ES8388_place.db"
RUN-1001 : Exported /
RUN-1001 : Exported flow parameters
RUN-1001 : Exported libs
RUN-1001 : Exported entities
RUN-1001 : Exported ports
RUN-1001 : Exported pins
RUN-1001 : Exported instances
RUN-1001 : Exported nets
RUN-1001 : Exported buses
RUN-1001 : Exported models
RUN-1001 : Exported congestions
RUN-1001 : Exported violations
RUN-1001 : Exported IO constraints
RUN-1001 : Exported Inst constraints
RUN-1002 : start command "route"
RUN-1001 : Open license file E:/Software/Anlogic/TD5.6.2/license/Anlogic.lic
RUN-1001 : Print Global Property
RUN-1001 : ---------------------------------------------------------------
RUN-1001 :        Parameters        |  Settings  |  Default Values  |  Note  
RUN-1001 : ---------------------------------------------------------------
RUN-1001 :          message         |  standard  |     standard     |        
RUN-1001 :   mixed_pack_place_flow  |     on     |        on        |        
RUN-1001 :        qor_monitor       |    off     |       off        |        
RUN-1001 :        syn_ip_flow       |    off     |       off        |        
RUN-1001 :          thread          |    auto    |       auto       |        
RUN-1001 : ---------------------------------------------------------------
RUN-1001 : Print Route Property
RUN-1001 : -------------------------------------------------------
RUN-1001 :    Parameters    |  Settings  |  Default Values  |  Note  
RUN-1001 : -------------------------------------------------------
RUN-1001 :      effort      |   medium   |      medium      |        
RUN-1001 :     fix_hold     |    off     |       off        |        
RUN-1001 :    opt_timing    |   medium   |      medium      |        
RUN-1001 :   phy_sim_model  |    off     |       off        |        
RUN-1001 :     priority     |   timing   |      timing      |        
RUN-1001 :     swap_pin     |     on     |        on        |        
RUN-1001 : -------------------------------------------------------
PHY-1001 : Route runs in 16 thread(s)
RUN-1001 : There are total 504 instances
RUN-1001 : 228 mslices, 228 lslices, 33 pads, 0 brams, 0 dsps
RUN-1001 : There are total 1092 nets
RUN-1001 : 593 nets have 2 pins
RUN-1001 : 340 nets have [3 - 5] pins
RUN-1001 : 74 nets have [6 - 10] pins
RUN-1001 : 57 nets have [11 - 20] pins
RUN-1001 : 27 nets have [21 - 99] pins
RUN-1001 : 1 nets have 100+ pins
RUN-1002 : start command "start_timer -report"
TMR-5001 WARNING: No sdc constraints found while initiating timer.
TMR-2505 : Start building timing graph for model audio_speak.
TMR-2506 : Build timing graph completely. Port num: 35, tpin num: 4679, tnet num: 1090, tinst num: 502, tnode num: 5879, tedge num: 7723.
TMR-2508 : Levelizing timing graph completed, there are 17 levels in total.
TMR-2501 : Timing graph initialized successfully.
PHY-1001 : 228 mslices, 228 lslices, 33 pads, 0 brams, 0 dsps
TMR-2503 : Start to update net delay, extr mode = 3.
TMR-2504 : Update delay of 1090 nets completely.
TMR-2502 : Annotate delay completely, extr mode = 3.
TMR-3002 : No user constraint, initiate default constraint.
TMR-1501 : Assign derive clock DeriveClock to 578 clock pins, and constraint 1194 relative nodes.
TMR-3003 : Constraints initiated successfully.
TMR-3501 : Forward propagation: start to calculate arrival time...
TMR-3502 : Backward propagation: start to calculate required time...
TMR-3503 : Timing propagation completes.
PHY-1001 : Start global routing, caller is route ...
RUN-1001 : Generating global routing grids ...
PHY-1001 : Generate routing nets ...
PHY-1001 : Global iterations in 16 thread ...
PHY-1002 : len = 33552, over cnt = 97(0%), over = 142, worst = 5
PHY-1002 : len = 34064, over cnt = 50(0%), over = 64, worst = 3
PHY-1002 : len = 34832, over cnt = 0(0%), over = 0, worst = 0
PHY-1001 : End global iterations;  0.065069s wall, 0.031250s user + 0.062500s system = 0.093750s CPU (144.1%)

PHY-1001 : Congestion index: top1 = 25.99, top5 = 17.42, top10 = 11.08, top15 = 7.83.
PHY-1001 : End global routing;  0.111711s wall, 0.078125s user + 0.062500s system = 0.140625s CPU (125.9%)

PHY-1001 : Start detail routing ...
PHY-1001 : Current memory(MB): used = 197, reserve = 165, peak = 211.
PHY-1001 : Detailed router is running in normal mode.
PHY-1001 : Generate detailed routing grids ...
PHY-1001 : Processed IO instance aud_dacdat_syn_4 with INV attribute.
PHY-1001 : Processed IO instance aud_dacdat_1_syn_4 with INV attribute.
PHY-1001 : Processed IO instance aud_dacdat_2_syn_4 with INV attribute.
PHY-1001 : Generate nets ...
PHY-1001 : clock net aud_bclk_syn_4 will be merged with clock aud_bclk_dup_1
PHY-1001 : clock net aud_bclk_1_syn_4 will be merged with clock aud_bclk_1_dup_1
PHY-1001 : clock net aud_bclk_2_syn_4 will be merged with clock aud_bclk_2_dup_1
PHY-1001 : net aud_mclk_dup_1 will be routed on clock mesh
PHY-1001 : net aud_mclk_1_dup_1 will be routed on clock mesh
PHY-1001 : net aud_mclk_2_dup_1 will be routed on clock mesh
PHY-1001 : clock net ilaclk_dup_1 will be merged with clock u_pll_clk/clk0_buf
PHY-1001 : clock net ilaclk_1_dup_1 will be merged with clock u1_pll_clk/clk0_buf
PHY-1001 : clock net ilaclk_2_dup_1 will be merged with clock u2_pll_clk/clk0_buf
PHY-1001 : net sys_clk_dup_1 will be routed on clock mesh
PHY-1001 : clock net u1_es8388_ctrl/u_es8388_config/u_i2c_dri/dri_clk_syn_4 will be merged with clock u1_es8388_ctrl/u_es8388_config/u_i2c_dri/dri_clk
PHY-1001 : clock net u_es8388_ctrl/u_es8388_config/u_i2c_dri/dri_clk_syn_4 will be merged with clock u_es8388_ctrl/u_es8388_config/u_i2c_dri/dri_clk
PHY-1001 : clock net u2_es8388_ctrl/u_es8388_config/u_i2c_dri/dri_clk_syn_4 will be merged with clock u2_es8388_ctrl/u_es8388_config/u_i2c_dri/dri_clk
PHY-1001 : Current memory(MB): used = 465, reserve = 437, peak = 465.
PHY-1001 : End build detailed router design. 2.135309s wall, 2.109375s user + 0.031250s system = 2.140625s CPU (100.2%)

PHY-1001 : Detail Route ...
PHY-1001 : ===== Detail Route Phase 1 =====
PHY-1001 : Clock net routing.....
PHY-1001 : Routed 1% nets.
PHY-1022 : len = 28048, over cnt = 0(0%), over = 0, worst = 0, crit = 0
PHY-1001 : End initial clock net routed; 2.829134s wall, 2.796875s user + 0.031250s system = 2.828125s CPU (100.0%)

PHY-1001 : Current memory(MB): used = 497, reserve = 470, peak = 497.
PHY-1001 : End phase 1; 2.831588s wall, 2.796875s user + 0.031250s system = 2.828125s CPU (99.9%)

PHY-1001 : ===== Detail Route Phase 2 =====
PHY-1001 : Initial routing.....
PHY-1001 : Routed 39% nets.
PHY-1001 : Routed 44% nets.
PHY-1001 : Routed 53% nets.
PHY-1001 : Routed 69% nets.
PHY-1001 : Routed 90% nets.
PHY-1022 : len = 147944, over cnt = 67(0%), over = 67, worst = 1, crit = 0
PHY-1001 : Current memory(MB): used = 497, reserve = 470, peak = 497.
PHY-1001 : End initial routed; 0.721971s wall, 0.765625s user + 0.375000s system = 1.140625s CPU (158.0%)

PHY-1001 : Current memory(MB): used = 497, reserve = 470, peak = 497.
PHY-1001 : End phase 2; 0.722068s wall, 0.765625s user + 0.375000s system = 1.140625s CPU (158.0%)

PHY-1001 : ===== Detail Route Phase 3 =====
PHY-1001 : Ripup-reroute.....
PHY-1001 : ===== DR Iter 1 =====
PHY-1022 : len = 147576, over cnt = 12(0%), over = 12, worst = 1, crit = 0
PHY-1001 : End DR Iter 1; 0.026480s wall, 0.031250s user + 0.031250s system = 0.062500s CPU (236.0%)

PHY-1001 : ===== DR Iter 2 =====
PHY-1022 : len = 147592, over cnt = 1(0%), over = 1, worst = 1, crit = 0
PHY-1001 : End DR Iter 2; 0.014006s wall, 0.000000s user + 0.015625s system = 0.015625s CPU (111.6%)

PHY-1001 : ===== DR Iter 3 =====
PHY-1022 : len = 147608, over cnt = 0(0%), over = 0, worst = 0, crit = 0
PHY-1001 : End DR Iter 3; 0.011723s wall, 0.015625s user + 0.000000s system = 0.015625s CPU (133.3%)

PHY-1001 : Commit to database.....
PHY-1001 : 11 feed throughs used by 11 nets
PHY-1001 : End commit to database; 0.080872s wall, 0.093750s user + 0.000000s system = 0.093750s CPU (115.9%)

PHY-1001 : Current memory(MB): used = 509, reserve = 483, peak = 509.
PHY-1001 : End phase 3; 0.218235s wall, 0.203125s user + 0.046875s system = 0.250000s CPU (114.6%)

PHY-1003 : Routed, final wirelength = 147608
PHY-1001 : Current memory(MB): used = 509, reserve = 483, peak = 509.
PHY-1001 : End export database. 0.005605s wall, 0.000000s user + 0.000000s system = 0.000000s CPU (n/a%)

PHY-1001 : End detail routing;  6.057627s wall, 6.015625s user + 0.484375s system = 6.500000s CPU (107.3%)

RUN-1003 : finish command "route" in  6.362707s wall, 6.265625s user + 0.562500s system = 6.828125s CPU (107.3%)

RUN-1004 : used memory is 444 MB, reserved memory is 417 MB, peak memory is 510 MB
RUN-1002 : start command "report_area -io_info -file ES8388_phy.area"
RUN-1001 : standard
***Report Model: audio_speak Device: EG4S20BG256***

IO Statistics
#IO                        36
  #input                   15
  #output                  18
  #inout                    3

Utilization Statistics
#lut                      800   out of  19600    4.08%
#reg                      459   out of  19600    2.34%
#le                       879
  #lut only               420   out of    879   47.78%
  #reg only                79   out of    879    8.99%
  #lut&reg                380   out of    879   43.23%
#dsp                        0   out of     29    0.00%
#bram                       0   out of     64    0.00%
  #bram9k                   0
  #fifo9k                   0
#bram32k                    0   out of     16    0.00%
#pad                       33   out of    188   17.55%
  #ireg                     6
  #oreg                     9
  #treg                     3
#pll                        3   out of      4   75.00%
#gclk                       9   out of     16   56.25%

Clock Resource Statistics
Index     ClockNet                                            Type               DriverType         Driver                                                           Fanout
#1        aud_bclk_1_dup_1                                    GCLK               io                 aud_bclk_1_syn_2.di                                              44
#2        aud_bclk_2_dup_1                                    GCLK               io                 aud_bclk_2_syn_2.di                                              44
#3        aud_bclk_dup_1                                      GCLK               io                 aud_bclk_syn_2.di                                                44
#4        u1_es8388_ctrl/u_es8388_config/u_i2c_dri/dri_clk    GCLK               lslice             u1_es8388_ctrl/u_es8388_config/u_i2c_dri/dri_clk_reg_syn_9.q1    43
#5        u2_es8388_ctrl/u_es8388_config/u_i2c_dri/dri_clk    GCLK               mslice             u2_es8388_ctrl/u_es8388_config/u_i2c_dri/dri_clk_reg_syn_9.q0    43
#6        u_es8388_ctrl/u_es8388_config/u_i2c_dri/dri_clk     GCLK               mslice             u_es8388_ctrl/u_es8388_config/u_i2c_dri/dri_clk_reg_syn_9.q1     41
#7        sys_clk_dup_1                                       GCLK               io                 sys_clk_syn_2.di                                                 33
#8        aud_mclk_1_dup_1                                    GCLK               pll                u1_pll_clk/pll_inst.clkc1                                        0
#9        aud_mclk_2_dup_1                                    GCLK               pll                u2_pll_clk/pll_inst.clkc1                                        0
#10       aud_mclk_dup_1                                      GCLK               pll                u_pll_clk/pll_inst.clkc1                                         0
#11       u1_pll_clk/clk0_buf                                 GCLK               pll                u1_pll_clk/pll_inst.clkc0                                        0
#12       u2_pll_clk/clk0_buf                                 GCLK               pll                u2_pll_clk/pll_inst.clkc0                                        0
#13       u_pll_clk/clk0_buf                                  GCLK               pll                u_pll_clk/pll_inst.clkc0                                         0


Detailed IO Report

      Name        Direction    Location    IOStandard    DriveStrength    PullType     PackReg   
   aud_adcdat       INPUT        R14        LVCMOS25          N/A          PULLUP       IREG     
  aud_adcdat_1      INPUT         F7        LVCMOS25          N/A          PULLUP       IREG     
  aud_adcdat_2      INPUT         N6        LVCMOS25          N/A          PULLUP       IREG     
    aud_bclk        INPUT         M6        LVCMOS25          N/A          PULLUP       NONE     
   aud_bclk_1       INPUT         C4        LVCMOS25          N/A          PULLUP       NONE     
   aud_bclk_2       INPUT        T12        LVCMOS25          N/A          PULLUP       NONE     
    aud_lrc         INPUT         M7        LVCMOS25          N/A          PULLUP       IREG     
   aud_lrc_1        INPUT         D6        LVCMOS25          N/A          PULLUP       IREG     
   aud_lrc_2        INPUT         P5        LVCMOS25          N/A          PULLUP       IREG     
    sys_clk         INPUT         R7        LVCMOS25          N/A          PULLUP       NONE     
   sys_rst_n        INPUT         E3        LVCMOS25          N/A          PULLUP       NONE     
  sys_rst_n_1       INPUT        H16        LVCMOS25          N/A           N/A         NONE     
  sys_rst_n_2       INPUT         E7        LVCMOS25          N/A           N/A         NONE     
   volume[1]        INPUT        B10        LVCMOS25          N/A          PULLUP       NONE     
   volume[0]        INPUT        A10        LVCMOS25          N/A          PULLUP       NONE     
   aud_dacdat      OUTPUT         P6        LVCMOS25           8            NONE        OREG     
  aud_dacdat_1     OUTPUT         C5        LVCMOS25           8            NONE        OREG     
  aud_dacdat_2     OUTPUT        T13        LVCMOS25           8            NONE        OREG     
    aud_mclk       OUTPUT         N5        LVCMOS25           8            NONE        NONE     
   aud_mclk_1      OUTPUT         B3        LVCMOS25           8            NONE        NONE     
   aud_mclk_2      OUTPUT         T9        LVCMOS25           8            NONE        NONE     
    aud_scl        OUTPUT        R12        LVCMOS25           8            NONE        OREG     
   aud_scl_1       OUTPUT         B2        LVCMOS25           8            NONE        OREG     
   aud_scl_2       OUTPUT         T7        LVCMOS25           8            NONE        OREG     
     ilaclk        OUTPUT        P12        LVCMOS25           8            NONE        NONE     
    ilaclk_1       OUTPUT         D3        LVCMOS25           8            NONE        NONE     
    ilaclk_2       OUTPUT        K15        LVCMOS25           8            NONE        NONE     
      led          OUTPUT        B14        LVCMOS25           8            NONE        NONE     
     led_1         OUTPUT        B15        LVCMOS25           8            NONE        NONE     
     led_2         OUTPUT        B16        LVCMOS25           8            NONE        NONE     
    aud_sda         INOUT         R9        LVCMOS25           8           PULLUP     OREG;TREG  
   aud_sda_1        INOUT         B1        LVCMOS25           8           PULLUP     OREG;TREG  
   aud_sda_2        INOUT         T5        LVCMOS25           8           PULLUP     OREG;TREG  

Report Hierarchy Area:
+----------------------------------------------------------------------------------------+
|Instance            |Module        |le     |lut     |ripple  |seq     |bram    |dsp     |
+----------------------------------------------------------------------------------------+
|top                 |audio_speak   |879    |714     |86      |477     |0       |0       |
|  u1_es8388_ctrl    |es8388_ctrl   |275    |230     |25      |145     |0       |0       |
|    u_audio_receive |audio_receive |76     |47      |12      |53      |0       |0       |
|    u_audio_send    |audio_send    |25     |25      |0       |24      |0       |0       |
|    u_es8388_config |es8388_config |174    |158     |13      |68      |0       |0       |
|      u_i2c_dri     |i2c_dri       |116    |109     |5       |41      |0       |0       |
|      u_i2c_reg_cfg |i2c_reg_cfg   |58     |49      |8       |27      |0       |0       |
|  u1_pll_clk        |clk_wiz_0     |1      |1       |0       |0       |0       |0       |
|  u2_es8388_ctrl    |es8388_ctrl   |279    |234     |25      |145     |0       |0       |
|    u_audio_receive |audio_receive |78     |49      |12      |55      |0       |0       |
|    u_audio_send    |audio_send    |24     |24      |0       |22      |0       |0       |
|    u_es8388_config |es8388_config |177    |161     |13      |68      |0       |0       |
|      u_i2c_dri     |i2c_dri       |117    |110     |5       |41      |0       |0       |
|      u_i2c_reg_cfg |i2c_reg_cfg   |60     |51      |8       |27      |0       |0       |
|  u2_pll_clk        |clk_wiz_0     |1      |1       |0       |0       |0       |0       |
|  u_es8388_ctrl     |es8388_ctrl   |286    |238     |27      |145     |0       |0       |
|    u_audio_receive |audio_receive |81     |52      |12      |55      |0       |0       |
|    u_audio_send    |audio_send    |23     |21      |0       |22      |0       |0       |
|    u_es8388_config |es8388_config |182    |165     |15      |68      |0       |0       |
|      u_i2c_dri     |i2c_dri       |120    |111     |7       |41      |0       |0       |
|      u_i2c_reg_cfg |i2c_reg_cfg   |62     |54      |8       |27      |0       |0       |
|  u_pll_clk         |clk_wiz_0     |1      |1       |0       |0       |0       |0       |
+----------------------------------------------------------------------------------------+


DataNet Average Fanout:

   Index     Fanout    Nets  
    #1         1       557   
    #2         2       237   
    #3         3        84   
    #4         4        16   
    #5        5-10      78   
    #6       11-50      69   
    #7       51-100     3    
  Average     3.12           

RUN-1002 : start command "export_db ES8388_pr.db"
RUN-1001 : Exported /
RUN-1001 : Exported flow parameters
RUN-1001 : Exported libs
RUN-1001 : Exported entities
RUN-1001 : Exported ports
RUN-1001 : Exported pins
RUN-1001 : Exported instances
RUN-1001 : Exported nets
RUN-1001 : Exported buses
RUN-1001 : Exported models
RUN-1001 : Exported congestions
RUN-1001 : Exported violations
RUN-1001 : Exported IO constraints
RUN-1001 : Exported Inst constraints
RUN-1002 : start command "export_bid ES8388_inst.bid"
RUN-1002 : start command "bitgen -bit ES8388.bit -unused_io_status pulldown"
BIT-1003 : Start to generate bitstream. 
BIT-1002 : Bitgen processed 155 unused pads, reserve input tri_state with pulldown
BIT-1002 : Init instances with 16 threads.
BIT-1002 : Init instances completely, inst num: 657
BIT-1002 : Init pips with 16 threads.
BIT-1002 : Init pips completely, net num: 1092, pip num: 10903
BIT-1002 : Init feedthrough with 16 threads.
BIT-1002 : Init feedthrough completely, num: 11
BIT-1003 : Multithreading accelaration with 16 threads.
BIT-1003 : Generate bitstream completely, there are 1409 valid insts, and 30616 bits set as '1'.
BIT-1004 : PLL setting string = 1110
BIT-1004 : Generate bits file ES8388.bit.
RUN-1003 : finish command "bitgen -bit ES8388.bit -unused_io_status pulldown" in  1.220601s wall, 9.781250s user + 0.843750s system = 10.625000s CPU (870.5%)

RUN-1004 : used memory is 447 MB, reserved memory is 427 MB, peak memory is 644 MB
RUN-1002 : start command "backup_run_log run.log ../.logs/phy_1/td_20251023_160009.log"
