============================================================
   Tang Dynasty, V5.6.71036
      Copyright (c) 2012-2023 Anlogic Inc.
   Executable = D:/TD/bin/td.exe
   Built at =   20:34:38 Mar 21 2023
   Run by =     lyw15
   Run Date =   Sun Oct 19 19:12:49 2025

   Run on =     -001
============================================================
RUN-1002 : start command "open_project ES8388.prj"
RUN-1001 : Print Global Property
RUN-1001 : ---------------------------------------------------------------
RUN-1001 :        Parameters        |  Settings  |  Default Values  |  Note  
RUN-1001 : ---------------------------------------------------------------
RUN-1001 :          message         |  standard  |     standard     |        
RUN-1001 :   mixed_pack_place_flow  |     on     |        on        |        
RUN-1001 :        qor_monitor       |    off     |       off        |        
RUN-1001 :        syn_ip_flow       |    off     |       off        |        
RUN-1001 :          thread          |    auto    |       auto       |        
RUN-1001 : ---------------------------------------------------------------
RUN-1001 : Print Design Property
RUN-1001 : --------------------------------------------------------------
RUN-1001 :        Parameters       |  Settings  |  Default Values  |  Note  
RUN-1001 : --------------------------------------------------------------
RUN-1001 :   default_reg_initial   |    auto    |       auto       |        
RUN-1001 :        infer_add        |     on     |        on        |        
RUN-1001 :        infer_fsm        |    off     |       off        |        
RUN-1001 :        infer_mult       |     on     |        on        |        
RUN-1001 :        infer_ram        |     on     |        on        |        
RUN-1001 :        infer_reg        |     on     |        on        |        
RUN-1001 :   infer_reg_init_value  |     on     |        on        |        
RUN-1001 :        infer_rom        |     on     |        on        |        
RUN-1001 :      infer_shifter      |     on     |        on        |        
RUN-1001 : --------------------------------------------------------------
RUN-1001 : Print Rtl Property
RUN-1001 : --------------------------------------------------------------
RUN-1001 :        Parameters       |  Settings  |  Default Values  |  Note  
RUN-1001 : --------------------------------------------------------------
RUN-1001 :       compress_add      |   ripple   |      ripple      |        
RUN-1001 :        elf_sload        |    off     |       off        |        
RUN-1001 :       fix_undriven      |     0      |        0         |        
RUN-1001 :         flatten         |    off     |       off        |        
RUN-1001 :       gate_sharing      |     on     |        on        |        
RUN-1001 :    hdl_warning_level    |   normal   |      normal      |        
RUN-1001 :   impl_internal_tribuf  |     on     |        on        |        
RUN-1001 :      impl_set_reset     |     on     |        on        |        
RUN-1001 :        infer_gsr        |    off     |       off        |        
RUN-1001 :      keep_hierarchy     |    auto    |       auto       |        
RUN-1001 :        max_fanout       |    9999    |       9999       |        
RUN-1001 :      max_oh2bin_len     |     10     |        10        |        
RUN-1001 :       merge_equal       |     on     |        on        |        
RUN-1001 :       merge_equiv       |     on     |        on        |        
RUN-1001 :        merge_mux        |    off     |       off        |        
RUN-1001 :     min_control_set     |     8      |        8         |        
RUN-1001 :      min_ripple_len     |    auto    |       auto       |        
RUN-1001 :       oh2bin_ratio      |    0.08    |       0.08       |        
RUN-1001 :     opt_adder_fanout    |     on     |        on        |        
RUN-1001 :        opt_arith        |     on     |        on        |        
RUN-1001 :       opt_big_gate      |    off     |       off        |        
RUN-1001 :        opt_const        |     on     |        on        |        
RUN-1001 :      opt_const_mult     |     on     |        on        |        
RUN-1001 :       opt_lessthan      |     on     |        on        |        
RUN-1001 :         opt_mux         |    off     |       off        |        
RUN-1001 :         opt_ram         |    high    |       high       |        
RUN-1001 :      rtl_sim_model      |    off     |       off        |        
RUN-1001 :         seq_syn         |     on     |        on        |        
RUN-1001 : --------------------------------------------------------------
HDL-1007 : analyze verilog file ../../al_ip/clk_wiz_0.v
HDL-1007 : undeclared symbol 'open', assumed default net type 'wire' in ../../al_ip/clk_wiz_0.v(80)
HDL-1007 : analyze verilog file ../../../RTL/audio_receive.v
HDL-1007 : analyze verilog file ../../../RTL/audio_send.v
HDL-1007 : analyze verilog file ../../../RTL/audio_speak.v
HDL-1007 : analyze verilog file ../../../RTL/es8388_config.v
HDL-1007 : analyze verilog file ../../../RTL/es8388_ctrl.v
HDL-1007 : analyze verilog file ../../../RTL/i2c_dri.v
HDL-1007 : analyze verilog file ../../../RTL/i2c_reg_cfg.v
HDL-1007 : analyze verilog file ../../al_ip/direction.v
RUN-1001 : Project manager successfully analyzed 9 source files.
RUN-1002 : start command "import_device eagle_s20.db -package EG4S20BG256"
ARC-1001 : Device Initialization.
ARC-1001 : ------------------------------------------------------------------
ARC-1001 :            OPTION            |          IO          |   SETTING   
ARC-1001 : ------------------------------------------------------------------
ARC-1001 :   cso_b/cclk/mosi/miso/dout  |  T3/R11/T10/P10/S11  |    gpio    
ARC-1001 :             done             |         P13          |    gpio    
ARC-1001 :           program_b          |          T2          |  dedicate  
ARC-1001 :        tdi/tms/tck/tdo       |   C12/A15/C14/E14    |  dedicate  
ARC-1001 : ------------------------------------------------------------------
ARC-1004 : Device setting, marked 5 dedicate IOs in total.
RUN-1002 : start command "import_db ../syn_1/ES8388_gate.db"
RUN-1001 : Importing database generated by Tang Dynasty, V5.6.71036.
RUN-1001 : Database version number 46146.
RUN-1001 : Import flow parameters
RUN-1001 : Import IO constraints
RUN-1001 : Import Inst constraints
RUN-1001 : Import design success TD_VERSION=5.6.71036 , DB_VERSION=46146
RUN-1002 : start command "place"
RUN-1001 : Open license file D:/TD/license/Anlogic.lic
RUN-1001 : Print Global Property
RUN-1001 : ---------------------------------------------------------------
RUN-1001 :        Parameters        |  Settings  |  Default Values  |  Note  
RUN-1001 : ---------------------------------------------------------------
RUN-1001 :          message         |  standard  |     standard     |        
RUN-1001 :   mixed_pack_place_flow  |     on     |        on        |        
RUN-1001 :        qor_monitor       |    off     |       off        |        
RUN-1001 :        syn_ip_flow       |    off     |       off        |        
RUN-1001 :          thread          |    auto    |       auto       |        
RUN-1001 : ---------------------------------------------------------------
RUN-1001 : Print Place Property
RUN-1001 : --------------------------------------------------------------
RUN-1001 :        Parameters       |  Settings  |  Default Values  |  Note  
RUN-1001 : --------------------------------------------------------------
RUN-1001 :      detailed_place     |     on     |        on        |        
RUN-1001 :          effort         |   medium   |      medium      |        
RUN-1001 :         fix_hold        |    off     |       off        |        
RUN-1001 :       legalization      |    ori     |       ori        |        
RUN-1001 :      new_spreading      |     on     |        on        |        
RUN-1001 :        opt_timing       |   medium   |      medium      |        
RUN-1001 :   post_clock_route_opt  |    off     |       off        |        
RUN-1001 :       pr_strategy       |     1      |        1         |        
RUN-1001 :        relaxation       |    1.00    |       1.00       |        
RUN-1001 :         retiming        |    off     |       off        |        
RUN-1001 : --------------------------------------------------------------
PHY-3001 : Placer runs in 24 thread(s).
RUN-1002 : start command "legalize_phy_inst"
SYN-1011 : Flatten model audio_speak
RUN-1002 : start command "phys_opt -simplify_lut"
SYN-4016 : Net ilaclk_1_dup_1 driven by BUFG (0 clock/control pins, 2 other pins).
SYN-4016 : Net ilaclk_dup_1 driven by BUFG (0 clock/control pins, 2 other pins).
SYN-4027 : Net aud_mclk_1_dup_1 is clkc1 of pll u1_pll_clk/pll_inst.
SYN-4019 : Net sys_clk_dup_1 is refclk of pll u1_pll_clk/pll_inst.
SYN-4020 : Net sys_clk_dup_1 is fbclk of pll u1_pll_clk/pll_inst.
SYN-4027 : Net aud_mclk_dup_1 is clkc1 of pll u_pll_clk/pll_inst.
SYN-4019 : Net sys_clk_dup_1 is refclk of pll u_pll_clk/pll_inst.
SYN-4020 : Net sys_clk_dup_1 is fbclk of pll u_pll_clk/pll_inst.
SYN-4024 : Net "aud_bclk_dup_1" drives clk pins.
SYN-4024 : Net "aud_bclk_1_dup_1" drives clk pins.
SYN-4024 : Net "u1_es8388_ctrl/u_es8388_config/u_i2c_dri/dri_clk" drives clk pins.
SYN-4024 : Net "u_es8388_ctrl/u_es8388_config/u_i2c_dri/dri_clk" drives clk pins.
SYN-4025 : Tag rtl::Net aud_bclk_1_dup_1 as clock net
SYN-4025 : Tag rtl::Net aud_bclk_dup_1 as clock net
SYN-4025 : Tag rtl::Net aud_mclk_1_dup_1 as clock net
SYN-4025 : Tag rtl::Net aud_mclk_dup_1 as clock net
SYN-4025 : Tag rtl::Net ilaclk_1_dup_1 as clock net
SYN-4025 : Tag rtl::Net ilaclk_dup_1 as clock net
SYN-4025 : Tag rtl::Net sys_clk_dup_1 as clock net
SYN-4025 : Tag rtl::Net u1_es8388_ctrl/u_es8388_config/u_i2c_dri/dri_clk as clock net
SYN-4025 : Tag rtl::Net u_es8388_ctrl/u_es8388_config/u_i2c_dri/dri_clk as clock net
SYN-4026 : Tagged 9 rtl::Net as clock net
SYN-4015 : Create BUFG instance for clk Net aud_bclk_1_dup_1 to drive 104 clock pins.
SYN-4015 : Create BUFG instance for clk Net aud_bclk_dup_1 to drive 104 clock pins.
SYN-4015 : Create BUFG instance for clk Net u1_es8388_ctrl/u_es8388_config/u_i2c_dri/dri_clk to drive 56 clock pins.
SYN-4015 : Create BUFG instance for clk Net u_es8388_ctrl/u_es8388_config/u_i2c_dri/dri_clk to drive 56 clock pins.
PHY-1001 : Populate physical database on model audio_speak.
RUN-1001 : There are total 4741 instances
RUN-0007 : 2225 luts, 573 seqs, 1248 mslices, 647 lslices, 29 pads, 0 brams, 8 dsps
RUN-1001 : There are total 10272 nets
RUN-1001 : 6184 nets have 2 pins
RUN-1001 : 3787 nets have [3 - 5] pins
RUN-1001 : 90 nets have [6 - 10] pins
RUN-1001 : 96 nets have [11 - 20] pins
RUN-1001 : 88 nets have [21 - 99] pins
RUN-1001 : 27 nets have 100+ pins
RUN-1001 : Report Control nets information:
RUN-1001 : DFF Distribution
RUN-1001 : ----------------------------------
RUN-1001 :   CE   |  SSR  |  ASR  |  DFF Count  
RUN-1001 : ----------------------------------
RUN-1001 :   No   |  No   |  No   |      0      
RUN-1001 :   No   |  No   |  Yes  |     248     
RUN-1001 :   No   |  Yes  |  No   |      0      
RUN-1001 :   Yes  |  No   |  No   |      0      
RUN-1001 :   Yes  |  No   |  Yes  |     325     
RUN-1001 :   Yes  |  Yes  |  No   |      0      
RUN-1001 : ----------------------------------
RUN-0007 : Control Group Statistic
RUN-0007 : ---------------------------
RUN-0007 :   #CLK  |  #CE  |  #SSR/ASR  
RUN-0007 : ---------------------------
RUN-0007 :    5    |   9   |     4      
RUN-0007 : ---------------------------
RUN-0007 : Control Set = 15
PHY-3001 : Initial placement ...
PHY-3001 : design contains 4739 instances, 2225 luts, 573 seqs, 1895 slices, 510 macros(1895 instances: 1248 mslices 647 lslices)
PHY-0007 : Cell area utilization is 30%
PHY-3001 : Global placement ...
PHY-3001 : Initial: Len = 1.45353e+06
PHY-3001 : Clustering ...
PHY-3001 : Level 0 #clusters 4739.
PHY-3001 : End clustering;  0.000050s wall, 0.000000s user + 0.000000s system = 0.000000s CPU (n/a%)

PHY-3001 : Run with size of 4
PHY-3001 : Cell area utilization is 30%
PHY-3001 : :::0::: Try harder cell spreading with beta_ = 0
PHY-3002 : Step(1): len = 1.0437e+06, overlap = 20.9375
PHY-3002 : Step(2): len = 925893, overlap = 28.0625
PHY-3002 : Step(3): len = 517458, overlap = 61.9688
PHY-3002 : Step(4): len = 484982, overlap = 84.1562
PHY-3002 : Step(5): len = 379536, overlap = 118.219
PHY-3002 : Step(6): len = 337241, overlap = 150.25
PHY-3002 : Step(7): len = 297198, overlap = 189.938
PHY-3002 : Step(8): len = 273455, overlap = 242.812
PHY-3002 : Step(9): len = 236659, overlap = 306.25
PHY-3002 : Step(10): len = 208845, overlap = 341.656
PHY-3002 : Step(11): len = 189908, overlap = 349.781
PHY-3002 : Step(12): len = 170921, overlap = 371.688
PHY-3002 : Step(13): len = 163263, overlap = 384.656
PHY-3002 : Step(14): len = 147029, overlap = 398.75
PHY-3002 : Step(15): len = 140446, overlap = 421.531
PHY-3002 : Step(16): len = 129945, overlap = 428.531
PHY-3002 : Step(17): len = 124340, overlap = 444.906
PHY-3002 : Step(18): len = 116588, overlap = 462.469
PHY-3002 : Step(19): len = 111467, overlap = 475.344
PHY-3002 : Step(20): len = 105862, overlap = 496.562
PHY-3001 : :::1::: Try harder cell spreading with beta_ = 2.0795e-06
PHY-3002 : Step(21): len = 101205, overlap = 484.344
PHY-3002 : Step(22): len = 102053, overlap = 480.75
PHY-3002 : Step(23): len = 108901, overlap = 450.375
PHY-3002 : Step(24): len = 126461, overlap = 400.938
PHY-3002 : Step(25): len = 123407, overlap = 367.156
PHY-3002 : Step(26): len = 123585, overlap = 359.719
PHY-3002 : Step(27): len = 121338, overlap = 363.5
PHY-3002 : Step(28): len = 119026, overlap = 357.719
PHY-3002 : Step(29): len = 117086, overlap = 346.25
PHY-3002 : Step(30): len = 112107, overlap = 335.625
PHY-3002 : Step(31): len = 109887, overlap = 320.125
PHY-3002 : Step(32): len = 108092, overlap = 296.219
PHY-3002 : Step(33): len = 104405, overlap = 280.375
PHY-3002 : Step(34): len = 105185, overlap = 257.062
PHY-3002 : Step(35): len = 106422, overlap = 246.875
PHY-3002 : Step(36): len = 105414, overlap = 242.125
PHY-3002 : Step(37): len = 106093, overlap = 239.906
PHY-3002 : Step(38): len = 105723, overlap = 232.562
PHY-3002 : Step(39): len = 105164, overlap = 225.938
PHY-3002 : Step(40): len = 105078, overlap = 217.969
PHY-3002 : Step(41): len = 103910, overlap = 229.906
PHY-3002 : Step(42): len = 103380, overlap = 239.125
PHY-3002 : Step(43): len = 103389, overlap = 251.156
PHY-3001 : :::2::: Try harder cell spreading with beta_ = 4.159e-06
PHY-3002 : Step(44): len = 102833, overlap = 250.219
PHY-3002 : Step(45): len = 103020, overlap = 251.344
PHY-3002 : Step(46): len = 103337, overlap = 246.219
PHY-3001 : :::3::: Try harder cell spreading with beta_ = 7.46341e-06
PHY-3002 : Step(47): len = 109709, overlap = 241.156
PHY-3002 : Step(48): len = 111046, overlap = 241.625
PHY-3002 : Step(49): len = 114040, overlap = 241.938
PHY-3002 : Step(50): len = 116772, overlap = 248.812
PHY-3002 : Step(51): len = 133303, overlap = 164.094
PHY-3002 : Step(52): len = 146050, overlap = 115.875
PHY-3002 : Step(53): len = 143133, overlap = 112.906
PHY-3002 : Step(54): len = 142542, overlap = 108.094
PHY-3002 : Step(55): len = 138175, overlap = 106.656
PHY-3002 : Step(56): len = 129331, overlap = 114.219
PHY-3002 : Step(57): len = 126852, overlap = 117.188
PHY-3002 : Step(58): len = 126361, overlap = 116.812
PHY-3002 : Step(59): len = 125091, overlap = 112.031
PHY-3001 : :::4::: Try harder cell spreading with beta_ = 1.49268e-05
PHY-3002 : Step(60): len = 124978, overlap = 106.562
PHY-3002 : Step(61): len = 125234, overlap = 105.844
PHY-3002 : Step(62): len = 126216, overlap = 110.875
PHY-3001 : :::5::: Try harder cell spreading with beta_ = 2.6275e-05
PHY-3002 : Step(63): len = 126912, overlap = 107.188
PHY-3002 : Step(64): len = 128089, overlap = 104.719
PHY-3002 : Step(65): len = 154224, overlap = 55.2812
PHY-3002 : Step(66): len = 165796, overlap = 58.1562
PHY-3002 : Step(67): len = 162155, overlap = 53.2188
PHY-3002 : Step(68): len = 161538, overlap = 55.3125
PHY-3002 : Step(69): len = 156137, overlap = 61.1875
PHY-3002 : Step(70): len = 154691, overlap = 63.125
PHY-3002 : Step(71): len = 151573, overlap = 61.3438
PHY-3002 : Step(72): len = 151123, overlap = 58.6875
PHY-3002 : Step(73): len = 148997, overlap = 52.7188
PHY-3002 : Step(74): len = 146013, overlap = 57.0312
PHY-3002 : Step(75): len = 145290, overlap = 60.2812
PHY-3002 : Step(76): len = 144651, overlap = 50.0312
PHY-3002 : Step(77): len = 144072, overlap = 50.4375
PHY-3002 : Step(78): len = 140928, overlap = 53.25
PHY-3002 : Step(79): len = 141623, overlap = 50.625
PHY-3002 : Step(80): len = 141873, overlap = 40.7188
PHY-3002 : Step(81): len = 142330, overlap = 38.7188
PHY-3002 : Step(82): len = 142842, overlap = 38.8438
PHY-3001 : :::6::: Try harder cell spreading with beta_ = 5.255e-05
PHY-3002 : Step(83): len = 141879, overlap = 41.0625
PHY-3002 : Step(84): len = 141805, overlap = 43.3125
PHY-3002 : Step(85): len = 142641, overlap = 44.6562
PHY-3001 : Legalization ...
PHY-3001 : End legalization;  0.009471s wall, 0.000000s user + 0.000000s system = 0.000000s CPU (n/a%)

PHY-3001 : Run with size of 4
PHY-3001 : Cell area utilization is 37%
PHY-3001 : Analyzing congestion ...
RUN-1001 : Generating global routing grids ...
RUN-1001 : Building simple global routing graph ...
PHY-1001 : Generate routing nets ...
PHY-1001 : Reuse net number 0/10272.
PHY-1001 : Global iterations in 24 thread ...
PHY-1002 : len = 217504, over cnt = 803(2%), over = 5158, worst = 67
PHY-1001 : End global iterations;  0.241165s wall, 0.234375s user + 0.093750s system = 0.328125s CPU (136.1%)

PHY-1001 : Congestion index: top1 = 66.10, top5 = 47.21, top10 = 38.33, top15 = 32.48.
PHY-3001 : End congestion estimation;  0.332888s wall, 0.328125s user + 0.093750s system = 0.421875s CPU (126.7%)

PHY-3001 : Update density targets...
PHY-3001 : Update congestion history...
PHY-3001 : :::0::: Try harder cell spreading with beta_ = 2.34379e-06
PHY-3002 : Step(86): len = 143725, overlap = 86.0312
PHY-3002 : Step(87): len = 144908, overlap = 91.5625
PHY-3002 : Step(88): len = 136103, overlap = 113.156
PHY-3002 : Step(89): len = 132241, overlap = 140.312
PHY-3002 : Step(90): len = 128846, overlap = 189.875
PHY-3002 : Step(91): len = 119883, overlap = 228.5
PHY-3002 : Step(92): len = 115316, overlap = 263.156
PHY-3002 : Step(93): len = 110687, overlap = 287.844
PHY-3002 : Step(94): len = 108007, overlap = 328.125
PHY-3002 : Step(95): len = 110048, overlap = 359.406
PHY-3002 : Step(96): len = 106126, overlap = 360.656
PHY-3002 : Step(97): len = 101258, overlap = 382.938
PHY-3002 : Step(98): len = 99071.4, overlap = 385.938
PHY-3002 : Step(99): len = 99304.2, overlap = 388.844
PHY-3002 : Step(100): len = 98992.2, overlap = 392
PHY-3001 : :::1::: Try harder cell spreading with beta_ = 4.68758e-06
PHY-3002 : Step(101): len = 101735, overlap = 362.469
PHY-3002 : Step(102): len = 103695, overlap = 346.875
PHY-3002 : Step(103): len = 112853, overlap = 297.75
PHY-3002 : Step(104): len = 116553, overlap = 282.562
PHY-3002 : Step(105): len = 111647, overlap = 242.844
PHY-3002 : Step(106): len = 110120, overlap = 227.188
PHY-3002 : Step(107): len = 110186, overlap = 221.719
PHY-3002 : Step(108): len = 108647, overlap = 226.438
PHY-3002 : Step(109): len = 109370, overlap = 236.75
PHY-3002 : Step(110): len = 109295, overlap = 233.125
PHY-3002 : Step(111): len = 106770, overlap = 233.906
PHY-3002 : Step(112): len = 108210, overlap = 232.781
PHY-3002 : Step(113): len = 108890, overlap = 232.656
PHY-3001 : :::2::: Try harder cell spreading with beta_ = 9.37517e-06
PHY-3002 : Step(114): len = 109695, overlap = 223.344
PHY-3002 : Step(115): len = 111075, overlap = 219.438
PHY-3002 : Step(116): len = 115881, overlap = 205.156
PHY-3001 : :::3::: Try harder cell spreading with beta_ = 1.87503e-05
PHY-3002 : Step(117): len = 128411, overlap = 172.406
PHY-3002 : Step(118): len = 136419, overlap = 163.375
PHY-3002 : Step(119): len = 148808, overlap = 105.656
PHY-3002 : Step(120): len = 150480, overlap = 109.75
PHY-3002 : Step(121): len = 145431, overlap = 94.1562
PHY-3002 : Step(122): len = 143589, overlap = 81.625
PHY-3002 : Step(123): len = 141823, overlap = 63.4375
PHY-3002 : Step(124): len = 141176, overlap = 54.0938
PHY-3002 : Step(125): len = 139645, overlap = 50.1875
PHY-3002 : Step(126): len = 141165, overlap = 47.875
PHY-3002 : Step(127): len = 142066, overlap = 53.7188
PHY-3002 : Step(128): len = 140236, overlap = 55
PHY-3002 : Step(129): len = 138701, overlap = 54.3125
PHY-3002 : Step(130): len = 137580, overlap = 62.0625
PHY-3002 : Step(131): len = 138006, overlap = 69.3125
PHY-3002 : Step(132): len = 137794, overlap = 73.5312
PHY-3002 : Step(133): len = 138161, overlap = 76
PHY-3002 : Step(134): len = 138469, overlap = 81.7812
PHY-3002 : Step(135): len = 136967, overlap = 80.6875
PHY-3001 : :::4::: Try harder cell spreading with beta_ = 3.75007e-05
PHY-3002 : Step(136): len = 140956, overlap = 79.2188
PHY-3002 : Step(137): len = 142635, overlap = 75.8438
PHY-3002 : Step(138): len = 143700, overlap = 71.9062
PHY-3002 : Step(139): len = 144298, overlap = 66.9688
PHY-3002 : Step(140): len = 142183, overlap = 56.1562
PHY-3002 : Step(141): len = 142717, overlap = 48.7188
PHY-3002 : Step(142): len = 143078, overlap = 39.5625
PHY-3002 : Step(143): len = 143603, overlap = 37.3438
PHY-3002 : Step(144): len = 142571, overlap = 34.25
PHY-3002 : Step(145): len = 143574, overlap = 32.875
PHY-3002 : Step(146): len = 144531, overlap = 35.3125
PHY-3001 : :::5::: Try harder cell spreading with beta_ = 7.50013e-05
PHY-3002 : Step(147): len = 143547, overlap = 35.375
PHY-3002 : Step(148): len = 144721, overlap = 36.2812
PHY-3002 : Step(149): len = 148315, overlap = 36.625
PHY-3001 : :::6::: Try harder cell spreading with beta_ = 0.000150003
PHY-3002 : Step(150): len = 148810, overlap = 33.2812
PHY-3002 : Step(151): len = 149410, overlap = 32.8438
PHY-3002 : Step(152): len = 157091, overlap = 22.9062
PHY-3002 : Step(153): len = 161134, overlap = 16.3438
PHY-3002 : Step(154): len = 161604, overlap = 11.5
PHY-3002 : Step(155): len = 160675, overlap = 10.5312
PHY-3002 : Step(156): len = 161876, overlap = 11.3125
PHY-3002 : Step(157): len = 161505, overlap = 15.9375
PHY-3002 : Step(158): len = 161470, overlap = 16.0312
PHY-3002 : Step(159): len = 159967, overlap = 15
PHY-3002 : Step(160): len = 158933, overlap = 11.2188
PHY-3002 : Step(161): len = 159057, overlap = 7.5
PHY-3002 : Step(162): len = 158550, overlap = 9.40625
PHY-3002 : Step(163): len = 158594, overlap = 11.3438
PHY-3002 : Step(164): len = 156645, overlap = 10.0625
PHY-3002 : Step(165): len = 156229, overlap = 7.875
PHY-3002 : Step(166): len = 155796, overlap = 6.53125
PHY-3001 : :::7::: Try harder cell spreading with beta_ = 0.000283025
PHY-3002 : Step(167): len = 156655, overlap = 10.1875
PHY-3002 : Step(168): len = 156655, overlap = 10.1875
PHY-3002 : Step(169): len = 157299, overlap = 8.03125
PHY-3001 : Run with size of 2
PHY-3001 : Cell area utilization is 37%
PHY-3001 : Analyzing congestion ...
RUN-1001 : Generating global routing grids ...
PHY-1001 : Generate routing nets ...
PHY-1001 : Reuse net number 7/10272.
PHY-1001 : Global iterations in 24 thread ...
PHY-1002 : len = 240520, over cnt = 774(2%), over = 4854, worst = 90
PHY-1001 : End global iterations;  0.220615s wall, 0.312500s user + 0.156250s system = 0.468750s CPU (212.5%)

PHY-1001 : Congestion index: top1 = 61.79, top5 = 43.34, top10 = 34.76, top15 = 29.32.
PHY-3001 : End congestion estimation;  0.307806s wall, 0.375000s user + 0.171875s system = 0.546875s CPU (177.7%)

PHY-3001 : Update density targets...
PHY-3001 : Update congestion history...
PHY-3001 : :::0::: Try harder cell spreading with beta_ = 3.15429e-05
PHY-3002 : Step(170): len = 164429, overlap = 144.906
PHY-3002 : Step(171): len = 166660, overlap = 136.25
PHY-3002 : Step(172): len = 162360, overlap = 106.875
PHY-3002 : Step(173): len = 163048, overlap = 108.125
PHY-3002 : Step(174): len = 161300, overlap = 89.125
PHY-3002 : Step(175): len = 158733, overlap = 86.9688
PHY-3002 : Step(176): len = 156113, overlap = 88.9688
PHY-3002 : Step(177): len = 151832, overlap = 113.656
PHY-3002 : Step(178): len = 148822, overlap = 117.562
PHY-3002 : Step(179): len = 147290, overlap = 109.781
PHY-3002 : Step(180): len = 145956, overlap = 119.969
PHY-3002 : Step(181): len = 142579, overlap = 131.375
PHY-3002 : Step(182): len = 141155, overlap = 141.281
PHY-3002 : Step(183): len = 139840, overlap = 138.406
PHY-3002 : Step(184): len = 138243, overlap = 120.188
PHY-3002 : Step(185): len = 136699, overlap = 143.562
PHY-3002 : Step(186): len = 136283, overlap = 143.812
PHY-3002 : Step(187): len = 135596, overlap = 129.75
PHY-3002 : Step(188): len = 134912, overlap = 140.719
PHY-3002 : Step(189): len = 134905, overlap = 148.875
PHY-3001 : :::1::: Try harder cell spreading with beta_ = 6.30859e-05
PHY-3002 : Step(190): len = 139102, overlap = 142.688
PHY-3002 : Step(191): len = 140698, overlap = 138.781
PHY-3002 : Step(192): len = 145226, overlap = 128.719
PHY-3002 : Step(193): len = 147517, overlap = 116.531
PHY-3002 : Step(194): len = 146556, overlap = 110.656
PHY-3002 : Step(195): len = 145696, overlap = 94.9375
PHY-3002 : Step(196): len = 144745, overlap = 89.1875
PHY-3002 : Step(197): len = 144695, overlap = 88.75
PHY-3002 : Step(198): len = 145050, overlap = 85.0625
PHY-3001 : :::2::: Try harder cell spreading with beta_ = 0.000126172
PHY-3002 : Step(199): len = 148017, overlap = 79.125
PHY-3002 : Step(200): len = 148628, overlap = 77.9688
PHY-3002 : Step(201): len = 152179, overlap = 64.0625
PHY-3002 : Step(202): len = 154047, overlap = 61.4688
PHY-3002 : Step(203): len = 156673, overlap = 66.6875
PHY-3001 : :::3::: Try harder cell spreading with beta_ = 0.000252343
PHY-3002 : Step(204): len = 157604, overlap = 67.1562
PHY-3002 : Step(205): len = 157868, overlap = 66.5312
PHY-3002 : Step(206): len = 159753, overlap = 64.9688
PHY-3002 : Step(207): len = 162769, overlap = 56.5312
PHY-3002 : Step(208): len = 166764, overlap = 51.4062
PHY-3002 : Step(209): len = 167515, overlap = 47
PHY-3002 : Step(210): len = 167732, overlap = 45.5625
PHY-3002 : Step(211): len = 166857, overlap = 45.375
PHY-3002 : Step(212): len = 166399, overlap = 46.5312
PHY-3002 : Step(213): len = 165616, overlap = 40.375
PHY-3002 : Step(214): len = 165117, overlap = 38.7812
PHY-3002 : Step(215): len = 164394, overlap = 36.8438
PHY-3002 : Step(216): len = 164180, overlap = 36.9062
PHY-3002 : Step(217): len = 164013, overlap = 35.8438
PHY-3001 : :::4::: Try harder cell spreading with beta_ = 0.000485357
PHY-3002 : Step(218): len = 165873, overlap = 32.875
PHY-3002 : Step(219): len = 166558, overlap = 32.4688
PHY-3002 : Step(220): len = 169374, overlap = 32.0312
PHY-3002 : Step(221): len = 171693, overlap = 25.8438
PHY-3002 : Step(222): len = 173259, overlap = 24.7812
PHY-3002 : Step(223): len = 173940, overlap = 25.6562
PHY-3002 : Step(224): len = 174091, overlap = 24.5312
PHY-3002 : Step(225): len = 173902, overlap = 27
PHY-3001 : :::5::: Try harder cell spreading with beta_ = 0.000894457
PHY-3002 : Step(226): len = 174757, overlap = 27.9688
PHY-3002 : Step(227): len = 175715, overlap = 26.625
PHY-3002 : Step(228): len = 177028, overlap = 23.6875
OPT-1001 : Start physical optimization ...
OPT-1001 : Total overflow 322.44 peak overflow 4.38
OPT-1001 : Start high-fanout net optimization ...
OPT-1001 : Update timing in global mode
PHY-1001 : Start incremental global routing, caller is place ...
RUN-1001 : Generating global routing grids ...
PHY-1001 : Generate routing nets ...
PHY-1001 : Reuse net number 71/10272.
PHY-1001 : Global iterations in 24 thread ...
PHY-1002 : len = 286200, over cnt = 924(2%), over = 4308, worst = 26
PHY-1001 : End global iterations;  0.327273s wall, 0.234375s user + 0.234375s system = 0.468750s CPU (143.2%)

PHY-1001 : Congestion index: top1 = 44.22, top5 = 36.43, top10 = 31.63, top15 = 28.36.
PHY-1001 : End incremental global routing;  0.408303s wall, 0.296875s user + 0.250000s system = 0.546875s CPU (133.9%)

RUN-1002 : start command "start_timer -report"
TMR-5001 WARNING: No sdc constraints found while initiating timer.
TMR-2505 : Start building timing graph for model audio_speak.
TMR-2506 : Build timing graph completely. Port num: 28, tpin num: 29312, tnet num: 6046, tinst num: 4739, tnode num: 33488, tedge num: 51029.
TMR-2508 : Levelizing timing graph completed, there are 559 levels in total.
TMR-2501 : Timing graph initialized successfully.
OPT-1001 : End timing update;  0.351653s wall, 0.328125s user + 0.000000s system = 0.328125s CPU (93.3%)

OPT-1001 : 0 high-fanout net processed.
OPT-1001 : End high-fanout net optimization;  0.838514s wall, 0.703125s user + 0.250000s system = 0.953125s CPU (113.7%)

OPT-1001 : Current memory(MB): used = 327, reserve = 302, peak = 327.
OPT-1001 : End physical optimization;  0.874941s wall, 0.734375s user + 0.250000s system = 0.984375s CPU (112.5%)

PHY-3001 : Start packing ...
SYN-4007 : Packing 0 MUX to BLE ...
SYN-4008 : Packed 0 MUX and 0 SEQ to BLE.
SYN-4007 : Packing 2225 LUT to BLE ...
SYN-4008 : Packed 2225 LUT and 381 SEQ to BLE.
SYN-4003 : Packing 192 remaining SEQ's ...
SYN-4005 : Packed 112 SEQ with LUT/SLICE
SYN-4006 : 1754 single LUT's are left
SYN-4006 : 80 single SEQ's are left
SYN-4011 : Packing model "audio_speak" (AL_USER_NORMAL) with 2305/4248 primitive instances ...
PHY-3001 : End packing;  0.097471s wall, 0.078125s user + 0.015625s system = 0.093750s CPU (96.2%)

PHY-1001 : Populate physical database on model audio_speak.
RUN-1001 : There are total 3163 instances
RUN-1001 : 1558 mslices, 1557 lslices, 29 pads, 0 brams, 8 dsps
RUN-1001 : There are total 9906 nets
RUN-1001 : 5833 nets have 2 pins
RUN-1001 : 3772 nets have [3 - 5] pins
RUN-1001 : 90 nets have [6 - 10] pins
RUN-1001 : 98 nets have [11 - 20] pins
RUN-1001 : 89 nets have [21 - 99] pins
RUN-1001 : 24 nets have 100+ pins
PHY-3001 : design contains 3161 instances, 3115 slices, 510 macros(1895 instances: 1248 mslices 647 lslices)
PHY-3001 : Cell area utilization is 38%
PHY-3001 : After packing: Len = 176365, Over = 46.75
PHY-3001 : Run with size of 2
PHY-3001 : Cell area utilization is 38%
PHY-3001 : Analyzing congestion ...
RUN-1001 : Generating global routing grids ...
PHY-1001 : Generate routing nets ...
PHY-1001 : Reuse net number 5631/9906.
PHY-1001 : Global iterations in 24 thread ...
PHY-1002 : len = 285432, over cnt = 813(2%), over = 3567, worst = 25
PHY-1002 : len = 310344, over cnt = 599(1%), over = 1857, worst = 23
PHY-1002 : len = 328136, over cnt = 305(0%), over = 787, worst = 18
PHY-1002 : len = 335336, over cnt = 121(0%), over = 316, worst = 18
PHY-1002 : len = 340424, over cnt = 0(0%), over = 0, worst = 0
PHY-1001 : End global iterations;  0.390647s wall, 0.390625s user + 0.093750s system = 0.484375s CPU (124.0%)

PHY-1001 : Congestion index: top1 = 40.71, top5 = 33.89, top10 = 30.14, top15 = 27.51.
PHY-3001 : End congestion estimation;  0.483387s wall, 0.484375s user + 0.093750s system = 0.578125s CPU (119.6%)

PHY-3001 : Update density targets...
PHY-3001 : Update congestion history...
PHY-3001 : :::0::: Try harder cell spreading with beta_ = 3.65822e-05
PHY-3002 : Step(229): len = 163152, overlap = 48
PHY-3002 : Step(230): len = 158199, overlap = 54.75
PHY-3002 : Step(231): len = 157463, overlap = 57.75
PHY-3002 : Step(232): len = 154187, overlap = 64
PHY-3002 : Step(233): len = 153693, overlap = 66.5
PHY-3002 : Step(234): len = 153921, overlap = 69.25
PHY-3001 : :::1::: Try harder cell spreading with beta_ = 7.31645e-05
PHY-3002 : Step(235): len = 160342, overlap = 59.75
PHY-3002 : Step(236): len = 162478, overlap = 58.75
PHY-3002 : Step(237): len = 165267, overlap = 54
PHY-3001 : :::2::: Try harder cell spreading with beta_ = 0.000146329
PHY-3002 : Step(238): len = 171044, overlap = 51
PHY-3002 : Step(239): len = 173639, overlap = 48
PHY-3002 : Step(240): len = 179622, overlap = 45.5
PHY-3002 : Step(241): len = 180807, overlap = 40.25
PHY-3002 : Step(242): len = 178581, overlap = 33.75
PHY-3002 : Step(243): len = 178023, overlap = 33
PHY-3002 : Step(244): len = 178057, overlap = 32.25
PHY-3002 : Step(245): len = 178616, overlap = 30.25
PHY-3002 : Step(246): len = 179418, overlap = 30
PHY-3002 : Step(247): len = 179731, overlap = 32.5
PHY-3002 : Step(248): len = 179632, overlap = 36.5
PHY-3002 : Step(249): len = 179780, overlap = 39
PHY-3002 : Step(250): len = 180250, overlap = 36.25
PHY-3002 : Step(251): len = 180375, overlap = 35.25
PHY-3002 : Step(252): len = 179697, overlap = 35
PHY-3002 : Step(253): len = 179500, overlap = 35.75
PHY-3002 : Step(254): len = 179446, overlap = 35.5
PHY-3001 : :::3::: Try harder cell spreading with beta_ = 0.00028863
PHY-3002 : Step(255): len = 184243, overlap = 33.25
PHY-3002 : Step(256): len = 187144, overlap = 33
PHY-3002 : Step(257): len = 189843, overlap = 32.25
PHY-3001 : :::4::: Try harder cell spreading with beta_ = 0.000577261
PHY-3002 : Step(258): len = 192180, overlap = 29
PHY-3002 : Step(259): len = 194469, overlap = 26.75
PHY-3002 : Step(260): len = 200629, overlap = 25
PHY-3002 : Step(261): len = 205350, overlap = 22.75
PHY-3002 : Step(262): len = 206423, overlap = 21.75
PHY-3002 : Step(263): len = 206545, overlap = 19.25
PHY-3002 : Step(264): len = 206621, overlap = 20.25
PHY-3002 : Step(265): len = 206615, overlap = 19.5
PHY-3002 : Step(266): len = 206439, overlap = 19.25
PHY-3002 : Step(267): len = 206082, overlap = 20.25
PHY-3002 : Step(268): len = 205658, overlap = 20.5
PHY-3002 : Step(269): len = 205312, overlap = 21
PHY-3002 : Step(270): len = 205122, overlap = 19.75
PHY-3002 : Step(271): len = 204692, overlap = 19.5
PHY-3002 : Step(272): len = 204240, overlap = 20.5
PHY-3002 : Step(273): len = 204045, overlap = 20.75
PHY-3002 : Step(274): len = 203842, overlap = 20.25
PHY-3002 : Step(275): len = 203614, overlap = 19.5
PHY-3002 : Step(276): len = 203435, overlap = 19.5
PHY-3001 : :::5::: Try harder cell spreading with beta_ = 0.00105027
PHY-3002 : Step(277): len = 205495, overlap = 19.25
PHY-3002 : Step(278): len = 207503, overlap = 18.5
PHY-3002 : Step(279): len = 208464, overlap = 18.5
PHY-3001 : :::6::: Try harder cell spreading with beta_ = 0.00192999
PHY-3002 : Step(280): len = 209452, overlap = 18.5
PHY-3002 : Step(281): len = 211145, overlap = 18.25
PHY-3002 : Step(282): len = 213357, overlap = 18
PHY-3002 : Step(283): len = 215597, overlap = 18.75
PHY-3002 : Step(284): len = 216227, overlap = 20
PHY-3002 : Step(285): len = 216684, overlap = 19.5
PHY-3002 : Step(286): len = 216910, overlap = 19.5
PHY-3001 : :::7::: Try harder cell spreading with beta_ = 0.00312272
PHY-3002 : Step(287): len = 217394, overlap = 19.5
PHY-3002 : Step(288): len = 218065, overlap = 19.5
PHY-3002 : Step(289): len = 218844, overlap = 20
PHY-3001 : Legalization ...
PHY-3001 : End legalization;  1.073219s wall, 1.593750s user + 1.812500s system = 3.406250s CPU (317.4%)

PHY-3001 : Trial Legalized: Len = 236473
PHY-3001 : Run with size of 2
PHY-3001 : Cell area utilization is 36%
PHY-3001 : Analyzing congestion ...
RUN-1001 : Generating global routing grids ...
PHY-1001 : Generate routing nets ...
PHY-1001 : Reuse net number 66/9906.
PHY-1001 : Global iterations in 24 thread ...
PHY-1002 : len = 347416, over cnt = 599(1%), over = 1220, worst = 8
PHY-1002 : len = 351848, over cnt = 368(1%), over = 613, worst = 6
PHY-1002 : len = 356280, over cnt = 65(0%), over = 94, worst = 5
PHY-1002 : len = 356968, over cnt = 20(0%), over = 24, worst = 3
PHY-1002 : len = 357288, over cnt = 0(0%), over = 0, worst = 0
PHY-1001 : End global iterations;  0.725974s wall, 0.781250s user + 0.281250s system = 1.062500s CPU (146.4%)

PHY-1001 : Congestion index: top1 = 34.35, top5 = 28.61, top10 = 25.73, top15 = 23.94.
PHY-3001 : End congestion estimation;  0.831422s wall, 0.859375s user + 0.312500s system = 1.171875s CPU (140.9%)

PHY-3001 : Update density targets...
PHY-3001 : Update congestion history...
PHY-3001 : :::0::: Try harder cell spreading with beta_ = 0.000128856
PHY-3002 : Step(290): len = 211472, overlap = 3.5
PHY-3002 : Step(291): len = 205696, overlap = 3.75
PHY-3002 : Step(292): len = 204848, overlap = 4.25
PHY-3002 : Step(293): len = 204005, overlap = 5.25
PHY-3002 : Step(294): len = 204037, overlap = 5.75
PHY-3002 : Step(295): len = 203992, overlap = 5.75
PHY-3001 : :::1::: Try harder cell spreading with beta_ = 0.000257711
PHY-3002 : Step(296): len = 208088, overlap = 4
PHY-3002 : Step(297): len = 210139, overlap = 3.75
PHY-3002 : Step(298): len = 211000, overlap = 3.5
PHY-3001 : Legalization ...
PHY-3001 : End legalization;  0.007148s wall, 0.000000s user + 0.000000s system = 0.000000s CPU (n/a%)

PHY-3001 : Legalized: Len = 213643, Over = 0
PHY-3001 : Spreading special nets. 5 overflows in 2952 tiles.
PHY-3001 : End spreading;  0.009636s wall, 0.015625s user + 0.000000s system = 0.015625s CPU (162.2%)

PHY-3001 : 5 instances has been re-located, deltaX = 2, deltaY = 3, maxDist = 1.
PHY-3001 : Final: Len = 213657, Over = 0
OPT-1001 : Start physical optimization ...
OPT-1001 : Total overflow 0.00 peak overflow 0.00
OPT-1001 : Start high-fanout net optimization ...
OPT-1001 : Update timing in global mode
PHY-1001 : Start incremental global routing, caller is place ...
RUN-1001 : Generating global routing grids ...
PHY-1001 : Generate routing nets ...
PHY-1001 : Reuse net number 1195/9906.
PHY-1001 : Global iterations in 24 thread ...
PHY-1002 : len = 333768, over cnt = 453(1%), over = 738, worst = 6
PHY-1002 : len = 336336, over cnt = 269(0%), over = 364, worst = 6
PHY-1002 : len = 338936, over cnt = 63(0%), over = 86, worst = 4
PHY-1002 : len = 339616, over cnt = 6(0%), over = 6, worst = 1
PHY-1002 : len = 339672, over cnt = 0(0%), over = 0, worst = 0
PHY-1001 : End global iterations;  0.396932s wall, 0.515625s user + 0.187500s system = 0.703125s CPU (177.1%)

PHY-1001 : Congestion index: top1 = 32.18, top5 = 27.17, top10 = 24.76, top15 = 23.05.
PHY-1001 : End incremental global routing;  0.493696s wall, 0.593750s user + 0.187500s system = 0.781250s CPU (158.2%)

RUN-1002 : start command "start_timer -report"
TMR-5001 WARNING: No sdc constraints found while initiating timer.
TMR-2505 : Start building timing graph for model audio_speak.
TMR-2506 : Build timing graph completely. Port num: 28, tpin num: 27962, tnet num: 5680, tinst num: 3161, tnode num: 31535, tedge num: 49355.
TMR-2508 : Levelizing timing graph completed, there are 559 levels in total.
TMR-2501 : Timing graph initialized successfully.
OPT-1001 : End timing update;  0.379447s wall, 0.343750s user + 0.046875s system = 0.390625s CPU (102.9%)

OPT-1001 : 0 high-fanout net processed.
OPT-1001 : End high-fanout net optimization;  0.958717s wall, 1.015625s user + 0.234375s system = 1.250000s CPU (130.4%)

OPT-1001 : Current memory(MB): used = 346, reserve = 321, peak = 346.
OPT-1001 : Update timing in Manhattan mode
OPT-1001 : End timing update;  0.006629s wall, 0.015625s user + 0.000000s system = 0.015625s CPU (235.7%)

OPT-1001 : Start pin optimization...
OPT-1001 : skip pin optimization...
RUN-1001 : Generating global routing grids ...
PHY-1001 : Generate routing nets ...
PHY-1001 : Reuse net number 5018/9906.
PHY-1001 : Global iterations in 24 thread ...
PHY-1002 : len = 339672, over cnt = 0(0%), over = 0, worst = 0
PHY-1001 : End global iterations;  0.024224s wall, 0.031250s user + 0.000000s system = 0.031250s CPU (129.0%)

PHY-1001 : Congestion index: top1 = 32.18, top5 = 27.17, top10 = 24.76, top15 = 23.05.
OPT-1001 : Update timing in Manhattan mode
OPT-1001 : End timing update;  0.007097s wall, 0.015625s user + 0.000000s system = 0.015625s CPU (220.2%)

RUN-1001 : QoR Analysis:
OPT-0007 :   WNS 2147483647 TNS 0 NUM_FEPS 0
RUN-1001 :   No local congestion issue, and most congested 1% tile average routing util is 31.758621
RUN-1001 :   Top critical paths
OPT-1001 : End physical optimization;  1.130333s wall, 1.203125s user + 0.234375s system = 1.437500s CPU (127.2%)

RUN-1003 : finish command "place" in  14.198069s wall, 22.890625s user + 21.906250s system = 44.796875s CPU (315.5%)

RUN-1004 : used memory is 294 MB, reserved memory is 268 MB, peak memory is 351 MB
RUN-1002 : start command "export_db ES8388_place.db"
RUN-1001 : Exported /
RUN-1001 : Exported flow parameters
RUN-1001 : Exported libs
RUN-1001 : Exported entities
RUN-1001 : Exported ports
RUN-1001 : Exported pins
RUN-1001 : Exported instances
RUN-1001 : Exported nets
RUN-1001 : Exported buses
RUN-1001 : Exported models
RUN-1001 : Exported congestions
RUN-1001 : Exported violations
RUN-1001 : Exported IO constraints
RUN-1001 : Exported Inst constraints
RUN-1002 : start command "route"
RUN-1001 : Open license file D:/TD/license/Anlogic.lic
RUN-1001 : Print Global Property
RUN-1001 : ---------------------------------------------------------------
RUN-1001 :        Parameters        |  Settings  |  Default Values  |  Note  
RUN-1001 : ---------------------------------------------------------------
RUN-1001 :          message         |  standard  |     standard     |        
RUN-1001 :   mixed_pack_place_flow  |     on     |        on        |        
RUN-1001 :        qor_monitor       |    off     |       off        |        
RUN-1001 :        syn_ip_flow       |    off     |       off        |        
RUN-1001 :          thread          |    auto    |       auto       |        
RUN-1001 : ---------------------------------------------------------------
RUN-1001 : Print Route Property
RUN-1001 : -------------------------------------------------------
RUN-1001 :    Parameters    |  Settings  |  Default Values  |  Note  
RUN-1001 : -------------------------------------------------------
RUN-1001 :      effort      |   medium   |      medium      |        
RUN-1001 :     fix_hold     |    off     |       off        |        
RUN-1001 :    opt_timing    |   medium   |      medium      |        
RUN-1001 :   phy_sim_model  |    off     |       off        |        
RUN-1001 :     priority     |   timing   |      timing      |        
RUN-1001 :     swap_pin     |     on     |        on        |        
RUN-1001 : -------------------------------------------------------
PHY-1001 : Route runs in 24 thread(s)
RUN-1001 : There are total 3163 instances
RUN-1001 : 1558 mslices, 1557 lslices, 29 pads, 0 brams, 8 dsps
RUN-1001 : There are total 9906 nets
RUN-1001 : 5833 nets have 2 pins
RUN-1001 : 3772 nets have [3 - 5] pins
RUN-1001 : 90 nets have [6 - 10] pins
RUN-1001 : 98 nets have [11 - 20] pins
RUN-1001 : 89 nets have [21 - 99] pins
RUN-1001 : 24 nets have 100+ pins
RUN-1002 : start command "start_timer -report"
TMR-5001 WARNING: No sdc constraints found while initiating timer.
TMR-2505 : Start building timing graph for model audio_speak.
TMR-2506 : Build timing graph completely. Port num: 28, tpin num: 27962, tnet num: 5680, tinst num: 3161, tnode num: 31535, tedge num: 49355.
TMR-2508 : Levelizing timing graph completed, there are 559 levels in total.
TMR-2501 : Timing graph initialized successfully.
PHY-1001 : 1558 mslices, 1557 lslices, 29 pads, 0 brams, 8 dsps
TMR-2503 : Start to update net delay, extr mode = 3.
TMR-2504 : Update delay of 5680 nets completely.
TMR-2502 : Annotate delay completely, extr mode = 3.
TMR-3002 : No user constraint, initiate default constraint.
TMR-1501 : Assign derive clock DeriveClock to 1158 clock pins, and constraint 3566 relative nodes.
TMR-3003 : Constraints initiated successfully.
TMR-3501 : Forward propagation: start to calculate arrival time...
TMR-3502 : Backward propagation: start to calculate required time...
TMR-3503 : Timing propagation completes.
PHY-1001 : Start global routing, caller is route ...
RUN-1001 : Generating global routing grids ...
PHY-1001 : Generate routing nets ...
PHY-1001 : Global iterations in 24 thread ...
PHY-1002 : len = 324568, over cnt = 618(1%), over = 1201, worst = 7
PHY-1002 : len = 330016, over cnt = 375(1%), over = 593, worst = 7
PHY-1002 : len = 334296, over cnt = 77(0%), over = 109, worst = 4
PHY-1002 : len = 335400, over cnt = 0(0%), over = 0, worst = 0
PHY-1001 : End global iterations;  0.663928s wall, 0.750000s user + 0.312500s system = 1.062500s CPU (160.0%)

PHY-1001 : Congestion index: top1 = 32.78, top5 = 27.34, top10 = 24.82, top15 = 23.12.
PHY-1001 : End global routing;  0.781458s wall, 0.859375s user + 0.312500s system = 1.171875s CPU (150.0%)

PHY-1001 : Start detail routing ...
PHY-1001 : Current memory(MB): used = 420, reserve = 397, peak = 421.
PHY-1001 : Detailed router is running in normal mode.
PHY-1001 : Generate detailed routing grids ...
PHY-1001 : Processed IO instance aud_dacdat_syn_4 with INV attribute.
PHY-1001 : Processed IO instance aud_dacdat_1_syn_4 with INV attribute.
PHY-1001 : Generate nets ...
PHY-1001 : clock net aud_bclk_syn_4 will be merged with clock aud_bclk_dup_1
PHY-1001 : clock net aud_bclk_1_syn_4 will be merged with clock aud_bclk_1_dup_1
PHY-1001 : net aud_mclk_dup_1 will be routed on clock mesh
PHY-1001 : net aud_mclk_1_dup_1 will be routed on clock mesh
PHY-1001 : clock net ilaclk_dup_1 will be merged with clock u_pll_clk/clk0_buf
PHY-1001 : clock net ilaclk_1_dup_1 will be merged with clock u1_pll_clk/clk0_buf
PHY-1001 : net sys_clk_dup_1 will be routed on clock mesh
PHY-1001 : clock net u_es8388_ctrl/u_es8388_config/u_i2c_dri/dri_clk_syn_4 will be merged with clock u_es8388_ctrl/u_es8388_config/u_i2c_dri/dri_clk
PHY-1001 : clock net u1_es8388_ctrl/u_es8388_config/u_i2c_dri/dri_clk_syn_4 will be merged with clock u1_es8388_ctrl/u_es8388_config/u_i2c_dri/dri_clk
PHY-1001 : Current memory(MB): used = 665, reserve = 646, peak = 665.
PHY-1001 : End build detailed router design. 2.681573s wall, 2.562500s user + 0.093750s system = 2.656250s CPU (99.1%)

PHY-1001 : Detail Route ...
PHY-1001 : ===== Detail Route Phase 1 =====
PHY-1001 : Clock net routing.....
PHY-1001 : Routed 0% nets.
PHY-1022 : len = 74384, over cnt = 0(0%), over = 0, worst = 0, crit = 0
PHY-1001 : End initial clock net routed; 1.794701s wall, 1.781250s user + 0.000000s system = 1.781250s CPU (99.3%)

PHY-1001 : Current memory(MB): used = 698, reserve = 680, peak = 698.
PHY-1001 : End phase 1; 1.799453s wall, 1.781250s user + 0.000000s system = 1.781250s CPU (99.0%)

PHY-1001 : ===== Detail Route Phase 2 =====
PHY-1001 : Initial routing.....
PHY-1001 : Routed 20% nets.
PHY-1001 : Routed 24% nets.
PHY-1001 : Routed 29% nets.
PHY-1001 : Routed 37% nets.
PHY-1001 : Routed 50% nets.
PHY-1022 : len = 1.41666e+06, over cnt = 156(0%), over = 156, worst = 1, crit = 0
PHY-1001 : Current memory(MB): used = 702, reserve = 683, peak = 702.
PHY-1001 : End initial routed; 9.860767s wall, 9.546875s user + 2.812500s system = 12.359375s CPU (125.3%)

PHY-1001 : Current memory(MB): used = 702, reserve = 683, peak = 702.
PHY-1001 : End phase 2; 9.860858s wall, 9.546875s user + 2.812500s system = 12.359375s CPU (125.3%)

PHY-1001 : ===== Detail Route Phase 3 =====
PHY-1001 : Ripup-reroute.....
PHY-1001 : ===== DR Iter 1 =====
PHY-1022 : len = 1.41294e+06, over cnt = 25(0%), over = 25, worst = 1, crit = 0
PHY-1001 : End DR Iter 1; 0.111485s wall, 0.093750s user + 0.078125s system = 0.171875s CPU (154.2%)

PHY-1001 : ===== DR Iter 2 =====
PHY-1022 : len = 1.41271e+06, over cnt = 8(0%), over = 8, worst = 1, crit = 0
PHY-1001 : End DR Iter 2; 0.058174s wall, 0.046875s user + 0.000000s system = 0.046875s CPU (80.6%)

PHY-1001 : ===== DR Iter 3 =====
PHY-1022 : len = 1.41282e+06, over cnt = 0(0%), over = 0, worst = 0, crit = 0
PHY-1001 : End DR Iter 3; 0.039227s wall, 0.046875s user + 0.000000s system = 0.046875s CPU (119.5%)

PHY-1001 : Commit to database.....
PHY-1001 : 12 feed throughs used by 12 nets
PHY-1001 : End commit to database; 0.684668s wall, 0.671875s user + 0.000000s system = 0.671875s CPU (98.1%)

PHY-1001 : Current memory(MB): used = 741, reserve = 724, peak = 741.
PHY-1001 : End phase 3; 1.030103s wall, 1.000000s user + 0.078125s system = 1.078125s CPU (104.7%)

PHY-1003 : Routed, final wirelength = 1.41282e+06
PHY-1001 : Current memory(MB): used = 743, reserve = 726, peak = 743.
PHY-1001 : End export database. 0.016936s wall, 0.015625s user + 0.000000s system = 0.015625s CPU (92.3%)

PHY-1001 : End detail routing;  15.578548s wall, 15.062500s user + 3.000000s system = 18.062500s CPU (115.9%)

RUN-1003 : finish command "route" in  16.980767s wall, 16.515625s user + 3.328125s system = 19.843750s CPU (116.9%)

RUN-1004 : used memory is 639 MB, reserved memory is 626 MB, peak memory is 743 MB
RUN-1002 : start command "report_area -io_info -file ES8388_phy.area"
RUN-1001 : standard
***Report Model: audio_speak Device: EG4S20BG256***

IO Statistics
#IO                        29
  #input                   11
  #output                  16
  #inout                    2

Utilization Statistics
#lut                     6015   out of  19600   30.69%
#reg                      630   out of  19600    3.21%
#le                      6095
  #lut only              5465   out of   6095   89.66%
  #reg only                80   out of   6095    1.31%
  #lut&reg                550   out of   6095    9.02%
#dsp                        8   out of     29   27.59%
#bram                       0   out of     64    0.00%
  #bram9k                   0
  #fifo9k                   0
#bram32k                    0   out of     16    0.00%
#pad                       29   out of    188   15.43%
  #ireg                     4
  #oreg                     9
  #treg                     2
#pll                        2   out of      4   50.00%
#gclk                       6   out of     16   37.50%

Clock Resource Statistics
Index     ClockNet                                            Type               DriverType         Driver                                                             Fanout
#1        sys_clk_dup_1                                       GCLK               io                 sys_clk_syn_2.di                                                   562
#2        aud_bclk_dup_1                                      GCLK               io                 aud_bclk_syn_2.di                                                  71
#3        aud_bclk_1_dup_1                                    GCLK               io                 aud_bclk_1_syn_2.di                                                62
#4        u1_es8388_ctrl/u_es8388_config/u_i2c_dri/dri_clk    GCLK               lslice             u1_es8388_ctrl/u_es8388_config/u_i2c_dri/clk_cnt_b[3]_syn_17.q0    39
#5        u_es8388_ctrl/u_es8388_config/u_i2c_dri/dri_clk     GCLK               lslice             u_es8388_ctrl/u_es8388_config/u_i2c_dri/clk_cnt_b[3]_syn_17.q0     39
#6        aud_mclk_1_dup_1                                    GCLK               pll                u1_pll_clk/pll_inst.clkc1                                          0
#7        aud_mclk_dup_1                                      GCLK               pll                u_pll_clk/pll_inst.clkc1                                           0
#8        u1_pll_clk/clk0_buf                                 GCLK               pll                u1_pll_clk/pll_inst.clkc0                                          0
#9        u_pll_clk/clk0_buf                                  GCLK               pll                u_pll_clk/pll_inst.clkc0                                           0


Detailed IO Report

      Name        Direction    Location    IOStandard    DriveStrength    PullType     PackReg   
   aud_adcdat       INPUT        R14        LVCMOS25          N/A          PULLUP       IREG     
  aud_adcdat_1      INPUT         F7        LVCMOS25          N/A          PULLUP       IREG     
    aud_bclk        INPUT         M6        LVCMOS25          N/A          PULLUP       NONE     
   aud_bclk_1       INPUT         C4        LVCMOS25          N/A          PULLUP       NONE     
    aud_lrc         INPUT         M7        LVCMOS25          N/A          PULLUP       IREG     
   aud_lrc_1        INPUT         D6        LVCMOS25          N/A          PULLUP       IREG     
    sys_clk         INPUT         R7        LVCMOS25          N/A          PULLUP       NONE     
   sys_rst_n        INPUT         E3        LVCMOS25          N/A          PULLUP       NONE     
  sys_rst_n_1       INPUT        H16        LVCMOS25          N/A           N/A         NONE     
   volume[1]        INPUT        B10        LVCMOS25          N/A          PULLUP       NONE     
   volume[0]        INPUT        A10        LVCMOS25          N/A          PULLUP       NONE     
    I2S_BCLK       OUTPUT        F15        LVCMOS25           8            NONE        NONE     
    I2S_DATA       OUTPUT        F13        LVCMOS25           8            NONE        NONE     
   I2S_LRCLK       OUTPUT        D16        LVCMOS25           8            NONE        NONE     
   aud_dacdat      OUTPUT         P6        LVCMOS25           8            NONE        OREG     
  aud_dacdat_1     OUTPUT         C5        LVCMOS25           8            NONE        OREG     
    aud_mclk       OUTPUT         N5        LVCMOS25           8            NONE        NONE     
   aud_mclk_1      OUTPUT         B3        LVCMOS25           8            NONE        NONE     
    aud_scl        OUTPUT        R12        LVCMOS25           8            NONE        OREG     
   aud_scl_1       OUTPUT         B2        LVCMOS25           8            NONE        OREG     
     ilaclk        OUTPUT         T5        LVCMOS25           8            NONE        NONE     
    ilaclk_1       OUTPUT         D3        LVCMOS25           8            NONE        NONE     
      led          OUTPUT        B14        LVCMOS25           8            NONE        NONE     
     led_1         OUTPUT        B15        LVCMOS25           8            NONE        NONE     
    led_mic0       OUTPUT        C15        LVCMOS25           8            NONE        OREG     
    led_mic1       OUTPUT        E13        LVCMOS25           8            NONE        OREG     
    led_mid        OUTPUT        C16        LVCMOS25           8            NONE        OREG     
    aud_sda         INOUT         R9        LVCMOS25           8           PULLUP     OREG;TREG  
   aud_sda_1        INOUT         B1        LVCMOS25           8           PULLUP     OREG;TREG  

Report Hierarchy Area:
+-----------------------------------------------------------------------------------------------+
|Instance            |Module               |le     |lut     |ripple  |seq     |bram    |dsp     |
+-----------------------------------------------------------------------------------------------+
|top                 |audio_speak          |6095   |5272    |743     |645     |0       |8       |
|  direction         |mic_localization_led |4541   |4277    |210     |285     |0       |8       |
|  u1_es8388_ctrl    |es8388_ctrl          |302    |259     |28      |164     |0       |0       |
|    u_audio_receive |audio_receive        |89     |66      |8       |68      |0       |0       |
|    u_audio_send    |audio_send           |32     |32      |0       |28      |0       |0       |
|    u_es8388_config |es8388_config        |181    |161     |20      |68      |0       |0       |
|      u_i2c_dri     |i2c_dri              |124    |114     |10      |41      |0       |0       |
|      u_i2c_reg_cfg |i2c_reg_cfg          |57     |47      |10      |27      |0       |0       |
|  u1_pll_clk        |clk_wiz_0            |1      |1       |0       |0       |0       |0       |
|  u_es8388_ctrl     |es8388_ctrl          |296    |257     |28      |152     |0       |0       |
|    u_audio_receive |audio_receive        |89     |72      |8       |65      |0       |0       |
|    u_audio_send    |audio_send           |23     |21      |0       |19      |0       |0       |
|    u_es8388_config |es8388_config        |184    |164     |20      |68      |0       |0       |
|      u_i2c_dri     |i2c_dri              |124    |114     |10      |41      |0       |0       |
|      u_i2c_reg_cfg |i2c_reg_cfg          |60     |50      |10      |27      |0       |0       |
|  u_pll_clk         |clk_wiz_0            |1      |1       |0       |0       |0       |0       |
+-----------------------------------------------------------------------------------------------+


DataNet Average Fanout:

   Index     Fanout     Nets  
    #1          1       5802  
    #2          2       3288  
    #3          3       276   
    #4          4       206   
    #5        5-10       96   
    #6        11-50     170   
    #7       51-100      7    
    #8       101-500     13   
    #9        >500       8    
  Average     2.88            

RUN-1002 : start command "export_db ES8388_pr.db"
RUN-1001 : Exported /
RUN-1001 : Exported flow parameters
RUN-1001 : Exported libs
RUN-1001 : Exported entities
RUN-1001 : Exported ports
RUN-1001 : Exported pins
RUN-1001 : Exported instances
RUN-1001 : Exported nets
RUN-1001 : Exported buses
RUN-1001 : Exported models
RUN-1001 : Exported congestions
RUN-1001 : Exported violations
RUN-1001 : Exported IO constraints
RUN-1001 : Exported Inst constraints
RUN-1002 : start command "export_bid ES8388_inst.bid"
RUN-1002 : start command "bitgen -bit ES8388.bit -unused_io_status pulldown"
BIT-1003 : Start to generate bitstream. 
BIT-1002 : Bitgen processed 159 unused pads, reserve input tri_state with pulldown
BIT-1002 : Init instances with 24 threads.
BIT-1002 : Init instances completely, inst num: 3320
BIT-1002 : Init pips with 24 threads.
BIT-1002 : Init pips completely, net num: 9906, pip num: 69314
BIT-1002 : Init feedthrough with 24 threads.
BIT-1002 : Init feedthrough completely, num: 12
BIT-1003 : Multithreading accelaration with 24 threads.
BIT-1003 : Generate bitstream completely, there are 3211 valid insts, and 184156 bits set as '1'.
BIT-1004 : PLL setting string = 0110
BIT-1004 : Generate bits file ES8388.bit.
RUN-1003 : finish command "bitgen -bit ES8388.bit -unused_io_status pulldown" in  5.809970s wall, 90.015625s user + 2.203125s system = 92.218750s CPU (1587.2%)

RUN-1004 : used memory is 644 MB, reserved memory is 642 MB, peak memory is 869 MB
RUN-1002 : start command "backup_run_log run.log ../.logs/phy_1/td_20251019_191249.log"
