============================================================
   Tang Dynasty, V5.6.71036
      Copyright (c) 2012-2023 Anlogic Inc.
   Executable = D:/TD/bin/td.exe
   Built at =   20:34:38 Mar 21 2023
   Run by =     lyw15
   Run Date =   Sun Oct 19 18:18:37 2025

   Run on =     -001
============================================================
RUN-1002 : start command "open_project ES8388.prj"
RUN-1001 : Print Global Property
RUN-1001 : ---------------------------------------------------------------
RUN-1001 :        Parameters        |  Settings  |  Default Values  |  Note  
RUN-1001 : ---------------------------------------------------------------
RUN-1001 :          message         |  standard  |     standard     |        
RUN-1001 :   mixed_pack_place_flow  |     on     |        on        |        
RUN-1001 :        qor_monitor       |    off     |       off        |        
RUN-1001 :        syn_ip_flow       |    off     |       off        |        
RUN-1001 :          thread          |    auto    |       auto       |        
RUN-1001 : ---------------------------------------------------------------
RUN-1001 : Print Design Property
RUN-1001 : --------------------------------------------------------------
RUN-1001 :        Parameters       |  Settings  |  Default Values  |  Note  
RUN-1001 : --------------------------------------------------------------
RUN-1001 :   default_reg_initial   |    auto    |       auto       |        
RUN-1001 :        infer_add        |     on     |        on        |        
RUN-1001 :        infer_fsm        |    off     |       off        |        
RUN-1001 :        infer_mult       |     on     |        on        |        
RUN-1001 :        infer_ram        |     on     |        on        |        
RUN-1001 :        infer_reg        |     on     |        on        |        
RUN-1001 :   infer_reg_init_value  |     on     |        on        |        
RUN-1001 :        infer_rom        |     on     |        on        |        
RUN-1001 :      infer_shifter      |     on     |        on        |        
RUN-1001 : --------------------------------------------------------------
RUN-1001 : Print Rtl Property
RUN-1001 : --------------------------------------------------------------
RUN-1001 :        Parameters       |  Settings  |  Default Values  |  Note  
RUN-1001 : --------------------------------------------------------------
RUN-1001 :       compress_add      |   ripple   |      ripple      |        
RUN-1001 :        elf_sload        |    off     |       off        |        
RUN-1001 :       fix_undriven      |     0      |        0         |        
RUN-1001 :         flatten         |    off     |       off        |        
RUN-1001 :       gate_sharing      |     on     |        on        |        
RUN-1001 :    hdl_warning_level    |   normal   |      normal      |        
RUN-1001 :   impl_internal_tribuf  |     on     |        on        |        
RUN-1001 :      impl_set_reset     |     on     |        on        |        
RUN-1001 :        infer_gsr        |    off     |       off        |        
RUN-1001 :      keep_hierarchy     |    auto    |       auto       |        
RUN-1001 :        max_fanout       |    9999    |       9999       |        
RUN-1001 :      max_oh2bin_len     |     10     |        10        |        
RUN-1001 :       merge_equal       |     on     |        on        |        
RUN-1001 :       merge_equiv       |     on     |        on        |        
RUN-1001 :        merge_mux        |    off     |       off        |        
RUN-1001 :     min_control_set     |     8      |        8         |        
RUN-1001 :      min_ripple_len     |    auto    |       auto       |        
RUN-1001 :       oh2bin_ratio      |    0.08    |       0.08       |        
RUN-1001 :     opt_adder_fanout    |     on     |        on        |        
RUN-1001 :        opt_arith        |     on     |        on        |        
RUN-1001 :       opt_big_gate      |    off     |       off        |        
RUN-1001 :        opt_const        |     on     |        on        |        
RUN-1001 :      opt_const_mult     |     on     |        on        |        
RUN-1001 :       opt_lessthan      |     on     |        on        |        
RUN-1001 :         opt_mux         |    off     |       off        |        
RUN-1001 :         opt_ram         |    high    |       high       |        
RUN-1001 :      rtl_sim_model      |    off     |       off        |        
RUN-1001 :         seq_syn         |     on     |        on        |        
RUN-1001 : --------------------------------------------------------------
HDL-1007 : analyze verilog file ../../al_ip/clk_wiz_0.v
HDL-1007 : undeclared symbol 'open', assumed default net type 'wire' in ../../al_ip/clk_wiz_0.v(80)
HDL-1007 : analyze verilog file ../../../RTL/audio_receive.v
HDL-1007 : analyze verilog file ../../../RTL/audio_send.v
HDL-1007 : analyze verilog file ../../../RTL/audio_speak.v
HDL-1007 : analyze verilog file ../../../RTL/es8388_config.v
HDL-1007 : analyze verilog file ../../../RTL/es8388_ctrl.v
HDL-1007 : analyze verilog file ../../../RTL/i2c_dri.v
HDL-1007 : analyze verilog file ../../../RTL/i2c_reg_cfg.v
HDL-1007 : analyze verilog file ../../al_ip/i2s_tx.v
RUN-1001 : Project manager successfully analyzed 9 source files.
RUN-1002 : start command "import_device eagle_s20.db -package EG4S20BG256"
ARC-1001 : Device Initialization.
ARC-1001 : ------------------------------------------------------------------
ARC-1001 :            OPTION            |          IO          |   SETTING   
ARC-1001 : ------------------------------------------------------------------
ARC-1001 :   cso_b/cclk/mosi/miso/dout  |  T3/R11/T10/P10/S11  |    gpio    
ARC-1001 :             done             |         P13          |    gpio    
ARC-1001 :           program_b          |          T2          |  dedicate  
ARC-1001 :        tdi/tms/tck/tdo       |   C12/A15/C14/E14    |  dedicate  
ARC-1001 : ------------------------------------------------------------------
ARC-1004 : Device setting, marked 5 dedicate IOs in total.
RUN-1002 : start command "import_db ../syn_1/ES8388_gate.db"
RUN-1001 : Importing database generated by Tang Dynasty, V5.6.71036.
RUN-1001 : Database version number 46146.
RUN-1001 : Import flow parameters
RUN-1001 : Import IO constraints
RUN-1001 : Import Inst constraints
RUN-1001 : Import design success TD_VERSION=5.6.71036 , DB_VERSION=46146
RUN-1002 : start command "place"
RUN-1001 : Open license file D:/TD/license/Anlogic.lic
RUN-1001 : Print Global Property
RUN-1001 : ---------------------------------------------------------------
RUN-1001 :        Parameters        |  Settings  |  Default Values  |  Note  
RUN-1001 : ---------------------------------------------------------------
RUN-1001 :          message         |  standard  |     standard     |        
RUN-1001 :   mixed_pack_place_flow  |     on     |        on        |        
RUN-1001 :        qor_monitor       |    off     |       off        |        
RUN-1001 :        syn_ip_flow       |    off     |       off        |        
RUN-1001 :          thread          |    auto    |       auto       |        
RUN-1001 : ---------------------------------------------------------------
RUN-1001 : Print Place Property
RUN-1001 : --------------------------------------------------------------
RUN-1001 :        Parameters       |  Settings  |  Default Values  |  Note  
RUN-1001 : --------------------------------------------------------------
RUN-1001 :      detailed_place     |     on     |        on        |        
RUN-1001 :          effort         |   medium   |      medium      |        
RUN-1001 :         fix_hold        |    off     |       off        |        
RUN-1001 :       legalization      |    ori     |       ori        |        
RUN-1001 :      new_spreading      |     on     |        on        |        
RUN-1001 :        opt_timing       |   medium   |      medium      |        
RUN-1001 :   post_clock_route_opt  |    off     |       off        |        
RUN-1001 :       pr_strategy       |     1      |        1         |        
RUN-1001 :        relaxation       |    1.00    |       1.00       |        
RUN-1001 :         retiming        |    off     |       off        |        
RUN-1001 : --------------------------------------------------------------
PHY-3001 : Placer runs in 24 thread(s).
RUN-1002 : start command "legalize_phy_inst"
SYN-1011 : Flatten model audio_speak
RUN-1002 : start command "phys_opt -simplify_lut"
SYN-4016 : Net ilaclk_1_dup_1 driven by BUFG (0 clock/control pins, 2 other pins).
SYN-4016 : Net ilaclk_dup_1 driven by BUFG (0 clock/control pins, 2 other pins).
SYN-4027 : Net aud_mclk_1_dup_1 is clkc1 of pll u1_pll_clk/pll_inst.
SYN-4019 : Net sys_clk_dup_1 is refclk of pll u1_pll_clk/pll_inst.
SYN-4020 : Net sys_clk_dup_1 is fbclk of pll u1_pll_clk/pll_inst.
SYN-4027 : Net aud_mclk_dup_1 is clkc1 of pll u_pll_clk/pll_inst.
SYN-4019 : Net sys_clk_dup_1 is refclk of pll u_pll_clk/pll_inst.
SYN-4020 : Net sys_clk_dup_1 is fbclk of pll u_pll_clk/pll_inst.
SYN-4024 : Net "aud_bclk_dup_1" drives clk pins.
SYN-4024 : Net "aud_bclk_1_dup_1" drives clk pins.
SYN-4024 : Net "I2S_BCLK_dup_3" drives clk pins.
SYN-4024 : Net "u1_es8388_ctrl/u_es8388_config/u_i2c_dri/dri_clk" drives clk pins.
SYN-4024 : Net "u_es8388_ctrl/u_es8388_config/u_i2c_dri/dri_clk" drives clk pins.
SYN-4025 : Tag rtl::Net I2S_BCLK_dup_3 as clock net
SYN-4025 : Tag rtl::Net aud_bclk_1_dup_1 as clock net
SYN-4025 : Tag rtl::Net aud_bclk_dup_1 as clock net
SYN-4025 : Tag rtl::Net aud_mclk_1_dup_1 as clock net
SYN-4025 : Tag rtl::Net aud_mclk_dup_1 as clock net
SYN-4025 : Tag rtl::Net ilaclk_1_dup_1 as clock net
SYN-4025 : Tag rtl::Net ilaclk_dup_1 as clock net
SYN-4025 : Tag rtl::Net sys_clk_dup_1 as clock net
SYN-4025 : Tag rtl::Net u1_es8388_ctrl/u_es8388_config/u_i2c_dri/dri_clk as clock net
SYN-4025 : Tag rtl::Net u_es8388_ctrl/u_es8388_config/u_i2c_dri/dri_clk as clock net
SYN-4026 : Tagged 10 rtl::Net as clock net
SYN-4015 : Create BUFG instance for clk Net aud_bclk_1_dup_1 to drive 104 clock pins.
SYN-4015 : Create BUFG instance for clk Net aud_bclk_dup_1 to drive 104 clock pins.
SYN-4015 : Create BUFG instance for clk Net I2S_BCLK_dup_3 to drive 70 clock pins.
SYN-4015 : Create BUFG instance for clk Net u1_es8388_ctrl/u_es8388_config/u_i2c_dri/dri_clk to drive 59 clock pins.
SYN-4015 : Create BUFG instance for clk Net u_es8388_ctrl/u_es8388_config/u_i2c_dri/dri_clk to drive 59 clock pins.
PHY-1001 : Populate physical database on model audio_speak.
RUN-1001 : There are total 1050 instances
RUN-0007 : 493 luts, 450 seqs, 42 mslices, 24 lslices, 29 pads, 0 brams, 0 dsps
RUN-1001 : There are total 1153 nets
RUN-1001 : 769 nets have 2 pins
RUN-1001 : 273 nets have [3 - 5] pins
RUN-1001 : 39 nets have [6 - 10] pins
RUN-1001 : 43 nets have [11 - 20] pins
RUN-1001 : 23 nets have [21 - 99] pins
RUN-1001 : 6 nets have 100+ pins
RUN-1001 : Report Control nets information:
RUN-1001 : DFF Distribution
RUN-1001 : ----------------------------------
RUN-1001 :   CE   |  SSR  |  ASR  |  DFF Count  
RUN-1001 : ----------------------------------
RUN-1001 :   No   |  No   |  No   |      0      
RUN-1001 :   No   |  No   |  Yes  |     214     
RUN-1001 :   No   |  Yes  |  No   |      0      
RUN-1001 :   Yes  |  No   |  No   |      0      
RUN-1001 :   Yes  |  No   |  Yes  |     220     
RUN-1001 :   Yes  |  Yes  |  No   |     16      
RUN-1001 : ----------------------------------
RUN-0007 : Control Group Statistic
RUN-0007 : ---------------------------
RUN-0007 :   #CLK  |  #CE  |  #SSR/ASR  
RUN-0007 : ---------------------------
RUN-0007 :    6    |  13   |     5      
RUN-0007 : ---------------------------
RUN-0007 : Control Set = 20
PHY-3001 : Initial placement ...
PHY-3001 : design contains 1048 instances, 493 luts, 450 seqs, 66 slices, 18 macros(66 instances: 42 mslices 24 lslices)
PHY-0007 : Cell area utilization is 3%
PHY-3001 : Global placement ...
PHY-3001 : Initial: Len = 263695
PHY-3001 : Clustering ...
PHY-3001 : Level 0 #clusters 1048.
PHY-3001 : End clustering;  0.000044s wall, 0.000000s user + 0.000000s system = 0.000000s CPU (n/a%)

PHY-3001 : Run with size of 4
PHY-3001 : Cell area utilization is 3%
PHY-3001 : :::0::: Try harder cell spreading with beta_ = 0
PHY-3002 : Step(1): len = 158228, overlap = 0
PHY-3002 : Step(2): len = 100565, overlap = 0
PHY-3002 : Step(3): len = 71761.7, overlap = 0
PHY-3002 : Step(4): len = 52476.3, overlap = 0
PHY-3002 : Step(5): len = 44660.1, overlap = 0
PHY-3002 : Step(6): len = 40044.1, overlap = 0
PHY-3002 : Step(7): len = 34077.6, overlap = 0
PHY-3002 : Step(8): len = 31629.9, overlap = 0
PHY-3002 : Step(9): len = 31257.4, overlap = 0
PHY-3002 : Step(10): len = 30616.4, overlap = 0
PHY-3002 : Step(11): len = 28130.7, overlap = 0
PHY-3002 : Step(12): len = 26706, overlap = 0.5625
PHY-3002 : Step(13): len = 25914.1, overlap = 1.90625
PHY-3002 : Step(14): len = 22309.6, overlap = 2.5625
PHY-3002 : Step(15): len = 21081.2, overlap = 1.625
PHY-3002 : Step(16): len = 20359.6, overlap = 2.375
PHY-3002 : Step(17): len = 19362.7, overlap = 2.75
PHY-3002 : Step(18): len = 17444.5, overlap = 3.875
PHY-3002 : Step(19): len = 17207.5, overlap = 4.90625
PHY-3002 : Step(20): len = 16450.1, overlap = 5.59375
PHY-3002 : Step(21): len = 16450.1, overlap = 5.59375
PHY-3002 : Step(22): len = 15285.1, overlap = 5.96875
PHY-3002 : Step(23): len = 15285.1, overlap = 5.96875
PHY-3002 : Step(24): len = 14933.4, overlap = 5.90625
PHY-3001 : Legalization ...
PHY-3001 : End legalization;  0.002580s wall, 0.000000s user + 0.000000s system = 0.000000s CPU (n/a%)

PHY-3001 : Run with size of 4
PHY-3001 : Cell area utilization is 4%
PHY-3001 : :::0::: Try harder cell spreading with beta_ = 0.000464713
PHY-3002 : Step(25): len = 14666.3, overlap = 18.6875
PHY-3002 : Step(26): len = 14666.3, overlap = 18.6875
PHY-3001 : :::1::: Try harder cell spreading with beta_ = 0.000929427
PHY-3002 : Step(27): len = 14536.4, overlap = 18.4375
PHY-3002 : Step(28): len = 14536.4, overlap = 18.4375
PHY-3001 : :::2::: Try harder cell spreading with beta_ = 0.00185885
PHY-3002 : Step(29): len = 14327.6, overlap = 18.5
PHY-3002 : Step(30): len = 14396.1, overlap = 18.5625
PHY-3001 : Run with size of 2
PHY-3001 : Cell area utilization is 4%
PHY-3001 : :::0::: Try harder cell spreading with beta_ = 9.32493e-06
PHY-3002 : Step(31): len = 14740.5, overlap = 39.5
PHY-3002 : Step(32): len = 14740.5, overlap = 39.5
PHY-3001 : :::1::: Try harder cell spreading with beta_ = 1.86499e-05
PHY-3002 : Step(33): len = 15144.8, overlap = 37.8125
PHY-3002 : Step(34): len = 15144.8, overlap = 37.8125
PHY-3002 : Step(35): len = 15062.9, overlap = 38.1875
PHY-3001 : :::2::: Try harder cell spreading with beta_ = 3.13827e-05
PHY-3002 : Step(36): len = 16156.8, overlap = 35.0938
PHY-3002 : Step(37): len = 16446.6, overlap = 34.875
PHY-3002 : Step(38): len = 16899.4, overlap = 30.875
PHY-3002 : Step(39): len = 17286.8, overlap = 30.1875
PHY-3002 : Step(40): len = 17856.4, overlap = 26.5
PHY-3001 : :::3::: Try harder cell spreading with beta_ = 6.27653e-05
PHY-3002 : Step(41): len = 17551.5, overlap = 25.9375
PHY-3002 : Step(42): len = 17551.5, overlap = 25.9375
PHY-3001 : :::4::: Try harder cell spreading with beta_ = 0.000125531
PHY-3002 : Step(43): len = 18392.4, overlap = 24.2812
PHY-3002 : Step(44): len = 18660.6, overlap = 23.4375
PHY-3002 : Step(45): len = 18976.4, overlap = 20.625
PHY-3001 : :::5::: Try harder cell spreading with beta_ = 0.000251061
PHY-3002 : Step(46): len = 18441.7, overlap = 20.4688
PHY-3002 : Step(47): len = 18479.1, overlap = 20.6562
PHY-3002 : Step(48): len = 18535, overlap = 19.5312
OPT-1001 : Start physical optimization ...
OPT-1001 : Total overflow 46.41 peak overflow 4.03
OPT-1001 : Start high-fanout net optimization ...
OPT-1001 : Update timing in global mode
PHY-1001 : Start incremental global routing, caller is place ...
RUN-1001 : Generating global routing grids ...
RUN-1001 : Building simple global routing graph ...
PHY-1001 : Generate routing nets ...
PHY-1001 : Reuse net number 0/1153.
PHY-1001 : Global iterations in 24 thread ...
PHY-1002 : len = 20184, over cnt = 96(0%), over = 374, worst = 15
PHY-1001 : End global iterations;  0.025608s wall, 0.031250s user + 0.015625s system = 0.046875s CPU (183.0%)

PHY-1001 : Congestion index: top1 = 28.10, top5 = 12.26, top10 = 6.86, top15 = 4.67.
PHY-1001 : End incremental global routing;  0.062573s wall, 0.046875s user + 0.031250s system = 0.078125s CPU (124.9%)

RUN-1002 : start command "start_timer -report"
TMR-5001 WARNING: No sdc constraints found while initiating timer.
TMR-2505 : Start building timing graph for model audio_speak.
TMR-2506 : Build timing graph completely. Port num: 26, tpin num: 4799, tnet num: 1151, tinst num: 1048, tnode num: 6435, tedge num: 7537.
TMR-2508 : Levelizing timing graph completed, there are 15 levels in total.
TMR-2501 : Timing graph initialized successfully.
OPT-1001 : End timing update;  0.140247s wall, 0.125000s user + 0.015625s system = 0.140625s CPU (100.3%)

OPT-1001 : 0 high-fanout net processed.
OPT-1001 : End high-fanout net optimization;  0.214296s wall, 0.187500s user + 0.046875s system = 0.234375s CPU (109.4%)

OPT-1001 : Current memory(MB): used = 169, reserve = 138, peak = 169.
OPT-1001 : End physical optimization;  0.222539s wall, 0.187500s user + 0.046875s system = 0.234375s CPU (105.3%)

PHY-3001 : Start packing ...
SYN-4007 : Packing 0 MUX to BLE ...
SYN-4008 : Packed 0 MUX and 0 SEQ to BLE.
SYN-4007 : Packing 493 LUT to BLE ...
SYN-4008 : Packed 493 LUT and 244 SEQ to BLE.
SYN-4003 : Packing 206 remaining SEQ's ...
SYN-4005 : Packed 113 SEQ with LUT/SLICE
SYN-4006 : 158 single LUT's are left
SYN-4006 : 93 single SEQ's are left
SYN-4011 : Packing model "audio_speak" (AL_USER_NORMAL) with 586/693 primitive instances ...
PHY-3001 : End packing;  0.024944s wall, 0.031250s user + 0.000000s system = 0.031250s CPU (125.3%)

PHY-1001 : Populate physical database on model audio_speak.
RUN-1001 : There are total 428 instances
RUN-1001 : 194 mslices, 193 lslices, 29 pads, 0 brams, 0 dsps
RUN-1001 : There are total 915 nets
RUN-1001 : 514 nets have 2 pins
RUN-1001 : 288 nets have [3 - 5] pins
RUN-1001 : 42 nets have [6 - 10] pins
RUN-1001 : 42 nets have [11 - 20] pins
RUN-1001 : 26 nets have [21 - 99] pins
RUN-1001 : 3 nets have 100+ pins
PHY-3001 : design contains 426 instances, 387 slices, 18 macros(66 instances: 42 mslices 24 lslices)
PHY-3001 : Cell area utilization is 5%
PHY-3001 : After packing: Len = 18817.2, Over = 30.75
PHY-3001 : Run with size of 2
PHY-3001 : Cell area utilization is 5%
PHY-3001 : :::0::: Try harder cell spreading with beta_ = 2.85787e-05
PHY-3002 : Step(49): len = 17868.3, overlap = 31.5
PHY-3002 : Step(50): len = 17863.2, overlap = 31.5
PHY-3002 : Step(51): len = 17456.9, overlap = 33.25
PHY-3001 : :::1::: Try harder cell spreading with beta_ = 5.71574e-05
PHY-3002 : Step(52): len = 17953.2, overlap = 31.5
PHY-3002 : Step(53): len = 18113.2, overlap = 30
PHY-3002 : Step(54): len = 18270.9, overlap = 26.75
PHY-3001 : :::2::: Try harder cell spreading with beta_ = 0.000114315
PHY-3002 : Step(55): len = 18560.8, overlap = 24.25
PHY-3002 : Step(56): len = 18681.3, overlap = 24.25
PHY-3002 : Step(57): len = 18754.6, overlap = 23.25
PHY-3001 : Legalization ...
PHY-3001 : End legalization;  0.089236s wall, 0.156250s user + 0.203125s system = 0.359375s CPU (402.7%)

PHY-3001 : Trial Legalized: Len = 27553.2
PHY-3001 : Run with size of 2
PHY-3001 : Cell area utilization is 5%
PHY-3001 : :::0::: Try harder cell spreading with beta_ = 0.00114011
PHY-3002 : Step(58): len = 24022.1, overlap = 3.75
PHY-3002 : Step(59): len = 22769.3, overlap = 5.75
PHY-3002 : Step(60): len = 21443.4, overlap = 8
PHY-3002 : Step(61): len = 20981.5, overlap = 9
PHY-3002 : Step(62): len = 20489.6, overlap = 11.5
PHY-3002 : Step(63): len = 20224.8, overlap = 11.75
PHY-3002 : Step(64): len = 20058.9, overlap = 12.5
PHY-3001 : Legalization ...
PHY-3001 : End legalization;  0.004043s wall, 0.000000s user + 0.000000s system = 0.000000s CPU (n/a%)

PHY-3001 : Legalized: Len = 24297.7, Over = 0
PHY-3001 : Spreading special nets. 3 overflows in 2952 tiles.
PHY-3001 : End spreading;  0.002658s wall, 0.000000s user + 0.000000s system = 0.000000s CPU (n/a%)

PHY-3001 : 6 instances has been re-located, deltaX = 0, deltaY = 6, maxDist = 1.
PHY-3001 : Final: Len = 24359.7, Over = 0
OPT-1001 : Start physical optimization ...
OPT-1001 : Total overflow 0.00 peak overflow 0.00
OPT-1001 : Start high-fanout net optimization ...
OPT-1001 : Update timing in global mode
PHY-1001 : Start incremental global routing, caller is place ...
RUN-1001 : Generating global routing grids ...
PHY-1001 : Generate routing nets ...
PHY-1001 : Reuse net number 47/915.
PHY-1001 : Global iterations in 24 thread ...
PHY-1002 : len = 29000, over cnt = 111(0%), over = 164, worst = 4
PHY-1002 : len = 29968, over cnt = 27(0%), over = 33, worst = 2
PHY-1002 : len = 30400, over cnt = 6(0%), over = 6, worst = 1
PHY-1002 : len = 30544, over cnt = 0(0%), over = 0, worst = 0
PHY-1001 : End global iterations;  0.051110s wall, 0.031250s user + 0.031250s system = 0.062500s CPU (122.3%)

PHY-1001 : Congestion index: top1 = 24.68, top5 = 15.86, top10 = 9.67, top15 = 6.89.
PHY-1001 : End incremental global routing;  0.084166s wall, 0.046875s user + 0.062500s system = 0.109375s CPU (130.0%)

RUN-1002 : start command "start_timer -report"
TMR-5001 WARNING: No sdc constraints found while initiating timer.
TMR-2505 : Start building timing graph for model audio_speak.
TMR-2506 : Build timing graph completely. Port num: 26, tpin num: 3934, tnet num: 913, tinst num: 426, tnode num: 5091, tedge num: 6511.
TMR-2508 : Levelizing timing graph completed, there are 13 levels in total.
TMR-2501 : Timing graph initialized successfully.
OPT-1001 : End timing update;  0.125282s wall, 0.125000s user + 0.000000s system = 0.125000s CPU (99.8%)

OPT-1001 : 0 high-fanout net processed.
OPT-1001 : End high-fanout net optimization;  0.220348s wall, 0.187500s user + 0.062500s system = 0.250000s CPU (113.5%)

OPT-1001 : Current memory(MB): used = 174, reserve = 143, peak = 174.
OPT-1001 : Update timing in Manhattan mode
OPT-1001 : End timing update;  0.000703s wall, 0.000000s user + 0.000000s system = 0.000000s CPU (n/a%)

OPT-1001 : Start pin optimization...
OPT-1001 : skip pin optimization...
RUN-1001 : Generating global routing grids ...
PHY-1001 : Generate routing nets ...
PHY-1001 : Reuse net number 735/915.
PHY-1001 : Global iterations in 24 thread ...
PHY-1002 : len = 30544, over cnt = 0(0%), over = 0, worst = 0
PHY-1001 : End global iterations;  0.001874s wall, 0.000000s user + 0.000000s system = 0.000000s CPU (n/a%)

PHY-1001 : Congestion index: top1 = 24.68, top5 = 15.86, top10 = 9.67, top15 = 6.89.
OPT-1001 : Update timing in Manhattan mode
OPT-1001 : End timing update;  0.001009s wall, 0.000000s user + 0.000000s system = 0.000000s CPU (n/a%)

RUN-1001 : QoR Analysis:
OPT-0007 :   WNS 2147483647 TNS 0 NUM_FEPS 0
RUN-1001 :   No local congestion issue, and most congested 1% tile average routing util is 24.344828
RUN-1001 :   Top critical paths
OPT-1001 : End physical optimization;  0.263309s wall, 0.218750s user + 0.062500s system = 0.281250s CPU (106.8%)

RUN-1003 : finish command "place" in  2.292543s wall, 3.062500s user + 3.218750s system = 6.281250s CPU (274.0%)

RUN-1004 : used memory is 149 MB, reserved memory is 118 MB, peak memory is 175 MB
RUN-1002 : start command "export_db ES8388_place.db"
RUN-1001 : Exported /
RUN-1001 : Exported flow parameters
RUN-1001 : Exported libs
RUN-1001 : Exported entities
RUN-1001 : Exported ports
RUN-1001 : Exported pins
RUN-1001 : Exported instances
RUN-1001 : Exported nets
RUN-1001 : Exported buses
RUN-1001 : Exported models
RUN-1001 : Exported congestions
RUN-1001 : Exported violations
RUN-1001 : Exported IO constraints
RUN-1001 : Exported Inst constraints
RUN-1002 : start command "route"
RUN-1001 : Open license file D:/TD/license/Anlogic.lic
RUN-1001 : Print Global Property
RUN-1001 : ---------------------------------------------------------------
RUN-1001 :        Parameters        |  Settings  |  Default Values  |  Note  
RUN-1001 : ---------------------------------------------------------------
RUN-1001 :          message         |  standard  |     standard     |        
RUN-1001 :   mixed_pack_place_flow  |     on     |        on        |        
RUN-1001 :        qor_monitor       |    off     |       off        |        
RUN-1001 :        syn_ip_flow       |    off     |       off        |        
RUN-1001 :          thread          |    auto    |       auto       |        
RUN-1001 : ---------------------------------------------------------------
RUN-1001 : Print Route Property
RUN-1001 : -------------------------------------------------------
RUN-1001 :    Parameters    |  Settings  |  Default Values  |  Note  
RUN-1001 : -------------------------------------------------------
RUN-1001 :      effort      |   medium   |      medium      |        
RUN-1001 :     fix_hold     |    off     |       off        |        
RUN-1001 :    opt_timing    |   medium   |      medium      |        
RUN-1001 :   phy_sim_model  |    off     |       off        |        
RUN-1001 :     priority     |   timing   |      timing      |        
RUN-1001 :     swap_pin     |     on     |        on        |        
RUN-1001 : -------------------------------------------------------
PHY-1001 : Route runs in 24 thread(s)
RUN-1001 : There are total 428 instances
RUN-1001 : 194 mslices, 193 lslices, 29 pads, 0 brams, 0 dsps
RUN-1001 : There are total 915 nets
RUN-1001 : 514 nets have 2 pins
RUN-1001 : 288 nets have [3 - 5] pins
RUN-1001 : 42 nets have [6 - 10] pins
RUN-1001 : 42 nets have [11 - 20] pins
RUN-1001 : 26 nets have [21 - 99] pins
RUN-1001 : 3 nets have 100+ pins
RUN-1002 : start command "start_timer -report"
TMR-5001 WARNING: No sdc constraints found while initiating timer.
TMR-2505 : Start building timing graph for model audio_speak.
TMR-2506 : Build timing graph completely. Port num: 26, tpin num: 3934, tnet num: 913, tinst num: 426, tnode num: 5091, tedge num: 6511.
TMR-2508 : Levelizing timing graph completed, there are 13 levels in total.
TMR-2501 : Timing graph initialized successfully.
PHY-1001 : 194 mslices, 193 lslices, 29 pads, 0 brams, 0 dsps
TMR-2503 : Start to update net delay, extr mode = 3.
TMR-2504 : Update delay of 913 nets completely.
TMR-2502 : Annotate delay completely, extr mode = 3.
TMR-3002 : No user constraint, initiate default constraint.
TMR-1501 : Assign derive clock DeriveClock to 546 clock pins, and constraint 1150 relative nodes.
TMR-3003 : Constraints initiated successfully.
TMR-3501 : Forward propagation: start to calculate arrival time...
TMR-3502 : Backward propagation: start to calculate required time...
TMR-3503 : Timing propagation completes.
PHY-1001 : Start global routing, caller is route ...
RUN-1001 : Generating global routing grids ...
PHY-1001 : Generate routing nets ...
PHY-1001 : Global iterations in 24 thread ...
PHY-1002 : len = 28360, over cnt = 107(0%), over = 155, worst = 4
PHY-1002 : len = 29240, over cnt = 26(0%), over = 30, worst = 2
PHY-1002 : len = 29528, over cnt = 12(0%), over = 12, worst = 1
PHY-1002 : len = 29768, over cnt = 0(0%), over = 0, worst = 0
PHY-1001 : End global iterations;  0.055818s wall, 0.031250s user + 0.046875s system = 0.078125s CPU (140.0%)

PHY-1001 : Congestion index: top1 = 24.01, top5 = 15.66, top10 = 9.54, top15 = 6.70.
PHY-1001 : End global routing;  0.088931s wall, 0.046875s user + 0.046875s system = 0.093750s CPU (105.4%)

PHY-1001 : Start detail routing ...
PHY-1001 : Current memory(MB): used = 211, reserve = 180, peak = 231.
PHY-1001 : Detailed router is running in normal mode.
PHY-1001 : Generate detailed routing grids ...
PHY-1001 : Processed IO instance I2S_DATA_syn_4 with INV attribute.
PHY-1001 : Processed IO instance aud_dacdat_syn_4 with INV attribute.
PHY-1001 : Processed IO instance aud_dacdat_1_syn_4 with INV attribute.
PHY-1001 : Generate nets ...
PHY-1001 : clock net I2S_BCLK_syn_6 will be merged with clock I2S_BCLK_dup_3
PHY-1001 : clock net aud_bclk_syn_4 will be merged with clock aud_bclk_dup_1
PHY-1001 : clock net aud_bclk_1_syn_4 will be merged with clock aud_bclk_1_dup_1
PHY-1001 : net aud_mclk_dup_1 will be routed on clock mesh
PHY-1001 : net aud_mclk_1_dup_1 will be routed on clock mesh
PHY-1001 : clock net ilaclk_dup_1 will be merged with clock u_pll_clk/clk0_buf
PHY-1001 : clock net ilaclk_1_dup_1 will be merged with clock u1_pll_clk/clk0_buf
PHY-1001 : net sys_clk_dup_1 will be routed on clock mesh
PHY-1001 : clock net u_es8388_ctrl/u_es8388_config/u_i2c_dri/dri_clk_syn_4 will be merged with clock u_es8388_ctrl/u_es8388_config/u_i2c_dri/dri_clk
PHY-1001 : clock net u1_es8388_ctrl/u_es8388_config/u_i2c_dri/dri_clk_syn_4 will be merged with clock u1_es8388_ctrl/u_es8388_config/u_i2c_dri/dri_clk
PHY-1001 : Current memory(MB): used = 477, reserve = 451, peak = 477.
PHY-1001 : End build detailed router design. 2.616548s wall, 2.531250s user + 0.078125s system = 2.609375s CPU (99.7%)

PHY-1001 : Detail Route ...
PHY-1001 : ===== Detail Route Phase 1 =====
PHY-1001 : Clock net routing.....
PHY-1001 : Routed 1% nets.
PHY-1022 : len = 27576, over cnt = 0(0%), over = 0, worst = 0, crit = 0
PHY-1001 : End initial clock net routed; 1.993871s wall, 1.984375s user + 0.015625s system = 2.000000s CPU (100.3%)

PHY-1001 : Current memory(MB): used = 509, reserve = 484, peak = 509.
PHY-1001 : End phase 1; 1.998987s wall, 1.984375s user + 0.015625s system = 2.000000s CPU (100.1%)

PHY-1001 : ===== Detail Route Phase 2 =====
PHY-1001 : Initial routing.....
PHY-1001 : Routed 42% nets.
PHY-1001 : Routed 47% nets.
PHY-1001 : Routed 57% nets.
PHY-1001 : Routed 70% nets.
PHY-1001 : Routed 90% nets.
PHY-1022 : len = 165656, over cnt = 56(0%), over = 56, worst = 1, crit = 0
PHY-1001 : Current memory(MB): used = 509, reserve = 484, peak = 510.
PHY-1001 : End initial routed; 0.887167s wall, 0.781250s user + 0.296875s system = 1.078125s CPU (121.5%)

PHY-1001 : Current memory(MB): used = 509, reserve = 484, peak = 510.
PHY-1001 : End phase 2; 0.887255s wall, 0.781250s user + 0.296875s system = 1.078125s CPU (121.5%)

PHY-1001 : ===== Detail Route Phase 3 =====
PHY-1001 : Ripup-reroute.....
PHY-1001 : ===== DR Iter 1 =====
PHY-1022 : len = 165400, over cnt = 12(0%), over = 12, worst = 1, crit = 0
PHY-1001 : End DR Iter 1; 0.025387s wall, 0.046875s user + 0.015625s system = 0.062500s CPU (246.2%)

PHY-1001 : ===== DR Iter 2 =====
PHY-1022 : len = 165440, over cnt = 1(0%), over = 1, worst = 1, crit = 0
PHY-1001 : End DR Iter 2; 0.018548s wall, 0.015625s user + 0.000000s system = 0.015625s CPU (84.2%)

PHY-1001 : ===== DR Iter 3 =====
PHY-1022 : len = 165456, over cnt = 0(0%), over = 0, worst = 0, crit = 0
PHY-1001 : End DR Iter 3; 0.012649s wall, 0.015625s user + 0.000000s system = 0.015625s CPU (123.5%)

PHY-1001 : Commit to database.....
PHY-1001 : 18 feed throughs used by 18 nets
PHY-1001 : End commit to database; 0.094378s wall, 0.093750s user + 0.000000s system = 0.093750s CPU (99.3%)

PHY-1001 : Current memory(MB): used = 521, reserve = 496, peak = 521.
PHY-1001 : End phase 3; 0.248531s wall, 0.281250s user + 0.015625s system = 0.296875s CPU (119.5%)

PHY-1003 : Routed, final wirelength = 165456
PHY-1001 : Current memory(MB): used = 522, reserve = 496, peak = 522.
PHY-1001 : End export database. 0.006175s wall, 0.000000s user + 0.000000s system = 0.000000s CPU (n/a%)

PHY-1001 : End detail routing;  5.909717s wall, 5.734375s user + 0.406250s system = 6.140625s CPU (103.9%)

RUN-1003 : finish command "route" in  6.191387s wall, 5.953125s user + 0.468750s system = 6.421875s CPU (103.7%)

RUN-1004 : used memory is 438 MB, reserved memory is 412 MB, peak memory is 522 MB
RUN-1002 : start command "report_area -io_info -file ES8388_phy.area"
RUN-1001 : standard
***Report Model: audio_speak Device: EG4S20BG256***

IO Statistics
#IO                        29
  #input                   11
  #output                  16
  #inout                    2

Utilization Statistics
#lut                      649   out of  19600    3.31%
#reg                      450   out of  19600    2.30%
#le                       742
  #lut only               292   out of    742   39.35%
  #reg only                93   out of    742   12.53%
  #lut&reg                357   out of    742   48.11%
#dsp                        0   out of     29    0.00%
#bram                       0   out of     64    0.00%
  #bram9k                   0
  #fifo9k                   0
#bram32k                    0   out of     16    0.00%
#pad                       29   out of    188   15.43%
  #ireg                     4
  #oreg                     8
  #treg                     2
#pll                        2   out of      4   50.00%
#gclk                       7   out of     16   43.75%

Clock Resource Statistics
Index     ClockNet                                            Type               DriverType         Driver                                                           Fanout
#1        aud_bclk_dup_1                                      GCLK               io                 aud_bclk_syn_2.di                                                61
#2        aud_bclk_1_dup_1                                    GCLK               io                 aud_bclk_1_syn_2.di                                              56
#3        u1_es8388_ctrl/u_es8388_config/u_i2c_dri/dri_clk    GCLK               mslice             u1_es8388_ctrl/u_es8388_config/u_i2c_dri/dri_clk_reg_syn_9.q1    41
#4        u_es8388_ctrl/u_es8388_config/u_i2c_dri/dri_clk     GCLK               lslice             u_es8388_ctrl/u_es8388_config/u_i2c_dri/dri_clk_reg_syn_9.q0     40
#5        sys_clk_dup_1                                       GCLK               io                 sys_clk_syn_2.di                                                 39
#6        I2S_BCLK_dup_3                                      GCLK               mslice             i2s_tx/I2S_LRCLK_n1_syn_5.q0                                     38
#7        aud_mclk_1_dup_1                                    GCLK               pll                u1_pll_clk/pll_inst.clkc1                                        0
#8        aud_mclk_dup_1                                      GCLK               pll                u_pll_clk/pll_inst.clkc1                                         0
#9        u1_pll_clk/clk0_buf                                 GCLK               pll                u1_pll_clk/pll_inst.clkc0                                        0
#10       u_pll_clk/clk0_buf                                  GCLK               pll                u_pll_clk/pll_inst.clkc0                                         0


Detailed IO Report

      Name        Direction    Location    IOStandard    DriveStrength    PullType     PackReg   
   aud_adcdat       INPUT        R14        LVCMOS25          N/A          PULLUP       IREG     
  aud_adcdat_1      INPUT         F7        LVCMOS25          N/A          PULLUP       IREG     
    aud_bclk        INPUT         M6        LVCMOS25          N/A          PULLUP       NONE     
   aud_bclk_1       INPUT         C4        LVCMOS25          N/A          PULLUP       NONE     
    aud_lrc         INPUT         M7        LVCMOS25          N/A          PULLUP       IREG     
   aud_lrc_1        INPUT         D6        LVCMOS25          N/A          PULLUP       IREG     
    sys_clk         INPUT         R7        LVCMOS25          N/A          PULLUP       NONE     
   sys_rst_n        INPUT         E3        LVCMOS25          N/A          PULLUP       NONE     
  sys_rst_n_1       INPUT        H16        LVCMOS25          N/A           N/A         NONE     
   volume[1]        INPUT        B10        LVCMOS25          N/A          PULLUP       NONE     
   volume[0]        INPUT        A10        LVCMOS25          N/A          PULLUP       NONE     
    I2S_BCLK       OUTPUT        F15        LVCMOS25           8            NONE        NONE     
    I2S_DATA       OUTPUT        F13        LVCMOS25           8            NONE        OREG     
   I2S_LRCLK       OUTPUT        D16        LVCMOS25           8            NONE        OREG     
   aud_dacdat      OUTPUT         P6        LVCMOS25           8            NONE        OREG     
  aud_dacdat_1     OUTPUT         C5        LVCMOS25           8            NONE        OREG     
    aud_mclk       OUTPUT         N5        LVCMOS25           8            NONE        NONE     
   aud_mclk_1      OUTPUT         B3        LVCMOS25           8            NONE        NONE     
    aud_scl        OUTPUT        R12        LVCMOS25           8            NONE        OREG     
   aud_scl_1       OUTPUT         B2        LVCMOS25           8            NONE        OREG     
     ilaclk        OUTPUT         T5        LVCMOS25           8            NONE        NONE     
    ilaclk_1       OUTPUT         D3        LVCMOS25           8            NONE        NONE     
      led          OUTPUT        B14        LVCMOS25           8            NONE        NONE     
     led_1         OUTPUT        B15        LVCMOS25           8            NONE        NONE     
    leds[2]        OUTPUT        E13        LVCMOS25           8            NONE        NONE     
    leds[1]        OUTPUT        C16        LVCMOS25           8            NONE        NONE     
    leds[0]        OUTPUT        C15        LVCMOS25           8            NONE        NONE     
    aud_sda         INOUT         R9        LVCMOS25           8           PULLUP     OREG;TREG  
   aud_sda_1        INOUT         B1        LVCMOS25           8           PULLUP     OREG;TREG  

Report Hierarchy Area:
+-------------------------------------------------------------------------------------------+
|Instance            |Module           |le     |lut     |ripple  |seq     |bram    |dsp     |
+-------------------------------------------------------------------------------------------+
|top                 |audio_speak      |742    |583     |66      |464     |0       |0       |
|  i2s_tx            |i2s_tx_32bit_48k |128    |84      |14      |94      |0       |0       |
|  u1_es8388_ctrl    |es8388_ctrl      |292    |243     |23      |177     |0       |0       |
|    u_audio_receive |audio_receive    |84     |53      |8       |71      |0       |0       |
|    u_audio_send    |audio_send       |30     |30      |0       |30      |0       |0       |
|    u_es8388_config |es8388_config    |178    |160     |15      |76      |0       |0       |
|      u_i2c_dri     |i2c_dri          |120    |111     |7       |49      |0       |0       |
|      u_i2c_reg_cfg |i2c_reg_cfg      |58     |49      |8       |27      |0       |0       |
|  u1_pll_clk        |clk_wiz_0        |1      |1       |0       |0       |0       |0       |
|  u_es8388_ctrl     |es8388_ctrl      |296    |248     |23      |163     |0       |0       |
|    u_audio_receive |audio_receive    |81     |54      |8       |64      |0       |0       |
|    u_audio_send    |audio_send       |34     |31      |0       |31      |0       |0       |
|    u_es8388_config |es8388_config    |181    |163     |15      |68      |0       |0       |
|      u_i2c_dri     |i2c_dri          |125    |116     |7       |41      |0       |0       |
|      u_i2c_reg_cfg |i2c_reg_cfg      |56     |47      |8       |27      |0       |0       |
|  u_pll_clk         |clk_wiz_0        |1      |1       |0       |0       |0       |0       |
+-------------------------------------------------------------------------------------------+


DataNet Average Fanout:

   Index     Fanout     Nets  
    #1          1       483   
    #2          2       217   
    #3          3        40   
    #4          4        29   
    #5        5-10       46   
    #6        11-50      56   
    #7       51-100      1    
    #8       101-500     2    
  Average     3.10            

RUN-1002 : start command "export_db ES8388_pr.db"
RUN-1001 : Exported /
RUN-1001 : Exported flow parameters
RUN-1001 : Exported libs
RUN-1001 : Exported entities
RUN-1001 : Exported ports
RUN-1001 : Exported pins
RUN-1001 : Exported instances
RUN-1001 : Exported nets
RUN-1001 : Exported buses
RUN-1001 : Exported models
RUN-1001 : Exported congestions
RUN-1001 : Exported violations
RUN-1001 : Exported IO constraints
RUN-1001 : Exported Inst constraints
RUN-1002 : start command "export_bid ES8388_inst.bid"
RUN-1002 : start command "bitgen -bit ES8388.bit -unused_io_status pulldown"
BIT-1003 : Start to generate bitstream. 
BIT-1002 : Bitgen processed 159 unused pads, reserve input tri_state with pulldown
BIT-1002 : Init instances with 24 threads.
BIT-1002 : Init instances completely, inst num: 585
BIT-1002 : Init pips with 24 threads.
BIT-1002 : Init pips completely, net num: 915, pip num: 9921
BIT-1002 : Init feedthrough with 24 threads.
BIT-1002 : Init feedthrough completely, num: 18
BIT-1003 : Multithreading accelaration with 24 threads.
BIT-1003 : Generate bitstream completely, there are 1706 valid insts, and 27171 bits set as '1'.
BIT-1004 : PLL setting string = 0110
BIT-1004 : Generate bits file ES8388.bit.
RUN-1003 : finish command "bitgen -bit ES8388.bit -unused_io_status pulldown" in  1.510863s wall, 18.468750s user + 1.468750s system = 19.937500s CPU (1319.6%)

RUN-1004 : used memory is 453 MB, reserved memory is 436 MB, peak memory is 683 MB
RUN-1002 : start command "backup_run_log run.log ../.logs/phy_1/td_20251019_181837.log"
