============================================================
   Tang Dynasty, V5.6.71036
      Copyright (c) 2012-2023 Anlogic Inc.
   Executable = E:/Software/Anlogic/TD5.6.2/bin/td.exe
   Built at =   20:34:38 Mar 21 2023
   Run by =     Lviva
   Run Date =   Sun Oct 26 10:38:33 2025

   Run on =     VIVACIOUS
============================================================
RUN-1002 : start command "open_project ES8388.prj"
RUN-1001 : Print Global Property
RUN-1001 : ---------------------------------------------------------------
RUN-1001 :        Parameters        |  Settings  |  Default Values  |  Note  
RUN-1001 : ---------------------------------------------------------------
RUN-1001 :          message         |  standard  |     standard     |        
RUN-1001 :   mixed_pack_place_flow  |     on     |        on        |        
RUN-1001 :        qor_monitor       |    off     |       off        |        
RUN-1001 :        syn_ip_flow       |    off     |       off        |        
RUN-1001 :          thread          |    auto    |       auto       |        
RUN-1001 : ---------------------------------------------------------------
RUN-1001 : Print Design Property
RUN-1001 : --------------------------------------------------------------
RUN-1001 :        Parameters       |  Settings  |  Default Values  |  Note  
RUN-1001 : --------------------------------------------------------------
RUN-1001 :   default_reg_initial   |    auto    |       auto       |        
RUN-1001 :        infer_add        |     on     |        on        |        
RUN-1001 :        infer_fsm        |    off     |       off        |        
RUN-1001 :        infer_mult       |     on     |        on        |        
RUN-1001 :        infer_ram        |     on     |        on        |        
RUN-1001 :        infer_reg        |     on     |        on        |        
RUN-1001 :   infer_reg_init_value  |     on     |        on        |        
RUN-1001 :        infer_rom        |     on     |        on        |        
RUN-1001 :      infer_shifter      |     on     |        on        |        
RUN-1001 : --------------------------------------------------------------
RUN-1001 : Print Rtl Property
RUN-1001 : --------------------------------------------------------------
RUN-1001 :        Parameters       |  Settings  |  Default Values  |  Note  
RUN-1001 : --------------------------------------------------------------
RUN-1001 :       compress_add      |   ripple   |      ripple      |        
RUN-1001 :        elf_sload        |    off     |       off        |        
RUN-1001 :       fix_undriven      |     0      |        0         |        
RUN-1001 :         flatten         |    off     |       off        |        
RUN-1001 :       gate_sharing      |     on     |        on        |        
RUN-1001 :    hdl_warning_level    |   normal   |      normal      |        
RUN-1001 :   impl_internal_tribuf  |     on     |        on        |        
RUN-1001 :      impl_set_reset     |     on     |        on        |        
RUN-1001 :        infer_gsr        |    off     |       off        |        
RUN-1001 :      keep_hierarchy     |    auto    |       auto       |        
RUN-1001 :        max_fanout       |    9999    |       9999       |        
RUN-1001 :      max_oh2bin_len     |     10     |        10        |        
RUN-1001 :       merge_equal       |     on     |        on        |        
RUN-1001 :       merge_equiv       |     on     |        on        |        
RUN-1001 :        merge_mux        |    off     |       off        |        
RUN-1001 :     min_control_set     |     8      |        8         |        
RUN-1001 :      min_ripple_len     |    auto    |       auto       |        
RUN-1001 :       oh2bin_ratio      |    0.08    |       0.08       |        
RUN-1001 :     opt_adder_fanout    |     on     |        on        |        
RUN-1001 :        opt_arith        |     on     |        on        |        
RUN-1001 :       opt_big_gate      |    off     |       off        |        
RUN-1001 :        opt_const        |     on     |        on        |        
RUN-1001 :      opt_const_mult     |     on     |        on        |        
RUN-1001 :       opt_lessthan      |     on     |        on        |        
RUN-1001 :         opt_mux         |    off     |       off        |        
RUN-1001 :         opt_ram         |    high    |       high       |        
RUN-1001 :      rtl_sim_model      |    off     |       off        |        
RUN-1001 :         seq_syn         |     on     |        on        |        
RUN-1001 : --------------------------------------------------------------
HDL-1007 : analyze verilog file ../../al_ip/clk_wiz_0.v
HDL-1007 : undeclared symbol 'open', assumed default net type 'wire' in ../../al_ip/clk_wiz_0.v(80)
HDL-1007 : analyze verilog file ../../../RTL/audio_receive.v
HDL-1007 : analyze verilog file ../../../RTL/audio_send.v
HDL-1007 : analyze verilog file ../../../RTL/audio_speak.v
HDL-1007 : analyze verilog file ../../../RTL/es8388_config.v
HDL-1007 : analyze verilog file ../../../RTL/es8388_ctrl.v
HDL-1007 : analyze verilog file ../../../RTL/i2c_dri.v
HDL-1007 : analyze verilog file ../../../RTL/i2c_reg_cfg.v
HDL-1007 : analyze verilog file ../../../RTL/spar_4mic_localization.v
RUN-1001 : Project manager successfully analyzed 9 source files.
RUN-1002 : start command "import_device eagle_s20.db -package EG4S20BG256"
ARC-1001 : Device Initialization.
ARC-1001 : ------------------------------------------------------------------
ARC-1001 :            OPTION            |          IO          |   SETTING   
ARC-1001 : ------------------------------------------------------------------
ARC-1001 :   cso_b/cclk/mosi/miso/dout  |  T3/R11/T10/P10/S11  |    gpio    
ARC-1001 :             done             |         P13          |    gpio    
ARC-1001 :           program_b          |          T2          |  dedicate  
ARC-1001 :        tdi/tms/tck/tdo       |   C12/A15/C14/E14    |  dedicate  
ARC-1001 : ------------------------------------------------------------------
ARC-1004 : Device setting, marked 5 dedicate IOs in total.
RUN-1002 : start command "import_db ../syn_1/ES8388_gate.db"
RUN-1001 : Importing database generated by Tang Dynasty, V5.6.71036.
RUN-1001 : Database version number 46146.
RUN-1001 : Import flow parameters
RUN-1001 : Import IO constraints
RUN-1001 : Import Inst constraints
RUN-1001 : Import design success TD_VERSION=5.6.71036 , DB_VERSION=46146
RUN-1002 : start command "place"
RUN-1001 : Open license file E:/Software/Anlogic/TD5.6.2/license/Anlogic.lic
RUN-1001 : Print Global Property
RUN-1001 : ---------------------------------------------------------------
RUN-1001 :        Parameters        |  Settings  |  Default Values  |  Note  
RUN-1001 : ---------------------------------------------------------------
RUN-1001 :          message         |  standard  |     standard     |        
RUN-1001 :   mixed_pack_place_flow  |     on     |        on        |        
RUN-1001 :        qor_monitor       |    off     |       off        |        
RUN-1001 :        syn_ip_flow       |    off     |       off        |        
RUN-1001 :          thread          |    auto    |       auto       |        
RUN-1001 : ---------------------------------------------------------------
RUN-1001 : Print Place Property
RUN-1001 : --------------------------------------------------------------
RUN-1001 :        Parameters       |  Settings  |  Default Values  |  Note  
RUN-1001 : --------------------------------------------------------------
RUN-1001 :      detailed_place     |     on     |        on        |        
RUN-1001 :          effort         |   medium   |      medium      |        
RUN-1001 :         fix_hold        |    off     |       off        |        
RUN-1001 :       legalization      |    ori     |       ori        |        
RUN-1001 :      new_spreading      |     on     |        on        |        
RUN-1001 :        opt_timing       |   medium   |      medium      |        
RUN-1001 :   post_clock_route_opt  |    off     |       off        |        
RUN-1001 :       pr_strategy       |     1      |        1         |        
RUN-1001 :        relaxation       |    1.00    |       1.00       |        
RUN-1001 :         retiming        |    off     |       off        |        
RUN-1001 : --------------------------------------------------------------
PHY-3001 : Placer runs in 16 thread(s).
RUN-1002 : start command "legalize_phy_inst"
SYN-1011 : Flatten model audio_speak
RUN-1002 : start command "phys_opt -simplify_lut"
SYN-4016 : Net ilaclk_1_dup_1 driven by BUFG (0 clock/control pins, 2 other pins).
SYN-4016 : Net ilaclk_2_dup_1 driven by BUFG (0 clock/control pins, 2 other pins).
SYN-4016 : Net ilaclk_3_dup_1 driven by BUFG (0 clock/control pins, 2 other pins).
SYN-4016 : Net ilaclk_dup_1 driven by BUFG (0 clock/control pins, 2 other pins).
SYN-4027 : Net aud_mclk_1_dup_1 is clkc1 of pll u1_pll_clk/pll_inst.
SYN-4019 : Net sys_clk_dup_1 is refclk of pll u1_pll_clk/pll_inst.
SYN-4020 : Net sys_clk_dup_1 is fbclk of pll u1_pll_clk/pll_inst.
SYN-4027 : Net aud_mclk_2_dup_1 is clkc1 of pll u2_pll_clk/pll_inst.
SYN-4019 : Net sys_clk_dup_1 is refclk of pll u2_pll_clk/pll_inst.
SYN-4020 : Net sys_clk_dup_1 is fbclk of pll u2_pll_clk/pll_inst.
SYN-4027 : Net aud_mclk_3_dup_1 is clkc1 of pll u3_pll_clk/pll_inst.
SYN-4019 : Net sys_clk_dup_1 is refclk of pll u3_pll_clk/pll_inst.
SYN-4020 : Net sys_clk_dup_1 is fbclk of pll u3_pll_clk/pll_inst.
SYN-4027 : Net aud_mclk_dup_1 is clkc1 of pll u_pll_clk/pll_inst.
SYN-4019 : Net sys_clk_dup_1 is refclk of pll u_pll_clk/pll_inst.
SYN-4020 : Net sys_clk_dup_1 is fbclk of pll u_pll_clk/pll_inst.
SYN-4024 : Net "aud_bclk_dup_1" drives clk pins.
SYN-4024 : Net "aud_bclk_1_dup_1" drives clk pins.
SYN-4024 : Net "aud_bclk_2_dup_1" drives clk pins.
SYN-4024 : Net "aud_bclk_3_dup_1" drives clk pins.
SYN-4024 : Net "u1_es8388_ctrl/u_es8388_config/u_i2c_dri/dri_clk" drives clk pins.
SYN-4024 : Net "u2_es8388_ctrl/u_es8388_config/u_i2c_dri/dri_clk" drives clk pins.
SYN-4024 : Net "u3_es8388_ctrl/u_es8388_config/u_i2c_dri/dri_clk" drives clk pins.
SYN-7503 WARNING: Net "u_es8388_ctrl/u_es8388_config/u_i2c_dri/dri_clk" drives clk pins. However it will not be tagged as clk net, for there's no more slots.
SYN-4025 : Tag rtl::Net aud_bclk_1_dup_1 as clock net
SYN-4025 : Tag rtl::Net aud_bclk_2_dup_1 as clock net
SYN-4025 : Tag rtl::Net aud_bclk_3_dup_1 as clock net
SYN-4025 : Tag rtl::Net aud_bclk_dup_1 as clock net
SYN-4025 : Tag rtl::Net aud_mclk_1_dup_1 as clock net
SYN-4025 : Tag rtl::Net aud_mclk_2_dup_1 as clock net
SYN-4025 : Tag rtl::Net aud_mclk_3_dup_1 as clock net
SYN-4025 : Tag rtl::Net aud_mclk_dup_1 as clock net
SYN-4025 : Tag rtl::Net ilaclk_1_dup_1 as clock net
SYN-4025 : Tag rtl::Net ilaclk_2_dup_1 as clock net
SYN-4025 : Tag rtl::Net ilaclk_3_dup_1 as clock net
SYN-4025 : Tag rtl::Net ilaclk_dup_1 as clock net
SYN-4025 : Tag rtl::Net sys_clk_dup_1 as clock net
SYN-4025 : Tag rtl::Net u1_es8388_ctrl/u_es8388_config/u_i2c_dri/dri_clk as clock net
SYN-4025 : Tag rtl::Net u2_es8388_ctrl/u_es8388_config/u_i2c_dri/dri_clk as clock net
SYN-4025 : Tag rtl::Net u3_es8388_ctrl/u_es8388_config/u_i2c_dri/dri_clk as clock net
SYN-4026 : Tagged 16 rtl::Net as clock net
SYN-4015 : Create BUFG instance for clk Net aud_bclk_1_dup_1 to drive 80 clock pins.
SYN-4015 : Create BUFG instance for clk Net aud_bclk_2_dup_1 to drive 80 clock pins.
SYN-4015 : Create BUFG instance for clk Net aud_bclk_3_dup_1 to drive 80 clock pins.
SYN-4015 : Create BUFG instance for clk Net aud_bclk_dup_1 to drive 80 clock pins.
SYN-4015 : Create BUFG instance for clk Net u1_es8388_ctrl/u_es8388_config/u_i2c_dri/dri_clk to drive 59 clock pins.
SYN-4015 : Create BUFG instance for clk Net u2_es8388_ctrl/u_es8388_config/u_i2c_dri/dri_clk to drive 59 clock pins.
SYN-4015 : Create BUFG instance for clk Net u3_es8388_ctrl/u_es8388_config/u_i2c_dri/dri_clk to drive 59 clock pins.
PHY-1001 : Populate physical database on model audio_speak.
RUN-1001 : There are total 2718 instances
RUN-0007 : 1040 luts, 851 seqs, 496 mslices, 238 lslices, 51 pads, 0 brams, 24 dsps
RUN-1001 : There are total 4501 nets
RUN-1001 : 2949 nets have 2 pins
RUN-1001 : 1109 nets have [3 - 5] pins
RUN-1001 : 310 nets have [6 - 10] pins
RUN-1001 : 76 nets have [11 - 20] pins
RUN-1001 : 44 nets have [21 - 99] pins
RUN-1001 : 13 nets have 100+ pins
RUN-1001 : Report Control nets information:
RUN-1001 : DFF Distribution
RUN-1001 : ----------------------------------
RUN-1001 :   CE   |  SSR  |  ASR  |  DFF Count  
RUN-1001 : ----------------------------------
RUN-1001 :   No   |  No   |  No   |      0      
RUN-1001 :   No   |  No   |  Yes  |     531     
RUN-1001 :   No   |  Yes  |  No   |      0      
RUN-1001 :   Yes  |  No   |  No   |      0      
RUN-1001 :   Yes  |  No   |  Yes  |     288     
RUN-1001 :   Yes  |  Yes  |  No   |     32      
RUN-1001 : ----------------------------------
RUN-0007 : Control Group Statistic
RUN-0007 : ---------------------------
RUN-0007 :   #CLK  |  #CE  |  #SSR/ASR  
RUN-0007 : ---------------------------
RUN-0007 :    9    |  21   |     9      
RUN-0007 : ---------------------------
RUN-0007 : Control Set = 33
PHY-3001 : Initial placement ...
PHY-3001 : design contains 2716 instances, 1040 luts, 851 seqs, 734 slices, 130 macros(734 instances: 496 mslices 238 lslices)
PHY-0007 : Cell area utilization is 12%
PHY-3001 : Global placement ...
PHY-3001 : Initial: Len = 980896
PHY-3001 : Clustering ...
PHY-3001 : Level 0 #clusters 2716.
PHY-3001 : End clustering;  0.000074s wall, 0.000000s user + 0.000000s system = 0.000000s CPU (n/a%)

PHY-3001 : Run with size of 4
PHY-3001 : Cell area utilization is 12%
PHY-3001 : :::0::: Try harder cell spreading with beta_ = 0
PHY-3002 : Step(1): len = 698317, overlap = 51.75
PHY-3002 : Step(2): len = 513383, overlap = 51.75
PHY-3002 : Step(3): len = 419850, overlap = 36
PHY-3002 : Step(4): len = 340609, overlap = 36.25
PHY-3002 : Step(5): len = 274962, overlap = 45
PHY-3002 : Step(6): len = 244989, overlap = 42
PHY-3002 : Step(7): len = 218974, overlap = 50.75
PHY-3002 : Step(8): len = 201093, overlap = 47.2188
PHY-3002 : Step(9): len = 177734, overlap = 62.75
PHY-3002 : Step(10): len = 165203, overlap = 71.6562
PHY-3002 : Step(11): len = 147783, overlap = 85.3125
PHY-3002 : Step(12): len = 137614, overlap = 100.562
PHY-3002 : Step(13): len = 129309, overlap = 111.281
PHY-3002 : Step(14): len = 121028, overlap = 113.312
PHY-3002 : Step(15): len = 114092, overlap = 118.312
PHY-3002 : Step(16): len = 111207, overlap = 114.938
PHY-3002 : Step(17): len = 107558, overlap = 124.875
PHY-3002 : Step(18): len = 100236, overlap = 127.344
PHY-3002 : Step(19): len = 97162.4, overlap = 133.656
PHY-3002 : Step(20): len = 95744.8, overlap = 161.094
PHY-3001 : :::1::: Try harder cell spreading with beta_ = 4.42608e-06
PHY-3002 : Step(21): len = 107154, overlap = 151.969
PHY-3002 : Step(22): len = 110330, overlap = 147.969
PHY-3002 : Step(23): len = 112090, overlap = 136.594
PHY-3002 : Step(24): len = 110116, overlap = 135.031
PHY-3002 : Step(25): len = 102007, overlap = 124.906
PHY-3002 : Step(26): len = 100491, overlap = 125.938
PHY-3002 : Step(27): len = 102866, overlap = 128.562
PHY-3002 : Step(28): len = 106427, overlap = 129.938
PHY-3002 : Step(29): len = 107344, overlap = 127.406
PHY-3002 : Step(30): len = 102281, overlap = 123.094
PHY-3002 : Step(31): len = 100026, overlap = 120.969
PHY-3002 : Step(32): len = 99827.9, overlap = 120.438
PHY-3002 : Step(33): len = 98938.3, overlap = 125.906
PHY-3002 : Step(34): len = 98382.5, overlap = 112.969
PHY-3002 : Step(35): len = 95871.3, overlap = 115.094
PHY-3002 : Step(36): len = 95520.2, overlap = 93.6562
PHY-3002 : Step(37): len = 95554.3, overlap = 91.8438
PHY-3002 : Step(38): len = 94030.1, overlap = 93.6875
PHY-3002 : Step(39): len = 93326.4, overlap = 100.219
PHY-3002 : Step(40): len = 91946.5, overlap = 101.094
PHY-3002 : Step(41): len = 89737.2, overlap = 109.312
PHY-3002 : Step(42): len = 89556, overlap = 116.688
PHY-3002 : Step(43): len = 88248, overlap = 126.688
PHY-3002 : Step(44): len = 86391.7, overlap = 129.812
PHY-3002 : Step(45): len = 85314.3, overlap = 136.719
PHY-3002 : Step(46): len = 84471.8, overlap = 147.125
PHY-3002 : Step(47): len = 83398.8, overlap = 146.562
PHY-3002 : Step(48): len = 80581.2, overlap = 133.562
PHY-3002 : Step(49): len = 78623.8, overlap = 145.562
PHY-3002 : Step(50): len = 79377.2, overlap = 146.25
PHY-3002 : Step(51): len = 79518.9, overlap = 146.469
PHY-3002 : Step(52): len = 76886.6, overlap = 126.781
PHY-3002 : Step(53): len = 76352.8, overlap = 126.656
PHY-3002 : Step(54): len = 76607.9, overlap = 116.531
PHY-3002 : Step(55): len = 75493.5, overlap = 112.281
PHY-3002 : Step(56): len = 75367.3, overlap = 107.75
PHY-3002 : Step(57): len = 74788, overlap = 105.938
PHY-3002 : Step(58): len = 74588.3, overlap = 100.688
PHY-3002 : Step(59): len = 74935.1, overlap = 93.9062
PHY-3002 : Step(60): len = 75076.1, overlap = 90.1562
PHY-3002 : Step(61): len = 73125.9, overlap = 95.9375
PHY-3002 : Step(62): len = 73049.8, overlap = 95.4375
PHY-3002 : Step(63): len = 73460, overlap = 95.2812
PHY-3001 : :::2::: Try harder cell spreading with beta_ = 8.85215e-06
PHY-3002 : Step(64): len = 75977.4, overlap = 99.7812
PHY-3002 : Step(65): len = 76438, overlap = 99.2812
PHY-3002 : Step(66): len = 77146.9, overlap = 99.5312
PHY-3001 : :::3::: Try harder cell spreading with beta_ = 1.77043e-05
PHY-3002 : Step(67): len = 81365.7, overlap = 96.8438
PHY-3002 : Step(68): len = 82187.9, overlap = 97.1562
PHY-3002 : Step(69): len = 83025.2, overlap = 99.0625
PHY-3001 : :::4::: Try harder cell spreading with beta_ = 3.54086e-05
PHY-3002 : Step(70): len = 87065.6, overlap = 91.625
PHY-3002 : Step(71): len = 87706.7, overlap = 91.625
PHY-3002 : Step(72): len = 91329.3, overlap = 83.5312
PHY-3002 : Step(73): len = 92582.1, overlap = 83.1562
PHY-3002 : Step(74): len = 94104.5, overlap = 76.2812
PHY-3002 : Step(75): len = 95197.7, overlap = 71.6875
PHY-3002 : Step(76): len = 94575.4, overlap = 69.625
PHY-3002 : Step(77): len = 93049.4, overlap = 68.7812
PHY-3002 : Step(78): len = 92775.3, overlap = 69.1562
PHY-3002 : Step(79): len = 91399.1, overlap = 69.1562
PHY-3001 : :::5::: Try harder cell spreading with beta_ = 7.08172e-05
PHY-3002 : Step(80): len = 92985.9, overlap = 69.4062
PHY-3002 : Step(81): len = 93365.9, overlap = 69.5938
PHY-3002 : Step(82): len = 96257, overlap = 69.9062
PHY-3002 : Step(83): len = 96605, overlap = 70.125
PHY-3002 : Step(84): len = 96728.6, overlap = 70.3125
PHY-3002 : Step(85): len = 96768.9, overlap = 70.6875
PHY-3001 : :::6::: Try harder cell spreading with beta_ = 0.000141634
PHY-3002 : Step(86): len = 97909.5, overlap = 70.75
PHY-3002 : Step(87): len = 98027.2, overlap = 70.8125
PHY-3002 : Step(88): len = 99690.1, overlap = 71.0938
PHY-3002 : Step(89): len = 100018, overlap = 70.9688
PHY-3002 : Step(90): len = 102757, overlap = 71.0625
PHY-3002 : Step(91): len = 103338, overlap = 73
PHY-3002 : Step(92): len = 104292, overlap = 72.75
PHY-3001 : :::7::: Try harder cell spreading with beta_ = 0.000283269
PHY-3002 : Step(93): len = 104769, overlap = 72.9062
PHY-3002 : Step(94): len = 104869, overlap = 72.9688
PHY-3002 : Step(95): len = 106739, overlap = 75.2188
PHY-3002 : Step(96): len = 107601, overlap = 75.2188
PHY-3002 : Step(97): len = 109422, overlap = 75.0938
PHY-3002 : Step(98): len = 110359, overlap = 72.875
PHY-3002 : Step(99): len = 111575, overlap = 70.3125
PHY-3002 : Step(100): len = 111832, overlap = 70.0625
PHY-3002 : Step(101): len = 111886, overlap = 70.0625
PHY-3002 : Step(102): len = 111900, overlap = 70.3125
PHY-3001 : :::8::: Try harder cell spreading with beta_ = 0.000566538
PHY-3002 : Step(103): len = 112243, overlap = 70.3125
PHY-3002 : Step(104): len = 112708, overlap = 68.3125
PHY-3002 : Step(105): len = 113668, overlap = 68.3125
PHY-3001 : Legalization ...
PHY-3001 : End legalization;  0.019828s wall, 0.062500s user + 0.062500s system = 0.125000s CPU (630.4%)

PHY-3001 : Run with size of 4
PHY-3001 : Cell area utilization is 16%
PHY-3001 : :::0::: Try harder cell spreading with beta_ = 3.66824e-06
PHY-3002 : Step(106): len = 130801, overlap = 81.375
PHY-3002 : Step(107): len = 130810, overlap = 80.7812
PHY-3002 : Step(108): len = 123579, overlap = 94.5312
PHY-3002 : Step(109): len = 123882, overlap = 84.1875
PHY-3002 : Step(110): len = 117371, overlap = 78.625
PHY-3002 : Step(111): len = 117825, overlap = 81.1875
PHY-3002 : Step(112): len = 118039, overlap = 81.6562
PHY-3001 : :::1::: Try harder cell spreading with beta_ = 7.33648e-06
PHY-3002 : Step(113): len = 116322, overlap = 90.0312
PHY-3002 : Step(114): len = 116463, overlap = 89.9688
PHY-3002 : Step(115): len = 117022, overlap = 96.25
PHY-3001 : :::2::: Try harder cell spreading with beta_ = 1.4673e-05
PHY-3002 : Step(116): len = 115254, overlap = 104.156
PHY-3002 : Step(117): len = 115494, overlap = 105.5
PHY-3002 : Step(118): len = 115906, overlap = 107.25
PHY-3001 : :::3::: Try harder cell spreading with beta_ = 2.93459e-05
PHY-3002 : Step(119): len = 117867, overlap = 96.625
PHY-3002 : Step(120): len = 118610, overlap = 96.5312
PHY-3002 : Step(121): len = 119395, overlap = 95.125
PHY-3001 : :::4::: Try harder cell spreading with beta_ = 5.86919e-05
PHY-3002 : Step(122): len = 118685, overlap = 96.0625
PHY-3002 : Step(123): len = 118952, overlap = 89.9375
PHY-3002 : Step(124): len = 120354, overlap = 79.875
PHY-3002 : Step(125): len = 120950, overlap = 84.1875
PHY-3002 : Step(126): len = 118977, overlap = 81.0625
PHY-3002 : Step(127): len = 119044, overlap = 86.375
PHY-3002 : Step(128): len = 119044, overlap = 86.375
PHY-3001 : :::5::: Try harder cell spreading with beta_ = 0.000117384
PHY-3002 : Step(129): len = 119953, overlap = 88.7188
PHY-3002 : Step(130): len = 119953, overlap = 88.7188
PHY-3002 : Step(131): len = 119746, overlap = 87.1875
PHY-3001 : :::6::: Try harder cell spreading with beta_ = 0.000234767
PHY-3002 : Step(132): len = 120732, overlap = 78.3438
PHY-3002 : Step(133): len = 121165, overlap = 78.8438
PHY-3002 : Step(134): len = 121263, overlap = 78.9375
PHY-3001 : :::7::: Try harder cell spreading with beta_ = 0.000469535
PHY-3002 : Step(135): len = 121492, overlap = 75.6875
PHY-3002 : Step(136): len = 121492, overlap = 75.6875
PHY-3001 : :::8::: Try harder cell spreading with beta_ = 0.00093907
PHY-3002 : Step(137): len = 121886, overlap = 73.875
PHY-3002 : Step(138): len = 121730, overlap = 70.75
PHY-3001 : :::9::: Try harder cell spreading with beta_ = 0.00187814
PHY-3002 : Step(139): len = 121971, overlap = 70.1562
PHY-3002 : Step(140): len = 121971, overlap = 70.1562
PHY-3001 : :::10::: Try harder cell spreading with beta_ = 0.00375628
PHY-3002 : Step(141): len = 122185, overlap = 68.4062
PHY-3002 : Step(142): len = 122267, overlap = 68.0938
PHY-3001 : :::11::: Try harder cell spreading with beta_ = 0.00751256
PHY-3002 : Step(143): len = 122212, overlap = 66.0312
PHY-3002 : Step(144): len = 122197, overlap = 67.2812
PHY-3001 : :::12::: Try harder cell spreading with beta_ = 0.0135561
PHY-3002 : Step(145): len = 122245, overlap = 67.4688
PHY-3002 : Step(146): len = 122245, overlap = 67.4688
PHY-3001 : :::13::: Try harder cell spreading with beta_ = 0.0271122
PHY-3002 : Step(147): len = 122278, overlap = 67.7188
PHY-3002 : Step(148): len = 122289, overlap = 67.5312
PHY-3001 : :::14::: Try harder cell spreading with beta_ = 0.0502933
PHY-3002 : Step(149): len = 122269, overlap = 67.5312
PHY-3002 : Step(150): len = 122269, overlap = 67.5312
PHY-3001 : Run with size of 2
PHY-3001 : Cell area utilization is 16%
PHY-3001 : :::0::: Try harder cell spreading with beta_ = 1.74369e-05
PHY-3002 : Step(151): len = 121004, overlap = 193.594
PHY-3002 : Step(152): len = 121126, overlap = 198.125
PHY-3002 : Step(153): len = 121330, overlap = 179.438
PHY-3002 : Step(154): len = 122141, overlap = 168.656
PHY-3002 : Step(155): len = 122479, overlap = 156.562
PHY-3002 : Step(156): len = 122710, overlap = 151.125
PHY-3002 : Step(157): len = 122978, overlap = 142.25
PHY-3002 : Step(158): len = 122722, overlap = 139.969
PHY-3001 : :::1::: Try harder cell spreading with beta_ = 3.48738e-05
PHY-3002 : Step(159): len = 123237, overlap = 133.344
PHY-3002 : Step(160): len = 123606, overlap = 141.719
PHY-3002 : Step(161): len = 123761, overlap = 144.781
PHY-3001 : :::2::: Try harder cell spreading with beta_ = 6.97476e-05
PHY-3002 : Step(162): len = 125042, overlap = 131.969
PHY-3002 : Step(163): len = 125535, overlap = 123.312
PHY-3002 : Step(164): len = 127122, overlap = 125.188
PHY-3001 : :::3::: Try harder cell spreading with beta_ = 0.000139495
PHY-3002 : Step(165): len = 128256, overlap = 118.781
PHY-3002 : Step(166): len = 128503, overlap = 114.875
PHY-3002 : Step(167): len = 129451, overlap = 113.844
PHY-3001 : :::4::: Try harder cell spreading with beta_ = 0.00027899
PHY-3002 : Step(168): len = 130064, overlap = 109.625
PHY-3002 : Step(169): len = 130679, overlap = 108.156
PHY-3002 : Step(170): len = 131351, overlap = 105.406
PHY-3001 : :::5::: Try harder cell spreading with beta_ = 0.000557981
PHY-3002 : Step(171): len = 131867, overlap = 102.562
PHY-3002 : Step(172): len = 132686, overlap = 100.906
PHY-3002 : Step(173): len = 133182, overlap = 93.4062
PHY-3001 : :::6::: Try harder cell spreading with beta_ = 0.00104329
PHY-3002 : Step(174): len = 133382, overlap = 82.5312
PHY-3002 : Step(175): len = 133858, overlap = 85.5938
PHY-3002 : Step(176): len = 134225, overlap = 89.75
PHY-3001 : :::7::: Try harder cell spreading with beta_ = 0.00168804
PHY-3002 : Step(177): len = 134455, overlap = 88.4375
PHY-3002 : Step(178): len = 134666, overlap = 86.375
PHY-3002 : Step(179): len = 134746, overlap = 85.6562
PHY-3001 : :::8::: Try harder cell spreading with beta_ = 0.0032784
PHY-3002 : Step(180): len = 134830, overlap = 86.0625
PHY-3002 : Step(181): len = 135359, overlap = 82.8438
PHY-3001 : :::9::: Try harder cell spreading with beta_ = 0.00530445
PHY-3002 : Step(182): len = 135383, overlap = 82.25
PHY-3002 : Step(183): len = 135388, overlap = 81.875
PHY-3001 : :::10::: Try harder cell spreading with beta_ = 0.00858261
PHY-3002 : Step(184): len = 135655, overlap = 81.4688
PHY-3002 : Step(185): len = 135736, overlap = 78.4688
PHY-3001 : :::11::: Try harder cell spreading with beta_ = 0.0138867
PHY-3002 : Step(186): len = 135767, overlap = 78.25
PHY-3002 : Step(187): len = 135965, overlap = 79.3125
PHY-3001 : :::12::: Try harder cell spreading with beta_ = 0.0224686
PHY-3002 : Step(188): len = 135979, overlap = 79.4062
PHY-3002 : Step(189): len = 135982, overlap = 78.7812
PHY-3001 : :::13::: Try harder cell spreading with beta_ = 0.0363542
PHY-3002 : Step(190): len = 136020, overlap = 77.1562
PHY-3002 : Step(191): len = 136074, overlap = 76.8125
OPT-1001 : Start physical optimization ...
OPT-1001 : Total overflow 250.09 peak overflow 3.50
OPT-1001 : Start high-fanout net optimization ...
OPT-1001 : Update timing in global mode
PHY-1001 : Start incremental global routing, caller is place ...
RUN-1001 : Generating global routing grids ...
RUN-1001 : Building simple global routing graph ...
PHY-1001 : Generate routing nets ...
PHY-1001 : Reuse net number 0/4501.
PHY-1001 : Global iterations in 16 thread ...
PHY-1002 : len = 157856, over cnt = 557(1%), over = 2756, worst = 44
PHY-1001 : End global iterations;  0.130798s wall, 0.140625s user + 0.062500s system = 0.203125s CPU (155.3%)

PHY-1001 : Congestion index: top1 = 59.87, top5 = 42.08, top10 = 32.45, top15 = 25.98.
PHY-1001 : End incremental global routing;  0.190641s wall, 0.187500s user + 0.078125s system = 0.265625s CPU (139.3%)

RUN-1002 : start command "start_timer -report"
TMR-5001 WARNING: No sdc constraints found while initiating timer.
TMR-2505 : Start building timing graph for model audio_speak.
TMR-2506 : Build timing graph completely. Port num: 50, tpin num: 15102, tnet num: 3971, tinst num: 2716, tnode num: 18370, tedge num: 25417.
TMR-2508 : Levelizing timing graph completed, there are 47 levels in total.
TMR-2501 : Timing graph initialized successfully.
OPT-1001 : End timing update;  0.283044s wall, 0.265625s user + 0.015625s system = 0.281250s CPU (99.4%)

OPT-1001 : 0 high-fanout net processed.
OPT-1001 : End high-fanout net optimization;  0.514890s wall, 0.500000s user + 0.093750s system = 0.593750s CPU (115.3%)

OPT-1001 : Current memory(MB): used = 213, reserve = 182, peak = 213.
OPT-1001 : End physical optimization;  0.542023s wall, 0.515625s user + 0.093750s system = 0.609375s CPU (112.4%)

PHY-3001 : Start packing ...
SYN-4007 : Packing 0 MUX to BLE ...
SYN-4008 : Packed 0 MUX and 0 SEQ to BLE.
SYN-4007 : Packing 1040 LUT to BLE ...
SYN-4008 : Packed 1040 LUT and 447 SEQ to BLE.
SYN-4003 : Packing 404 remaining SEQ's ...
SYN-4005 : Packed 206 SEQ with LUT/SLICE
SYN-4006 : 441 single LUT's are left
SYN-4006 : 198 single SEQ's are left
SYN-4011 : Packing model "audio_speak" (AL_USER_NORMAL) with 1238/2065 primitive instances ...
PHY-3001 : End packing;  0.059045s wall, 0.062500s user + 0.000000s system = 0.062500s CPU (105.9%)

PHY-1001 : Populate physical database on model audio_speak.
RUN-1001 : There are total 1475 instances
RUN-1001 : 691 mslices, 691 lslices, 51 pads, 0 brams, 24 dsps
RUN-1001 : There are total 4066 nets
RUN-1001 : 2526 nets have 2 pins
RUN-1001 : 1100 nets have [3 - 5] pins
RUN-1001 : 311 nets have [6 - 10] pins
RUN-1001 : 84 nets have [11 - 20] pins
RUN-1001 : 36 nets have [21 - 99] pins
RUN-1001 : 9 nets have 100+ pins
PHY-3001 : design contains 1473 instances, 1382 slices, 130 macros(734 instances: 496 mslices 238 lslices)
PHY-3001 : Cell area utilization is 17%
PHY-3001 : After packing: Len = 135531, Over = 93.5
PHY-3001 : Run with size of 2
PHY-3001 : Cell area utilization is 17%
PHY-3001 : :::0::: Try harder cell spreading with beta_ = 3.24097e-05
PHY-3002 : Step(192): len = 129219, overlap = 107.75
PHY-3002 : Step(193): len = 129039, overlap = 106.5
PHY-3002 : Step(194): len = 125374, overlap = 113.75
PHY-3002 : Step(195): len = 124459, overlap = 120.25
PHY-3002 : Step(196): len = 124393, overlap = 122.25
PHY-3001 : :::1::: Try harder cell spreading with beta_ = 6.48195e-05
PHY-3002 : Step(197): len = 126590, overlap = 119.75
PHY-3002 : Step(198): len = 127635, overlap = 116.75
PHY-3002 : Step(199): len = 128583, overlap = 114.25
PHY-3001 : :::2::: Try harder cell spreading with beta_ = 0.000129639
PHY-3002 : Step(200): len = 129849, overlap = 108.75
PHY-3002 : Step(201): len = 130716, overlap = 105.75
PHY-3002 : Step(202): len = 131141, overlap = 105.5
PHY-3001 : Legalization ...
PHY-3001 : End legalization;  0.146324s wall, 0.125000s user + 0.250000s system = 0.375000s CPU (256.3%)

PHY-3001 : Trial Legalized: Len = 162528
PHY-3001 : Run with size of 2
PHY-3001 : Cell area utilization is 17%
PHY-3001 : :::0::: Try harder cell spreading with beta_ = 0.00409498
PHY-3002 : Step(203): len = 156210, overlap = 5.25
PHY-3002 : Step(204): len = 153683, overlap = 11
PHY-3002 : Step(205): len = 152058, overlap = 12
PHY-3002 : Step(206): len = 150545, overlap = 18.75
PHY-3002 : Step(207): len = 148658, overlap = 21.75
PHY-3002 : Step(208): len = 147124, overlap = 25.5
PHY-3002 : Step(209): len = 146060, overlap = 26.75
PHY-3002 : Step(210): len = 145569, overlap = 28.25
PHY-3002 : Step(211): len = 144906, overlap = 28.25
PHY-3001 : :::1::: Try harder cell spreading with beta_ = 0.00818996
PHY-3002 : Step(212): len = 144837, overlap = 28
PHY-3002 : Step(213): len = 144574, overlap = 28.5
PHY-3001 : :::2::: Try harder cell spreading with beta_ = 0.0163799
PHY-3002 : Step(214): len = 144601, overlap = 28.5
PHY-3002 : Step(215): len = 144351, overlap = 28.5
PHY-3001 : Legalization ...
PHY-3001 : End legalization;  0.003921s wall, 0.000000s user + 0.000000s system = 0.000000s CPU (n/a%)

PHY-3001 : Legalized: Len = 152337, Over = 0
PHY-3001 : Spreading special nets. 2 overflows in 2952 tiles.
PHY-3001 : End spreading;  0.008214s wall, 0.015625s user + 0.000000s system = 0.015625s CPU (190.2%)

PHY-3001 : 4 instances has been re-located, deltaX = 0, deltaY = 4, maxDist = 2.
PHY-3001 : Final: Len = 152401, Over = 0
OPT-1001 : Start physical optimization ...
OPT-1001 : Total overflow 0.00 peak overflow 0.00
OPT-1001 : Start high-fanout net optimization ...
OPT-1001 : Update timing in global mode
PHY-1001 : Start incremental global routing, caller is place ...
RUN-1001 : Generating global routing grids ...
PHY-1001 : Generate routing nets ...
PHY-1001 : Reuse net number 337/4066.
PHY-1001 : Global iterations in 16 thread ...
PHY-1002 : len = 177824, over cnt = 464(1%), over = 951, worst = 9
PHY-1002 : len = 181648, over cnt = 307(0%), over = 497, worst = 9
PHY-1002 : len = 185008, over cnt = 103(0%), over = 168, worst = 6
PHY-1002 : len = 186768, over cnt = 8(0%), over = 11, worst = 4
PHY-1002 : len = 186936, over cnt = 0(0%), over = 0, worst = 0
PHY-1001 : End global iterations;  0.230762s wall, 0.234375s user + 0.093750s system = 0.328125s CPU (142.2%)

PHY-1001 : Congestion index: top1 = 43.86, top5 = 35.35, top10 = 29.72, top15 = 25.99.
PHY-1001 : End incremental global routing;  0.303478s wall, 0.312500s user + 0.093750s system = 0.406250s CPU (133.9%)

RUN-1002 : start command "start_timer -report"
TMR-5001 WARNING: No sdc constraints found while initiating timer.
TMR-2505 : Start building timing graph for model audio_speak.
TMR-2506 : Build timing graph completely. Port num: 50, tpin num: 13356, tnet num: 3536, tinst num: 1473, tnode num: 15760, tedge num: 23212.
TMR-2508 : Levelizing timing graph completed, there are 45 levels in total.
TMR-2501 : Timing graph initialized successfully.
OPT-1001 : End timing update;  0.284811s wall, 0.265625s user + 0.000000s system = 0.265625s CPU (93.3%)

OPT-1001 : 0 high-fanout net processed.
OPT-1001 : End high-fanout net optimization;  0.630450s wall, 0.625000s user + 0.093750s system = 0.718750s CPU (114.0%)

OPT-1001 : Current memory(MB): used = 220, reserve = 189, peak = 220.
OPT-1001 : Update timing in Manhattan mode
OPT-1001 : End timing update;  0.004609s wall, 0.000000s user + 0.000000s system = 0.000000s CPU (n/a%)

OPT-1001 : Start pin optimization...
OPT-1001 : skip pin optimization...
RUN-1001 : Generating global routing grids ...
PHY-1001 : Generate routing nets ...
PHY-1001 : Reuse net number 3032/4066.
PHY-1001 : Global iterations in 16 thread ...
PHY-1002 : len = 186936, over cnt = 0(0%), over = 0, worst = 0
PHY-1001 : End global iterations;  0.017116s wall, 0.015625s user + 0.000000s system = 0.015625s CPU (91.3%)

PHY-1001 : Congestion index: top1 = 43.86, top5 = 35.35, top10 = 29.72, top15 = 25.99.
OPT-1001 : Update timing in Manhattan mode
OPT-1001 : End timing update;  0.004927s wall, 0.000000s user + 0.000000s system = 0.000000s CPU (n/a%)

RUN-1001 : QoR Analysis:
OPT-0007 :   WNS 2147483647 TNS 0 NUM_FEPS 0
RUN-1001 :   No local congestion issue, and most congested 1% tile average routing util is 43.482759
RUN-1001 :   Top critical paths
OPT-1001 : End physical optimization;  0.751803s wall, 0.734375s user + 0.093750s system = 0.828125s CPU (110.2%)

RUN-1003 : finish command "place" in  7.216554s wall, 11.078125s user + 10.453125s system = 21.531250s CPU (298.4%)

RUN-1004 : used memory is 190 MB, reserved memory is 159 MB, peak memory is 223 MB
RUN-1002 : start command "export_db ES8388_place.db"
RUN-1001 : Exported /
RUN-1001 : Exported flow parameters
RUN-1001 : Exported libs
RUN-1001 : Exported entities
RUN-1001 : Exported ports
RUN-1001 : Exported pins
RUN-1001 : Exported instances
RUN-1001 : Exported nets
RUN-1001 : Exported buses
RUN-1001 : Exported models
RUN-1001 : Exported congestions
RUN-1001 : Exported violations
RUN-1001 : Exported IO constraints
RUN-1001 : Exported Inst constraints
RUN-1002 : start command "route"
RUN-1001 : Open license file E:/Software/Anlogic/TD5.6.2/license/Anlogic.lic
RUN-1001 : Print Global Property
RUN-1001 : ---------------------------------------------------------------
RUN-1001 :        Parameters        |  Settings  |  Default Values  |  Note  
RUN-1001 : ---------------------------------------------------------------
RUN-1001 :          message         |  standard  |     standard     |        
RUN-1001 :   mixed_pack_place_flow  |     on     |        on        |        
RUN-1001 :        qor_monitor       |    off     |       off        |        
RUN-1001 :        syn_ip_flow       |    off     |       off        |        
RUN-1001 :          thread          |    auto    |       auto       |        
RUN-1001 : ---------------------------------------------------------------
RUN-1001 : Print Route Property
RUN-1001 : -------------------------------------------------------
RUN-1001 :    Parameters    |  Settings  |  Default Values  |  Note  
RUN-1001 : -------------------------------------------------------
RUN-1001 :      effort      |   medium   |      medium      |        
RUN-1001 :     fix_hold     |    off     |       off        |        
RUN-1001 :    opt_timing    |   medium   |      medium      |        
RUN-1001 :   phy_sim_model  |    off     |       off        |        
RUN-1001 :     priority     |   timing   |      timing      |        
RUN-1001 :     swap_pin     |     on     |        on        |        
RUN-1001 : -------------------------------------------------------
PHY-1001 : Route runs in 16 thread(s)
RUN-1001 : There are total 1475 instances
RUN-1001 : 691 mslices, 691 lslices, 51 pads, 0 brams, 24 dsps
RUN-1001 : There are total 4066 nets
RUN-1001 : 2526 nets have 2 pins
RUN-1001 : 1100 nets have [3 - 5] pins
RUN-1001 : 311 nets have [6 - 10] pins
RUN-1001 : 84 nets have [11 - 20] pins
RUN-1001 : 36 nets have [21 - 99] pins
RUN-1001 : 9 nets have 100+ pins
RUN-1002 : start command "start_timer -report"
TMR-5001 WARNING: No sdc constraints found while initiating timer.
TMR-2505 : Start building timing graph for model audio_speak.
TMR-2506 : Build timing graph completely. Port num: 50, tpin num: 13356, tnet num: 3536, tinst num: 1473, tnode num: 15760, tedge num: 23212.
TMR-2508 : Levelizing timing graph completed, there are 45 levels in total.
TMR-2501 : Timing graph initialized successfully.
PHY-1001 : 691 mslices, 691 lslices, 51 pads, 0 brams, 24 dsps
TMR-2503 : Start to update net delay, extr mode = 3.
TMR-2504 : Update delay of 3536 nets completely.
TMR-2502 : Annotate delay completely, extr mode = 3.
TMR-3002 : No user constraint, initiate default constraint.
TMR-1501 : Assign derive clock DeriveClock to 1118 clock pins, and constraint 2396 relative nodes.
TMR-3003 : Constraints initiated successfully.
TMR-3501 : Forward propagation: start to calculate arrival time...
TMR-3502 : Backward propagation: start to calculate required time...
TMR-3503 : Timing propagation completes.
PHY-1001 : Start global routing, caller is route ...
RUN-1001 : Generating global routing grids ...
PHY-1001 : Generate routing nets ...
PHY-1001 : Global iterations in 16 thread ...
PHY-1002 : len = 174736, over cnt = 458(1%), over = 868, worst = 9
PHY-1002 : len = 177992, over cnt = 300(0%), over = 489, worst = 6
PHY-1002 : len = 182608, over cnt = 58(0%), over = 87, worst = 5
PHY-1002 : len = 183880, over cnt = 0(0%), over = 0, worst = 0
PHY-1001 : End global iterations;  0.236522s wall, 0.265625s user + 0.093750s system = 0.359375s CPU (151.9%)

PHY-1001 : Congestion index: top1 = 44.87, top5 = 35.55, top10 = 29.53, top15 = 25.71.
PHY-1001 : End global routing;  0.302655s wall, 0.312500s user + 0.093750s system = 0.406250s CPU (134.2%)

PHY-1001 : Start detail routing ...
PHY-1001 : Current memory(MB): used = 256, reserve = 226, peak = 271.
PHY-1001 : Detailed router is running in normal mode.
PHY-1001 : Generate detailed routing grids ...
PHY-1001 : Processed IO instance aud_dacdat_syn_4 with INV attribute.
PHY-1001 : Processed IO instance aud_dacdat_1_syn_4 with INV attribute.
PHY-1001 : Processed IO instance aud_dacdat_2_syn_4 with INV attribute.
PHY-1001 : Processed IO instance aud_dacdat_3_syn_4 with INV attribute.
PHY-1001 : Generate nets ...
PHY-1001 : clock net aud_bclk_syn_4 will be merged with clock aud_bclk_dup_1
PHY-1001 : clock net aud_bclk_1_syn_4 will be merged with clock aud_bclk_1_dup_1
PHY-1001 : clock net aud_bclk_2_syn_4 will be merged with clock aud_bclk_2_dup_1
PHY-1001 : clock net aud_bclk_3_syn_4 will be merged with clock aud_bclk_3_dup_1
PHY-1001 : net aud_mclk_dup_1 will be routed on clock mesh
PHY-1001 : net aud_mclk_1_dup_1 will be routed on clock mesh
PHY-1001 : net aud_mclk_2_dup_1 will be routed on clock mesh
PHY-1001 : net aud_mclk_3_dup_1 will be routed on clock mesh
PHY-1001 : clock net ilaclk_dup_1 will be merged with clock u_pll_clk/clk0_buf
PHY-1001 : clock net ilaclk_1_dup_1 will be merged with clock u1_pll_clk/clk0_buf
PHY-1001 : clock net ilaclk_2_dup_1 will be merged with clock u2_pll_clk/clk0_buf
PHY-1001 : clock net ilaclk_3_dup_1 will be merged with clock u3_pll_clk/clk0_buf
PHY-1001 : net sys_clk_dup_1 will be routed on clock mesh
PHY-1001 : clock net u1_es8388_ctrl/u_es8388_config/u_i2c_dri/dri_clk_syn_4 will be merged with clock u1_es8388_ctrl/u_es8388_config/u_i2c_dri/dri_clk
PHY-1001 : clock net u2_es8388_ctrl/u_es8388_config/u_i2c_dri/dri_clk_syn_4 will be merged with clock u2_es8388_ctrl/u_es8388_config/u_i2c_dri/dri_clk
PHY-1001 : clock net u3_es8388_ctrl/u_es8388_config/u_i2c_dri/dri_clk_syn_4 will be merged with clock u3_es8388_ctrl/u_es8388_config/u_i2c_dri/dri_clk
PHY-1001 : Current memory(MB): used = 525, reserve = 500, peak = 525.
PHY-1001 : End build detailed router design. 2.182080s wall, 2.156250s user + 0.031250s system = 2.187500s CPU (100.2%)

PHY-1001 : Detail Route ...
PHY-1001 : ===== Detail Route Phase 1 =====
PHY-1001 : Clock net routing.....
PHY-1001 : Routed 0% nets.
PHY-1022 : len = 48632, over cnt = 0(0%), over = 0, worst = 0, crit = 0
PHY-1001 : End initial clock net routed; 3.760805s wall, 3.750000s user + 0.015625s system = 3.765625s CPU (100.1%)

PHY-1001 : Current memory(MB): used = 558, reserve = 534, peak = 558.
PHY-1001 : End phase 1; 3.763347s wall, 3.750000s user + 0.015625s system = 3.765625s CPU (100.1%)

PHY-1001 : ===== Detail Route Phase 2 =====
PHY-1001 : Initial routing.....
PHY-1001 : Routed 28% nets.
PHY-1001 : Routed 35% nets.
PHY-1001 : Routed 42% nets.
PHY-1001 : Routed 53% nets.
PHY-1001 : Routed 72% nets.
PHY-1022 : len = 505608, over cnt = 113(0%), over = 113, worst = 1, crit = 0
PHY-1001 : Current memory(MB): used = 559, reserve = 535, peak = 559.
PHY-1001 : End initial routed; 4.094425s wall, 4.015625s user + 1.921875s system = 5.937500s CPU (145.0%)

PHY-1001 : Current memory(MB): used = 559, reserve = 535, peak = 559.
PHY-1001 : End phase 2; 4.094532s wall, 4.015625s user + 1.921875s system = 5.937500s CPU (145.0%)

PHY-1001 : ===== Detail Route Phase 3 =====
PHY-1001 : Ripup-reroute.....
PHY-1001 : ===== DR Iter 1 =====
PHY-1022 : len = 504608, over cnt = 43(0%), over = 43, worst = 1, crit = 0
PHY-1001 : End DR Iter 1; 0.081352s wall, 0.078125s user + 0.015625s system = 0.093750s CPU (115.2%)

PHY-1001 : ===== DR Iter 2 =====
PHY-1022 : len = 504632, over cnt = 3(0%), over = 3, worst = 1, crit = 0
PHY-1001 : End DR Iter 2; 0.047978s wall, 0.062500s user + 0.000000s system = 0.062500s CPU (130.3%)

PHY-1001 : ===== DR Iter 3 =====
PHY-1022 : len = 504648, over cnt = 0(0%), over = 0, worst = 0, crit = 0
PHY-1001 : End DR Iter 3; 0.026003s wall, 0.015625s user + 0.000000s system = 0.015625s CPU (60.1%)

PHY-1001 : Commit to database.....
PHY-1001 : 17 feed throughs used by 14 nets
PHY-1001 : End commit to database; 0.263710s wall, 0.265625s user + 0.000000s system = 0.265625s CPU (100.7%)

PHY-1001 : Current memory(MB): used = 580, reserve = 556, peak = 580.
PHY-1001 : End phase 3; 0.512688s wall, 0.500000s user + 0.031250s system = 0.531250s CPU (103.6%)

PHY-1003 : Routed, final wirelength = 504648
PHY-1001 : Current memory(MB): used = 581, reserve = 557, peak = 581.
PHY-1001 : End export database. 0.010677s wall, 0.015625s user + 0.000000s system = 0.015625s CPU (146.3%)

PHY-1001 : End detail routing;  10.727523s wall, 10.578125s user + 2.000000s system = 12.578125s CPU (117.3%)

RUN-1003 : finish command "route" in  11.466746s wall, 11.296875s user + 2.140625s system = 13.437500s CPU (117.2%)

RUN-1004 : used memory is 504 MB, reserved memory is 484 MB, peak memory is 581 MB
RUN-1002 : start command "report_area -io_info -file ES8388_phy.area"
RUN-1001 : standard
***Report Model: audio_speak Device: EG4S20BG256***

IO Statistics
#IO                        51
  #input                   19
  #output                  28
  #inout                    4

Utilization Statistics
#lut                     2508   out of  19600   12.80%
#reg                      851   out of  19600    4.34%
#le                      2706
  #lut only              1855   out of   2706   68.55%
  #reg only               198   out of   2706    7.32%
  #lut&reg                653   out of   2706   24.13%
#dsp                       24   out of     29   82.76%
#bram                       0   out of     64    0.00%
  #bram9k                   0
  #fifo9k                   0
#bram32k                    0   out of     16    0.00%
#pad                       51   out of    188   27.13%
  #ireg                     8
  #oreg                    13
  #treg                     4
#pll                        4   out of      4  100.00%
#gclk                      11   out of     16   68.75%

Clock Resource Statistics
Index     ClockNet                                            Type               DriverType         Driver                                                           Fanout
#1        sys_clk_dup_1                                       GCLK               io                 sys_clk_syn_2.di                                                 247
#2        aud_bclk_3_dup_1                                    GCLK               io                 aud_bclk_3_syn_2.di                                              46
#3        aud_bclk_dup_1                                      GCLK               io                 aud_bclk_syn_2.di                                                45
#4        aud_bclk_1_dup_1                                    GCLK               io                 aud_bclk_1_syn_2.di                                              44
#5        aud_bclk_2_dup_1                                    GCLK               io                 aud_bclk_2_syn_2.di                                              44
#6        u1_es8388_ctrl/u_es8388_config/u_i2c_dri/dri_clk    GCLK               lslice             u1_es8388_ctrl/u_es8388_config/u_i2c_dri/dri_clk_reg_syn_9.q0    41
#7        u2_es8388_ctrl/u_es8388_config/u_i2c_dri/dri_clk    GCLK               lslice             u2_es8388_ctrl/u_es8388_config/u_i2c_dri/dri_clk_reg_syn_9.q1    39
#8        u3_es8388_ctrl/u_es8388_config/u_i2c_dri/dri_clk    GCLK               lslice             u3_es8388_ctrl/u_es8388_config/u_i2c_dri/dri_clk_reg_syn_9.q1    39
#9        aud_mclk_1_dup_1                                    GCLK               pll                u1_pll_clk/pll_inst.clkc1                                        0
#10       aud_mclk_2_dup_1                                    GCLK               pll                u2_pll_clk/pll_inst.clkc1                                        0
#11       aud_mclk_3_dup_1                                    GCLK               pll                u3_pll_clk/pll_inst.clkc1                                        0
#12       aud_mclk_dup_1                                      GCLK               pll                u_pll_clk/pll_inst.clkc1                                         0
#13       u1_pll_clk/clk0_buf                                 GCLK               pll                u1_pll_clk/pll_inst.clkc0                                        0
#14       u2_pll_clk/clk0_buf                                 GCLK               pll                u2_pll_clk/pll_inst.clkc0                                        0
#15       u3_pll_clk/clk0_buf                                 GCLK               pll                u3_pll_clk/pll_inst.clkc0                                        0
#16       u_pll_clk/clk0_buf                                  GCLK               pll                u_pll_clk/pll_inst.clkc0                                         0


Detailed IO Report

      Name        Direction    Location    IOStandard    DriveStrength    PullType     PackReg   
   aud_adcdat       INPUT        R14        LVCMOS25          N/A          PULLUP       IREG     
  aud_adcdat_1      INPUT        G16        LVCMOS25          N/A          PULLUP       IREG     
  aud_adcdat_2      INPUT         E7        LVCMOS25          N/A          PULLUP       IREG     
  aud_adcdat_3      INPUT         L4        LVCMOS25          N/A          PULLUP       IREG     
    aud_bclk        INPUT         M6        LVCMOS25          N/A          PULLUP       NONE     
   aud_bclk_1       INPUT        G14        LVCMOS25          N/A          PULLUP       NONE     
   aud_bclk_2       INPUT         D5        LVCMOS25          N/A          PULLUP       NONE     
   aud_bclk_3       INPUT         H5        LVCMOS25          N/A          PULLUP       NONE     
    aud_lrc         INPUT         M7        LVCMOS25          N/A          PULLUP       IREG     
   aud_lrc_1        INPUT        H16        LVCMOS25          N/A          PULLUP       IREG     
   aud_lrc_2        INPUT         C6        LVCMOS25          N/A          PULLUP       IREG     
   aud_lrc_3        INPUT         K6        LVCMOS25          N/A          PULLUP       IREG     
    sys_clk         INPUT         R7        LVCMOS25          N/A          PULLUP       NONE     
   sys_rst_n        INPUT         E3        LVCMOS25          N/A          PULLUP       NONE     
  sys_rst_n_1       INPUT         F2        LVCMOS25          N/A           N/A         NONE     
  sys_rst_n_2       INPUT         P5        LVCMOS25          N/A           N/A         NONE     
  sys_rst_n_3       INPUT         A5        LVCMOS25          N/A           N/A         NONE     
   volume[1]        INPUT        B10        LVCMOS25          N/A          PULLUP       NONE     
   volume[0]        INPUT        A10        LVCMOS25          N/A          PULLUP       NONE     
   aud_dacdat      OUTPUT         P6        LVCMOS25           8            NONE        OREG     
  aud_dacdat_1     OUTPUT        H14        LVCMOS25           8            NONE        OREG     
  aud_dacdat_2     OUTPUT         E6        LVCMOS25           8            NONE        OREG     
  aud_dacdat_3     OUTPUT         K3        LVCMOS25           8            NONE        OREG     
    aud_mclk       OUTPUT         N5        LVCMOS25           8            NONE        NONE     
   aud_mclk_1      OUTPUT        F14        LVCMOS25           8            NONE        NONE     
   aud_mclk_2      OUTPUT         F6        LVCMOS25           8            NONE        NONE     
   aud_mclk_3      OUTPUT         H4        LVCMOS25           8            NONE        NONE     
    aud_scl        OUTPUT        R12        LVCMOS25           8            NONE        OREG     
   aud_scl_1       OUTPUT        D14        LVCMOS25           8            NONE        OREG     
   aud_scl_2       OUTPUT         A2        LVCMOS25           8            NONE        OREG     
   aud_scl_3       OUTPUT         G3        LVCMOS25           8            NONE        OREG     
     ilaclk        OUTPUT         M9        LVCMOS25           8            NONE        NONE     
    ilaclk_1       OUTPUT        L16        LVCMOS25           8            NONE        NONE     
    ilaclk_2       OUTPUT         D3        LVCMOS25           8            NONE        NONE     
    ilaclk_3       OUTPUT        K15        LVCMOS25           8            NONE        NONE     
      led          OUTPUT        F12        LVCMOS25           8            N/A         NONE     
     led_1         OUTPUT         E4        LVCMOS25           8            N/A         NONE     
     led_2         OUTPUT         J6        LVCMOS25           8            N/A         NONE     
     led_3         OUTPUT        J16        LVCMOS25           8            N/A         NONE     
   led_eight       OUTPUT        B14        LVCMOS25           8            NONE        NONE     
    led_five       OUTPUT        E16        LVCMOS25           8            NONE        NONE     
    led_four       OUTPUT        B15        LVCMOS25           8            NONE        NONE     
    led_one        OUTPUT        F16        LVCMOS25           8            NONE        OREG     
   led_seven       OUTPUT        B16        LVCMOS25           8            NONE        NONE     
    led_six        OUTPUT        C16        LVCMOS25           8            NONE        NONE     
    led_tree       OUTPUT        C15        LVCMOS25           8            NONE        NONE     
    led_two        OUTPUT        E13        LVCMOS25           8            NONE        NONE     
    aud_sda         INOUT         R9        LVCMOS25           8           PULLUP     OREG;TREG  
   aud_sda_1        INOUT        E15        LVCMOS25           8           PULLUP     OREG;TREG  
   aud_sda_2        INOUT         C3        LVCMOS25           8           PULLUP     OREG;TREG  
   aud_sda_3        INOUT         F3        LVCMOS25           8           PULLUP     OREG;TREG  

Report Hierarchy Area:
+--------------------------------------------------------------------------------------------------------+
|Instance                   |Module                 |le     |lut     |ripple  |seq     |bram    |dsp     |
+--------------------------------------------------------------------------------------------------------+
|top                        |audio_speak            |2706   |1918    |590     |876     |0       |24      |
|  u1_es8388_ctrl           |es8388_ctrl            |270    |220     |25      |143     |0       |0       |
|    u_audio_receive        |audio_receive          |81     |52      |12      |53      |0       |0       |
|    u_audio_send           |audio_send             |22     |16      |0       |22      |0       |0       |
|    u_es8388_config        |es8388_config          |167    |152     |13      |68      |0       |0       |
|      u_i2c_dri            |i2c_dri                |111    |104     |5       |41      |0       |0       |
|      u_i2c_reg_cfg        |i2c_reg_cfg            |56     |48      |8       |27      |0       |0       |
|  u1_pll_clk               |clk_wiz_0              |1      |1       |0       |0       |0       |0       |
|  u2_es8388_ctrl           |es8388_ctrl            |268    |220     |25      |143     |0       |0       |
|    u_audio_receive        |audio_receive          |83     |54      |12      |53      |0       |0       |
|    u_audio_send           |audio_send             |23     |19      |0       |22      |0       |0       |
|    u_es8388_config        |es8388_config          |162    |147     |13      |68      |0       |0       |
|      u_i2c_dri            |i2c_dri                |106    |99      |5       |41      |0       |0       |
|      u_i2c_reg_cfg        |i2c_reg_cfg            |56     |48      |8       |27      |0       |0       |
|  u2_pll_clk               |clk_wiz_0              |1      |1       |0       |0       |0       |0       |
|  u3_es8388_ctrl           |es8388_ctrl            |275    |224     |25      |145     |0       |0       |
|    u_audio_receive        |audio_receive          |83     |52      |12      |53      |0       |0       |
|    u_audio_send           |audio_send             |26     |21      |0       |24      |0       |0       |
|    u_es8388_config        |es8388_config          |166    |151     |13      |68      |0       |0       |
|      u_i2c_dri            |i2c_dri                |110    |103     |5       |41      |0       |0       |
|      u_i2c_reg_cfg        |i2c_reg_cfg            |56     |48      |8       |27      |0       |0       |
|  u3_pll_clk               |clk_wiz_0              |1      |1       |0       |0       |0       |0       |
|  u_es8388_ctrl            |es8388_ctrl            |329    |249     |53      |147     |0       |0       |
|    u_audio_receive        |audio_receive          |84     |55      |12      |53      |0       |0       |
|    u_audio_send           |audio_send             |83     |45      |28      |28      |0       |0       |
|    u_es8388_config        |es8388_config          |162    |149     |13      |66      |0       |0       |
|      u_i2c_dri            |i2c_dri                |106    |101     |5       |39      |0       |0       |
|      u_i2c_reg_cfg        |i2c_reg_cfg            |56     |48      |8       |27      |0       |0       |
|  u_pll_clk                |clk_wiz_0              |0      |0       |0       |0       |0       |0       |
|  u_spar_4mic_localization |spar_4mic_localization |1512   |983     |450     |242     |0       |24      |
+--------------------------------------------------------------------------------------------------------+


DataNet Average Fanout:

   Index     Fanout     Nets  
    #1          1       2471  
    #2          2       663   
    #3          3       406   
    #4          4        27   
    #5        5-10      327   
    #6        11-50      92   
    #7       51-100      5    
    #8       101-500     5    
  Average     2.51            

RUN-1002 : start command "export_db ES8388_pr.db"
RUN-1001 : Exported /
RUN-1001 : Exported flow parameters
RUN-1001 : Exported libs
RUN-1001 : Exported entities
RUN-1001 : Exported ports
RUN-1001 : Exported pins
RUN-1001 : Exported instances
RUN-1001 : Exported nets
RUN-1001 : Exported buses
RUN-1001 : Exported models
RUN-1001 : Exported congestions
RUN-1001 : Exported violations
RUN-1001 : Exported IO constraints
RUN-1001 : Exported Inst constraints
RUN-1002 : start command "export_bid ES8388_inst.bid"
RUN-1002 : start command "bitgen -bit ES8388.bit -unused_io_status pulldown"
BIT-1003 : Start to generate bitstream. 
BIT-1002 : Bitgen processed 137 unused pads, reserve input tri_state with pulldown
BIT-1002 : Init instances with 16 threads.
BIT-1002 : Init instances completely, inst num: 1610
BIT-1002 : Init pips with 16 threads.
BIT-1002 : Init pips completely, net num: 4066, pip num: 34033
BIT-1002 : Init feedthrough with 16 threads.
BIT-1002 : Init feedthrough completely, num: 17
BIT-1003 : Multithreading accelaration with 16 threads.
BIT-1003 : Generate bitstream completely, there are 2455 valid insts, and 92345 bits set as '1'.
BIT-1004 : PLL setting string = 1111
BIT-1004 : Generate bits file ES8388.bit.
RUN-1003 : finish command "bitgen -bit ES8388.bit -unused_io_status pulldown" in  2.343102s wall, 25.281250s user + 1.656250s system = 26.937500s CPU (1149.7%)

RUN-1004 : used memory is 506 MB, reserved memory is 492 MB, peak memory is 704 MB
RUN-1002 : start command "backup_run_log run.log ../.logs/phy_1/td_20251026_103833.log"
