============================================================
   Tang Dynasty, V5.6.71036
      Copyright (c) 2012-2023 Anlogic Inc.
   Executable = D:/TD/bin/td.exe
   Built at =   20:34:38 Mar 21 2023
   Run by =     lyw15
   Run Date =   Thu Oct 16 20:54:56 2025

   Run on =     -001
============================================================
RUN-1002 : start command "open_project ES8388.prj"
RUN-1001 : Print Global Property
RUN-1001 : ---------------------------------------------------------------
RUN-1001 :        Parameters        |  Settings  |  Default Values  |  Note  
RUN-1001 : ---------------------------------------------------------------
RUN-1001 :          message         |  standard  |     standard     |        
RUN-1001 :   mixed_pack_place_flow  |     on     |        on        |        
RUN-1001 :        qor_monitor       |    off     |       off        |        
RUN-1001 :        syn_ip_flow       |    off     |       off        |        
RUN-1001 :          thread          |    auto    |       auto       |        
RUN-1001 : ---------------------------------------------------------------
RUN-1001 : Print Design Property
RUN-1001 : --------------------------------------------------------------
RUN-1001 :        Parameters       |  Settings  |  Default Values  |  Note  
RUN-1001 : --------------------------------------------------------------
RUN-1001 :   default_reg_initial   |    auto    |       auto       |        
RUN-1001 :        infer_add        |     on     |        on        |        
RUN-1001 :        infer_fsm        |    off     |       off        |        
RUN-1001 :        infer_mult       |     on     |        on        |        
RUN-1001 :        infer_ram        |     on     |        on        |        
RUN-1001 :        infer_reg        |     on     |        on        |        
RUN-1001 :   infer_reg_init_value  |     on     |        on        |        
RUN-1001 :        infer_rom        |     on     |        on        |        
RUN-1001 :      infer_shifter      |     on     |        on        |        
RUN-1001 : --------------------------------------------------------------
RUN-1001 : Print Rtl Property
RUN-1001 : --------------------------------------------------------------
RUN-1001 :        Parameters       |  Settings  |  Default Values  |  Note  
RUN-1001 : --------------------------------------------------------------
RUN-1001 :       compress_add      |   ripple   |      ripple      |        
RUN-1001 :        elf_sload        |    off     |       off        |        
RUN-1001 :       fix_undriven      |     0      |        0         |        
RUN-1001 :         flatten         |    off     |       off        |        
RUN-1001 :       gate_sharing      |     on     |        on        |        
RUN-1001 :    hdl_warning_level    |   normal   |      normal      |        
RUN-1001 :   impl_internal_tribuf  |     on     |        on        |        
RUN-1001 :      impl_set_reset     |     on     |        on        |        
RUN-1001 :        infer_gsr        |    off     |       off        |        
RUN-1001 :      keep_hierarchy     |    auto    |       auto       |        
RUN-1001 :        max_fanout       |    9999    |       9999       |        
RUN-1001 :      max_oh2bin_len     |     10     |        10        |        
RUN-1001 :       merge_equal       |     on     |        on        |        
RUN-1001 :       merge_equiv       |     on     |        on        |        
RUN-1001 :        merge_mux        |    off     |       off        |        
RUN-1001 :     min_control_set     |     8      |        8         |        
RUN-1001 :      min_ripple_len     |    auto    |       auto       |        
RUN-1001 :       oh2bin_ratio      |    0.08    |       0.08       |        
RUN-1001 :     opt_adder_fanout    |     on     |        on        |        
RUN-1001 :        opt_arith        |     on     |        on        |        
RUN-1001 :       opt_big_gate      |    off     |       off        |        
RUN-1001 :        opt_const        |     on     |        on        |        
RUN-1001 :      opt_const_mult     |     on     |        on        |        
RUN-1001 :       opt_lessthan      |     on     |        on        |        
RUN-1001 :         opt_mux         |    off     |       off        |        
RUN-1001 :         opt_ram         |    high    |       high       |        
RUN-1001 :      rtl_sim_model      |    off     |       off        |        
RUN-1001 :         seq_syn         |     on     |        on        |        
RUN-1001 : --------------------------------------------------------------
HDL-1007 : analyze verilog file ../../al_ip/clk_wiz_0.v
HDL-1007 : undeclared symbol 'open', assumed default net type 'wire' in ../../al_ip/clk_wiz_0.v(80)
HDL-1007 : analyze verilog file ../../../RTL/audio_receive.v
HDL-1007 : analyze verilog file ../../../RTL/audio_send.v
HDL-1007 : analyze verilog file ../../../RTL/audio_speak.v
HDL-1007 : analyze verilog file ../../../RTL/es8388_config.v
HDL-1007 : analyze verilog file ../../../RTL/es8388_ctrl.v
HDL-1007 : analyze verilog file ../../../RTL/i2c_dri.v
HDL-1007 : analyze verilog file ../../../RTL/i2c_reg_cfg.v
HDL-1007 : analyze verilog file ../../al_ip/LMS.v
RUN-1001 : Project manager successfully analyzed 9 source files.
RUN-1002 : start command "import_device eagle_s20.db -package EG4S20BG256"
ARC-1001 : Device Initialization.
ARC-1001 : ------------------------------------------------------------------
ARC-1001 :            OPTION            |          IO          |   SETTING   
ARC-1001 : ------------------------------------------------------------------
ARC-1001 :   cso_b/cclk/mosi/miso/dout  |  T3/R11/T10/P10/S11  |    gpio    
ARC-1001 :             done             |         P13          |    gpio    
ARC-1001 :           program_b          |          T2          |  dedicate  
ARC-1001 :        tdi/tms/tck/tdo       |   C12/A15/C14/E14    |  dedicate  
ARC-1001 : ------------------------------------------------------------------
ARC-1004 : Device setting, marked 5 dedicate IOs in total.
RUN-1002 : start command "import_db ../syn_1/ES8388_gate.db"
RUN-1001 : Importing database generated by Tang Dynasty, V5.6.71036.
RUN-1001 : Database version number 46146.
RUN-1001 : Import flow parameters
RUN-1001 : Import IO constraints
RUN-1001 : Import Inst constraints
RUN-1001 : Import design success TD_VERSION=5.6.71036 , DB_VERSION=46146
RUN-1002 : start command "place"
RUN-1001 : Open license file D:/TD/license/Anlogic.lic
RUN-1001 : Print Global Property
RUN-1001 : ---------------------------------------------------------------
RUN-1001 :        Parameters        |  Settings  |  Default Values  |  Note  
RUN-1001 : ---------------------------------------------------------------
RUN-1001 :          message         |  standard  |     standard     |        
RUN-1001 :   mixed_pack_place_flow  |     on     |        on        |        
RUN-1001 :        qor_monitor       |    off     |       off        |        
RUN-1001 :        syn_ip_flow       |    off     |       off        |        
RUN-1001 :          thread          |    auto    |       auto       |        
RUN-1001 : ---------------------------------------------------------------
RUN-1001 : Print Place Property
RUN-1001 : --------------------------------------------------------------
RUN-1001 :        Parameters       |  Settings  |  Default Values  |  Note  
RUN-1001 : --------------------------------------------------------------
RUN-1001 :      detailed_place     |     on     |        on        |        
RUN-1001 :          effort         |   medium   |      medium      |        
RUN-1001 :         fix_hold        |    off     |       off        |        
RUN-1001 :       legalization      |    ori     |       ori        |        
RUN-1001 :      new_spreading      |     on     |        on        |        
RUN-1001 :        opt_timing       |   medium   |      medium      |        
RUN-1001 :   post_clock_route_opt  |    off     |       off        |        
RUN-1001 :       pr_strategy       |     1      |        1         |        
RUN-1001 :        relaxation       |    1.00    |       1.00       |        
RUN-1001 :         retiming        |    off     |       off        |        
RUN-1001 : --------------------------------------------------------------
PHY-3001 : Placer runs in 24 thread(s).
RUN-1002 : start command "legalize_phy_inst"
SYN-1011 : Flatten model audio_speak
RUN-1002 : start command "phys_opt -simplify_lut"
SYN-4016 : Net ilaclk_1_dup_1 driven by BUFG (0 clock/control pins, 2 other pins).
SYN-4016 : Net ilaclk_dup_1 driven by BUFG (0 clock/control pins, 2 other pins).
SYN-4027 : Net aud_mclk_1_dup_1 is clkc1 of pll u1_pll_clk/pll_inst.
SYN-4019 : Net sys_clk_dup_1 is refclk of pll u1_pll_clk/pll_inst.
SYN-4020 : Net sys_clk_dup_1 is fbclk of pll u1_pll_clk/pll_inst.
SYN-4027 : Net aud_mclk_dup_1 is clkc1 of pll u_pll_clk/pll_inst.
SYN-4019 : Net sys_clk_dup_1 is refclk of pll u_pll_clk/pll_inst.
SYN-4020 : Net sys_clk_dup_1 is fbclk of pll u_pll_clk/pll_inst.
SYN-4024 : Net "aud_bclk_dup_1" drives clk pins.
SYN-4024 : Net "aud_bclk_1_dup_1" drives clk pins.
SYN-4024 : Net "u1_es8388_ctrl/u_es8388_config/u_i2c_dri/dri_clk" drives clk pins.
SYN-4024 : Net "u_es8388_ctrl/u_es8388_config/u_i2c_dri/dri_clk" drives clk pins.
SYN-4025 : Tag rtl::Net aud_bclk_1_dup_1 as clock net
SYN-4025 : Tag rtl::Net aud_bclk_dup_1 as clock net
SYN-4025 : Tag rtl::Net aud_mclk_1_dup_1 as clock net
SYN-4025 : Tag rtl::Net aud_mclk_dup_1 as clock net
SYN-4025 : Tag rtl::Net ilaclk_1_dup_1 as clock net
SYN-4025 : Tag rtl::Net ilaclk_dup_1 as clock net
SYN-4025 : Tag rtl::Net sys_clk_dup_1 as clock net
SYN-4025 : Tag rtl::Net u1_es8388_ctrl/u_es8388_config/u_i2c_dri/dri_clk as clock net
SYN-4025 : Tag rtl::Net u_es8388_ctrl/u_es8388_config/u_i2c_dri/dri_clk as clock net
SYN-4026 : Tagged 9 rtl::Net as clock net
SYN-4015 : Create BUFG instance for clk Net aud_bclk_1_dup_1 to drive 80 clock pins.
SYN-4015 : Create BUFG instance for clk Net aud_bclk_dup_1 to drive 80 clock pins.
SYN-4015 : Create BUFG instance for clk Net u1_es8388_ctrl/u_es8388_config/u_i2c_dri/dri_clk to drive 56 clock pins.
SYN-4015 : Create BUFG instance for clk Net u_es8388_ctrl/u_es8388_config/u_i2c_dri/dri_clk to drive 56 clock pins.
PHY-1001 : Populate physical database on model audio_speak.
RUN-1001 : There are total 853 instances
RUN-0007 : 392 luts, 308 seqs, 74 mslices, 38 lslices, 23 pads, 0 brams, 7 dsps
RUN-1001 : There are total 1175 nets
RUN-1001 : 760 nets have 2 pins
RUN-1001 : 285 nets have [3 - 5] pins
RUN-1001 : 66 nets have [6 - 10] pins
RUN-1001 : 39 nets have [11 - 20] pins
RUN-1001 : 22 nets have [21 - 99] pins
RUN-1001 : 3 nets have 100+ pins
RUN-1001 : Report Control nets information:
RUN-1001 : DFF Distribution
RUN-1001 : ----------------------------------
RUN-1001 :   CE   |  SSR  |  ASR  |  DFF Count  
RUN-1001 : ----------------------------------
RUN-1001 :   No   |  No   |  No   |      0      
RUN-1001 :   No   |  No   |  Yes  |     180     
RUN-1001 :   No   |  Yes  |  No   |      0      
RUN-1001 :   Yes  |  No   |  No   |      0      
RUN-1001 :   Yes  |  No   |  Yes  |     128     
RUN-1001 :   Yes  |  Yes  |  No   |      0      
RUN-1001 : ----------------------------------
RUN-0007 : Control Group Statistic
RUN-0007 : ---------------------------
RUN-0007 :   #CLK  |  #CE  |  #SSR/ASR  
RUN-0007 : ---------------------------
RUN-0007 :    5    |   7   |     4      
RUN-0007 : ---------------------------
RUN-0007 : Control Set = 13
PHY-3001 : Initial placement ...
PHY-3001 : design contains 851 instances, 392 luts, 308 seqs, 112 slices, 22 macros(112 instances: 74 mslices 38 lslices)
PHY-0007 : Cell area utilization is 3%
PHY-3001 : Global placement ...
PHY-3001 : Initial: Len = 325215
PHY-3001 : Clustering ...
PHY-3001 : Level 0 #clusters 851.
PHY-3001 : End clustering;  0.000035s wall, 0.000000s user + 0.000000s system = 0.000000s CPU (n/a%)

PHY-3001 : Run with size of 4
PHY-3001 : Cell area utilization is 3%
PHY-3001 : :::0::: Try harder cell spreading with beta_ = 0
PHY-3002 : Step(1): len = 257347, overlap = 13.5
PHY-3002 : Step(2): len = 187283, overlap = 13.5
PHY-3002 : Step(3): len = 147433, overlap = 13.5
PHY-3002 : Step(4): len = 113667, overlap = 11.25
PHY-3002 : Step(5): len = 98720.7, overlap = 6.75
PHY-3002 : Step(6): len = 87487.7, overlap = 9
PHY-3002 : Step(7): len = 78930.8, overlap = 11.25
PHY-3002 : Step(8): len = 70177, overlap = 11.25
PHY-3002 : Step(9): len = 62926.4, overlap = 6.75
PHY-3002 : Step(10): len = 55498.3, overlap = 13.5
PHY-3002 : Step(11): len = 51814, overlap = 15.75
PHY-3002 : Step(12): len = 47670.3, overlap = 13.5
PHY-3002 : Step(13): len = 44980.4, overlap = 11.25
PHY-3002 : Step(14): len = 43098.8, overlap = 11.25
PHY-3002 : Step(15): len = 41508.2, overlap = 11.25
PHY-3002 : Step(16): len = 40346.2, overlap = 11.25
PHY-3002 : Step(17): len = 38105.9, overlap = 11.25
PHY-3001 : :::1::: Try harder cell spreading with beta_ = 4.51007e-05
PHY-3002 : Step(18): len = 42153.8, overlap = 4.5
PHY-3002 : Step(19): len = 42526.4, overlap = 4.5
PHY-3002 : Step(20): len = 40986.8, overlap = 9
PHY-3002 : Step(21): len = 40839.4, overlap = 13.5
PHY-3002 : Step(22): len = 40648.5, overlap = 9
PHY-3002 : Step(23): len = 39691.2, overlap = 2.25
PHY-3002 : Step(24): len = 39353.2, overlap = 2.25
PHY-3002 : Step(25): len = 38120.4, overlap = 6.75
PHY-3002 : Step(26): len = 37083.3, overlap = 6.75
PHY-3002 : Step(27): len = 36709.2, overlap = 11.25
PHY-3002 : Step(28): len = 36422.9, overlap = 6.75
PHY-3002 : Step(29): len = 36273.1, overlap = 6.75
PHY-3002 : Step(30): len = 36096.8, overlap = 4.5
PHY-3002 : Step(31): len = 34952.2, overlap = 6.75
PHY-3002 : Step(32): len = 34627.6, overlap = 11.25
PHY-3002 : Step(33): len = 34412.8, overlap = 4.5
PHY-3002 : Step(34): len = 34116.8, overlap = 4.5
PHY-3002 : Step(35): len = 33882.6, overlap = 4.5
PHY-3002 : Step(36): len = 33785, overlap = 6.75
PHY-3002 : Step(37): len = 32746.2, overlap = 2.25
PHY-3002 : Step(38): len = 31903.4, overlap = 4.5
PHY-3002 : Step(39): len = 32148, overlap = 6.75
PHY-3002 : Step(40): len = 30911.5, overlap = 4.5
PHY-3002 : Step(41): len = 30401.9, overlap = 4.5
PHY-3002 : Step(42): len = 29633.3, overlap = 6.75
PHY-3002 : Step(43): len = 29090.5, overlap = 4.5
PHY-3002 : Step(44): len = 29077.6, overlap = 6.75
PHY-3002 : Step(45): len = 28271.1, overlap = 6.75
PHY-3002 : Step(46): len = 27351.5, overlap = 9
PHY-3002 : Step(47): len = 27515.5, overlap = 4.5
PHY-3002 : Step(48): len = 27318.5, overlap = 9
PHY-3002 : Step(49): len = 26873.7, overlap = 9
PHY-3002 : Step(50): len = 26312.3, overlap = 9.125
PHY-3002 : Step(51): len = 25914.4, overlap = 9.5625
PHY-3002 : Step(52): len = 25891.6, overlap = 9.5625
PHY-3002 : Step(53): len = 25628.9, overlap = 9.5625
PHY-3001 : :::2::: Try harder cell spreading with beta_ = 9.02013e-05
PHY-3002 : Step(54): len = 25688.1, overlap = 9.5625
PHY-3002 : Step(55): len = 25719.8, overlap = 9.5
PHY-3001 : :::3::: Try harder cell spreading with beta_ = 0.000180403
PHY-3002 : Step(56): len = 25741, overlap = 9.5
PHY-3002 : Step(57): len = 25743.2, overlap = 9.5
PHY-3001 : Legalization ...
PHY-3001 : End legalization;  0.005590s wall, 0.000000s user + 0.000000s system = 0.000000s CPU (n/a%)

PHY-3001 : Run with size of 4
PHY-3001 : Cell area utilization is 4%
PHY-3001 : :::0::: Try harder cell spreading with beta_ = 0
PHY-3002 : Step(58): len = 27326.7, overlap = 5.15625
PHY-3002 : Step(59): len = 27335.7, overlap = 4.90625
PHY-3002 : Step(60): len = 26578.5, overlap = 6.75
PHY-3002 : Step(61): len = 26234.5, overlap = 7.65625
PHY-3002 : Step(62): len = 25891.3, overlap = 7.53125
PHY-3002 : Step(63): len = 25169, overlap = 8.375
PHY-3002 : Step(64): len = 23510.2, overlap = 6.8125
PHY-3002 : Step(65): len = 22935, overlap = 6.25
PHY-3002 : Step(66): len = 22651.5, overlap = 6.96875
PHY-3002 : Step(67): len = 22157.8, overlap = 7.0625
PHY-3002 : Step(68): len = 22112.7, overlap = 7.0625
PHY-3002 : Step(69): len = 21713.8, overlap = 8.0625
PHY-3002 : Step(70): len = 21717.8, overlap = 9.125
PHY-3002 : Step(71): len = 21519.6, overlap = 10.5625
PHY-3002 : Step(72): len = 21456.1, overlap = 12.25
PHY-3002 : Step(73): len = 21484.8, overlap = 13.4375
PHY-3002 : Step(74): len = 21199.7, overlap = 13.8438
PHY-3002 : Step(75): len = 21042.8, overlap = 15.5
PHY-3002 : Step(76): len = 21051.4, overlap = 17
PHY-3002 : Step(77): len = 21081.1, overlap = 17.75
PHY-3002 : Step(78): len = 21033.4, overlap = 18.3125
PHY-3002 : Step(79): len = 20843.3, overlap = 19
PHY-3002 : Step(80): len = 20811.8, overlap = 19.625
PHY-3002 : Step(81): len = 20909.8, overlap = 19.7812
PHY-3002 : Step(82): len = 20728.8, overlap = 19.6875
PHY-3002 : Step(83): len = 20655.3, overlap = 19.9375
PHY-3002 : Step(84): len = 20388.2, overlap = 21.375
PHY-3002 : Step(85): len = 20388.2, overlap = 21.375
PHY-3002 : Step(86): len = 20219.3, overlap = 21.375
PHY-3002 : Step(87): len = 20330.8, overlap = 21.1875
PHY-3002 : Step(88): len = 20330.8, overlap = 21.1875
PHY-3001 : Run with size of 2
PHY-3001 : Cell area utilization is 4%
PHY-3001 : :::0::: Try harder cell spreading with beta_ = 1.08415e-05
PHY-3002 : Step(89): len = 20424.8, overlap = 57.2812
PHY-3002 : Step(90): len = 20424.8, overlap = 57.2812
PHY-3001 : :::1::: Try harder cell spreading with beta_ = 2.06604e-05
PHY-3002 : Step(91): len = 20800.6, overlap = 57.0312
PHY-3002 : Step(92): len = 20800.6, overlap = 57.0312
PHY-3001 : :::2::: Try harder cell spreading with beta_ = 3.34285e-05
PHY-3002 : Step(93): len = 21445.3, overlap = 53.125
PHY-3002 : Step(94): len = 21939.7, overlap = 47.375
PHY-3002 : Step(95): len = 22429.8, overlap = 40.1875
PHY-3002 : Step(96): len = 22873.8, overlap = 34.0625
PHY-3002 : Step(97): len = 23122.3, overlap = 33.25
PHY-3001 : :::3::: Try harder cell spreading with beta_ = 6.6857e-05
PHY-3002 : Step(98): len = 23289.7, overlap = 29.5625
PHY-3002 : Step(99): len = 23451.3, overlap = 29.0312
PHY-3001 : :::4::: Try harder cell spreading with beta_ = 0.000133714
PHY-3002 : Step(100): len = 23376.9, overlap = 28.375
PHY-3002 : Step(101): len = 23740.3, overlap = 31.0625
PHY-3002 : Step(102): len = 23971.2, overlap = 30.5
PHY-3002 : Step(103): len = 24037.5, overlap = 31
PHY-3001 : :::5::: Try harder cell spreading with beta_ = 0.000267428
PHY-3002 : Step(104): len = 23998.8, overlap = 30.5625
PHY-3002 : Step(105): len = 24028.5, overlap = 29.8438
PHY-3001 : :::6::: Try harder cell spreading with beta_ = 0.000534856
PHY-3002 : Step(106): len = 24204.7, overlap = 29.2188
PHY-3002 : Step(107): len = 24139.8, overlap = 28.8438
PHY-3001 : :::7::: Try harder cell spreading with beta_ = 0.00106971
PHY-3002 : Step(108): len = 24434.7, overlap = 26.2812
PHY-3002 : Step(109): len = 24439.7, overlap = 25.75
OPT-1001 : Start physical optimization ...
OPT-1001 : Total overflow 63.12 peak overflow 2.81
OPT-1001 : Start high-fanout net optimization ...
OPT-1001 : Update timing in global mode
PHY-1001 : Start incremental global routing, caller is place ...
RUN-1001 : Generating global routing grids ...
RUN-1001 : Building simple global routing graph ...
PHY-1001 : Generate routing nets ...
PHY-1001 : Reuse net number 0/1175.
PHY-1001 : Global iterations in 24 thread ...
PHY-1002 : len = 25688, over cnt = 123(0%), over = 656, worst = 15
PHY-1001 : End global iterations;  0.032076s wall, 0.015625s user + 0.031250s system = 0.046875s CPU (146.1%)

PHY-1001 : Congestion index: top1 = 42.31, top5 = 15.41, top10 = 8.43, top15 = 5.64.
PHY-1001 : End incremental global routing;  0.065703s wall, 0.046875s user + 0.031250s system = 0.078125s CPU (118.9%)

RUN-1002 : start command "start_timer -report"
TMR-5001 WARNING: No sdc constraints found while initiating timer.
TMR-2505 : Start building timing graph for model audio_speak.
TMR-2506 : Build timing graph completely. Port num: 22, tpin num: 4573, tnet num: 1173, tinst num: 851, tnode num: 5822, tedge num: 7774.
TMR-2508 : Levelizing timing graph completed, there are 25 levels in total.
TMR-2501 : Timing graph initialized successfully.
OPT-1001 : End timing update;  0.124825s wall, 0.125000s user + 0.000000s system = 0.125000s CPU (100.1%)

OPT-1001 : 0 high-fanout net processed.
OPT-1001 : End high-fanout net optimization;  0.200248s wall, 0.187500s user + 0.031250s system = 0.218750s CPU (109.2%)

OPT-1001 : Current memory(MB): used = 182, reserve = 152, peak = 182.
OPT-1001 : End physical optimization;  0.205627s wall, 0.187500s user + 0.031250s system = 0.218750s CPU (106.4%)

PHY-3001 : Start packing ...
SYN-4007 : Packing 0 MUX to BLE ...
SYN-4008 : Packed 0 MUX and 0 SEQ to BLE.
SYN-4007 : Packing 392 LUT to BLE ...
SYN-4008 : Packed 392 LUT and 164 SEQ to BLE.
SYN-4003 : Packing 144 remaining SEQ's ...
SYN-4005 : Packed 60 SEQ with LUT/SLICE
SYN-4006 : 178 single LUT's are left
SYN-4006 : 84 single SEQ's are left
SYN-4011 : Packing model "audio_speak" (AL_USER_NORMAL) with 476/629 primitive instances ...
PHY-3001 : End packing;  0.017744s wall, 0.015625s user + 0.000000s system = 0.015625s CPU (88.1%)

PHY-1001 : Populate physical database on model audio_speak.
RUN-1001 : There are total 407 instances
RUN-1001 : 183 mslices, 183 lslices, 23 pads, 0 brams, 7 dsps
RUN-1001 : There are total 1017 nets
RUN-1001 : 601 nets have 2 pins
RUN-1001 : 283 nets have [3 - 5] pins
RUN-1001 : 68 nets have [6 - 10] pins
RUN-1001 : 46 nets have [11 - 20] pins
RUN-1001 : 18 nets have [21 - 99] pins
RUN-1001 : 1 nets have 100+ pins
PHY-3001 : design contains 405 instances, 366 slices, 22 macros(112 instances: 74 mslices 38 lslices)
PHY-3001 : Cell area utilization is 4%
PHY-3001 : After packing: Len = 24289.6, Over = 34.75
PHY-3001 : Run with size of 2
PHY-3001 : Cell area utilization is 4%
PHY-3001 : :::0::: Try harder cell spreading with beta_ = 2.47161e-05
PHY-3002 : Step(110): len = 23635.8, overlap = 36.75
PHY-3002 : Step(111): len = 23605.2, overlap = 37.25
PHY-3002 : Step(112): len = 23517.8, overlap = 37.25
PHY-3001 : :::1::: Try harder cell spreading with beta_ = 4.94321e-05
PHY-3002 : Step(113): len = 23675.3, overlap = 36
PHY-3002 : Step(114): len = 23749.3, overlap = 35.5
PHY-3002 : Step(115): len = 24098.2, overlap = 34
PHY-3001 : :::2::: Try harder cell spreading with beta_ = 9.88643e-05
PHY-3002 : Step(116): len = 24769.9, overlap = 32.75
PHY-3002 : Step(117): len = 24888.6, overlap = 32.25
PHY-3002 : Step(118): len = 25110, overlap = 30.75
PHY-3001 : Legalization ...
PHY-3001 : End legalization;  0.066412s wall, 0.171875s user + 0.031250s system = 0.203125s CPU (305.9%)

PHY-3001 : Trial Legalized: Len = 35321.4
PHY-3001 : Run with size of 2
PHY-3001 : Cell area utilization is 4%
PHY-3001 : :::0::: Try harder cell spreading with beta_ = 0.00715287
PHY-3002 : Step(119): len = 34742.5, overlap = 0.25
PHY-3002 : Step(120): len = 34066.6, overlap = 0.75
PHY-3002 : Step(121): len = 33120.1, overlap = 4
PHY-3002 : Step(122): len = 32702, overlap = 5.25
PHY-3002 : Step(123): len = 31486.4, overlap = 7.5
PHY-3002 : Step(124): len = 31121.7, overlap = 9.25
PHY-3002 : Step(125): len = 31042.1, overlap = 9
PHY-3002 : Step(126): len = 30897.8, overlap = 9.75
PHY-3002 : Step(127): len = 30754.3, overlap = 10.75
PHY-3001 : :::1::: Try harder cell spreading with beta_ = 0.0122466
PHY-3002 : Step(128): len = 30765.8, overlap = 10
PHY-3002 : Step(129): len = 30191.7, overlap = 11
PHY-3002 : Step(130): len = 30119.2, overlap = 10.75
PHY-3002 : Step(131): len = 30085.1, overlap = 11.25
PHY-3001 : :::2::: Try harder cell spreading with beta_ = 0.0244933
PHY-3002 : Step(132): len = 30055.8, overlap = 11.25
PHY-3002 : Step(133): len = 30010.5, overlap = 11
PHY-3001 : Legalization ...
PHY-3001 : End legalization;  0.003693s wall, 0.015625s user + 0.000000s system = 0.015625s CPU (423.1%)

PHY-3001 : Legalized: Len = 32451.6, Over = 0
PHY-3001 : Spreading special nets. 1 overflows in 2952 tiles.
PHY-3001 : End spreading;  0.002182s wall, 0.000000s user + 0.000000s system = 0.000000s CPU (n/a%)

PHY-3001 : 2 instances has been re-located, deltaX = 0, deltaY = 2, maxDist = 1.
PHY-3001 : Final: Len = 32477.6, Over = 0
OPT-1001 : Start physical optimization ...
OPT-1001 : Total overflow 0.00 peak overflow 0.00
OPT-1001 : Start high-fanout net optimization ...
OPT-1001 : Update timing in global mode
PHY-1001 : Start incremental global routing, caller is place ...
RUN-1001 : Generating global routing grids ...
PHY-1001 : Generate routing nets ...
PHY-1001 : Reuse net number 36/1017.
PHY-1001 : Global iterations in 24 thread ...
PHY-1002 : len = 36976, over cnt = 97(0%), over = 162, worst = 8
PHY-1002 : len = 37840, over cnt = 48(0%), over = 61, worst = 3
PHY-1002 : len = 38432, over cnt = 9(0%), over = 10, worst = 2
PHY-1002 : len = 38464, over cnt = 5(0%), over = 5, worst = 1
PHY-1002 : len = 38640, over cnt = 0(0%), over = 0, worst = 0
PHY-1001 : End global iterations;  0.065045s wall, 0.062500s user + 0.046875s system = 0.109375s CPU (168.2%)

PHY-1001 : Congestion index: top1 = 32.65, top5 = 19.71, top10 = 12.04, top15 = 8.39.
PHY-1001 : End incremental global routing;  0.098125s wall, 0.093750s user + 0.046875s system = 0.140625s CPU (143.3%)

RUN-1002 : start command "start_timer -report"
TMR-5001 WARNING: No sdc constraints found while initiating timer.
TMR-2505 : Start building timing graph for model audio_speak.
TMR-2506 : Build timing graph completely. Port num: 22, tpin num: 3971, tnet num: 1015, tinst num: 405, tnode num: 4908, tedge num: 7043.
TMR-2508 : Levelizing timing graph completed, there are 25 levels in total.
TMR-2501 : Timing graph initialized successfully.
OPT-1001 : End timing update;  0.107997s wall, 0.109375s user + 0.000000s system = 0.109375s CPU (101.3%)

OPT-1001 : 0 high-fanout net processed.
OPT-1001 : End high-fanout net optimization;  0.215686s wall, 0.218750s user + 0.046875s system = 0.265625s CPU (123.2%)

OPT-1001 : Current memory(MB): used = 186, reserve = 156, peak = 186.
OPT-1001 : Update timing in Manhattan mode
OPT-1001 : End timing update;  0.000607s wall, 0.000000s user + 0.000000s system = 0.000000s CPU (n/a%)

OPT-1001 : Start pin optimization...
OPT-1001 : skip pin optimization...
RUN-1001 : Generating global routing grids ...
PHY-1001 : Generate routing nets ...
PHY-1001 : Reuse net number 862/1017.
PHY-1001 : Global iterations in 24 thread ...
PHY-1002 : len = 38640, over cnt = 0(0%), over = 0, worst = 0
PHY-1001 : End global iterations;  0.001916s wall, 0.015625s user + 0.000000s system = 0.015625s CPU (815.7%)

PHY-1001 : Congestion index: top1 = 32.65, top5 = 19.71, top10 = 12.04, top15 = 8.39.
OPT-1001 : Update timing in Manhattan mode
OPT-1001 : End timing update;  0.000971s wall, 0.000000s user + 0.000000s system = 0.000000s CPU (n/a%)

RUN-1001 : QoR Analysis:
OPT-0007 :   WNS 2147483647 TNS 0 NUM_FEPS 0
RUN-1001 :   No local congestion issue, and most congested 1% tile average routing util is 32.137931
RUN-1001 :   Top critical paths
OPT-1001 : End physical optimization;  0.255840s wall, 0.250000s user + 0.046875s system = 0.296875s CPU (116.0%)

RUN-1003 : finish command "place" in  3.776320s wall, 5.390625s user + 5.250000s system = 10.640625s CPU (281.8%)

RUN-1004 : used memory is 161 MB, reserved memory is 131 MB, peak memory is 187 MB
RUN-1002 : start command "export_db ES8388_place.db"
RUN-1001 : Exported /
RUN-1001 : Exported flow parameters
RUN-1001 : Exported libs
RUN-1001 : Exported entities
RUN-1001 : Exported ports
RUN-1001 : Exported pins
RUN-1001 : Exported instances
RUN-1001 : Exported nets
RUN-1001 : Exported buses
RUN-1001 : Exported models
RUN-1001 : Exported congestions
RUN-1001 : Exported violations
RUN-1001 : Exported IO constraints
RUN-1001 : Exported Inst constraints
RUN-1002 : start command "route"
RUN-1001 : Open license file D:/TD/license/Anlogic.lic
RUN-1001 : Print Global Property
RUN-1001 : ---------------------------------------------------------------
RUN-1001 :        Parameters        |  Settings  |  Default Values  |  Note  
RUN-1001 : ---------------------------------------------------------------
RUN-1001 :          message         |  standard  |     standard     |        
RUN-1001 :   mixed_pack_place_flow  |     on     |        on        |        
RUN-1001 :        qor_monitor       |    off     |       off        |        
RUN-1001 :        syn_ip_flow       |    off     |       off        |        
RUN-1001 :          thread          |    auto    |       auto       |        
RUN-1001 : ---------------------------------------------------------------
RUN-1001 : Print Route Property
RUN-1001 : -------------------------------------------------------
RUN-1001 :    Parameters    |  Settings  |  Default Values  |  Note  
RUN-1001 : -------------------------------------------------------
RUN-1001 :      effort      |   medium   |      medium      |        
RUN-1001 :     fix_hold     |    off     |       off        |        
RUN-1001 :    opt_timing    |   medium   |      medium      |        
RUN-1001 :   phy_sim_model  |    off     |       off        |        
RUN-1001 :     priority     |   timing   |      timing      |        
RUN-1001 :     swap_pin     |     on     |        on        |        
RUN-1001 : -------------------------------------------------------
PHY-1001 : Route runs in 24 thread(s)
RUN-1001 : There are total 407 instances
RUN-1001 : 183 mslices, 183 lslices, 23 pads, 0 brams, 7 dsps
RUN-1001 : There are total 1017 nets
RUN-1001 : 601 nets have 2 pins
RUN-1001 : 283 nets have [3 - 5] pins
RUN-1001 : 68 nets have [6 - 10] pins
RUN-1001 : 46 nets have [11 - 20] pins
RUN-1001 : 18 nets have [21 - 99] pins
RUN-1001 : 1 nets have 100+ pins
RUN-1002 : start command "start_timer -report"
TMR-5001 WARNING: No sdc constraints found while initiating timer.
TMR-2505 : Start building timing graph for model audio_speak.
TMR-2506 : Build timing graph completely. Port num: 22, tpin num: 3971, tnet num: 1015, tinst num: 405, tnode num: 4908, tedge num: 7043.
TMR-2508 : Levelizing timing graph completed, there are 25 levels in total.
TMR-2501 : Timing graph initialized successfully.
PHY-1001 : 183 mslices, 183 lslices, 23 pads, 0 brams, 7 dsps
TMR-2503 : Start to update net delay, extr mode = 3.
TMR-2504 : Update delay of 1015 nets completely.
TMR-2502 : Annotate delay completely, extr mode = 3.
TMR-3002 : No user constraint, initiate default constraint.
TMR-1501 : Assign derive clock DeriveClock to 452 clock pins, and constraint 933 relative nodes.
TMR-3003 : Constraints initiated successfully.
TMR-3501 : Forward propagation: start to calculate arrival time...
TMR-3502 : Backward propagation: start to calculate required time...
TMR-3503 : Timing propagation completes.
PHY-1001 : Start global routing, caller is route ...
RUN-1001 : Generating global routing grids ...
PHY-1001 : Generate routing nets ...
PHY-1001 : Global iterations in 24 thread ...
PHY-1002 : len = 36624, over cnt = 95(0%), over = 165, worst = 8
PHY-1002 : len = 37472, over cnt = 47(0%), over = 61, worst = 3
PHY-1002 : len = 38016, over cnt = 10(0%), over = 11, worst = 2
PHY-1002 : len = 38152, over cnt = 2(0%), over = 2, worst = 1
PHY-1002 : len = 38248, over cnt = 0(0%), over = 0, worst = 0
PHY-1001 : End global iterations;  0.072210s wall, 0.125000s user + 0.046875s system = 0.171875s CPU (238.0%)

PHY-1001 : Congestion index: top1 = 32.89, top5 = 19.45, top10 = 11.87, top15 = 8.25.
PHY-1001 : End global routing;  0.104426s wall, 0.156250s user + 0.046875s system = 0.203125s CPU (194.5%)

PHY-1001 : Start detail routing ...
PHY-1001 : Current memory(MB): used = 222, reserve = 192, peak = 242.
PHY-1001 : Detailed router is running in normal mode.
PHY-1001 : Generate detailed routing grids ...
PHY-1001 : Processed IO instance aud_dacdat_syn_4 with INV attribute.
PHY-1001 : Processed IO instance aud_dacdat_1_syn_4 with INV attribute.
PHY-1001 : Generate nets ...
PHY-1001 : clock net aud_bclk_syn_4 will be merged with clock aud_bclk_dup_1
PHY-1001 : clock net aud_bclk_1_syn_4 will be merged with clock aud_bclk_1_dup_1
PHY-1001 : net aud_mclk_dup_1 will be routed on clock mesh
PHY-1001 : net aud_mclk_1_dup_1 will be routed on clock mesh
PHY-1001 : clock net ilaclk_dup_1 will be merged with clock u_pll_clk/clk0_buf
PHY-1001 : clock net ilaclk_1_dup_1 will be merged with clock u1_pll_clk/clk0_buf
PHY-1001 : net sys_clk_dup_1 will be routed on clock mesh
PHY-1001 : clock net u1_es8388_ctrl/u_es8388_config/u_i2c_dri/dri_clk_syn_4 will be merged with clock u1_es8388_ctrl/u_es8388_config/u_i2c_dri/dri_clk
PHY-1001 : clock net u_es8388_ctrl/u_es8388_config/u_i2c_dri/dri_clk_syn_4 will be merged with clock u_es8388_ctrl/u_es8388_config/u_i2c_dri/dri_clk
PHY-1001 : Current memory(MB): used = 487, reserve = 462, peak = 487.
PHY-1001 : End build detailed router design. 2.500256s wall, 2.421875s user + 0.062500s system = 2.484375s CPU (99.4%)

PHY-1001 : Detail Route ...
PHY-1001 : ===== Detail Route Phase 1 =====
PHY-1001 : Clock net routing.....
PHY-1001 : Routed 0% nets.
PHY-1022 : len = 20432, over cnt = 0(0%), over = 0, worst = 0, crit = 0
PHY-1001 : End initial clock net routed; 1.722864s wall, 1.640625s user + 0.031250s system = 1.671875s CPU (97.0%)

PHY-1001 : Current memory(MB): used = 519, reserve = 495, peak = 519.
PHY-1001 : End phase 1; 1.726982s wall, 1.656250s user + 0.031250s system = 1.687500s CPU (97.7%)

PHY-1001 : ===== Detail Route Phase 2 =====
PHY-1001 : Initial routing.....
PHY-1001 : Routed 30% nets.
PHY-1001 : Routed 37% nets.
PHY-1001 : Routed 47% nets.
PHY-1001 : Routed 63% nets.
PHY-1001 : Routed 88% nets.
PHY-1022 : len = 155512, over cnt = 22(0%), over = 22, worst = 1, crit = 0
PHY-1001 : Current memory(MB): used = 520, reserve = 495, peak = 520.
PHY-1001 : End initial routed; 0.762004s wall, 0.781250s user + 0.234375s system = 1.015625s CPU (133.3%)

PHY-1001 : Current memory(MB): used = 520, reserve = 495, peak = 520.
PHY-1001 : End phase 2; 0.762092s wall, 0.781250s user + 0.234375s system = 1.015625s CPU (133.3%)

PHY-1001 : ===== Detail Route Phase 3 =====
PHY-1001 : Ripup-reroute.....
PHY-1001 : ===== DR Iter 1 =====
PHY-1022 : len = 155496, over cnt = 6(0%), over = 6, worst = 1, crit = 0
PHY-1001 : End DR Iter 1; 0.018424s wall, 0.015625s user + 0.000000s system = 0.015625s CPU (84.8%)

PHY-1001 : ===== DR Iter 2 =====
PHY-1022 : len = 155552, over cnt = 0(0%), over = 0, worst = 0, crit = 0
PHY-1001 : End DR Iter 2; 0.012946s wall, 0.015625s user + 0.000000s system = 0.015625s CPU (120.7%)

PHY-1001 : Commit to database.....
PHY-1001 : 4 feed throughs used by 4 nets
PHY-1001 : End commit to database; 0.091657s wall, 0.078125s user + 0.000000s system = 0.078125s CPU (85.2%)

PHY-1001 : Current memory(MB): used = 532, reserve = 507, peak = 532.
PHY-1001 : End phase 3; 0.217306s wall, 0.203125s user + 0.000000s system = 0.203125s CPU (93.5%)

PHY-1003 : Routed, final wirelength = 155552
PHY-1001 : Current memory(MB): used = 532, reserve = 507, peak = 532.
PHY-1001 : End export database. 0.006077s wall, 0.000000s user + 0.000000s system = 0.000000s CPU (n/a%)

PHY-1001 : End detail routing;  5.373247s wall, 5.218750s user + 0.328125s system = 5.546875s CPU (103.2%)

RUN-1003 : finish command "route" in  5.648071s wall, 5.546875s user + 0.390625s system = 5.937500s CPU (105.1%)

RUN-1004 : used memory is 446 MB, reserved memory is 420 MB, peak memory is 532 MB
RUN-1002 : start command "report_area -io_info -file ES8388_phy.area"
RUN-1001 : standard
***Report Model: audio_speak Device: EG4S20BG256***

IO Statistics
#IO                        23
  #input                   11
  #output                  10
  #inout                    2

Utilization Statistics
#lut                      624   out of  19600    3.18%
#reg                      354   out of  19600    1.81%
#le                       708
  #lut only               354   out of    708   50.00%
  #reg only                84   out of    708   11.86%
  #lut&reg                270   out of    708   38.14%
#dsp                        7   out of     29   24.14%
#bram                       0   out of     64    0.00%
  #bram9k                   0
  #fifo9k                   0
#bram32k                    0   out of     16    0.00%
#pad                       23   out of    188   12.23%
  #ireg                     4
  #oreg                     6
  #treg                     2
#pll                        2   out of      4   50.00%
#gclk                       6   out of     16   37.50%

Clock Resource Statistics
Index     ClockNet                                            Type               DriverType         Driver                                                            Fanout
#1        sys_clk_dup_1                                       GCLK               io                 sys_clk_syn_2.di                                                  57
#2        aud_bclk_1_dup_1                                    GCLK               io                 aud_bclk_1_syn_2.di                                               45
#3        aud_bclk_dup_1                                      GCLK               io                 aud_bclk_syn_2.di                                                 44
#4        u1_es8388_ctrl/u_es8388_config/u_i2c_dri/dri_clk    GCLK               mslice             u1_es8388_ctrl/u_es8388_config/u_i2c_dri/dri_clk_reg_syn_9.q1     41
#5        u_es8388_ctrl/u_es8388_config/u_i2c_dri/dri_clk     GCLK               mslice             u_es8388_ctrl/u_es8388_config/u_i2c_dri/clk_cnt_b[3]_syn_17.q0    41
#6        aud_mclk_1_dup_1                                    GCLK               pll                u1_pll_clk/pll_inst.clkc1                                         0
#7        aud_mclk_dup_1                                      GCLK               pll                u_pll_clk/pll_inst.clkc1                                          0
#8        u1_pll_clk/clk0_buf                                 GCLK               pll                u1_pll_clk/pll_inst.clkc0                                         0
#9        u_pll_clk/clk0_buf                                  GCLK               pll                u_pll_clk/pll_inst.clkc0                                          0


Detailed IO Report

      Name        Direction    Location    IOStandard    DriveStrength    PullType     PackReg   
   aud_adcdat       INPUT        R14        LVCMOS25          N/A          PULLUP       IREG     
  aud_adcdat_1      INPUT         F7        LVCMOS25          N/A          PULLUP       IREG     
    aud_bclk        INPUT         M6        LVCMOS25          N/A          PULLUP       NONE     
   aud_bclk_1       INPUT         C4        LVCMOS25          N/A          PULLUP       NONE     
    aud_lrc         INPUT         M7        LVCMOS25          N/A          PULLUP       IREG     
   aud_lrc_1        INPUT         D6        LVCMOS25          N/A          PULLUP       IREG     
    sys_clk         INPUT         R7        LVCMOS25          N/A          PULLUP       NONE     
   sys_rst_n        INPUT         E3        LVCMOS25          N/A          PULLUP       NONE     
  sys_rst_n_1       INPUT        H16        LVCMOS25          N/A           N/A         NONE     
   volume[1]        INPUT        B10        LVCMOS25          N/A          PULLUP       NONE     
   volume[0]        INPUT        A10        LVCMOS25          N/A          PULLUP       NONE     
   aud_dacdat      OUTPUT         P6        LVCMOS25           8            NONE        OREG     
  aud_dacdat_1     OUTPUT         C5        LVCMOS25           8            NONE        OREG     
    aud_mclk       OUTPUT         N5        LVCMOS25           8            NONE        NONE     
   aud_mclk_1      OUTPUT         B3        LVCMOS25           8            NONE        NONE     
    aud_scl        OUTPUT        R12        LVCMOS25           8            NONE        OREG     
   aud_scl_1       OUTPUT         B2        LVCMOS25           8            NONE        OREG     
     ilaclk        OUTPUT         T5        LVCMOS25           8            NONE        NONE     
    ilaclk_1       OUTPUT         D3        LVCMOS25           8            NONE        NONE     
      led          OUTPUT        B14        LVCMOS25           8            NONE        NONE     
     led_1         OUTPUT        B15        LVCMOS25           8            NONE        NONE     
    aud_sda         INOUT         R9        LVCMOS25           8           PULLUP     OREG;TREG  
   aud_sda_1        INOUT         B1        LVCMOS25           8           PULLUP     OREG;TREG  

Report Hierarchy Area:
+----------------------------------------------------------------------------------------+
|Instance            |Module        |le     |lut     |ripple  |seq     |bram    |dsp     |
+----------------------------------------------------------------------------------------+
|top                 |audio_speak   |708    |512     |112     |366     |0       |7       |
|  deal              |LMS           |120    |41      |38      |54      |0       |7       |
|  u1_es8388_ctrl    |es8388_ctrl   |278    |225     |32      |145     |0       |0       |
|    u_audio_receive |audio_receive |80     |50      |12      |53      |0       |0       |
|    u_audio_send    |audio_send    |26     |23      |0       |24      |0       |0       |
|    u_es8388_config |es8388_config |172    |152     |20      |68      |0       |0       |
|      u_i2c_dri     |i2c_dri       |113    |103     |10      |41      |0       |0       |
|      u_i2c_reg_cfg |i2c_reg_cfg   |59     |49      |10      |27      |0       |0       |
|  u1_pll_clk        |clk_wiz_0     |1      |1       |0       |0       |0       |0       |
|  u_es8388_ctrl     |es8388_ctrl   |288    |234     |32      |139     |0       |0       |
|    u_audio_receive |audio_receive |85     |57      |12      |53      |0       |0       |
|    u_audio_send    |audio_send    |22     |16      |0       |18      |0       |0       |
|    u_es8388_config |es8388_config |181    |161     |20      |68      |0       |0       |
|      u_i2c_dri     |i2c_dri       |122    |112     |10      |41      |0       |0       |
|      u_i2c_reg_cfg |i2c_reg_cfg   |59     |49      |10      |27      |0       |0       |
|  u_pll_clk         |clk_wiz_0     |1      |1       |0       |0       |0       |0       |
+----------------------------------------------------------------------------------------+


DataNet Average Fanout:

   Index     Fanout    Nets  
    #1         1       576   
    #2         2       188   
    #3         3        76   
    #4         4        17   
    #5        5-10      75   
    #6       11-50      49   
    #7       51-100     2    
  Average     2.75           

RUN-1002 : start command "export_db ES8388_pr.db"
RUN-1001 : Exported /
RUN-1001 : Exported flow parameters
RUN-1001 : Exported libs
RUN-1001 : Exported entities
RUN-1001 : Exported ports
RUN-1001 : Exported pins
RUN-1001 : Exported instances
RUN-1001 : Exported nets
RUN-1001 : Exported buses
RUN-1001 : Exported models
RUN-1001 : Exported congestions
RUN-1001 : Exported violations
RUN-1001 : Exported IO constraints
RUN-1001 : Exported Inst constraints
RUN-1002 : start command "export_bid ES8388_inst.bid"
RUN-1002 : start command "bitgen -bit ES8388.bit -unused_io_status pulldown"
BIT-1003 : Start to generate bitstream. 
BIT-1002 : Bitgen processed 165 unused pads, reserve input tri_state with pulldown
BIT-1002 : Init instances with 24 threads.
BIT-1002 : Init instances completely, inst num: 570
BIT-1002 : Init pips with 24 threads.
BIT-1002 : Init pips completely, net num: 1017, pip num: 10085
BIT-1002 : Init feedthrough completely, num: 4
BIT-1003 : Multithreading accelaration with 24 threads.
BIT-1003 : Generate bitstream completely, there are 1562 valid insts, and 26771 bits set as '1'.
BIT-1004 : PLL setting string = 0110
BIT-1004 : Generate bits file ES8388.bit.
RUN-1003 : finish command "bitgen -bit ES8388.bit -unused_io_status pulldown" in  1.402674s wall, 17.593750s user + 1.046875s system = 18.640625s CPU (1328.9%)

RUN-1004 : used memory is 462 MB, reserved memory is 439 MB, peak memory is 693 MB
RUN-1002 : start command "backup_run_log run.log ../.logs/phy_1/td_20251016_205456.log"
