============================================================
   Tang Dynasty, V5.6.71036
      Copyright (c) 2012-2023 Anlogic Inc.
   Executable = D:/TD/bin/td.exe
   Built at =   20:34:38 Mar 21 2023
   Run by =     lyw15
   Run Date =   Fri Oct 31 22:19:20 2025

   Run on =     -001
============================================================
RUN-1002 : start command "open_project ES8388.prj"
RUN-1001 : Print Global Property
RUN-1001 : ---------------------------------------------------------------
RUN-1001 :        Parameters        |  Settings  |  Default Values  |  Note  
RUN-1001 : ---------------------------------------------------------------
RUN-1001 :          message         |  standard  |     standard     |        
RUN-1001 :   mixed_pack_place_flow  |     on     |        on        |        
RUN-1001 :        qor_monitor       |    off     |       off        |        
RUN-1001 :        syn_ip_flow       |    off     |       off        |        
RUN-1001 :          thread          |    auto    |       auto       |        
RUN-1001 : ---------------------------------------------------------------
RUN-1001 : Print Design Property
RUN-1001 : --------------------------------------------------------------
RUN-1001 :        Parameters       |  Settings  |  Default Values  |  Note  
RUN-1001 : --------------------------------------------------------------
RUN-1001 :   default_reg_initial   |    auto    |       auto       |        
RUN-1001 :        infer_add        |     on     |        on        |        
RUN-1001 :        infer_fsm        |    off     |       off        |        
RUN-1001 :        infer_mult       |     on     |        on        |        
RUN-1001 :        infer_ram        |     on     |        on        |        
RUN-1001 :        infer_reg        |     on     |        on        |        
RUN-1001 :   infer_reg_init_value  |     on     |        on        |        
RUN-1001 :        infer_rom        |     on     |        on        |        
RUN-1001 :      infer_shifter      |     on     |        on        |        
RUN-1001 : --------------------------------------------------------------
RUN-1001 : Print Rtl Property
RUN-1001 : --------------------------------------------------------------
RUN-1001 :        Parameters       |  Settings  |  Default Values  |  Note  
RUN-1001 : --------------------------------------------------------------
RUN-1001 :       compress_add      |   ripple   |      ripple      |        
RUN-1001 :        elf_sload        |    off     |       off        |        
RUN-1001 :       fix_undriven      |     0      |        0         |        
RUN-1001 :         flatten         |    off     |       off        |        
RUN-1001 :       gate_sharing      |     on     |        on        |        
RUN-1001 :    hdl_warning_level    |   normal   |      normal      |        
RUN-1001 :   impl_internal_tribuf  |     on     |        on        |        
RUN-1001 :      impl_set_reset     |     on     |        on        |        
RUN-1001 :        infer_gsr        |    off     |       off        |        
RUN-1001 :      keep_hierarchy     |    auto    |       auto       |        
RUN-1001 :        max_fanout       |    9999    |       9999       |        
RUN-1001 :      max_oh2bin_len     |     10     |        10        |        
RUN-1001 :       merge_equal       |     on     |        on        |        
RUN-1001 :       merge_equiv       |     on     |        on        |        
RUN-1001 :        merge_mux        |    off     |       off        |        
RUN-1001 :     min_control_set     |     8      |        8         |        
RUN-1001 :      min_ripple_len     |    auto    |       auto       |        
RUN-1001 :       oh2bin_ratio      |    0.08    |       0.08       |        
RUN-1001 :     opt_adder_fanout    |     on     |        on        |        
RUN-1001 :        opt_arith        |     on     |        on        |        
RUN-1001 :       opt_big_gate      |    off     |       off        |        
RUN-1001 :        opt_const        |     on     |        on        |        
RUN-1001 :      opt_const_mult     |     on     |        on        |        
RUN-1001 :       opt_lessthan      |     on     |        on        |        
RUN-1001 :         opt_mux         |    off     |       off        |        
RUN-1001 :         opt_ram         |    high    |       high       |        
RUN-1001 :      rtl_sim_model      |    off     |       off        |        
RUN-1001 :         seq_syn         |     on     |        on        |        
RUN-1001 : --------------------------------------------------------------
HDL-1007 : analyze verilog file ../../al_ip/clk_wiz_0.v
HDL-1007 : undeclared symbol 'open', assumed default net type 'wire' in ../../al_ip/clk_wiz_0.v(80)
HDL-1007 : analyze verilog file ../../../RTL/audio_receive.v
HDL-1007 : analyze verilog file ../../../RTL/audio_send.v
HDL-1007 : analyze verilog file ../../../RTL/audio_speak.v
HDL-1007 : analyze verilog file ../../../RTL/es8388_config.v
HDL-1007 : analyze verilog file ../../../RTL/es8388_ctrl.v
HDL-1007 : analyze verilog file ../../../RTL/i2c_dri.v
HDL-1007 : analyze verilog file ../../../RTL/i2c_reg_cfg.v
HDL-1007 : analyze verilog file ../../../RTL/spar_4mic_localization.v
HDL-1007 : analyze verilog file ../../../RTL/noise_suppress.v
HDL-1007 : analyze verilog file ../../../RTL/pitch_shift.v
HDL-5007 WARNING: loop variable declaration is not allowed in this mode of Verilog in ../../../RTL/pitch_shift.v(30)
HDL-1007 : analyze verilog file ../../../RTL/simple_denoise.v
RUN-1001 : Project manager successfully analyzed 12 source files.
RUN-1002 : start command "import_device eagle_s20.db -package EG4S20BG256"
ARC-1001 : Device Initialization.
ARC-1001 : ------------------------------------------------------------------
ARC-1001 :            OPTION            |          IO          |   SETTING   
ARC-1001 : ------------------------------------------------------------------
ARC-1001 :   cso_b/cclk/mosi/miso/dout  |  T3/R11/T10/P10/S11  |    gpio    
ARC-1001 :             done             |         P13          |    gpio    
ARC-1001 :           program_b          |          T2          |  dedicate  
ARC-1001 :        tdi/tms/tck/tdo       |   C12/A15/C14/E14    |  dedicate  
ARC-1001 : ------------------------------------------------------------------
ARC-1004 : Device setting, marked 5 dedicate IOs in total.
RUN-1002 : start command "import_db ../syn_1/ES8388_gate.db"
RUN-1001 : Importing database generated by Tang Dynasty, V5.6.71036.
RUN-1001 : Database version number 46146.
RUN-1001 : Import flow parameters
RUN-1001 : Import IO constraints
RUN-1001 : Import Inst constraints
RUN-1001 : Import design success TD_VERSION=5.6.71036 , DB_VERSION=46146
RUN-1002 : start command "place"
RUN-1001 : Open license file D:/TD/license/Anlogic.lic
RUN-1001 : Print Global Property
RUN-1001 : ---------------------------------------------------------------
RUN-1001 :        Parameters        |  Settings  |  Default Values  |  Note  
RUN-1001 : ---------------------------------------------------------------
RUN-1001 :          message         |  standard  |     standard     |        
RUN-1001 :   mixed_pack_place_flow  |     on     |        on        |        
RUN-1001 :        qor_monitor       |    off     |       off        |        
RUN-1001 :        syn_ip_flow       |    off     |       off        |        
RUN-1001 :          thread          |    auto    |       auto       |        
RUN-1001 : ---------------------------------------------------------------
RUN-1001 : Print Place Property
RUN-1001 : --------------------------------------------------------------
RUN-1001 :        Parameters       |  Settings  |  Default Values  |  Note  
RUN-1001 : --------------------------------------------------------------
RUN-1001 :      detailed_place     |     on     |        on        |        
RUN-1001 :          effort         |   medium   |      medium      |        
RUN-1001 :         fix_hold        |    off     |       off        |        
RUN-1001 :       legalization      |    ori     |       ori        |        
RUN-1001 :      new_spreading      |     on     |        on        |        
RUN-1001 :        opt_timing       |   medium   |      medium      |        
RUN-1001 :   post_clock_route_opt  |    off     |       off        |        
RUN-1001 :       pr_strategy       |     1      |        1         |        
RUN-1001 :        relaxation       |    1.00    |       1.00       |        
RUN-1001 :         retiming        |    off     |       off        |        
RUN-1001 : --------------------------------------------------------------
PHY-3001 : Placer runs in 24 thread(s).
RUN-1002 : start command "legalize_phy_inst"
SYN-1011 : Flatten model audio_speak
RUN-1002 : start command "phys_opt -simplify_lut"
SYN-4016 : Net ilaclk_1_dup_1 driven by BUFG (0 clock/control pins, 2 other pins).
SYN-4016 : Net ilaclk_2_dup_1 driven by BUFG (0 clock/control pins, 2 other pins).
SYN-4016 : Net ilaclk_3_dup_1 driven by BUFG (0 clock/control pins, 2 other pins).
SYN-4016 : Net ilaclk_dup_1 driven by BUFG (0 clock/control pins, 2 other pins).
SYN-4027 : Net aud_mclk_1_dup_1 is clkc1 of pll u1_pll_clk/pll_inst.
SYN-4019 : Net sys_clk_dup_1 is refclk of pll u1_pll_clk/pll_inst.
SYN-4020 : Net sys_clk_dup_1 is fbclk of pll u1_pll_clk/pll_inst.
SYN-4027 : Net aud_mclk_2_dup_1 is clkc1 of pll u2_pll_clk/pll_inst.
SYN-4019 : Net sys_clk_dup_1 is refclk of pll u2_pll_clk/pll_inst.
SYN-4020 : Net sys_clk_dup_1 is fbclk of pll u2_pll_clk/pll_inst.
SYN-4027 : Net aud_mclk_3_dup_1 is clkc1 of pll u3_pll_clk/pll_inst.
SYN-4019 : Net sys_clk_dup_1 is refclk of pll u3_pll_clk/pll_inst.
SYN-4020 : Net sys_clk_dup_1 is fbclk of pll u3_pll_clk/pll_inst.
SYN-4027 : Net aud_mclk_dup_1 is clkc1 of pll u_pll_clk/pll_inst.
SYN-4019 : Net sys_clk_dup_1 is refclk of pll u_pll_clk/pll_inst.
SYN-4020 : Net sys_clk_dup_1 is fbclk of pll u_pll_clk/pll_inst.
SYN-4024 : Net "aud_bclk_dup_1" drives clk pins.
SYN-4024 : Net "aud_bclk_1_dup_1" drives clk pins.
SYN-4024 : Net "aud_bclk_2_dup_1" drives clk pins.
SYN-4024 : Net "aud_bclk_3_dup_1" drives clk pins.
SYN-4024 : Net "u1_es8388_ctrl/u_es8388_config/u_i2c_dri/dri_clk" drives clk pins.
SYN-4024 : Net "u2_es8388_ctrl/u_es8388_config/u_i2c_dri/dri_clk" drives clk pins.
SYN-4024 : Net "u3_es8388_ctrl/u_es8388_config/u_i2c_dri/dri_clk" drives clk pins.
SYN-7503 WARNING: Net "u_es8388_ctrl/u_es8388_config/u_i2c_dri/dri_clk" drives clk pins. However it will not be tagged as clk net, for there's no more slots.
SYN-4025 : Tag rtl::Net aud_bclk_1_dup_1 as clock net
SYN-4025 : Tag rtl::Net aud_bclk_2_dup_1 as clock net
SYN-4025 : Tag rtl::Net aud_bclk_3_dup_1 as clock net
SYN-4025 : Tag rtl::Net aud_bclk_dup_1 as clock net
SYN-4025 : Tag rtl::Net aud_mclk_1_dup_1 as clock net
SYN-4025 : Tag rtl::Net aud_mclk_2_dup_1 as clock net
SYN-4025 : Tag rtl::Net aud_mclk_3_dup_1 as clock net
SYN-4025 : Tag rtl::Net aud_mclk_dup_1 as clock net
SYN-4025 : Tag rtl::Net ilaclk_1_dup_1 as clock net
SYN-4025 : Tag rtl::Net ilaclk_2_dup_1 as clock net
SYN-4025 : Tag rtl::Net ilaclk_3_dup_1 as clock net
SYN-4025 : Tag rtl::Net ilaclk_dup_1 as clock net
SYN-4025 : Tag rtl::Net sys_clk_dup_1 as clock net
SYN-4025 : Tag rtl::Net u1_es8388_ctrl/u_es8388_config/u_i2c_dri/dri_clk as clock net
SYN-4025 : Tag rtl::Net u2_es8388_ctrl/u_es8388_config/u_i2c_dri/dri_clk as clock net
SYN-4025 : Tag rtl::Net u3_es8388_ctrl/u_es8388_config/u_i2c_dri/dri_clk as clock net
SYN-4026 : Tagged 16 rtl::Net as clock net
SYN-4015 : Create BUFG instance for clk Net aud_bclk_dup_1 to drive 83 clock pins.
SYN-4015 : Create BUFG instance for clk Net aud_bclk_1_dup_1 to drive 80 clock pins.
SYN-4015 : Create BUFG instance for clk Net aud_bclk_2_dup_1 to drive 80 clock pins.
SYN-4015 : Create BUFG instance for clk Net aud_bclk_3_dup_1 to drive 80 clock pins.
SYN-4015 : Create BUFG instance for clk Net u1_es8388_ctrl/u_es8388_config/u_i2c_dri/dri_clk to drive 59 clock pins.
SYN-4015 : Create BUFG instance for clk Net u2_es8388_ctrl/u_es8388_config/u_i2c_dri/dri_clk to drive 59 clock pins.
SYN-4015 : Create BUFG instance for clk Net u3_es8388_ctrl/u_es8388_config/u_i2c_dri/dri_clk to drive 59 clock pins.
PHY-1001 : Populate physical database on model audio_speak.
RUN-1001 : There are total 13991 instances
RUN-0007 : 5775 luts, 7232 seqs, 593 mslices, 317 lslices, 54 pads, 0 brams, 2 dsps
RUN-1001 : There are total 15988 nets
RUN-1001 : 13668 nets have 2 pins
RUN-1001 : 1539 nets have [3 - 5] pins
RUN-1001 : 289 nets have [6 - 10] pins
RUN-1001 : 136 nets have [11 - 20] pins
RUN-1001 : 312 nets have [21 - 99] pins
RUN-1001 : 44 nets have 100+ pins
RUN-1001 : Report Control nets information:
RUN-1001 : DFF Distribution
RUN-1001 : ----------------------------------
RUN-1001 :   CE   |  SSR  |  ASR  |  DFF Count  
RUN-1001 : ----------------------------------
RUN-1001 :   No   |  No   |  No   |     24      
RUN-1001 :   No   |  No   |  Yes  |     671     
RUN-1001 :   No   |  Yes  |  No   |     27      
RUN-1001 :   Yes  |  No   |  No   |      0      
RUN-1001 :   Yes  |  No   |  Yes  |    6478     
RUN-1001 :   Yes  |  Yes  |  No   |     32      
RUN-1001 : ----------------------------------
RUN-0007 : Control Group Statistic
RUN-0007 : ---------------------------
RUN-0007 :   #CLK  |  #CE  |  #SSR/ASR  
RUN-0007 : ---------------------------
RUN-0007 :    9    |  278  |     11     
RUN-0007 : ---------------------------
RUN-0007 : Control Set = 293
PHY-3001 : Initial placement ...
PHY-3001 : design contains 13989 instances, 5775 luts, 7232 seqs, 910 slices, 188 macros(910 instances: 593 mslices 317 lslices)
PHY-3001 : Huge net led_dup_1 with 6375 pins
PHY-3001 : Huge net u_pitch_shift/read_ptr[1] with 3092 pins
PHY-3001 : Huge net u_pitch_shift/read_ptr[0] with 1600 pins
PHY-0007 : Cell area utilization is 38%
PHY-3001 : Global placement ...
PHY-3001 : Initial: Len = 2.89521e+06
PHY-3001 : Clustering ...
PHY-3001 : Level 0 #clusters 13989.
PHY-3001 : Level 1 #clusters 1506.
PHY-3001 : End clustering;  0.084014s wall, 0.046875s user + 0.031250s system = 0.078125s CPU (93.0%)

PHY-3001 : Run with size of 4
PHY-3001 : Cell area utilization is 38%
PHY-3001 : :::0::: Try harder cell spreading with beta_ = 0
PHY-3002 : Step(1): len = 611606, overlap = 218.531
PHY-3002 : Step(2): len = 557473, overlap = 280.438
PHY-3002 : Step(3): len = 375126, overlap = 481.469
PHY-3002 : Step(4): len = 334461, overlap = 566.688
PHY-3002 : Step(5): len = 265050, overlap = 678.719
PHY-3002 : Step(6): len = 233437, overlap = 745.938
PHY-3002 : Step(7): len = 182915, overlap = 831.469
PHY-3002 : Step(8): len = 164088, overlap = 888.844
PHY-3002 : Step(9): len = 136756, overlap = 934.719
PHY-3002 : Step(10): len = 122142, overlap = 976.531
PHY-3002 : Step(11): len = 105384, overlap = 1016.62
PHY-3002 : Step(12): len = 94881, overlap = 1056.94
PHY-3002 : Step(13): len = 82579, overlap = 1090.72
PHY-3002 : Step(14): len = 75503.7, overlap = 1102.12
PHY-3002 : Step(15): len = 68128.7, overlap = 1134.78
PHY-3001 : :::1::: Try harder cell spreading with beta_ = 2.95917e-07
PHY-3002 : Step(16): len = 78145.8, overlap = 1117.88
PHY-3002 : Step(17): len = 97740.5, overlap = 1087.25
PHY-3002 : Step(18): len = 91342.2, overlap = 1061.75
PHY-3002 : Step(19): len = 90956.6, overlap = 1061.09
PHY-3002 : Step(20): len = 86996.2, overlap = 1050
PHY-3002 : Step(21): len = 88366.4, overlap = 1051.19
PHY-3002 : Step(22): len = 87755.1, overlap = 1038.47
PHY-3002 : Step(23): len = 90738.4, overlap = 1040.41
PHY-3002 : Step(24): len = 89365.6, overlap = 1031.75
PHY-3002 : Step(25): len = 89628.1, overlap = 1015.94
PHY-3002 : Step(26): len = 88669.5, overlap = 991.031
PHY-3002 : Step(27): len = 89580.6, overlap = 979.594
PHY-3002 : Step(28): len = 88695.8, overlap = 956.906
PHY-3002 : Step(29): len = 90174.6, overlap = 924.75
PHY-3002 : Step(30): len = 89632.5, overlap = 904
PHY-3002 : Step(31): len = 89880.2, overlap = 924.125
PHY-3002 : Step(32): len = 87516.8, overlap = 925
PHY-3002 : Step(33): len = 86747.6, overlap = 922.125
PHY-3002 : Step(34): len = 85350.1, overlap = 901.062
PHY-3002 : Step(35): len = 85240.3, overlap = 867.719
PHY-3002 : Step(36): len = 84086.6, overlap = 861.344
PHY-3002 : Step(37): len = 83834.9, overlap = 871.625
PHY-3002 : Step(38): len = 82203.8, overlap = 882.344
PHY-3002 : Step(39): len = 81769.7, overlap = 898.188
PHY-3002 : Step(40): len = 80672.7, overlap = 888.375
PHY-3002 : Step(41): len = 79220.3, overlap = 889.156
PHY-3002 : Step(42): len = 78463, overlap = 901.562
PHY-3002 : Step(43): len = 77646, overlap = 908.938
PHY-3001 : :::2::: Try harder cell spreading with beta_ = 5.91834e-07
PHY-3002 : Step(44): len = 83474.4, overlap = 890.75
PHY-3002 : Step(45): len = 89934.6, overlap = 900.656
PHY-3002 : Step(46): len = 90114.5, overlap = 906.844
PHY-3002 : Step(47): len = 89583.1, overlap = 901.531
PHY-3002 : Step(48): len = 89521.5, overlap = 896.906
PHY-3001 : :::3::: Try harder cell spreading with beta_ = 1.18367e-06
PHY-3002 : Step(49): len = 95594.8, overlap = 900.781
PHY-3002 : Step(50): len = 103254, overlap = 869.312
PHY-3002 : Step(51): len = 106872, overlap = 713.031
PHY-3002 : Step(52): len = 109108, overlap = 682.406
PHY-3002 : Step(53): len = 109526, overlap = 666.188
PHY-3002 : Step(54): len = 110511, overlap = 654.875
PHY-3002 : Step(55): len = 109849, overlap = 658.906
PHY-3002 : Step(56): len = 109702, overlap = 656.125
PHY-3002 : Step(57): len = 108712, overlap = 645.188
PHY-3001 : :::4::: Try harder cell spreading with beta_ = 2.36734e-06
PHY-3002 : Step(58): len = 120908, overlap = 583.844
PHY-3002 : Step(59): len = 130343, overlap = 538.75
PHY-3002 : Step(60): len = 132611, overlap = 463.219
PHY-3002 : Step(61): len = 132882, overlap = 426.5
PHY-3002 : Step(62): len = 131692, overlap = 423.062
PHY-3002 : Step(63): len = 130463, overlap = 426.781
PHY-3002 : Step(64): len = 129415, overlap = 449.031
PHY-3002 : Step(65): len = 129013, overlap = 449.594
PHY-3002 : Step(66): len = 128764, overlap = 443.375
PHY-3001 : :::5::: Try harder cell spreading with beta_ = 4.73467e-06
PHY-3002 : Step(67): len = 140848, overlap = 376.375
PHY-3002 : Step(68): len = 150943, overlap = 338
PHY-3002 : Step(69): len = 153682, overlap = 318.594
PHY-3002 : Step(70): len = 155446, overlap = 290.875
PHY-3002 : Step(71): len = 153926, overlap = 303.406
PHY-3002 : Step(72): len = 153062, overlap = 310.844
PHY-3002 : Step(73): len = 151395, overlap = 323.281
PHY-3002 : Step(74): len = 150688, overlap = 326.906
PHY-3002 : Step(75): len = 149428, overlap = 317.281
PHY-3002 : Step(76): len = 149970, overlap = 331.25
PHY-3002 : Step(77): len = 150415, overlap = 318.594
PHY-3001 : :::6::: Try harder cell spreading with beta_ = 9.46935e-06
PHY-3002 : Step(78): len = 159192, overlap = 299.906
PHY-3002 : Step(79): len = 166350, overlap = 249
PHY-3002 : Step(80): len = 166840, overlap = 249.344
PHY-3002 : Step(81): len = 167752, overlap = 245.75
PHY-3002 : Step(82): len = 166306, overlap = 233.531
PHY-3002 : Step(83): len = 166938, overlap = 213.469
PHY-3002 : Step(84): len = 167002, overlap = 219.031
PHY-3002 : Step(85): len = 167694, overlap = 210.656
PHY-3002 : Step(86): len = 166678, overlap = 200.719
PHY-3002 : Step(87): len = 167241, overlap = 213.25
PHY-3002 : Step(88): len = 166714, overlap = 215.969
PHY-3002 : Step(89): len = 167148, overlap = 212.188
PHY-3002 : Step(90): len = 166599, overlap = 228
PHY-3001 : :::7::: Try harder cell spreading with beta_ = 1.89387e-05
PHY-3002 : Step(91): len = 175368, overlap = 188.5
PHY-3002 : Step(92): len = 182197, overlap = 136.094
PHY-3002 : Step(93): len = 182939, overlap = 108.031
PHY-3002 : Step(94): len = 183240, overlap = 89.1562
PHY-3002 : Step(95): len = 183638, overlap = 95.0312
PHY-3002 : Step(96): len = 184762, overlap = 95.875
PHY-3002 : Step(97): len = 184874, overlap = 86.0938
PHY-3002 : Step(98): len = 184063, overlap = 94.125
PHY-3002 : Step(99): len = 183611, overlap = 107.344
PHY-3001 : :::8::: Try harder cell spreading with beta_ = 3.78774e-05
PHY-3002 : Step(100): len = 190337, overlap = 98.5312
PHY-3002 : Step(101): len = 195463, overlap = 76.7812
PHY-3002 : Step(102): len = 194510, overlap = 78.5625
PHY-3002 : Step(103): len = 194674, overlap = 77.1562
PHY-3002 : Step(104): len = 194944, overlap = 74.8125
PHY-3002 : Step(105): len = 196083, overlap = 73.3438
PHY-3002 : Step(106): len = 196015, overlap = 75.8438
PHY-3002 : Step(107): len = 196278, overlap = 69
PHY-3002 : Step(108): len = 195643, overlap = 61.1562
PHY-3002 : Step(109): len = 195548, overlap = 70.4062
PHY-3002 : Step(110): len = 195014, overlap = 81.4062
PHY-3001 : :::9::: Try harder cell spreading with beta_ = 7.34124e-05
PHY-3002 : Step(111): len = 200397, overlap = 70.4688
PHY-3002 : Step(112): len = 204556, overlap = 52.5625
PHY-3002 : Step(113): len = 205364, overlap = 48.5625
PHY-3002 : Step(114): len = 206400, overlap = 47.4688
PHY-3002 : Step(115): len = 206905, overlap = 48.7812
PHY-3002 : Step(116): len = 207830, overlap = 44.4375
PHY-3002 : Step(117): len = 207939, overlap = 42.9375
PHY-3002 : Step(118): len = 208406, overlap = 43.5938
PHY-3002 : Step(119): len = 208129, overlap = 44.4375
PHY-3002 : Step(120): len = 207952, overlap = 46.25
PHY-3002 : Step(121): len = 207566, overlap = 41.7812
PHY-3002 : Step(122): len = 207705, overlap = 40.4688
PHY-3002 : Step(123): len = 207657, overlap = 39.2188
PHY-3002 : Step(124): len = 207534, overlap = 40.2812
PHY-3002 : Step(125): len = 206987, overlap = 36.9062
PHY-3001 : :::10::: Try harder cell spreading with beta_ = 0.000136729
PHY-3002 : Step(126): len = 210306, overlap = 38.625
PHY-3002 : Step(127): len = 213135, overlap = 28.8125
PHY-3002 : Step(128): len = 213294, overlap = 22.125
PHY-3002 : Step(129): len = 213815, overlap = 21.25
PHY-3002 : Step(130): len = 215049, overlap = 18.125
PHY-3002 : Step(131): len = 216259, overlap = 16.375
PHY-3002 : Step(132): len = 216679, overlap = 14.0625
PHY-3002 : Step(133): len = 217555, overlap = 13.0625
PHY-3002 : Step(134): len = 218731, overlap = 12.5625
PHY-3002 : Step(135): len = 219234, overlap = 11.3125
PHY-3002 : Step(136): len = 218854, overlap = 12.0625
PHY-3001 : :::11::: Try harder cell spreading with beta_ = 0.000247681
PHY-3002 : Step(137): len = 221057, overlap = 12.1875
PHY-3002 : Step(138): len = 223500, overlap = 8
PHY-3002 : Step(139): len = 224843, overlap = 12.25
PHY-3002 : Step(140): len = 226673, overlap = 11.875
PHY-3002 : Step(141): len = 227999, overlap = 12
PHY-3002 : Step(142): len = 229044, overlap = 12
PHY-3002 : Step(143): len = 228925, overlap = 11.25
PHY-3002 : Step(144): len = 229496, overlap = 14.5625
PHY-3002 : Step(145): len = 230786, overlap = 15.875
PHY-3002 : Step(146): len = 231300, overlap = 16.8125
PHY-3002 : Step(147): len = 230881, overlap = 15.375
PHY-3001 : :::12::: Try harder cell spreading with beta_ = 0.000425762
PHY-3002 : Step(148): len = 232542, overlap = 16
PHY-3002 : Step(149): len = 236595, overlap = 13.25
PHY-3002 : Step(150): len = 238168, overlap = 12.1875
PHY-3002 : Step(151): len = 239713, overlap = 9.5
PHY-3002 : Step(152): len = 240710, overlap = 13.625
PHY-3002 : Step(153): len = 241068, overlap = 11.8125
PHY-3002 : Step(154): len = 240575, overlap = 12.5
PHY-3002 : Step(155): len = 240594, overlap = 9
PHY-3002 : Step(156): len = 241338, overlap = 10.875
PHY-3002 : Step(157): len = 242022, overlap = 13.75
PHY-3002 : Step(158): len = 242180, overlap = 12.375
PHY-3002 : Step(159): len = 242493, overlap = 13.1875
PHY-3002 : Step(160): len = 242970, overlap = 15.9375
PHY-3002 : Step(161): len = 243235, overlap = 16.8125
PHY-3002 : Step(162): len = 243100, overlap = 16.3125
PHY-3002 : Step(163): len = 243089, overlap = 14.375
PHY-3002 : Step(164): len = 243358, overlap = 12.9375
PHY-3002 : Step(165): len = 243667, overlap = 13.875
PHY-3002 : Step(166): len = 243475, overlap = 12.8125
PHY-3002 : Step(167): len = 243446, overlap = 13.5625
PHY-3002 : Step(168): len = 243683, overlap = 15.4375
PHY-3001 : :::13::: Try harder cell spreading with beta_ = 0.000807719
PHY-3002 : Step(169): len = 244979, overlap = 17.5
PHY-3002 : Step(170): len = 248632, overlap = 17.75
PHY-3002 : Step(171): len = 250473, overlap = 13.5625
PHY-3002 : Step(172): len = 252385, overlap = 15.25
PHY-3002 : Step(173): len = 253898, overlap = 14.0625
PHY-3002 : Step(174): len = 255283, overlap = 15.25
PHY-3002 : Step(175): len = 255958, overlap = 13.75
PHY-3002 : Step(176): len = 256679, overlap = 14.4375
PHY-3002 : Step(177): len = 257573, overlap = 13.5625
PHY-3002 : Step(178): len = 258326, overlap = 13.5625
PHY-3002 : Step(179): len = 258282, overlap = 13.5625
PHY-3002 : Step(180): len = 258313, overlap = 13.125
PHY-3002 : Step(181): len = 258609, overlap = 13.3125
PHY-3002 : Step(182): len = 258699, overlap = 11.3125
PHY-3002 : Step(183): len = 258236, overlap = 9.625
PHY-3002 : Step(184): len = 257925, overlap = 10.0625
PHY-3002 : Step(185): len = 257968, overlap = 10.5625
PHY-3002 : Step(186): len = 258012, overlap = 9.9375
PHY-3002 : Step(187): len = 257895, overlap = 10.375
PHY-3002 : Step(188): len = 257767, overlap = 10.1875
PHY-3002 : Step(189): len = 257798, overlap = 10.1875
PHY-3001 : :::14::: Try harder cell spreading with beta_ = 0.00130689
PHY-3002 : Step(190): len = 258244, overlap = 10.625
PHY-3002 : Step(191): len = 258911, overlap = 10.625
PHY-3001 : Legalization ...
PHY-3001 : End legalization;  0.004300s wall, 0.000000s user + 0.000000s system = 0.000000s CPU (n/a%)

PHY-3001 : Run with size of 4
PHY-3001 : Cell area utilization is 45%
PHY-3001 : Analyzing congestion ...
RUN-1001 : Generating global routing grids ...
RUN-1001 : Building simple global routing graph ...
PHY-1001 : Generate routing nets ...
PHY-1001 : Reuse net number 0/15988.
PHY-1001 : Global iterations in 24 thread ...
PHY-1002 : len = 417208, over cnt = 1303(3%), over = 6614, worst = 45
PHY-1001 : End global iterations;  0.649298s wall, 0.609375s user + 0.140625s system = 0.750000s CPU (115.5%)

PHY-1001 : Congestion index: top1 = 63.41, top5 = 47.05, top10 = 40.28, top15 = 36.11.
PHY-3001 : End congestion estimation;  0.762927s wall, 0.718750s user + 0.140625s system = 0.859375s CPU (112.6%)

PHY-3001 : Update density targets...
PHY-3001 : Update congestion history...
PHY-3001 : :::0::: Try harder cell spreading with beta_ = 4.26114e-05
PHY-3002 : Step(192): len = 284084, overlap = 25.875
PHY-3002 : Step(193): len = 293930, overlap = 25
PHY-3002 : Step(194): len = 298553, overlap = 25.3125
PHY-3002 : Step(195): len = 291380, overlap = 28.375
PHY-3002 : Step(196): len = 275950, overlap = 27.1875
PHY-3002 : Step(197): len = 273136, overlap = 28.5625
PHY-3002 : Step(198): len = 262778, overlap = 31.25
PHY-3002 : Step(199): len = 258564, overlap = 31.5
PHY-3002 : Step(200): len = 258062, overlap = 32.9688
PHY-3002 : Step(201): len = 255611, overlap = 32.5938
PHY-3002 : Step(202): len = 251516, overlap = 36.125
PHY-3002 : Step(203): len = 251742, overlap = 38
PHY-3002 : Step(204): len = 249127, overlap = 42.5
PHY-3002 : Step(205): len = 246345, overlap = 47.3438
PHY-3002 : Step(206): len = 247072, overlap = 50.25
PHY-3002 : Step(207): len = 247319, overlap = 52.625
PHY-3001 : :::1::: Try harder cell spreading with beta_ = 8.52228e-05
PHY-3002 : Step(208): len = 248153, overlap = 53.5312
PHY-3002 : Step(209): len = 247673, overlap = 52.9688
PHY-3002 : Step(210): len = 249467, overlap = 51.0312
PHY-3001 : :::2::: Try harder cell spreading with beta_ = 0.000137891
PHY-3002 : Step(211): len = 252702, overlap = 50.125
PHY-3002 : Step(212): len = 270143, overlap = 42.3438
PHY-3002 : Step(213): len = 278214, overlap = 40.3125
PHY-3002 : Step(214): len = 282099, overlap = 39.0312
PHY-3001 : Run with size of 2
PHY-3001 : Cell area utilization is 45%
PHY-3001 : Analyzing congestion ...
RUN-1001 : Generating global routing grids ...
PHY-1001 : Generate routing nets ...
PHY-1001 : Reuse net number 81/15988.
PHY-1001 : Global iterations in 24 thread ...
PHY-1002 : len = 418728, over cnt = 1723(4%), over = 9556, worst = 61
PHY-1001 : End global iterations;  0.702627s wall, 0.703125s user + 0.218750s system = 0.921875s CPU (131.2%)

PHY-1001 : Congestion index: top1 = 74.55, top5 = 57.29, top10 = 48.98, top15 = 43.60.
PHY-3001 : End congestion estimation;  0.837413s wall, 0.843750s user + 0.218750s system = 1.062500s CPU (126.9%)

PHY-3001 : Update density targets...
PHY-3001 : Update congestion history...
PHY-3001 : :::0::: Try harder cell spreading with beta_ = 4.67571e-05
PHY-3002 : Step(215): len = 259859, overlap = 212.812
PHY-3002 : Step(216): len = 264932, overlap = 181.688
PHY-3002 : Step(217): len = 265065, overlap = 164.875
PHY-3002 : Step(218): len = 259265, overlap = 133.375
PHY-3002 : Step(219): len = 255931, overlap = 122.469
PHY-3002 : Step(220): len = 257357, overlap = 108.406
PHY-3002 : Step(221): len = 255821, overlap = 93.9375
PHY-3002 : Step(222): len = 250783, overlap = 88.3125
PHY-3002 : Step(223): len = 248311, overlap = 88.7188
PHY-3002 : Step(224): len = 246901, overlap = 82.625
PHY-3002 : Step(225): len = 245162, overlap = 91.9688
PHY-3002 : Step(226): len = 242161, overlap = 91.6562
PHY-3002 : Step(227): len = 239828, overlap = 81.2812
PHY-3002 : Step(228): len = 239504, overlap = 79.6562
PHY-3002 : Step(229): len = 237322, overlap = 77.5625
PHY-3001 : :::1::: Try harder cell spreading with beta_ = 9.35142e-05
PHY-3002 : Step(230): len = 239646, overlap = 77.875
PHY-3002 : Step(231): len = 242974, overlap = 81.9062
PHY-3002 : Step(232): len = 242083, overlap = 76.25
PHY-3001 : :::2::: Try harder cell spreading with beta_ = 0.000187028
PHY-3002 : Step(233): len = 244917, overlap = 76.5625
PHY-3002 : Step(234): len = 250684, overlap = 75.625
PHY-3002 : Step(235): len = 254425, overlap = 68.1562
PHY-3002 : Step(236): len = 257058, overlap = 65.875
PHY-3002 : Step(237): len = 259107, overlap = 63.125
PHY-3002 : Step(238): len = 260529, overlap = 63.6562
PHY-3002 : Step(239): len = 260294, overlap = 63.9375
OPT-1001 : Start physical optimization ...
OPT-1001 : Total overflow 357.16 peak overflow 5.44
OPT-1001 : Start high-fanout net optimization ...
OPT-1001 : Update timing in global mode
PHY-1001 : Start incremental global routing, caller is place ...
RUN-1001 : Generating global routing grids ...
PHY-1001 : Generate routing nets ...
PHY-1001 : Reuse net number 161/15988.
PHY-1001 : Global iterations in 24 thread ...
PHY-1002 : len = 436528, over cnt = 2029(5%), over = 7313, worst = 40
PHY-1001 : End global iterations;  1.362660s wall, 1.406250s user + 0.156250s system = 1.562500s CPU (114.7%)

PHY-1001 : Congestion index: top1 = 50.32, top5 = 42.05, top10 = 37.51, top15 = 34.76.
PHY-1001 : End incremental global routing;  1.499837s wall, 1.546875s user + 0.156250s system = 1.703125s CPU (113.6%)

RUN-1002 : start command "start_timer -report"
TMR-5001 WARNING: No sdc constraints found while initiating timer.
TMR-2505 : Start building timing graph for model audio_speak.
TMR-2506 : Build timing graph completely. Port num: 54, tpin num: 70847, tnet num: 14930, tinst num: 13989, tnode num: 99674, tedge num: 114862.
TMR-2508 : Levelizing timing graph completed, there are 43 levels in total.
TMR-2501 : Timing graph initialized successfully.
OPT-1001 : End timing update;  0.623290s wall, 0.546875s user + 0.046875s system = 0.593750s CPU (95.3%)

OPT-1001 : 0 high-fanout net processed.
OPT-1001 : End high-fanout net optimization;  2.319307s wall, 2.296875s user + 0.203125s system = 2.500000s CPU (107.8%)

OPT-1001 : Current memory(MB): used = 484, reserve = 462, peak = 484.
OPT-1001 : End physical optimization;  2.413638s wall, 2.500000s user + 0.250000s system = 2.750000s CPU (113.9%)

PHY-3001 : Start packing ...
SYN-4007 : Packing 0 MUX to BLE ...
SYN-4008 : Packed 0 MUX and 0 SEQ to BLE.
SYN-4007 : Packing 5775 LUT to BLE ...
SYN-4008 : Packed 5775 LUT and 553 SEQ to BLE.
SYN-4003 : Packing 6679 remaining SEQ's ...
SYN-4005 : Packed 4807 SEQ with LUT/SLICE
SYN-4006 : 506 single LUT's are left
SYN-4006 : 1872 single SEQ's are left
SYN-4011 : Packing model "audio_speak" (AL_USER_NORMAL) with 7647/8631 primitive instances ...
PHY-3001 : End packing;  0.985154s wall, 0.906250s user + 0.046875s system = 0.953125s CPU (96.7%)

PHY-1001 : Populate physical database on model audio_speak.
RUN-1001 : There are total 5814 instances
RUN-1001 : 2870 mslices, 2870 lslices, 54 pads, 0 brams, 2 dsps
RUN-1001 : There are total 15447 nets
RUN-1001 : 13057 nets have 2 pins
RUN-1001 : 1606 nets have [3 - 5] pins
RUN-1001 : 293 nets have [6 - 10] pins
RUN-1001 : 399 nets have [11 - 20] pins
RUN-1001 : 51 nets have [21 - 99] pins
RUN-1001 : 41 nets have 100+ pins
PHY-3001 : design contains 5812 instances, 5740 slices, 188 macros(910 instances: 593 mslices 317 lslices)
PHY-3001 : Huge net led_dup_1 with 4222 pins
PHY-3001 : Huge net u_pitch_shift/read_ptr[1] with 2196 pins
PHY-3001 : Huge net u_pitch_shift/read_ptr[0] with 1322 pins
PHY-3001 : Cell area utilization is 65%
PHY-3001 : After packing: Len = 287122, Over = 193.25
PHY-3001 : Run with size of 2
PHY-3001 : Cell area utilization is 65%
PHY-3001 : Analyzing congestion ...
RUN-1001 : Generating global routing grids ...
PHY-1001 : Generate routing nets ...
PHY-1001 : Reuse net number 4998/15447.
PHY-1001 : Global iterations in 24 thread ...
PHY-1002 : len = 472240, over cnt = 2111(5%), over = 5432, worst = 40
PHY-1002 : len = 501560, over cnt = 1241(3%), over = 2512, worst = 18
PHY-1002 : len = 519368, over cnt = 585(1%), over = 1218, worst = 17
PHY-1002 : len = 526352, over cnt = 379(1%), over = 753, worst = 9
PHY-1002 : len = 538120, over cnt = 0(0%), over = 0, worst = 0
PHY-1001 : End global iterations;  1.319469s wall, 1.546875s user + 0.375000s system = 1.921875s CPU (145.7%)

PHY-1001 : Congestion index: top1 = 45.24, top5 = 39.25, top10 = 36.36, top15 = 34.47.
PHY-3001 : End congestion estimation;  1.550018s wall, 1.765625s user + 0.375000s system = 2.140625s CPU (138.1%)

PHY-3001 : Update density targets...
PHY-3001 : Update congestion history...
PHY-3001 : :::0::: Try harder cell spreading with beta_ = 1.85922e-05
PHY-3002 : Step(240): len = 268304, overlap = 185.75
PHY-3002 : Step(241): len = 268409, overlap = 195
PHY-3002 : Step(242): len = 258160, overlap = 218.25
PHY-3002 : Step(243): len = 250401, overlap = 230.75
PHY-3002 : Step(244): len = 250550, overlap = 230
PHY-3002 : Step(245): len = 250838, overlap = 230
PHY-3001 : :::1::: Try harder cell spreading with beta_ = 3.71843e-05
PHY-3002 : Step(246): len = 257578, overlap = 214.25
PHY-3002 : Step(247): len = 259892, overlap = 207.75
PHY-3002 : Step(248): len = 261491, overlap = 199.25
PHY-3001 : :::2::: Try harder cell spreading with beta_ = 7.43687e-05
PHY-3002 : Step(249): len = 268227, overlap = 187.25
PHY-3002 : Step(250): len = 270208, overlap = 183.25
PHY-3002 : Step(251): len = 272745, overlap = 173.75
PHY-3002 : Step(252): len = 273643, overlap = 169
PHY-3002 : Step(253): len = 274322, overlap = 155
PHY-3001 : Legalization ...
PHY-3001 : End legalization;  1.065973s wall, 1.375000s user + 2.015625s system = 3.390625s CPU (318.1%)

PHY-3001 : Trial Legalized: Len = 347760
PHY-3001 : Run with size of 2
PHY-3001 : Cell area utilization is 64%
PHY-3001 : Analyzing congestion ...
RUN-1001 : Generating global routing grids ...
PHY-1001 : Generate routing nets ...
PHY-1001 : Reuse net number 613/15447.
PHY-1001 : Global iterations in 24 thread ...
PHY-1002 : len = 534184, over cnt = 2032(5%), over = 3143, worst = 7
PHY-1002 : len = 544840, over cnt = 1278(3%), over = 1803, worst = 5
PHY-1002 : len = 559768, over cnt = 476(1%), over = 671, worst = 4
PHY-1002 : len = 566544, over cnt = 199(0%), over = 264, worst = 4
PHY-1002 : len = 570952, over cnt = 0(0%), over = 0, worst = 0
PHY-1001 : End global iterations;  2.104572s wall, 2.312500s user + 0.406250s system = 2.718750s CPU (129.2%)

PHY-1001 : Congestion index: top1 = 42.67, top5 = 39.08, top10 = 37.03, top15 = 35.46.
PHY-3001 : End congestion estimation;  2.393521s wall, 2.593750s user + 0.406250s system = 3.000000s CPU (125.3%)

PHY-3001 : Update density targets...
PHY-3001 : Update congestion history...
PHY-3001 : :::0::: Try harder cell spreading with beta_ = 5.21388e-05
PHY-3002 : Step(254): len = 304510, overlap = 43
PHY-3002 : Step(255): len = 292497, overlap = 77.5
PHY-3002 : Step(256): len = 285581, overlap = 103
PHY-3002 : Step(257): len = 282333, overlap = 119.25
PHY-3002 : Step(258): len = 281572, overlap = 128.5
PHY-3001 : :::1::: Try harder cell spreading with beta_ = 0.000104278
PHY-3002 : Step(259): len = 286094, overlap = 125
PHY-3002 : Step(260): len = 287980, overlap = 120.75
PHY-3002 : Step(261): len = 290234, overlap = 110.75
PHY-3001 : :::2::: Try harder cell spreading with beta_ = 0.000208555
PHY-3002 : Step(262): len = 293675, overlap = 108.5
PHY-3002 : Step(263): len = 296077, overlap = 104.5
PHY-3002 : Step(264): len = 299858, overlap = 100
PHY-3002 : Step(265): len = 302192, overlap = 97.75
PHY-3002 : Step(266): len = 303778, overlap = 95.75
PHY-3001 : Legalization ...
PHY-3001 : End legalization;  0.012477s wall, 0.015625s user + 0.000000s system = 0.015625s CPU (125.2%)

PHY-3001 : Legalized: Len = 331560, Over = 0
PHY-3001 : Spreading special nets. 29 overflows in 2952 tiles.
PHY-3001 : End spreading;  0.034954s wall, 0.046875s user + 0.000000s system = 0.046875s CPU (134.1%)

PHY-3001 : 41 instances has been re-located, deltaX = 14, deltaY = 28, maxDist = 2.
PHY-3001 : Final: Len = 332098, Over = 0
OPT-1001 : Start physical optimization ...
OPT-1001 : Total overflow 0.00 peak overflow 0.00
OPT-1001 : Start high-fanout net optimization ...
OPT-1001 : Update timing in global mode
PHY-1001 : Start incremental global routing, caller is place ...
RUN-1001 : Generating global routing grids ...
PHY-1001 : Generate routing nets ...
PHY-1001 : Reuse net number 2226/15447.
PHY-1001 : Global iterations in 24 thread ...
PHY-1002 : len = 527528, over cnt = 1917(5%), over = 2879, worst = 5
PHY-1002 : len = 536584, over cnt = 1174(3%), over = 1627, worst = 5
PHY-1002 : len = 548240, over cnt = 529(1%), over = 740, worst = 5
PHY-1002 : len = 556192, over cnt = 196(0%), over = 260, worst = 3
PHY-1002 : len = 560128, over cnt = 0(0%), over = 0, worst = 0
PHY-1001 : End global iterations;  1.815162s wall, 1.859375s user + 0.390625s system = 2.250000s CPU (124.0%)

PHY-1001 : Congestion index: top1 = 41.03, top5 = 37.15, top10 = 35.00, top15 = 33.56.
PHY-1001 : End incremental global routing;  2.053241s wall, 2.078125s user + 0.390625s system = 2.468750s CPU (120.2%)

RUN-1002 : start command "start_timer -report"
TMR-5001 WARNING: No sdc constraints found while initiating timer.
TMR-2505 : Start building timing graph for model audio_speak.
TMR-2506 : Build timing graph completely. Port num: 54, tpin num: 62712, tnet num: 14389, tinst num: 5812, tnode num: 84250, tedge num: 102258.
TMR-2508 : Levelizing timing graph completed, there are 41 levels in total.
TMR-2501 : Timing graph initialized successfully.
OPT-1001 : End timing update;  0.819753s wall, 0.796875s user + 0.031250s system = 0.828125s CPU (101.0%)

OPT-1001 : 0 high-fanout net processed.
OPT-1001 : End high-fanout net optimization;  3.099279s wall, 3.093750s user + 0.421875s system = 3.515625s CPU (113.4%)

OPT-1001 : Current memory(MB): used = 513, reserve = 493, peak = 513.
OPT-1001 : Update timing in Manhattan mode
OPT-1001 : End timing update;  0.014757s wall, 0.015625s user + 0.000000s system = 0.015625s CPU (105.9%)

OPT-1001 : Start pin optimization...
OPT-1001 : skip pin optimization...
RUN-1001 : Generating global routing grids ...
PHY-1001 : Generate routing nets ...
PHY-1001 : Reuse net number 11292/15447.
PHY-1001 : Global iterations in 24 thread ...
PHY-1002 : len = 560128, over cnt = 0(0%), over = 0, worst = 0
PHY-1001 : End global iterations;  0.053546s wall, 0.046875s user + 0.015625s system = 0.062500s CPU (116.7%)

PHY-1001 : Congestion index: top1 = 41.03, top5 = 37.15, top10 = 35.00, top15 = 33.56.
OPT-1001 : Update timing in Manhattan mode
OPT-1001 : End timing update;  0.016998s wall, 0.015625s user + 0.000000s system = 0.015625s CPU (91.9%)

RUN-1001 : QoR Analysis:
OPT-0007 :   WNS 2147483647 TNS 0 NUM_FEPS 0
RUN-1001 :   No local congestion issue, and most congested 1% tile average routing util is 40.655172
RUN-1001 :   Top critical paths
OPT-1001 : End physical optimization;  3.436053s wall, 3.484375s user + 0.500000s system = 3.984375s CPU (116.0%)

RUN-1003 : finish command "place" in  21.424190s wall, 30.031250s user + 19.656250s system = 49.687500s CPU (231.9%)

RUN-1004 : used memory is 409 MB, reserved memory is 388 MB, peak memory is 522 MB
RUN-1002 : start command "export_db ES8388_place.db"
RUN-1001 : Exported /
RUN-1001 : Exported flow parameters
RUN-1001 : Exported libs
RUN-1001 : Exported entities
RUN-1001 : Exported ports
RUN-1001 : Exported pins
RUN-1001 : Exported instances
RUN-1001 : Exported nets
RUN-1001 : Exported buses
RUN-1001 : Exported models
RUN-1001 : Exported congestions
RUN-1001 : Exported violations
RUN-1001 : Exported IO constraints
RUN-1001 : Exported Inst constraints
RUN-1003 : finish command "export_db ES8388_place.db" in  1.006573s wall, 1.578125s user + 0.031250s system = 1.609375s CPU (159.9%)

RUN-1004 : used memory is 426 MB, reserved memory is 411 MB, peak memory is 522 MB
RUN-1002 : start command "route"
RUN-1001 : Open license file D:/TD/license/Anlogic.lic
RUN-1001 : Print Global Property
RUN-1001 : ---------------------------------------------------------------
RUN-1001 :        Parameters        |  Settings  |  Default Values  |  Note  
RUN-1001 : ---------------------------------------------------------------
RUN-1001 :          message         |  standard  |     standard     |        
RUN-1001 :   mixed_pack_place_flow  |     on     |        on        |        
RUN-1001 :        qor_monitor       |    off     |       off        |        
RUN-1001 :        syn_ip_flow       |    off     |       off        |        
RUN-1001 :          thread          |    auto    |       auto       |        
RUN-1001 : ---------------------------------------------------------------
RUN-1001 : Print Route Property
RUN-1001 : -------------------------------------------------------
RUN-1001 :    Parameters    |  Settings  |  Default Values  |  Note  
RUN-1001 : -------------------------------------------------------
RUN-1001 :      effort      |   medium   |      medium      |        
RUN-1001 :     fix_hold     |    off     |       off        |        
RUN-1001 :    opt_timing    |   medium   |      medium      |        
RUN-1001 :   phy_sim_model  |    off     |       off        |        
RUN-1001 :     priority     |   timing   |      timing      |        
RUN-1001 :     swap_pin     |     on     |        on        |        
RUN-1001 : -------------------------------------------------------
PHY-1001 : Route runs in 24 thread(s)
RUN-1001 : There are total 5814 instances
RUN-1001 : 2870 mslices, 2870 lslices, 54 pads, 0 brams, 2 dsps
RUN-1001 : There are total 15447 nets
RUN-1001 : 13057 nets have 2 pins
RUN-1001 : 1606 nets have [3 - 5] pins
RUN-1001 : 293 nets have [6 - 10] pins
RUN-1001 : 399 nets have [11 - 20] pins
RUN-1001 : 51 nets have [21 - 99] pins
RUN-1001 : 41 nets have 100+ pins
RUN-1002 : start command "start_timer -report"
TMR-5001 WARNING: No sdc constraints found while initiating timer.
TMR-2505 : Start building timing graph for model audio_speak.
TMR-2506 : Build timing graph completely. Port num: 54, tpin num: 62712, tnet num: 14389, tinst num: 5812, tnode num: 84250, tedge num: 102258.
TMR-2508 : Levelizing timing graph completed, there are 41 levels in total.
TMR-2501 : Timing graph initialized successfully.
PHY-1001 : 2870 mslices, 2870 lslices, 54 pads, 0 brams, 2 dsps
TMR-2503 : Start to update net delay, extr mode = 3.
TMR-2504 : Update delay of 14389 nets completely.
TMR-2502 : Annotate delay completely, extr mode = 3.
TMR-3002 : No user constraint, initiate default constraint.
TMR-1501 : Assign derive clock DeriveClock to 9576 clock pins, and constraint 21530 relative nodes.
TMR-3003 : Constraints initiated successfully.
TMR-3501 : Forward propagation: start to calculate arrival time...
TMR-3502 : Backward propagation: start to calculate required time...
TMR-3503 : Timing propagation completes.
PHY-1001 : Start global routing, caller is route ...
RUN-1001 : Generating global routing grids ...
PHY-1001 : Generate routing nets ...
PHY-1001 : Global iterations in 24 thread ...
PHY-1002 : len = 508384, over cnt = 2085(5%), over = 3262, worst = 6
PHY-1002 : len = 520552, over cnt = 1231(3%), over = 1777, worst = 6
PHY-1002 : len = 533816, over cnt = 578(1%), over = 832, worst = 4
PHY-1002 : len = 547640, over cnt = 0(0%), over = 0, worst = 0
PHY-1001 : End global iterations;  2.455791s wall, 2.359375s user + 0.390625s system = 2.750000s CPU (112.0%)

PHY-1001 : Congestion index: top1 = 40.28, top5 = 36.65, top10 = 34.58, top15 = 33.14.
PHY-1001 : End global routing;  2.648177s wall, 2.500000s user + 0.406250s system = 2.906250s CPU (109.7%)

PHY-1001 : Start detail routing ...
PHY-1001 : Current memory(MB): used = 621, reserve = 606, peak = 621.
PHY-1001 : Detailed router is running in normal mode.
PHY-1001 : Generate detailed routing grids ...
PHY-1001 : Processed IO instance aud_dacdat_syn_4 with INV attribute.
PHY-1001 : Processed IO instance aud_dacdat_1_syn_4 with INV attribute.
PHY-1001 : Processed IO instance aud_dacdat_2_syn_4 with INV attribute.
PHY-1001 : Processed IO instance aud_dacdat_3_syn_4 with INV attribute.
PHY-1001 : Generate nets ...
PHY-1001 : clock net aud_bclk_syn_4 will be merged with clock aud_bclk_dup_1
PHY-1001 : clock net aud_bclk_1_syn_4 will be merged with clock aud_bclk_1_dup_1
PHY-1001 : clock net aud_bclk_2_syn_4 will be merged with clock aud_bclk_2_dup_1
PHY-1001 : clock net aud_bclk_3_syn_4 will be merged with clock aud_bclk_3_dup_1
PHY-1001 : net aud_mclk_dup_1 will be routed on clock mesh
PHY-1001 : net aud_mclk_1_dup_1 will be routed on clock mesh
PHY-1001 : net aud_mclk_2_dup_1 will be routed on clock mesh
PHY-1001 : net aud_mclk_3_dup_1 will be routed on clock mesh
PHY-1001 : clock net ilaclk_dup_1 will be merged with clock u_pll_clk/clk0_buf
PHY-1001 : clock net ilaclk_1_dup_1 will be merged with clock u1_pll_clk/clk0_buf
PHY-1001 : clock net ilaclk_2_dup_1 will be merged with clock u2_pll_clk/clk0_buf
PHY-1001 : clock net ilaclk_3_dup_1 will be merged with clock u3_pll_clk/clk0_buf
PHY-1001 : net sys_clk_dup_1 will be routed on clock mesh
PHY-1001 : clock net u1_es8388_ctrl/u_es8388_config/u_i2c_dri/dri_clk_syn_4 will be merged with clock u1_es8388_ctrl/u_es8388_config/u_i2c_dri/dri_clk
PHY-1001 : clock net u2_es8388_ctrl/u_es8388_config/u_i2c_dri/dri_clk_syn_4 will be merged with clock u2_es8388_ctrl/u_es8388_config/u_i2c_dri/dri_clk
PHY-1001 : clock net u3_es8388_ctrl/u_es8388_config/u_i2c_dri/dri_clk_syn_4 will be merged with clock u3_es8388_ctrl/u_es8388_config/u_i2c_dri/dri_clk
PHY-1001 : Current memory(MB): used = 882, reserve = 870, peak = 882.
PHY-1001 : End build detailed router design. 2.900221s wall, 2.765625s user + 0.109375s system = 2.875000s CPU (99.1%)

PHY-1001 : Detail Route ...
PHY-1001 : ===== Detail Route Phase 1 =====
PHY-1001 : Clock net routing.....
PHY-1001 : Routed 0% nets.
PHY-1022 : len = 178968, over cnt = 0(0%), over = 0, worst = 0, crit = 0
PHY-1001 : End initial clock net routed; 3.569934s wall, 3.421875s user + 0.062500s system = 3.484375s CPU (97.6%)

PHY-1001 : Current memory(MB): used = 918, reserve = 908, peak = 918.
PHY-1001 : End phase 1; 3.575930s wall, 3.437500s user + 0.062500s system = 3.500000s CPU (97.9%)

PHY-1001 : ===== Detail Route Phase 2 =====
PHY-1001 : Initial routing.....
PHY-1001 : Routed 53% nets.
PHY-1001 : Routed 59% nets.
PHY-1001 : Routed 68% nets.
PHY-1001 : Routed 77% nets.
PHY-1001 : Routed 89% nets.
PHY-1022 : len = 2.94888e+06, over cnt = 1509(0%), over = 1516, worst = 2, crit = 0
PHY-1001 : Current memory(MB): used = 929, reserve = 917, peak = 929.
PHY-1001 : End initial routed; 12.162311s wall, 13.296875s user + 4.968750s system = 18.265625s CPU (150.2%)

PHY-1001 : Current memory(MB): used = 929, reserve = 917, peak = 929.
PHY-1001 : End phase 2; 12.162411s wall, 13.296875s user + 4.968750s system = 18.265625s CPU (150.2%)

PHY-1001 : ===== Detail Route Phase 3 =====
PHY-1001 : Ripup-reroute.....
PHY-1001 : ===== DR Iter 1 =====
PHY-1022 : len = 2.84384e+06, over cnt = 788(0%), over = 790, worst = 2, crit = 0
PHY-1001 : End DR Iter 1; 4.431158s wall, 5.156250s user + 0.203125s system = 5.359375s CPU (120.9%)

PHY-1001 : ===== DR Iter 2 =====
PHY-1022 : len = 2.81904e+06, over cnt = 205(0%), over = 205, worst = 1, crit = 0
PHY-1001 : End DR Iter 2; 1.851633s wall, 1.906250s user + 0.171875s system = 2.078125s CPU (112.2%)

PHY-1001 : ===== DR Iter 3 =====
PHY-1022 : len = 2.81538e+06, over cnt = 55(0%), over = 55, worst = 1, crit = 0
PHY-1001 : End DR Iter 3; 0.981173s wall, 0.937500s user + 0.062500s system = 1.000000s CPU (101.9%)

PHY-1001 : ===== DR Iter 4 =====
PHY-1022 : len = 2.81352e+06, over cnt = 3(0%), over = 3, worst = 1, crit = 0
PHY-1001 : End DR Iter 4; 0.360503s wall, 0.312500s user + 0.046875s system = 0.359375s CPU (99.7%)

PHY-1001 : ===== DR Iter 5 =====
PHY-1022 : len = 2.81358e+06, over cnt = 1(0%), over = 1, worst = 1, crit = 0
PHY-1001 : End DR Iter 5; 0.131719s wall, 0.109375s user + 0.031250s system = 0.140625s CPU (106.8%)

PHY-1001 : ===== DR Iter 6 =====
PHY-1022 : len = 2.81358e+06, over cnt = 1(0%), over = 1, worst = 1, crit = 0
PHY-1001 : End DR Iter 6; 0.148635s wall, 0.125000s user + 0.031250s system = 0.156250s CPU (105.1%)

PHY-1001 : ===== DR Iter 7 =====
PHY-1022 : len = 2.81358e+06, over cnt = 1(0%), over = 1, worst = 1, crit = 0
PHY-1001 : End DR Iter 7; 0.204699s wall, 0.171875s user + 0.031250s system = 0.203125s CPU (99.2%)

PHY-1001 : ===== DR Iter 8 =====
PHY-1022 : len = 2.8136e+06, over cnt = 1(0%), over = 1, worst = 1, crit = 0
PHY-1001 : End DR Iter 8; 0.092676s wall, 0.109375s user + 0.000000s system = 0.109375s CPU (118.0%)

PHY-1001 : ==== DR Iter 9 ====
PHY-1022 : len = 2.81358e+06, over cnt = 1(0%), over = 1, worst = 1, crit = 0
PHY-1001 : End DR Iter 9; 0.088253s wall, 0.078125s user + 0.000000s system = 0.078125s CPU (88.5%)

PHY-1001 : ==== DR Iter 10 ====
PHY-1022 : len = 2.81358e+06, over cnt = 1(0%), over = 1, worst = 1, crit = 0
PHY-1001 : End DR Iter 10; 0.097734s wall, 0.093750s user + 0.000000s system = 0.093750s CPU (95.9%)

PHY-1001 : ==== DR Iter 11 ====
PHY-1022 : len = 2.81359e+06, over cnt = 0(0%), over = 0, worst = 0, crit = 0
PHY-1001 : End DR Iter 11; 0.107635s wall, 0.093750s user + 0.015625s system = 0.109375s CPU (101.6%)

PHY-1001 : Commit to database.....
PHY-1001 : 932 feed throughs used by 252 nets
PHY-1001 : End commit to database; 1.471822s wall, 1.421875s user + 0.031250s system = 1.453125s CPU (98.7%)

PHY-1001 : Current memory(MB): used = 1020, reserve = 1012, peak = 1020.
PHY-1001 : End phase 3; 10.158218s wall, 10.687500s user + 0.625000s system = 11.312500s CPU (111.4%)

PHY-1003 : Routed, final wirelength = 2.81359e+06
PHY-1001 : Current memory(MB): used = 1024, reserve = 1016, peak = 1024.
PHY-1001 : End export database. 0.033612s wall, 0.031250s user + 0.000000s system = 0.031250s CPU (93.0%)

PHY-1001 : End detail routing;  29.073807s wall, 30.453125s user + 5.765625s system = 36.218750s CPU (124.6%)

RUN-1003 : finish command "route" in  33.097243s wall, 34.312500s user + 6.187500s system = 40.500000s CPU (122.4%)

RUN-1004 : used memory is 828 MB, reserved memory is 824 MB, peak memory is 1024 MB
RUN-1002 : start command "report_area -io_info -file ES8388_phy.area"
RUN-1001 : standard
***Report Model: audio_speak Device: EG4S20BG256***

IO Statistics
#IO                        57
  #input                   25
  #output                  28
  #inout                    4

Utilization Statistics
#lut                     7657   out of  19600   39.07%
#reg                     7254   out of  19600   37.01%
#le                      9529
  #lut only              2275   out of   9529   23.87%
  #reg only              1872   out of   9529   19.65%
  #lut&reg               5382   out of   9529   56.48%
#dsp                        2   out of     29    6.90%
#bram                       0   out of     64    0.00%
  #bram9k                   0
  #fifo9k                   0
#bram32k                    0   out of     16    0.00%
#pad                       54   out of    188   28.72%
  #ireg                     8
  #oreg                    20
  #treg                     4
#pll                        4   out of      4  100.00%
#gclk                      11   out of     16   68.75%

Clock Resource Statistics
Index     ClockNet                                            Type               DriverType         Driver                                                           Fanout
#1        sys_clk_dup_1                                       GCLK               io                 sys_clk_syn_2.di                                                 4496
#2        aud_bclk_2_dup_1                                    GCLK               io                 aud_bclk_2_syn_2.di                                              46
#3        aud_bclk_3_dup_1                                    GCLK               io                 aud_bclk_3_syn_2.di                                              46
#4        aud_bclk_dup_1                                      GCLK               io                 aud_bclk_syn_2.di                                                46
#5        aud_bclk_1_dup_1                                    GCLK               io                 aud_bclk_1_syn_2.di                                              44
#6        u1_es8388_ctrl/u_es8388_config/u_i2c_dri/dri_clk    GCLK               mslice             u1_es8388_ctrl/u_es8388_config/u_i2c_dri/dri_clk_reg_syn_9.q0    41
#7        u3_es8388_ctrl/u_es8388_config/u_i2c_dri/dri_clk    GCLK               lslice             u3_es8388_ctrl/u_es8388_config/u_i2c_dri/dri_clk_reg_syn_9.q1    41
#8        u2_es8388_ctrl/u_es8388_config/u_i2c_dri/dri_clk    GCLK               mslice             u2_es8388_ctrl/u_es8388_config/u_i2c_dri/dri_clk_reg_syn_9.q1    38
#9        aud_mclk_1_dup_1                                    GCLK               pll                u1_pll_clk/pll_inst.clkc1                                        0
#10       aud_mclk_2_dup_1                                    GCLK               pll                u2_pll_clk/pll_inst.clkc1                                        0
#11       aud_mclk_3_dup_1                                    GCLK               pll                u3_pll_clk/pll_inst.clkc1                                        0
#12       aud_mclk_dup_1                                      GCLK               pll                u_pll_clk/pll_inst.clkc1                                         0
#13       u1_pll_clk/clk0_buf                                 GCLK               pll                u1_pll_clk/pll_inst.clkc0                                        0
#14       u2_pll_clk/clk0_buf                                 GCLK               pll                u2_pll_clk/pll_inst.clkc0                                        0
#15       u3_pll_clk/clk0_buf                                 GCLK               pll                u3_pll_clk/pll_inst.clkc0                                        0
#16       u_pll_clk/clk0_buf                                  GCLK               pll                u_pll_clk/pll_inst.clkc0                                         0


Detailed IO Report

        Name          Direction    Location    IOStandard    DriveStrength    PullType     PackReg   
     aud_adcdat         INPUT        R14        LVCMOS25          N/A          PULLUP       IREG     
    aud_adcdat_1        INPUT        G16        LVCMOS25          N/A          PULLUP       IREG     
    aud_adcdat_2        INPUT         E7        LVCMOS25          N/A          PULLUP       IREG     
    aud_adcdat_3        INPUT         L4        LVCMOS25          N/A          PULLUP       IREG     
      aud_bclk          INPUT         M6        LVCMOS25          N/A          PULLUP       NONE     
     aud_bclk_1         INPUT        G14        LVCMOS25          N/A          PULLUP       NONE     
     aud_bclk_2         INPUT         D5        LVCMOS25          N/A          PULLUP       NONE     
     aud_bclk_3         INPUT         H5        LVCMOS25          N/A          PULLUP       NONE     
      aud_lrc           INPUT         M7        LVCMOS25          N/A          PULLUP       IREG     
     aud_lrc_1          INPUT        H16        LVCMOS25          N/A          PULLUP       IREG     
     aud_lrc_2          INPUT         C6        LVCMOS25          N/A          PULLUP       IREG     
     aud_lrc_3          INPUT         K6        LVCMOS25          N/A          PULLUP       IREG     
     denoise_en         INPUT        A11        LVCMOS25          N/A          PULLUP       NONE     
  pitch_control[2]      INPUT        B10        LVCMOS25          N/A          PULLUP       NONE     
  pitch_control[1]      INPUT        A10        LVCMOS25          N/A          PULLUP       NONE     
  pitch_control[0]      INPUT         A9        LVCMOS25          N/A          PULLUP       NONE     
      pitch_en          INPUT        A12        LVCMOS25          N/A          PULLUP       NONE     
      sys_clk           INPUT         R7        LVCMOS25          N/A          PULLUP       NONE     
     sys_rst_n          INPUT         E3        LVCMOS25          N/A          PULLUP       NONE     
    sys_rst_n_1         INPUT         G6        LVCMOS25          N/A           N/A         NONE     
    sys_rst_n_2         INPUT        F16        LVCMOS25          N/A           N/A         NONE     
    sys_rst_n_3         INPUT        L12        LVCMOS25          N/A           N/A         NONE     
     aud_dacdat        OUTPUT         P6        LVCMOS25           8            NONE        OREG     
    aud_dacdat_1       OUTPUT        H14        LVCMOS25           8            NONE        OREG     
    aud_dacdat_2       OUTPUT         E6        LVCMOS25           8            NONE        OREG     
    aud_dacdat_3       OUTPUT         K3        LVCMOS25           8            NONE        OREG     
      aud_mclk         OUTPUT         N5        LVCMOS25           8            NONE        NONE     
     aud_mclk_1        OUTPUT        F14        LVCMOS25           8            NONE        NONE     
     aud_mclk_2        OUTPUT         F6        LVCMOS25           8            NONE        NONE     
     aud_mclk_3        OUTPUT         H4        LVCMOS25           8            NONE        NONE     
      aud_scl          OUTPUT        R12        LVCMOS25           8            NONE        OREG     
     aud_scl_1         OUTPUT        D14        LVCMOS25           8            NONE        OREG     
     aud_scl_2         OUTPUT         A2        LVCMOS25           8            NONE        OREG     
     aud_scl_3         OUTPUT         G3        LVCMOS25           8            NONE        OREG     
       ilaclk          OUTPUT         M9        LVCMOS25           8            NONE        NONE     
      ilaclk_1         OUTPUT        L16        LVCMOS25           8            NONE        NONE     
      ilaclk_2         OUTPUT         D3        LVCMOS25           8            NONE        NONE     
      ilaclk_3         OUTPUT        K15        LVCMOS25           8            NONE        NONE     
        led            OUTPUT        E16        LVCMOS25           8            N/A         NONE     
       led_1           OUTPUT         F4        LVCMOS25           8            N/A         NONE     
       led_2           OUTPUT         J6        LVCMOS25           8            N/A         NONE     
       led_3           OUTPUT        M16        LVCMOS25           8            N/A         NONE     
     led_eight         OUTPUT        M12        LVCMOS25           8            NONE        OREG     
      led_five         OUTPUT        M10        LVCMOS25           8            NONE        OREG     
      led_four         OUTPUT        P11        LVCMOS25           8            NONE        OREG     
      led_one          OUTPUT         P9        LVCMOS25           8            NONE        OREG     
     led_seven         OUTPUT        N12        LVCMOS25           8            NONE        OREG     
      led_six          OUTPUT        L10        LVCMOS25           8            NONE        OREG     
      led_tree         OUTPUT        R16        LVCMOS25           8            NONE        OREG     
      led_two          OUTPUT        P12        LVCMOS25           8            NONE        OREG     
      aud_sda           INOUT         R9        LVCMOS25           8           PULLUP     OREG;TREG  
     aud_sda_1          INOUT        E15        LVCMOS25           8           PULLUP     OREG;TREG  
     aud_sda_2          INOUT         C3        LVCMOS25           8           PULLUP     OREG;TREG  
     aud_sda_3          INOUT         F3        LVCMOS25           8           PULLUP     OREG;TREG  

Report Hierarchy Area:
+--------------------------------------------------------------------------------------------------------+
|Instance                   |Module                 |le     |lut     |ripple  |seq     |bram    |dsp     |
+--------------------------------------------------------------------------------------------------------+
|top                        |audio_speak            |9529   |7035    |622     |7286    |0       |2       |
|  u1_es8388_ctrl           |es8388_ctrl            |273    |222     |27      |165     |0       |0       |
|    u_audio_receive        |audio_receive          |75     |43      |12      |56      |0       |0       |
|    u_audio_send           |audio_send             |39     |39      |0       |31      |0       |0       |
|    u_es8388_config        |es8388_config          |159    |140     |15      |78      |0       |0       |
|      u_i2c_dri            |i2c_dri                |96     |85      |7       |51      |0       |0       |
|      u_i2c_reg_cfg        |i2c_reg_cfg            |63     |55      |8       |27      |0       |0       |
|  u1_pll_clk               |clk_wiz_0              |1      |1       |0       |0       |0       |0       |
|  u2_es8388_ctrl           |es8388_ctrl            |263    |202     |27      |161     |0       |0       |
|    u_audio_receive        |audio_receive          |83     |58      |12      |54      |0       |0       |
|    u_audio_send           |audio_send             |25     |10      |0       |23      |0       |0       |
|    u_es8388_config        |es8388_config          |155    |134     |15      |84      |0       |0       |
|      u_i2c_dri            |i2c_dri                |98     |87      |7       |58      |0       |0       |
|      u_i2c_reg_cfg        |i2c_reg_cfg            |57     |47      |8       |26      |0       |0       |
|  u2_pll_clk               |clk_wiz_0              |0      |0       |0       |0       |0       |0       |
|  u3_es8388_ctrl           |es8388_ctrl            |267    |208     |27      |152     |0       |0       |
|    u_audio_receive        |audio_receive          |87     |59      |12      |52      |0       |0       |
|    u_audio_send           |audio_send             |24     |9       |0       |22      |0       |0       |
|    u_es8388_config        |es8388_config          |156    |140     |15      |78      |0       |0       |
|      u_i2c_dri            |i2c_dri                |92     |85      |7       |51      |0       |0       |
|      u_i2c_reg_cfg        |i2c_reg_cfg            |64     |55      |8       |27      |0       |0       |
|  u3_pll_clk               |clk_wiz_0              |0      |0       |0       |0       |0       |0       |
|  u_es8388_ctrl            |es8388_ctrl            |384    |300     |61      |155     |0       |0       |
|    u_audio_receive        |audio_receive          |90     |57      |12      |53      |0       |0       |
|    u_audio_send           |audio_send             |47     |47      |0       |27      |0       |0       |
|    u_es8388_config        |es8388_config          |247    |196     |49      |75      |0       |0       |
|      u_i2c_dri            |i2c_dri                |118    |109     |7       |41      |0       |0       |
|      u_i2c_reg_cfg        |i2c_reg_cfg            |129    |87      |42      |34      |0       |0       |
|  u_noise_suppress         |noise_suppress         |50     |37      |13      |25      |0       |0       |
|  u_pitch_shift            |pitch_shift            |6262   |4747    |15      |6142    |0       |0       |
|  u_pll_clk                |clk_wiz_0              |1      |1       |0       |0       |0       |0       |
|  u_simple_denoise         |simple_denoise         |141    |49      |35      |78      |0       |2       |
|  u_spar_4mic_localization |spar_4mic_localization |1784   |1228    |377     |339     |0       |0       |
+--------------------------------------------------------------------------------------------------------+


DataNet Average Fanout:

   Index     Fanout     Nets   
    #1          1       12999  
    #2          2       1304   
    #3          3        209   
    #4          4        89    
    #5        5-10       335   
    #6        11-50      396   
    #7       51-100       4    
    #8       101-500     33    
    #9        >500        5    
  Average     2.94             

RUN-1002 : start command "export_db ES8388_pr.db"
RUN-1001 : Exported /
RUN-1001 : Exported flow parameters
RUN-1001 : Exported libs
RUN-1001 : Exported entities
RUN-1001 : Exported ports
RUN-1001 : Exported pins
RUN-1001 : Exported instances
RUN-1001 : Exported nets
RUN-1001 : Exported buses
RUN-1001 : Exported models
RUN-1001 : Exported congestions
RUN-1001 : Exported violations
RUN-1001 : Exported IO constraints
RUN-1001 : Exported Inst constraints
RUN-1003 : finish command "export_db ES8388_pr.db" in  1.354071s wall, 2.093750s user + 0.031250s system = 2.125000s CPU (156.9%)

RUN-1004 : used memory is 829 MB, reserved memory is 826 MB, peak memory is 1024 MB
RUN-1002 : start command "export_bid ES8388_inst.bid"
RUN-1002 : start command "bitgen -bit ES8388.bit -unused_io_status pulldown"
BIT-1003 : Start to generate bitstream. 
BIT-1002 : Bitgen processed 134 unused pads, reserve input tri_state with pulldown
BIT-1002 : Init instances with 24 threads.
BIT-1002 : Init instances completely, inst num: 5946
BIT-1002 : Init pips with 24 threads.
BIT-1002 : Init pips completely, net num: 15447, pip num: 160555
BIT-1002 : Init feedthrough with 24 threads.
BIT-1002 : Init feedthrough completely, num: 932
BIT-1003 : Multithreading accelaration with 24 threads.
BIT-1003 : Generate bitstream completely, there are 3274 valid insts, and 401957 bits set as '1'.
BIT-1004 : PLL setting string = 1111
BIT-1004 : Generate bits file ES8388.bit.
RUN-1003 : finish command "bitgen -bit ES8388.bit -unused_io_status pulldown" in  13.407832s wall, 228.937500s user + 2.937500s system = 231.875000s CPU (1729.4%)

RUN-1004 : used memory is 856 MB, reserved memory is 869 MB, peak memory is 1061 MB
RUN-1002 : start command "backup_run_log run.log ../.logs/phy_1/td_20251031_221920.log"
