============================================================
   Tang Dynasty, V5.6.71036
      Copyright (c) 2012-2023 Anlogic Inc.
   Executable = D:/TD/bin/td.exe
   Built at =   20:34:38 Mar 21 2023
   Run by =     lyw15
   Run Date =   Thu Oct 16 12:08:28 2025

   Run on =     -001
============================================================
RUN-1002 : start command "open_project ES8388.prj"
RUN-1001 : Print Global Property
RUN-1001 : ---------------------------------------------------------------
RUN-1001 :        Parameters        |  Settings  |  Default Values  |  Note  
RUN-1001 : ---------------------------------------------------------------
RUN-1001 :          message         |  standard  |     standard     |        
RUN-1001 :   mixed_pack_place_flow  |     on     |        on        |        
RUN-1001 :        qor_monitor       |    off     |       off        |        
RUN-1001 :        syn_ip_flow       |    off     |       off        |        
RUN-1001 :          thread          |    auto    |       auto       |        
RUN-1001 : ---------------------------------------------------------------
RUN-1001 : Print Design Property
RUN-1001 : --------------------------------------------------------------
RUN-1001 :        Parameters       |  Settings  |  Default Values  |  Note  
RUN-1001 : --------------------------------------------------------------
RUN-1001 :   default_reg_initial   |    auto    |       auto       |        
RUN-1001 :        infer_add        |     on     |        on        |        
RUN-1001 :        infer_fsm        |    off     |       off        |        
RUN-1001 :        infer_mult       |     on     |        on        |        
RUN-1001 :        infer_ram        |     on     |        on        |        
RUN-1001 :        infer_reg        |     on     |        on        |        
RUN-1001 :   infer_reg_init_value  |     on     |        on        |        
RUN-1001 :        infer_rom        |     on     |        on        |        
RUN-1001 :      infer_shifter      |     on     |        on        |        
RUN-1001 : --------------------------------------------------------------
RUN-1001 : Print Rtl Property
RUN-1001 : --------------------------------------------------------------
RUN-1001 :        Parameters       |  Settings  |  Default Values  |  Note  
RUN-1001 : --------------------------------------------------------------
RUN-1001 :       compress_add      |   ripple   |      ripple      |        
RUN-1001 :        elf_sload        |    off     |       off        |        
RUN-1001 :       fix_undriven      |     0      |        0         |        
RUN-1001 :         flatten         |    off     |       off        |        
RUN-1001 :       gate_sharing      |     on     |        on        |        
RUN-1001 :    hdl_warning_level    |   normal   |      normal      |        
RUN-1001 :   impl_internal_tribuf  |     on     |        on        |        
RUN-1001 :      impl_set_reset     |     on     |        on        |        
RUN-1001 :        infer_gsr        |    off     |       off        |        
RUN-1001 :      keep_hierarchy     |    auto    |       auto       |        
RUN-1001 :        max_fanout       |    9999    |       9999       |        
RUN-1001 :      max_oh2bin_len     |     10     |        10        |        
RUN-1001 :       merge_equal       |     on     |        on        |        
RUN-1001 :       merge_equiv       |     on     |        on        |        
RUN-1001 :        merge_mux        |    off     |       off        |        
RUN-1001 :     min_control_set     |     8      |        8         |        
RUN-1001 :      min_ripple_len     |    auto    |       auto       |        
RUN-1001 :       oh2bin_ratio      |    0.08    |       0.08       |        
RUN-1001 :     opt_adder_fanout    |     on     |        on        |        
RUN-1001 :        opt_arith        |     on     |        on        |        
RUN-1001 :       opt_big_gate      |    off     |       off        |        
RUN-1001 :        opt_const        |     on     |        on        |        
RUN-1001 :      opt_const_mult     |     on     |        on        |        
RUN-1001 :       opt_lessthan      |     on     |        on        |        
RUN-1001 :         opt_mux         |    off     |       off        |        
RUN-1001 :         opt_ram         |    high    |       high       |        
RUN-1001 :      rtl_sim_model      |    off     |       off        |        
RUN-1001 :         seq_syn         |     on     |        on        |        
RUN-1001 : --------------------------------------------------------------
HDL-1007 : analyze verilog file ../../al_ip/clk_wiz_0.v
HDL-1007 : undeclared symbol 'open', assumed default net type 'wire' in ../../al_ip/clk_wiz_0.v(80)
HDL-1007 : analyze verilog file ../../../RTL/audio_receive.v
HDL-1007 : analyze verilog file ../../../RTL/audio_send.v
HDL-1007 : analyze verilog file ../../../RTL/audio_speak.v
HDL-1007 : analyze verilog file ../../../RTL/es8388_config.v
HDL-1007 : analyze verilog file ../../../RTL/es8388_ctrl.v
HDL-1007 : analyze verilog file ../../../RTL/i2c_dri.v
HDL-1007 : analyze verilog file ../../../RTL/i2c_reg_cfg.v
RUN-1001 : Project manager successfully analyzed 8 source files.
RUN-1002 : start command "import_device eagle_s20.db -package EG4S20BG256"
ARC-1001 : Device Initialization.
ARC-1001 : ------------------------------------------------------------------
ARC-1001 :            OPTION            |          IO          |   SETTING   
ARC-1001 : ------------------------------------------------------------------
ARC-1001 :   cso_b/cclk/mosi/miso/dout  |  T3/R11/T10/P10/S11  |    gpio    
ARC-1001 :             done             |         P13          |    gpio    
ARC-1001 :           program_b          |          T2          |  dedicate  
ARC-1001 :        tdi/tms/tck/tdo       |   C12/A15/C14/E14    |  dedicate  
ARC-1001 : ------------------------------------------------------------------
ARC-1004 : Device setting, marked 5 dedicate IOs in total.
RUN-1002 : start command "import_db ../syn_1/ES8388_gate.db"
RUN-1001 : Importing database generated by Tang Dynasty, V5.6.71036.
RUN-1001 : Database version number 46146.
RUN-1001 : Import flow parameters
RUN-1001 : Import IO constraints
RUN-1001 : Import Inst constraints
RUN-1001 : Import design success TD_VERSION=5.6.71036 , DB_VERSION=46146
RUN-1002 : start command "place"
RUN-1001 : Open license file D:/TD/license/Anlogic.lic
RUN-1001 : Print Global Property
RUN-1001 : ---------------------------------------------------------------
RUN-1001 :        Parameters        |  Settings  |  Default Values  |  Note  
RUN-1001 : ---------------------------------------------------------------
RUN-1001 :          message         |  standard  |     standard     |        
RUN-1001 :   mixed_pack_place_flow  |     on     |        on        |        
RUN-1001 :        qor_monitor       |    off     |       off        |        
RUN-1001 :        syn_ip_flow       |    off     |       off        |        
RUN-1001 :          thread          |    auto    |       auto       |        
RUN-1001 : ---------------------------------------------------------------
RUN-1001 : Print Place Property
RUN-1001 : --------------------------------------------------------------
RUN-1001 :        Parameters       |  Settings  |  Default Values  |  Note  
RUN-1001 : --------------------------------------------------------------
RUN-1001 :      detailed_place     |     on     |        on        |        
RUN-1001 :          effort         |   medium   |      medium      |        
RUN-1001 :         fix_hold        |    off     |       off        |        
RUN-1001 :       legalization      |    ori     |       ori        |        
RUN-1001 :      new_spreading      |     on     |        on        |        
RUN-1001 :        opt_timing       |   medium   |      medium      |        
RUN-1001 :   post_clock_route_opt  |    off     |       off        |        
RUN-1001 :       pr_strategy       |     1      |        1         |        
RUN-1001 :        relaxation       |    1.00    |       1.00       |        
RUN-1001 :         retiming        |    off     |       off        |        
RUN-1001 : --------------------------------------------------------------
PHY-3001 : Placer runs in 24 thread(s).
RUN-1002 : start command "legalize_phy_inst"
SYN-1011 : Flatten model audio_speak
RUN-1002 : start command "phys_opt -simplify_lut"
SYN-4016 : Net ilaclk_1_dup_1 driven by BUFG (0 clock/control pins, 2 other pins).
SYN-4016 : Net ilaclk_dup_1 driven by BUFG (0 clock/control pins, 2 other pins).
SYN-4027 : Net aud_mclk_1_dup_1 is clkc1 of pll u1_pll_clk/pll_inst.
SYN-4019 : Net sys_clk_dup_1 is refclk of pll u1_pll_clk/pll_inst.
SYN-4020 : Net sys_clk_dup_1 is fbclk of pll u1_pll_clk/pll_inst.
SYN-4027 : Net aud_mclk_dup_1 is clkc1 of pll u_pll_clk/pll_inst.
SYN-4019 : Net sys_clk_dup_1 is refclk of pll u_pll_clk/pll_inst.
SYN-4020 : Net sys_clk_dup_1 is fbclk of pll u_pll_clk/pll_inst.
SYN-4024 : Net "aud_bclk_dup_1" drives clk pins.
SYN-4024 : Net "aud_bclk_1_dup_1" drives clk pins.
SYN-4024 : Net "u1_es8388_ctrl/u_es8388_config/u_i2c_dri/dri_clk" drives clk pins.
SYN-4024 : Net "u_es8388_ctrl/u_es8388_config/u_i2c_dri/dri_clk" drives clk pins.
SYN-4025 : Tag rtl::Net aud_bclk_1_dup_1 as clock net
SYN-4025 : Tag rtl::Net aud_bclk_dup_1 as clock net
SYN-4025 : Tag rtl::Net aud_mclk_1_dup_1 as clock net
SYN-4025 : Tag rtl::Net aud_mclk_dup_1 as clock net
SYN-4025 : Tag rtl::Net ilaclk_1_dup_1 as clock net
SYN-4025 : Tag rtl::Net ilaclk_dup_1 as clock net
SYN-4025 : Tag rtl::Net sys_clk_dup_1 as clock net
SYN-4025 : Tag rtl::Net u1_es8388_ctrl/u_es8388_config/u_i2c_dri/dri_clk as clock net
SYN-4025 : Tag rtl::Net u_es8388_ctrl/u_es8388_config/u_i2c_dri/dri_clk as clock net
SYN-4026 : Tagged 9 rtl::Net as clock net
SYN-4015 : Create BUFG instance for clk Net aud_bclk_1_dup_1 to drive 80 clock pins.
SYN-4015 : Create BUFG instance for clk Net aud_bclk_dup_1 to drive 80 clock pins.
SYN-4015 : Create BUFG instance for clk Net u1_es8388_ctrl/u_es8388_config/u_i2c_dri/dri_clk to drive 59 clock pins.
SYN-4015 : Create BUFG instance for clk Net u_es8388_ctrl/u_es8388_config/u_i2c_dri/dri_clk to drive 59 clock pins.
PHY-1001 : Populate physical database on model audio_speak.
RUN-1001 : There are total 788 instances
RUN-0007 : 392 luts, 306 seqs, 34 mslices, 22 lslices, 23 pads, 0 brams, 0 dsps
RUN-1001 : There are total 880 nets
RUN-1001 : 559 nets have 2 pins
RUN-1001 : 215 nets have [3 - 5] pins
RUN-1001 : 45 nets have [6 - 10] pins
RUN-1001 : 38 nets have [11 - 20] pins
RUN-1001 : 20 nets have [21 - 99] pins
RUN-1001 : 3 nets have 100+ pins
RUN-1001 : Report Control nets information:
RUN-1001 : DFF Distribution
RUN-1001 : ----------------------------------
RUN-1001 :   CE   |  SSR  |  ASR  |  DFF Count  
RUN-1001 : ----------------------------------
RUN-1001 :   No   |  No   |  No   |      0      
RUN-1001 :   No   |  No   |  Yes  |     146     
RUN-1001 :   No   |  Yes  |  No   |      0      
RUN-1001 :   Yes  |  No   |  No   |      0      
RUN-1001 :   Yes  |  No   |  Yes  |     144     
RUN-1001 :   Yes  |  Yes  |  No   |     16      
RUN-1001 : ----------------------------------
RUN-0007 : Control Group Statistic
RUN-0007 : ---------------------------
RUN-0007 :   #CLK  |  #CE  |  #SSR/ASR  
RUN-0007 : ---------------------------
RUN-0007 :    5    |  11   |     5      
RUN-0007 : ---------------------------
RUN-0007 : Control Set = 16
PHY-3001 : Initial placement ...
PHY-3001 : design contains 786 instances, 392 luts, 306 seqs, 56 slices, 16 macros(56 instances: 34 mslices 22 lslices)
PHY-0007 : Cell area utilization is 2%
PHY-3001 : Global placement ...
PHY-3001 : Initial: Len = 192246
PHY-3001 : Clustering ...
PHY-3001 : Level 0 #clusters 786.
PHY-3001 : End clustering;  0.000036s wall, 0.000000s user + 0.000000s system = 0.000000s CPU (n/a%)

PHY-3001 : Run with size of 4
PHY-3001 : Cell area utilization is 2%
PHY-3001 : :::0::: Try harder cell spreading with beta_ = 0
PHY-3002 : Step(1): len = 107690, overlap = 0
PHY-3002 : Step(2): len = 68625, overlap = 0
PHY-3002 : Step(3): len = 46653.1, overlap = 0
PHY-3002 : Step(4): len = 34677.3, overlap = 0
PHY-3002 : Step(5): len = 29576.6, overlap = 0
PHY-3002 : Step(6): len = 26781.4, overlap = 0
PHY-3002 : Step(7): len = 22881.2, overlap = 0
PHY-3002 : Step(8): len = 22587, overlap = 0
PHY-3002 : Step(9): len = 21569.1, overlap = 0
PHY-3002 : Step(10): len = 20356.4, overlap = 0
PHY-3002 : Step(11): len = 20351.6, overlap = 0
PHY-3002 : Step(12): len = 19116.5, overlap = 0.4375
PHY-3002 : Step(13): len = 17924.4, overlap = 2.0625
PHY-3002 : Step(14): len = 18434.2, overlap = 2.09375
PHY-3002 : Step(15): len = 16800.8, overlap = 2.9375
PHY-3002 : Step(16): len = 16146.1, overlap = 3.28125
PHY-3002 : Step(17): len = 16178.5, overlap = 3.3125
PHY-3002 : Step(18): len = 15574.8, overlap = 1.5625
PHY-3002 : Step(19): len = 14025.9, overlap = 0.8125
PHY-3002 : Step(20): len = 12840.7, overlap = 0.5625
PHY-3002 : Step(21): len = 13013.7, overlap = 0.0625
PHY-3002 : Step(22): len = 13054.8, overlap = 0
PHY-3001 : Legalization ...
PHY-3001 : End legalization;  0.002354s wall, 0.000000s user + 0.000000s system = 0.000000s CPU (n/a%)

PHY-3001 : Run with size of 4
PHY-3001 : Cell area utilization is 3%
PHY-3001 : :::0::: Try harder cell spreading with beta_ = 0
PHY-3002 : Step(23): len = 11788.4, overlap = 5.34375
PHY-3002 : Step(24): len = 11788.4, overlap = 5.34375
PHY-3002 : Step(25): len = 11388.8, overlap = 5
PHY-3002 : Step(26): len = 11428.9, overlap = 5.09375
PHY-3002 : Step(27): len = 11476.4, overlap = 5.3125
PHY-3001 : Run with size of 2
PHY-3001 : Cell area utilization is 3%
PHY-3001 : :::0::: Try harder cell spreading with beta_ = 3.06197e-05
PHY-3002 : Step(28): len = 11944.7, overlap = 32.5625
PHY-3002 : Step(29): len = 12283.9, overlap = 32.5625
PHY-3002 : Step(30): len = 12758.5, overlap = 31.5
PHY-3001 : :::1::: Try harder cell spreading with beta_ = 6.12395e-05
PHY-3002 : Step(31): len = 12585, overlap = 30.4375
PHY-3002 : Step(32): len = 12711.9, overlap = 30.25
PHY-3002 : Step(33): len = 13362.3, overlap = 24.6875
PHY-3002 : Step(34): len = 13535.2, overlap = 23.2188
PHY-3002 : Step(35): len = 13430.3, overlap = 18.5312
PHY-3002 : Step(36): len = 13553, overlap = 19.0938
PHY-3002 : Step(37): len = 13608.3, overlap = 18.4688
PHY-3001 : :::2::: Try harder cell spreading with beta_ = 0.000122479
PHY-3002 : Step(38): len = 13079.9, overlap = 19.1562
PHY-3002 : Step(39): len = 13079.9, overlap = 19.1562
PHY-3002 : Step(40): len = 13118.7, overlap = 18.0625
OPT-1001 : Start physical optimization ...
OPT-1001 : Total overflow 42.44 peak overflow 3.78
OPT-1001 : Start high-fanout net optimization ...
OPT-1001 : Update timing in global mode
PHY-1001 : Start incremental global routing, caller is place ...
RUN-1001 : Generating global routing grids ...
RUN-1001 : Building simple global routing graph ...
PHY-1001 : Generate routing nets ...
PHY-1001 : Reuse net number 0/880.
PHY-1001 : Global iterations in 24 thread ...
PHY-1002 : len = 14392, over cnt = 71(0%), over = 247, worst = 14
PHY-1001 : End global iterations;  0.022849s wall, 0.015625s user + 0.000000s system = 0.015625s CPU (68.4%)

PHY-1001 : Congestion index: top1 = 23.43, top5 = 8.74, top10 = 4.86, top15 = 3.25.
PHY-1001 : End incremental global routing;  0.060931s wall, 0.031250s user + 0.015625s system = 0.046875s CPU (76.9%)

RUN-1002 : start command "start_timer -report"
TMR-5001 WARNING: No sdc constraints found while initiating timer.
TMR-2505 : Start building timing graph for model audio_speak.
TMR-2506 : Build timing graph completely. Port num: 22, tpin num: 3655, tnet num: 878, tinst num: 786, tnode num: 4773, tedge num: 5766.
TMR-2508 : Levelizing timing graph completed, there are 17 levels in total.
TMR-2501 : Timing graph initialized successfully.
OPT-1001 : End timing update;  0.108119s wall, 0.093750s user + 0.000000s system = 0.093750s CPU (86.7%)

OPT-1001 : 0 high-fanout net processed.
OPT-1001 : End high-fanout net optimization;  0.176840s wall, 0.140625s user + 0.031250s system = 0.171875s CPU (97.2%)

OPT-1001 : Current memory(MB): used = 165, reserve = 134, peak = 165.
OPT-1001 : End physical optimization;  0.182137s wall, 0.140625s user + 0.046875s system = 0.187500s CPU (102.9%)

PHY-3001 : Start packing ...
SYN-4007 : Packing 0 MUX to BLE ...
SYN-4008 : Packed 0 MUX and 0 SEQ to BLE.
SYN-4007 : Packing 392 LUT to BLE ...
SYN-4008 : Packed 392 LUT and 164 SEQ to BLE.
SYN-4003 : Packing 142 remaining SEQ's ...
SYN-4005 : Packed 92 SEQ with LUT/SLICE
SYN-4006 : 159 single LUT's are left
SYN-4006 : 50 single SEQ's are left
SYN-4011 : Packing model "audio_speak" (AL_USER_NORMAL) with 442/532 primitive instances ...
PHY-3001 : End packing;  0.017518s wall, 0.015625s user + 0.000000s system = 0.015625s CPU (89.2%)

PHY-1001 : Populate physical database on model audio_speak.
RUN-1001 : There are total 336 instances
RUN-1001 : 151 mslices, 151 lslices, 23 pads, 0 brams, 0 dsps
RUN-1001 : There are total 722 nets
RUN-1001 : 389 nets have 2 pins
RUN-1001 : 227 nets have [3 - 5] pins
RUN-1001 : 45 nets have [6 - 10] pins
RUN-1001 : 43 nets have [11 - 20] pins
RUN-1001 : 17 nets have [21 - 99] pins
RUN-1001 : 1 nets have 100+ pins
PHY-3001 : design contains 334 instances, 302 slices, 16 macros(56 instances: 34 mslices 22 lslices)
PHY-3001 : Cell area utilization is 4%
PHY-3001 : After packing: Len = 13470.6, Over = 27.25
PHY-3001 : Run with size of 2
PHY-3001 : Cell area utilization is 4%
PHY-3001 : :::0::: Try harder cell spreading with beta_ = 3.28457e-05
PHY-3002 : Step(41): len = 12859.9, overlap = 27.25
PHY-3002 : Step(42): len = 12931.6, overlap = 27.5
PHY-3002 : Step(43): len = 12943.5, overlap = 28
PHY-3002 : Step(44): len = 12799.4, overlap = 26.75
PHY-3002 : Step(45): len = 12812.7, overlap = 26.75
PHY-3001 : :::1::: Try harder cell spreading with beta_ = 6.56913e-05
PHY-3002 : Step(46): len = 12826, overlap = 25.5
PHY-3002 : Step(47): len = 12914.5, overlap = 25.75
PHY-3002 : Step(48): len = 12979.9, overlap = 25.25
PHY-3001 : :::2::: Try harder cell spreading with beta_ = 0.000131383
PHY-3002 : Step(49): len = 13242.5, overlap = 24.25
PHY-3002 : Step(50): len = 13385.5, overlap = 23.5
PHY-3002 : Step(51): len = 13449.6, overlap = 23.5
PHY-3001 : Legalization ...
PHY-3001 : End legalization;  0.061015s wall, 0.140625s user + 0.093750s system = 0.234375s CPU (384.1%)

PHY-3001 : Trial Legalized: Len = 23485.9
PHY-3001 : Run with size of 2
PHY-3001 : Cell area utilization is 4%
PHY-3001 : :::0::: Try harder cell spreading with beta_ = 0
PHY-3002 : Step(52): len = 17050.2, overlap = 7
PHY-3002 : Step(53): len = 14332.7, overlap = 18.5
PHY-3002 : Step(54): len = 13224.7, overlap = 26
PHY-3002 : Step(55): len = 12685.5, overlap = 28
PHY-3002 : Step(56): len = 12202.1, overlap = 29.75
PHY-3002 : Step(57): len = 12245.4, overlap = 29.75
PHY-3002 : Step(58): len = 11892.2, overlap = 34
PHY-3002 : Step(59): len = 11972.8, overlap = 35
PHY-3002 : Step(60): len = 11458.8, overlap = 35
PHY-3002 : Step(61): len = 11195.2, overlap = 36
PHY-3002 : Step(62): len = 11232.2, overlap = 34.75
PHY-3002 : Step(63): len = 11000.1, overlap = 39.25
PHY-3001 : :::1::: Try harder cell spreading with beta_ = 1.10537e-05
PHY-3002 : Step(64): len = 11262.1, overlap = 37.5
PHY-3002 : Step(65): len = 11431.5, overlap = 37
PHY-3002 : Step(66): len = 11950.7, overlap = 32.25
PHY-3002 : Step(67): len = 12171.3, overlap = 31.25
PHY-3002 : Step(68): len = 12128.6, overlap = 30.25
PHY-3002 : Step(69): len = 12142.8, overlap = 31.5
PHY-3002 : Step(70): len = 12049.2, overlap = 32.5
PHY-3001 : :::2::: Try harder cell spreading with beta_ = 2.21074e-05
PHY-3002 : Step(71): len = 12148.6, overlap = 31.5
PHY-3002 : Step(72): len = 12148.6, overlap = 31.5
PHY-3001 : Legalization ...
PHY-3001 : End legalization;  0.003878s wall, 0.000000s user + 0.000000s system = 0.000000s CPU (n/a%)

PHY-3001 : Legalized: Len = 21401.5, Over = 0
PHY-3001 : End spreading;  0.001996s wall, 0.000000s user + 0.000000s system = 0.000000s CPU (n/a%)

PHY-3001 : Final: Len = 21401.5, Over = 0
OPT-1001 : Start physical optimization ...
OPT-1001 : Total overflow 0.00 peak overflow 0.00
OPT-1001 : Start high-fanout net optimization ...
OPT-1001 : Update timing in global mode
PHY-1001 : Start incremental global routing, caller is place ...
RUN-1001 : Generating global routing grids ...
PHY-1001 : Generate routing nets ...
PHY-1001 : Reuse net number 15/722.
PHY-1001 : Global iterations in 24 thread ...
PHY-1002 : len = 24696, over cnt = 88(0%), over = 145, worst = 6
PHY-1002 : len = 25328, over cnt = 28(0%), over = 41, worst = 3
PHY-1002 : len = 25752, over cnt = 3(0%), over = 3, worst = 1
PHY-1002 : len = 25800, over cnt = 0(0%), over = 0, worst = 0
PHY-1001 : End global iterations;  0.035332s wall, 0.031250s user + 0.015625s system = 0.046875s CPU (132.7%)

PHY-1001 : Congestion index: top1 = 24.89, top5 = 15.05, top10 = 8.43, top15 = 5.72.
PHY-1001 : End incremental global routing;  0.066978s wall, 0.031250s user + 0.046875s system = 0.078125s CPU (116.6%)

RUN-1002 : start command "start_timer -report"
TMR-5001 WARNING: No sdc constraints found while initiating timer.
TMR-2505 : Start building timing graph for model audio_speak.
TMR-2506 : Build timing graph completely. Port num: 22, tpin num: 3102, tnet num: 720, tinst num: 334, tnode num: 3901, tedge num: 5134.
TMR-2508 : Levelizing timing graph completed, there are 17 levels in total.
TMR-2501 : Timing graph initialized successfully.
OPT-1001 : End timing update;  0.093833s wall, 0.093750s user + 0.000000s system = 0.093750s CPU (99.9%)

OPT-1001 : 0 high-fanout net processed.
OPT-1001 : End high-fanout net optimization;  0.168504s wall, 0.125000s user + 0.046875s system = 0.171875s CPU (102.0%)

OPT-1001 : Current memory(MB): used = 169, reserve = 137, peak = 169.
OPT-1001 : Update timing in Manhattan mode
OPT-1001 : End timing update;  0.000462s wall, 0.000000s user + 0.000000s system = 0.000000s CPU (n/a%)

OPT-1001 : Start pin optimization...
OPT-1001 : skip pin optimization...
RUN-1001 : Generating global routing grids ...
PHY-1001 : Generate routing nets ...
PHY-1001 : Reuse net number 605/722.
PHY-1001 : Global iterations in 24 thread ...
PHY-1002 : len = 25800, over cnt = 0(0%), over = 0, worst = 0
PHY-1001 : End global iterations;  0.001808s wall, 0.000000s user + 0.000000s system = 0.000000s CPU (n/a%)

PHY-1001 : Congestion index: top1 = 24.89, top5 = 15.05, top10 = 8.43, top15 = 5.72.
OPT-1001 : Update timing in Manhattan mode
OPT-1001 : End timing update;  0.000804s wall, 0.000000s user + 0.000000s system = 0.000000s CPU (n/a%)

RUN-1001 : QoR Analysis:
OPT-0007 :   WNS 2147483647 TNS 0 NUM_FEPS 0
RUN-1001 :   No local congestion issue, and most congested 1% tile average routing util is 24.551724
RUN-1001 :   Top critical paths
OPT-1001 : End physical optimization;  0.205559s wall, 0.187500s user + 0.046875s system = 0.234375s CPU (114.0%)

RUN-1003 : finish command "place" in  2.046281s wall, 3.031250s user + 2.296875s system = 5.328125s CPU (260.4%)

RUN-1004 : used memory is 146 MB, reserved memory is 114 MB, peak memory is 170 MB
RUN-1002 : start command "export_db ES8388_place.db"
RUN-1001 : Exported /
RUN-1001 : Exported flow parameters
RUN-1001 : Exported libs
RUN-1001 : Exported entities
RUN-1001 : Exported ports
RUN-1001 : Exported pins
RUN-1001 : Exported instances
RUN-1001 : Exported nets
RUN-1001 : Exported buses
RUN-1001 : Exported models
RUN-1001 : Exported congestions
RUN-1001 : Exported violations
RUN-1001 : Exported IO constraints
RUN-1001 : Exported Inst constraints
RUN-1002 : start command "route"
RUN-1001 : Open license file D:/TD/license/Anlogic.lic
RUN-1001 : Print Global Property
RUN-1001 : ---------------------------------------------------------------
RUN-1001 :        Parameters        |  Settings  |  Default Values  |  Note  
RUN-1001 : ---------------------------------------------------------------
RUN-1001 :          message         |  standard  |     standard     |        
RUN-1001 :   mixed_pack_place_flow  |     on     |        on        |        
RUN-1001 :        qor_monitor       |    off     |       off        |        
RUN-1001 :        syn_ip_flow       |    off     |       off        |        
RUN-1001 :          thread          |    auto    |       auto       |        
RUN-1001 : ---------------------------------------------------------------
RUN-1001 : Print Route Property
RUN-1001 : -------------------------------------------------------
RUN-1001 :    Parameters    |  Settings  |  Default Values  |  Note  
RUN-1001 : -------------------------------------------------------
RUN-1001 :      effort      |   medium   |      medium      |        
RUN-1001 :     fix_hold     |    off     |       off        |        
RUN-1001 :    opt_timing    |   medium   |      medium      |        
RUN-1001 :   phy_sim_model  |    off     |       off        |        
RUN-1001 :     priority     |   timing   |      timing      |        
RUN-1001 :     swap_pin     |     on     |        on        |        
RUN-1001 : -------------------------------------------------------
PHY-1001 : Route runs in 24 thread(s)
RUN-1001 : There are total 336 instances
RUN-1001 : 151 mslices, 151 lslices, 23 pads, 0 brams, 0 dsps
RUN-1001 : There are total 722 nets
RUN-1001 : 389 nets have 2 pins
RUN-1001 : 227 nets have [3 - 5] pins
RUN-1001 : 45 nets have [6 - 10] pins
RUN-1001 : 43 nets have [11 - 20] pins
RUN-1001 : 17 nets have [21 - 99] pins
RUN-1001 : 1 nets have 100+ pins
RUN-1002 : start command "start_timer -report"
TMR-5001 WARNING: No sdc constraints found while initiating timer.
TMR-2505 : Start building timing graph for model audio_speak.
TMR-2506 : Build timing graph completely. Port num: 22, tpin num: 3102, tnet num: 720, tinst num: 334, tnode num: 3901, tedge num: 5134.
TMR-2508 : Levelizing timing graph completed, there are 17 levels in total.
TMR-2501 : Timing graph initialized successfully.
PHY-1001 : 151 mslices, 151 lslices, 23 pads, 0 brams, 0 dsps
TMR-2503 : Start to update net delay, extr mode = 3.
TMR-2504 : Update delay of 720 nets completely.
TMR-2502 : Annotate delay completely, extr mode = 3.
TMR-3002 : No user constraint, initiate default constraint.
TMR-1501 : Assign derive clock DeriveClock to 384 clock pins, and constraint 795 relative nodes.
TMR-3003 : Constraints initiated successfully.
TMR-3501 : Forward propagation: start to calculate arrival time...
TMR-3502 : Backward propagation: start to calculate required time...
TMR-3503 : Timing propagation completes.
PHY-1001 : Start global routing, caller is route ...
RUN-1001 : Generating global routing grids ...
PHY-1001 : Generate routing nets ...
PHY-1001 : Global iterations in 24 thread ...
PHY-1002 : len = 24496, over cnt = 87(0%), over = 139, worst = 5
PHY-1002 : len = 25064, over cnt = 31(0%), over = 46, worst = 3
PHY-1002 : len = 25504, over cnt = 3(0%), over = 3, worst = 1
PHY-1002 : len = 25552, over cnt = 0(0%), over = 0, worst = 0
PHY-1001 : End global iterations;  0.048705s wall, 0.046875s user + 0.015625s system = 0.062500s CPU (128.3%)

PHY-1001 : Congestion index: top1 = 25.00, top5 = 14.95, top10 = 8.39, top15 = 5.65.
PHY-1001 : End global routing;  0.077812s wall, 0.078125s user + 0.015625s system = 0.093750s CPU (120.5%)

PHY-1001 : Start detail routing ...
PHY-1001 : Current memory(MB): used = 203, reserve = 172, peak = 224.
PHY-1001 : Detailed router is running in normal mode.
PHY-1001 : Generate detailed routing grids ...
PHY-1001 : Processed IO instance aud_dacdat_syn_4 with INV attribute.
PHY-1001 : Processed IO instance aud_dacdat_1_syn_4 with INV attribute.
PHY-1001 : Generate nets ...
PHY-1001 : clock net aud_bclk_syn_4 will be merged with clock aud_bclk_dup_1
PHY-1001 : clock net aud_bclk_1_syn_4 will be merged with clock aud_bclk_1_dup_1
PHY-1001 : net aud_mclk_dup_1 will be routed on clock mesh
PHY-1001 : net aud_mclk_1_dup_1 will be routed on clock mesh
PHY-1001 : clock net ilaclk_dup_1 will be merged with clock u_pll_clk/clk0_buf
PHY-1001 : clock net ilaclk_1_dup_1 will be merged with clock u1_pll_clk/clk0_buf
PHY-1001 : net sys_clk_dup_1 will be routed on clock mesh
PHY-1001 : clock net u1_es8388_ctrl/u_es8388_config/u_i2c_dri/dri_clk_syn_4 will be merged with clock u1_es8388_ctrl/u_es8388_config/u_i2c_dri/dri_clk
PHY-1001 : clock net u_es8388_ctrl/u_es8388_config/u_i2c_dri/dri_clk_syn_4 will be merged with clock u_es8388_ctrl/u_es8388_config/u_i2c_dri/dri_clk
PHY-1001 : Current memory(MB): used = 472, reserve = 445, peak = 472.
PHY-1001 : End build detailed router design. 2.457649s wall, 2.359375s user + 0.078125s system = 2.437500s CPU (99.2%)

PHY-1001 : Detail Route ...
PHY-1001 : ===== Detail Route Phase 1 =====
PHY-1001 : Clock net routing.....
PHY-1001 : Routed 1% nets.
PHY-1022 : len = 16400, over cnt = 0(0%), over = 0, worst = 0, crit = 0
PHY-1001 : End initial clock net routed; 1.596145s wall, 1.578125s user + 0.000000s system = 1.578125s CPU (98.9%)

PHY-1001 : Current memory(MB): used = 504, reserve = 478, peak = 504.
PHY-1001 : End phase 1; 1.600295s wall, 1.578125s user + 0.000000s system = 1.578125s CPU (98.6%)

PHY-1001 : ===== Detail Route Phase 2 =====
PHY-1001 : Initial routing.....
PHY-1001 : Routed 36% nets.
PHY-1001 : Routed 41% nets.
PHY-1001 : Routed 52% nets.
PHY-1001 : Routed 66% nets.
PHY-1001 : Routed 90% nets.
PHY-1022 : len = 110832, over cnt = 51(0%), over = 51, worst = 1, crit = 0
PHY-1001 : Current memory(MB): used = 504, reserve = 478, peak = 505.
PHY-1001 : End initial routed; 0.523664s wall, 0.609375s user + 0.078125s system = 0.687500s CPU (131.3%)

PHY-1001 : Current memory(MB): used = 504, reserve = 478, peak = 505.
PHY-1001 : End phase 2; 0.523745s wall, 0.609375s user + 0.078125s system = 0.687500s CPU (131.3%)

PHY-1001 : ===== Detail Route Phase 3 =====
PHY-1001 : Ripup-reroute.....
PHY-1001 : ===== DR Iter 1 =====
PHY-1022 : len = 110648, over cnt = 5(0%), over = 5, worst = 1, crit = 0
PHY-1001 : End DR Iter 1; 0.018451s wall, 0.015625s user + 0.015625s system = 0.031250s CPU (169.4%)

PHY-1001 : ===== DR Iter 2 =====
PHY-1022 : len = 110648, over cnt = 0(0%), over = 0, worst = 0, crit = 0
PHY-1001 : End DR Iter 2; 0.012828s wall, 0.000000s user + 0.000000s system = 0.000000s CPU (n/a%)

PHY-1001 : Commit to database.....
PHY-1001 : 12 feed throughs used by 12 nets
PHY-1001 : End commit to database; 0.070024s wall, 0.062500s user + 0.015625s system = 0.078125s CPU (111.6%)

PHY-1001 : Current memory(MB): used = 516, reserve = 490, peak = 516.
PHY-1001 : End phase 3; 0.189590s wall, 0.156250s user + 0.046875s system = 0.203125s CPU (107.1%)

PHY-1003 : Routed, final wirelength = 110648
PHY-1001 : Current memory(MB): used = 516, reserve = 490, peak = 516.
PHY-1001 : End export database. 0.005170s wall, 0.000000s user + 0.000000s system = 0.000000s CPU (n/a%)

PHY-1001 : End detail routing;  4.926440s wall, 4.843750s user + 0.203125s system = 5.046875s CPU (102.4%)

RUN-1003 : finish command "route" in  5.152163s wall, 5.062500s user + 0.218750s system = 5.281250s CPU (102.5%)

RUN-1004 : used memory is 441 MB, reserved memory is 416 MB, peak memory is 516 MB
RUN-1002 : start command "report_area -io_info -file ES8388_phy.area"
RUN-1001 : standard
***Report Model: audio_speak Device: EG4S20BG256***

IO Statistics
#IO                        23
  #input                   11
  #output                  10
  #inout                    2

Utilization Statistics
#lut                      526   out of  19600    2.68%
#reg                      306   out of  19600    1.56%
#le                       576
  #lut only               270   out of    576   46.88%
  #reg only                50   out of    576    8.68%
  #lut&reg                256   out of    576   44.44%
#dsp                        0   out of     29    0.00%
#bram                       0   out of     64    0.00%
  #bram9k                   0
  #fifo9k                   0
#bram32k                    0   out of     16    0.00%
#pad                       23   out of    188   12.23%
  #ireg                     4
  #oreg                     6
  #treg                     2
#pll                        2   out of      4   50.00%
#gclk                       6   out of     16   37.50%

Clock Resource Statistics
Index     ClockNet                                            Type               DriverType         Driver                                                           Fanout
#1        aud_bclk_1_dup_1                                    GCLK               io                 aud_bclk_1_syn_2.di                                              46
#2        aud_bclk_dup_1                                      GCLK               io                 aud_bclk_syn_2.di                                                44
#3        u_es8388_ctrl/u_es8388_config/u_i2c_dri/dri_clk     GCLK               mslice             u_es8388_ctrl/u_es8388_config/u_i2c_dri/dri_clk_reg_syn_9.q0     43
#4        u1_es8388_ctrl/u_es8388_config/u_i2c_dri/dri_clk    GCLK               mslice             u1_es8388_ctrl/u_es8388_config/u_i2c_dri/dri_clk_reg_syn_9.q0    39
#5        sys_clk_dup_1                                       GCLK               io                 sys_clk_syn_2.di                                                 22
#6        aud_mclk_1_dup_1                                    GCLK               pll                u1_pll_clk/pll_inst.clkc1                                        0
#7        aud_mclk_dup_1                                      GCLK               pll                u_pll_clk/pll_inst.clkc1                                         0
#8        u1_pll_clk/clk0_buf                                 GCLK               pll                u1_pll_clk/pll_inst.clkc0                                        0
#9        u_pll_clk/clk0_buf                                  GCLK               pll                u_pll_clk/pll_inst.clkc0                                         0


Detailed IO Report

      Name        Direction    Location    IOStandard    DriveStrength    PullType     PackReg   
   aud_adcdat       INPUT        R14        LVCMOS25          N/A          PULLUP       IREG     
  aud_adcdat_1      INPUT         F7        LVCMOS25          N/A          PULLUP       IREG     
    aud_bclk        INPUT         M6        LVCMOS25          N/A          PULLUP       NONE     
   aud_bclk_1       INPUT         C4        LVCMOS25          N/A          PULLUP       NONE     
    aud_lrc         INPUT         M7        LVCMOS25          N/A          PULLUP       IREG     
   aud_lrc_1        INPUT         D6        LVCMOS25          N/A          PULLUP       IREG     
    sys_clk         INPUT         R7        LVCMOS25          N/A          PULLUP       NONE     
   sys_rst_n        INPUT         E3        LVCMOS25          N/A          PULLUP       NONE     
  sys_rst_n_1       INPUT        H16        LVCMOS25          N/A           N/A         NONE     
   volume[1]        INPUT        B10        LVCMOS25          N/A          PULLUP       NONE     
   volume[0]        INPUT        A10        LVCMOS25          N/A          PULLUP       NONE     
   aud_dacdat      OUTPUT         P6        LVCMOS25           8            NONE        OREG     
  aud_dacdat_1     OUTPUT         C5        LVCMOS25           8            NONE        OREG     
    aud_mclk       OUTPUT         N5        LVCMOS25           8            NONE        NONE     
   aud_mclk_1      OUTPUT         B3        LVCMOS25           8            NONE        NONE     
    aud_scl        OUTPUT        R12        LVCMOS25           8            NONE        OREG     
   aud_scl_1       OUTPUT         B2        LVCMOS25           8            NONE        OREG     
     ilaclk        OUTPUT         T5        LVCMOS25           8            NONE        NONE     
    ilaclk_1       OUTPUT         D3        LVCMOS25           8            NONE        NONE     
      led          OUTPUT        B14        LVCMOS25           8            NONE        NONE     
     led_1         OUTPUT        B15        LVCMOS25           8            NONE        NONE     
    aud_sda         INOUT         R9        LVCMOS25           8           PULLUP     OREG;TREG  
   aud_sda_1        INOUT         B1        LVCMOS25           8           PULLUP     OREG;TREG  

Report Hierarchy Area:
+----------------------------------------------------------------------------------------+
|Instance            |Module        |le     |lut     |ripple  |seq     |bram    |dsp     |
+----------------------------------------------------------------------------------------+
|top                 |audio_speak   |576    |470     |56      |318     |0       |0       |
|  u1_es8388_ctrl    |es8388_ctrl   |273    |226     |25      |145     |0       |0       |
|    u_audio_receive |audio_receive |78     |48      |12      |53      |0       |0       |
|    u_audio_send    |audio_send    |24     |24      |0       |24      |0       |0       |
|    u_es8388_config |es8388_config |171    |154     |13      |68      |0       |0       |
|      u_i2c_dri     |i2c_dri       |111    |104     |5       |41      |0       |0       |
|      u_i2c_reg_cfg |i2c_reg_cfg   |60     |50      |8       |27      |0       |0       |
|  u1_pll_clk        |clk_wiz_0     |1      |1       |0       |0       |0       |0       |
|  u_es8388_ctrl     |es8388_ctrl   |277    |236     |25      |145     |0       |0       |
|    u_audio_receive |audio_receive |78     |53      |12      |58      |0       |0       |
|    u_audio_send    |audio_send    |20     |20      |0       |19      |0       |0       |
|    u_es8388_config |es8388_config |179    |163     |13      |68      |0       |0       |
|      u_i2c_dri     |i2c_dri       |117    |110     |5       |41      |0       |0       |
|      u_i2c_reg_cfg |i2c_reg_cfg   |62     |53      |8       |27      |0       |0       |
|  u_pll_clk         |clk_wiz_0     |1      |1       |0       |0       |0       |0       |
+----------------------------------------------------------------------------------------+


DataNet Average Fanout:

   Index     Fanout    Nets  
    #1         1       364   
    #2         2       153   
    #3         3        51   
    #4         4        21   
    #5        5-10      48   
    #6       11-50      49   
    #7       51-100     2    
  Average     3.14           

RUN-1002 : start command "export_db ES8388_pr.db"
RUN-1001 : Exported /
RUN-1001 : Exported flow parameters
RUN-1001 : Exported libs
RUN-1001 : Exported entities
RUN-1001 : Exported ports
RUN-1001 : Exported pins
RUN-1001 : Exported instances
RUN-1001 : Exported nets
RUN-1001 : Exported buses
RUN-1001 : Exported models
RUN-1001 : Exported congestions
RUN-1001 : Exported violations
RUN-1001 : Exported IO constraints
RUN-1001 : Exported Inst constraints
RUN-1002 : start command "export_bid ES8388_inst.bid"
RUN-1002 : start command "bitgen -bit ES8388.bit -unused_io_status pulldown"
BIT-1003 : Start to generate bitstream. 
BIT-1002 : Bitgen processed 165 unused pads, reserve input tri_state with pulldown
BIT-1002 : Init instances with 24 threads.
BIT-1002 : Init instances completely, inst num: 499
BIT-1002 : Init pips with 24 threads.
BIT-1002 : Init pips completely, net num: 722, pip num: 7496
BIT-1002 : Init feedthrough with 24 threads.
BIT-1002 : Init feedthrough completely, num: 12
BIT-1003 : Multithreading accelaration with 24 threads.
BIT-1003 : Generate bitstream completely, there are 1280 valid insts, and 20887 bits set as '1'.
BIT-1004 : PLL setting string = 0110
BIT-1004 : Generate bits file ES8388.bit.
RUN-1003 : finish command "bitgen -bit ES8388.bit -unused_io_status pulldown" in  1.130304s wall, 13.046875s user + 1.000000s system = 14.046875s CPU (1242.8%)

RUN-1004 : used memory is 446 MB, reserved memory is 425 MB, peak memory is 680 MB
RUN-1002 : start command "backup_run_log run.log ../.logs/phy_1/td_20251016_120828.log"
