============================================================
   Tang Dynasty, V5.6.71036
      Copyright (c) 2012-2023 Anlogic Inc.
   Executable = E:/Software/Anlogic/TD5.6.2/bin/td.exe
   Built at =   20:34:38 Mar 21 2023
   Run by =     Lviva
   Run Date =   Sat Oct 25 19:00:27 2025

   Run on =     VIVACIOUS
============================================================
RUN-1002 : start command "open_project ES8388.prj"
RUN-1001 : Print Global Property
RUN-1001 : ---------------------------------------------------------------
RUN-1001 :        Parameters        |  Settings  |  Default Values  |  Note  
RUN-1001 : ---------------------------------------------------------------
RUN-1001 :          message         |  standard  |     standard     |        
RUN-1001 :   mixed_pack_place_flow  |     on     |        on        |        
RUN-1001 :        qor_monitor       |    off     |       off        |        
RUN-1001 :        syn_ip_flow       |    off     |       off        |        
RUN-1001 :          thread          |    auto    |       auto       |        
RUN-1001 : ---------------------------------------------------------------
RUN-1001 : Print Design Property
RUN-1001 : --------------------------------------------------------------
RUN-1001 :        Parameters       |  Settings  |  Default Values  |  Note  
RUN-1001 : --------------------------------------------------------------
RUN-1001 :   default_reg_initial   |    auto    |       auto       |        
RUN-1001 :        infer_add        |     on     |        on        |        
RUN-1001 :        infer_fsm        |    off     |       off        |        
RUN-1001 :        infer_mult       |     on     |        on        |        
RUN-1001 :        infer_ram        |     on     |        on        |        
RUN-1001 :        infer_reg        |     on     |        on        |        
RUN-1001 :   infer_reg_init_value  |     on     |        on        |        
RUN-1001 :        infer_rom        |     on     |        on        |        
RUN-1001 :      infer_shifter      |     on     |        on        |        
RUN-1001 : --------------------------------------------------------------
RUN-1001 : Print Rtl Property
RUN-1001 : --------------------------------------------------------------
RUN-1001 :        Parameters       |  Settings  |  Default Values  |  Note  
RUN-1001 : --------------------------------------------------------------
RUN-1001 :       compress_add      |   ripple   |      ripple      |        
RUN-1001 :        elf_sload        |    off     |       off        |        
RUN-1001 :       fix_undriven      |     0      |        0         |        
RUN-1001 :         flatten         |    off     |       off        |        
RUN-1001 :       gate_sharing      |     on     |        on        |        
RUN-1001 :    hdl_warning_level    |   normal   |      normal      |        
RUN-1001 :   impl_internal_tribuf  |     on     |        on        |        
RUN-1001 :      impl_set_reset     |     on     |        on        |        
RUN-1001 :        infer_gsr        |    off     |       off        |        
RUN-1001 :      keep_hierarchy     |    auto    |       auto       |        
RUN-1001 :        max_fanout       |    9999    |       9999       |        
RUN-1001 :      max_oh2bin_len     |     10     |        10        |        
RUN-1001 :       merge_equal       |     on     |        on        |        
RUN-1001 :       merge_equiv       |     on     |        on        |        
RUN-1001 :        merge_mux        |    off     |       off        |        
RUN-1001 :     min_control_set     |     8      |        8         |        
RUN-1001 :      min_ripple_len     |    auto    |       auto       |        
RUN-1001 :       oh2bin_ratio      |    0.08    |       0.08       |        
RUN-1001 :     opt_adder_fanout    |     on     |        on        |        
RUN-1001 :        opt_arith        |     on     |        on        |        
RUN-1001 :       opt_big_gate      |    off     |       off        |        
RUN-1001 :        opt_const        |     on     |        on        |        
RUN-1001 :      opt_const_mult     |     on     |        on        |        
RUN-1001 :       opt_lessthan      |     on     |        on        |        
RUN-1001 :         opt_mux         |    off     |       off        |        
RUN-1001 :         opt_ram         |    high    |       high       |        
RUN-1001 :      rtl_sim_model      |    off     |       off        |        
RUN-1001 :         seq_syn         |     on     |        on        |        
RUN-1001 : --------------------------------------------------------------
HDL-1007 : analyze verilog file ../../al_ip/clk_wiz_0.v
HDL-1007 : undeclared symbol 'open', assumed default net type 'wire' in ../../al_ip/clk_wiz_0.v(80)
HDL-1007 : analyze verilog file ../../../RTL/audio_receive.v
HDL-1007 : analyze verilog file ../../../RTL/audio_send.v
HDL-1007 : analyze verilog file ../../../RTL/audio_speak.v
HDL-1007 : analyze verilog file ../../../RTL/es8388_config.v
HDL-1007 : analyze verilog file ../../../RTL/es8388_ctrl.v
HDL-1007 : analyze verilog file ../../../RTL/i2c_dri.v
HDL-1007 : analyze verilog file ../../../RTL/i2c_reg_cfg.v
HDL-1007 : analyze verilog file ../../../RTL/spar_4mic_localization.v
RUN-1001 : Project manager successfully analyzed 9 source files.
RUN-1002 : start command "import_device eagle_s20.db -package EG4S20BG256"
ARC-1001 : Device Initialization.
ARC-1001 : ------------------------------------------------------------------
ARC-1001 :            OPTION            |          IO          |   SETTING   
ARC-1001 : ------------------------------------------------------------------
ARC-1001 :   cso_b/cclk/mosi/miso/dout  |  T3/R11/T10/P10/S11  |    gpio    
ARC-1001 :             done             |         P13          |    gpio    
ARC-1001 :           program_b          |          T2          |  dedicate  
ARC-1001 :        tdi/tms/tck/tdo       |   C12/A15/C14/E14    |  dedicate  
ARC-1001 : ------------------------------------------------------------------
ARC-1004 : Device setting, marked 5 dedicate IOs in total.
RUN-1002 : start command "import_db ../syn_1/ES8388_gate.db"
RUN-1001 : Importing database generated by Tang Dynasty, V5.6.71036.
RUN-1001 : Database version number 46146.
RUN-1001 : Import flow parameters
RUN-1001 : Import IO constraints
RUN-1001 : Import Inst constraints
RUN-1001 : Import design success TD_VERSION=5.6.71036 , DB_VERSION=46146
RUN-1002 : start command "place"
RUN-1001 : Open license file E:/Software/Anlogic/TD5.6.2/license/Anlogic.lic
RUN-1001 : Print Global Property
RUN-1001 : ---------------------------------------------------------------
RUN-1001 :        Parameters        |  Settings  |  Default Values  |  Note  
RUN-1001 : ---------------------------------------------------------------
RUN-1001 :          message         |  standard  |     standard     |        
RUN-1001 :   mixed_pack_place_flow  |     on     |        on        |        
RUN-1001 :        qor_monitor       |    off     |       off        |        
RUN-1001 :        syn_ip_flow       |    off     |       off        |        
RUN-1001 :          thread          |    auto    |       auto       |        
RUN-1001 : ---------------------------------------------------------------
RUN-1001 : Print Place Property
RUN-1001 : --------------------------------------------------------------
RUN-1001 :        Parameters       |  Settings  |  Default Values  |  Note  
RUN-1001 : --------------------------------------------------------------
RUN-1001 :      detailed_place     |     on     |        on        |        
RUN-1001 :          effort         |   medium   |      medium      |        
RUN-1001 :         fix_hold        |    off     |       off        |        
RUN-1001 :       legalization      |    ori     |       ori        |        
RUN-1001 :      new_spreading      |     on     |        on        |        
RUN-1001 :        opt_timing       |   medium   |      medium      |        
RUN-1001 :   post_clock_route_opt  |    off     |       off        |        
RUN-1001 :       pr_strategy       |     1      |        1         |        
RUN-1001 :        relaxation       |    1.00    |       1.00       |        
RUN-1001 :         retiming        |    off     |       off        |        
RUN-1001 : --------------------------------------------------------------
PHY-3001 : Placer runs in 16 thread(s).
RUN-1002 : start command "legalize_phy_inst"
SYN-1011 : Flatten model audio_speak
RUN-1002 : start command "phys_opt -simplify_lut"
SYN-4016 : Net ilaclk_1_dup_1 driven by BUFG (0 clock/control pins, 2 other pins).
SYN-4016 : Net ilaclk_2_dup_1 driven by BUFG (0 clock/control pins, 2 other pins).
SYN-4016 : Net ilaclk_3_dup_1 driven by BUFG (0 clock/control pins, 2 other pins).
SYN-4016 : Net ilaclk_dup_1 driven by BUFG (0 clock/control pins, 2 other pins).
SYN-4027 : Net aud_mclk_1_dup_1 is clkc1 of pll u1_pll_clk/pll_inst.
SYN-4019 : Net sys_clk_dup_1 is refclk of pll u1_pll_clk/pll_inst.
SYN-4020 : Net sys_clk_dup_1 is fbclk of pll u1_pll_clk/pll_inst.
SYN-4027 : Net aud_mclk_2_dup_1 is clkc1 of pll u2_pll_clk/pll_inst.
SYN-4019 : Net sys_clk_dup_1 is refclk of pll u2_pll_clk/pll_inst.
SYN-4020 : Net sys_clk_dup_1 is fbclk of pll u2_pll_clk/pll_inst.
SYN-4027 : Net aud_mclk_3_dup_1 is clkc1 of pll u3_pll_clk/pll_inst.
SYN-4019 : Net sys_clk_dup_1 is refclk of pll u3_pll_clk/pll_inst.
SYN-4020 : Net sys_clk_dup_1 is fbclk of pll u3_pll_clk/pll_inst.
SYN-4027 : Net aud_mclk_dup_1 is clkc1 of pll u_pll_clk/pll_inst.
SYN-4019 : Net sys_clk_dup_1 is refclk of pll u_pll_clk/pll_inst.
SYN-4020 : Net sys_clk_dup_1 is fbclk of pll u_pll_clk/pll_inst.
SYN-4024 : Net "aud_bclk_dup_1" drives clk pins.
SYN-4024 : Net "aud_bclk_1_dup_1" drives clk pins.
SYN-4024 : Net "aud_bclk_2_dup_1" drives clk pins.
SYN-4024 : Net "aud_bclk_3_dup_1" drives clk pins.
SYN-4024 : Net "u1_es8388_ctrl/u_es8388_config/u_i2c_dri/dri_clk" drives clk pins.
SYN-4024 : Net "u2_es8388_ctrl/u_es8388_config/u_i2c_dri/dri_clk" drives clk pins.
SYN-4024 : Net "u3_es8388_ctrl/u_es8388_config/u_i2c_dri/dri_clk" drives clk pins.
SYN-7503 WARNING: Net "u_es8388_ctrl/u_es8388_config/u_i2c_dri/dri_clk" drives clk pins. However it will not be tagged as clk net, for there's no more slots.
SYN-4025 : Tag rtl::Net aud_bclk_1_dup_1 as clock net
SYN-4025 : Tag rtl::Net aud_bclk_2_dup_1 as clock net
SYN-4025 : Tag rtl::Net aud_bclk_3_dup_1 as clock net
SYN-4025 : Tag rtl::Net aud_bclk_dup_1 as clock net
SYN-4025 : Tag rtl::Net aud_mclk_1_dup_1 as clock net
SYN-4025 : Tag rtl::Net aud_mclk_2_dup_1 as clock net
SYN-4025 : Tag rtl::Net aud_mclk_3_dup_1 as clock net
SYN-4025 : Tag rtl::Net aud_mclk_dup_1 as clock net
SYN-4025 : Tag rtl::Net ilaclk_1_dup_1 as clock net
SYN-4025 : Tag rtl::Net ilaclk_2_dup_1 as clock net
SYN-4025 : Tag rtl::Net ilaclk_3_dup_1 as clock net
SYN-4025 : Tag rtl::Net ilaclk_dup_1 as clock net
SYN-4025 : Tag rtl::Net sys_clk_dup_1 as clock net
SYN-4025 : Tag rtl::Net u1_es8388_ctrl/u_es8388_config/u_i2c_dri/dri_clk as clock net
SYN-4025 : Tag rtl::Net u2_es8388_ctrl/u_es8388_config/u_i2c_dri/dri_clk as clock net
SYN-4025 : Tag rtl::Net u3_es8388_ctrl/u_es8388_config/u_i2c_dri/dri_clk as clock net
SYN-4026 : Tagged 16 rtl::Net as clock net
SYN-4015 : Create BUFG instance for clk Net aud_bclk_1_dup_1 to drive 80 clock pins.
SYN-4015 : Create BUFG instance for clk Net aud_bclk_2_dup_1 to drive 80 clock pins.
SYN-4015 : Create BUFG instance for clk Net aud_bclk_3_dup_1 to drive 80 clock pins.
SYN-4015 : Create BUFG instance for clk Net aud_bclk_dup_1 to drive 80 clock pins.
SYN-4015 : Create BUFG instance for clk Net u1_es8388_ctrl/u_es8388_config/u_i2c_dri/dri_clk to drive 59 clock pins.
SYN-4015 : Create BUFG instance for clk Net u2_es8388_ctrl/u_es8388_config/u_i2c_dri/dri_clk to drive 59 clock pins.
SYN-4015 : Create BUFG instance for clk Net u3_es8388_ctrl/u_es8388_config/u_i2c_dri/dri_clk to drive 59 clock pins.
PHY-1001 : Populate physical database on model audio_speak.
RUN-1001 : There are total 3889 instances
RUN-0007 : 1870 luts, 1080 seqs, 565 mslices, 306 lslices, 50 pads, 0 brams, 0 dsps
RUN-1001 : There are total 5287 nets
RUN-1001 : 3183 nets have 2 pins
RUN-1001 : 1652 nets have [3 - 5] pins
RUN-1001 : 314 nets have [6 - 10] pins
RUN-1001 : 76 nets have [11 - 20] pins
RUN-1001 : 48 nets have [21 - 99] pins
RUN-1001 : 14 nets have 100+ pins
RUN-1001 : Report Control nets information:
RUN-1001 : DFF Distribution
RUN-1001 : ----------------------------------
RUN-1001 :   CE   |  SSR  |  ASR  |  DFF Count  
RUN-1001 : ----------------------------------
RUN-1001 :   No   |  No   |  No   |      0      
RUN-1001 :   No   |  No   |  Yes  |     656     
RUN-1001 :   No   |  Yes  |  No   |      0      
RUN-1001 :   Yes  |  No   |  No   |      0      
RUN-1001 :   Yes  |  No   |  Yes  |     392     
RUN-1001 :   Yes  |  Yes  |  No   |     32      
RUN-1001 : ----------------------------------
RUN-0007 : Control Group Statistic
RUN-0007 : ---------------------------
RUN-0007 :   #CLK  |  #CE  |  #SSR/ASR  
RUN-0007 : ---------------------------
RUN-0007 :    9    |  22   |     9      
RUN-0007 : ---------------------------
RUN-0007 : Control Set = 34
PHY-3001 : Initial placement ...
PHY-3001 : design contains 3887 instances, 1870 luts, 1080 seqs, 871 slices, 190 macros(871 instances: 565 mslices 306 lslices)
PHY-0007 : Cell area utilization is 18%
PHY-3001 : Global placement ...
PHY-3001 : Initial: Len = 1.22093e+06
PHY-3001 : Clustering ...
PHY-3001 : Level 0 #clusters 3887.
PHY-3001 : End clustering;  0.000041s wall, 0.000000s user + 0.000000s system = 0.000000s CPU (n/a%)

PHY-3001 : Run with size of 4
PHY-3001 : Cell area utilization is 18%
PHY-3001 : :::0::: Try harder cell spreading with beta_ = 0
PHY-3002 : Step(1): len = 700739, overlap = 0
PHY-3002 : Step(2): len = 447881, overlap = 3.8125
PHY-3002 : Step(3): len = 310879, overlap = 24.6875
PHY-3002 : Step(4): len = 229424, overlap = 52.7188
PHY-3002 : Step(5): len = 183693, overlap = 66.875
PHY-3002 : Step(6): len = 151342, overlap = 81.8438
PHY-3002 : Step(7): len = 134614, overlap = 93.25
PHY-3002 : Step(8): len = 124066, overlap = 123.531
PHY-3002 : Step(9): len = 113561, overlap = 139.469
PHY-3002 : Step(10): len = 101705, overlap = 163.094
PHY-3002 : Step(11): len = 95153.1, overlap = 193.125
PHY-3002 : Step(12): len = 92764, overlap = 208.219
PHY-3001 : :::1::: Try harder cell spreading with beta_ = 5.47137e-06
PHY-3002 : Step(13): len = 106473, overlap = 107.906
PHY-3002 : Step(14): len = 113946, overlap = 89.375
PHY-3002 : Step(15): len = 108194, overlap = 76.7812
PHY-3002 : Step(16): len = 99664.7, overlap = 80.2188
PHY-3002 : Step(17): len = 96760.3, overlap = 80.9375
PHY-3002 : Step(18): len = 96613.1, overlap = 81.4375
PHY-3002 : Step(19): len = 95002, overlap = 70.6562
PHY-3002 : Step(20): len = 92979.3, overlap = 67.6562
PHY-3002 : Step(21): len = 93884, overlap = 64.6875
PHY-3002 : Step(22): len = 93189.6, overlap = 65.7188
PHY-3002 : Step(23): len = 92964, overlap = 63.1562
PHY-3002 : Step(24): len = 89593.1, overlap = 57.2812
PHY-3002 : Step(25): len = 90201.8, overlap = 58.7188
PHY-3002 : Step(26): len = 87653.4, overlap = 52.9062
PHY-3002 : Step(27): len = 82185, overlap = 35.9375
PHY-3002 : Step(28): len = 82707.9, overlap = 36.2188
PHY-3002 : Step(29): len = 80873.2, overlap = 35.4375
PHY-3002 : Step(30): len = 79194.3, overlap = 43.4688
PHY-3002 : Step(31): len = 78537.3, overlap = 47.625
PHY-3002 : Step(32): len = 78502.7, overlap = 52.0312
PHY-3002 : Step(33): len = 75743, overlap = 67.7188
PHY-3002 : Step(34): len = 73375.3, overlap = 77.0938
PHY-3002 : Step(35): len = 73082, overlap = 82.7812
PHY-3002 : Step(36): len = 72840.3, overlap = 94.0625
PHY-3002 : Step(37): len = 70136.5, overlap = 95.7812
PHY-3002 : Step(38): len = 69591.5, overlap = 91.5625
PHY-3002 : Step(39): len = 69331.2, overlap = 95.25
PHY-3002 : Step(40): len = 68594.5, overlap = 99.9062
PHY-3001 : :::2::: Try harder cell spreading with beta_ = 1.09427e-05
PHY-3002 : Step(41): len = 67987.1, overlap = 92.375
PHY-3002 : Step(42): len = 68852.6, overlap = 87.3125
PHY-3002 : Step(43): len = 69911.2, overlap = 85.4062
PHY-3001 : :::3::: Try harder cell spreading with beta_ = 2.18855e-05
PHY-3002 : Step(44): len = 69063.7, overlap = 86.2812
PHY-3002 : Step(45): len = 69665.8, overlap = 84.4688
PHY-3002 : Step(46): len = 70849.7, overlap = 76.6562
PHY-3001 : :::4::: Try harder cell spreading with beta_ = 4.3771e-05
PHY-3002 : Step(47): len = 72115, overlap = 75.6562
PHY-3002 : Step(48): len = 72893, overlap = 73.4062
PHY-3002 : Step(49): len = 75684.1, overlap = 55.6875
PHY-3002 : Step(50): len = 76774.7, overlap = 44.7188
PHY-3002 : Step(51): len = 74847.1, overlap = 35.1562
PHY-3002 : Step(52): len = 73219.9, overlap = 32.4375
PHY-3002 : Step(53): len = 72380.4, overlap = 33.25
PHY-3001 : Legalization ...
PHY-3001 : End legalization;  0.002164s wall, 0.000000s user + 0.000000s system = 0.000000s CPU (n/a%)

PHY-3001 : Run with size of 4
PHY-3001 : Cell area utilization is 23%
PHY-3001 : :::0::: Try harder cell spreading with beta_ = 1.8095e-06
PHY-3002 : Step(54): len = 70107, overlap = 111.75
PHY-3002 : Step(55): len = 70215.5, overlap = 113.75
PHY-3002 : Step(56): len = 68765.5, overlap = 127.375
PHY-3002 : Step(57): len = 68065.2, overlap = 129.562
PHY-3002 : Step(58): len = 65367.9, overlap = 132.688
PHY-3002 : Step(59): len = 64427.8, overlap = 134.281
PHY-3002 : Step(60): len = 64371.5, overlap = 134.75
PHY-3001 : :::1::: Try harder cell spreading with beta_ = 3.61901e-06
PHY-3002 : Step(61): len = 64856.3, overlap = 135.375
PHY-3002 : Step(62): len = 64856.3, overlap = 135.375
PHY-3001 : :::2::: Try harder cell spreading with beta_ = 7.23801e-06
PHY-3002 : Step(63): len = 65545.7, overlap = 134.031
PHY-3002 : Step(64): len = 65977.7, overlap = 134.344
PHY-3001 : :::3::: Try harder cell spreading with beta_ = 1.4476e-05
PHY-3002 : Step(65): len = 69166.8, overlap = 131.25
PHY-3002 : Step(66): len = 70118.2, overlap = 129.875
PHY-3002 : Step(67): len = 75052.3, overlap = 121.75
PHY-3002 : Step(68): len = 75912.5, overlap = 121.219
PHY-3002 : Step(69): len = 73074.5, overlap = 125.031
PHY-3002 : Step(70): len = 72835.4, overlap = 120.844
PHY-3002 : Step(71): len = 71889.8, overlap = 123.281
PHY-3002 : Step(72): len = 71835.5, overlap = 119.531
PHY-3002 : Step(73): len = 71690.8, overlap = 110.156
PHY-3001 : :::4::: Try harder cell spreading with beta_ = 2.89521e-05
PHY-3002 : Step(74): len = 73131.8, overlap = 100.688
PHY-3002 : Step(75): len = 74300.3, overlap = 93.5
PHY-3002 : Step(76): len = 76318.8, overlap = 95.7188
PHY-3001 : Run with size of 2
PHY-3001 : Cell area utilization is 23%
PHY-3001 : :::0::: Try harder cell spreading with beta_ = 1.02346e-05
PHY-3002 : Step(77): len = 75586.6, overlap = 245.469
PHY-3002 : Step(78): len = 75775.8, overlap = 240.469
PHY-3002 : Step(79): len = 77087.9, overlap = 227.062
PHY-3002 : Step(80): len = 78259, overlap = 219.25
PHY-3002 : Step(81): len = 77682.5, overlap = 210.094
PHY-3002 : Step(82): len = 76466.5, overlap = 206.812
PHY-3002 : Step(83): len = 75795, overlap = 207
PHY-3002 : Step(84): len = 76035.4, overlap = 205.688
PHY-3002 : Step(85): len = 74354.1, overlap = 203.312
PHY-3002 : Step(86): len = 73753.3, overlap = 208.438
PHY-3002 : Step(87): len = 73759.3, overlap = 205.094
PHY-3001 : :::1::: Try harder cell spreading with beta_ = 2.04693e-05
PHY-3002 : Step(88): len = 74827.5, overlap = 192.156
PHY-3002 : Step(89): len = 75224.5, overlap = 190.656
PHY-3002 : Step(90): len = 76659.5, overlap = 177.281
PHY-3001 : :::2::: Try harder cell spreading with beta_ = 4.09385e-05
PHY-3002 : Step(91): len = 80191.1, overlap = 152.531
PHY-3002 : Step(92): len = 81522, overlap = 147.25
PHY-3002 : Step(93): len = 85550.1, overlap = 129.062
PHY-3002 : Step(94): len = 86844.9, overlap = 121.219
PHY-3002 : Step(95): len = 86415.8, overlap = 116.969
PHY-3001 : :::3::: Try harder cell spreading with beta_ = 8.1877e-05
PHY-3002 : Step(96): len = 86988.2, overlap = 111.688
PHY-3002 : Step(97): len = 87273.6, overlap = 108.25
PHY-3002 : Step(98): len = 88314.3, overlap = 104.688
PHY-3002 : Step(99): len = 89247.4, overlap = 103
PHY-3002 : Step(100): len = 89002.9, overlap = 108.469
PHY-3001 : :::4::: Try harder cell spreading with beta_ = 0.000163754
PHY-3002 : Step(101): len = 90058.9, overlap = 102.25
PHY-3002 : Step(102): len = 90242.7, overlap = 98.7188
PHY-3002 : Step(103): len = 91216.2, overlap = 94.875
PHY-3002 : Step(104): len = 91857, overlap = 95.75
PHY-3001 : :::5::: Try harder cell spreading with beta_ = 0.000327508
PHY-3002 : Step(105): len = 92636.8, overlap = 91.2812
PHY-3002 : Step(106): len = 93606.2, overlap = 90.0938
PHY-3002 : Step(107): len = 94890.8, overlap = 91
PHY-3002 : Step(108): len = 95445.7, overlap = 90.125
PHY-3002 : Step(109): len = 95651.2, overlap = 88
PHY-3002 : Step(110): len = 95677.9, overlap = 86.4062
PHY-3002 : Step(111): len = 95512.8, overlap = 86.625
OPT-1001 : Start physical optimization ...
OPT-1001 : Total overflow 291.97 peak overflow 4.78
OPT-1001 : Start high-fanout net optimization ...
OPT-1001 : Update timing in global mode
PHY-1001 : Start incremental global routing, caller is place ...
RUN-1001 : Generating global routing grids ...
RUN-1001 : Building simple global routing graph ...
PHY-1001 : Generate routing nets ...
PHY-1001 : Reuse net number 0/5287.
PHY-1001 : Global iterations in 16 thread ...
PHY-1002 : len = 114976, over cnt = 567(1%), over = 2439, worst = 25
PHY-1001 : End global iterations;  0.134012s wall, 0.250000s user + 0.046875s system = 0.296875s CPU (221.5%)

PHY-1001 : Congestion index: top1 = 48.21, top5 = 34.67, top10 = 27.43, top15 = 22.56.
PHY-1001 : End incremental global routing;  0.202349s wall, 0.312500s user + 0.062500s system = 0.375000s CPU (185.3%)

RUN-1002 : start command "start_timer -report"
TMR-5001 WARNING: No sdc constraints found while initiating timer.
TMR-2505 : Start building timing graph for model audio_speak.
TMR-2506 : Build timing graph completely. Port num: 49, tpin num: 18863, tnet num: 4757, tinst num: 3887, tnode num: 22862, tedge num: 32063.
TMR-2508 : Levelizing timing graph completed, there are 143 levels in total.
TMR-2501 : Timing graph initialized successfully.
OPT-1001 : End timing update;  0.310087s wall, 0.296875s user + 0.000000s system = 0.296875s CPU (95.7%)

OPT-1001 : 0 high-fanout net processed.
OPT-1001 : End high-fanout net optimization;  0.565896s wall, 0.671875s user + 0.062500s system = 0.734375s CPU (129.8%)

OPT-1001 : Current memory(MB): used = 231, reserve = 200, peak = 231.
OPT-1001 : End physical optimization;  0.601842s wall, 0.828125s user + 0.171875s system = 1.000000s CPU (166.2%)

PHY-3001 : Start packing ...
SYN-4007 : Packing 0 MUX to BLE ...
SYN-4008 : Packed 0 MUX and 0 SEQ to BLE.
SYN-4007 : Packing 1870 LUT to BLE ...
SYN-4008 : Packed 1870 LUT and 788 SEQ to BLE.
SYN-4003 : Packing 292 remaining SEQ's ...
SYN-4005 : Packed 220 SEQ with LUT/SLICE
SYN-4006 : 913 single LUT's are left
SYN-4006 : 72 single SEQ's are left
SYN-4011 : Packing model "audio_speak" (AL_USER_NORMAL) with 1942/2881 primitive instances ...
PHY-3001 : End packing;  0.093709s wall, 0.093750s user + 0.000000s system = 0.093750s CPU (100.0%)

PHY-1001 : Populate physical database on model audio_speak.
RUN-1001 : There are total 1977 instances
RUN-1001 : 954 mslices, 955 lslices, 50 pads, 0 brams, 0 dsps
RUN-1001 : There are total 4515 nets
RUN-1001 : 2372 nets have 2 pins
RUN-1001 : 1688 nets have [3 - 5] pins
RUN-1001 : 315 nets have [6 - 10] pins
RUN-1001 : 84 nets have [11 - 20] pins
RUN-1001 : 46 nets have [21 - 99] pins
RUN-1001 : 10 nets have 100+ pins
PHY-3001 : design contains 1975 instances, 1909 slices, 190 macros(871 instances: 565 mslices 306 lslices)
PHY-3001 : Cell area utilization is 24%
PHY-3001 : After packing: Len = 94565.8, Over = 123.75
PHY-3001 : Run with size of 2
PHY-3001 : Cell area utilization is 24%
PHY-3001 : :::0::: Try harder cell spreading with beta_ = 1.64269e-05
PHY-3002 : Step(112): len = 88137.1, overlap = 134.25
PHY-3002 : Step(113): len = 88170.2, overlap = 136.25
PHY-3002 : Step(114): len = 83852.5, overlap = 148
PHY-3002 : Step(115): len = 82080.8, overlap = 151.25
PHY-3002 : Step(116): len = 82080.8, overlap = 151.25
PHY-3002 : Step(117): len = 81856.9, overlap = 156.5
PHY-3001 : :::1::: Try harder cell spreading with beta_ = 3.28538e-05
PHY-3002 : Step(118): len = 85015.5, overlap = 138.5
PHY-3002 : Step(119): len = 85394.2, overlap = 137
PHY-3002 : Step(120): len = 86286.8, overlap = 132.25
PHY-3001 : :::2::: Try harder cell spreading with beta_ = 6.57076e-05
PHY-3002 : Step(121): len = 91430.5, overlap = 116.5
PHY-3002 : Step(122): len = 92132, overlap = 114.5
PHY-3002 : Step(123): len = 92926.6, overlap = 109.5
PHY-3002 : Step(124): len = 93290.2, overlap = 104.5
PHY-3002 : Step(125): len = 93408.5, overlap = 103.25
PHY-3001 : Legalization ...
PHY-3001 : End legalization;  0.307706s wall, 0.453125s user + 0.515625s system = 0.968750s CPU (314.8%)

PHY-3001 : Trial Legalized: Len = 125818
PHY-3001 : Run with size of 2
PHY-3001 : Cell area utilization is 23%
PHY-3001 : :::0::: Try harder cell spreading with beta_ = 0.000154553
PHY-3002 : Step(126): len = 110914, overlap = 24
PHY-3002 : Step(127): len = 107906, overlap = 33.75
PHY-3002 : Step(128): len = 104178, overlap = 39.5
PHY-3002 : Step(129): len = 103464, overlap = 40.5
PHY-3002 : Step(130): len = 103342, overlap = 39.25
PHY-3001 : :::1::: Try harder cell spreading with beta_ = 0.000309105
PHY-3002 : Step(131): len = 104495, overlap = 37.25
PHY-3002 : Step(132): len = 104964, overlap = 36.5
PHY-3002 : Step(133): len = 105335, overlap = 39
PHY-3001 : :::2::: Try harder cell spreading with beta_ = 0.000618211
PHY-3002 : Step(134): len = 106087, overlap = 36.75
PHY-3002 : Step(135): len = 106455, overlap = 37.25
PHY-3002 : Step(136): len = 106953, overlap = 36.75
PHY-3001 : Legalization ...
PHY-3001 : End legalization;  0.004423s wall, 0.000000s user + 0.000000s system = 0.000000s CPU (n/a%)

PHY-3001 : Legalized: Len = 116785, Over = 0
PHY-3001 : Spreading special nets. 2 overflows in 2952 tiles.
PHY-3001 : End spreading;  0.009941s wall, 0.000000s user + 0.015625s system = 0.015625s CPU (157.2%)

PHY-3001 : 4 instances has been re-located, deltaX = 2, deltaY = 2, maxDist = 1.
PHY-3001 : Final: Len = 116887, Over = 0
OPT-1001 : Start physical optimization ...
OPT-1001 : Total overflow 0.00 peak overflow 0.00
OPT-1001 : Start high-fanout net optimization ...
OPT-1001 : Update timing in global mode
PHY-1001 : Start incremental global routing, caller is place ...
RUN-1001 : Generating global routing grids ...
PHY-1001 : Generate routing nets ...
PHY-1001 : Reuse net number 122/4515.
PHY-1001 : Global iterations in 16 thread ...
PHY-1002 : len = 142768, over cnt = 463(1%), over = 820, worst = 6
PHY-1002 : len = 146208, over cnt = 240(0%), over = 383, worst = 5
PHY-1002 : len = 149904, over cnt = 45(0%), over = 63, worst = 4
PHY-1002 : len = 150792, over cnt = 3(0%), over = 3, worst = 1
PHY-1002 : len = 150840, over cnt = 0(0%), over = 0, worst = 0
PHY-1001 : End global iterations;  0.289226s wall, 0.218750s user + 0.125000s system = 0.343750s CPU (118.9%)

PHY-1001 : Congestion index: top1 = 38.53, top5 = 29.76, top10 = 25.73, top15 = 22.77.
PHY-1001 : End incremental global routing;  0.373161s wall, 0.265625s user + 0.156250s system = 0.421875s CPU (113.1%)

RUN-1002 : start command "start_timer -report"
TMR-5001 WARNING: No sdc constraints found while initiating timer.
TMR-2505 : Start building timing graph for model audio_speak.
TMR-2506 : Build timing graph completely. Port num: 49, tpin num: 16479, tnet num: 3985, tinst num: 1975, tnode num: 19394, tedge num: 29380.
TMR-2508 : Levelizing timing graph completed, there are 141 levels in total.
TMR-2501 : Timing graph initialized successfully.
OPT-1001 : End timing update;  0.301621s wall, 0.312500s user + 0.000000s system = 0.312500s CPU (103.6%)

OPT-1001 : 0 high-fanout net processed.
OPT-1001 : End high-fanout net optimization;  0.726944s wall, 0.625000s user + 0.156250s system = 0.781250s CPU (107.5%)

OPT-1001 : Current memory(MB): used = 241, reserve = 211, peak = 241.
OPT-1001 : Update timing in Manhattan mode
OPT-1001 : End timing update;  0.004941s wall, 0.000000s user + 0.000000s system = 0.000000s CPU (n/a%)

OPT-1001 : Start pin optimization...
OPT-1001 : skip pin optimization...
RUN-1001 : Generating global routing grids ...
PHY-1001 : Generate routing nets ...
PHY-1001 : Reuse net number 3353/4515.
PHY-1001 : Global iterations in 16 thread ...
PHY-1002 : len = 150840, over cnt = 0(0%), over = 0, worst = 0
PHY-1001 : End global iterations;  0.010213s wall, 0.015625s user + 0.000000s system = 0.015625s CPU (153.0%)

PHY-1001 : Congestion index: top1 = 38.53, top5 = 29.76, top10 = 25.73, top15 = 22.77.
OPT-1001 : Update timing in Manhattan mode
OPT-1001 : End timing update;  0.005777s wall, 0.015625s user + 0.000000s system = 0.015625s CPU (270.4%)

RUN-1001 : QoR Analysis:
OPT-0007 :   WNS 2147483647 TNS 0 NUM_FEPS 0
RUN-1001 :   No local congestion issue, and most congested 1% tile average routing util is 38.137931
RUN-1001 :   Top critical paths
OPT-1001 : End physical optimization;  0.845987s wall, 0.859375s user + 0.203125s system = 1.062500s CPU (125.6%)

RUN-1003 : finish command "place" in  5.409293s wall, 8.187500s user + 7.921875s system = 16.109375s CPU (297.8%)

RUN-1004 : used memory is 209 MB, reserved memory is 179 MB, peak memory is 245 MB
RUN-1002 : start command "export_db ES8388_place.db"
RUN-1001 : Exported /
RUN-1001 : Exported flow parameters
RUN-1001 : Exported libs
RUN-1001 : Exported entities
RUN-1001 : Exported ports
RUN-1001 : Exported pins
RUN-1001 : Exported instances
RUN-1001 : Exported nets
RUN-1001 : Exported buses
RUN-1001 : Exported models
RUN-1001 : Exported congestions
RUN-1001 : Exported violations
RUN-1001 : Exported IO constraints
RUN-1001 : Exported Inst constraints
RUN-1002 : start command "route"
RUN-1001 : Open license file E:/Software/Anlogic/TD5.6.2/license/Anlogic.lic
RUN-1001 : Print Global Property
RUN-1001 : ---------------------------------------------------------------
RUN-1001 :        Parameters        |  Settings  |  Default Values  |  Note  
RUN-1001 : ---------------------------------------------------------------
RUN-1001 :          message         |  standard  |     standard     |        
RUN-1001 :   mixed_pack_place_flow  |     on     |        on        |        
RUN-1001 :        qor_monitor       |    off     |       off        |        
RUN-1001 :        syn_ip_flow       |    off     |       off        |        
RUN-1001 :          thread          |    auto    |       auto       |        
RUN-1001 : ---------------------------------------------------------------
RUN-1001 : Print Route Property
RUN-1001 : -------------------------------------------------------
RUN-1001 :    Parameters    |  Settings  |  Default Values  |  Note  
RUN-1001 : -------------------------------------------------------
RUN-1001 :      effort      |   medium   |      medium      |        
RUN-1001 :     fix_hold     |    off     |       off        |        
RUN-1001 :    opt_timing    |   medium   |      medium      |        
RUN-1001 :   phy_sim_model  |    off     |       off        |        
RUN-1001 :     priority     |   timing   |      timing      |        
RUN-1001 :     swap_pin     |     on     |        on        |        
RUN-1001 : -------------------------------------------------------
PHY-1001 : Route runs in 16 thread(s)
RUN-1001 : There are total 1977 instances
RUN-1001 : 954 mslices, 955 lslices, 50 pads, 0 brams, 0 dsps
RUN-1001 : There are total 4515 nets
RUN-1001 : 2372 nets have 2 pins
RUN-1001 : 1688 nets have [3 - 5] pins
RUN-1001 : 315 nets have [6 - 10] pins
RUN-1001 : 84 nets have [11 - 20] pins
RUN-1001 : 46 nets have [21 - 99] pins
RUN-1001 : 10 nets have 100+ pins
RUN-1002 : start command "start_timer -report"
TMR-5001 WARNING: No sdc constraints found while initiating timer.
TMR-2505 : Start building timing graph for model audio_speak.
TMR-2506 : Build timing graph completely. Port num: 49, tpin num: 16479, tnet num: 3985, tinst num: 1975, tnode num: 19394, tedge num: 29380.
TMR-2508 : Levelizing timing graph completed, there are 141 levels in total.
TMR-2501 : Timing graph initialized successfully.
PHY-1001 : 954 mslices, 955 lslices, 50 pads, 0 brams, 0 dsps
TMR-2503 : Start to update net delay, extr mode = 3.
TMR-2504 : Update delay of 3985 nets completely.
TMR-2502 : Annotate delay completely, extr mode = 3.
TMR-3002 : No user constraint, initiate default constraint.
TMR-1501 : Assign derive clock DeriveClock to 1354 clock pins, and constraint 2904 relative nodes.
TMR-3003 : Constraints initiated successfully.
TMR-3501 : Forward propagation: start to calculate arrival time...
TMR-3502 : Backward propagation: start to calculate required time...
TMR-3503 : Timing propagation completes.
PHY-1001 : Start global routing, caller is route ...
RUN-1001 : Generating global routing grids ...
PHY-1001 : Generate routing nets ...
PHY-1001 : Global iterations in 16 thread ...
PHY-1002 : len = 141408, over cnt = 477(1%), over = 854, worst = 7
PHY-1002 : len = 145736, over cnt = 261(0%), over = 384, worst = 7
PHY-1002 : len = 148776, over cnt = 76(0%), over = 115, worst = 4
PHY-1002 : len = 150192, over cnt = 0(0%), over = 0, worst = 0
PHY-1001 : End global iterations;  0.261815s wall, 0.234375s user + 0.093750s system = 0.328125s CPU (125.3%)

PHY-1001 : Congestion index: top1 = 38.49, top5 = 29.83, top10 = 25.71, top15 = 22.73.
PHY-1001 : End global routing;  0.340723s wall, 0.312500s user + 0.093750s system = 0.406250s CPU (119.2%)

PHY-1001 : Start detail routing ...
PHY-1001 : Current memory(MB): used = 279, reserve = 250, peak = 296.
PHY-1001 : Detailed router is running in normal mode.
PHY-1001 : Generate detailed routing grids ...
PHY-1001 : Processed IO instance aud_dacdat_syn_4 with INV attribute.
PHY-1001 : Processed IO instance aud_dacdat_1_syn_4 with INV attribute.
PHY-1001 : Processed IO instance aud_dacdat_2_syn_4 with INV attribute.
PHY-1001 : Processed IO instance aud_dacdat_3_syn_4 with INV attribute.
PHY-1001 : Generate nets ...
PHY-1001 : clock net aud_bclk_syn_4 will be merged with clock aud_bclk_dup_1
PHY-1001 : clock net aud_bclk_1_syn_4 will be merged with clock aud_bclk_1_dup_1
PHY-1001 : clock net aud_bclk_2_syn_4 will be merged with clock aud_bclk_2_dup_1
PHY-1001 : clock net aud_bclk_3_syn_4 will be merged with clock aud_bclk_3_dup_1
PHY-1001 : net aud_mclk_dup_1 will be routed on clock mesh
PHY-1001 : net aud_mclk_1_dup_1 will be routed on clock mesh
PHY-1001 : net aud_mclk_2_dup_1 will be routed on clock mesh
PHY-1001 : net aud_mclk_3_dup_1 will be routed on clock mesh
PHY-1001 : clock net ilaclk_dup_1 will be merged with clock u_pll_clk/clk0_buf
PHY-1001 : clock net ilaclk_1_dup_1 will be merged with clock u1_pll_clk/clk0_buf
PHY-1001 : clock net ilaclk_2_dup_1 will be merged with clock u2_pll_clk/clk0_buf
PHY-1001 : clock net ilaclk_3_dup_1 will be merged with clock u3_pll_clk/clk0_buf
PHY-1001 : net sys_clk_dup_1 will be routed on clock mesh
PHY-1001 : clock net u1_es8388_ctrl/u_es8388_config/u_i2c_dri/dri_clk_syn_4 will be merged with clock u1_es8388_ctrl/u_es8388_config/u_i2c_dri/dri_clk
PHY-1001 : clock net u2_es8388_ctrl/u_es8388_config/u_i2c_dri/dri_clk_syn_4 will be merged with clock u2_es8388_ctrl/u_es8388_config/u_i2c_dri/dri_clk
PHY-1001 : clock net u3_es8388_ctrl/u_es8388_config/u_i2c_dri/dri_clk_syn_4 will be merged with clock u3_es8388_ctrl/u_es8388_config/u_i2c_dri/dri_clk
PHY-1001 : Current memory(MB): used = 550, reserve = 525, peak = 550.
PHY-1001 : End build detailed router design. 2.223509s wall, 2.062500s user + 0.171875s system = 2.234375s CPU (100.5%)

PHY-1001 : Detail Route ...
PHY-1001 : ===== Detail Route Phase 1 =====
PHY-1001 : Clock net routing.....
PHY-1001 : Routed 0% nets.
PHY-1022 : len = 57112, over cnt = 0(0%), over = 0, worst = 0, crit = 0
PHY-1001 : End initial clock net routed; 3.843908s wall, 3.796875s user + 0.031250s system = 3.828125s CPU (99.6%)

PHY-1001 : Current memory(MB): used = 582, reserve = 559, peak = 582.
PHY-1001 : End phase 1; 3.846566s wall, 3.812500s user + 0.031250s system = 3.843750s CPU (99.9%)

PHY-1001 : ===== Detail Route Phase 2 =====
PHY-1001 : Initial routing.....
PHY-1001 : Routed 27% nets.
PHY-1001 : Routed 32% nets.
PHY-1001 : Routed 39% nets.
PHY-1001 : Routed 50% nets.
PHY-1001 : Routed 73% nets.
PHY-1022 : len = 511288, over cnt = 176(0%), over = 178, worst = 2, crit = 0
PHY-1001 : Current memory(MB): used = 584, reserve = 560, peak = 584.
PHY-1001 : End initial routed; 2.182947s wall, 2.562500s user + 1.250000s system = 3.812500s CPU (174.6%)

PHY-1001 : Current memory(MB): used = 584, reserve = 560, peak = 584.
PHY-1001 : End phase 2; 2.183044s wall, 2.562500s user + 1.250000s system = 3.812500s CPU (174.6%)

PHY-1001 : ===== Detail Route Phase 3 =====
PHY-1001 : Ripup-reroute.....
PHY-1001 : ===== DR Iter 1 =====
PHY-1022 : len = 510224, over cnt = 68(0%), over = 68, worst = 1, crit = 0
PHY-1001 : End DR Iter 1; 0.063588s wall, 0.046875s user + 0.046875s system = 0.093750s CPU (147.4%)

PHY-1001 : ===== DR Iter 2 =====
PHY-1022 : len = 510440, over cnt = 9(0%), over = 9, worst = 1, crit = 0
PHY-1001 : End DR Iter 2; 0.041676s wall, 0.031250s user + 0.015625s system = 0.046875s CPU (112.5%)

PHY-1001 : ===== DR Iter 3 =====
PHY-1022 : len = 510536, over cnt = 0(0%), over = 0, worst = 0, crit = 0
PHY-1001 : End DR Iter 3; 0.042487s wall, 0.031250s user + 0.015625s system = 0.046875s CPU (110.3%)

PHY-1001 : Commit to database.....
PHY-1001 : 36 feed throughs used by 30 nets
PHY-1001 : End commit to database; 0.282583s wall, 0.296875s user + 0.000000s system = 0.296875s CPU (105.1%)

PHY-1001 : Current memory(MB): used = 612, reserve = 589, peak = 612.
PHY-1001 : End phase 3; 0.529610s wall, 0.468750s user + 0.093750s system = 0.562500s CPU (106.2%)

PHY-1003 : Routed, final wirelength = 510536
PHY-1001 : Current memory(MB): used = 613, reserve = 590, peak = 613.
PHY-1001 : End export database. 0.011556s wall, 0.015625s user + 0.000000s system = 0.015625s CPU (135.2%)

PHY-1001 : End detail routing;  8.962997s wall, 9.062500s user + 1.562500s system = 10.625000s CPU (118.5%)

RUN-1003 : finish command "route" in  9.803122s wall, 9.828125s user + 1.703125s system = 11.531250s CPU (117.6%)

RUN-1004 : used memory is 534 MB, reserved memory is 512 MB, peak memory is 613 MB
RUN-1002 : start command "report_area -io_info -file ES8388_phy.area"
RUN-1001 : standard
***Report Model: audio_speak Device: EG4S20BG256***

IO Statistics
#IO                        50
  #input                   19
  #output                  27
  #inout                    4

Utilization Statistics
#lut                     3677   out of  19600   18.76%
#reg                     1080   out of  19600    5.51%
#le                      3749
  #lut only              2669   out of   3749   71.19%
  #reg only                72   out of   3749    1.92%
  #lut&reg               1008   out of   3749   26.89%
#dsp                        0   out of     29    0.00%
#bram                       0   out of     64    0.00%
  #bram9k                   0
  #fifo9k                   0
#bram32k                    0   out of     16    0.00%
#pad                       50   out of    188   26.60%
  #ireg                     8
  #oreg                    16
  #treg                     4
#pll                        4   out of      4  100.00%
#gclk                      11   out of     16   68.75%

Clock Resource Statistics
Index     ClockNet                                            Type               DriverType         Driver                                                           Fanout
#1        sys_clk_dup_1                                       GCLK               io                 sys_clk_syn_2.di                                                 351
#2        aud_bclk_3_dup_1                                    GCLK               io                 aud_bclk_3_syn_2.di                                              48
#3        aud_bclk_2_dup_1                                    GCLK               io                 aud_bclk_2_syn_2.di                                              47
#4        aud_bclk_dup_1                                      GCLK               io                 aud_bclk_syn_2.di                                                46
#5        aud_bclk_1_dup_1                                    GCLK               io                 aud_bclk_1_syn_2.di                                              45
#6        u1_es8388_ctrl/u_es8388_config/u_i2c_dri/dri_clk    GCLK               lslice             u1_es8388_ctrl/u_es8388_config/u_i2c_dri/dri_clk_reg_syn_9.q1    44
#7        u2_es8388_ctrl/u_es8388_config/u_i2c_dri/dri_clk    GCLK               lslice             u2_es8388_ctrl/u_es8388_config/u_i2c_dri/dri_clk_reg_syn_9.q1    44
#8        u3_es8388_ctrl/u_es8388_config/u_i2c_dri/dri_clk    GCLK               lslice             u3_es8388_ctrl/u_es8388_config/u_i2c_dri/dri_clk_reg_syn_9.q1    41
#9        aud_mclk_1_dup_1                                    GCLK               pll                u1_pll_clk/pll_inst.clkc1                                        0
#10       aud_mclk_2_dup_1                                    GCLK               pll                u2_pll_clk/pll_inst.clkc1                                        0
#11       aud_mclk_3_dup_1                                    GCLK               pll                u3_pll_clk/pll_inst.clkc1                                        0
#12       aud_mclk_dup_1                                      GCLK               pll                u_pll_clk/pll_inst.clkc1                                         0
#13       u1_pll_clk/clk0_buf                                 GCLK               pll                u1_pll_clk/pll_inst.clkc0                                        0
#14       u2_pll_clk/clk0_buf                                 GCLK               pll                u2_pll_clk/pll_inst.clkc0                                        0
#15       u3_pll_clk/clk0_buf                                 GCLK               pll                u3_pll_clk/pll_inst.clkc0                                        0
#16       u_pll_clk/clk0_buf                                  GCLK               pll                u_pll_clk/pll_inst.clkc0                                         0


Detailed IO Report

      Name        Direction    Location    IOStandard    DriveStrength    PullType     PackReg   
   aud_adcdat       INPUT        R14        LVCMOS25          N/A          PULLUP       IREG     
  aud_adcdat_1      INPUT        G16        LVCMOS25          N/A          PULLUP       IREG     
  aud_adcdat_2      INPUT         E7        LVCMOS25          N/A          PULLUP       IREG     
  aud_adcdat_3      INPUT         L4        LVCMOS25          N/A          PULLUP       IREG     
    aud_bclk        INPUT         M6        LVCMOS25          N/A          PULLUP       NONE     
   aud_bclk_1       INPUT        G14        LVCMOS25          N/A          PULLUP       NONE     
   aud_bclk_2       INPUT         D5        LVCMOS25          N/A          PULLUP       NONE     
   aud_bclk_3       INPUT         H5        LVCMOS25          N/A          PULLUP       NONE     
    aud_lrc         INPUT         M7        LVCMOS25          N/A          PULLUP       IREG     
   aud_lrc_1        INPUT        H16        LVCMOS25          N/A          PULLUP       IREG     
   aud_lrc_2        INPUT         C6        LVCMOS25          N/A          PULLUP       IREG     
   aud_lrc_3        INPUT         K6        LVCMOS25          N/A          PULLUP       IREG     
    sys_clk         INPUT         R7        LVCMOS25          N/A          PULLUP       NONE     
   sys_rst_n        INPUT         E3        LVCMOS25          N/A          PULLUP       NONE     
  sys_rst_n_1       INPUT        M16        LVCMOS25          N/A           N/A         NONE     
  sys_rst_n_2       INPUT         F1        LVCMOS25          N/A           N/A         NONE     
  sys_rst_n_3       INPUT         M3        LVCMOS25          N/A           N/A         NONE     
   volume[1]        INPUT        B10        LVCMOS25          N/A          PULLUP       NONE     
   volume[0]        INPUT        A10        LVCMOS25          N/A          PULLUP       NONE     
   aud_dacdat      OUTPUT         P6        LVCMOS25           8            NONE        OREG     
  aud_dacdat_1     OUTPUT        H14        LVCMOS25           8            NONE        OREG     
  aud_dacdat_2     OUTPUT         E6        LVCMOS25           8            NONE        OREG     
  aud_dacdat_3     OUTPUT         K3        LVCMOS25           8            NONE        OREG     
    aud_mclk       OUTPUT         N5        LVCMOS25           8            NONE        NONE     
   aud_mclk_1      OUTPUT        F14        LVCMOS25           8            NONE        NONE     
   aud_mclk_2      OUTPUT         F6        LVCMOS25           8            NONE        NONE     
   aud_mclk_3      OUTPUT         H4        LVCMOS25           8            NONE        NONE     
    aud_scl        OUTPUT        R12        LVCMOS25           8            NONE        OREG     
   aud_scl_1       OUTPUT        D14        LVCMOS25           8            NONE        OREG     
   aud_scl_2       OUTPUT         A2        LVCMOS25           8            NONE        OREG     
   aud_scl_3       OUTPUT         G3        LVCMOS25           8            NONE        OREG     
     ilaclk        OUTPUT         M9        LVCMOS25           8            NONE        NONE     
    ilaclk_1       OUTPUT        L16        LVCMOS25           8            NONE        NONE     
    ilaclk_2       OUTPUT         D3        LVCMOS25           8            NONE        NONE     
    ilaclk_3       OUTPUT        K15        LVCMOS25           8            NONE        NONE     
      led          OUTPUT        B14        LVCMOS25           8            NONE        NONE     
     led_1         OUTPUT        F12        LVCMOS25           8            N/A         NONE     
     led_2         OUTPUT         F4        LVCMOS25           8            N/A         NONE     
     led_3         OUTPUT         J6        LVCMOS25           8            N/A         NONE     
    led_five       OUTPUT        C15        LVCMOS25           8            NONE        NONE     
    led_four       OUTPUT        C16        LVCMOS25           8            NONE        OREG     
    led_one        OUTPUT        F16        LVCMOS25           8            NONE        OREG     
   led_seven       OUTPUT        B15        LVCMOS25           8            NONE        NONE     
    led_six        OUTPUT        B16        LVCMOS25           8            NONE        NONE     
    led_tree       OUTPUT        E13        LVCMOS25           8            NONE        OREG     
    led_two        OUTPUT        E16        LVCMOS25           8            NONE        OREG     
    aud_sda         INOUT         R9        LVCMOS25           8           PULLUP     OREG;TREG  
   aud_sda_1        INOUT        E15        LVCMOS25           8           PULLUP     OREG;TREG  
   aud_sda_2        INOUT         C3        LVCMOS25           8           PULLUP     OREG;TREG  
   aud_sda_3        INOUT         F3        LVCMOS25           8           PULLUP     OREG;TREG  

Report Hierarchy Area:
+--------------------------------------------------------------------------------------------------------+
|Instance                   |Module                 |le     |lut     |ripple  |seq     |bram    |dsp     |
+--------------------------------------------------------------------------------------------------------+
|top                        |audio_speak            |3749   |2950    |727     |1108    |0       |0       |
|  u1_es8388_ctrl           |es8388_ctrl            |314    |268     |34      |142     |0       |0       |
|    u_audio_receive        |audio_receive          |82     |62      |12      |52      |0       |0       |
|    u_audio_send           |audio_send             |24     |23      |0       |22      |0       |0       |
|    u_es8388_config        |es8388_config          |194    |176     |15      |68      |0       |0       |
|      u_i2c_dri            |i2c_dri                |129    |120     |7       |41      |0       |0       |
|      u_i2c_reg_cfg        |i2c_reg_cfg            |65     |56      |8       |27      |0       |0       |
|  u1_pll_clk               |clk_wiz_0              |1      |1       |0       |0       |0       |0       |
|  u2_es8388_ctrl           |es8388_ctrl            |309    |253     |34      |139     |0       |0       |
|    u_audio_receive        |audio_receive          |90     |59      |12      |53      |0       |0       |
|    u_audio_send           |audio_send             |22     |22      |0       |18      |0       |0       |
|    u_es8388_config        |es8388_config          |183    |165     |15      |68      |0       |0       |
|      u_i2c_dri            |i2c_dri                |122    |113     |7       |41      |0       |0       |
|      u_i2c_reg_cfg        |i2c_reg_cfg            |61     |52      |8       |27      |0       |0       |
|  u2_pll_clk               |clk_wiz_0              |0      |0       |0       |0       |0       |0       |
|  u3_es8388_ctrl           |es8388_ctrl            |309    |263     |34      |139     |0       |0       |
|    u_audio_receive        |audio_receive          |89     |68      |12      |50      |0       |0       |
|    u_audio_send           |audio_send             |22     |22      |0       |21      |0       |0       |
|    u_es8388_config        |es8388_config          |184    |166     |15      |68      |0       |0       |
|      u_i2c_dri            |i2c_dri                |125    |117     |7       |41      |0       |0       |
|      u_i2c_reg_cfg        |i2c_reg_cfg            |59     |49      |8       |27      |0       |0       |
|  u3_pll_clk               |clk_wiz_0              |1      |1       |0       |0       |0       |0       |
|  u_es8388_ctrl            |es8388_ctrl            |356    |285     |62      |145     |0       |0       |
|    u_audio_receive        |audio_receive          |82     |61      |12      |53      |0       |0       |
|    u_audio_send           |audio_send             |82     |54      |28      |28      |0       |0       |
|    u_es8388_config        |es8388_config          |178    |163     |15      |64      |0       |0       |
|      u_i2c_dri            |i2c_dri                |115    |108     |7       |38      |0       |0       |
|      u_i2c_reg_cfg        |i2c_reg_cfg            |63     |55      |8       |26      |0       |0       |
|  u_pll_clk                |clk_wiz_0              |2      |2       |0       |0       |0       |0       |
|  u_spar_4mic_localization |spar_4mic_localization |1965   |1636    |325     |484     |0       |0       |
+--------------------------------------------------------------------------------------------------------+


DataNet Average Fanout:

   Index     Fanout     Nets  
    #1          1       2318  
    #2          2       1068  
    #3          3       463   
    #4          4       153   
    #5        5-10      323   
    #6        11-50     109   
    #7       51-100      6    
    #8       101-500     6    
  Average     2.83            

RUN-1002 : start command "export_db ES8388_pr.db"
RUN-1001 : Exported /
RUN-1001 : Exported flow parameters
RUN-1001 : Exported libs
RUN-1001 : Exported entities
RUN-1001 : Exported ports
RUN-1001 : Exported pins
RUN-1001 : Exported instances
RUN-1001 : Exported nets
RUN-1001 : Exported buses
RUN-1001 : Exported models
RUN-1001 : Exported congestions
RUN-1001 : Exported violations
RUN-1001 : Exported IO constraints
RUN-1001 : Exported Inst constraints
RUN-1002 : start command "export_bid ES8388_inst.bid"
RUN-1002 : start command "bitgen -bit ES8388.bit -unused_io_status pulldown"
BIT-1003 : Start to generate bitstream. 
BIT-1002 : Bitgen processed 138 unused pads, reserve input tri_state with pulldown
BIT-1002 : Init instances with 16 threads.
BIT-1002 : Init instances completely, inst num: 2113
BIT-1002 : Init pips with 16 threads.
BIT-1002 : Init pips completely, net num: 4515, pip num: 36625
BIT-1002 : Init feedthrough with 16 threads.
BIT-1002 : Init feedthrough completely, num: 36
BIT-1003 : Multithreading accelaration with 16 threads.
BIT-1003 : Generate bitstream completely, there are 2421 valid insts, and 112536 bits set as '1'.
BIT-1004 : PLL setting string = 1111
BIT-1004 : Generate bits file ES8388.bit.
RUN-1003 : finish command "bitgen -bit ES8388.bit -unused_io_status pulldown" in  2.531195s wall, 26.218750s user + 1.093750s system = 27.312500s CPU (1079.0%)

RUN-1004 : used memory is 533 MB, reserved memory is 523 MB, peak memory is 733 MB
RUN-1002 : start command "backup_run_log run.log ../.logs/phy_1/td_20251025_190027.log"
