============================================================
   Tang Dynasty, V5.6.71036
      Copyright (c) 2012-2023 Anlogic Inc.
   Executable = E:/Software/Anlogic/TD5.6.2/bin/td.exe
   Built at =   20:34:38 Mar 21 2023
   Run by =     Lviva
   Run Date =   Tue Oct 28 19:52:09 2025

   Run on =     VIVACIOUS
============================================================
RUN-1002 : start command "open_project ES8388.prj"
RUN-1001 : Print Global Property
RUN-1001 : ---------------------------------------------------------------
RUN-1001 :        Parameters        |  Settings  |  Default Values  |  Note  
RUN-1001 : ---------------------------------------------------------------
RUN-1001 :          message         |  standard  |     standard     |        
RUN-1001 :   mixed_pack_place_flow  |     on     |        on        |        
RUN-1001 :        qor_monitor       |    off     |       off        |        
RUN-1001 :        syn_ip_flow       |    off     |       off        |        
RUN-1001 :          thread          |    auto    |       auto       |        
RUN-1001 : ---------------------------------------------------------------
RUN-1001 : Print Design Property
RUN-1001 : --------------------------------------------------------------
RUN-1001 :        Parameters       |  Settings  |  Default Values  |  Note  
RUN-1001 : --------------------------------------------------------------
RUN-1001 :   default_reg_initial   |    auto    |       auto       |        
RUN-1001 :        infer_add        |     on     |        on        |        
RUN-1001 :        infer_fsm        |    off     |       off        |        
RUN-1001 :        infer_mult       |     on     |        on        |        
RUN-1001 :        infer_ram        |     on     |        on        |        
RUN-1001 :        infer_reg        |     on     |        on        |        
RUN-1001 :   infer_reg_init_value  |     on     |        on        |        
RUN-1001 :        infer_rom        |     on     |        on        |        
RUN-1001 :      infer_shifter      |     on     |        on        |        
RUN-1001 : --------------------------------------------------------------
RUN-1001 : Print Rtl Property
RUN-1001 : --------------------------------------------------------------
RUN-1001 :        Parameters       |  Settings  |  Default Values  |  Note  
RUN-1001 : --------------------------------------------------------------
RUN-1001 :       compress_add      |   ripple   |      ripple      |        
RUN-1001 :        elf_sload        |    off     |       off        |        
RUN-1001 :       fix_undriven      |     0      |        0         |        
RUN-1001 :         flatten         |    off     |       off        |        
RUN-1001 :       gate_sharing      |     on     |        on        |        
RUN-1001 :    hdl_warning_level    |   normal   |      normal      |        
RUN-1001 :   impl_internal_tribuf  |     on     |        on        |        
RUN-1001 :      impl_set_reset     |     on     |        on        |        
RUN-1001 :        infer_gsr        |    off     |       off        |        
RUN-1001 :      keep_hierarchy     |    auto    |       auto       |        
RUN-1001 :        max_fanout       |    9999    |       9999       |        
RUN-1001 :      max_oh2bin_len     |     10     |        10        |        
RUN-1001 :       merge_equal       |     on     |        on        |        
RUN-1001 :       merge_equiv       |     on     |        on        |        
RUN-1001 :        merge_mux        |    off     |       off        |        
RUN-1001 :     min_control_set     |     8      |        8         |        
RUN-1001 :      min_ripple_len     |    auto    |       auto       |        
RUN-1001 :       oh2bin_ratio      |    0.08    |       0.08       |        
RUN-1001 :     opt_adder_fanout    |     on     |        on        |        
RUN-1001 :        opt_arith        |     on     |        on        |        
RUN-1001 :       opt_big_gate      |    off     |       off        |        
RUN-1001 :        opt_const        |     on     |        on        |        
RUN-1001 :      opt_const_mult     |     on     |        on        |        
RUN-1001 :       opt_lessthan      |     on     |        on        |        
RUN-1001 :         opt_mux         |    off     |       off        |        
RUN-1001 :         opt_ram         |    high    |       high       |        
RUN-1001 :      rtl_sim_model      |    off     |       off        |        
RUN-1001 :         seq_syn         |     on     |        on        |        
RUN-1001 : --------------------------------------------------------------
HDL-1007 : analyze verilog file ../../al_ip/clk_wiz_0.v
HDL-1007 : undeclared symbol 'open', assumed default net type 'wire' in ../../al_ip/clk_wiz_0.v(80)
HDL-1007 : analyze verilog file ../../../RTL/audio_receive.v
HDL-1007 : analyze verilog file ../../../RTL/audio_send.v
HDL-1007 : analyze verilog file ../../../RTL/audio_speak.v
HDL-1007 : analyze verilog file ../../../RTL/es8388_config.v
HDL-1007 : analyze verilog file ../../../RTL/es8388_ctrl.v
HDL-1007 : analyze verilog file ../../../RTL/i2c_dri.v
HDL-1007 : analyze verilog file ../../../RTL/i2c_reg_cfg.v
HDL-1007 : analyze verilog file ../../../RTL/spar_4mic_localization.v
RUN-1001 : Project manager successfully analyzed 9 source files.
RUN-1002 : start command "import_device eagle_s20.db -package EG4S20BG256"
ARC-1001 : Device Initialization.
ARC-1001 : ------------------------------------------------------------------
ARC-1001 :            OPTION            |          IO          |   SETTING   
ARC-1001 : ------------------------------------------------------------------
ARC-1001 :   cso_b/cclk/mosi/miso/dout  |  T3/R11/T10/P10/S11  |    gpio    
ARC-1001 :             done             |         P13          |    gpio    
ARC-1001 :           program_b          |          T2          |  dedicate  
ARC-1001 :        tdi/tms/tck/tdo       |   C12/A15/C14/E14    |  dedicate  
ARC-1001 : ------------------------------------------------------------------
ARC-1004 : Device setting, marked 5 dedicate IOs in total.
RUN-1002 : start command "import_db ../syn_1/ES8388_gate.db"
RUN-1001 : Importing database generated by Tang Dynasty, V5.6.71036.
RUN-1001 : Database version number 46146.
RUN-1001 : Import flow parameters
RUN-1001 : Import IO constraints
RUN-1001 : Import Inst constraints
RUN-1001 : Import design success TD_VERSION=5.6.71036 , DB_VERSION=46146
RUN-1002 : start command "place"
RUN-1001 : Open license file E:/Software/Anlogic/TD5.6.2/license/Anlogic.lic
RUN-1001 : Print Global Property
RUN-1001 : ---------------------------------------------------------------
RUN-1001 :        Parameters        |  Settings  |  Default Values  |  Note  
RUN-1001 : ---------------------------------------------------------------
RUN-1001 :          message         |  standard  |     standard     |        
RUN-1001 :   mixed_pack_place_flow  |     on     |        on        |        
RUN-1001 :        qor_monitor       |    off     |       off        |        
RUN-1001 :        syn_ip_flow       |    off     |       off        |        
RUN-1001 :          thread          |    auto    |       auto       |        
RUN-1001 : ---------------------------------------------------------------
RUN-1001 : Print Place Property
RUN-1001 : --------------------------------------------------------------
RUN-1001 :        Parameters       |  Settings  |  Default Values  |  Note  
RUN-1001 : --------------------------------------------------------------
RUN-1001 :      detailed_place     |     on     |        on        |        
RUN-1001 :          effort         |   medium   |      medium      |        
RUN-1001 :         fix_hold        |    off     |       off        |        
RUN-1001 :       legalization      |    ori     |       ori        |        
RUN-1001 :      new_spreading      |     on     |        on        |        
RUN-1001 :        opt_timing       |   medium   |      medium      |        
RUN-1001 :   post_clock_route_opt  |    off     |       off        |        
RUN-1001 :       pr_strategy       |     1      |        1         |        
RUN-1001 :        relaxation       |    1.00    |       1.00       |        
RUN-1001 :         retiming        |    off     |       off        |        
RUN-1001 : --------------------------------------------------------------
PHY-3001 : Placer runs in 16 thread(s).
RUN-1002 : start command "legalize_phy_inst"
SYN-1011 : Flatten model audio_speak
RUN-1002 : start command "phys_opt -simplify_lut"
SYN-4016 : Net ilaclk_1_dup_1 driven by BUFG (0 clock/control pins, 2 other pins).
SYN-4016 : Net ilaclk_2_dup_1 driven by BUFG (0 clock/control pins, 2 other pins).
SYN-4016 : Net ilaclk_3_dup_1 driven by BUFG (0 clock/control pins, 2 other pins).
SYN-4016 : Net ilaclk_dup_1 driven by BUFG (0 clock/control pins, 2 other pins).
SYN-4027 : Net aud_mclk_1_dup_1 is clkc1 of pll u1_pll_clk/pll_inst.
SYN-4019 : Net sys_clk_dup_1 is refclk of pll u1_pll_clk/pll_inst.
SYN-4020 : Net sys_clk_dup_1 is fbclk of pll u1_pll_clk/pll_inst.
SYN-4027 : Net aud_mclk_2_dup_1 is clkc1 of pll u2_pll_clk/pll_inst.
SYN-4019 : Net sys_clk_dup_1 is refclk of pll u2_pll_clk/pll_inst.
SYN-4020 : Net sys_clk_dup_1 is fbclk of pll u2_pll_clk/pll_inst.
SYN-4027 : Net aud_mclk_3_dup_1 is clkc1 of pll u3_pll_clk/pll_inst.
SYN-4019 : Net sys_clk_dup_1 is refclk of pll u3_pll_clk/pll_inst.
SYN-4020 : Net sys_clk_dup_1 is fbclk of pll u3_pll_clk/pll_inst.
SYN-4027 : Net aud_mclk_dup_1 is clkc1 of pll u_pll_clk/pll_inst.
SYN-4019 : Net sys_clk_dup_1 is refclk of pll u_pll_clk/pll_inst.
SYN-4020 : Net sys_clk_dup_1 is fbclk of pll u_pll_clk/pll_inst.
SYN-4024 : Net "aud_bclk_dup_1" drives clk pins.
SYN-4024 : Net "aud_bclk_1_dup_1" drives clk pins.
SYN-4024 : Net "aud_bclk_2_dup_1" drives clk pins.
SYN-4024 : Net "aud_bclk_3_dup_1" drives clk pins.
SYN-4024 : Net "u1_es8388_ctrl/u_es8388_config/u_i2c_dri/dri_clk" drives clk pins.
SYN-4024 : Net "u2_es8388_ctrl/u_es8388_config/u_i2c_dri/dri_clk" drives clk pins.
SYN-4024 : Net "u3_es8388_ctrl/u_es8388_config/u_i2c_dri/dri_clk" drives clk pins.
SYN-7503 WARNING: Net "u_es8388_ctrl/u_es8388_config/u_i2c_dri/dri_clk" drives clk pins. However it will not be tagged as clk net, for there's no more slots.
SYN-4025 : Tag rtl::Net aud_bclk_1_dup_1 as clock net
SYN-4025 : Tag rtl::Net aud_bclk_2_dup_1 as clock net
SYN-4025 : Tag rtl::Net aud_bclk_3_dup_1 as clock net
SYN-4025 : Tag rtl::Net aud_bclk_dup_1 as clock net
SYN-4025 : Tag rtl::Net aud_mclk_1_dup_1 as clock net
SYN-4025 : Tag rtl::Net aud_mclk_2_dup_1 as clock net
SYN-4025 : Tag rtl::Net aud_mclk_3_dup_1 as clock net
SYN-4025 : Tag rtl::Net aud_mclk_dup_1 as clock net
SYN-4025 : Tag rtl::Net ilaclk_1_dup_1 as clock net
SYN-4025 : Tag rtl::Net ilaclk_2_dup_1 as clock net
SYN-4025 : Tag rtl::Net ilaclk_3_dup_1 as clock net
SYN-4025 : Tag rtl::Net ilaclk_dup_1 as clock net
SYN-4025 : Tag rtl::Net sys_clk_dup_1 as clock net
SYN-4025 : Tag rtl::Net u1_es8388_ctrl/u_es8388_config/u_i2c_dri/dri_clk as clock net
SYN-4025 : Tag rtl::Net u2_es8388_ctrl/u_es8388_config/u_i2c_dri/dri_clk as clock net
SYN-4025 : Tag rtl::Net u3_es8388_ctrl/u_es8388_config/u_i2c_dri/dri_clk as clock net
SYN-4026 : Tagged 16 rtl::Net as clock net
SYN-4015 : Create BUFG instance for clk Net aud_bclk_1_dup_1 to drive 80 clock pins.
SYN-4015 : Create BUFG instance for clk Net aud_bclk_2_dup_1 to drive 80 clock pins.
SYN-4015 : Create BUFG instance for clk Net aud_bclk_3_dup_1 to drive 80 clock pins.
SYN-4015 : Create BUFG instance for clk Net aud_bclk_dup_1 to drive 80 clock pins.
SYN-4015 : Create BUFG instance for clk Net u1_es8388_ctrl/u_es8388_config/u_i2c_dri/dri_clk to drive 59 clock pins.
SYN-4015 : Create BUFG instance for clk Net u2_es8388_ctrl/u_es8388_config/u_i2c_dri/dri_clk to drive 59 clock pins.
SYN-4015 : Create BUFG instance for clk Net u3_es8388_ctrl/u_es8388_config/u_i2c_dri/dri_clk to drive 59 clock pins.
PHY-1001 : Populate physical database on model audio_speak.
RUN-1001 : There are total 2929 instances
RUN-0007 : 1114 luts, 941 seqs, 534 mslices, 271 lslices, 51 pads, 0 brams, 0 dsps
RUN-1001 : There are total 4706 nets
RUN-1001 : 2883 nets have 2 pins
RUN-1001 : 1401 nets have [3 - 5] pins
RUN-1001 : 265 nets have [6 - 10] pins
RUN-1001 : 96 nets have [11 - 20] pins
RUN-1001 : 47 nets have [21 - 99] pins
RUN-1001 : 14 nets have 100+ pins
RUN-1001 : Report Control nets information:
RUN-1001 : DFF Distribution
RUN-1001 : ----------------------------------
RUN-1001 :   CE   |  SSR  |  ASR  |  DFF Count  
RUN-1001 : ----------------------------------
RUN-1001 :   No   |  No   |  No   |      0      
RUN-1001 :   No   |  No   |  Yes  |     613     
RUN-1001 :   No   |  Yes  |  No   |      0      
RUN-1001 :   Yes  |  No   |  No   |      0      
RUN-1001 :   Yes  |  No   |  Yes  |     296     
RUN-1001 :   Yes  |  Yes  |  No   |     32      
RUN-1001 : ----------------------------------
RUN-0007 : Control Group Statistic
RUN-0007 : ---------------------------
RUN-0007 :   #CLK  |  #CE  |  #SSR/ASR  
RUN-0007 : ---------------------------
RUN-0007 :    9    |  22   |     9      
RUN-0007 : ---------------------------
RUN-0007 : Control Set = 34
PHY-3001 : Initial placement ...
PHY-3001 : design contains 2927 instances, 1114 luts, 941 seqs, 805 slices, 172 macros(805 instances: 534 mslices 271 lslices)
PHY-0007 : Cell area utilization is 13%
PHY-3001 : Global placement ...
PHY-3001 : Initial: Len = 822466
PHY-3001 : Clustering ...
PHY-3001 : Level 0 #clusters 2927.
PHY-3001 : End clustering;  0.000041s wall, 0.000000s user + 0.000000s system = 0.000000s CPU (n/a%)

PHY-3001 : Run with size of 4
PHY-3001 : Cell area utilization is 13%
PHY-3001 : :::0::: Try harder cell spreading with beta_ = 0
PHY-3002 : Step(1): len = 508981, overlap = 0
PHY-3002 : Step(2): len = 367296, overlap = 2.5
PHY-3002 : Step(3): len = 260285, overlap = 10.5625
PHY-3002 : Step(4): len = 188579, overlap = 34.7188
PHY-3002 : Step(5): len = 159585, overlap = 67.3125
PHY-3002 : Step(6): len = 134495, overlap = 111.594
PHY-3002 : Step(7): len = 119627, overlap = 111.875
PHY-3002 : Step(8): len = 103919, overlap = 119.031
PHY-3002 : Step(9): len = 97628.4, overlap = 144.625
PHY-3002 : Step(10): len = 96314.6, overlap = 154.562
PHY-3002 : Step(11): len = 83486, overlap = 179.406
PHY-3002 : Step(12): len = 77599.1, overlap = 201.75
PHY-3002 : Step(13): len = 78321.7, overlap = 213
PHY-3002 : Step(14): len = 71654.7, overlap = 219.75
PHY-3001 : :::1::: Try harder cell spreading with beta_ = 8.77862e-06
PHY-3002 : Step(15): len = 89320.2, overlap = 139.969
PHY-3002 : Step(16): len = 93774, overlap = 131.531
PHY-3002 : Step(17): len = 87301.7, overlap = 118.781
PHY-3002 : Step(18): len = 82662, overlap = 100.562
PHY-3002 : Step(19): len = 82612.5, overlap = 82.875
PHY-3002 : Step(20): len = 80963.5, overlap = 70.5938
PHY-3002 : Step(21): len = 80865.5, overlap = 59.625
PHY-3002 : Step(22): len = 80383.7, overlap = 49.5625
PHY-3002 : Step(23): len = 80151.4, overlap = 45.4375
PHY-3002 : Step(24): len = 76529.2, overlap = 69.0312
PHY-3002 : Step(25): len = 76124.8, overlap = 81.9375
PHY-3002 : Step(26): len = 76673.7, overlap = 84.4688
PHY-3002 : Step(27): len = 72791.3, overlap = 82.7188
PHY-3002 : Step(28): len = 70520.7, overlap = 72.75
PHY-3002 : Step(29): len = 70062.5, overlap = 74.2188
PHY-3002 : Step(30): len = 68774.7, overlap = 74.875
PHY-3002 : Step(31): len = 66598.9, overlap = 69.8125
PHY-3002 : Step(32): len = 63925, overlap = 74.875
PHY-3002 : Step(33): len = 63926.3, overlap = 73.9688
PHY-3002 : Step(34): len = 64200.2, overlap = 70.25
PHY-3002 : Step(35): len = 63782.5, overlap = 76.2188
PHY-3002 : Step(36): len = 62895.4, overlap = 82.125
PHY-3002 : Step(37): len = 60033.4, overlap = 81.3438
PHY-3002 : Step(38): len = 59361.7, overlap = 69.1562
PHY-3002 : Step(39): len = 59656.5, overlap = 65.8125
PHY-3002 : Step(40): len = 58689.9, overlap = 64.2812
PHY-3002 : Step(41): len = 58746.5, overlap = 60.7188
PHY-3002 : Step(42): len = 56346.9, overlap = 60.3125
PHY-3002 : Step(43): len = 56596.4, overlap = 59.125
PHY-3002 : Step(44): len = 57241.2, overlap = 62.9688
PHY-3001 : :::2::: Try harder cell spreading with beta_ = 1.75572e-05
PHY-3002 : Step(45): len = 57079.1, overlap = 60.5625
PHY-3002 : Step(46): len = 57364.9, overlap = 60.6875
PHY-3002 : Step(47): len = 57765.2, overlap = 59.9062
PHY-3001 : :::3::: Try harder cell spreading with beta_ = 3.51145e-05
PHY-3002 : Step(48): len = 58113.8, overlap = 61.0625
PHY-3002 : Step(49): len = 58407.8, overlap = 54.2812
PHY-3002 : Step(50): len = 58534, overlap = 54.375
PHY-3001 : Legalization ...
PHY-3001 : End legalization;  0.002718s wall, 0.000000s user + 0.000000s system = 0.000000s CPU (n/a%)

PHY-3001 : Run with size of 4
PHY-3001 : Cell area utilization is 17%
PHY-3001 : :::0::: Try harder cell spreading with beta_ = 1.81184e-06
PHY-3002 : Step(51): len = 57199.1, overlap = 134.781
PHY-3002 : Step(52): len = 57264.8, overlap = 130.625
PHY-3002 : Step(53): len = 54083.1, overlap = 125.562
PHY-3002 : Step(54): len = 53947.9, overlap = 127.562
PHY-3002 : Step(55): len = 51264.3, overlap = 141.469
PHY-3002 : Step(56): len = 51201.7, overlap = 146
PHY-3002 : Step(57): len = 50694.8, overlap = 161.75
PHY-3002 : Step(58): len = 50773.4, overlap = 163.375
PHY-3002 : Step(59): len = 50915.7, overlap = 163.375
PHY-3001 : :::1::: Try harder cell spreading with beta_ = 3.62368e-06
PHY-3002 : Step(60): len = 49989.8, overlap = 160.312
PHY-3002 : Step(61): len = 50162.6, overlap = 155.531
PHY-3001 : :::2::: Try harder cell spreading with beta_ = 7.24737e-06
PHY-3002 : Step(62): len = 51933.7, overlap = 167.219
PHY-3002 : Step(63): len = 52281.4, overlap = 167.219
PHY-3002 : Step(64): len = 56056.8, overlap = 177.031
PHY-3002 : Step(65): len = 57096.7, overlap = 175.156
PHY-3002 : Step(66): len = 56278.8, overlap = 149.625
PHY-3002 : Step(67): len = 56617.5, overlap = 150.281
PHY-3002 : Step(68): len = 57504.8, overlap = 138.75
PHY-3002 : Step(69): len = 59365.5, overlap = 134.094
PHY-3002 : Step(70): len = 60098.9, overlap = 125.688
PHY-3002 : Step(71): len = 59661.4, overlap = 126.125
PHY-3002 : Step(72): len = 58527.1, overlap = 118.5
PHY-3002 : Step(73): len = 58689.6, overlap = 118.688
PHY-3002 : Step(74): len = 58107.4, overlap = 116.156
PHY-3002 : Step(75): len = 58136.5, overlap = 112.688
PHY-3002 : Step(76): len = 57953.5, overlap = 114.719
PHY-3001 : :::3::: Try harder cell spreading with beta_ = 1.44947e-05
PHY-3002 : Step(77): len = 58549.2, overlap = 121.938
PHY-3002 : Step(78): len = 58823.7, overlap = 121.844
PHY-3002 : Step(79): len = 58897, overlap = 122.219
PHY-3001 : :::4::: Try harder cell spreading with beta_ = 2.89895e-05
PHY-3002 : Step(80): len = 60371.5, overlap = 110.438
PHY-3002 : Step(81): len = 60371.5, overlap = 110.438
PHY-3002 : Step(82): len = 60123.1, overlap = 110.062
PHY-3001 : :::5::: Try harder cell spreading with beta_ = 5.7979e-05
PHY-3002 : Step(83): len = 64436.6, overlap = 90.4062
PHY-3002 : Step(84): len = 65013, overlap = 89.8438
PHY-3002 : Step(85): len = 65441.9, overlap = 88.8438
PHY-3002 : Step(86): len = 65774.8, overlap = 89.0625
PHY-3002 : Step(87): len = 64926.8, overlap = 86.1562
PHY-3001 : :::6::: Try harder cell spreading with beta_ = 0.000115958
PHY-3002 : Step(88): len = 65277.2, overlap = 84.1875
PHY-3002 : Step(89): len = 65532.2, overlap = 84.0938
PHY-3001 : :::7::: Try harder cell spreading with beta_ = 0.000231916
PHY-3002 : Step(90): len = 66557.1, overlap = 81.6562
PHY-3002 : Step(91): len = 66974.7, overlap = 77.875
PHY-3002 : Step(92): len = 66810.3, overlap = 76.125
PHY-3001 : :::8::: Try harder cell spreading with beta_ = 0.000463832
PHY-3002 : Step(93): len = 67060, overlap = 76
PHY-3002 : Step(94): len = 66867.9, overlap = 76.2188
PHY-3001 : :::9::: Try harder cell spreading with beta_ = 0.000927663
PHY-3002 : Step(95): len = 67235.7, overlap = 76.6562
PHY-3002 : Step(96): len = 67285.6, overlap = 77.2188
PHY-3001 : :::10::: Try harder cell spreading with beta_ = 0.00167428
PHY-3002 : Step(97): len = 67456.2, overlap = 76.7188
PHY-3002 : Step(98): len = 68007.9, overlap = 74.4688
PHY-3001 : :::11::: Try harder cell spreading with beta_ = 0.00334856
PHY-3002 : Step(99): len = 68005.3, overlap = 74.625
PHY-3002 : Step(100): len = 67947.5, overlap = 74.6875
PHY-3001 : :::12::: Try harder cell spreading with beta_ = 0.00669712
PHY-3002 : Step(101): len = 67958.7, overlap = 75.7188
PHY-3002 : Step(102): len = 67956.7, overlap = 75.8438
PHY-3001 : :::13::: Try harder cell spreading with beta_ = 0.0133942
PHY-3002 : Step(103): len = 67957.4, overlap = 76.5312
PHY-3002 : Step(104): len = 67957.4, overlap = 76.5312
PHY-3001 : Run with size of 2
PHY-3001 : Cell area utilization is 17%
PHY-3001 : :::0::: Try harder cell spreading with beta_ = 1.83413e-05
PHY-3002 : Step(105): len = 67814.8, overlap = 184.594
PHY-3002 : Step(106): len = 68064, overlap = 182.781
PHY-3002 : Step(107): len = 64075.9, overlap = 179.375
PHY-3002 : Step(108): len = 64060.9, overlap = 177.938
PHY-3002 : Step(109): len = 62194.9, overlap = 187.531
PHY-3002 : Step(110): len = 62264.4, overlap = 191.656
PHY-3002 : Step(111): len = 61586, overlap = 186.938
PHY-3002 : Step(112): len = 61676, overlap = 187.062
PHY-3002 : Step(113): len = 62110.1, overlap = 181.156
PHY-3002 : Step(114): len = 62495.2, overlap = 177.688
PHY-3002 : Step(115): len = 62079.3, overlap = 180.438
PHY-3001 : :::1::: Try harder cell spreading with beta_ = 3.66825e-05
PHY-3002 : Step(116): len = 64354.4, overlap = 172.469
PHY-3002 : Step(117): len = 65074.9, overlap = 164.969
PHY-3002 : Step(118): len = 65849.2, overlap = 153.656
PHY-3002 : Step(119): len = 66360, overlap = 154.125
PHY-3002 : Step(120): len = 66706.5, overlap = 152
PHY-3001 : :::2::: Try harder cell spreading with beta_ = 7.3365e-05
PHY-3002 : Step(121): len = 67448.7, overlap = 148.312
PHY-3002 : Step(122): len = 67763, overlap = 151.656
PHY-3002 : Step(123): len = 68560.6, overlap = 151.062
PHY-3001 : :::3::: Try harder cell spreading with beta_ = 0.00014673
PHY-3002 : Step(124): len = 70797.7, overlap = 150.344
PHY-3002 : Step(125): len = 71566.5, overlap = 144.344
PHY-3002 : Step(126): len = 72019.3, overlap = 141.844
PHY-3001 : :::4::: Try harder cell spreading with beta_ = 0.00029346
PHY-3002 : Step(127): len = 72629.9, overlap = 141.25
PHY-3002 : Step(128): len = 73053.6, overlap = 140.125
PHY-3002 : Step(129): len = 74429.8, overlap = 132.75
PHY-3002 : Step(130): len = 74803.6, overlap = 128.344
PHY-3002 : Step(131): len = 74603.2, overlap = 126.188
PHY-3001 : :::5::: Try harder cell spreading with beta_ = 0.00058692
PHY-3002 : Step(132): len = 74909.2, overlap = 125.594
PHY-3002 : Step(133): len = 75229.9, overlap = 124.469
PHY-3001 : :::6::: Try harder cell spreading with beta_ = 0.000949637
PHY-3002 : Step(134): len = 75632.4, overlap = 122.719
PHY-3002 : Step(135): len = 75819.9, overlap = 122.125
PHY-3002 : Step(136): len = 77060.9, overlap = 115.062
PHY-3002 : Step(137): len = 78267.3, overlap = 108.375
PHY-3002 : Step(138): len = 77876.7, overlap = 108.719
PHY-3001 : :::7::: Try harder cell spreading with beta_ = 0.00189927
PHY-3002 : Step(139): len = 78124.1, overlap = 108.781
PHY-3002 : Step(140): len = 78759.5, overlap = 109.406
PHY-3001 : :::8::: Try harder cell spreading with beta_ = 0.00307303
PHY-3002 : Step(141): len = 78880.5, overlap = 109.25
PHY-3002 : Step(142): len = 78932.3, overlap = 108.969
PHY-3002 : Step(143): len = 79382.4, overlap = 106.156
PHY-3001 : :::9::: Try harder cell spreading with beta_ = 0.00497215
PHY-3002 : Step(144): len = 79485.3, overlap = 106.5
PHY-3002 : Step(145): len = 79694.2, overlap = 108.469
PHY-3001 : :::10::: Try harder cell spreading with beta_ = 0.00804495
PHY-3002 : Step(146): len = 79724.1, overlap = 107.75
PHY-3002 : Step(147): len = 79875.6, overlap = 106.375
PHY-3001 : :::11::: Try harder cell spreading with beta_ = 0.0130167
PHY-3002 : Step(148): len = 79937.4, overlap = 107.5
PHY-3002 : Step(149): len = 80211.9, overlap = 108.406
PHY-3001 : :::12::: Try harder cell spreading with beta_ = 0.0210611
PHY-3002 : Step(150): len = 80255.8, overlap = 108.5
PHY-3002 : Step(151): len = 80309.1, overlap = 106.625
PHY-3002 : Step(152): len = 80546, overlap = 101.25
PHY-3001 : :::13::: Try harder cell spreading with beta_ = 0.0340768
PHY-3002 : Step(153): len = 80539.8, overlap = 102.875
PHY-3002 : Step(154): len = 80542, overlap = 100.5
PHY-3002 : Step(155): len = 80530.4, overlap = 100.375
PHY-3001 : :::14::: Try harder cell spreading with beta_ = 0.0629026
PHY-3002 : Step(156): len = 80471.5, overlap = 98.2812
PHY-3002 : Step(157): len = 80471.5, overlap = 98.2812
OPT-1001 : Start physical optimization ...
OPT-1001 : Total overflow 284.75 peak overflow 5.69
OPT-1001 : Start high-fanout net optimization ...
OPT-1001 : Update timing in global mode
PHY-1001 : Start incremental global routing, caller is place ...
RUN-1001 : Generating global routing grids ...
RUN-1001 : Building simple global routing graph ...
PHY-1001 : Generate routing nets ...
PHY-1001 : Reuse net number 0/4706.
PHY-1001 : Global iterations in 16 thread ...
PHY-1002 : len = 106344, over cnt = 485(1%), over = 2630, worst = 42
PHY-1001 : End global iterations;  0.117415s wall, 0.109375s user + 0.109375s system = 0.218750s CPU (186.3%)

PHY-1001 : Congestion index: top1 = 47.84, top5 = 34.91, top10 = 27.51, top15 = 22.13.
PHY-1001 : End incremental global routing;  0.186315s wall, 0.156250s user + 0.125000s system = 0.281250s CPU (151.0%)

RUN-1002 : start command "start_timer -report"
TMR-5001 WARNING: No sdc constraints found while initiating timer.
TMR-2505 : Start building timing graph for model audio_speak.
TMR-2506 : Build timing graph completely. Port num: 50, tpin num: 15938, tnet num: 3648, tinst num: 2927, tnode num: 19687, tedge num: 26919.
TMR-2508 : Levelizing timing graph completed, there are 39 levels in total.
TMR-2501 : Timing graph initialized successfully.
OPT-1001 : End timing update;  0.271304s wall, 0.265625s user + 0.000000s system = 0.265625s CPU (97.9%)

OPT-1001 : 0 high-fanout net processed.
OPT-1001 : End high-fanout net optimization;  0.500157s wall, 0.468750s user + 0.125000s system = 0.593750s CPU (118.7%)

OPT-1001 : Current memory(MB): used = 212, reserve = 181, peak = 212.
OPT-1001 : End physical optimization;  0.529650s wall, 0.484375s user + 0.140625s system = 0.625000s CPU (118.0%)

PHY-3001 : Start packing ...
SYN-4007 : Packing 0 MUX to BLE ...
SYN-4008 : Packed 0 MUX and 0 SEQ to BLE.
SYN-4007 : Packing 1114 LUT to BLE ...
SYN-4008 : Packed 1114 LUT and 437 SEQ to BLE.
SYN-4003 : Packing 504 remaining SEQ's ...
SYN-4005 : Packed 190 SEQ with LUT/SLICE
SYN-4006 : 546 single LUT's are left
SYN-4006 : 314 single SEQ's are left
SYN-4011 : Packing model "audio_speak" (AL_USER_NORMAL) with 1428/2302 primitive instances ...
PHY-3001 : End packing;  0.062712s wall, 0.062500s user + 0.000000s system = 0.062500s CPU (99.7%)

PHY-1001 : Populate physical database on model audio_speak.
RUN-1001 : There are total 1612 instances
RUN-1001 : 772 mslices, 771 lslices, 51 pads, 0 brams, 0 dsps
RUN-1001 : There are total 4281 nets
RUN-1001 : 2470 nets have 2 pins
RUN-1001 : 1394 nets have [3 - 5] pins
RUN-1001 : 264 nets have [6 - 10] pins
RUN-1001 : 102 nets have [11 - 20] pins
RUN-1001 : 41 nets have [21 - 99] pins
RUN-1001 : 10 nets have 100+ pins
PHY-3001 : design contains 1610 instances, 1543 slices, 172 macros(805 instances: 534 mslices 271 lslices)
PHY-3001 : Cell area utilization is 19%
PHY-3001 : After packing: Len = 80472, Over = 119.75
PHY-3001 : Run with size of 2
PHY-3001 : Cell area utilization is 19%
PHY-3001 : :::0::: Try harder cell spreading with beta_ = 1.84959e-05
PHY-3002 : Step(158): len = 75134.7, overlap = 123.75
PHY-3002 : Step(159): len = 75420.6, overlap = 123.75
PHY-3002 : Step(160): len = 69086.2, overlap = 135
PHY-3002 : Step(161): len = 66637.3, overlap = 138.75
PHY-3002 : Step(162): len = 65006.2, overlap = 143
PHY-3002 : Step(163): len = 65319.3, overlap = 142.25
PHY-3002 : Step(164): len = 65600.7, overlap = 141.25
PHY-3001 : :::1::: Try harder cell spreading with beta_ = 3.69918e-05
PHY-3002 : Step(165): len = 68393.9, overlap = 128.75
PHY-3002 : Step(166): len = 69054.9, overlap = 129.25
PHY-3002 : Step(167): len = 69784.3, overlap = 127.25
PHY-3001 : :::2::: Try harder cell spreading with beta_ = 7.39836e-05
PHY-3002 : Step(168): len = 73039.5, overlap = 127.75
PHY-3002 : Step(169): len = 73581.2, overlap = 126.5
PHY-3002 : Step(170): len = 74242.4, overlap = 127.25
PHY-3002 : Step(171): len = 74440.6, overlap = 127.5
PHY-3002 : Step(172): len = 74657.6, overlap = 123.5
PHY-3001 : Legalization ...
PHY-3001 : End legalization;  0.208542s wall, 0.234375s user + 0.343750s system = 0.578125s CPU (277.2%)

PHY-3001 : Trial Legalized: Len = 109482
PHY-3001 : Run with size of 2
PHY-3001 : Cell area utilization is 19%
PHY-3001 : :::0::: Try harder cell spreading with beta_ = 0.000766067
PHY-3002 : Step(173): len = 99150.8, overlap = 12.5
PHY-3002 : Step(174): len = 94141, overlap = 24.25
PHY-3002 : Step(175): len = 90639.3, overlap = 30.25
PHY-3002 : Step(176): len = 89204.3, overlap = 33.5
PHY-3002 : Step(177): len = 87556.6, overlap = 37
PHY-3002 : Step(178): len = 87085.4, overlap = 38.5
PHY-3002 : Step(179): len = 86338.2, overlap = 40
PHY-3002 : Step(180): len = 85785.1, overlap = 42.5
PHY-3002 : Step(181): len = 85355.2, overlap = 38.75
PHY-3001 : :::1::: Try harder cell spreading with beta_ = 0.00124684
PHY-3002 : Step(182): len = 85658.2, overlap = 38.75
PHY-3002 : Step(183): len = 85635.5, overlap = 38.5
PHY-3002 : Step(184): len = 85635.5, overlap = 38.5
PHY-3001 : :::2::: Try harder cell spreading with beta_ = 0.00249367
PHY-3002 : Step(185): len = 85627.6, overlap = 38.5
PHY-3002 : Step(186): len = 85627.6, overlap = 38.5
PHY-3001 : Legalization ...
PHY-3001 : End legalization;  0.004226s wall, 0.000000s user + 0.000000s system = 0.000000s CPU (n/a%)

PHY-3001 : Legalized: Len = 96432.8, Over = 0
PHY-3001 : Spreading special nets. 7 overflows in 2952 tiles.
PHY-3001 : End spreading;  0.009421s wall, 0.015625s user + 0.000000s system = 0.015625s CPU (165.8%)

PHY-3001 : 9 instances has been re-located, deltaX = 1, deltaY = 10, maxDist = 2.
PHY-3001 : Final: Len = 96800.8, Over = 0
OPT-1001 : Start physical optimization ...
OPT-1001 : Total overflow 0.00 peak overflow 0.00
OPT-1001 : Start high-fanout net optimization ...
OPT-1001 : Update timing in global mode
PHY-1001 : Start incremental global routing, caller is place ...
RUN-1001 : Generating global routing grids ...
PHY-1001 : Generate routing nets ...
PHY-1001 : Reuse net number 73/4281.
PHY-1001 : Global iterations in 16 thread ...
PHY-1002 : len = 123776, over cnt = 391(1%), over = 739, worst = 6
PHY-1002 : len = 127752, over cnt = 192(0%), over = 280, worst = 6
PHY-1002 : len = 130760, over cnt = 27(0%), over = 39, worst = 5
PHY-1002 : len = 131040, over cnt = 14(0%), over = 18, worst = 3
PHY-1002 : len = 131288, over cnt = 0(0%), over = 0, worst = 0
PHY-1001 : End global iterations;  0.240707s wall, 0.265625s user + 0.109375s system = 0.375000s CPU (155.8%)

PHY-1001 : Congestion index: top1 = 33.36, top5 = 27.30, top10 = 23.76, top15 = 21.17.
PHY-1001 : End incremental global routing;  0.321077s wall, 0.328125s user + 0.125000s system = 0.453125s CPU (141.1%)

RUN-1002 : start command "start_timer -report"
TMR-5001 WARNING: No sdc constraints found while initiating timer.
TMR-2505 : Start building timing graph for model audio_speak.
TMR-2506 : Build timing graph completely. Port num: 50, tpin num: 14113, tnet num: 3223, tinst num: 1610, tnode num: 16899, tedge num: 24584.
TMR-2508 : Levelizing timing graph completed, there are 37 levels in total.
TMR-2501 : Timing graph initialized successfully.
OPT-1001 : End timing update;  0.271124s wall, 0.265625s user + 0.000000s system = 0.265625s CPU (98.0%)

OPT-1001 : 0 high-fanout net processed.
OPT-1001 : End high-fanout net optimization;  0.634103s wall, 0.640625s user + 0.125000s system = 0.765625s CPU (120.7%)

OPT-1001 : Current memory(MB): used = 221, reserve = 190, peak = 221.
OPT-1001 : Update timing in Manhattan mode
OPT-1001 : End timing update;  0.004339s wall, 0.000000s user + 0.000000s system = 0.000000s CPU (n/a%)

OPT-1001 : Start pin optimization...
OPT-1001 : skip pin optimization...
RUN-1001 : Generating global routing grids ...
PHY-1001 : Generate routing nets ...
PHY-1001 : Reuse net number 2727/4281.
PHY-1001 : Global iterations in 16 thread ...
PHY-1002 : len = 131288, over cnt = 0(0%), over = 0, worst = 0
PHY-1001 : End global iterations;  0.010316s wall, 0.015625s user + 0.000000s system = 0.015625s CPU (151.5%)

PHY-1001 : Congestion index: top1 = 33.36, top5 = 27.30, top10 = 23.76, top15 = 21.17.
OPT-1001 : Update timing in Manhattan mode
OPT-1001 : End timing update;  0.004922s wall, 0.015625s user + 0.000000s system = 0.015625s CPU (317.4%)

RUN-1001 : QoR Analysis:
OPT-0007 :   WNS 2147483647 TNS 0 NUM_FEPS 0
RUN-1001 :   No local congestion issue, and most congested 1% tile average routing util is 32.931034
RUN-1001 :   Top critical paths
OPT-1001 : End physical optimization;  0.752202s wall, 0.750000s user + 0.125000s system = 0.875000s CPU (116.3%)

RUN-1003 : finish command "place" in  6.704517s wall, 9.562500s user + 10.875000s system = 20.437500s CPU (304.8%)

RUN-1004 : used memory is 189 MB, reserved memory is 158 MB, peak memory is 224 MB
RUN-1002 : start command "export_db ES8388_place.db"
RUN-1001 : Exported /
RUN-1001 : Exported flow parameters
RUN-1001 : Exported libs
RUN-1001 : Exported entities
RUN-1001 : Exported ports
RUN-1001 : Exported pins
RUN-1001 : Exported instances
RUN-1001 : Exported nets
RUN-1001 : Exported buses
RUN-1001 : Exported models
RUN-1001 : Exported congestions
RUN-1001 : Exported violations
RUN-1001 : Exported IO constraints
RUN-1001 : Exported Inst constraints
RUN-1002 : start command "route"
RUN-1001 : Open license file E:/Software/Anlogic/TD5.6.2/license/Anlogic.lic
RUN-1001 : Print Global Property
RUN-1001 : ---------------------------------------------------------------
RUN-1001 :        Parameters        |  Settings  |  Default Values  |  Note  
RUN-1001 : ---------------------------------------------------------------
RUN-1001 :          message         |  standard  |     standard     |        
RUN-1001 :   mixed_pack_place_flow  |     on     |        on        |        
RUN-1001 :        qor_monitor       |    off     |       off        |        
RUN-1001 :        syn_ip_flow       |    off     |       off        |        
RUN-1001 :          thread          |    auto    |       auto       |        
RUN-1001 : ---------------------------------------------------------------
RUN-1001 : Print Route Property
RUN-1001 : -------------------------------------------------------
RUN-1001 :    Parameters    |  Settings  |  Default Values  |  Note  
RUN-1001 : -------------------------------------------------------
RUN-1001 :      effort      |   medium   |      medium      |        
RUN-1001 :     fix_hold     |    off     |       off        |        
RUN-1001 :    opt_timing    |   medium   |      medium      |        
RUN-1001 :   phy_sim_model  |    off     |       off        |        
RUN-1001 :     priority     |   timing   |      timing      |        
RUN-1001 :     swap_pin     |     on     |        on        |        
RUN-1001 : -------------------------------------------------------
PHY-1001 : Route runs in 16 thread(s)
RUN-1001 : There are total 1612 instances
RUN-1001 : 772 mslices, 771 lslices, 51 pads, 0 brams, 0 dsps
RUN-1001 : There are total 4281 nets
RUN-1001 : 2470 nets have 2 pins
RUN-1001 : 1394 nets have [3 - 5] pins
RUN-1001 : 264 nets have [6 - 10] pins
RUN-1001 : 102 nets have [11 - 20] pins
RUN-1001 : 41 nets have [21 - 99] pins
RUN-1001 : 10 nets have 100+ pins
RUN-1002 : start command "start_timer -report"
TMR-5001 WARNING: No sdc constraints found while initiating timer.
TMR-2505 : Start building timing graph for model audio_speak.
TMR-2506 : Build timing graph completely. Port num: 50, tpin num: 14113, tnet num: 3223, tinst num: 1610, tnode num: 16899, tedge num: 24584.
TMR-2508 : Levelizing timing graph completed, there are 37 levels in total.
TMR-2501 : Timing graph initialized successfully.
PHY-1001 : 772 mslices, 771 lslices, 51 pads, 0 brams, 0 dsps
TMR-2503 : Start to update net delay, extr mode = 3.
TMR-2504 : Update delay of 3223 nets completely.
TMR-2502 : Annotate delay completely, extr mode = 3.
TMR-3002 : No user constraint, initiate default constraint.
TMR-1501 : Assign derive clock DeriveClock to 1226 clock pins, and constraint 2778 relative nodes.
TMR-3003 : Constraints initiated successfully.
TMR-3501 : Forward propagation: start to calculate arrival time...
TMR-3502 : Backward propagation: start to calculate required time...
TMR-3503 : Timing propagation completes.
PHY-1001 : Start global routing, caller is route ...
RUN-1001 : Generating global routing grids ...
PHY-1001 : Generate routing nets ...
PHY-1001 : Global iterations in 16 thread ...
PHY-1002 : len = 122928, over cnt = 393(1%), over = 738, worst = 6
PHY-1002 : len = 126960, over cnt = 194(0%), over = 283, worst = 6
PHY-1002 : len = 129728, over cnt = 47(0%), over = 70, worst = 5
PHY-1002 : len = 130616, over cnt = 0(0%), over = 0, worst = 0
PHY-1001 : End global iterations;  0.244489s wall, 0.203125s user + 0.109375s system = 0.312500s CPU (127.8%)

PHY-1001 : Congestion index: top1 = 33.62, top5 = 27.25, top10 = 23.72, top15 = 21.08.
PHY-1001 : End global routing;  0.326430s wall, 0.296875s user + 0.109375s system = 0.406250s CPU (124.5%)

PHY-1001 : Start detail routing ...
PHY-1001 : Current memory(MB): used = 258, reserve = 228, peak = 273.
PHY-1001 : Detailed router is running in normal mode.
PHY-1001 : Generate detailed routing grids ...
PHY-1001 : Processed IO instance aud_dacdat_syn_4 with INV attribute.
PHY-1001 : Processed IO instance aud_dacdat_1_syn_4 with INV attribute.
PHY-1001 : Processed IO instance aud_dacdat_2_syn_4 with INV attribute.
PHY-1001 : Processed IO instance aud_dacdat_3_syn_4 with INV attribute.
PHY-1001 : Generate nets ...
PHY-1001 : clock net aud_bclk_syn_4 will be merged with clock aud_bclk_dup_1
PHY-1001 : clock net aud_bclk_1_syn_4 will be merged with clock aud_bclk_1_dup_1
PHY-1001 : clock net aud_bclk_2_syn_4 will be merged with clock aud_bclk_2_dup_1
PHY-1001 : clock net aud_bclk_3_syn_4 will be merged with clock aud_bclk_3_dup_1
PHY-1001 : net aud_mclk_dup_1 will be routed on clock mesh
PHY-1001 : net aud_mclk_1_dup_1 will be routed on clock mesh
PHY-1001 : net aud_mclk_2_dup_1 will be routed on clock mesh
PHY-1001 : net aud_mclk_3_dup_1 will be routed on clock mesh
PHY-1001 : clock net ilaclk_dup_1 will be merged with clock u_pll_clk/clk0_buf
PHY-1001 : clock net ilaclk_1_dup_1 will be merged with clock u1_pll_clk/clk0_buf
PHY-1001 : clock net ilaclk_2_dup_1 will be merged with clock u2_pll_clk/clk0_buf
PHY-1001 : clock net ilaclk_3_dup_1 will be merged with clock u3_pll_clk/clk0_buf
PHY-1001 : net sys_clk_dup_1 will be routed on clock mesh
PHY-1001 : clock net u1_es8388_ctrl/u_es8388_config/u_i2c_dri/dri_clk_syn_4 will be merged with clock u1_es8388_ctrl/u_es8388_config/u_i2c_dri/dri_clk
PHY-1001 : clock net u2_es8388_ctrl/u_es8388_config/u_i2c_dri/dri_clk_syn_4 will be merged with clock u2_es8388_ctrl/u_es8388_config/u_i2c_dri/dri_clk
PHY-1001 : clock net u3_es8388_ctrl/u_es8388_config/u_i2c_dri/dri_clk_syn_4 will be merged with clock u3_es8388_ctrl/u_es8388_config/u_i2c_dri/dri_clk
PHY-1001 : Current memory(MB): used = 526, reserve = 501, peak = 526.
PHY-1001 : End build detailed router design. 2.258298s wall, 2.203125s user + 0.046875s system = 2.250000s CPU (99.6%)

PHY-1001 : Detail Route ...
PHY-1001 : ===== Detail Route Phase 1 =====
PHY-1001 : Clock net routing.....
PHY-1001 : Routed 0% nets.
PHY-1022 : len = 58152, over cnt = 0(0%), over = 0, worst = 0, crit = 0
PHY-1001 : End initial clock net routed; 4.220749s wall, 4.218750s user + 0.000000s system = 4.218750s CPU (100.0%)

PHY-1001 : Current memory(MB): used = 558, reserve = 535, peak = 558.
PHY-1001 : End phase 1; 4.223573s wall, 4.218750s user + 0.000000s system = 4.218750s CPU (99.9%)

PHY-1001 : ===== Detail Route Phase 2 =====
PHY-1001 : Initial routing.....
PHY-1001 : Routed 25% nets.
PHY-1001 : Routed 31% nets.
PHY-1001 : Routed 38% nets.
PHY-1001 : Routed 48% nets.
PHY-1001 : Routed 63% nets.
PHY-1022 : len = 485584, over cnt = 120(0%), over = 121, worst = 2, crit = 0
PHY-1001 : Current memory(MB): used = 560, reserve = 536, peak = 560.
PHY-1001 : End initial routed; 2.962388s wall, 2.984375s user + 1.218750s system = 4.203125s CPU (141.9%)

PHY-1001 : Current memory(MB): used = 560, reserve = 536, peak = 560.
PHY-1001 : End phase 2; 2.962481s wall, 2.984375s user + 1.218750s system = 4.203125s CPU (141.9%)

PHY-1001 : ===== Detail Route Phase 3 =====
PHY-1001 : Ripup-reroute.....
PHY-1001 : ===== DR Iter 1 =====
PHY-1022 : len = 483816, over cnt = 34(0%), over = 34, worst = 1, crit = 0
PHY-1001 : End DR Iter 1; 0.072647s wall, 0.046875s user + 0.046875s system = 0.093750s CPU (129.0%)

PHY-1001 : ===== DR Iter 2 =====
PHY-1022 : len = 483880, over cnt = 3(0%), over = 3, worst = 1, crit = 0
PHY-1001 : End DR Iter 2; 0.043519s wall, 0.031250s user + 0.031250s system = 0.062500s CPU (143.6%)

PHY-1001 : ===== DR Iter 3 =====
PHY-1022 : len = 483912, over cnt = 0(0%), over = 0, worst = 0, crit = 0
PHY-1001 : End DR Iter 3; 0.028540s wall, 0.031250s user + 0.000000s system = 0.031250s CPU (109.5%)

PHY-1001 : Commit to database.....
PHY-1001 : 19 feed throughs used by 18 nets
PHY-1001 : End commit to database; 0.261827s wall, 0.265625s user + 0.000000s system = 0.265625s CPU (101.5%)

PHY-1001 : Current memory(MB): used = 581, reserve = 557, peak = 581.
PHY-1001 : End phase 3; 0.507497s wall, 0.453125s user + 0.078125s system = 0.531250s CPU (104.7%)

PHY-1003 : Routed, final wirelength = 483912
PHY-1001 : Current memory(MB): used = 581, reserve = 558, peak = 581.
PHY-1001 : End export database. 0.010412s wall, 0.015625s user + 0.000000s system = 0.015625s CPU (150.1%)

PHY-1001 : End detail routing;  10.126205s wall, 10.062500s user + 1.343750s system = 11.406250s CPU (112.6%)

RUN-1003 : finish command "route" in  10.909590s wall, 10.796875s user + 1.468750s system = 12.265625s CPU (112.4%)

RUN-1004 : used memory is 506 MB, reserved memory is 482 MB, peak memory is 581 MB
RUN-1002 : start command "report_area -io_info -file ES8388_phy.area"
RUN-1001 : standard
***Report Model: audio_speak Device: EG4S20BG256***

IO Statistics
#IO                        51
  #input                   19
  #output                  28
  #inout                    4

Utilization Statistics
#lut                     2724   out of  19600   13.90%
#reg                      947   out of  19600    4.83%
#le                      3038
  #lut only              2091   out of   3038   68.83%
  #reg only               314   out of   3038   10.34%
  #lut&reg                633   out of   3038   20.84%
#dsp                        0   out of     29    0.00%
#bram                       0   out of     64    0.00%
  #bram9k                   0
  #fifo9k                   0
#bram32k                    0   out of     16    0.00%
#pad                       51   out of    188   27.13%
  #ireg                     8
  #oreg                    20
  #treg                     4
#pll                        4   out of      4  100.00%
#gclk                      11   out of     16   68.75%

Clock Resource Statistics
Index     ClockNet                                            Type               DriverType         Driver                                                               Fanout
#1        sys_clk_dup_1                                       GCLK               io                 sys_clk_syn_2.di                                                     327
#2        aud_bclk_1_dup_1                                    GCLK               io                 aud_bclk_1_syn_2.di                                                  46
#3        aud_bclk_3_dup_1                                    GCLK               io                 aud_bclk_3_syn_2.di                                                  45
#4        aud_bclk_2_dup_1                                    GCLK               io                 aud_bclk_2_syn_2.di                                                  44
#5        aud_bclk_dup_1                                      GCLK               io                 aud_bclk_syn_2.di                                                    44
#6        u2_es8388_ctrl/u_es8388_config/u_i2c_dri/dri_clk    GCLK               mslice             u2_es8388_ctrl/u_es8388_config/u_i2c_dri/cur_state[0]_syn_2934.q0    41
#7        u3_es8388_ctrl/u_es8388_config/u_i2c_dri/dri_clk    GCLK               lslice             u3_es8388_ctrl/u_es8388_config/u_i2c_dri/dri_clk_reg_syn_9.q1        40
#8        u1_es8388_ctrl/u_es8388_config/u_i2c_dri/dri_clk    GCLK               mslice             u1_es8388_ctrl/u_es8388_config/u_i2c_dri/dri_clk_reg_syn_9.q1        38
#9        aud_mclk_1_dup_1                                    GCLK               pll                u1_pll_clk/pll_inst.clkc1                                            0
#10       aud_mclk_2_dup_1                                    GCLK               pll                u2_pll_clk/pll_inst.clkc1                                            0
#11       aud_mclk_3_dup_1                                    GCLK               pll                u3_pll_clk/pll_inst.clkc1                                            0
#12       aud_mclk_dup_1                                      GCLK               pll                u_pll_clk/pll_inst.clkc1                                             0
#13       u1_pll_clk/clk0_buf                                 GCLK               pll                u1_pll_clk/pll_inst.clkc0                                            0
#14       u2_pll_clk/clk0_buf                                 GCLK               pll                u2_pll_clk/pll_inst.clkc0                                            0
#15       u3_pll_clk/clk0_buf                                 GCLK               pll                u3_pll_clk/pll_inst.clkc0                                            0
#16       u_pll_clk/clk0_buf                                  GCLK               pll                u_pll_clk/pll_inst.clkc0                                             0


Detailed IO Report

      Name        Direction    Location    IOStandard    DriveStrength    PullType     PackReg   
   aud_adcdat       INPUT        R14        LVCMOS25          N/A          PULLUP       IREG     
  aud_adcdat_1      INPUT        G16        LVCMOS25          N/A          PULLUP       IREG     
  aud_adcdat_2      INPUT         E7        LVCMOS25          N/A          PULLUP       IREG     
  aud_adcdat_3      INPUT         L4        LVCMOS25          N/A          PULLUP       IREG     
    aud_bclk        INPUT         M6        LVCMOS25          N/A          PULLUP       NONE     
   aud_bclk_1       INPUT        G14        LVCMOS25          N/A          PULLUP       NONE     
   aud_bclk_2       INPUT         D5        LVCMOS25          N/A          PULLUP       NONE     
   aud_bclk_3       INPUT         H5        LVCMOS25          N/A          PULLUP       NONE     
    aud_lrc         INPUT         M7        LVCMOS25          N/A          PULLUP       IREG     
   aud_lrc_1        INPUT        H16        LVCMOS25          N/A          PULLUP       IREG     
   aud_lrc_2        INPUT         C6        LVCMOS25          N/A          PULLUP       IREG     
   aud_lrc_3        INPUT         K6        LVCMOS25          N/A          PULLUP       IREG     
    sys_clk         INPUT         R7        LVCMOS25          N/A          PULLUP       NONE     
   sys_rst_n        INPUT         E3        LVCMOS25          N/A          PULLUP       NONE     
  sys_rst_n_1       INPUT         F2        LVCMOS25          N/A           N/A         NONE     
  sys_rst_n_2       INPUT         T6        LVCMOS25          N/A           N/A         NONE     
  sys_rst_n_3       INPUT         F7        LVCMOS25          N/A           N/A         NONE     
   volume[1]        INPUT        B10        LVCMOS25          N/A          PULLUP       NONE     
   volume[0]        INPUT        A10        LVCMOS25          N/A          PULLUP       NONE     
   aud_dacdat      OUTPUT         P6        LVCMOS25           8            NONE        OREG     
  aud_dacdat_1     OUTPUT        H14        LVCMOS25           8            NONE        OREG     
  aud_dacdat_2     OUTPUT         E6        LVCMOS25           8            NONE        OREG     
  aud_dacdat_3     OUTPUT         K3        LVCMOS25           8            NONE        OREG     
    aud_mclk       OUTPUT         N5        LVCMOS25           8            NONE        NONE     
   aud_mclk_1      OUTPUT        F14        LVCMOS25           8            NONE        NONE     
   aud_mclk_2      OUTPUT         F6        LVCMOS25           8            NONE        NONE     
   aud_mclk_3      OUTPUT         H4        LVCMOS25           8            NONE        NONE     
    aud_scl        OUTPUT        R12        LVCMOS25           8            NONE        OREG     
   aud_scl_1       OUTPUT        D14        LVCMOS25           8            NONE        OREG     
   aud_scl_2       OUTPUT         A2        LVCMOS25           8            NONE        OREG     
   aud_scl_3       OUTPUT         G3        LVCMOS25           8            NONE        OREG     
     ilaclk        OUTPUT         M9        LVCMOS25           8            NONE        NONE     
    ilaclk_1       OUTPUT        L16        LVCMOS25           8            NONE        NONE     
    ilaclk_2       OUTPUT         D3        LVCMOS25           8            NONE        NONE     
    ilaclk_3       OUTPUT        K15        LVCMOS25           8            NONE        NONE     
      led          OUTPUT        E16        LVCMOS25           8            N/A         NONE     
     led_1         OUTPUT         E4        LVCMOS25           8            N/A         NONE     
     led_2         OUTPUT         J6        LVCMOS25           8            N/A         NONE     
     led_3         OUTPUT        J16        LVCMOS25           8            N/A         NONE     
   led_eight       OUTPUT        M12        LVCMOS25           8            NONE        OREG     
    led_five       OUTPUT        M10        LVCMOS25           8            NONE        OREG     
    led_four       OUTPUT        P11        LVCMOS25           8            NONE        OREG     
    led_one        OUTPUT         P9        LVCMOS25           8            NONE        OREG     
   led_seven       OUTPUT        N12        LVCMOS25           8            NONE        OREG     
    led_six        OUTPUT        L10        LVCMOS25           8            NONE        OREG     
    led_tree       OUTPUT        R16        LVCMOS25           8            NONE        OREG     
    led_two        OUTPUT        P12        LVCMOS25           8            NONE        OREG     
    aud_sda         INOUT         R9        LVCMOS25           8           PULLUP     OREG;TREG  
   aud_sda_1        INOUT        E15        LVCMOS25           8           PULLUP     OREG;TREG  
   aud_sda_2        INOUT         C3        LVCMOS25           8           PULLUP     OREG;TREG  
   aud_sda_3        INOUT         F3        LVCMOS25           8           PULLUP     OREG;TREG  

Report Hierarchy Area:
+--------------------------------------------------------------------------------------------------------+
|Instance                   |Module                 |le     |lut     |ripple  |seq     |bram    |dsp     |
+--------------------------------------------------------------------------------------------------------+
|top                        |audio_speak            |3038   |2207    |517     |979     |0       |0       |
|  u1_es8388_ctrl           |es8388_ctrl            |277    |228     |25      |144     |0       |0       |
|    u_audio_receive        |audio_receive          |84     |50      |12      |54      |0       |0       |
|    u_audio_send           |audio_send             |24     |24      |0       |22      |0       |0       |
|    u_es8388_config        |es8388_config          |169    |154     |13      |68      |0       |0       |
|      u_i2c_dri            |i2c_dri                |114    |107     |5       |41      |0       |0       |
|      u_i2c_reg_cfg        |i2c_reg_cfg            |55     |47      |8       |27      |0       |0       |
|  u1_pll_clk               |clk_wiz_0              |1      |1       |0       |0       |0       |0       |
|  u2_es8388_ctrl           |es8388_ctrl            |266    |222     |25      |143     |0       |0       |
|    u_audio_receive        |audio_receive          |81     |50      |12      |53      |0       |0       |
|    u_audio_send           |audio_send             |22     |22      |0       |22      |0       |0       |
|    u_es8388_config        |es8388_config          |163    |150     |13      |68      |0       |0       |
|      u_i2c_dri            |i2c_dri                |108    |103     |5       |41      |0       |0       |
|      u_i2c_reg_cfg        |i2c_reg_cfg            |55     |47      |8       |27      |0       |0       |
|  u2_pll_clk               |clk_wiz_0              |1      |1       |0       |0       |0       |0       |
|  u3_es8388_ctrl           |es8388_ctrl            |275    |214     |25      |145     |0       |0       |
|    u_audio_receive        |audio_receive          |93     |58      |12      |54      |0       |0       |
|    u_audio_send           |audio_send             |25     |14      |0       |23      |0       |0       |
|    u_es8388_config        |es8388_config          |157    |142     |13      |68      |0       |0       |
|      u_i2c_dri            |i2c_dri                |101    |94      |5       |41      |0       |0       |
|      u_i2c_reg_cfg        |i2c_reg_cfg            |56     |48      |8       |27      |0       |0       |
|  u3_pll_clk               |clk_wiz_0              |1      |1       |0       |0       |0       |0       |
|  u_es8388_ctrl            |es8388_ctrl            |336    |247     |53      |151     |0       |0       |
|    u_audio_receive        |audio_receive          |90     |55      |12      |51      |0       |0       |
|    u_audio_send           |audio_send             |88     |48      |28      |32      |0       |0       |
|    u_es8388_config        |es8388_config          |158    |144     |13      |68      |0       |0       |
|      u_i2c_dri            |i2c_dri                |101    |95      |5       |41      |0       |0       |
|      u_i2c_reg_cfg        |i2c_reg_cfg            |57     |49      |8       |27      |0       |0       |
|  u_pll_clk                |clk_wiz_0              |1      |1       |0       |0       |0       |0       |
|  u_spar_4mic_localization |spar_4mic_localization |1829   |1276    |377     |333     |0       |0       |
+--------------------------------------------------------------------------------------------------------+


DataNet Average Fanout:

   Index     Fanout     Nets  
    #1          1       2415  
    #2          2       1089  
    #3          3       206   
    #4          4        95   
    #5        5-10      299   
    #6        11-50      96   
    #7       51-100      4    
    #8       101-500     7    
  Average     2.82            

RUN-1002 : start command "export_db ES8388_pr.db"
RUN-1001 : Exported /
RUN-1001 : Exported flow parameters
RUN-1001 : Exported libs
RUN-1001 : Exported entities
RUN-1001 : Exported ports
RUN-1001 : Exported pins
RUN-1001 : Exported instances
RUN-1001 : Exported nets
RUN-1001 : Exported buses
RUN-1001 : Exported models
RUN-1001 : Exported congestions
RUN-1001 : Exported violations
RUN-1001 : Exported IO constraints
RUN-1001 : Exported Inst constraints
RUN-1002 : start command "export_bid ES8388_inst.bid"
RUN-1002 : start command "bitgen -bit ES8388.bit -unused_io_status pulldown"
BIT-1003 : Start to generate bitstream. 
BIT-1002 : Bitgen processed 137 unused pads, reserve input tri_state with pulldown
BIT-1002 : Init instances with 16 threads.
BIT-1002 : Init instances completely, inst num: 1747
BIT-1002 : Init pips with 16 threads.
BIT-1002 : Init pips completely, net num: 4281, pip num: 32183
BIT-1002 : Init feedthrough with 16 threads.
BIT-1002 : Init feedthrough completely, num: 19
BIT-1003 : Multithreading accelaration with 16 threads.
BIT-1003 : Generate bitstream completely, there are 2464 valid insts, and 90567 bits set as '1'.
BIT-1004 : PLL setting string = 1111
BIT-1004 : Generate bits file ES8388.bit.
RUN-1003 : finish command "bitgen -bit ES8388.bit -unused_io_status pulldown" in  2.308299s wall, 22.750000s user + 1.140625s system = 23.890625s CPU (1035.0%)

RUN-1004 : used memory is 502 MB, reserved memory is 488 MB, peak memory is 703 MB
RUN-1002 : start command "backup_run_log run.log ../.logs/phy_1/td_20251028_195209.log"
