============================================================
   Tang Dynasty, V5.6.71036
      Copyright (c) 2012-2023 Anlogic Inc.
   Executable = D:/TD/bin/td.exe
   Built at =   20:34:38 Mar 21 2023
   Run by =     lyw15
   Run Date =   Fri Oct 31 22:46:39 2025

   Run on =     -001
============================================================
RUN-1002 : start command "open_project ES8388.prj"
RUN-1001 : Print Global Property
RUN-1001 : ---------------------------------------------------------------
RUN-1001 :        Parameters        |  Settings  |  Default Values  |  Note  
RUN-1001 : ---------------------------------------------------------------
RUN-1001 :          message         |  standard  |     standard     |        
RUN-1001 :   mixed_pack_place_flow  |     on     |        on        |        
RUN-1001 :        qor_monitor       |    off     |       off        |        
RUN-1001 :        syn_ip_flow       |    off     |       off        |        
RUN-1001 :          thread          |    auto    |       auto       |        
RUN-1001 : ---------------------------------------------------------------
RUN-1001 : Print Design Property
RUN-1001 : --------------------------------------------------------------
RUN-1001 :        Parameters       |  Settings  |  Default Values  |  Note  
RUN-1001 : --------------------------------------------------------------
RUN-1001 :   default_reg_initial   |    auto    |       auto       |        
RUN-1001 :        infer_add        |     on     |        on        |        
RUN-1001 :        infer_fsm        |    off     |       off        |        
RUN-1001 :        infer_mult       |     on     |        on        |        
RUN-1001 :        infer_ram        |     on     |        on        |        
RUN-1001 :        infer_reg        |     on     |        on        |        
RUN-1001 :   infer_reg_init_value  |     on     |        on        |        
RUN-1001 :        infer_rom        |     on     |        on        |        
RUN-1001 :      infer_shifter      |     on     |        on        |        
RUN-1001 : --------------------------------------------------------------
RUN-1001 : Print Rtl Property
RUN-1001 : --------------------------------------------------------------
RUN-1001 :        Parameters       |  Settings  |  Default Values  |  Note  
RUN-1001 : --------------------------------------------------------------
RUN-1001 :       compress_add      |   ripple   |      ripple      |        
RUN-1001 :        elf_sload        |    off     |       off        |        
RUN-1001 :       fix_undriven      |     0      |        0         |        
RUN-1001 :         flatten         |    off     |       off        |        
RUN-1001 :       gate_sharing      |     on     |        on        |        
RUN-1001 :    hdl_warning_level    |   normal   |      normal      |        
RUN-1001 :   impl_internal_tribuf  |     on     |        on        |        
RUN-1001 :      impl_set_reset     |     on     |        on        |        
RUN-1001 :        infer_gsr        |    off     |       off        |        
RUN-1001 :      keep_hierarchy     |    auto    |       auto       |        
RUN-1001 :        max_fanout       |    9999    |       9999       |        
RUN-1001 :      max_oh2bin_len     |     10     |        10        |        
RUN-1001 :       merge_equal       |     on     |        on        |        
RUN-1001 :       merge_equiv       |     on     |        on        |        
RUN-1001 :        merge_mux        |    off     |       off        |        
RUN-1001 :     min_control_set     |     8      |        8         |        
RUN-1001 :      min_ripple_len     |    auto    |       auto       |        
RUN-1001 :       oh2bin_ratio      |    0.08    |       0.08       |        
RUN-1001 :     opt_adder_fanout    |     on     |        on        |        
RUN-1001 :        opt_arith        |     on     |        on        |        
RUN-1001 :       opt_big_gate      |    off     |       off        |        
RUN-1001 :        opt_const        |     on     |        on        |        
RUN-1001 :      opt_const_mult     |     on     |        on        |        
RUN-1001 :       opt_lessthan      |     on     |        on        |        
RUN-1001 :         opt_mux         |    off     |       off        |        
RUN-1001 :         opt_ram         |    high    |       high       |        
RUN-1001 :      rtl_sim_model      |    off     |       off        |        
RUN-1001 :         seq_syn         |     on     |        on        |        
RUN-1001 : --------------------------------------------------------------
HDL-1007 : analyze verilog file ../../al_ip/clk_wiz_0.v
HDL-1007 : undeclared symbol 'open', assumed default net type 'wire' in ../../al_ip/clk_wiz_0.v(80)
HDL-1007 : analyze verilog file ../../../RTL/audio_receive.v
HDL-1007 : analyze verilog file ../../../RTL/audio_send.v
HDL-1007 : analyze verilog file ../../../RTL/audio_speak.v
HDL-1007 : undeclared symbol 'processed_audio_1s', assumed default net type 'wire' in ../../../RTL/audio_speak.v(229)
HDL-1007 : analyze verilog file ../../../RTL/es8388_config.v
HDL-1007 : analyze verilog file ../../../RTL/es8388_ctrl.v
HDL-1007 : analyze verilog file ../../../RTL/i2c_dri.v
HDL-1007 : analyze verilog file ../../../RTL/i2c_reg_cfg.v
HDL-1007 : analyze verilog file ../../../RTL/spar_4mic_localization.v
HDL-1007 : analyze verilog file ../../../RTL/noise_suppress.v
HDL-1007 : analyze verilog file ../../../RTL/pitch_shift.v
HDL-5007 WARNING: loop variable declaration is not allowed in this mode of Verilog in ../../../RTL/pitch_shift.v(30)
HDL-1007 : analyze verilog file ../../../RTL/simple_denoise.v
RUN-1001 : Project manager successfully analyzed 12 source files.
RUN-1002 : start command "import_device eagle_s20.db -package EG4S20BG256"
ARC-1001 : Device Initialization.
ARC-1001 : ------------------------------------------------------------------
ARC-1001 :            OPTION            |          IO          |   SETTING   
ARC-1001 : ------------------------------------------------------------------
ARC-1001 :   cso_b/cclk/mosi/miso/dout  |  T3/R11/T10/P10/S11  |    gpio    
ARC-1001 :             done             |         P13          |    gpio    
ARC-1001 :           program_b          |          T2          |  dedicate  
ARC-1001 :        tdi/tms/tck/tdo       |   C12/A15/C14/E14    |  dedicate  
ARC-1001 : ------------------------------------------------------------------
ARC-1004 : Device setting, marked 5 dedicate IOs in total.
RUN-1002 : start command "import_db ../syn_1/ES8388_gate.db"
RUN-1001 : Importing database generated by Tang Dynasty, V5.6.71036.
RUN-1001 : Database version number 46146.
RUN-1001 : Import flow parameters
RUN-1001 : Import IO constraints
RUN-1001 : Import Inst constraints
RUN-1001 : Import design success TD_VERSION=5.6.71036 , DB_VERSION=46146
RUN-1002 : start command "place"
RUN-1001 : Open license file D:/TD/license/Anlogic.lic
RUN-1001 : Print Global Property
RUN-1001 : ---------------------------------------------------------------
RUN-1001 :        Parameters        |  Settings  |  Default Values  |  Note  
RUN-1001 : ---------------------------------------------------------------
RUN-1001 :          message         |  standard  |     standard     |        
RUN-1001 :   mixed_pack_place_flow  |     on     |        on        |        
RUN-1001 :        qor_monitor       |    off     |       off        |        
RUN-1001 :        syn_ip_flow       |    off     |       off        |        
RUN-1001 :          thread          |    auto    |       auto       |        
RUN-1001 : ---------------------------------------------------------------
RUN-1001 : Print Place Property
RUN-1001 : --------------------------------------------------------------
RUN-1001 :        Parameters       |  Settings  |  Default Values  |  Note  
RUN-1001 : --------------------------------------------------------------
RUN-1001 :      detailed_place     |     on     |        on        |        
RUN-1001 :          effort         |   medium   |      medium      |        
RUN-1001 :         fix_hold        |    off     |       off        |        
RUN-1001 :       legalization      |    ori     |       ori        |        
RUN-1001 :      new_spreading      |     on     |        on        |        
RUN-1001 :        opt_timing       |   medium   |      medium      |        
RUN-1001 :   post_clock_route_opt  |    off     |       off        |        
RUN-1001 :       pr_strategy       |     1      |        1         |        
RUN-1001 :        relaxation       |    1.00    |       1.00       |        
RUN-1001 :         retiming        |    off     |       off        |        
RUN-1001 : --------------------------------------------------------------
PHY-3001 : Placer runs in 24 thread(s).
RUN-1002 : start command "legalize_phy_inst"
SYN-1011 : Flatten model audio_speak
RUN-1002 : start command "phys_opt -simplify_lut"
SYN-4016 : Net ilaclk_1_dup_1 driven by BUFG (0 clock/control pins, 2 other pins).
SYN-4016 : Net ilaclk_2_dup_1 driven by BUFG (0 clock/control pins, 2 other pins).
SYN-4016 : Net ilaclk_3_dup_1 driven by BUFG (0 clock/control pins, 2 other pins).
SYN-4016 : Net ilaclk_dup_1 driven by BUFG (0 clock/control pins, 2 other pins).
SYN-4027 : Net aud_mclk_1_dup_1 is clkc1 of pll u1_pll_clk/pll_inst.
SYN-4019 : Net sys_clk_dup_1 is refclk of pll u1_pll_clk/pll_inst.
SYN-4020 : Net sys_clk_dup_1 is fbclk of pll u1_pll_clk/pll_inst.
SYN-4027 : Net aud_mclk_2_dup_1 is clkc1 of pll u2_pll_clk/pll_inst.
SYN-4019 : Net sys_clk_dup_1 is refclk of pll u2_pll_clk/pll_inst.
SYN-4020 : Net sys_clk_dup_1 is fbclk of pll u2_pll_clk/pll_inst.
SYN-4027 : Net aud_mclk_3_dup_1 is clkc1 of pll u3_pll_clk/pll_inst.
SYN-4019 : Net sys_clk_dup_1 is refclk of pll u3_pll_clk/pll_inst.
SYN-4020 : Net sys_clk_dup_1 is fbclk of pll u3_pll_clk/pll_inst.
SYN-4027 : Net aud_mclk_dup_1 is clkc1 of pll u_pll_clk/pll_inst.
SYN-4019 : Net sys_clk_dup_1 is refclk of pll u_pll_clk/pll_inst.
SYN-4020 : Net sys_clk_dup_1 is fbclk of pll u_pll_clk/pll_inst.
SYN-4024 : Net "aud_bclk_dup_1" drives clk pins.
SYN-4024 : Net "aud_bclk_1_dup_1" drives clk pins.
SYN-4024 : Net "aud_bclk_3_dup_1" drives clk pins.
SYN-4024 : Net "u1_es8388_ctrl/u_es8388_config/u_i2c_dri/dri_clk" drives clk pins.
SYN-4024 : Net "u2_es8388_ctrl/u_es8388_config/u_i2c_dri/dri_clk" drives clk pins.
SYN-4024 : Net "u3_es8388_ctrl/u_es8388_config/u_i2c_dri/dri_clk" drives clk pins.
SYN-4024 : Net "u_es8388_ctrl/u_es8388_config/u_i2c_dri/dri_clk" drives clk pins.
SYN-7503 WARNING: Net "aud_bclk_2_dup_1" drives clk pins. However it will not be tagged as clk net, for there's no more slots.
SYN-4025 : Tag rtl::Net aud_bclk_1_dup_1 as clock net
SYN-4025 : Tag rtl::Net aud_bclk_3_dup_1 as clock net
SYN-4025 : Tag rtl::Net aud_bclk_dup_1 as clock net
SYN-4025 : Tag rtl::Net aud_mclk_1_dup_1 as clock net
SYN-4025 : Tag rtl::Net aud_mclk_2_dup_1 as clock net
SYN-4025 : Tag rtl::Net aud_mclk_3_dup_1 as clock net
SYN-4025 : Tag rtl::Net aud_mclk_dup_1 as clock net
SYN-4025 : Tag rtl::Net ilaclk_1_dup_1 as clock net
SYN-4025 : Tag rtl::Net ilaclk_2_dup_1 as clock net
SYN-4025 : Tag rtl::Net ilaclk_3_dup_1 as clock net
SYN-4025 : Tag rtl::Net ilaclk_dup_1 as clock net
SYN-4025 : Tag rtl::Net sys_clk_dup_1 as clock net
SYN-4025 : Tag rtl::Net u1_es8388_ctrl/u_es8388_config/u_i2c_dri/dri_clk as clock net
SYN-4025 : Tag rtl::Net u2_es8388_ctrl/u_es8388_config/u_i2c_dri/dri_clk as clock net
SYN-4025 : Tag rtl::Net u3_es8388_ctrl/u_es8388_config/u_i2c_dri/dri_clk as clock net
SYN-4025 : Tag rtl::Net u_es8388_ctrl/u_es8388_config/u_i2c_dri/dri_clk as clock net
SYN-4026 : Tagged 16 rtl::Net as clock net
SYN-4015 : Create BUFG instance for clk Net aud_bclk_1_dup_1 to drive 80 clock pins.
SYN-4015 : Create BUFG instance for clk Net aud_bclk_3_dup_1 to drive 80 clock pins.
SYN-4015 : Create BUFG instance for clk Net aud_bclk_dup_1 to drive 80 clock pins.
SYN-4015 : Create BUFG instance for clk Net u1_es8388_ctrl/u_es8388_config/u_i2c_dri/dri_clk to drive 59 clock pins.
SYN-4015 : Create BUFG instance for clk Net u2_es8388_ctrl/u_es8388_config/u_i2c_dri/dri_clk to drive 59 clock pins.
SYN-4015 : Create BUFG instance for clk Net u3_es8388_ctrl/u_es8388_config/u_i2c_dri/dri_clk to drive 59 clock pins.
SYN-4015 : Create BUFG instance for clk Net u_es8388_ctrl/u_es8388_config/u_i2c_dri/dri_clk to drive 59 clock pins.
PHY-1001 : Populate physical database on model audio_speak.
RUN-1001 : There are total 13839 instances
RUN-0007 : 5755 luts, 7142 seqs, 564 mslices, 305 lslices, 55 pads, 0 brams, 0 dsps
RUN-1001 : There are total 15739 nets
RUN-1001 : 13512 nets have 2 pins
RUN-1001 : 1410 nets have [3 - 5] pins
RUN-1001 : 334 nets have [6 - 10] pins
RUN-1001 : 130 nets have [11 - 20] pins
RUN-1001 : 309 nets have [21 - 99] pins
RUN-1001 : 44 nets have 100+ pins
RUN-1001 : Report Control nets information:
RUN-1001 : DFF Distribution
RUN-1001 : ----------------------------------
RUN-1001 :   CE   |  SSR  |  ASR  |  DFF Count  
RUN-1001 : ----------------------------------
RUN-1001 :   No   |  No   |  No   |      0      
RUN-1001 :   No   |  No   |  Yes  |     651     
RUN-1001 :   No   |  Yes  |  No   |      0      
RUN-1001 :   Yes  |  No   |  No   |      0      
RUN-1001 :   Yes  |  No   |  Yes  |    6459     
RUN-1001 :   Yes  |  Yes  |  No   |     32      
RUN-1001 : ----------------------------------
RUN-0007 : Control Group Statistic
RUN-0007 : ---------------------------
RUN-0007 :   #CLK  |  #CE  |  #SSR/ASR  
RUN-0007 : ---------------------------
RUN-0007 :    9    |  278  |     9      
RUN-0007 : ---------------------------
RUN-0007 : Control Set = 290
PHY-3001 : Initial placement ...
PHY-3001 : design contains 13837 instances, 5755 luts, 7142 seqs, 869 slices, 184 macros(869 instances: 564 mslices 305 lslices)
PHY-3001 : Huge net led_dup_1 with 6377 pins
PHY-3001 : Huge net u_pitch_shift/read_ptr[1] with 3088 pins
PHY-3001 : Huge net u_pitch_shift/read_ptr[0] with 1617 pins
PHY-0007 : Cell area utilization is 38%
PHY-3001 : Global placement ...
PHY-3001 : Initial: Len = 2.79198e+06
PHY-3001 : Clustering ...
PHY-3001 : Level 0 #clusters 13837.
PHY-3001 : Level 1 #clusters 1484.
PHY-3001 : End clustering;  0.093515s wall, 0.093750s user + 0.000000s system = 0.093750s CPU (100.3%)

PHY-3001 : Run with size of 4
PHY-3001 : Cell area utilization is 38%
PHY-3001 : :::0::: Try harder cell spreading with beta_ = 0
PHY-3002 : Step(1): len = 567433, overlap = 229.031
PHY-3002 : Step(2): len = 506451, overlap = 319.188
PHY-3002 : Step(3): len = 352766, overlap = 513.656
PHY-3002 : Step(4): len = 308267, overlap = 601.562
PHY-3002 : Step(5): len = 251076, overlap = 706.281
PHY-3002 : Step(6): len = 216439, overlap = 786.281
PHY-3002 : Step(7): len = 174656, overlap = 852.094
PHY-3002 : Step(8): len = 155422, overlap = 892.312
PHY-3002 : Step(9): len = 130954, overlap = 922.344
PHY-3002 : Step(10): len = 114522, overlap = 958.031
PHY-3002 : Step(11): len = 98039.8, overlap = 982.312
PHY-3002 : Step(12): len = 87434.7, overlap = 1011
PHY-3002 : Step(13): len = 78236.4, overlap = 1028.06
PHY-3002 : Step(14): len = 71571.7, overlap = 1042.09
PHY-3002 : Step(15): len = 65236.2, overlap = 1046.66
PHY-3001 : :::1::: Try harder cell spreading with beta_ = 3.52908e-07
PHY-3002 : Step(16): len = 76200.3, overlap = 1018.66
PHY-3002 : Step(17): len = 109324, overlap = 927.375
PHY-3002 : Step(18): len = 104482, overlap = 855.125
PHY-3002 : Step(19): len = 104985, overlap = 838.188
PHY-3002 : Step(20): len = 100543, overlap = 826.156
PHY-3002 : Step(21): len = 99784.9, overlap = 828.812
PHY-3002 : Step(22): len = 94811.3, overlap = 827.469
PHY-3002 : Step(23): len = 94112.8, overlap = 835.875
PHY-3002 : Step(24): len = 91091.1, overlap = 849.469
PHY-3002 : Step(25): len = 91489.1, overlap = 852.188
PHY-3002 : Step(26): len = 88704.2, overlap = 854.75
PHY-3002 : Step(27): len = 87961.9, overlap = 842.062
PHY-3002 : Step(28): len = 85783, overlap = 832.094
PHY-3002 : Step(29): len = 85808.7, overlap = 831.844
PHY-3002 : Step(30): len = 83692.2, overlap = 842.188
PHY-3002 : Step(31): len = 83869.3, overlap = 827.219
PHY-3002 : Step(32): len = 83123.8, overlap = 818.438
PHY-3002 : Step(33): len = 83593, overlap = 831.469
PHY-3002 : Step(34): len = 82234.9, overlap = 852.75
PHY-3002 : Step(35): len = 82504, overlap = 854.125
PHY-3002 : Step(36): len = 81505.7, overlap = 852.812
PHY-3002 : Step(37): len = 82014.5, overlap = 867.5
PHY-3002 : Step(38): len = 80783.6, overlap = 859.219
PHY-3002 : Step(39): len = 80688.7, overlap = 851.75
PHY-3002 : Step(40): len = 79666.4, overlap = 838.281
PHY-3001 : :::2::: Try harder cell spreading with beta_ = 7.05816e-07
PHY-3002 : Step(41): len = 85737.3, overlap = 805.25
PHY-3002 : Step(42): len = 91774.6, overlap = 791.75
PHY-3002 : Step(43): len = 92743.4, overlap = 766.156
PHY-3002 : Step(44): len = 93013.1, overlap = 752.406
PHY-3002 : Step(45): len = 92830.6, overlap = 743.312
PHY-3002 : Step(46): len = 92378, overlap = 756.219
PHY-3002 : Step(47): len = 90953.2, overlap = 766.625
PHY-3001 : :::3::: Try harder cell spreading with beta_ = 1.41163e-06
PHY-3002 : Step(48): len = 99855.2, overlap = 748.594
PHY-3002 : Step(49): len = 108249, overlap = 672.406
PHY-3002 : Step(50): len = 112043, overlap = 643.656
PHY-3002 : Step(51): len = 114016, overlap = 654.938
PHY-3002 : Step(52): len = 115019, overlap = 640.906
PHY-3002 : Step(53): len = 113798, overlap = 650.688
PHY-3002 : Step(54): len = 111689, overlap = 669.875
PHY-3002 : Step(55): len = 110511, overlap = 658.969
PHY-3002 : Step(56): len = 109972, overlap = 645
PHY-3001 : :::4::: Try harder cell spreading with beta_ = 2.82326e-06
PHY-3002 : Step(57): len = 120281, overlap = 612.969
PHY-3002 : Step(58): len = 129167, overlap = 467.688
PHY-3002 : Step(59): len = 132836, overlap = 425.469
PHY-3002 : Step(60): len = 134230, overlap = 419.938
PHY-3002 : Step(61): len = 133346, overlap = 430.094
PHY-3002 : Step(62): len = 132827, overlap = 433.938
PHY-3002 : Step(63): len = 131149, overlap = 434.062
PHY-3002 : Step(64): len = 130868, overlap = 445.125
PHY-3002 : Step(65): len = 129851, overlap = 453.562
PHY-3001 : :::5::: Try harder cell spreading with beta_ = 5.64653e-06
PHY-3002 : Step(66): len = 143582, overlap = 397.531
PHY-3002 : Step(67): len = 153000, overlap = 346.906
PHY-3002 : Step(68): len = 155034, overlap = 299.5
PHY-3002 : Step(69): len = 155705, overlap = 268.938
PHY-3002 : Step(70): len = 154319, overlap = 280.188
PHY-3002 : Step(71): len = 153133, overlap = 291.844
PHY-3002 : Step(72): len = 151326, overlap = 308.344
PHY-3002 : Step(73): len = 150527, overlap = 310.406
PHY-3002 : Step(74): len = 150223, overlap = 308.094
PHY-3001 : :::6::: Try harder cell spreading with beta_ = 1.12931e-05
PHY-3002 : Step(75): len = 162722, overlap = 261.406
PHY-3002 : Step(76): len = 169447, overlap = 205.812
PHY-3002 : Step(77): len = 170236, overlap = 168.75
PHY-3002 : Step(78): len = 171178, overlap = 164.094
PHY-3002 : Step(79): len = 171267, overlap = 147.875
PHY-3002 : Step(80): len = 171224, overlap = 149.844
PHY-3002 : Step(81): len = 170366, overlap = 150.781
PHY-3002 : Step(82): len = 170325, overlap = 150.156
PHY-3002 : Step(83): len = 170655, overlap = 149.312
PHY-3001 : :::7::: Try harder cell spreading with beta_ = 2.25861e-05
PHY-3002 : Step(84): len = 179424, overlap = 139.25
PHY-3002 : Step(85): len = 186072, overlap = 105.031
PHY-3002 : Step(86): len = 187398, overlap = 121.5
PHY-3002 : Step(87): len = 188158, overlap = 128
PHY-3002 : Step(88): len = 187795, overlap = 116.75
PHY-3002 : Step(89): len = 188039, overlap = 114.125
PHY-3002 : Step(90): len = 186872, overlap = 105.25
PHY-3002 : Step(91): len = 186753, overlap = 104.438
PHY-3002 : Step(92): len = 185793, overlap = 97.2188
PHY-3002 : Step(93): len = 186068, overlap = 99.6562
PHY-3002 : Step(94): len = 186195, overlap = 99
PHY-3001 : :::8::: Try harder cell spreading with beta_ = 4.51722e-05
PHY-3002 : Step(95): len = 193100, overlap = 78.25
PHY-3002 : Step(96): len = 198854, overlap = 70.375
PHY-3002 : Step(97): len = 199918, overlap = 66.0938
PHY-3002 : Step(98): len = 201380, overlap = 68.75
PHY-3002 : Step(99): len = 202769, overlap = 67.4375
PHY-3002 : Step(100): len = 203661, overlap = 61.3438
PHY-3002 : Step(101): len = 202776, overlap = 63.875
PHY-3002 : Step(102): len = 202930, overlap = 67.8438
PHY-3002 : Step(103): len = 202712, overlap = 66
PHY-3002 : Step(104): len = 202950, overlap = 64.6562
PHY-3002 : Step(105): len = 202454, overlap = 56.75
PHY-3001 : :::9::: Try harder cell spreading with beta_ = 9.03444e-05
PHY-3002 : Step(106): len = 207414, overlap = 47.9062
PHY-3002 : Step(107): len = 212120, overlap = 36.8438
PHY-3002 : Step(108): len = 214466, overlap = 34.375
PHY-3002 : Step(109): len = 215873, overlap = 32.625
PHY-3002 : Step(110): len = 217197, overlap = 27.4375
PHY-3002 : Step(111): len = 218302, overlap = 20.125
PHY-3002 : Step(112): len = 218073, overlap = 15.6875
PHY-3002 : Step(113): len = 218227, overlap = 17.8125
PHY-3002 : Step(114): len = 218002, overlap = 15.1875
PHY-3002 : Step(115): len = 218043, overlap = 13.5
PHY-3002 : Step(116): len = 218033, overlap = 14
PHY-3001 : :::10::: Try harder cell spreading with beta_ = 0.000172942
PHY-3002 : Step(117): len = 221151, overlap = 12.125
PHY-3002 : Step(118): len = 224843, overlap = 10.5
PHY-3002 : Step(119): len = 225713, overlap = 9.8125
PHY-3002 : Step(120): len = 226716, overlap = 8.3125
PHY-3002 : Step(121): len = 227783, overlap = 9.5
PHY-3002 : Step(122): len = 228881, overlap = 7.8125
PHY-3002 : Step(123): len = 228829, overlap = 6.375
PHY-3002 : Step(124): len = 228877, overlap = 6.0625
PHY-3002 : Step(125): len = 229335, overlap = 6.1875
PHY-3001 : :::11::: Try harder cell spreading with beta_ = 0.000334356
PHY-3002 : Step(126): len = 231990, overlap = 6.4375
PHY-3002 : Step(127): len = 236180, overlap = 4.875
PHY-3002 : Step(128): len = 237625, overlap = 4.875
PHY-3002 : Step(129): len = 239278, overlap = 3.4375
PHY-3002 : Step(130): len = 241222, overlap = 4.875
PHY-3002 : Step(131): len = 243575, overlap = 7.125
PHY-3002 : Step(132): len = 243970, overlap = 8.8125
PHY-3002 : Step(133): len = 244213, overlap = 9.0625
PHY-3002 : Step(134): len = 244649, overlap = 9
PHY-3002 : Step(135): len = 244812, overlap = 13.8438
PHY-3002 : Step(136): len = 244320, overlap = 13.9688
PHY-3002 : Step(137): len = 243775, overlap = 14.5938
PHY-3002 : Step(138): len = 243958, overlap = 12
PHY-3002 : Step(139): len = 243994, overlap = 13.9062
PHY-3002 : Step(140): len = 243818, overlap = 13.9062
PHY-3002 : Step(141): len = 243846, overlap = 11.6562
PHY-3002 : Step(142): len = 244171, overlap = 11.6562
PHY-3001 : :::12::: Try harder cell spreading with beta_ = 0.000637674
PHY-3002 : Step(143): len = 245250, overlap = 11.6562
PHY-3002 : Step(144): len = 247046, overlap = 11.0312
PHY-3002 : Step(145): len = 248362, overlap = 11.5312
PHY-3002 : Step(146): len = 250096, overlap = 8.65625
PHY-3002 : Step(147): len = 251192, overlap = 13.1562
PHY-3002 : Step(148): len = 251880, overlap = 12.3438
PHY-3002 : Step(149): len = 252144, overlap = 14.3125
PHY-3002 : Step(150): len = 252532, overlap = 12.125
PHY-3002 : Step(151): len = 252724, overlap = 11.6562
PHY-3002 : Step(152): len = 252811, overlap = 11.6562
PHY-3002 : Step(153): len = 252732, overlap = 12.1562
PHY-3002 : Step(154): len = 252766, overlap = 12.1875
PHY-3002 : Step(155): len = 252835, overlap = 12.5938
PHY-3001 : :::13::: Try harder cell spreading with beta_ = 0.00111256
PHY-3002 : Step(156): len = 253578, overlap = 12.5938
PHY-3002 : Step(157): len = 254772, overlap = 12.5938
PHY-3002 : Step(158): len = 255552, overlap = 12.5938
PHY-3002 : Step(159): len = 257000, overlap = 11.9375
PHY-3002 : Step(160): len = 257768, overlap = 11.375
PHY-3002 : Step(161): len = 258200, overlap = 11.6562
PHY-3002 : Step(162): len = 258214, overlap = 10.7188
PHY-3002 : Step(163): len = 258361, overlap = 10.7188
PHY-3002 : Step(164): len = 258783, overlap = 10.7188
PHY-3002 : Step(165): len = 259182, overlap = 10.0312
PHY-3002 : Step(166): len = 259175, overlap = 10.5938
PHY-3001 : :::14::: Try harder cell spreading with beta_ = 0.00180013
PHY-3002 : Step(167): len = 260020, overlap = 10.5938
PHY-3002 : Step(168): len = 263523, overlap = 9.875
PHY-3002 : Step(169): len = 264565, overlap = 11.25
PHY-3002 : Step(170): len = 265717, overlap = 10.75
PHY-3002 : Step(171): len = 266665, overlap = 11.3125
PHY-3002 : Step(172): len = 267297, overlap = 11.4375
PHY-3002 : Step(173): len = 267383, overlap = 11.4375
PHY-3002 : Step(174): len = 267473, overlap = 10.3125
PHY-3002 : Step(175): len = 267792, overlap = 11.3125
PHY-3002 : Step(176): len = 268111, overlap = 10.9375
PHY-3002 : Step(177): len = 268081, overlap = 11.125
PHY-3002 : Step(178): len = 268290, overlap = 11
PHY-3002 : Step(179): len = 268690, overlap = 10.4375
PHY-3002 : Step(180): len = 268857, overlap = 9.4375
PHY-3002 : Step(181): len = 268739, overlap = 9.25
PHY-3002 : Step(182): len = 268874, overlap = 10.375
PHY-3002 : Step(183): len = 269210, overlap = 9.375
PHY-3002 : Step(184): len = 269374, overlap = 9.375
PHY-3002 : Step(185): len = 269261, overlap = 9.125
PHY-3002 : Step(186): len = 269234, overlap = 9.125
PHY-3002 : Step(187): len = 269295, overlap = 9.125
PHY-3001 : :::15::: Try harder cell spreading with beta_ = 0.00296028
PHY-3002 : Step(188): len = 269740, overlap = 9.125
PHY-3002 : Step(189): len = 271383, overlap = 8.0625
PHY-3002 : Step(190): len = 272142, overlap = 7.9375
PHY-3002 : Step(191): len = 272573, overlap = 8.1875
PHY-3002 : Step(192): len = 273105, overlap = 5.6875
PHY-3002 : Step(193): len = 274133, overlap = 4.8125
PHY-3002 : Step(194): len = 275009, overlap = 5.375
PHY-3002 : Step(195): len = 275666, overlap = 5
PHY-3002 : Step(196): len = 276075, overlap = 8.9375
PHY-3002 : Step(197): len = 276612, overlap = 8.4375
PHY-3002 : Step(198): len = 276942, overlap = 8.4375
PHY-3002 : Step(199): len = 277158, overlap = 8.4375
PHY-3002 : Step(200): len = 277404, overlap = 8.75
PHY-3002 : Step(201): len = 277608, overlap = 8.5
PHY-3002 : Step(202): len = 277625, overlap = 8.5
PHY-3002 : Step(203): len = 277710, overlap = 8.5
PHY-3002 : Step(204): len = 277771, overlap = 8.25
PHY-3001 : Legalization ...
PHY-3001 : End legalization;  0.002503s wall, 0.000000s user + 0.000000s system = 0.000000s CPU (n/a%)

PHY-3001 : Run with size of 4
PHY-3001 : Cell area utilization is 45%
PHY-3001 : Analyzing congestion ...
RUN-1001 : Generating global routing grids ...
RUN-1001 : Building simple global routing graph ...
PHY-1001 : Generate routing nets ...
PHY-1001 : Reuse net number 0/15739.
PHY-1001 : Global iterations in 24 thread ...
PHY-1002 : len = 452808, over cnt = 1359(3%), over = 6197, worst = 41
PHY-1001 : End global iterations;  0.761237s wall, 0.750000s user + 0.171875s system = 0.921875s CPU (121.1%)

PHY-1001 : Congestion index: top1 = 63.51, top5 = 47.01, top10 = 40.33, top15 = 36.33.
PHY-3001 : End congestion estimation;  0.869515s wall, 0.843750s user + 0.187500s system = 1.031250s CPU (118.6%)

PHY-3001 : Update density targets...
PHY-3001 : Update congestion history...
PHY-3001 : :::0::: Try harder cell spreading with beta_ = 5.5469e-05
PHY-3002 : Step(205): len = 304270, overlap = 20.0312
PHY-3002 : Step(206): len = 314437, overlap = 22.1562
PHY-3002 : Step(207): len = 312851, overlap = 17.375
PHY-3002 : Step(208): len = 298829, overlap = 17.5
PHY-3002 : Step(209): len = 287701, overlap = 15.125
PHY-3002 : Step(210): len = 282857, overlap = 14.0312
PHY-3002 : Step(211): len = 271401, overlap = 14.4062
PHY-3002 : Step(212): len = 270429, overlap = 14.4062
PHY-3002 : Step(213): len = 271723, overlap = 15.75
PHY-3002 : Step(214): len = 268048, overlap = 19.3438
PHY-3002 : Step(215): len = 260042, overlap = 20.1875
PHY-3002 : Step(216): len = 258911, overlap = 24.9688
PHY-3002 : Step(217): len = 259566, overlap = 26.5
PHY-3001 : :::1::: Try harder cell spreading with beta_ = 0.000110938
PHY-3002 : Step(218): len = 262006, overlap = 23.7812
PHY-3002 : Step(219): len = 262684, overlap = 25.1562
PHY-3002 : Step(220): len = 264079, overlap = 25.0938
PHY-3002 : Step(221): len = 270156, overlap = 27.2188
PHY-3002 : Step(222): len = 272975, overlap = 30.5312
PHY-3002 : Step(223): len = 274286, overlap = 31.5312
PHY-3001 : :::2::: Try harder cell spreading with beta_ = 0.000221876
PHY-3002 : Step(224): len = 277428, overlap = 30.2812
PHY-3002 : Step(225): len = 285732, overlap = 30.2812
PHY-3002 : Step(226): len = 291814, overlap = 28.6875
PHY-3002 : Step(227): len = 297357, overlap = 27.9062
PHY-3001 : Run with size of 2
PHY-3001 : Cell area utilization is 45%
PHY-3001 : Analyzing congestion ...
RUN-1001 : Generating global routing grids ...
PHY-1001 : Generate routing nets ...
PHY-1001 : Reuse net number 47/15739.
PHY-1001 : Global iterations in 24 thread ...
PHY-1002 : len = 445936, over cnt = 1796(5%), over = 9573, worst = 97
PHY-1001 : End global iterations;  0.926396s wall, 0.921875s user + 0.203125s system = 1.125000s CPU (121.4%)

PHY-1001 : Congestion index: top1 = 82.20, top5 = 57.96, top10 = 48.75, top15 = 43.56.
PHY-3001 : End congestion estimation;  1.055962s wall, 1.046875s user + 0.203125s system = 1.250000s CPU (118.4%)

PHY-3001 : Update density targets...
PHY-3001 : Update congestion history...
PHY-3001 : :::0::: Try harder cell spreading with beta_ = 5.95218e-05
PHY-3002 : Step(228): len = 274658, overlap = 184.406
PHY-3002 : Step(229): len = 273277, overlap = 131.438
PHY-3002 : Step(230): len = 277174, overlap = 120.188
PHY-3002 : Step(231): len = 271734, overlap = 95.4688
PHY-3002 : Step(232): len = 264922, overlap = 77.3438
PHY-3002 : Step(233): len = 265518, overlap = 71.6875
PHY-3002 : Step(234): len = 267136, overlap = 68
PHY-3002 : Step(235): len = 266784, overlap = 61.3125
PHY-3002 : Step(236): len = 262324, overlap = 64.0938
PHY-3002 : Step(237): len = 256905, overlap = 59.9062
PHY-3002 : Step(238): len = 257213, overlap = 67.625
PHY-3002 : Step(239): len = 257695, overlap = 67.875
PHY-3001 : :::1::: Try harder cell spreading with beta_ = 0.000119044
PHY-3002 : Step(240): len = 258472, overlap = 59.25
PHY-3002 : Step(241): len = 260375, overlap = 52.8125
PHY-3002 : Step(242): len = 262840, overlap = 52.625
PHY-3002 : Step(243): len = 264080, overlap = 53.625
PHY-3001 : :::2::: Try harder cell spreading with beta_ = 0.000238087
PHY-3002 : Step(244): len = 265336, overlap = 49.0625
PHY-3002 : Step(245): len = 267790, overlap = 47.4375
PHY-3002 : Step(246): len = 269338, overlap = 44.8125
OPT-1001 : Start physical optimization ...
OPT-1001 : Total overflow 320.41 peak overflow 3.06
OPT-1001 : Start high-fanout net optimization ...
OPT-1001 : Update timing in global mode
PHY-1001 : Start incremental global routing, caller is place ...
RUN-1001 : Generating global routing grids ...
PHY-1001 : Generate routing nets ...
PHY-1001 : Reuse net number 190/15739.
PHY-1001 : Global iterations in 24 thread ...
PHY-1002 : len = 448656, over cnt = 2053(5%), over = 7389, worst = 35
PHY-1001 : End global iterations;  1.426810s wall, 1.359375s user + 0.250000s system = 1.609375s CPU (112.8%)

PHY-1001 : Congestion index: top1 = 54.33, top5 = 43.38, top10 = 38.55, top15 = 35.68.
PHY-1001 : End incremental global routing;  1.575899s wall, 1.515625s user + 0.250000s system = 1.765625s CPU (112.0%)

RUN-1002 : start command "start_timer -report"
TMR-5001 WARNING: No sdc constraints found while initiating timer.
TMR-2505 : Start building timing graph for model audio_speak.
TMR-2506 : Build timing graph completely. Port num: 54, tpin num: 70030, tnet num: 14681, tinst num: 13837, tnode num: 98542, tedge num: 113367.
TMR-2508 : Levelizing timing graph completed, there are 43 levels in total.
TMR-2501 : Timing graph initialized successfully.
OPT-1001 : End timing update;  0.608790s wall, 0.515625s user + 0.093750s system = 0.609375s CPU (100.1%)

OPT-1001 : 0 high-fanout net processed.
OPT-1001 : End high-fanout net optimization;  2.382531s wall, 2.218750s user + 0.343750s system = 2.562500s CPU (107.6%)

OPT-1001 : Current memory(MB): used = 481, reserve = 459, peak = 481.
OPT-1001 : End physical optimization;  2.491601s wall, 2.484375s user + 0.421875s system = 2.906250s CPU (116.6%)

PHY-3001 : Start packing ...
SYN-4007 : Packing 0 MUX to BLE ...
SYN-4008 : Packed 0 MUX and 0 SEQ to BLE.
SYN-4007 : Packing 5755 LUT to BLE ...
SYN-4008 : Packed 5755 LUT and 526 SEQ to BLE.
SYN-4003 : Packing 6616 remaining SEQ's ...
SYN-4005 : Packed 4879 SEQ with LUT/SLICE
SYN-4006 : 438 single LUT's are left
SYN-4006 : 1737 single SEQ's are left
SYN-4011 : Packing model "audio_speak" (AL_USER_NORMAL) with 7492/8434 primitive instances ...
PHY-3001 : End packing;  0.991487s wall, 0.968750s user + 0.015625s system = 0.984375s CPU (99.3%)

PHY-1001 : Populate physical database on model audio_speak.
RUN-1001 : There are total 5784 instances
RUN-1001 : 2855 mslices, 2856 lslices, 55 pads, 0 brams, 0 dsps
RUN-1001 : There are total 15225 nets
RUN-1001 : 12925 nets have 2 pins
RUN-1001 : 1481 nets have [3 - 5] pins
RUN-1001 : 338 nets have [6 - 10] pins
RUN-1001 : 383 nets have [11 - 20] pins
RUN-1001 : 57 nets have [21 - 99] pins
RUN-1001 : 41 nets have 100+ pins
PHY-3001 : design contains 5782 instances, 5711 slices, 184 macros(869 instances: 564 mslices 305 lslices)
PHY-3001 : Huge net led_dup_1 with 4343 pins
PHY-3001 : Huge net u_pitch_shift/read_ptr[1] with 2202 pins
PHY-3001 : Huge net u_pitch_shift/read_ptr[0] with 1331 pins
PHY-3001 : Cell area utilization is 65%
PHY-3001 : After packing: Len = 297475, Over = 173.5
PHY-3001 : Run with size of 2
PHY-3001 : Cell area utilization is 65%
PHY-3001 : Analyzing congestion ...
RUN-1001 : Generating global routing grids ...
PHY-1001 : Generate routing nets ...
PHY-1001 : Reuse net number 4832/15225.
PHY-1001 : Global iterations in 24 thread ...
PHY-1002 : len = 485784, over cnt = 2007(5%), over = 4825, worst = 35
PHY-1002 : len = 509832, over cnt = 1383(3%), over = 2682, worst = 22
PHY-1002 : len = 530840, over cnt = 617(1%), over = 1194, worst = 18
PHY-1002 : len = 539520, over cnt = 344(0%), over = 557, worst = 8
PHY-1002 : len = 549640, over cnt = 0(0%), over = 0, worst = 0
PHY-1001 : End global iterations;  1.759714s wall, 1.718750s user + 0.328125s system = 2.046875s CPU (116.3%)

PHY-1001 : Congestion index: top1 = 47.07, top5 = 39.93, top10 = 36.64, top15 = 34.63.
PHY-3001 : End congestion estimation;  1.997893s wall, 1.953125s user + 0.328125s system = 2.281250s CPU (114.2%)

PHY-3001 : Update density targets...
PHY-3001 : Update congestion history...
PHY-3001 : :::0::: Try harder cell spreading with beta_ = 1.81694e-05
PHY-3002 : Step(247): len = 278219, overlap = 186.75
PHY-3002 : Step(248): len = 277180, overlap = 196.5
PHY-3002 : Step(249): len = 270536, overlap = 238.25
PHY-3002 : Step(250): len = 261819, overlap = 251.75
PHY-3002 : Step(251): len = 262055, overlap = 252.25
PHY-3002 : Step(252): len = 261206, overlap = 255
PHY-3002 : Step(253): len = 260942, overlap = 270.75
PHY-3002 : Step(254): len = 262290, overlap = 276.5
PHY-3001 : :::1::: Try harder cell spreading with beta_ = 3.63388e-05
PHY-3002 : Step(255): len = 265735, overlap = 254.75
PHY-3002 : Step(256): len = 267747, overlap = 250.25
PHY-3002 : Step(257): len = 269932, overlap = 237.25
PHY-3001 : :::2::: Try harder cell spreading with beta_ = 7.26776e-05
PHY-3002 : Step(258): len = 277027, overlap = 216.75
PHY-3002 : Step(259): len = 279208, overlap = 212.75
PHY-3002 : Step(260): len = 280486, overlap = 201.25
PHY-3002 : Step(261): len = 280854, overlap = 194.5
PHY-3002 : Step(262): len = 281486, overlap = 182.25
PHY-3001 : Legalization ...
PHY-3001 : End legalization;  1.011635s wall, 1.421875s user + 1.609375s system = 3.031250s CPU (299.6%)

PHY-3001 : Trial Legalized: Len = 359559
PHY-3001 : Run with size of 2
PHY-3001 : Cell area utilization is 64%
PHY-3001 : Analyzing congestion ...
RUN-1001 : Generating global routing grids ...
PHY-1001 : Generate routing nets ...
PHY-1001 : Reuse net number 476/15225.
PHY-1001 : Global iterations in 24 thread ...
PHY-1002 : len = 552984, over cnt = 2050(5%), over = 3206, worst = 6
PHY-1002 : len = 566544, over cnt = 1020(2%), over = 1443, worst = 6
PHY-1002 : len = 578832, over cnt = 361(1%), over = 510, worst = 4
PHY-1002 : len = 583408, over cnt = 147(0%), over = 201, worst = 4
PHY-1002 : len = 586928, over cnt = 0(0%), over = 0, worst = 0
PHY-1001 : End global iterations;  2.377192s wall, 2.421875s user + 0.531250s system = 2.953125s CPU (124.2%)

PHY-1001 : Congestion index: top1 = 42.80, top5 = 38.28, top10 = 36.15, top15 = 34.73.
PHY-3001 : End congestion estimation;  2.694402s wall, 2.718750s user + 0.546875s system = 3.265625s CPU (121.2%)

PHY-3001 : Update density targets...
PHY-3001 : Update congestion history...
PHY-3001 : :::0::: Try harder cell spreading with beta_ = 4.83034e-05
PHY-3002 : Step(263): len = 314654, overlap = 48.25
PHY-3002 : Step(264): len = 300170, overlap = 95
PHY-3002 : Step(265): len = 293583, overlap = 114
PHY-3002 : Step(266): len = 290146, overlap = 131.75
PHY-3002 : Step(267): len = 289892, overlap = 136.75
PHY-3001 : :::1::: Try harder cell spreading with beta_ = 9.66067e-05
PHY-3002 : Step(268): len = 293618, overlap = 135.25
PHY-3002 : Step(269): len = 295383, overlap = 131.75
PHY-3002 : Step(270): len = 297682, overlap = 126.25
PHY-3001 : :::2::: Try harder cell spreading with beta_ = 0.000193213
PHY-3002 : Step(271): len = 301613, overlap = 121.75
PHY-3002 : Step(272): len = 303340, overlap = 117.75
PHY-3002 : Step(273): len = 305749, overlap = 112
PHY-3002 : Step(274): len = 308021, overlap = 109.75
PHY-3002 : Step(275): len = 310457, overlap = 106.75
PHY-3001 : Legalization ...
PHY-3001 : End legalization;  0.013320s wall, 0.015625s user + 0.000000s system = 0.015625s CPU (117.3%)

PHY-3001 : Legalized: Len = 339956, Over = 0
PHY-3001 : Spreading special nets. 35 overflows in 2952 tiles.
PHY-3001 : End spreading;  0.034935s wall, 0.046875s user + 0.000000s system = 0.046875s CPU (134.2%)

PHY-3001 : 48 instances has been re-located, deltaX = 12, deltaY = 27, maxDist = 1.
PHY-3001 : Final: Len = 341070, Over = 0
OPT-1001 : Start physical optimization ...
OPT-1001 : Total overflow 0.00 peak overflow 0.00
OPT-1001 : Start high-fanout net optimization ...
OPT-1001 : Update timing in global mode
PHY-1001 : Start incremental global routing, caller is place ...
RUN-1001 : Generating global routing grids ...
PHY-1001 : Generate routing nets ...
PHY-1001 : Reuse net number 2111/15225.
PHY-1001 : Global iterations in 24 thread ...
PHY-1002 : len = 544480, over cnt = 1889(5%), over = 2849, worst = 5
PHY-1002 : len = 555216, over cnt = 1009(2%), over = 1393, worst = 5
PHY-1002 : len = 567832, over cnt = 342(0%), over = 464, worst = 5
PHY-1002 : len = 573048, over cnt = 71(0%), over = 90, worst = 4
PHY-1002 : len = 574472, over cnt = 0(0%), over = 0, worst = 0
PHY-1001 : End global iterations;  1.705253s wall, 1.734375s user + 0.421875s system = 2.156250s CPU (126.4%)

PHY-1001 : Congestion index: top1 = 41.06, top5 = 37.15, top10 = 35.01, top15 = 33.54.
PHY-1001 : End incremental global routing;  2.023034s wall, 2.046875s user + 0.421875s system = 2.468750s CPU (122.0%)

RUN-1002 : start command "start_timer -report"
TMR-5001 WARNING: No sdc constraints found while initiating timer.
TMR-2505 : Start building timing graph for model audio_speak.
TMR-2506 : Build timing graph completely. Port num: 54, tpin num: 62402, tnet num: 14167, tinst num: 5782, tnode num: 84090, tedge num: 101560.
TMR-2508 : Levelizing timing graph completed, there are 41 levels in total.
TMR-2501 : Timing graph initialized successfully.
OPT-1001 : End timing update;  0.823610s wall, 0.765625s user + 0.062500s system = 0.828125s CPU (100.5%)

OPT-1001 : 0 high-fanout net processed.
OPT-1001 : End high-fanout net optimization;  3.074253s wall, 3.046875s user + 0.484375s system = 3.531250s CPU (114.9%)

OPT-1001 : Current memory(MB): used = 509, reserve = 489, peak = 509.
OPT-1001 : Update timing in Manhattan mode
OPT-1001 : End timing update;  0.015210s wall, 0.015625s user + 0.000000s system = 0.015625s CPU (102.7%)

OPT-1001 : Start pin optimization...
OPT-1001 : skip pin optimization...
RUN-1001 : Generating global routing grids ...
PHY-1001 : Generate routing nets ...
PHY-1001 : Reuse net number 11195/15225.
PHY-1001 : Global iterations in 24 thread ...
PHY-1002 : len = 574472, over cnt = 0(0%), over = 0, worst = 0
PHY-1001 : End global iterations;  0.060622s wall, 0.062500s user + 0.000000s system = 0.062500s CPU (103.1%)

PHY-1001 : Congestion index: top1 = 41.06, top5 = 37.15, top10 = 35.01, top15 = 33.54.
OPT-1001 : Update timing in Manhattan mode
OPT-1001 : End timing update;  0.017253s wall, 0.015625s user + 0.000000s system = 0.015625s CPU (90.6%)

RUN-1001 : QoR Analysis:
OPT-0007 :   WNS 2147483647 TNS 0 NUM_FEPS 0
RUN-1001 :   No local congestion issue, and most congested 1% tile average routing util is 40.620690
RUN-1001 :   Top critical paths
OPT-1001 : End physical optimization;  3.429843s wall, 3.390625s user + 0.484375s system = 3.875000s CPU (113.0%)

RUN-1003 : finish command "place" in  22.812514s wall, 30.015625s user + 18.437500s system = 48.453125s CPU (212.4%)

RUN-1004 : used memory is 398 MB, reserved memory is 375 MB, peak memory is 518 MB
RUN-1002 : start command "export_db ES8388_place.db"
RUN-1001 : Exported /
RUN-1001 : Exported flow parameters
RUN-1001 : Exported libs
RUN-1001 : Exported entities
RUN-1001 : Exported ports
RUN-1001 : Exported pins
RUN-1001 : Exported instances
RUN-1001 : Exported nets
RUN-1001 : Exported buses
RUN-1001 : Exported models
RUN-1001 : Exported congestions
RUN-1001 : Exported violations
RUN-1001 : Exported IO constraints
RUN-1001 : Exported Inst constraints
RUN-1003 : finish command "export_db ES8388_place.db" in  1.021491s wall, 1.546875s user + 0.031250s system = 1.578125s CPU (154.5%)

RUN-1004 : used memory is 398 MB, reserved memory is 375 MB, peak memory is 518 MB
RUN-1002 : start command "route"
RUN-1001 : Open license file D:/TD/license/Anlogic.lic
RUN-1001 : Print Global Property
RUN-1001 : ---------------------------------------------------------------
RUN-1001 :        Parameters        |  Settings  |  Default Values  |  Note  
RUN-1001 : ---------------------------------------------------------------
RUN-1001 :          message         |  standard  |     standard     |        
RUN-1001 :   mixed_pack_place_flow  |     on     |        on        |        
RUN-1001 :        qor_monitor       |    off     |       off        |        
RUN-1001 :        syn_ip_flow       |    off     |       off        |        
RUN-1001 :          thread          |    auto    |       auto       |        
RUN-1001 : ---------------------------------------------------------------
RUN-1001 : Print Route Property
RUN-1001 : -------------------------------------------------------
RUN-1001 :    Parameters    |  Settings  |  Default Values  |  Note  
RUN-1001 : -------------------------------------------------------
RUN-1001 :      effort      |   medium   |      medium      |        
RUN-1001 :     fix_hold     |    off     |       off        |        
RUN-1001 :    opt_timing    |   medium   |      medium      |        
RUN-1001 :   phy_sim_model  |    off     |       off        |        
RUN-1001 :     priority     |   timing   |      timing      |        
RUN-1001 :     swap_pin     |     on     |        on        |        
RUN-1001 : -------------------------------------------------------
PHY-1001 : Route runs in 24 thread(s)
RUN-1001 : There are total 5784 instances
RUN-1001 : 2855 mslices, 2856 lslices, 55 pads, 0 brams, 0 dsps
RUN-1001 : There are total 15225 nets
RUN-1001 : 12925 nets have 2 pins
RUN-1001 : 1481 nets have [3 - 5] pins
RUN-1001 : 338 nets have [6 - 10] pins
RUN-1001 : 383 nets have [11 - 20] pins
RUN-1001 : 57 nets have [21 - 99] pins
RUN-1001 : 41 nets have 100+ pins
RUN-1002 : start command "start_timer -report"
TMR-5001 WARNING: No sdc constraints found while initiating timer.
TMR-2505 : Start building timing graph for model audio_speak.
TMR-2506 : Build timing graph completely. Port num: 54, tpin num: 62402, tnet num: 14167, tinst num: 5782, tnode num: 84090, tedge num: 101560.
TMR-2508 : Levelizing timing graph completed, there are 41 levels in total.
TMR-2501 : Timing graph initialized successfully.
PHY-1001 : 2855 mslices, 2856 lslices, 55 pads, 0 brams, 0 dsps
TMR-2503 : Start to update net delay, extr mode = 3.
TMR-2504 : Update delay of 14167 nets completely.
TMR-2502 : Annotate delay completely, extr mode = 3.
TMR-3002 : No user constraint, initiate default constraint.
TMR-1501 : Assign derive clock DeriveClock to 9706 clock pins, and constraint 21680 relative nodes.
TMR-3003 : Constraints initiated successfully.
TMR-3501 : Forward propagation: start to calculate arrival time...
TMR-3502 : Backward propagation: start to calculate required time...
TMR-3503 : Timing propagation completes.
PHY-1001 : Start global routing, caller is route ...
RUN-1001 : Generating global routing grids ...
PHY-1001 : Generate routing nets ...
PHY-1001 : Global iterations in 24 thread ...
PHY-1002 : len = 520744, over cnt = 2045(5%), over = 3307, worst = 6
PHY-1002 : len = 535056, over cnt = 1186(3%), over = 1684, worst = 6
PHY-1002 : len = 547976, over cnt = 533(1%), over = 741, worst = 5
PHY-1002 : len = 559136, over cnt = 0(0%), over = 0, worst = 0
PHY-1001 : End global iterations;  2.602757s wall, 2.546875s user + 0.421875s system = 2.968750s CPU (114.1%)

PHY-1001 : Congestion index: top1 = 39.98, top5 = 36.67, top10 = 34.67, top15 = 33.21.
PHY-1001 : End global routing;  2.798137s wall, 2.765625s user + 0.421875s system = 3.187500s CPU (113.9%)

PHY-1001 : Start detail routing ...
PHY-1001 : Current memory(MB): used = 614, reserve = 599, peak = 614.
PHY-1001 : Detailed router is running in normal mode.
PHY-1001 : Generate detailed routing grids ...
PHY-1001 : Processed IO instance aud_dacdat_syn_4 with INV attribute.
PHY-1001 : Processed IO instance aud_dacdat_1_syn_4 with INV attribute.
PHY-1001 : Processed IO instance aud_dacdat_3_syn_4 with INV attribute.
PHY-1001 : Generate nets ...
PHY-1001 : clock net aud_bclk_syn_4 will be merged with clock aud_bclk_dup_1
PHY-1001 : clock net aud_bclk_1_syn_4 will be merged with clock aud_bclk_1_dup_1
PHY-1001 : clock net aud_bclk_3_syn_4 will be merged with clock aud_bclk_3_dup_1
PHY-1001 : net aud_mclk_dup_1 will be routed on clock mesh
PHY-1001 : net aud_mclk_1_dup_1 will be routed on clock mesh
PHY-1001 : net aud_mclk_2_dup_1 will be routed on clock mesh
PHY-1001 : net aud_mclk_3_dup_1 will be routed on clock mesh
PHY-1001 : clock net ilaclk_dup_1 will be merged with clock u_pll_clk/clk0_buf
PHY-1001 : clock net ilaclk_1_dup_1 will be merged with clock u1_pll_clk/clk0_buf
PHY-1001 : clock net ilaclk_2_dup_1 will be merged with clock u2_pll_clk/clk0_buf
PHY-1001 : clock net ilaclk_3_dup_1 will be merged with clock u3_pll_clk/clk0_buf
PHY-1001 : net sys_clk_dup_1 will be routed on clock mesh
PHY-1001 : clock net u1_es8388_ctrl/u_es8388_config/u_i2c_dri/dri_clk_syn_4 will be merged with clock u1_es8388_ctrl/u_es8388_config/u_i2c_dri/dri_clk
PHY-1001 : clock net u2_es8388_ctrl/u_es8388_config/u_i2c_dri/dri_clk_syn_4 will be merged with clock u2_es8388_ctrl/u_es8388_config/u_i2c_dri/dri_clk
PHY-1001 : clock net u3_es8388_ctrl/u_es8388_config/u_i2c_dri/dri_clk_syn_4 will be merged with clock u3_es8388_ctrl/u_es8388_config/u_i2c_dri/dri_clk
PHY-1001 : clock net u_es8388_ctrl/u_es8388_config/u_i2c_dri/dri_clk_syn_4 will be merged with clock u_es8388_ctrl/u_es8388_config/u_i2c_dri/dri_clk
PHY-1001 : Current memory(MB): used = 874, reserve = 862, peak = 874.
PHY-1001 : End build detailed router design. 2.931843s wall, 2.921875s user + 0.015625s system = 2.937500s CPU (100.2%)

PHY-1001 : Detail Route ...
PHY-1001 : ===== Detail Route Phase 1 =====
PHY-1001 : Clock net routing.....
PHY-1001 : Routed 0% nets.
PHY-1022 : len = 178248, over cnt = 0(0%), over = 0, worst = 0, crit = 0
PHY-1001 : End initial clock net routed; 3.553502s wall, 3.468750s user + 0.031250s system = 3.500000s CPU (98.5%)

PHY-1001 : Current memory(MB): used = 910, reserve = 899, peak = 910.
PHY-1001 : End phase 1; 3.559253s wall, 3.484375s user + 0.031250s system = 3.515625s CPU (98.8%)

PHY-1001 : ===== Detail Route Phase 2 =====
PHY-1001 : Initial routing.....
PHY-1001 : Routed 52% nets.
PHY-1001 : Routed 58% nets.
PHY-1001 : Routed 66% nets.
PHY-1001 : Routed 77% nets.
PHY-1001 : Routed 89% nets.
PHY-1001 : ===== Detail Route Phase 3 =====
PHY-1001 : Routed 89% nets.
PHY-1022 : len = 2.90883e+06, over cnt = 1990(0%), over = 2002, worst = 2, crit = 0
PHY-1001 : End Routed; 0.387134s wall, 0.359375s user + 0.015625s system = 0.375000s CPU (96.9%)

PHY-1022 : len = 2.90883e+06, over cnt = 1990(0%), over = 2002, worst = 2, crit = 0
PHY-1001 : Current memory(MB): used = 921, reserve = 909, peak = 921.
PHY-1001 : End initial routed; 14.246746s wall, 15.671875s user + 4.984375s system = 20.656250s CPU (145.0%)

PHY-1001 : Current memory(MB): used = 921, reserve = 909, peak = 921.
PHY-1001 : End phase 3; 14.246842s wall, 15.671875s user + 4.984375s system = 20.656250s CPU (145.0%)

PHY-1001 : ===== Detail Route Phase 4 =====
PHY-0007 : Phase: 4; Congestion: {, , , }; Timing: {4.415ns, 0.000ns, 0}
PHY-1001 : Ripup-reroute.....
PHY-1001 : ===== DR Iter 1 =====
PHY-1022 : len = 2.81066e+06, over cnt = 861(0%), over = 865, worst = 2, crit = 0
PHY-1001 : End DR Iter 1; 5.316574s wall, 7.500000s user + 0.140625s system = 7.640625s CPU (143.7%)

PHY-1001 : ===== DR Iter 2 =====
PHY-1022 : len = 2.77977e+06, over cnt = 217(0%), over = 217, worst = 1, crit = 0
PHY-1001 : End DR Iter 2; 3.341905s wall, 3.546875s user + 0.156250s system = 3.703125s CPU (110.8%)

PHY-1001 : ===== DR Iter 3 =====
PHY-1022 : len = 2.77438e+06, over cnt = 54(0%), over = 54, worst = 1, crit = 0
PHY-1001 : End DR Iter 3; 1.137999s wall, 1.203125s user + 0.109375s system = 1.312500s CPU (115.3%)

PHY-1001 : ===== DR Iter 4 =====
PHY-1022 : len = 2.7739e+06, over cnt = 2(0%), over = 2, worst = 1, crit = 0
PHY-1001 : End DR Iter 4; 0.332088s wall, 0.312500s user + 0.046875s system = 0.359375s CPU (108.2%)

PHY-1001 : ===== DR Iter 5 =====
PHY-1022 : len = 2.77388e+06, over cnt = 0(0%), over = 0, worst = 0, crit = 0
PHY-1001 : End DR Iter 5; 0.095926s wall, 0.078125s user + 0.015625s system = 0.093750s CPU (97.7%)

PHY-1001 : Commit to database.....
PHY-1001 : 982 feed throughs used by 322 nets
PHY-1001 : End commit to database; 1.484430s wall, 1.453125s user + 0.031250s system = 1.484375s CPU (100.0%)

PHY-1001 : Current memory(MB): used = 1013, reserve = 1004, peak = 1013.
PHY-1001 : End phase 4; 11.900960s wall, 14.265625s user + 0.500000s system = 14.765625s CPU (124.1%)

PHY-1003 : Routed, final wirelength = 2.77388e+06
PHY-1001 : Current memory(MB): used = 1017, reserve = 1008, peak = 1017.
PHY-1001 : End export database. 0.066602s wall, 0.046875s user + 0.000000s system = 0.046875s CPU (70.4%)

PHY-1001 : End detail routing;  32.948805s wall, 36.562500s user + 5.562500s system = 42.125000s CPU (127.8%)

RUN-1003 : finish command "route" in  37.157480s wall, 40.640625s user + 6.078125s system = 46.718750s CPU (125.7%)

RUN-1004 : used memory is 813 MB, reserved memory is 809 MB, peak memory is 1017 MB
RUN-1002 : start command "report_area -io_info -file ES8388_phy.area"
RUN-1001 : standard
***Report Model: audio_speak Device: EG4S20BG256***

IO Statistics
#IO                        58
  #input                   26
  #output                  28
  #inout                    4

Utilization Statistics
#lut                     7552   out of  19600   38.53%
#reg                     7148   out of  19600   36.47%
#le                      9289
  #lut only              2141   out of   9289   23.05%
  #reg only              1737   out of   9289   18.70%
  #lut&reg               5411   out of   9289   58.25%
#dsp                        0   out of     29    0.00%
#bram                       0   out of     64    0.00%
  #bram9k                   0
  #fifo9k                   0
#bram32k                    0   out of     16    0.00%
#pad                       55   out of    188   29.26%
  #ireg                     8
  #oreg                    19
  #treg                     4
#pll                        4   out of      4  100.00%
#gclk                      11   out of     16   68.75%

Clock Resource Statistics
Index     ClockNet                                            Type               DriverType         Driver                                                           Fanout
#1        sys_clk_dup_1                                       GCLK               io                 sys_clk_syn_2.di                                                 4588
#2        aud_bclk_3_dup_1                                    GCLK               io                 aud_bclk_3_syn_2.di                                              44
#3        aud_bclk_1_dup_1                                    GCLK               io                 aud_bclk_1_syn_2.di                                              43
#4        aud_bclk_dup_1                                      GCLK               io                 aud_bclk_syn_2.di                                                43
#5        u1_es8388_ctrl/u_es8388_config/u_i2c_dri/dri_clk    GCLK               lslice             u1_es8388_ctrl/u_es8388_config/u_i2c_dri/dri_clk_reg_syn_9.q1    41
#6        u3_es8388_ctrl/u_es8388_config/u_i2c_dri/dri_clk    GCLK               mslice             u3_es8388_ctrl/u_es8388_config/u_i2c_dri/dri_clk_reg_syn_9.q0    40
#7        u_es8388_ctrl/u_es8388_config/u_i2c_dri/dri_clk     GCLK               mslice             u_es8388_ctrl/u_es8388_config/u_i2c_dri/dri_clk_reg_syn_9.q1     39
#8        u2_es8388_ctrl/u_es8388_config/u_i2c_dri/dri_clk    GCLK               lslice             u2_es8388_ctrl/u_es8388_config/u_i2c_dri/dri_clk_reg_syn_9.q1    37
#9        aud_mclk_1_dup_1                                    GCLK               pll                u1_pll_clk/pll_inst.clkc1                                        0
#10       aud_mclk_2_dup_1                                    GCLK               pll                u2_pll_clk/pll_inst.clkc1                                        0
#11       aud_mclk_3_dup_1                                    GCLK               pll                u3_pll_clk/pll_inst.clkc1                                        0
#12       aud_mclk_dup_1                                      GCLK               pll                u_pll_clk/pll_inst.clkc1                                         0
#13       u1_pll_clk/clk0_buf                                 GCLK               pll                u1_pll_clk/pll_inst.clkc0                                        0
#14       u2_pll_clk/clk0_buf                                 GCLK               pll                u2_pll_clk/pll_inst.clkc0                                        0
#15       u3_pll_clk/clk0_buf                                 GCLK               pll                u3_pll_clk/pll_inst.clkc0                                        0
#16       u_pll_clk/clk0_buf                                  GCLK               pll                u_pll_clk/pll_inst.clkc0                                         0


Detailed IO Report

        Name          Direction    Location    IOStandard    DriveStrength    PullType     PackReg   
     aud_adcdat         INPUT        R14        LVCMOS25          N/A          PULLUP       IREG     
    aud_adcdat_1        INPUT        G16        LVCMOS25          N/A          PULLUP       IREG     
    aud_adcdat_2        INPUT         E7        LVCMOS25          N/A          PULLUP       IREG     
    aud_adcdat_3        INPUT         L4        LVCMOS25          N/A          PULLUP       IREG     
      aud_bclk          INPUT         M6        LVCMOS25          N/A          PULLUP       NONE     
     aud_bclk_1         INPUT        G14        LVCMOS25          N/A          PULLUP       NONE     
     aud_bclk_2         INPUT         D5        LVCMOS25          N/A          PULLUP       NONE     
     aud_bclk_3         INPUT         H5        LVCMOS25          N/A          PULLUP       NONE     
      aud_lrc           INPUT         M7        LVCMOS25          N/A          PULLUP       IREG     
     aud_lrc_1          INPUT        H16        LVCMOS25          N/A          PULLUP       IREG     
     aud_lrc_2          INPUT         C6        LVCMOS25          N/A          PULLUP       IREG     
     aud_lrc_3          INPUT         K6        LVCMOS25          N/A          PULLUP       IREG     
     denoise_en         INPUT        B12        LVCMOS25          N/A          PULLUP       NONE     
  pitch_control[2]      INPUT        B10        LVCMOS25          N/A          PULLUP       NONE     
  pitch_control[1]      INPUT        A10        LVCMOS25          N/A          PULLUP       NONE     
  pitch_control[0]      INPUT         A9        LVCMOS25          N/A          PULLUP       NONE     
    pitch_en[1]         INPUT        A13        LVCMOS25          N/A          PULLUP       NONE     
    pitch_en[0]         INPUT        A14        LVCMOS25          N/A          PULLUP       NONE     
      sys_clk           INPUT         R7        LVCMOS25          N/A          PULLUP       NONE     
     sys_rst_n          INPUT         E3        LVCMOS25          N/A          PULLUP       NONE     
    sys_rst_n_1         INPUT         F2        LVCMOS25          N/A           N/A         NONE     
    sys_rst_n_2         INPUT         N4        LVCMOS25          N/A           N/A         NONE     
    sys_rst_n_3         INPUT         B3        LVCMOS25          N/A           N/A         NONE     
     aud_dacdat        OUTPUT         P6        LVCMOS25           8            NONE        OREG     
    aud_dacdat_1       OUTPUT        H14        LVCMOS25           8            NONE        OREG     
    aud_dacdat_2       OUTPUT         E6        LVCMOS25           8            NONE        NONE     
    aud_dacdat_3       OUTPUT         K3        LVCMOS25           8            NONE        OREG     
      aud_mclk         OUTPUT         N5        LVCMOS25           8            NONE        NONE     
     aud_mclk_1        OUTPUT        F14        LVCMOS25           8            NONE        NONE     
     aud_mclk_2        OUTPUT         F6        LVCMOS25           8            NONE        NONE     
     aud_mclk_3        OUTPUT         H4        LVCMOS25           8            NONE        NONE     
      aud_scl          OUTPUT        R12        LVCMOS25           8            NONE        OREG     
     aud_scl_1         OUTPUT        D14        LVCMOS25           8            NONE        OREG     
     aud_scl_2         OUTPUT         A2        LVCMOS25           8            NONE        OREG     
     aud_scl_3         OUTPUT         G3        LVCMOS25           8            NONE        OREG     
       ilaclk          OUTPUT         M9        LVCMOS25           8            NONE        NONE     
      ilaclk_1         OUTPUT        L16        LVCMOS25           8            NONE        NONE     
      ilaclk_2         OUTPUT         D3        LVCMOS25           8            NONE        NONE     
      ilaclk_3         OUTPUT        K15        LVCMOS25           8            NONE        NONE     
        led            OUTPUT        E16        LVCMOS25           8            N/A         NONE     
       led_1           OUTPUT         E4        LVCMOS25           8            N/A         NONE     
       led_2           OUTPUT         J6        LVCMOS25           8            N/A         NONE     
       led_3           OUTPUT        J16        LVCMOS25           8            N/A         NONE     
     led_eight         OUTPUT        M12        LVCMOS25           8            NONE        OREG     
      led_five         OUTPUT        M10        LVCMOS25           8            NONE        OREG     
      led_four         OUTPUT        P11        LVCMOS25           8            NONE        OREG     
      led_one          OUTPUT         P9        LVCMOS25           8            NONE        OREG     
     led_seven         OUTPUT        N12        LVCMOS25           8            NONE        OREG     
      led_six          OUTPUT        L10        LVCMOS25           8            NONE        OREG     
      led_tree         OUTPUT        R16        LVCMOS25           8            NONE        OREG     
      led_two          OUTPUT        P12        LVCMOS25           8            NONE        OREG     
      aud_sda           INOUT         R9        LVCMOS25           8           PULLUP     OREG;TREG  
     aud_sda_1          INOUT        E15        LVCMOS25           8           PULLUP     OREG;TREG  
     aud_sda_2          INOUT         C3        LVCMOS25           8           PULLUP     OREG;TREG  
     aud_sda_3          INOUT         F3        LVCMOS25           8           PULLUP     OREG;TREG  

Report Hierarchy Area:
+--------------------------------------------------------------------------------------------------------+
|Instance                   |Module                 |le     |lut     |ripple  |seq     |bram    |dsp     |
+--------------------------------------------------------------------------------------------------------+
|top                        |audio_speak            |9289   |6971    |581     |7179    |0       |0       |
|  u1_es8388_ctrl           |es8388_ctrl            |277    |225     |25      |165     |0       |0       |
|    u_audio_receive        |audio_receive          |82     |54      |12      |58      |0       |0       |
|    u_audio_send           |audio_send             |26     |20      |0       |22      |0       |0       |
|    u_es8388_config        |es8388_config          |169    |151     |13      |85      |0       |0       |
|      u_i2c_dri            |i2c_dri                |106    |96      |5       |56      |0       |0       |
|      u_i2c_reg_cfg        |i2c_reg_cfg            |63     |55      |8       |29      |0       |0       |
|  u1_pll_clk               |clk_wiz_0              |0      |0       |0       |0       |0       |0       |
|  u2_es8388_ctrl           |es8388_ctrl            |272    |189     |55      |150     |0       |0       |
|    u_audio_receive        |audio_receive          |85     |50      |12      |58      |0       |0       |
|    u_audio_send           |audio_send             |56     |28      |28      |7       |0       |0       |
|    u_es8388_config        |es8388_config          |131    |111     |15      |85      |0       |0       |
|      u_i2c_dri            |i2c_dri                |72     |63      |7       |51      |0       |0       |
|      u_i2c_reg_cfg        |i2c_reg_cfg            |59     |48      |8       |34      |0       |0       |
|  u2_pll_clk               |clk_wiz_0              |1      |1       |0       |0       |0       |0       |
|  u3_es8388_ctrl           |es8388_ctrl            |270    |217     |27      |166     |0       |0       |
|    u_audio_receive        |audio_receive          |82     |55      |12      |53      |0       |0       |
|    u_audio_send           |audio_send             |24     |16      |0       |23      |0       |0       |
|    u_es8388_config        |es8388_config          |164    |146     |15      |90      |0       |0       |
|      u_i2c_dri            |i2c_dri                |98     |89      |7       |62      |0       |0       |
|      u_i2c_reg_cfg        |i2c_reg_cfg            |66     |57      |8       |28      |0       |0       |
|  u3_pll_clk               |clk_wiz_0              |0      |0       |0       |0       |0       |0       |
|  u_es8388_ctrl            |es8388_ctrl            |348    |260     |59      |171     |0       |0       |
|    u_audio_receive        |audio_receive          |88     |53      |12      |57      |0       |0       |
|    u_audio_send           |audio_send             |38     |38      |0       |25      |0       |0       |
|    u_es8388_config        |es8388_config          |222    |169     |47      |89      |0       |0       |
|      u_i2c_dri            |i2c_dri                |91     |82      |7       |59      |0       |0       |
|      u_i2c_reg_cfg        |i2c_reg_cfg            |131    |87      |40      |30      |0       |0       |
|  u_noise_suppress         |noise_suppress         |49     |36      |13      |24      |0       |0       |
|  u_pitch_shift            |pitch_shift            |6235   |4706    |13      |6083    |0       |0       |
|  u_pll_clk                |clk_wiz_0              |0      |0       |0       |0       |0       |0       |
|  u_spar_4mic_localization |spar_4mic_localization |1789   |1323    |377     |357     |0       |0       |
+--------------------------------------------------------------------------------------------------------+


DataNet Average Fanout:

   Index     Fanout     Nets   
    #1          1       12866  
    #2          2       1216   
    #3          3        242   
    #4          4        19    
    #5        5-10       377   
    #6        11-50      389   
    #7       51-100       4    
    #8       101-500     33    
    #9        >500        5    
  Average     2.97             

RUN-1002 : start command "export_db ES8388_pr.db"
RUN-1001 : Exported /
RUN-1001 : Exported flow parameters
RUN-1001 : Exported libs
RUN-1001 : Exported entities
RUN-1001 : Exported ports
RUN-1001 : Exported pins
RUN-1001 : Exported instances
RUN-1001 : Exported nets
RUN-1001 : Exported buses
RUN-1001 : Exported models
RUN-1001 : Exported congestions
RUN-1001 : Exported violations
RUN-1001 : Exported IO constraints
RUN-1001 : Exported Inst constraints
RUN-1003 : finish command "export_db ES8388_pr.db" in  1.363796s wall, 2.000000s user + 0.031250s system = 2.031250s CPU (148.9%)

RUN-1004 : used memory is 814 MB, reserved memory is 811 MB, peak memory is 1017 MB
RUN-1002 : start command "export_bid ES8388_inst.bid"
RUN-1002 : start command "bitgen -bit ES8388.bit -unused_io_status pulldown"
BIT-1003 : Start to generate bitstream. 
BIT-1002 : Bitgen processed 133 unused pads, reserve input tri_state with pulldown
BIT-1002 : Init instances with 24 threads.
BIT-1002 : Init instances completely, inst num: 5915
BIT-1002 : Init pips with 24 threads.
BIT-1002 : Init pips completely, net num: 15225, pip num: 160794
BIT-1002 : Init feedthrough with 24 threads.
BIT-1002 : Init feedthrough completely, num: 982
BIT-1003 : Multithreading accelaration with 24 threads.
BIT-1003 : Generate bitstream completely, there are 3270 valid insts, and 400793 bits set as '1'.
BIT-1004 : PLL setting string = 1111
BIT-1004 : Generate bits file ES8388.bit.
RUN-1003 : finish command "bitgen -bit ES8388.bit -unused_io_status pulldown" in  13.114513s wall, 218.187500s user + 3.500000s system = 221.687500s CPU (1690.4%)

RUN-1004 : used memory is 810 MB, reserved memory is 795 MB, peak memory is 1053 MB
RUN-1002 : start command "backup_run_log run.log ../.logs/phy_1/td_20251031_224639.log"
