============================================================
   Tang Dynasty, V5.6.71036
      Copyright (c) 2012-2023 Anlogic Inc.
   Executable = D:/TD/bin/td.exe
   Built at =   20:34:38 Mar 21 2023
   Run by =     lyw15
   Run Date =   Tue Oct 21 19:45:02 2025

   Run on =     -001
============================================================
RUN-1002 : start command "open_project ES8388.prj"
RUN-1001 : Print Global Property
RUN-1001 : ---------------------------------------------------------------
RUN-1001 :        Parameters        |  Settings  |  Default Values  |  Note  
RUN-1001 : ---------------------------------------------------------------
RUN-1001 :          message         |  standard  |     standard     |        
RUN-1001 :   mixed_pack_place_flow  |     on     |        on        |        
RUN-1001 :        qor_monitor       |    off     |       off        |        
RUN-1001 :        syn_ip_flow       |    off     |       off        |        
RUN-1001 :          thread          |    auto    |       auto       |        
RUN-1001 : ---------------------------------------------------------------
RUN-1001 : Print Design Property
RUN-1001 : --------------------------------------------------------------
RUN-1001 :        Parameters       |  Settings  |  Default Values  |  Note  
RUN-1001 : --------------------------------------------------------------
RUN-1001 :   default_reg_initial   |    auto    |       auto       |        
RUN-1001 :        infer_add        |     on     |        on        |        
RUN-1001 :        infer_fsm        |    off     |       off        |        
RUN-1001 :        infer_mult       |     on     |        on        |        
RUN-1001 :        infer_ram        |     on     |        on        |        
RUN-1001 :        infer_reg        |     on     |        on        |        
RUN-1001 :   infer_reg_init_value  |     on     |        on        |        
RUN-1001 :        infer_rom        |     on     |        on        |        
RUN-1001 :      infer_shifter      |     on     |        on        |        
RUN-1001 : --------------------------------------------------------------
RUN-1001 : Print Rtl Property
RUN-1001 : --------------------------------------------------------------
RUN-1001 :        Parameters       |  Settings  |  Default Values  |  Note  
RUN-1001 : --------------------------------------------------------------
RUN-1001 :       compress_add      |   ripple   |      ripple      |        
RUN-1001 :        elf_sload        |    off     |       off        |        
RUN-1001 :       fix_undriven      |     0      |        0         |        
RUN-1001 :         flatten         |    off     |       off        |        
RUN-1001 :       gate_sharing      |     on     |        on        |        
RUN-1001 :    hdl_warning_level    |   normal   |      normal      |        
RUN-1001 :   impl_internal_tribuf  |     on     |        on        |        
RUN-1001 :      impl_set_reset     |     on     |        on        |        
RUN-1001 :        infer_gsr        |    off     |       off        |        
RUN-1001 :      keep_hierarchy     |    auto    |       auto       |        
RUN-1001 :        max_fanout       |    9999    |       9999       |        
RUN-1001 :      max_oh2bin_len     |     10     |        10        |        
RUN-1001 :       merge_equal       |     on     |        on        |        
RUN-1001 :       merge_equiv       |     on     |        on        |        
RUN-1001 :        merge_mux        |    off     |       off        |        
RUN-1001 :     min_control_set     |     8      |        8         |        
RUN-1001 :      min_ripple_len     |    auto    |       auto       |        
RUN-1001 :       oh2bin_ratio      |    0.08    |       0.08       |        
RUN-1001 :     opt_adder_fanout    |     on     |        on        |        
RUN-1001 :        opt_arith        |     on     |        on        |        
RUN-1001 :       opt_big_gate      |    off     |       off        |        
RUN-1001 :        opt_const        |     on     |        on        |        
RUN-1001 :      opt_const_mult     |     on     |        on        |        
RUN-1001 :       opt_lessthan      |     on     |        on        |        
RUN-1001 :         opt_mux         |    off     |       off        |        
RUN-1001 :         opt_ram         |    high    |       high       |        
RUN-1001 :      rtl_sim_model      |    off     |       off        |        
RUN-1001 :         seq_syn         |     on     |        on        |        
RUN-1001 : --------------------------------------------------------------
HDL-1007 : analyze verilog file ../../al_ip/clk_wiz_0.v
HDL-1007 : undeclared symbol 'open', assumed default net type 'wire' in ../../al_ip/clk_wiz_0.v(80)
HDL-1007 : analyze verilog file ../../../RTL/audio_receive.v
HDL-1007 : analyze verilog file ../../../RTL/audio_send.v
HDL-1007 : analyze verilog file ../../../RTL/audio_speak.v
HDL-1007 : analyze verilog file ../../../RTL/es8388_config.v
HDL-1007 : analyze verilog file ../../../RTL/es8388_ctrl.v
HDL-1007 : analyze verilog file ../../../RTL/i2c_dri.v
HDL-1007 : analyze verilog file ../../../RTL/i2c_reg_cfg.v
HDL-1007 : analyze verilog file ../../al_ip/TDOA.v
HDL-5007 WARNING: loop variable declaration is not allowed in this mode of Verilog in ../../al_ip/TDOA.v(42)
RUN-1001 : Project manager successfully analyzed 9 source files.
RUN-1002 : start command "import_device eagle_s20.db -package EG4S20BG256"
ARC-1001 : Device Initialization.
ARC-1001 : ------------------------------------------------------------------
ARC-1001 :            OPTION            |          IO          |   SETTING   
ARC-1001 : ------------------------------------------------------------------
ARC-1001 :   cso_b/cclk/mosi/miso/dout  |  T3/R11/T10/P10/S11  |    gpio    
ARC-1001 :             done             |         P13          |    gpio    
ARC-1001 :           program_b          |          T2          |  dedicate  
ARC-1001 :        tdi/tms/tck/tdo       |   C12/A15/C14/E14    |  dedicate  
ARC-1001 : ------------------------------------------------------------------
ARC-1004 : Device setting, marked 5 dedicate IOs in total.
RUN-1002 : start command "import_db ../syn_1/ES8388_gate.db"
RUN-1001 : Importing database generated by Tang Dynasty, V5.6.71036.
RUN-1001 : Database version number 46146.
RUN-1001 : Import flow parameters
RUN-1001 : Import IO constraints
RUN-1001 : Import Inst constraints
RUN-1001 : Import design success TD_VERSION=5.6.71036 , DB_VERSION=46146
RUN-1002 : start command "place"
RUN-1001 : Open license file D:/TD/license/Anlogic.lic
RUN-1001 : Print Global Property
RUN-1001 : ---------------------------------------------------------------
RUN-1001 :        Parameters        |  Settings  |  Default Values  |  Note  
RUN-1001 : ---------------------------------------------------------------
RUN-1001 :          message         |  standard  |     standard     |        
RUN-1001 :   mixed_pack_place_flow  |     on     |        on        |        
RUN-1001 :        qor_monitor       |    off     |       off        |        
RUN-1001 :        syn_ip_flow       |    off     |       off        |        
RUN-1001 :          thread          |    auto    |       auto       |        
RUN-1001 : ---------------------------------------------------------------
RUN-1001 : Print Place Property
RUN-1001 : --------------------------------------------------------------
RUN-1001 :        Parameters       |  Settings  |  Default Values  |  Note  
RUN-1001 : --------------------------------------------------------------
RUN-1001 :      detailed_place     |     on     |        on        |        
RUN-1001 :          effort         |   medium   |      medium      |        
RUN-1001 :         fix_hold        |    off     |       off        |        
RUN-1001 :       legalization      |    ori     |       ori        |        
RUN-1001 :      new_spreading      |     on     |        on        |        
RUN-1001 :        opt_timing       |   medium   |      medium      |        
RUN-1001 :   post_clock_route_opt  |    off     |       off        |        
RUN-1001 :       pr_strategy       |     1      |        1         |        
RUN-1001 :        relaxation       |    1.00    |       1.00       |        
RUN-1001 :         retiming        |    off     |       off        |        
RUN-1001 : --------------------------------------------------------------
PHY-3001 : Placer runs in 24 thread(s).
RUN-1002 : start command "legalize_phy_inst"
SYN-1011 : Flatten model audio_speak
RUN-1002 : start command "phys_opt -simplify_lut"
SYN-4016 : Net ilaclk_1_dup_1 driven by BUFG (0 clock/control pins, 2 other pins).
SYN-4016 : Net ilaclk_2_dup_1 driven by BUFG (0 clock/control pins, 2 other pins).
SYN-4016 : Net ilaclk_dup_1 driven by BUFG (0 clock/control pins, 2 other pins).
SYN-4027 : Net aud_mclk_1_dup_1 is clkc1 of pll u1_pll_clk/pll_inst.
SYN-4019 : Net sys_clk_dup_1 is refclk of pll u1_pll_clk/pll_inst.
SYN-4020 : Net sys_clk_dup_1 is fbclk of pll u1_pll_clk/pll_inst.
SYN-4027 : Net aud_mclk_2_dup_1 is clkc1 of pll u2_pll_clk/pll_inst.
SYN-4019 : Net sys_clk_dup_1 is refclk of pll u2_pll_clk/pll_inst.
SYN-4020 : Net sys_clk_dup_1 is fbclk of pll u2_pll_clk/pll_inst.
SYN-4027 : Net aud_mclk_dup_1 is clkc1 of pll u_pll_clk/pll_inst.
SYN-4019 : Net sys_clk_dup_1 is refclk of pll u_pll_clk/pll_inst.
SYN-4020 : Net sys_clk_dup_1 is fbclk of pll u_pll_clk/pll_inst.
SYN-4024 : Net "aud_bclk_dup_1" drives clk pins.
SYN-4024 : Net "aud_bclk_1_dup_1" drives clk pins.
SYN-4024 : Net "aud_bclk_2_dup_1" drives clk pins.
SYN-4024 : Net "u1_es8388_ctrl/u_es8388_config/u_i2c_dri/dri_clk" drives clk pins.
SYN-4024 : Net "u2_es8388_ctrl/u_es8388_config/u_i2c_dri/dri_clk" drives clk pins.
SYN-4024 : Net "u_es8388_ctrl/u_es8388_config/u_i2c_dri/dri_clk" drives clk pins.
SYN-4025 : Tag rtl::Net aud_bclk_1_dup_1 as clock net
SYN-4025 : Tag rtl::Net aud_bclk_2_dup_1 as clock net
SYN-4025 : Tag rtl::Net aud_bclk_dup_1 as clock net
SYN-4025 : Tag rtl::Net aud_mclk_1_dup_1 as clock net
SYN-4025 : Tag rtl::Net aud_mclk_2_dup_1 as clock net
SYN-4025 : Tag rtl::Net aud_mclk_dup_1 as clock net
SYN-4025 : Tag rtl::Net ilaclk_1_dup_1 as clock net
SYN-4025 : Tag rtl::Net ilaclk_2_dup_1 as clock net
SYN-4025 : Tag rtl::Net ilaclk_dup_1 as clock net
SYN-4025 : Tag rtl::Net sys_clk_dup_1 as clock net
SYN-4025 : Tag rtl::Net u1_es8388_ctrl/u_es8388_config/u_i2c_dri/dri_clk as clock net
SYN-4025 : Tag rtl::Net u2_es8388_ctrl/u_es8388_config/u_i2c_dri/dri_clk as clock net
SYN-4025 : Tag rtl::Net u_es8388_ctrl/u_es8388_config/u_i2c_dri/dri_clk as clock net
SYN-4026 : Tagged 13 rtl::Net as clock net
SYN-4015 : Create BUFG instance for clk Net aud_bclk_1_dup_1 to drive 80 clock pins.
SYN-4015 : Create BUFG instance for clk Net aud_bclk_dup_1 to drive 80 clock pins.
SYN-4015 : Create BUFG instance for clk Net u1_es8388_ctrl/u_es8388_config/u_i2c_dri/dri_clk to drive 59 clock pins.
SYN-4015 : Create BUFG instance for clk Net u2_es8388_ctrl/u_es8388_config/u_i2c_dri/dri_clk to drive 59 clock pins.
SYN-4015 : Create BUFG instance for clk Net u_es8388_ctrl/u_es8388_config/u_i2c_dri/dri_clk to drive 59 clock pins.
PHY-1001 : Populate physical database on model audio_speak.
RUN-1001 : There are total 2901 instances
RUN-0007 : 1277 luts, 1374 seqs, 126 mslices, 67 lslices, 39 pads, 0 brams, 4 dsps
RUN-1001 : There are total 3253 nets
RUN-1001 : 2495 nets have 2 pins
RUN-1001 : 513 nets have [3 - 5] pins
RUN-1001 : 75 nets have [6 - 10] pins
RUN-1001 : 106 nets have [11 - 20] pins
RUN-1001 : 53 nets have [21 - 99] pins
RUN-1001 : 11 nets have 100+ pins
RUN-1001 : Report Control nets information:
RUN-1001 : DFF Distribution
RUN-1001 : ----------------------------------
RUN-1001 :   CE   |  SSR  |  ASR  |  DFF Count  
RUN-1001 : ----------------------------------
RUN-1001 :   No   |  No   |  No   |      0      
RUN-1001 :   No   |  No   |  Yes  |     297     
RUN-1001 :   No   |  Yes  |  No   |      0      
RUN-1001 :   Yes  |  No   |  No   |      0      
RUN-1001 :   Yes  |  No   |  Yes  |    1053     
RUN-1001 :   Yes  |  Yes  |  No   |     24      
RUN-1001 : ----------------------------------
RUN-0007 : Control Group Statistic
RUN-0007 : ---------------------------
RUN-0007 :   #CLK  |  #CE  |  #SSR/ASR  
RUN-0007 : ---------------------------
RUN-0007 :    7    |  33   |     7      
RUN-0007 : ---------------------------
RUN-0007 : Control Set = 42
PHY-3001 : Initial placement ...
PHY-3001 : design contains 2899 instances, 1277 luts, 1374 seqs, 193 slices, 32 macros(193 instances: 126 mslices 67 lslices)
PHY-0007 : Cell area utilization is 8%
PHY-3001 : Global placement ...
PHY-3001 : Initial: Len = 708544
PHY-3001 : Clustering ...
PHY-3001 : Level 0 #clusters 2899.
PHY-3001 : End clustering;  0.000039s wall, 0.000000s user + 0.000000s system = 0.000000s CPU (n/a%)

PHY-3001 : Run with size of 4
PHY-3001 : Cell area utilization is 8%
PHY-3001 : :::0::: Try harder cell spreading with beta_ = 0
PHY-3002 : Step(1): len = 520590, overlap = 9
PHY-3002 : Step(2): len = 436157, overlap = 9
PHY-3002 : Step(3): len = 233201, overlap = 9
PHY-3002 : Step(4): len = 218498, overlap = 9
PHY-3002 : Step(5): len = 181584, overlap = 9
PHY-3002 : Step(6): len = 166662, overlap = 9
PHY-3002 : Step(7): len = 146849, overlap = 4.5
PHY-3002 : Step(8): len = 140392, overlap = 6.75
PHY-3002 : Step(9): len = 131772, overlap = 9
PHY-3002 : Step(10): len = 124275, overlap = 4.5
PHY-3002 : Step(11): len = 111799, overlap = 6.75
PHY-3002 : Step(12): len = 105383, overlap = 6.75
PHY-3002 : Step(13): len = 98019.2, overlap = 2.25
PHY-3002 : Step(14): len = 91516.6, overlap = 4.5
PHY-3002 : Step(15): len = 89897.6, overlap = 6.75
PHY-3002 : Step(16): len = 84024.4, overlap = 6.75
PHY-3002 : Step(17): len = 83142.6, overlap = 4.5
PHY-3002 : Step(18): len = 81826.8, overlap = 2.25
PHY-3001 : :::1::: Try harder cell spreading with beta_ = 0.00116499
PHY-3002 : Step(19): len = 81128.5, overlap = 2.25
PHY-3002 : Step(20): len = 82086.4, overlap = 9
PHY-3002 : Step(21): len = 82274.7, overlap = 4.5
PHY-3002 : Step(22): len = 81092, overlap = 0
PHY-3002 : Step(23): len = 80836.9, overlap = 2.25
PHY-3002 : Step(24): len = 80079.4, overlap = 2.25
PHY-3002 : Step(25): len = 79772, overlap = 2.25
PHY-3002 : Step(26): len = 79576, overlap = 2.25
PHY-3001 : :::2::: Try harder cell spreading with beta_ = 0.00232999
PHY-3002 : Step(27): len = 79591.9, overlap = 2.25
PHY-3002 : Step(28): len = 79464.1, overlap = 2.25
PHY-3001 : :::3::: Try harder cell spreading with beta_ = 0.00465998
PHY-3002 : Step(29): len = 79334, overlap = 2.25
PHY-3002 : Step(30): len = 79233.9, overlap = 2.25
PHY-3001 : Legalization ...
PHY-3001 : End legalization;  0.006931s wall, 0.000000s user + 0.000000s system = 0.000000s CPU (n/a%)

PHY-3001 : Run with size of 4
PHY-3001 : Cell area utilization is 11%
PHY-3001 : :::0::: Try harder cell spreading with beta_ = 0.000114266
PHY-3002 : Step(31): len = 79992.9, overlap = 9.46875
PHY-3002 : Step(32): len = 81148.3, overlap = 11.3438
PHY-3002 : Step(33): len = 78157.2, overlap = 20.0938
PHY-3002 : Step(34): len = 72041.3, overlap = 14.3438
PHY-3002 : Step(35): len = 70333.8, overlap = 15.8125
PHY-3002 : Step(36): len = 69218.8, overlap = 22.0312
PHY-3002 : Step(37): len = 64290, overlap = 22.25
PHY-3002 : Step(38): len = 62612.1, overlap = 22.3125
PHY-3002 : Step(39): len = 63147.1, overlap = 23.0312
PHY-3002 : Step(40): len = 63197.6, overlap = 24.25
PHY-3002 : Step(41): len = 63724, overlap = 25.2812
PHY-3002 : Step(42): len = 61038, overlap = 25.625
PHY-3002 : Step(43): len = 62236.7, overlap = 27.625
PHY-3002 : Step(44): len = 63321, overlap = 28.0625
PHY-3002 : Step(45): len = 58966.3, overlap = 33.4062
PHY-3002 : Step(46): len = 58020.1, overlap = 37.4062
PHY-3002 : Step(47): len = 58540, overlap = 38.4375
PHY-3002 : Step(48): len = 56560.7, overlap = 41.4375
PHY-3002 : Step(49): len = 57268.2, overlap = 44.625
PHY-3002 : Step(50): len = 59654.3, overlap = 49.0938
PHY-3002 : Step(51): len = 59991.9, overlap = 41.5312
PHY-3002 : Step(52): len = 55874.9, overlap = 37.625
PHY-3002 : Step(53): len = 54244.3, overlap = 40.7812
PHY-3002 : Step(54): len = 52840.4, overlap = 38.6875
PHY-3002 : Step(55): len = 53183, overlap = 38.25
PHY-3002 : Step(56): len = 53461.5, overlap = 37.7188
PHY-3001 : :::1::: Try harder cell spreading with beta_ = 0.000228531
PHY-3002 : Step(57): len = 52395.1, overlap = 36.5312
PHY-3002 : Step(58): len = 52652.6, overlap = 36
PHY-3002 : Step(59): len = 52652.6, overlap = 36
PHY-3001 : :::2::: Try harder cell spreading with beta_ = 0.000457063
PHY-3002 : Step(60): len = 52735.1, overlap = 34.4062
PHY-3002 : Step(61): len = 52735.1, overlap = 34.4062
PHY-3001 : Run with size of 2
PHY-3001 : Cell area utilization is 11%
PHY-3001 : :::0::: Try harder cell spreading with beta_ = 2.26091e-05
PHY-3002 : Step(62): len = 54238.4, overlap = 98.0625
PHY-3002 : Step(63): len = 57842.9, overlap = 93.6875
PHY-3002 : Step(64): len = 59174.2, overlap = 88.4062
PHY-3002 : Step(65): len = 57094.9, overlap = 90.3125
PHY-3002 : Step(66): len = 54786.2, overlap = 88.5938
PHY-3002 : Step(67): len = 54033.1, overlap = 89.8438
PHY-3002 : Step(68): len = 53091.4, overlap = 89
PHY-3001 : :::1::: Try harder cell spreading with beta_ = 4.52183e-05
PHY-3002 : Step(69): len = 53421.9, overlap = 88.7812
PHY-3002 : Step(70): len = 55061, overlap = 78
PHY-3002 : Step(71): len = 56767.1, overlap = 67.5625
PHY-3002 : Step(72): len = 57418.6, overlap = 63.0938
PHY-3002 : Step(73): len = 56108.8, overlap = 58.4688
PHY-3002 : Step(74): len = 54503.1, overlap = 64.375
PHY-3002 : Step(75): len = 53734.4, overlap = 60.7188
PHY-3002 : Step(76): len = 53538.8, overlap = 61.1875
PHY-3001 : :::2::: Try harder cell spreading with beta_ = 9.04366e-05
PHY-3002 : Step(77): len = 53978.5, overlap = 64
PHY-3002 : Step(78): len = 54102.8, overlap = 60.7812
PHY-3002 : Step(79): len = 54236.7, overlap = 60.5
OPT-1001 : Start physical optimization ...
OPT-1001 : Total overflow 132.28 peak overflow 6.06
OPT-1001 : Start high-fanout net optimization ...
OPT-1001 : Update timing in global mode
PHY-1001 : Start incremental global routing, caller is place ...
RUN-1001 : Generating global routing grids ...
RUN-1001 : Building simple global routing graph ...
PHY-1001 : Generate routing nets ...
PHY-1001 : Reuse net number 0/3253.
PHY-1001 : Global iterations in 24 thread ...
PHY-1002 : len = 64352, over cnt = 311(0%), over = 1400, worst = 23
PHY-1001 : End global iterations;  0.093479s wall, 0.187500s user + 0.171875s system = 0.359375s CPU (384.4%)

PHY-1001 : Congestion index: top1 = 44.70, top5 = 29.15, top10 = 20.07, top15 = 14.55.
PHY-1001 : End incremental global routing;  0.134487s wall, 0.203125s user + 0.187500s system = 0.390625s CPU (290.5%)

RUN-1002 : start command "start_timer -report"
TMR-5001 WARNING: No sdc constraints found while initiating timer.
TMR-2505 : Start building timing graph for model audio_speak.
TMR-2506 : Build timing graph completely. Port num: 36, tpin num: 14354, tnet num: 3251, tinst num: 2899, tnode num: 19628, tedge num: 25026.
TMR-2508 : Levelizing timing graph completed, there are 73 levels in total.
TMR-2501 : Timing graph initialized successfully.
OPT-1001 : End timing update;  0.223469s wall, 0.203125s user + 0.031250s system = 0.234375s CPU (104.9%)

OPT-1001 : 0 high-fanout net processed.
OPT-1001 : End high-fanout net optimization;  0.390351s wall, 0.437500s user + 0.218750s system = 0.656250s CPU (168.1%)

OPT-1001 : Current memory(MB): used = 227, reserve = 198, peak = 227.
OPT-1001 : End physical optimization;  0.408826s wall, 0.453125s user + 0.218750s system = 0.671875s CPU (164.3%)

PHY-3001 : Start packing ...
SYN-4007 : Packing 0 MUX to BLE ...
SYN-4008 : Packed 0 MUX and 0 SEQ to BLE.
SYN-4007 : Packing 1277 LUT to BLE ...
SYN-4008 : Packed 1277 LUT and 393 SEQ to BLE.
SYN-4003 : Packing 981 remaining SEQ's ...
SYN-4005 : Packed 639 SEQ with LUT/SLICE
SYN-4006 : 276 single LUT's are left
SYN-4006 : 342 single SEQ's are left
SYN-4011 : Packing model "audio_speak" (AL_USER_NORMAL) with 1619/1869 primitive instances ...
PHY-3001 : End packing;  0.087740s wall, 0.078125s user + 0.000000s system = 0.078125s CPU (89.0%)

PHY-1001 : Populate physical database on model audio_speak.
RUN-1001 : There are total 1176 instances
RUN-1001 : 560 mslices, 559 lslices, 39 pads, 0 brams, 4 dsps
RUN-1001 : There are total 2869 nets
RUN-1001 : 2091 nets have 2 pins
RUN-1001 : 531 nets have [3 - 5] pins
RUN-1001 : 75 nets have [6 - 10] pins
RUN-1001 : 112 nets have [11 - 20] pins
RUN-1001 : 52 nets have [21 - 99] pins
RUN-1001 : 8 nets have 100+ pins
PHY-3001 : design contains 1174 instances, 1119 slices, 32 macros(193 instances: 126 mslices 67 lslices)
PHY-3001 : Cell area utilization is 14%
PHY-3001 : After packing: Len = 58245.8, Over = 95.5
PHY-3001 : Run with size of 2
PHY-3001 : Cell area utilization is 14%
PHY-3001 : :::0::: Try harder cell spreading with beta_ = 1.36628e-05
PHY-3002 : Step(80): len = 55219.4, overlap = 96.25
PHY-3002 : Step(81): len = 55086.5, overlap = 99.5
PHY-3002 : Step(82): len = 55169.7, overlap = 104.5
PHY-3001 : :::1::: Try harder cell spreading with beta_ = 2.73255e-05
PHY-3002 : Step(83): len = 54782.6, overlap = 96.25
PHY-3002 : Step(84): len = 55401.7, overlap = 92.75
PHY-3002 : Step(85): len = 56339.6, overlap = 88
PHY-3001 : :::2::: Try harder cell spreading with beta_ = 5.4651e-05
PHY-3002 : Step(86): len = 58175, overlap = 83.5
PHY-3002 : Step(87): len = 58760.9, overlap = 81.25
PHY-3002 : Step(88): len = 59540, overlap = 76.75
PHY-3002 : Step(89): len = 59804.6, overlap = 76.75
PHY-3002 : Step(90): len = 60124.8, overlap = 74.25
PHY-3001 : Legalization ...
PHY-3001 : End legalization;  0.172534s wall, 0.359375s user + 0.218750s system = 0.578125s CPU (335.1%)

PHY-3001 : Trial Legalized: Len = 87796.3
PHY-3001 : Run with size of 2
PHY-3001 : Cell area utilization is 14%
PHY-3001 : :::0::: Try harder cell spreading with beta_ = 0.000176535
PHY-3002 : Step(91): len = 72198.5, overlap = 31.75
PHY-3002 : Step(92): len = 69625.6, overlap = 37.5
PHY-3002 : Step(93): len = 66620.3, overlap = 39.25
PHY-3002 : Step(94): len = 65823.3, overlap = 43.75
PHY-3002 : Step(95): len = 65076.8, overlap = 43.5
PHY-3002 : Step(96): len = 64764.3, overlap = 46.25
PHY-3002 : Step(97): len = 64479.8, overlap = 47.25
PHY-3001 : :::1::: Try harder cell spreading with beta_ = 0.00035307
PHY-3002 : Step(98): len = 65070.8, overlap = 47
PHY-3002 : Step(99): len = 65501.4, overlap = 44.25
PHY-3002 : Step(100): len = 65738.7, overlap = 45.5
PHY-3001 : :::2::: Try harder cell spreading with beta_ = 0.00070614
PHY-3002 : Step(101): len = 66040.2, overlap = 45
PHY-3002 : Step(102): len = 66261.1, overlap = 43
PHY-3001 : Legalization ...
PHY-3001 : End legalization;  0.004956s wall, 0.015625s user + 0.000000s system = 0.015625s CPU (315.2%)

PHY-3001 : Legalized: Len = 77833.1, Over = 0
PHY-3001 : Spreading special nets. 15 overflows in 2952 tiles.
PHY-3001 : End spreading;  0.005877s wall, 0.000000s user + 0.000000s system = 0.000000s CPU (n/a%)

PHY-3001 : 21 instances has been re-located, deltaX = 10, deltaY = 20, maxDist = 3.
PHY-3001 : Final: Len = 78673.1, Over = 0
OPT-1001 : Start physical optimization ...
OPT-1001 : Total overflow 0.00 peak overflow 0.00
OPT-1001 : Start high-fanout net optimization ...
OPT-1001 : Update timing in global mode
PHY-1001 : Start incremental global routing, caller is place ...
RUN-1001 : Generating global routing grids ...
PHY-1001 : Generate routing nets ...
PHY-1001 : Reuse net number 36/2869.
PHY-1001 : Global iterations in 24 thread ...
PHY-1002 : len = 99552, over cnt = 316(0%), over = 557, worst = 6
PHY-1002 : len = 101536, over cnt = 177(0%), over = 262, worst = 5
PHY-1002 : len = 104624, over cnt = 22(0%), over = 34, worst = 4
PHY-1002 : len = 104952, over cnt = 5(0%), over = 5, worst = 1
PHY-1002 : len = 105032, over cnt = 0(0%), over = 0, worst = 0
PHY-1001 : End global iterations;  0.171276s wall, 0.140625s user + 0.031250s system = 0.171875s CPU (100.3%)

PHY-1001 : Congestion index: top1 = 34.50, top5 = 28.31, top10 = 23.97, top15 = 20.19.
PHY-1001 : End incremental global routing;  0.218739s wall, 0.171875s user + 0.046875s system = 0.218750s CPU (100.0%)

RUN-1002 : start command "start_timer -report"
TMR-5001 WARNING: No sdc constraints found while initiating timer.
TMR-2505 : Start building timing graph for model audio_speak.
TMR-2506 : Build timing graph completely. Port num: 36, tpin num: 12211, tnet num: 2867, tinst num: 1174, tnode num: 15915, tedge num: 22123.
TMR-2508 : Levelizing timing graph completed, there are 71 levels in total.
TMR-2501 : Timing graph initialized successfully.
OPT-1001 : End timing update;  0.238812s wall, 0.218750s user + 0.000000s system = 0.218750s CPU (91.6%)

OPT-1001 : 0 high-fanout net processed.
OPT-1001 : End high-fanout net optimization;  0.490177s wall, 0.421875s user + 0.046875s system = 0.468750s CPU (95.6%)

OPT-1001 : Current memory(MB): used = 235, reserve = 206, peak = 235.
OPT-1001 : Update timing in Manhattan mode
OPT-1001 : End timing update;  0.002660s wall, 0.000000s user + 0.000000s system = 0.000000s CPU (n/a%)

OPT-1001 : Start pin optimization...
OPT-1001 : skip pin optimization...
RUN-1001 : Generating global routing grids ...
PHY-1001 : Generate routing nets ...
PHY-1001 : Reuse net number 2311/2869.
PHY-1001 : Global iterations in 24 thread ...
PHY-1002 : len = 105032, over cnt = 0(0%), over = 0, worst = 0
PHY-1001 : End global iterations;  0.005361s wall, 0.015625s user + 0.000000s system = 0.015625s CPU (291.5%)

PHY-1001 : Congestion index: top1 = 34.50, top5 = 28.31, top10 = 23.97, top15 = 20.19.
OPT-1001 : Update timing in Manhattan mode
OPT-1001 : End timing update;  0.003180s wall, 0.015625s user + 0.000000s system = 0.015625s CPU (491.3%)

RUN-1001 : QoR Analysis:
OPT-0007 :   WNS 2147483647 TNS 0 NUM_FEPS 0
RUN-1001 :   No local congestion issue, and most congested 1% tile average routing util is 34.000000
RUN-1001 :   Top critical paths
OPT-1001 : End physical optimization;  0.558427s wall, 0.500000s user + 0.046875s system = 0.546875s CPU (97.9%)

RUN-1003 : finish command "place" in  4.125957s wall, 7.265625s user + 4.609375s system = 11.875000s CPU (287.8%)

RUN-1004 : used memory is 197 MB, reserved memory is 168 MB, peak memory is 238 MB
RUN-1002 : start command "export_db ES8388_place.db"
RUN-1001 : Exported /
RUN-1001 : Exported flow parameters
RUN-1001 : Exported libs
RUN-1001 : Exported entities
RUN-1001 : Exported ports
RUN-1001 : Exported pins
RUN-1001 : Exported instances
RUN-1001 : Exported nets
RUN-1001 : Exported buses
RUN-1001 : Exported models
RUN-1001 : Exported congestions
RUN-1001 : Exported violations
RUN-1001 : Exported IO constraints
RUN-1001 : Exported Inst constraints
RUN-1002 : start command "route"
RUN-1001 : Open license file D:/TD/license/Anlogic.lic
RUN-1001 : Print Global Property
RUN-1001 : ---------------------------------------------------------------
RUN-1001 :        Parameters        |  Settings  |  Default Values  |  Note  
RUN-1001 : ---------------------------------------------------------------
RUN-1001 :          message         |  standard  |     standard     |        
RUN-1001 :   mixed_pack_place_flow  |     on     |        on        |        
RUN-1001 :        qor_monitor       |    off     |       off        |        
RUN-1001 :        syn_ip_flow       |    off     |       off        |        
RUN-1001 :          thread          |    auto    |       auto       |        
RUN-1001 : ---------------------------------------------------------------
RUN-1001 : Print Route Property
RUN-1001 : -------------------------------------------------------
RUN-1001 :    Parameters    |  Settings  |  Default Values  |  Note  
RUN-1001 : -------------------------------------------------------
RUN-1001 :      effort      |   medium   |      medium      |        
RUN-1001 :     fix_hold     |    off     |       off        |        
RUN-1001 :    opt_timing    |   medium   |      medium      |        
RUN-1001 :   phy_sim_model  |    off     |       off        |        
RUN-1001 :     priority     |   timing   |      timing      |        
RUN-1001 :     swap_pin     |     on     |        on        |        
RUN-1001 : -------------------------------------------------------
PHY-1001 : Route runs in 24 thread(s)
RUN-1001 : There are total 1176 instances
RUN-1001 : 560 mslices, 559 lslices, 39 pads, 0 brams, 4 dsps
RUN-1001 : There are total 2869 nets
RUN-1001 : 2091 nets have 2 pins
RUN-1001 : 531 nets have [3 - 5] pins
RUN-1001 : 75 nets have [6 - 10] pins
RUN-1001 : 112 nets have [11 - 20] pins
RUN-1001 : 52 nets have [21 - 99] pins
RUN-1001 : 8 nets have 100+ pins
RUN-1002 : start command "start_timer -report"
TMR-5001 WARNING: No sdc constraints found while initiating timer.
TMR-2505 : Start building timing graph for model audio_speak.
TMR-2506 : Build timing graph completely. Port num: 36, tpin num: 12211, tnet num: 2867, tinst num: 1174, tnode num: 15915, tedge num: 22123.
TMR-2508 : Levelizing timing graph completed, there are 71 levels in total.
TMR-2501 : Timing graph initialized successfully.
PHY-1001 : 560 mslices, 559 lslices, 39 pads, 0 brams, 4 dsps
TMR-2503 : Start to update net delay, extr mode = 3.
TMR-2504 : Update delay of 2867 nets completely.
TMR-2502 : Annotate delay completely, extr mode = 3.
TMR-3002 : No user constraint, initiate default constraint.
TMR-1501 : Assign derive clock DeriveClock to 1662 clock pins, and constraint 3695 relative nodes.
TMR-3003 : Constraints initiated successfully.
TMR-3501 : Forward propagation: start to calculate arrival time...
TMR-3502 : Backward propagation: start to calculate required time...
TMR-3503 : Timing propagation completes.
PHY-1001 : Start global routing, caller is route ...
RUN-1001 : Generating global routing grids ...
PHY-1001 : Generate routing nets ...
PHY-1001 : Global iterations in 24 thread ...
PHY-1002 : len = 99176, over cnt = 319(0%), over = 568, worst = 6
PHY-1002 : len = 101592, over cnt = 179(0%), over = 260, worst = 5
PHY-1002 : len = 104544, over cnt = 14(0%), over = 17, worst = 4
PHY-1002 : len = 104752, over cnt = 0(0%), over = 0, worst = 0
PHY-1001 : End global iterations;  0.193169s wall, 0.187500s user + 0.125000s system = 0.312500s CPU (161.8%)

PHY-1001 : Congestion index: top1 = 34.66, top5 = 28.27, top10 = 23.79, top15 = 20.00.
PHY-1001 : End global routing;  0.242951s wall, 0.218750s user + 0.125000s system = 0.343750s CPU (141.5%)

PHY-1001 : Start detail routing ...
PHY-1001 : Current memory(MB): used = 281, reserve = 254, peak = 301.
PHY-1001 : Detailed router is running in normal mode.
PHY-1001 : Generate detailed routing grids ...
PHY-1001 : Processed IO instance aud_dacdat_syn_4 with INV attribute.
PHY-1001 : Processed IO instance aud_dacdat_1_syn_4 with INV attribute.
PHY-1001 : Processed IO instance aud_dacdat_2_syn_4 with INV attribute.
PHY-1001 : Generate nets ...
PHY-1001 : clock net aud_bclk_syn_4 will be merged with clock aud_bclk_dup_1
PHY-1001 : clock net aud_bclk_1_syn_4 will be merged with clock aud_bclk_1_dup_1
PHY-1001 : net aud_bclk_2_dup_1 will be routed on clock mesh
PHY-1001 : net aud_mclk_dup_1 will be routed on clock mesh
PHY-1001 : net aud_mclk_1_dup_1 will be routed on clock mesh
PHY-1001 : net aud_mclk_2_dup_1 will be routed on clock mesh
PHY-1001 : clock net ilaclk_dup_1 will be merged with clock u_pll_clk/clk0_buf
PHY-1001 : clock net ilaclk_1_dup_1 will be merged with clock u1_pll_clk/clk0_buf
PHY-1001 : clock net ilaclk_2_dup_1 will be merged with clock u2_pll_clk/clk0_buf
PHY-1001 : net sys_clk_dup_1 will be routed on clock mesh
PHY-1001 : clock net u_es8388_ctrl/u_es8388_config/u_i2c_dri/dri_clk_syn_4 will be merged with clock u_es8388_ctrl/u_es8388_config/u_i2c_dri/dri_clk
PHY-1001 : clock net u1_es8388_ctrl/u_es8388_config/u_i2c_dri/dri_clk_syn_4 will be merged with clock u1_es8388_ctrl/u_es8388_config/u_i2c_dri/dri_clk
PHY-1001 : clock net u2_es8388_ctrl/u_es8388_config/u_i2c_dri/dri_clk_syn_4 will be merged with clock u2_es8388_ctrl/u_es8388_config/u_i2c_dri/dri_clk
PHY-1001 : Current memory(MB): used = 546, reserve = 523, peak = 546.
PHY-1001 : End build detailed router design. 2.551455s wall, 2.453125s user + 0.093750s system = 2.546875s CPU (99.8%)

PHY-1001 : Detail Route ...
PHY-1001 : ===== Detail Route Phase 1 =====
PHY-1001 : Clock net routing.....
PHY-1001 : Routed 0% nets.
PHY-1022 : len = 41928, over cnt = 0(0%), over = 0, worst = 0, crit = 0
PHY-1001 : End initial clock net routed; 2.491012s wall, 2.468750s user + 0.000000s system = 2.468750s CPU (99.1%)

PHY-1001 : Current memory(MB): used = 579, reserve = 556, peak = 579.
PHY-1001 : End phase 1; 2.496650s wall, 2.468750s user + 0.000000s system = 2.468750s CPU (98.9%)

PHY-1001 : ===== Detail Route Phase 2 =====
PHY-1001 : Initial routing.....
PHY-1001 : Routed 39% nets.
PHY-1001 : Routed 43% nets.
PHY-1001 : Routed 58% nets.
PHY-1001 : Routed 75% nets.
PHY-1001 : Routed 92% nets.
PHY-1022 : len = 401280, over cnt = 214(0%), over = 215, worst = 2, crit = 0
PHY-1001 : Current memory(MB): used = 580, reserve = 557, peak = 581.
PHY-1001 : End initial routed; 1.956335s wall, 1.687500s user + 0.968750s system = 2.656250s CPU (135.8%)

PHY-1001 : Current memory(MB): used = 580, reserve = 557, peak = 581.
PHY-1001 : End phase 2; 1.956484s wall, 1.687500s user + 0.968750s system = 2.656250s CPU (135.8%)

PHY-1001 : ===== Detail Route Phase 3 =====
PHY-1001 : Ripup-reroute.....
PHY-1001 : ===== DR Iter 1 =====
PHY-1022 : len = 397080, over cnt = 113(0%), over = 114, worst = 2, crit = 0
PHY-1001 : End DR Iter 1; 0.238746s wall, 0.203125s user + 0.046875s system = 0.250000s CPU (104.7%)

PHY-1001 : ===== DR Iter 2 =====
PHY-1022 : len = 396384, over cnt = 17(0%), over = 17, worst = 1, crit = 0
PHY-1001 : End DR Iter 2; 0.146308s wall, 0.078125s user + 0.046875s system = 0.125000s CPU (85.4%)

PHY-1001 : ===== DR Iter 3 =====
PHY-1022 : len = 396472, over cnt = 2(0%), over = 2, worst = 1, crit = 0
PHY-1001 : End DR Iter 3; 0.083910s wall, 0.078125s user + 0.015625s system = 0.093750s CPU (111.7%)

PHY-1001 : ===== DR Iter 4 =====
PHY-1022 : len = 396504, over cnt = 0(0%), over = 0, worst = 0, crit = 0
PHY-1001 : End DR Iter 4; 0.021880s wall, 0.015625s user + 0.000000s system = 0.015625s CPU (71.4%)

PHY-1001 : Commit to database.....
PHY-1001 : 68 feed throughs used by 46 nets
PHY-1001 : End commit to database; 0.260561s wall, 0.250000s user + 0.015625s system = 0.265625s CPU (101.9%)

PHY-1001 : Current memory(MB): used = 601, reserve = 578, peak = 601.
PHY-1001 : End phase 3; 0.870970s wall, 0.734375s user + 0.140625s system = 0.875000s CPU (100.5%)

PHY-1003 : Routed, final wirelength = 396504
PHY-1001 : Current memory(MB): used = 601, reserve = 579, peak = 601.
PHY-1001 : End export database. 0.009239s wall, 0.015625s user + 0.000000s system = 0.015625s CPU (169.1%)

PHY-1001 : End detail routing;  8.052390s wall, 7.500000s user + 1.218750s system = 8.718750s CPU (108.3%)

RUN-1003 : finish command "route" in  8.647644s wall, 8.062500s user + 1.359375s system = 9.421875s CPU (109.0%)

RUN-1004 : used memory is 499 MB, reserved memory is 476 MB, peak memory is 601 MB
RUN-1002 : start command "report_area -io_info -file ES8388_phy.area"
RUN-1001 : standard
***Report Model: audio_speak Device: EG4S20BG256***

IO Statistics
#IO                        39
  #input                   15
  #output                  21
  #inout                    3

Utilization Statistics
#lut                     1714   out of  19600    8.74%
#reg                     1374   out of  19600    7.01%
#le                      2056
  #lut only               682   out of   2056   33.17%
  #reg only               342   out of   2056   16.63%
  #lut&reg               1032   out of   2056   50.19%
#dsp                        4   out of     29   13.79%
#bram                       0   out of     64    0.00%
  #bram9k                   0
  #fifo9k                   0
#bram32k                    0   out of     16    0.00%
#pad                       39   out of    188   20.74%
  #ireg                     6
  #oreg                    12
  #treg                     3
#pll                        3   out of      4   75.00%
#gclk                       8   out of     16   50.00%

Clock Resource Statistics
Index     ClockNet                                            Type               DriverType         Driver                                                           Fanout
#1        sys_clk_dup_1                                       GCLK               io                 sys_clk_syn_2.di                                                 573
#2        aud_bclk_1_dup_1                                    GCLK               io                 aud_bclk_1_syn_2.di                                              46
#3        aud_bclk_2_dup_1                                    GCLK               io                 aud_bclk_2_syn_2.di                                              45
#4        aud_bclk_dup_1                                      GCLK               io                 aud_bclk_syn_2.di                                                44
#5        u_es8388_ctrl/u_es8388_config/u_i2c_dri/dri_clk     GCLK               mslice             u_es8388_ctrl/u_es8388_config/u_i2c_dri/dri_clk_reg_syn_9.q1     44
#6        u2_es8388_ctrl/u_es8388_config/u_i2c_dri/dri_clk    GCLK               lslice             u2_es8388_ctrl/u_es8388_config/u_i2c_dri/dri_clk_reg_syn_9.q1    42
#7        u1_es8388_ctrl/u_es8388_config/u_i2c_dri/dri_clk    GCLK               mslice             u1_es8388_ctrl/u_es8388_config/u_i2c_dri/dri_clk_reg_syn_9.q1    40
#8        aud_mclk_1_dup_1                                    GCLK               pll                u1_pll_clk/pll_inst.clkc1                                        0
#9        aud_mclk_2_dup_1                                    GCLK               pll                u2_pll_clk/pll_inst.clkc1                                        0
#10       aud_mclk_dup_1                                      GCLK               pll                u_pll_clk/pll_inst.clkc1                                         0
#11       u1_pll_clk/clk0_buf                                 GCLK               pll                u1_pll_clk/pll_inst.clkc0                                        0
#12       u2_pll_clk/clk0_buf                                 GCLK               pll                u2_pll_clk/pll_inst.clkc0                                        0
#13       u_pll_clk/clk0_buf                                  GCLK               pll                u_pll_clk/pll_inst.clkc0                                         0


Detailed IO Report

      Name        Direction    Location    IOStandard    DriveStrength    PullType     PackReg   
   aud_adcdat       INPUT        R14        LVCMOS25          N/A          PULLUP       IREG     
  aud_adcdat_1      INPUT         F7        LVCMOS25          N/A          PULLUP       IREG     
  aud_adcdat_2      INPUT        H15        LVCMOS25          N/A          PULLUP       IREG     
    aud_bclk        INPUT         M6        LVCMOS25          N/A          PULLUP       NONE     
   aud_bclk_1       INPUT         C4        LVCMOS25          N/A          PULLUP       NONE     
   aud_bclk_2       INPUT        F13        LVCMOS25          N/A          PULLUP       NONE     
    aud_lrc         INPUT         M7        LVCMOS25          N/A          PULLUP       IREG     
   aud_lrc_1        INPUT         D6        LVCMOS25          N/A          PULLUP       IREG     
   aud_lrc_2        INPUT        H13        LVCMOS25          N/A          PULLUP       IREG     
    sys_clk         INPUT         R7        LVCMOS25          N/A          PULLUP       NONE     
   sys_rst_n        INPUT         E3        LVCMOS25          N/A          PULLUP       NONE     
  sys_rst_n_1       INPUT         A9        LVCMOS25          N/A          PULLUP       NONE     
  sys_rst_n_2       INPUT        A10        LVCMOS25          N/A          PULLUP       NONE     
   volume[1]        INPUT        A11        LVCMOS25          N/A          PULLUP       NONE     
   volume[0]        INPUT        B10        LVCMOS25          N/A          PULLUP       NONE     
    I2S_BCLK       OUTPUT        D14        LVCMOS25           8            NONE        NONE     
    I2S_DATA       OUTPUT        F14        LVCMOS25           8            NONE        NONE     
   I2S_LRCLK       OUTPUT        E15        LVCMOS25           8            NONE        NONE     
   aud_dacdat      OUTPUT         P6        LVCMOS25           8            NONE        OREG     
  aud_dacdat_1     OUTPUT         C5        LVCMOS25           8            NONE        OREG     
  aud_dacdat_2     OUTPUT        G12        LVCMOS25           8            NONE        OREG     
    aud_mclk       OUTPUT         N5        LVCMOS25           8            NONE        NONE     
   aud_mclk_1      OUTPUT         B3        LVCMOS25           8            NONE        NONE     
   aud_mclk_2      OUTPUT        F15        LVCMOS25           8            NONE        NONE     
    aud_scl        OUTPUT        R12        LVCMOS25           8            NONE        OREG     
   aud_scl_1       OUTPUT         B2        LVCMOS25           8            NONE        OREG     
   aud_scl_2       OUTPUT        D16        LVCMOS25           8            NONE        OREG     
     ilaclk        OUTPUT         T5        LVCMOS25           8            NONE        NONE     
    ilaclk_1       OUTPUT         D3        LVCMOS25           8            NONE        NONE     
    ilaclk_2       OUTPUT        K15        LVCMOS25           8            NONE        NONE     
      led          OUTPUT        B14        LVCMOS25           8            NONE        NONE     
     led_1         OUTPUT        B15        LVCMOS25           8            NONE        NONE     
     led_2         OUTPUT        B16        LVCMOS25           8            NONE        NONE     
    leds[2]        OUTPUT        E13        LVCMOS25           8            NONE        OREG     
    leds[1]        OUTPUT        C16        LVCMOS25           8            NONE        OREG     
    leds[0]        OUTPUT        C15        LVCMOS25           8            NONE        OREG     
    aud_sda         INOUT         R9        LVCMOS25           8           PULLUP     OREG;TREG  
   aud_sda_1        INOUT         B1        LVCMOS25           8           PULLUP     OREG;TREG  
   aud_sda_2        INOUT        J11        LVCMOS25           8           PULLUP     OREG;TREG  

Report Hierarchy Area:
+----------------------------------------------------------------------------------------+
|Instance            |Module        |le     |lut     |ripple  |seq     |bram    |dsp     |
+----------------------------------------------------------------------------------------+
|top                 |audio_speak   |2056   |1521    |193     |1395    |0       |4       |
|  direct            |TDOA_GCC      |1145   |775     |109     |913     |0       |4       |
|  u1_es8388_ctrl    |es8388_ctrl   |283    |244     |25      |143     |0       |0       |
|    u_audio_receive |audio_receive |76     |55      |12      |53      |0       |0       |
|    u_audio_send    |audio_send    |24     |21      |0       |24      |0       |0       |
|    u_es8388_config |es8388_config |183    |168     |13      |66      |0       |0       |
|      u_i2c_dri     |i2c_dri       |121    |116     |5       |40      |0       |0       |
|      u_i2c_reg_cfg |i2c_reg_cfg   |62     |52      |8       |26      |0       |0       |
|  u1_pll_clk        |clk_wiz_0     |1      |1       |0       |0       |0       |0       |
|  u2_es8388_ctrl    |es8388_ctrl   |279    |230     |25      |147     |0       |0       |
|    u_audio_receive |audio_receive |80     |49      |12      |55      |0       |0       |
|    u_audio_send    |audio_send    |24     |23      |0       |24      |0       |0       |
|    u_es8388_config |es8388_config |175    |158     |13      |68      |0       |0       |
|      u_i2c_dri     |i2c_dri       |117    |110     |5       |41      |0       |0       |
|      u_i2c_reg_cfg |i2c_reg_cfg   |58     |48      |8       |27      |0       |0       |
|  u2_pll_clk        |clk_wiz_0     |1      |1       |0       |0       |0       |0       |
|  u_es8388_ctrl     |es8388_ctrl   |310    |260     |25      |147     |0       |0       |
|    u_audio_receive |audio_receive |92     |63      |12      |53      |0       |0       |
|    u_audio_send    |audio_send    |41     |35      |0       |26      |0       |0       |
|    u_es8388_config |es8388_config |177    |162     |13      |68      |0       |0       |
|      u_i2c_dri     |i2c_dri       |115    |108     |5       |41      |0       |0       |
|      u_i2c_reg_cfg |i2c_reg_cfg   |62     |54      |8       |27      |0       |0       |
|  u_pll_clk         |clk_wiz_0     |1      |1       |0       |0       |0       |0       |
+----------------------------------------------------------------------------------------+


DataNet Average Fanout:

   Index     Fanout     Nets  
    #1          1       2049  
    #2          2       275   
    #3          3       159   
    #4          4        94   
    #5        5-10       81   
    #6        11-50     144   
    #7       51-100      7    
    #8       101-500     5    
    #9        >500       1    
  Average     3.01            

RUN-1002 : start command "export_db ES8388_pr.db"
RUN-1001 : Exported /
RUN-1001 : Exported flow parameters
RUN-1001 : Exported libs
RUN-1001 : Exported entities
RUN-1001 : Exported ports
RUN-1001 : Exported pins
RUN-1001 : Exported instances
RUN-1001 : Exported nets
RUN-1001 : Exported buses
RUN-1001 : Exported models
RUN-1001 : Exported congestions
RUN-1001 : Exported violations
RUN-1001 : Exported IO constraints
RUN-1001 : Exported Inst constraints
RUN-1002 : start command "export_bid ES8388_inst.bid"
RUN-1002 : start command "bitgen -bit ES8388.bit -unused_io_status pulldown"
BIT-1003 : Start to generate bitstream. 
BIT-1002 : Bitgen processed 149 unused pads, reserve input tri_state with pulldown
BIT-1002 : Init instances with 24 threads.
BIT-1002 : Init instances completely, inst num: 1323
BIT-1002 : Init pips with 24 threads.
BIT-1002 : Init pips completely, net num: 2869, pip num: 28909
BIT-1002 : Init feedthrough with 24 threads.
BIT-1002 : Init feedthrough completely, num: 68
BIT-1003 : Multithreading accelaration with 24 threads.
BIT-1003 : Generate bitstream completely, there are 2030 valid insts, and 76486 bits set as '1'.
BIT-1004 : PLL setting string = 1110
BIT-1004 : Generate bits file ES8388.bit.
RUN-1003 : finish command "bitgen -bit ES8388.bit -unused_io_status pulldown" in  2.961244s wall, 46.171875s user + 1.265625s system = 47.437500s CPU (1601.9%)

RUN-1004 : used memory is 516 MB, reserved memory is 499 MB, peak memory is 747 MB
RUN-1002 : start command "backup_run_log run.log ../.logs/phy_1/td_20251021_194502.log"
