============================================================
   Tang Dynasty, V5.6.71036
      Copyright (c) 2012-2023 Anlogic Inc.
   Executable = E:/Software/Anlogic/TD5.6.2/bin/td.exe
   Built at =   20:34:38 Mar 21 2023
   Run by =     Lviva
   Run Date =   Tue Oct 28 19:42:17 2025

   Run on =     VIVACIOUS
============================================================
RUN-1002 : start command "open_project ES8388.prj"
RUN-1001 : Print Global Property
RUN-1001 : ---------------------------------------------------------------
RUN-1001 :        Parameters        |  Settings  |  Default Values  |  Note  
RUN-1001 : ---------------------------------------------------------------
RUN-1001 :          message         |  standard  |     standard     |        
RUN-1001 :   mixed_pack_place_flow  |     on     |        on        |        
RUN-1001 :        qor_monitor       |    off     |       off        |        
RUN-1001 :        syn_ip_flow       |    off     |       off        |        
RUN-1001 :          thread          |    auto    |       auto       |        
RUN-1001 : ---------------------------------------------------------------
RUN-1001 : Print Design Property
RUN-1001 : --------------------------------------------------------------
RUN-1001 :        Parameters       |  Settings  |  Default Values  |  Note  
RUN-1001 : --------------------------------------------------------------
RUN-1001 :   default_reg_initial   |    auto    |       auto       |        
RUN-1001 :        infer_add        |     on     |        on        |        
RUN-1001 :        infer_fsm        |    off     |       off        |        
RUN-1001 :        infer_mult       |     on     |        on        |        
RUN-1001 :        infer_ram        |     on     |        on        |        
RUN-1001 :        infer_reg        |     on     |        on        |        
RUN-1001 :   infer_reg_init_value  |     on     |        on        |        
RUN-1001 :        infer_rom        |     on     |        on        |        
RUN-1001 :      infer_shifter      |     on     |        on        |        
RUN-1001 : --------------------------------------------------------------
RUN-1001 : Print Rtl Property
RUN-1001 : --------------------------------------------------------------
RUN-1001 :        Parameters       |  Settings  |  Default Values  |  Note  
RUN-1001 : --------------------------------------------------------------
RUN-1001 :       compress_add      |   ripple   |      ripple      |        
RUN-1001 :        elf_sload        |    off     |       off        |        
RUN-1001 :       fix_undriven      |     0      |        0         |        
RUN-1001 :         flatten         |    off     |       off        |        
RUN-1001 :       gate_sharing      |     on     |        on        |        
RUN-1001 :    hdl_warning_level    |   normal   |      normal      |        
RUN-1001 :   impl_internal_tribuf  |     on     |        on        |        
RUN-1001 :      impl_set_reset     |     on     |        on        |        
RUN-1001 :        infer_gsr        |    off     |       off        |        
RUN-1001 :      keep_hierarchy     |    auto    |       auto       |        
RUN-1001 :        max_fanout       |    9999    |       9999       |        
RUN-1001 :      max_oh2bin_len     |     10     |        10        |        
RUN-1001 :       merge_equal       |     on     |        on        |        
RUN-1001 :       merge_equiv       |     on     |        on        |        
RUN-1001 :        merge_mux        |    off     |       off        |        
RUN-1001 :     min_control_set     |     8      |        8         |        
RUN-1001 :      min_ripple_len     |    auto    |       auto       |        
RUN-1001 :       oh2bin_ratio      |    0.08    |       0.08       |        
RUN-1001 :     opt_adder_fanout    |     on     |        on        |        
RUN-1001 :        opt_arith        |     on     |        on        |        
RUN-1001 :       opt_big_gate      |    off     |       off        |        
RUN-1001 :        opt_const        |     on     |        on        |        
RUN-1001 :      opt_const_mult     |     on     |        on        |        
RUN-1001 :       opt_lessthan      |     on     |        on        |        
RUN-1001 :         opt_mux         |    off     |       off        |        
RUN-1001 :         opt_ram         |    high    |       high       |        
RUN-1001 :      rtl_sim_model      |    off     |       off        |        
RUN-1001 :         seq_syn         |     on     |        on        |        
RUN-1001 : --------------------------------------------------------------
HDL-1007 : analyze verilog file ../../al_ip/clk_wiz_0.v
HDL-1007 : undeclared symbol 'open', assumed default net type 'wire' in ../../al_ip/clk_wiz_0.v(80)
HDL-1007 : analyze verilog file ../../../RTL/audio_receive.v
HDL-1007 : analyze verilog file ../../../RTL/audio_send.v
HDL-1007 : analyze verilog file ../../../RTL/audio_speak.v
HDL-1007 : analyze verilog file ../../../RTL/es8388_config.v
HDL-1007 : analyze verilog file ../../../RTL/es8388_ctrl.v
HDL-1007 : analyze verilog file ../../../RTL/i2c_dri.v
HDL-1007 : analyze verilog file ../../../RTL/i2c_reg_cfg.v
HDL-1007 : analyze verilog file ../../../RTL/spar_4mic_localization.v
RUN-1001 : Project manager successfully analyzed 9 source files.
RUN-1002 : start command "import_device eagle_s20.db -package EG4S20BG256"
ARC-1001 : Device Initialization.
ARC-1001 : ------------------------------------------------------------------
ARC-1001 :            OPTION            |          IO          |   SETTING   
ARC-1001 : ------------------------------------------------------------------
ARC-1001 :   cso_b/cclk/mosi/miso/dout  |  T3/R11/T10/P10/S11  |    gpio    
ARC-1001 :             done             |         P13          |    gpio    
ARC-1001 :           program_b          |          T2          |  dedicate  
ARC-1001 :        tdi/tms/tck/tdo       |   C12/A15/C14/E14    |  dedicate  
ARC-1001 : ------------------------------------------------------------------
ARC-1004 : Device setting, marked 5 dedicate IOs in total.
RUN-1002 : start command "import_db ../syn_1/ES8388_gate.db"
RUN-1001 : Importing database generated by Tang Dynasty, V5.6.71036.
RUN-1001 : Database version number 46146.
RUN-1001 : Import flow parameters
RUN-1001 : Import IO constraints
RUN-1001 : Import Inst constraints
RUN-1001 : Import design success TD_VERSION=5.6.71036 , DB_VERSION=46146
RUN-1002 : start command "place"
RUN-1001 : Open license file E:/Software/Anlogic/TD5.6.2/license/Anlogic.lic
RUN-1001 : Print Global Property
RUN-1001 : ---------------------------------------------------------------
RUN-1001 :        Parameters        |  Settings  |  Default Values  |  Note  
RUN-1001 : ---------------------------------------------------------------
RUN-1001 :          message         |  standard  |     standard     |        
RUN-1001 :   mixed_pack_place_flow  |     on     |        on        |        
RUN-1001 :        qor_monitor       |    off     |       off        |        
RUN-1001 :        syn_ip_flow       |    off     |       off        |        
RUN-1001 :          thread          |    auto    |       auto       |        
RUN-1001 : ---------------------------------------------------------------
RUN-1001 : Print Place Property
RUN-1001 : --------------------------------------------------------------
RUN-1001 :        Parameters       |  Settings  |  Default Values  |  Note  
RUN-1001 : --------------------------------------------------------------
RUN-1001 :      detailed_place     |     on     |        on        |        
RUN-1001 :          effort         |   medium   |      medium      |        
RUN-1001 :         fix_hold        |    off     |       off        |        
RUN-1001 :       legalization      |    ori     |       ori        |        
RUN-1001 :      new_spreading      |     on     |        on        |        
RUN-1001 :        opt_timing       |   medium   |      medium      |        
RUN-1001 :   post_clock_route_opt  |    off     |       off        |        
RUN-1001 :       pr_strategy       |     1      |        1         |        
RUN-1001 :        relaxation       |    1.00    |       1.00       |        
RUN-1001 :         retiming        |    off     |       off        |        
RUN-1001 : --------------------------------------------------------------
PHY-3001 : Placer runs in 16 thread(s).
RUN-1002 : start command "legalize_phy_inst"
SYN-1011 : Flatten model audio_speak
RUN-1002 : start command "phys_opt -simplify_lut"
SYN-4016 : Net ilaclk_1_dup_1 driven by BUFG (0 clock/control pins, 2 other pins).
SYN-4016 : Net ilaclk_2_dup_1 driven by BUFG (0 clock/control pins, 2 other pins).
SYN-4016 : Net ilaclk_3_dup_1 driven by BUFG (0 clock/control pins, 2 other pins).
SYN-4016 : Net ilaclk_dup_1 driven by BUFG (0 clock/control pins, 2 other pins).
SYN-4027 : Net aud_mclk_1_dup_1 is clkc1 of pll u1_pll_clk/pll_inst.
SYN-4019 : Net sys_clk_dup_1 is refclk of pll u1_pll_clk/pll_inst.
SYN-4020 : Net sys_clk_dup_1 is fbclk of pll u1_pll_clk/pll_inst.
SYN-4027 : Net aud_mclk_2_dup_1 is clkc1 of pll u2_pll_clk/pll_inst.
SYN-4019 : Net sys_clk_dup_1 is refclk of pll u2_pll_clk/pll_inst.
SYN-4020 : Net sys_clk_dup_1 is fbclk of pll u2_pll_clk/pll_inst.
SYN-4027 : Net aud_mclk_3_dup_1 is clkc1 of pll u3_pll_clk/pll_inst.
SYN-4019 : Net sys_clk_dup_1 is refclk of pll u3_pll_clk/pll_inst.
SYN-4020 : Net sys_clk_dup_1 is fbclk of pll u3_pll_clk/pll_inst.
SYN-4027 : Net aud_mclk_dup_1 is clkc1 of pll u_pll_clk/pll_inst.
SYN-4019 : Net sys_clk_dup_1 is refclk of pll u_pll_clk/pll_inst.
SYN-4020 : Net sys_clk_dup_1 is fbclk of pll u_pll_clk/pll_inst.
SYN-4024 : Net "aud_bclk_dup_1" drives clk pins.
SYN-4024 : Net "aud_bclk_1_dup_1" drives clk pins.
SYN-4024 : Net "aud_bclk_2_dup_1" drives clk pins.
SYN-4024 : Net "aud_bclk_3_dup_1" drives clk pins.
SYN-4024 : Net "u1_es8388_ctrl/u_es8388_config/u_i2c_dri/dri_clk" drives clk pins.
SYN-4024 : Net "u2_es8388_ctrl/u_es8388_config/u_i2c_dri/dri_clk" drives clk pins.
SYN-4024 : Net "u3_es8388_ctrl/u_es8388_config/u_i2c_dri/dri_clk" drives clk pins.
SYN-7503 WARNING: Net "u_es8388_ctrl/u_es8388_config/u_i2c_dri/dri_clk" drives clk pins. However it will not be tagged as clk net, for there's no more slots.
SYN-4025 : Tag rtl::Net aud_bclk_1_dup_1 as clock net
SYN-4025 : Tag rtl::Net aud_bclk_2_dup_1 as clock net
SYN-4025 : Tag rtl::Net aud_bclk_3_dup_1 as clock net
SYN-4025 : Tag rtl::Net aud_bclk_dup_1 as clock net
SYN-4025 : Tag rtl::Net aud_mclk_1_dup_1 as clock net
SYN-4025 : Tag rtl::Net aud_mclk_2_dup_1 as clock net
SYN-4025 : Tag rtl::Net aud_mclk_3_dup_1 as clock net
SYN-4025 : Tag rtl::Net aud_mclk_dup_1 as clock net
SYN-4025 : Tag rtl::Net ilaclk_1_dup_1 as clock net
SYN-4025 : Tag rtl::Net ilaclk_2_dup_1 as clock net
SYN-4025 : Tag rtl::Net ilaclk_3_dup_1 as clock net
SYN-4025 : Tag rtl::Net ilaclk_dup_1 as clock net
SYN-4025 : Tag rtl::Net sys_clk_dup_1 as clock net
SYN-4025 : Tag rtl::Net u1_es8388_ctrl/u_es8388_config/u_i2c_dri/dri_clk as clock net
SYN-4025 : Tag rtl::Net u2_es8388_ctrl/u_es8388_config/u_i2c_dri/dri_clk as clock net
SYN-4025 : Tag rtl::Net u3_es8388_ctrl/u_es8388_config/u_i2c_dri/dri_clk as clock net
SYN-4026 : Tagged 16 rtl::Net as clock net
SYN-4015 : Create BUFG instance for clk Net aud_bclk_1_dup_1 to drive 80 clock pins.
SYN-4015 : Create BUFG instance for clk Net aud_bclk_2_dup_1 to drive 80 clock pins.
SYN-4015 : Create BUFG instance for clk Net aud_bclk_3_dup_1 to drive 80 clock pins.
SYN-4015 : Create BUFG instance for clk Net aud_bclk_dup_1 to drive 80 clock pins.
SYN-4015 : Create BUFG instance for clk Net u1_es8388_ctrl/u_es8388_config/u_i2c_dri/dri_clk to drive 59 clock pins.
SYN-4015 : Create BUFG instance for clk Net u2_es8388_ctrl/u_es8388_config/u_i2c_dri/dri_clk to drive 59 clock pins.
SYN-4015 : Create BUFG instance for clk Net u3_es8388_ctrl/u_es8388_config/u_i2c_dri/dri_clk to drive 59 clock pins.
PHY-1001 : Populate physical database on model audio_speak.
RUN-1001 : There are total 2953 instances
RUN-0007 : 1114 luts, 941 seqs, 542 mslices, 287 lslices, 51 pads, 0 brams, 0 dsps
RUN-1001 : There are total 4802 nets
RUN-1001 : 2979 nets have 2 pins
RUN-1001 : 1401 nets have [3 - 5] pins
RUN-1001 : 265 nets have [6 - 10] pins
RUN-1001 : 96 nets have [11 - 20] pins
RUN-1001 : 47 nets have [21 - 99] pins
RUN-1001 : 14 nets have 100+ pins
RUN-1001 : Report Control nets information:
RUN-1001 : DFF Distribution
RUN-1001 : ----------------------------------
RUN-1001 :   CE   |  SSR  |  ASR  |  DFF Count  
RUN-1001 : ----------------------------------
RUN-1001 :   No   |  No   |  No   |      0      
RUN-1001 :   No   |  No   |  Yes  |     613     
RUN-1001 :   No   |  Yes  |  No   |      0      
RUN-1001 :   Yes  |  No   |  No   |      0      
RUN-1001 :   Yes  |  No   |  Yes  |     296     
RUN-1001 :   Yes  |  Yes  |  No   |     32      
RUN-1001 : ----------------------------------
RUN-0007 : Control Group Statistic
RUN-0007 : ---------------------------
RUN-0007 :   #CLK  |  #CE  |  #SSR/ASR  
RUN-0007 : ---------------------------
RUN-0007 :    9    |  22   |     9      
RUN-0007 : ---------------------------
RUN-0007 : Control Set = 34
PHY-3001 : Initial placement ...
PHY-3001 : design contains 2951 instances, 1114 luts, 941 seqs, 829 slices, 176 macros(829 instances: 542 mslices 287 lslices)
PHY-0007 : Cell area utilization is 14%
PHY-3001 : Global placement ...
PHY-3001 : Initial: Len = 823910
PHY-3001 : Clustering ...
PHY-3001 : Level 0 #clusters 2951.
PHY-3001 : End clustering;  0.000042s wall, 0.000000s user + 0.000000s system = 0.000000s CPU (n/a%)

PHY-3001 : Run with size of 4
PHY-3001 : Cell area utilization is 14%
PHY-3001 : :::0::: Try harder cell spreading with beta_ = 0
PHY-3002 : Step(1): len = 548563, overlap = 0
PHY-3002 : Step(2): len = 427528, overlap = 0
PHY-3002 : Step(3): len = 280530, overlap = 5.8125
PHY-3002 : Step(4): len = 209010, overlap = 4.5625
PHY-3002 : Step(5): len = 178930, overlap = 11.125
PHY-3002 : Step(6): len = 151537, overlap = 38.1875
PHY-3002 : Step(7): len = 133885, overlap = 62.9375
PHY-3002 : Step(8): len = 116730, overlap = 89.375
PHY-3002 : Step(9): len = 109299, overlap = 99.8438
PHY-3002 : Step(10): len = 106271, overlap = 127.438
PHY-3002 : Step(11): len = 93682.1, overlap = 134.406
PHY-3002 : Step(12): len = 85633.4, overlap = 142.125
PHY-3002 : Step(13): len = 83976.2, overlap = 147.812
PHY-3002 : Step(14): len = 77265.4, overlap = 160.625
PHY-3001 : :::1::: Try harder cell spreading with beta_ = 1.26981e-05
PHY-3002 : Step(15): len = 84057.7, overlap = 131.156
PHY-3002 : Step(16): len = 85621.5, overlap = 126.062
PHY-3002 : Step(17): len = 81586.6, overlap = 112.344
PHY-3002 : Step(18): len = 80322.2, overlap = 97.5938
PHY-3002 : Step(19): len = 81087.9, overlap = 89.4375
PHY-3002 : Step(20): len = 81112, overlap = 92.0625
PHY-3002 : Step(21): len = 80721.6, overlap = 77.8125
PHY-3002 : Step(22): len = 77145.1, overlap = 69.7812
PHY-3002 : Step(23): len = 77507.8, overlap = 61.3438
PHY-3002 : Step(24): len = 77655, overlap = 58
PHY-3002 : Step(25): len = 73058.5, overlap = 72.125
PHY-3002 : Step(26): len = 70098.3, overlap = 79.4062
PHY-3002 : Step(27): len = 69987.3, overlap = 78.125
PHY-3002 : Step(28): len = 68798.5, overlap = 87.3438
PHY-3002 : Step(29): len = 68548.4, overlap = 106.281
PHY-3002 : Step(30): len = 66859, overlap = 109.25
PHY-3002 : Step(31): len = 65636.2, overlap = 108.906
PHY-3002 : Step(32): len = 65318.9, overlap = 105.781
PHY-3002 : Step(33): len = 62136.1, overlap = 110.375
PHY-3002 : Step(34): len = 62193.6, overlap = 111.219
PHY-3002 : Step(35): len = 61540.3, overlap = 99.375
PHY-3002 : Step(36): len = 59872, overlap = 94.125
PHY-3002 : Step(37): len = 60381.6, overlap = 90.7812
PHY-3002 : Step(38): len = 60964, overlap = 85.25
PHY-3001 : :::2::: Try harder cell spreading with beta_ = 2.53962e-05
PHY-3002 : Step(39): len = 61194.3, overlap = 74.8438
PHY-3002 : Step(40): len = 61387.7, overlap = 74.125
PHY-3002 : Step(41): len = 61756.8, overlap = 71.2188
PHY-3002 : Step(42): len = 61756.8, overlap = 71.2188
PHY-3002 : Step(43): len = 59531.1, overlap = 66.1562
PHY-3002 : Step(44): len = 59531.1, overlap = 66.1562
PHY-3002 : Step(45): len = 59532.7, overlap = 65
PHY-3001 : :::3::: Try harder cell spreading with beta_ = 5.07923e-05
PHY-3002 : Step(46): len = 61800.1, overlap = 52.25
PHY-3002 : Step(47): len = 61800.1, overlap = 52.25
PHY-3002 : Step(48): len = 61040.3, overlap = 50.0625
PHY-3001 : Legalization ...
PHY-3001 : End legalization;  0.002540s wall, 0.000000s user + 0.000000s system = 0.000000s CPU (n/a%)

PHY-3001 : Run with size of 4
PHY-3001 : Cell area utilization is 18%
PHY-3001 : :::0::: Try harder cell spreading with beta_ = 1.49643e-06
PHY-3002 : Step(49): len = 56973.7, overlap = 164
PHY-3002 : Step(50): len = 57082.3, overlap = 164.906
PHY-3002 : Step(51): len = 54395.2, overlap = 185.688
PHY-3002 : Step(52): len = 54434.4, overlap = 186.188
PHY-3002 : Step(53): len = 51633.1, overlap = 199.375
PHY-3002 : Step(54): len = 51385.9, overlap = 198.25
PHY-3002 : Step(55): len = 50355.9, overlap = 199.062
PHY-3001 : :::1::: Try harder cell spreading with beta_ = 2.99285e-06
PHY-3002 : Step(56): len = 50542.7, overlap = 194.531
PHY-3002 : Step(57): len = 50542.7, overlap = 194.531
PHY-3001 : :::2::: Try harder cell spreading with beta_ = 5.98571e-06
PHY-3002 : Step(58): len = 54441.6, overlap = 159.25
PHY-3002 : Step(59): len = 54822.1, overlap = 159.25
PHY-3002 : Step(60): len = 56271.5, overlap = 144.438
PHY-3002 : Step(61): len = 56666.2, overlap = 146.125
PHY-3002 : Step(62): len = 57825.7, overlap = 150.781
PHY-3002 : Step(63): len = 58000.3, overlap = 138.938
PHY-3002 : Step(64): len = 56919.8, overlap = 133.438
PHY-3001 : :::3::: Try harder cell spreading with beta_ = 1.19714e-05
PHY-3002 : Step(65): len = 60071.4, overlap = 127
PHY-3002 : Step(66): len = 60472.8, overlap = 126.406
PHY-3002 : Step(67): len = 63769.5, overlap = 91.8438
PHY-3002 : Step(68): len = 64526, overlap = 83
PHY-3002 : Step(69): len = 60898.4, overlap = 92
PHY-3002 : Step(70): len = 59423.1, overlap = 91.625
PHY-3002 : Step(71): len = 59423.1, overlap = 91.625
PHY-3001 : :::4::: Try harder cell spreading with beta_ = 2.39428e-05
PHY-3002 : Step(72): len = 65312.9, overlap = 76.375
PHY-3002 : Step(73): len = 65312.9, overlap = 76.375
PHY-3002 : Step(74): len = 64402.8, overlap = 79.2188
PHY-3002 : Step(75): len = 64470.4, overlap = 79.0625
PHY-3002 : Step(76): len = 64431, overlap = 80.9062
PHY-3001 : :::5::: Try harder cell spreading with beta_ = 4.78857e-05
PHY-3002 : Step(77): len = 67324.9, overlap = 71.9062
PHY-3002 : Step(78): len = 67684.1, overlap = 71.6562
PHY-3002 : Step(79): len = 68806.7, overlap = 68.375
PHY-3001 : :::6::: Try harder cell spreading with beta_ = 9.57714e-05
PHY-3002 : Step(80): len = 69237.1, overlap = 66.375
PHY-3002 : Step(81): len = 69432.8, overlap = 65.9688
PHY-3002 : Step(82): len = 68432.4, overlap = 63.4375
PHY-3002 : Step(83): len = 67377, overlap = 61.7188
PHY-3002 : Step(84): len = 66928.1, overlap = 63.4062
PHY-3001 : :::7::: Try harder cell spreading with beta_ = 0.000191543
PHY-3002 : Step(85): len = 67319.4, overlap = 63.4062
PHY-3002 : Step(86): len = 67319.4, overlap = 63.4062
PHY-3002 : Step(87): len = 66585.5, overlap = 63.4688
PHY-3001 : :::8::: Try harder cell spreading with beta_ = 0.000383085
PHY-3002 : Step(88): len = 67255.9, overlap = 62.9688
PHY-3002 : Step(89): len = 67400.2, overlap = 62.1875
PHY-3002 : Step(90): len = 67400.2, overlap = 62.1875
PHY-3001 : :::9::: Try harder cell spreading with beta_ = 0.000766171
PHY-3002 : Step(91): len = 67780.7, overlap = 62.5625
PHY-3002 : Step(92): len = 67888.2, overlap = 64.0938
PHY-3001 : :::10::: Try harder cell spreading with beta_ = 0.00153234
PHY-3002 : Step(93): len = 67950.6, overlap = 64.125
PHY-3002 : Step(94): len = 67954.9, overlap = 64.125
PHY-3001 : :::11::: Try harder cell spreading with beta_ = 0.00306468
PHY-3002 : Step(95): len = 67891.1, overlap = 64.7812
PHY-3002 : Step(96): len = 67870.3, overlap = 65.2812
PHY-3001 : :::12::: Try harder cell spreading with beta_ = 0.00612937
PHY-3002 : Step(97): len = 67961.8, overlap = 65.2812
PHY-3002 : Step(98): len = 68001.1, overlap = 65.1562
PHY-3001 : :::13::: Try harder cell spreading with beta_ = 0.0111251
PHY-3002 : Step(99): len = 68045.1, overlap = 65.4062
PHY-3002 : Step(100): len = 68068.2, overlap = 65.5938
PHY-3001 : :::14::: Try harder cell spreading with beta_ = 0.0200261
PHY-3002 : Step(101): len = 68079.6, overlap = 65.5938
PHY-3002 : Step(102): len = 68002.5, overlap = 65.3438
PHY-3001 : :::15::: Try harder cell spreading with beta_ = 0.038949
PHY-3002 : Step(103): len = 68045.8, overlap = 65.3438
PHY-3002 : Step(104): len = 68001, overlap = 65.5938
PHY-3001 : :::16::: Try harder cell spreading with beta_ = 0.0751163
PHY-3002 : Step(105): len = 68001, overlap = 65.5938
PHY-3002 : Step(106): len = 68001, overlap = 65.5938
PHY-3001 : Run with size of 2
PHY-3001 : Cell area utilization is 18%
PHY-3001 : :::0::: Try harder cell spreading with beta_ = 1.60849e-05
PHY-3002 : Step(107): len = 66191.3, overlap = 167.625
PHY-3002 : Step(108): len = 66353, overlap = 166.031
PHY-3002 : Step(109): len = 63420.4, overlap = 167.219
PHY-3002 : Step(110): len = 62988.2, overlap = 163.812
PHY-3002 : Step(111): len = 63513.1, overlap = 160.75
PHY-3002 : Step(112): len = 64222.7, overlap = 155.781
PHY-3001 : :::1::: Try harder cell spreading with beta_ = 3.21697e-05
PHY-3002 : Step(113): len = 65302.3, overlap = 152.25
PHY-3002 : Step(114): len = 65600.9, overlap = 151.406
PHY-3002 : Step(115): len = 65470.5, overlap = 140.156
PHY-3001 : :::2::: Try harder cell spreading with beta_ = 6.43394e-05
PHY-3002 : Step(116): len = 68938.9, overlap = 129.031
PHY-3002 : Step(117): len = 70417.2, overlap = 123.125
PHY-3002 : Step(118): len = 70007.3, overlap = 120.25
PHY-3002 : Step(119): len = 69999.8, overlap = 122.031
PHY-3002 : Step(120): len = 69544.6, overlap = 114
PHY-3001 : :::3::: Try harder cell spreading with beta_ = 0.000128679
PHY-3002 : Step(121): len = 70511.2, overlap = 114.125
PHY-3002 : Step(122): len = 70603.7, overlap = 115.188
PHY-3002 : Step(123): len = 71334.9, overlap = 116.344
PHY-3001 : :::4::: Try harder cell spreading with beta_ = 0.000257358
PHY-3002 : Step(124): len = 72899.2, overlap = 107.562
PHY-3002 : Step(125): len = 73782.9, overlap = 109.188
PHY-3002 : Step(126): len = 74818.1, overlap = 108.281
PHY-3002 : Step(127): len = 75068.9, overlap = 109.656
PHY-3002 : Step(128): len = 75381.5, overlap = 112.188
PHY-3001 : :::5::: Try harder cell spreading with beta_ = 0.000514715
PHY-3002 : Step(129): len = 76027.9, overlap = 109.469
PHY-3002 : Step(130): len = 76239.4, overlap = 105.781
PHY-3002 : Step(131): len = 77230.3, overlap = 101.312
PHY-3002 : Step(132): len = 77542.6, overlap = 96.8125
PHY-3002 : Step(133): len = 77690.6, overlap = 97.8125
PHY-3001 : :::6::: Try harder cell spreading with beta_ = 0.00102943
PHY-3002 : Step(134): len = 78105.9, overlap = 99.9062
PHY-3002 : Step(135): len = 78513.2, overlap = 102.75
PHY-3001 : :::7::: Try harder cell spreading with beta_ = 0.00166562
PHY-3002 : Step(136): len = 78750.9, overlap = 102.312
PHY-3002 : Step(137): len = 79106.8, overlap = 102.25
PHY-3002 : Step(138): len = 81192.6, overlap = 97.0625
PHY-3002 : Step(139): len = 81021, overlap = 96.8125
PHY-3002 : Step(140): len = 80906.8, overlap = 95.7188
PHY-3001 : :::8::: Try harder cell spreading with beta_ = 0.0029598
PHY-3002 : Step(141): len = 81103.3, overlap = 95.8438
PHY-3002 : Step(142): len = 81180.4, overlap = 95.5
PHY-3001 : :::9::: Try harder cell spreading with beta_ = 0.00478896
PHY-3002 : Step(143): len = 81385, overlap = 90.4062
PHY-3002 : Step(144): len = 81859.4, overlap = 91.4375
PHY-3002 : Step(145): len = 82465, overlap = 87.6875
PHY-3001 : :::10::: Try harder cell spreading with beta_ = 0.00774854
PHY-3002 : Step(146): len = 82507.7, overlap = 87.0312
PHY-3002 : Step(147): len = 82587.4, overlap = 86.4688
PHY-3002 : Step(148): len = 82638.5, overlap = 86.4375
PHY-3001 : :::11::: Try harder cell spreading with beta_ = 0.0125371
PHY-3002 : Step(149): len = 82747.3, overlap = 86.1562
PHY-3002 : Step(150): len = 83052.5, overlap = 81.4375
PHY-3002 : Step(151): len = 83307.1, overlap = 83.25
PHY-3002 : Step(152): len = 83979.4, overlap = 85.5312
PHY-3002 : Step(153): len = 83797.2, overlap = 85
PHY-3002 : Step(154): len = 83698.5, overlap = 84.9375
PHY-3002 : Step(155): len = 83661.6, overlap = 83.875
PHY-3001 : :::12::: Try harder cell spreading with beta_ = 0.0227693
PHY-3002 : Step(156): len = 83688, overlap = 84.8125
PHY-3002 : Step(157): len = 83738, overlap = 84.375
PHY-3001 : :::13::: Try harder cell spreading with beta_ = 0.0368407
PHY-3002 : Step(158): len = 83738.6, overlap = 83.0938
PHY-3002 : Step(159): len = 83766.9, overlap = 83.1875
OPT-1001 : Start physical optimization ...
OPT-1001 : Total overflow 293.41 peak overflow 4.06
OPT-1001 : Start high-fanout net optimization ...
OPT-1001 : Update timing in global mode
PHY-1001 : Start incremental global routing, caller is place ...
RUN-1001 : Generating global routing grids ...
RUN-1001 : Building simple global routing graph ...
PHY-1001 : Generate routing nets ...
PHY-1001 : Reuse net number 0/4802.
PHY-1001 : Global iterations in 16 thread ...
PHY-1002 : len = 108392, over cnt = 436(1%), over = 2415, worst = 44
PHY-1001 : End global iterations;  0.124231s wall, 0.156250s user + 0.093750s system = 0.250000s CPU (201.2%)

PHY-1001 : Congestion index: top1 = 49.16, top5 = 35.04, top10 = 27.09, top15 = 21.60.
PHY-1001 : End incremental global routing;  0.191928s wall, 0.171875s user + 0.140625s system = 0.312500s CPU (162.8%)

RUN-1002 : start command "start_timer -report"
TMR-5001 WARNING: No sdc constraints found while initiating timer.
TMR-2505 : Start building timing graph for model audio_speak.
TMR-2506 : Build timing graph completely. Port num: 50, tpin num: 16130, tnet num: 3744, tinst num: 2951, tnode num: 19879, tedge num: 27309.
TMR-2508 : Levelizing timing graph completed, there are 39 levels in total.
TMR-2501 : Timing graph initialized successfully.
OPT-1001 : End timing update;  0.288976s wall, 0.265625s user + 0.015625s system = 0.281250s CPU (97.3%)

OPT-1001 : 0 high-fanout net processed.
OPT-1001 : End high-fanout net optimization;  0.526704s wall, 0.484375s user + 0.156250s system = 0.640625s CPU (121.6%)

OPT-1001 : Current memory(MB): used = 213, reserve = 182, peak = 213.
OPT-1001 : End physical optimization;  0.558414s wall, 0.593750s user + 0.312500s system = 0.906250s CPU (162.3%)

PHY-3001 : Start packing ...
SYN-4007 : Packing 0 MUX to BLE ...
SYN-4008 : Packed 0 MUX and 0 SEQ to BLE.
SYN-4007 : Packing 1114 LUT to BLE ...
SYN-4008 : Packed 1114 LUT and 437 SEQ to BLE.
SYN-4003 : Packing 504 remaining SEQ's ...
SYN-4005 : Packed 190 SEQ with LUT/SLICE
SYN-4006 : 546 single LUT's are left
SYN-4006 : 314 single SEQ's are left
SYN-4011 : Packing model "audio_speak" (AL_USER_NORMAL) with 1428/2326 primitive instances ...
PHY-3001 : End packing;  0.074073s wall, 0.078125s user + 0.000000s system = 0.078125s CPU (105.5%)

PHY-1001 : Populate physical database on model audio_speak.
RUN-1001 : There are total 1636 instances
RUN-1001 : 784 mslices, 783 lslices, 51 pads, 0 brams, 0 dsps
RUN-1001 : There are total 4377 nets
RUN-1001 : 2566 nets have 2 pins
RUN-1001 : 1393 nets have [3 - 5] pins
RUN-1001 : 265 nets have [6 - 10] pins
RUN-1001 : 104 nets have [11 - 20] pins
RUN-1001 : 39 nets have [21 - 99] pins
RUN-1001 : 10 nets have 100+ pins
PHY-3001 : design contains 1634 instances, 1567 slices, 176 macros(829 instances: 542 mslices 287 lslices)
PHY-3001 : Cell area utilization is 20%
PHY-3001 : After packing: Len = 83790.2, Over = 116.5
PHY-3001 : Run with size of 2
PHY-3001 : Cell area utilization is 20%
PHY-3001 : :::0::: Try harder cell spreading with beta_ = 1.66172e-05
PHY-3002 : Step(160): len = 75708.8, overlap = 123.25
PHY-3002 : Step(161): len = 75930.3, overlap = 124.25
PHY-3002 : Step(162): len = 70407, overlap = 130
PHY-3002 : Step(163): len = 68092.8, overlap = 138.5
PHY-3002 : Step(164): len = 65870.3, overlap = 142.75
PHY-3002 : Step(165): len = 66446.3, overlap = 139
PHY-3002 : Step(166): len = 66825.1, overlap = 138.25
PHY-3002 : Step(167): len = 67465.4, overlap = 134.75
PHY-3001 : :::1::: Try harder cell spreading with beta_ = 3.32345e-05
PHY-3002 : Step(168): len = 69796.8, overlap = 125.5
PHY-3002 : Step(169): len = 70110.9, overlap = 122.75
PHY-3002 : Step(170): len = 71294.4, overlap = 120.5
PHY-3002 : Step(171): len = 71762.1, overlap = 116.5
PHY-3002 : Step(172): len = 72016.9, overlap = 114.5
PHY-3001 : :::2::: Try harder cell spreading with beta_ = 6.6469e-05
PHY-3002 : Step(173): len = 75903.2, overlap = 117.25
PHY-3002 : Step(174): len = 76696.7, overlap = 116.5
PHY-3002 : Step(175): len = 79154.1, overlap = 111.25
PHY-3002 : Step(176): len = 79449.4, overlap = 103.75
PHY-3002 : Step(177): len = 78069.5, overlap = 104.75
PHY-3002 : Step(178): len = 77719.1, overlap = 107
PHY-3002 : Step(179): len = 77046.1, overlap = 108
PHY-3002 : Step(180): len = 77083.2, overlap = 107
PHY-3002 : Step(181): len = 77048.5, overlap = 107.25
PHY-3001 : Legalization ...
PHY-3001 : End legalization;  0.227614s wall, 0.296875s user + 0.359375s system = 0.656250s CPU (288.3%)

PHY-3001 : Trial Legalized: Len = 108772
PHY-3001 : Run with size of 2
PHY-3001 : Cell area utilization is 19%
PHY-3001 : :::0::: Try harder cell spreading with beta_ = 0.000349422
PHY-3002 : Step(182): len = 98053.1, overlap = 12.5
PHY-3002 : Step(183): len = 94245.9, overlap = 19.75
PHY-3002 : Step(184): len = 91478.8, overlap = 24.75
PHY-3002 : Step(185): len = 90891.5, overlap = 26
PHY-3002 : Step(186): len = 89998.5, overlap = 25.25
PHY-3002 : Step(187): len = 89447.1, overlap = 28
PHY-3002 : Step(188): len = 89151.2, overlap = 28.25
PHY-3001 : :::1::: Try harder cell spreading with beta_ = 0.000698844
PHY-3002 : Step(189): len = 89832.4, overlap = 26.5
PHY-3002 : Step(190): len = 90105.5, overlap = 24.75
PHY-3002 : Step(191): len = 90271.7, overlap = 23.75
PHY-3001 : :::2::: Try harder cell spreading with beta_ = 0.00139769
PHY-3002 : Step(192): len = 90440.5, overlap = 23.75
PHY-3002 : Step(193): len = 90478.3, overlap = 23.25
PHY-3001 : Legalization ...
PHY-3001 : End legalization;  0.004217s wall, 0.000000s user + 0.015625s system = 0.015625s CPU (370.5%)

PHY-3001 : Legalized: Len = 98569.7, Over = 0
PHY-3001 : Spreading special nets. 2 overflows in 2952 tiles.
PHY-3001 : End spreading;  0.009041s wall, 0.000000s user + 0.000000s system = 0.000000s CPU (n/a%)

PHY-3001 : 2 instances has been re-located, deltaX = 0, deltaY = 3, maxDist = 2.
PHY-3001 : Final: Len = 98615.7, Over = 0
OPT-1001 : Start physical optimization ...
OPT-1001 : Total overflow 0.00 peak overflow 0.00
OPT-1001 : Start high-fanout net optimization ...
OPT-1001 : Update timing in global mode
PHY-1001 : Start incremental global routing, caller is place ...
RUN-1001 : Generating global routing grids ...
PHY-1001 : Generate routing nets ...
PHY-1001 : Reuse net number 42/4377.
PHY-1001 : Global iterations in 16 thread ...
PHY-1002 : len = 126256, over cnt = 408(1%), over = 668, worst = 6
PHY-1002 : len = 128432, over cnt = 228(0%), over = 351, worst = 5
PHY-1002 : len = 131608, over cnt = 65(0%), over = 89, worst = 4
PHY-1002 : len = 132512, over cnt = 11(0%), over = 14, worst = 3
PHY-1002 : len = 132712, over cnt = 0(0%), over = 0, worst = 0
PHY-1001 : End global iterations;  0.249977s wall, 0.203125s user + 0.109375s system = 0.312500s CPU (125.0%)

PHY-1001 : Congestion index: top1 = 32.87, top5 = 26.87, top10 = 23.44, top15 = 20.87.
PHY-1001 : End incremental global routing;  0.327778s wall, 0.265625s user + 0.125000s system = 0.390625s CPU (119.2%)

RUN-1002 : start command "start_timer -report"
TMR-5001 WARNING: No sdc constraints found while initiating timer.
TMR-2505 : Start building timing graph for model audio_speak.
TMR-2506 : Build timing graph completely. Port num: 50, tpin num: 14300, tnet num: 3319, tinst num: 1634, tnode num: 17081, tedge num: 24966.
TMR-2508 : Levelizing timing graph completed, there are 37 levels in total.
TMR-2501 : Timing graph initialized successfully.
OPT-1001 : End timing update;  0.295838s wall, 0.281250s user + 0.000000s system = 0.281250s CPU (95.1%)

OPT-1001 : 0 high-fanout net processed.
OPT-1001 : End high-fanout net optimization;  0.667590s wall, 0.593750s user + 0.125000s system = 0.718750s CPU (107.7%)

OPT-1001 : Current memory(MB): used = 222, reserve = 192, peak = 222.
OPT-1001 : Update timing in Manhattan mode
OPT-1001 : End timing update;  0.004254s wall, 0.000000s user + 0.000000s system = 0.000000s CPU (n/a%)

OPT-1001 : Start pin optimization...
OPT-1001 : skip pin optimization...
RUN-1001 : Generating global routing grids ...
PHY-1001 : Generate routing nets ...
PHY-1001 : Reuse net number 2793/4377.
PHY-1001 : Global iterations in 16 thread ...
PHY-1002 : len = 132712, over cnt = 0(0%), over = 0, worst = 0
PHY-1001 : End global iterations;  0.010532s wall, 0.000000s user + 0.000000s system = 0.000000s CPU (n/a%)

PHY-1001 : Congestion index: top1 = 32.87, top5 = 26.87, top10 = 23.44, top15 = 20.87.
OPT-1001 : Update timing in Manhattan mode
OPT-1001 : End timing update;  0.004731s wall, 0.015625s user + 0.000000s system = 0.015625s CPU (330.3%)

RUN-1001 : QoR Analysis:
OPT-0007 :   WNS 2147483647 TNS 0 NUM_FEPS 0
RUN-1001 :   No local congestion issue, and most congested 1% tile average routing util is 32.551724
RUN-1001 :   Top critical paths
OPT-1001 : End physical optimization;  0.785220s wall, 0.703125s user + 0.125000s system = 0.828125s CPU (105.5%)

RUN-1003 : finish command "place" in  8.531320s wall, 11.609375s user + 11.921875s system = 23.531250s CPU (275.8%)

RUN-1004 : used memory is 191 MB, reserved memory is 160 MB, peak memory is 225 MB
RUN-1002 : start command "export_db ES8388_place.db"
RUN-1001 : Exported /
RUN-1001 : Exported flow parameters
RUN-1001 : Exported libs
RUN-1001 : Exported entities
RUN-1001 : Exported ports
RUN-1001 : Exported pins
RUN-1001 : Exported instances
RUN-1001 : Exported nets
RUN-1001 : Exported buses
RUN-1001 : Exported models
RUN-1001 : Exported congestions
RUN-1001 : Exported violations
RUN-1001 : Exported IO constraints
RUN-1001 : Exported Inst constraints
RUN-1002 : start command "route"
RUN-1001 : Open license file E:/Software/Anlogic/TD5.6.2/license/Anlogic.lic
RUN-1001 : Print Global Property
RUN-1001 : ---------------------------------------------------------------
RUN-1001 :        Parameters        |  Settings  |  Default Values  |  Note  
RUN-1001 : ---------------------------------------------------------------
RUN-1001 :          message         |  standard  |     standard     |        
RUN-1001 :   mixed_pack_place_flow  |     on     |        on        |        
RUN-1001 :        qor_monitor       |    off     |       off        |        
RUN-1001 :        syn_ip_flow       |    off     |       off        |        
RUN-1001 :          thread          |    auto    |       auto       |        
RUN-1001 : ---------------------------------------------------------------
RUN-1001 : Print Route Property
RUN-1001 : -------------------------------------------------------
RUN-1001 :    Parameters    |  Settings  |  Default Values  |  Note  
RUN-1001 : -------------------------------------------------------
RUN-1001 :      effort      |   medium   |      medium      |        
RUN-1001 :     fix_hold     |    off     |       off        |        
RUN-1001 :    opt_timing    |   medium   |      medium      |        
RUN-1001 :   phy_sim_model  |    off     |       off        |        
RUN-1001 :     priority     |   timing   |      timing      |        
RUN-1001 :     swap_pin     |     on     |        on        |        
RUN-1001 : -------------------------------------------------------
PHY-1001 : Route runs in 16 thread(s)
RUN-1001 : There are total 1636 instances
RUN-1001 : 784 mslices, 783 lslices, 51 pads, 0 brams, 0 dsps
RUN-1001 : There are total 4377 nets
RUN-1001 : 2566 nets have 2 pins
RUN-1001 : 1393 nets have [3 - 5] pins
RUN-1001 : 265 nets have [6 - 10] pins
RUN-1001 : 104 nets have [11 - 20] pins
RUN-1001 : 39 nets have [21 - 99] pins
RUN-1001 : 10 nets have 100+ pins
RUN-1002 : start command "start_timer -report"
TMR-5001 WARNING: No sdc constraints found while initiating timer.
TMR-2505 : Start building timing graph for model audio_speak.
TMR-2506 : Build timing graph completely. Port num: 50, tpin num: 14300, tnet num: 3319, tinst num: 1634, tnode num: 17081, tedge num: 24966.
TMR-2508 : Levelizing timing graph completed, there are 37 levels in total.
TMR-2501 : Timing graph initialized successfully.
PHY-1001 : 784 mslices, 783 lslices, 51 pads, 0 brams, 0 dsps
TMR-2503 : Start to update net delay, extr mode = 3.
TMR-2504 : Update delay of 3319 nets completely.
TMR-2502 : Annotate delay completely, extr mode = 3.
TMR-3002 : No user constraint, initiate default constraint.
TMR-1501 : Assign derive clock DeriveClock to 1222 clock pins, and constraint 2773 relative nodes.
TMR-3003 : Constraints initiated successfully.
TMR-3501 : Forward propagation: start to calculate arrival time...
TMR-3502 : Backward propagation: start to calculate required time...
TMR-3503 : Timing propagation completes.
PHY-1001 : Start global routing, caller is route ...
RUN-1001 : Generating global routing grids ...
PHY-1001 : Generate routing nets ...
PHY-1001 : Global iterations in 16 thread ...
PHY-1002 : len = 124288, over cnt = 407(1%), over = 668, worst = 6
PHY-1002 : len = 126408, over cnt = 242(0%), over = 371, worst = 5
PHY-1002 : len = 129208, over cnt = 104(0%), over = 157, worst = 5
PHY-1002 : len = 131104, over cnt = 0(0%), over = 0, worst = 0
PHY-1001 : End global iterations;  0.232127s wall, 0.265625s user + 0.140625s system = 0.406250s CPU (175.0%)

PHY-1001 : Congestion index: top1 = 33.41, top5 = 27.05, top10 = 23.46, top15 = 20.84.
PHY-1001 : End global routing;  0.307445s wall, 0.328125s user + 0.140625s system = 0.468750s CPU (152.5%)

PHY-1001 : Start detail routing ...
PHY-1001 : Current memory(MB): used = 259, reserve = 230, peak = 275.
PHY-1001 : Detailed router is running in normal mode.
PHY-1001 : Generate detailed routing grids ...
PHY-1001 : Processed IO instance aud_dacdat_syn_4 with INV attribute.
PHY-1001 : Processed IO instance aud_dacdat_1_syn_4 with INV attribute.
PHY-1001 : Processed IO instance aud_dacdat_2_syn_4 with INV attribute.
PHY-1001 : Processed IO instance aud_dacdat_3_syn_4 with INV attribute.
PHY-1001 : Generate nets ...
PHY-1001 : clock net aud_bclk_syn_4 will be merged with clock aud_bclk_dup_1
PHY-1001 : clock net aud_bclk_1_syn_4 will be merged with clock aud_bclk_1_dup_1
PHY-1001 : clock net aud_bclk_2_syn_4 will be merged with clock aud_bclk_2_dup_1
PHY-1001 : clock net aud_bclk_3_syn_4 will be merged with clock aud_bclk_3_dup_1
PHY-1001 : net aud_mclk_dup_1 will be routed on clock mesh
PHY-1001 : net aud_mclk_1_dup_1 will be routed on clock mesh
PHY-1001 : net aud_mclk_2_dup_1 will be routed on clock mesh
PHY-1001 : net aud_mclk_3_dup_1 will be routed on clock mesh
PHY-1001 : clock net ilaclk_dup_1 will be merged with clock u_pll_clk/clk0_buf
PHY-1001 : clock net ilaclk_1_dup_1 will be merged with clock u1_pll_clk/clk0_buf
PHY-1001 : clock net ilaclk_2_dup_1 will be merged with clock u2_pll_clk/clk0_buf
PHY-1001 : clock net ilaclk_3_dup_1 will be merged with clock u3_pll_clk/clk0_buf
PHY-1001 : net sys_clk_dup_1 will be routed on clock mesh
PHY-1001 : clock net u1_es8388_ctrl/u_es8388_config/u_i2c_dri/dri_clk_syn_4 will be merged with clock u1_es8388_ctrl/u_es8388_config/u_i2c_dri/dri_clk
PHY-1001 : clock net u2_es8388_ctrl/u_es8388_config/u_i2c_dri/dri_clk_syn_4 will be merged with clock u2_es8388_ctrl/u_es8388_config/u_i2c_dri/dri_clk
PHY-1001 : clock net u3_es8388_ctrl/u_es8388_config/u_i2c_dri/dri_clk_syn_4 will be merged with clock u3_es8388_ctrl/u_es8388_config/u_i2c_dri/dri_clk
PHY-1001 : Current memory(MB): used = 528, reserve = 503, peak = 528.
PHY-1001 : End build detailed router design. 2.207880s wall, 2.203125s user + 0.000000s system = 2.203125s CPU (99.8%)

PHY-1001 : Detail Route ...
PHY-1001 : ===== Detail Route Phase 1 =====
PHY-1001 : Clock net routing.....
PHY-1001 : Routed 0% nets.
PHY-1022 : len = 57528, over cnt = 0(0%), over = 0, worst = 0, crit = 0
PHY-1001 : End initial clock net routed; 4.244137s wall, 4.156250s user + 0.046875s system = 4.203125s CPU (99.0%)

PHY-1001 : Current memory(MB): used = 560, reserve = 536, peak = 560.
PHY-1001 : End phase 1; 4.247103s wall, 4.171875s user + 0.046875s system = 4.218750s CPU (99.3%)

PHY-1001 : ===== Detail Route Phase 2 =====
PHY-1001 : Initial routing.....
PHY-1001 : Routed 25% nets.
PHY-1001 : Routed 31% nets.
PHY-1001 : Routed 38% nets.
PHY-1001 : Routed 48% nets.
PHY-1001 : Routed 63% nets.
PHY-1022 : len = 517896, over cnt = 105(0%), over = 105, worst = 1, crit = 0
PHY-1001 : Current memory(MB): used = 562, reserve = 538, peak = 562.
PHY-1001 : End initial routed; 3.400400s wall, 3.375000s user + 1.031250s system = 4.406250s CPU (129.6%)

PHY-1001 : Current memory(MB): used = 562, reserve = 538, peak = 562.
PHY-1001 : End phase 2; 3.400491s wall, 3.375000s user + 1.031250s system = 4.406250s CPU (129.6%)

PHY-1001 : ===== Detail Route Phase 3 =====
PHY-1001 : Ripup-reroute.....
PHY-1001 : ===== DR Iter 1 =====
PHY-1022 : len = 517264, over cnt = 57(0%), over = 57, worst = 1, crit = 0
PHY-1001 : End DR Iter 1; 0.065918s wall, 0.046875s user + 0.015625s system = 0.062500s CPU (94.8%)

PHY-1001 : ===== DR Iter 2 =====
PHY-1022 : len = 516968, over cnt = 4(0%), over = 4, worst = 1, crit = 0
PHY-1001 : End DR Iter 2; 0.056119s wall, 0.093750s user + 0.046875s system = 0.140625s CPU (250.6%)

PHY-1001 : ===== DR Iter 3 =====
PHY-1022 : len = 516960, over cnt = 2(0%), over = 2, worst = 1, crit = 0
PHY-1001 : End DR Iter 3; 0.035151s wall, 0.015625s user + 0.015625s system = 0.031250s CPU (88.9%)

PHY-1001 : ===== DR Iter 4 =====
PHY-1022 : len = 516992, over cnt = 0(0%), over = 0, worst = 0, crit = 0
PHY-1001 : End DR Iter 4; 0.036508s wall, 0.046875s user + 0.015625s system = 0.062500s CPU (171.2%)

PHY-1001 : Commit to database.....
PHY-1001 : 23 feed throughs used by 21 nets
PHY-1001 : End commit to database; 0.258237s wall, 0.265625s user + 0.000000s system = 0.265625s CPU (102.9%)

PHY-1001 : Current memory(MB): used = 582, reserve = 559, peak = 582.
PHY-1001 : End phase 3; 0.550234s wall, 0.531250s user + 0.109375s system = 0.640625s CPU (116.4%)

PHY-1003 : Routed, final wirelength = 516992
PHY-1001 : Current memory(MB): used = 583, reserve = 560, peak = 583.
PHY-1001 : End export database. 0.011254s wall, 0.015625s user + 0.000000s system = 0.015625s CPU (138.8%)

PHY-1001 : End detail routing;  10.580438s wall, 10.484375s user + 1.187500s system = 11.671875s CPU (110.3%)

RUN-1003 : finish command "route" in  11.345670s wall, 11.265625s user + 1.328125s system = 12.593750s CPU (111.0%)

RUN-1004 : used memory is 508 MB, reserved memory is 486 MB, peak memory is 583 MB
RUN-1002 : start command "report_area -io_info -file ES8388_phy.area"
RUN-1001 : standard
***Report Model: audio_speak Device: EG4S20BG256***

IO Statistics
#IO                        51
  #input                   19
  #output                  28
  #inout                    4

Utilization Statistics
#lut                     2772   out of  19600   14.14%
#reg                      947   out of  19600    4.83%
#le                      3086
  #lut only              2139   out of   3086   69.31%
  #reg only               314   out of   3086   10.17%
  #lut&reg                633   out of   3086   20.51%
#dsp                        0   out of     29    0.00%
#bram                       0   out of     64    0.00%
  #bram9k                   0
  #fifo9k                   0
#bram32k                    0   out of     16    0.00%
#pad                       51   out of    188   27.13%
  #ireg                     8
  #oreg                    20
  #treg                     4
#pll                        4   out of      4  100.00%
#gclk                      11   out of     16   68.75%

Clock Resource Statistics
Index     ClockNet                                            Type               DriverType         Driver                                                           Fanout
#1        sys_clk_dup_1                                       GCLK               io                 sys_clk_syn_2.di                                                 325
#2        aud_bclk_1_dup_1                                    GCLK               io                 aud_bclk_1_syn_2.di                                              45
#3        aud_bclk_3_dup_1                                    GCLK               io                 aud_bclk_3_syn_2.di                                              45
#4        aud_bclk_dup_1                                      GCLK               io                 aud_bclk_syn_2.di                                                45
#5        aud_bclk_2_dup_1                                    GCLK               io                 aud_bclk_2_syn_2.di                                              44
#6        u3_es8388_ctrl/u_es8388_config/u_i2c_dri/dri_clk    GCLK               lslice             u3_es8388_ctrl/u_es8388_config/u_i2c_dri/dri_clk_reg_syn_9.q1    41
#7        u1_es8388_ctrl/u_es8388_config/u_i2c_dri/dri_clk    GCLK               lslice             u1_es8388_ctrl/u_es8388_config/u_i2c_dri/dri_clk_reg_syn_9.q1    39
#8        u2_es8388_ctrl/u_es8388_config/u_i2c_dri/dri_clk    GCLK               lslice             u2_es8388_ctrl/u_es8388_config/u_i2c_dri/dri_clk_reg_syn_9.q1    38
#9        aud_mclk_1_dup_1                                    GCLK               pll                u1_pll_clk/pll_inst.clkc1                                        0
#10       aud_mclk_2_dup_1                                    GCLK               pll                u2_pll_clk/pll_inst.clkc1                                        0
#11       aud_mclk_3_dup_1                                    GCLK               pll                u3_pll_clk/pll_inst.clkc1                                        0
#12       aud_mclk_dup_1                                      GCLK               pll                u_pll_clk/pll_inst.clkc1                                         0
#13       u1_pll_clk/clk0_buf                                 GCLK               pll                u1_pll_clk/pll_inst.clkc0                                        0
#14       u2_pll_clk/clk0_buf                                 GCLK               pll                u2_pll_clk/pll_inst.clkc0                                        0
#15       u3_pll_clk/clk0_buf                                 GCLK               pll                u3_pll_clk/pll_inst.clkc0                                        0
#16       u_pll_clk/clk0_buf                                  GCLK               pll                u_pll_clk/pll_inst.clkc0                                         0


Detailed IO Report

      Name        Direction    Location    IOStandard    DriveStrength    PullType     PackReg   
   aud_adcdat       INPUT        R14        LVCMOS25          N/A          PULLUP       IREG     
  aud_adcdat_1      INPUT        G16        LVCMOS25          N/A          PULLUP       IREG     
  aud_adcdat_2      INPUT         E7        LVCMOS25          N/A          PULLUP       IREG     
  aud_adcdat_3      INPUT         L4        LVCMOS25          N/A          PULLUP       IREG     
    aud_bclk        INPUT         M6        LVCMOS25          N/A          PULLUP       NONE     
   aud_bclk_1       INPUT        G14        LVCMOS25          N/A          PULLUP       NONE     
   aud_bclk_2       INPUT         D5        LVCMOS25          N/A          PULLUP       NONE     
   aud_bclk_3       INPUT         H5        LVCMOS25          N/A          PULLUP       NONE     
    aud_lrc         INPUT         M7        LVCMOS25          N/A          PULLUP       IREG     
   aud_lrc_1        INPUT        H16        LVCMOS25          N/A          PULLUP       IREG     
   aud_lrc_2        INPUT         C6        LVCMOS25          N/A          PULLUP       IREG     
   aud_lrc_3        INPUT         K6        LVCMOS25          N/A          PULLUP       IREG     
    sys_clk         INPUT         R7        LVCMOS25          N/A          PULLUP       NONE     
   sys_rst_n        INPUT         E3        LVCMOS25          N/A          PULLUP       NONE     
  sys_rst_n_1       INPUT         F2        LVCMOS25          N/A           N/A         NONE     
  sys_rst_n_2       INPUT        K12        LVCMOS25          N/A           N/A         NONE     
  sys_rst_n_3       INPUT         G1        LVCMOS25          N/A           N/A         NONE     
   volume[1]        INPUT        B10        LVCMOS25          N/A          PULLUP       NONE     
   volume[0]        INPUT        A10        LVCMOS25          N/A          PULLUP       NONE     
   aud_dacdat      OUTPUT         P6        LVCMOS25           8            NONE        OREG     
  aud_dacdat_1     OUTPUT        H14        LVCMOS25           8            NONE        OREG     
  aud_dacdat_2     OUTPUT         E6        LVCMOS25           8            NONE        OREG     
  aud_dacdat_3     OUTPUT         K3        LVCMOS25           8            NONE        OREG     
    aud_mclk       OUTPUT         N5        LVCMOS25           8            NONE        NONE     
   aud_mclk_1      OUTPUT        F14        LVCMOS25           8            NONE        NONE     
   aud_mclk_2      OUTPUT         F6        LVCMOS25           8            NONE        NONE     
   aud_mclk_3      OUTPUT         H4        LVCMOS25           8            NONE        NONE     
    aud_scl        OUTPUT        R12        LVCMOS25           8            NONE        OREG     
   aud_scl_1       OUTPUT        D14        LVCMOS25           8            NONE        OREG     
   aud_scl_2       OUTPUT         A2        LVCMOS25           8            NONE        OREG     
   aud_scl_3       OUTPUT         G3        LVCMOS25           8            NONE        OREG     
     ilaclk        OUTPUT         M9        LVCMOS25           8            NONE        NONE     
    ilaclk_1       OUTPUT        L16        LVCMOS25           8            NONE        NONE     
    ilaclk_2       OUTPUT         D3        LVCMOS25           8            NONE        NONE     
    ilaclk_3       OUTPUT        K15        LVCMOS25           8            NONE        NONE     
      led          OUTPUT        E16        LVCMOS25           8            N/A         NONE     
     led_1         OUTPUT         E4        LVCMOS25           8            N/A         NONE     
     led_2         OUTPUT         J6        LVCMOS25           8            N/A         NONE     
     led_3         OUTPUT        J16        LVCMOS25           8            N/A         NONE     
   led_eight       OUTPUT        M12        LVCMOS25           8            NONE        OREG     
    led_five       OUTPUT        M10        LVCMOS25           8            NONE        OREG     
    led_four       OUTPUT        P11        LVCMOS25           8            NONE        OREG     
    led_one        OUTPUT         P9        LVCMOS25           8            NONE        OREG     
   led_seven       OUTPUT        N12        LVCMOS25           8            NONE        OREG     
    led_six        OUTPUT        L10        LVCMOS25           8            NONE        OREG     
    led_tree       OUTPUT        R16        LVCMOS25           8            NONE        OREG     
    led_two        OUTPUT        P12        LVCMOS25           8            NONE        OREG     
    aud_sda         INOUT         R9        LVCMOS25           8           PULLUP     OREG;TREG  
   aud_sda_1        INOUT        E15        LVCMOS25           8           PULLUP     OREG;TREG  
   aud_sda_2        INOUT         C3        LVCMOS25           8           PULLUP     OREG;TREG  
   aud_sda_3        INOUT         F3        LVCMOS25           8           PULLUP     OREG;TREG  

Report Hierarchy Area:
+--------------------------------------------------------------------------------------------------------+
|Instance                   |Module                 |le     |lut     |ripple  |seq     |bram    |dsp     |
+--------------------------------------------------------------------------------------------------------+
|top                        |audio_speak            |3086   |2231    |541     |979     |0       |0       |
|  u1_es8388_ctrl           |es8388_ctrl            |289    |229     |25      |145     |0       |0       |
|    u_audio_receive        |audio_receive          |92     |57      |12      |52      |0       |0       |
|    u_audio_send           |audio_send             |27     |18      |0       |25      |0       |0       |
|    u_es8388_config        |es8388_config          |170    |154     |13      |68      |0       |0       |
|      u_i2c_dri            |i2c_dri                |114    |107     |5       |41      |0       |0       |
|      u_i2c_reg_cfg        |i2c_reg_cfg            |56     |47      |8       |27      |0       |0       |
|  u1_pll_clk               |clk_wiz_0              |1      |1       |0       |0       |0       |0       |
|  u2_es8388_ctrl           |es8388_ctrl            |274    |222     |25      |143     |0       |0       |
|    u_audio_receive        |audio_receive          |85     |50      |12      |52      |0       |0       |
|    u_audio_send           |audio_send             |24     |22      |0       |23      |0       |0       |
|    u_es8388_config        |es8388_config          |165    |150     |13      |68      |0       |0       |
|      u_i2c_dri            |i2c_dri                |110    |103     |5       |41      |0       |0       |
|      u_i2c_reg_cfg        |i2c_reg_cfg            |55     |47      |8       |27      |0       |0       |
|  u2_pll_clk               |clk_wiz_0              |1      |1       |0       |0       |0       |0       |
|  u3_es8388_ctrl           |es8388_ctrl            |263    |216     |27      |141     |0       |0       |
|    u_audio_receive        |audio_receive          |81     |49      |12      |53      |0       |0       |
|    u_audio_send           |audio_send             |23     |23      |0       |22      |0       |0       |
|    u_es8388_config        |es8388_config          |159    |144     |15      |66      |0       |0       |
|      u_i2c_dri            |i2c_dri                |103    |96      |7       |39      |0       |0       |
|      u_i2c_reg_cfg        |i2c_reg_cfg            |56     |48      |8       |27      |0       |0       |
|  u3_pll_clk               |clk_wiz_0              |1      |1       |0       |0       |0       |0       |
|  u_es8388_ctrl            |es8388_ctrl            |332    |250     |55      |149     |0       |0       |
|    u_audio_receive        |audio_receive          |84     |55      |12      |52      |0       |0       |
|    u_audio_send           |audio_send             |84     |48      |28      |29      |0       |0       |
|    u_es8388_config        |es8388_config          |164    |147     |15      |68      |0       |0       |
|      u_i2c_dri            |i2c_dri                |108    |99      |7       |41      |0       |0       |
|      u_i2c_reg_cfg        |i2c_reg_cfg            |56     |48      |8       |27      |0       |0       |
|  u_pll_clk                |clk_wiz_0              |1      |1       |0       |0       |0       |0       |
|  u_spar_4mic_localization |spar_4mic_localization |1832   |1274    |377     |337     |0       |0       |
+--------------------------------------------------------------------------------------------------------+


DataNet Average Fanout:

   Index     Fanout     Nets  
    #1          1       2511  
    #2          2       1089  
    #3          3       274   
    #4          4        26   
    #5        5-10      300   
    #6        11-50      96   
    #7       51-100      4    
    #8       101-500     7    
  Average     2.78            

RUN-1002 : start command "export_db ES8388_pr.db"
RUN-1001 : Exported /
RUN-1001 : Exported flow parameters
RUN-1001 : Exported libs
RUN-1001 : Exported entities
RUN-1001 : Exported ports
RUN-1001 : Exported pins
RUN-1001 : Exported instances
RUN-1001 : Exported nets
RUN-1001 : Exported buses
RUN-1001 : Exported models
RUN-1001 : Exported congestions
RUN-1001 : Exported violations
RUN-1001 : Exported IO constraints
RUN-1001 : Exported Inst constraints
RUN-1002 : start command "export_bid ES8388_inst.bid"
RUN-1002 : start command "bitgen -bit ES8388.bit -unused_io_status pulldown"
BIT-1003 : Start to generate bitstream. 
BIT-1002 : Bitgen processed 137 unused pads, reserve input tri_state with pulldown
BIT-1002 : Init instances with 16 threads.
BIT-1002 : Init instances completely, inst num: 1771
BIT-1002 : Init pips with 16 threads.
BIT-1002 : Init pips completely, net num: 4377, pip num: 32876
BIT-1002 : Init feedthrough with 16 threads.
BIT-1002 : Init feedthrough completely, num: 23
BIT-1003 : Multithreading accelaration with 16 threads.
BIT-1003 : Generate bitstream completely, there are 2518 valid insts, and 92639 bits set as '1'.
BIT-1004 : PLL setting string = 1111
BIT-1004 : Generate bits file ES8388.bit.
RUN-1003 : finish command "bitgen -bit ES8388.bit -unused_io_status pulldown" in  2.346990s wall, 23.187500s user + 1.140625s system = 24.328125s CPU (1036.6%)

RUN-1004 : used memory is 509 MB, reserved memory is 491 MB, peak memory is 703 MB
RUN-1002 : start command "backup_run_log run.log ../.logs/phy_1/td_20251028_194217.log"
