============================================================
   Tang Dynasty, V5.6.71036
      Copyright (c) 2012-2023 Anlogic Inc.
   Executable = D:/TD/bin/td.exe
   Built at =   20:34:38 Mar 21 2023
   Run by =     lyw15
   Run Date =   Fri Oct 31 18:57:05 2025

   Run on =     -001
============================================================
RUN-1002 : start command "open_project ES8388.prj"
RUN-1001 : Print Global Property
RUN-1001 : ---------------------------------------------------------------
RUN-1001 :        Parameters        |  Settings  |  Default Values  |  Note  
RUN-1001 : ---------------------------------------------------------------
RUN-1001 :          message         |  standard  |     standard     |        
RUN-1001 :   mixed_pack_place_flow  |     on     |        on        |        
RUN-1001 :        qor_monitor       |    off     |       off        |        
RUN-1001 :        syn_ip_flow       |    off     |       off        |        
RUN-1001 :          thread          |    auto    |       auto       |        
RUN-1001 : ---------------------------------------------------------------
RUN-1001 : Print Design Property
RUN-1001 : --------------------------------------------------------------
RUN-1001 :        Parameters       |  Settings  |  Default Values  |  Note  
RUN-1001 : --------------------------------------------------------------
RUN-1001 :   default_reg_initial   |    auto    |       auto       |        
RUN-1001 :        infer_add        |     on     |        on        |        
RUN-1001 :        infer_fsm        |    off     |       off        |        
RUN-1001 :        infer_mult       |     on     |        on        |        
RUN-1001 :        infer_ram        |     on     |        on        |        
RUN-1001 :        infer_reg        |     on     |        on        |        
RUN-1001 :   infer_reg_init_value  |     on     |        on        |        
RUN-1001 :        infer_rom        |     on     |        on        |        
RUN-1001 :      infer_shifter      |     on     |        on        |        
RUN-1001 : --------------------------------------------------------------
RUN-1001 : Print Rtl Property
RUN-1001 : --------------------------------------------------------------
RUN-1001 :        Parameters       |  Settings  |  Default Values  |  Note  
RUN-1001 : --------------------------------------------------------------
RUN-1001 :       compress_add      |   ripple   |      ripple      |        
RUN-1001 :        elf_sload        |    off     |       off        |        
RUN-1001 :       fix_undriven      |     0      |        0         |        
RUN-1001 :         flatten         |    off     |       off        |        
RUN-1001 :       gate_sharing      |     on     |        on        |        
RUN-1001 :    hdl_warning_level    |   normal   |      normal      |        
RUN-1001 :   impl_internal_tribuf  |     on     |        on        |        
RUN-1001 :      impl_set_reset     |     on     |        on        |        
RUN-1001 :        infer_gsr        |    off     |       off        |        
RUN-1001 :      keep_hierarchy     |    auto    |       auto       |        
RUN-1001 :        max_fanout       |    9999    |       9999       |        
RUN-1001 :      max_oh2bin_len     |     10     |        10        |        
RUN-1001 :       merge_equal       |     on     |        on        |        
RUN-1001 :       merge_equiv       |     on     |        on        |        
RUN-1001 :        merge_mux        |    off     |       off        |        
RUN-1001 :     min_control_set     |     8      |        8         |        
RUN-1001 :      min_ripple_len     |    auto    |       auto       |        
RUN-1001 :       oh2bin_ratio      |    0.08    |       0.08       |        
RUN-1001 :     opt_adder_fanout    |     on     |        on        |        
RUN-1001 :        opt_arith        |     on     |        on        |        
RUN-1001 :       opt_big_gate      |    off     |       off        |        
RUN-1001 :        opt_const        |     on     |        on        |        
RUN-1001 :      opt_const_mult     |     on     |        on        |        
RUN-1001 :       opt_lessthan      |     on     |        on        |        
RUN-1001 :         opt_mux         |    off     |       off        |        
RUN-1001 :         opt_ram         |    high    |       high       |        
RUN-1001 :      rtl_sim_model      |    off     |       off        |        
RUN-1001 :         seq_syn         |     on     |        on        |        
RUN-1001 : --------------------------------------------------------------
HDL-1007 : analyze verilog file ../../al_ip/clk_wiz_0.v
HDL-1007 : undeclared symbol 'open', assumed default net type 'wire' in ../../al_ip/clk_wiz_0.v(80)
HDL-1007 : analyze verilog file ../../../RTL/audio_receive.v
HDL-1007 : analyze verilog file ../../../RTL/audio_send.v
HDL-1007 : analyze verilog file ../../../RTL/audio_speak.v
HDL-1007 : analyze verilog file ../../../RTL/es8388_config.v
HDL-1007 : analyze verilog file ../../../RTL/es8388_ctrl.v
HDL-1007 : analyze verilog file ../../../RTL/i2c_dri.v
HDL-1007 : analyze verilog file ../../../RTL/i2c_reg_cfg.v
HDL-1007 : analyze verilog file ../../../RTL/spar_4mic_localization.v
HDL-1007 : analyze verilog file ../../../RTL/noise_suppress.v
HDL-1007 : analyze verilog file ../../../RTL/pitch_shift.v
HDL-5007 WARNING: loop variable declaration is not allowed in this mode of Verilog in ../../../RTL/pitch_shift.v(30)
HDL-1007 : analyze verilog file ../../../RTL/simple_denoise.v
RUN-1001 : Project manager successfully analyzed 12 source files.
RUN-1002 : start command "import_device eagle_s20.db -package EG4S20BG256"
ARC-1001 : Device Initialization.
ARC-1001 : ------------------------------------------------------------------
ARC-1001 :            OPTION            |          IO          |   SETTING   
ARC-1001 : ------------------------------------------------------------------
ARC-1001 :   cso_b/cclk/mosi/miso/dout  |  T3/R11/T10/P10/S11  |    gpio    
ARC-1001 :             done             |         P13          |    gpio    
ARC-1001 :           program_b          |          T2          |  dedicate  
ARC-1001 :        tdi/tms/tck/tdo       |   C12/A15/C14/E14    |  dedicate  
ARC-1001 : ------------------------------------------------------------------
ARC-1004 : Device setting, marked 5 dedicate IOs in total.
RUN-1002 : start command "import_db ../syn_1/ES8388_gate.db"
RUN-1001 : Importing database generated by Tang Dynasty, V5.6.71036.
RUN-1001 : Database version number 46146.
RUN-1001 : Import flow parameters
RUN-1001 : Import IO constraints
RUN-1001 : Import Inst constraints
RUN-1001 : Import design success TD_VERSION=5.6.71036 , DB_VERSION=46146
RUN-1002 : start command "place"
RUN-1001 : Open license file D:/TD/license/Anlogic.lic
RUN-1001 : Print Global Property
RUN-1001 : ---------------------------------------------------------------
RUN-1001 :        Parameters        |  Settings  |  Default Values  |  Note  
RUN-1001 : ---------------------------------------------------------------
RUN-1001 :          message         |  standard  |     standard     |        
RUN-1001 :   mixed_pack_place_flow  |     on     |        on        |        
RUN-1001 :        qor_monitor       |    off     |       off        |        
RUN-1001 :        syn_ip_flow       |    off     |       off        |        
RUN-1001 :          thread          |    auto    |       auto       |        
RUN-1001 : ---------------------------------------------------------------
RUN-1001 : Print Place Property
RUN-1001 : --------------------------------------------------------------
RUN-1001 :        Parameters       |  Settings  |  Default Values  |  Note  
RUN-1001 : --------------------------------------------------------------
RUN-1001 :      detailed_place     |     on     |        on        |        
RUN-1001 :          effort         |   medium   |      medium      |        
RUN-1001 :         fix_hold        |    off     |       off        |        
RUN-1001 :       legalization      |    ori     |       ori        |        
RUN-1001 :      new_spreading      |     on     |        on        |        
RUN-1001 :        opt_timing       |   medium   |      medium      |        
RUN-1001 :   post_clock_route_opt  |    off     |       off        |        
RUN-1001 :       pr_strategy       |     1      |        1         |        
RUN-1001 :        relaxation       |    1.00    |       1.00       |        
RUN-1001 :         retiming        |    off     |       off        |        
RUN-1001 : --------------------------------------------------------------
PHY-3001 : Placer runs in 24 thread(s).
RUN-1002 : start command "legalize_phy_inst"
SYN-1011 : Flatten model audio_speak
RUN-1002 : start command "phys_opt -simplify_lut"
SYN-4016 : Net ilaclk_1_dup_1 driven by BUFG (0 clock/control pins, 2 other pins).
SYN-4016 : Net ilaclk_2_dup_1 driven by BUFG (0 clock/control pins, 2 other pins).
SYN-4016 : Net ilaclk_3_dup_1 driven by BUFG (0 clock/control pins, 2 other pins).
SYN-4016 : Net ilaclk_dup_1 driven by BUFG (0 clock/control pins, 2 other pins).
SYN-4027 : Net aud_mclk_1_dup_1 is clkc1 of pll u1_pll_clk/pll_inst.
SYN-4019 : Net sys_clk_dup_1 is refclk of pll u1_pll_clk/pll_inst.
SYN-4020 : Net sys_clk_dup_1 is fbclk of pll u1_pll_clk/pll_inst.
SYN-4027 : Net aud_mclk_2_dup_1 is clkc1 of pll u2_pll_clk/pll_inst.
SYN-4019 : Net sys_clk_dup_1 is refclk of pll u2_pll_clk/pll_inst.
SYN-4020 : Net sys_clk_dup_1 is fbclk of pll u2_pll_clk/pll_inst.
SYN-4027 : Net aud_mclk_3_dup_1 is clkc1 of pll u3_pll_clk/pll_inst.
SYN-4019 : Net sys_clk_dup_1 is refclk of pll u3_pll_clk/pll_inst.
SYN-4020 : Net sys_clk_dup_1 is fbclk of pll u3_pll_clk/pll_inst.
SYN-4027 : Net aud_mclk_dup_1 is clkc1 of pll u_pll_clk/pll_inst.
SYN-4019 : Net sys_clk_dup_1 is refclk of pll u_pll_clk/pll_inst.
SYN-4020 : Net sys_clk_dup_1 is fbclk of pll u_pll_clk/pll_inst.
SYN-4024 : Net "aud_bclk_2_dup_1" drives clk pins.
SYN-4024 : Net "aud_bclk_dup_1" drives clk pins.
SYN-4024 : Net "aud_bclk_1_dup_1" drives clk pins.
SYN-4024 : Net "aud_bclk_3_dup_1" drives clk pins.
SYN-4024 : Net "u1_es8388_ctrl/u_es8388_config/u_i2c_dri/dri_clk" drives clk pins.
SYN-4024 : Net "u2_es8388_ctrl/u_es8388_config/u_i2c_dri/dri_clk" drives clk pins.
SYN-4024 : Net "u3_es8388_ctrl/u_es8388_config/u_i2c_dri/dri_clk" drives clk pins.
SYN-7503 WARNING: Net "u_es8388_ctrl/u_es8388_config/u_i2c_dri/dri_clk" drives clk pins. However it will not be tagged as clk net, for there's no more slots.
SYN-4025 : Tag rtl::Net aud_bclk_1_dup_1 as clock net
SYN-4025 : Tag rtl::Net aud_bclk_2_dup_1 as clock net
SYN-4025 : Tag rtl::Net aud_bclk_3_dup_1 as clock net
SYN-4025 : Tag rtl::Net aud_bclk_dup_1 as clock net
SYN-4025 : Tag rtl::Net aud_mclk_1_dup_1 as clock net
SYN-4025 : Tag rtl::Net aud_mclk_2_dup_1 as clock net
SYN-4025 : Tag rtl::Net aud_mclk_3_dup_1 as clock net
SYN-4025 : Tag rtl::Net aud_mclk_dup_1 as clock net
SYN-4025 : Tag rtl::Net ilaclk_1_dup_1 as clock net
SYN-4025 : Tag rtl::Net ilaclk_2_dup_1 as clock net
SYN-4025 : Tag rtl::Net ilaclk_3_dup_1 as clock net
SYN-4025 : Tag rtl::Net ilaclk_dup_1 as clock net
SYN-4025 : Tag rtl::Net sys_clk_dup_1 as clock net
SYN-4025 : Tag rtl::Net u1_es8388_ctrl/u_es8388_config/u_i2c_dri/dri_clk as clock net
SYN-4025 : Tag rtl::Net u2_es8388_ctrl/u_es8388_config/u_i2c_dri/dri_clk as clock net
SYN-4025 : Tag rtl::Net u3_es8388_ctrl/u_es8388_config/u_i2c_dri/dri_clk as clock net
SYN-4026 : Tagged 16 rtl::Net as clock net
SYN-4015 : Create BUFG instance for clk Net aud_bclk_2_dup_1 to drive 83 clock pins.
SYN-4015 : Create BUFG instance for clk Net aud_bclk_1_dup_1 to drive 80 clock pins.
SYN-4015 : Create BUFG instance for clk Net aud_bclk_3_dup_1 to drive 80 clock pins.
SYN-4015 : Create BUFG instance for clk Net aud_bclk_dup_1 to drive 80 clock pins.
SYN-4015 : Create BUFG instance for clk Net u1_es8388_ctrl/u_es8388_config/u_i2c_dri/dri_clk to drive 59 clock pins.
SYN-4015 : Create BUFG instance for clk Net u2_es8388_ctrl/u_es8388_config/u_i2c_dri/dri_clk to drive 59 clock pins.
SYN-4015 : Create BUFG instance for clk Net u3_es8388_ctrl/u_es8388_config/u_i2c_dri/dri_clk to drive 59 clock pins.
PHY-1001 : Populate physical database on model audio_speak.
RUN-1001 : There are total 13975 instances
RUN-0007 : 5761 luts, 7232 seqs, 593 mslices, 317 lslices, 52 pads, 0 brams, 2 dsps
RUN-1001 : There are total 15970 nets
RUN-1001 : 13670 nets have 2 pins
RUN-1001 : 1513 nets have [3 - 5] pins
RUN-1001 : 296 nets have [6 - 10] pins
RUN-1001 : 138 nets have [11 - 20] pins
RUN-1001 : 309 nets have [21 - 99] pins
RUN-1001 : 44 nets have 100+ pins
RUN-1001 : Report Control nets information:
RUN-1001 : DFF Distribution
RUN-1001 : ----------------------------------
RUN-1001 :   CE   |  SSR  |  ASR  |  DFF Count  
RUN-1001 : ----------------------------------
RUN-1001 :   No   |  No   |  No   |     24      
RUN-1001 :   No   |  No   |  Yes  |     671     
RUN-1001 :   No   |  Yes  |  No   |     27      
RUN-1001 :   Yes  |  No   |  No   |      0      
RUN-1001 :   Yes  |  No   |  Yes  |    6478     
RUN-1001 :   Yes  |  Yes  |  No   |     32      
RUN-1001 : ----------------------------------
RUN-0007 : Control Group Statistic
RUN-0007 : ---------------------------
RUN-0007 :   #CLK  |  #CE  |  #SSR/ASR  
RUN-0007 : ---------------------------
RUN-0007 :    9    |  278  |     11     
RUN-0007 : ---------------------------
RUN-0007 : Control Set = 293
PHY-3001 : Initial placement ...
PHY-3001 : design contains 13973 instances, 5761 luts, 7232 seqs, 910 slices, 188 macros(910 instances: 593 mslices 317 lslices)
PHY-3001 : Huge net led_dup_1 with 6372 pins
PHY-3001 : Huge net u_pitch_shift/read_ptr[1] with 3120 pins
PHY-3001 : Huge net u_pitch_shift/read_ptr[0] with 1634 pins
PHY-0007 : Cell area utilization is 38%
PHY-3001 : Global placement ...
PHY-3001 : Initial: Len = 2.87142e+06
PHY-3001 : Clustering ...
PHY-3001 : Level 0 #clusters 13973.
PHY-3001 : Level 1 #clusters 1492.
PHY-3001 : End clustering;  0.083190s wall, 0.078125s user + 0.046875s system = 0.125000s CPU (150.3%)

PHY-3001 : Run with size of 4
PHY-3001 : Cell area utilization is 38%
PHY-3001 : :::0::: Try harder cell spreading with beta_ = 0
PHY-3002 : Step(1): len = 621730, overlap = 215.312
PHY-3002 : Step(2): len = 546912, overlap = 316.938
PHY-3002 : Step(3): len = 377537, overlap = 500.25
PHY-3002 : Step(4): len = 338422, overlap = 587.844
PHY-3002 : Step(5): len = 266810, overlap = 685.969
PHY-3002 : Step(6): len = 229401, overlap = 740.531
PHY-3002 : Step(7): len = 191538, overlap = 833
PHY-3002 : Step(8): len = 168698, overlap = 874.625
PHY-3002 : Step(9): len = 140197, overlap = 931.625
PHY-3002 : Step(10): len = 123974, overlap = 962.406
PHY-3002 : Step(11): len = 106297, overlap = 1018.91
PHY-3002 : Step(12): len = 96469.8, overlap = 1042.47
PHY-3002 : Step(13): len = 83699.1, overlap = 1078.56
PHY-3002 : Step(14): len = 77662, overlap = 1109.94
PHY-3002 : Step(15): len = 69319.2, overlap = 1133.22
PHY-3001 : :::1::: Try harder cell spreading with beta_ = 2.97786e-07
PHY-3002 : Step(16): len = 75910.1, overlap = 1108.16
PHY-3002 : Step(17): len = 94563.7, overlap = 1036
PHY-3002 : Step(18): len = 89890.5, overlap = 1028.75
PHY-3002 : Step(19): len = 91992.4, overlap = 1022.56
PHY-3002 : Step(20): len = 87162.7, overlap = 998.875
PHY-3002 : Step(21): len = 89640.8, overlap = 985.531
PHY-3002 : Step(22): len = 89151.4, overlap = 968.875
PHY-3002 : Step(23): len = 91788.5, overlap = 937.062
PHY-3002 : Step(24): len = 89043.9, overlap = 928.469
PHY-3002 : Step(25): len = 89608.7, overlap = 932.781
PHY-3002 : Step(26): len = 87109.7, overlap = 939.406
PHY-3002 : Step(27): len = 86804.6, overlap = 933.375
PHY-3002 : Step(28): len = 84370.8, overlap = 935.781
PHY-3002 : Step(29): len = 84009, overlap = 922.406
PHY-3002 : Step(30): len = 81875.2, overlap = 910.031
PHY-3002 : Step(31): len = 81846.4, overlap = 913.906
PHY-3002 : Step(32): len = 79952.4, overlap = 921.625
PHY-3002 : Step(33): len = 80482.5, overlap = 933.812
PHY-3002 : Step(34): len = 79192.2, overlap = 934.812
PHY-3002 : Step(35): len = 79240.3, overlap = 949.062
PHY-3002 : Step(36): len = 78490.6, overlap = 958.969
PHY-3002 : Step(37): len = 78284, overlap = 960.625
PHY-3002 : Step(38): len = 77700.7, overlap = 935.219
PHY-3002 : Step(39): len = 77905.3, overlap = 939.375
PHY-3002 : Step(40): len = 78164.9, overlap = 941.969
PHY-3001 : :::2::: Try harder cell spreading with beta_ = 5.95573e-07
PHY-3002 : Step(41): len = 82660.8, overlap = 935.844
PHY-3002 : Step(42): len = 87180.1, overlap = 904.312
PHY-3002 : Step(43): len = 87919.4, overlap = 880.219
PHY-3002 : Step(44): len = 88615.9, overlap = 852.438
PHY-3002 : Step(45): len = 88624.3, overlap = 833.594
PHY-3001 : :::3::: Try harder cell spreading with beta_ = 1.19115e-06
PHY-3002 : Step(46): len = 96653.7, overlap = 789.125
PHY-3002 : Step(47): len = 106796, overlap = 740.5
PHY-3002 : Step(48): len = 107983, overlap = 757.281
PHY-3002 : Step(49): len = 109194, overlap = 756.031
PHY-3002 : Step(50): len = 107859, overlap = 710.5
PHY-3002 : Step(51): len = 107466, overlap = 714.688
PHY-3002 : Step(52): len = 106646, overlap = 713.812
PHY-3002 : Step(53): len = 106418, overlap = 707.219
PHY-3002 : Step(54): len = 105873, overlap = 716.562
PHY-3002 : Step(55): len = 105922, overlap = 712.062
PHY-3002 : Step(56): len = 105108, overlap = 721.188
PHY-3001 : :::4::: Try harder cell spreading with beta_ = 2.38229e-06
PHY-3002 : Step(57): len = 114339, overlap = 687.219
PHY-3002 : Step(58): len = 122769, overlap = 580.094
PHY-3002 : Step(59): len = 125783, overlap = 506.594
PHY-3002 : Step(60): len = 126514, overlap = 502.25
PHY-3002 : Step(61): len = 125613, overlap = 507.25
PHY-3002 : Step(62): len = 125269, overlap = 506.812
PHY-3002 : Step(63): len = 124262, overlap = 510.812
PHY-3002 : Step(64): len = 124431, overlap = 522.75
PHY-3002 : Step(65): len = 124507, overlap = 522.594
PHY-3001 : :::5::: Try harder cell spreading with beta_ = 4.76458e-06
PHY-3002 : Step(66): len = 135379, overlap = 482.812
PHY-3002 : Step(67): len = 143209, overlap = 411.219
PHY-3002 : Step(68): len = 145136, overlap = 329.531
PHY-3002 : Step(69): len = 147521, overlap = 330.375
PHY-3002 : Step(70): len = 147622, overlap = 320.969
PHY-3002 : Step(71): len = 147875, overlap = 307.75
PHY-3002 : Step(72): len = 146936, overlap = 317.188
PHY-3002 : Step(73): len = 146837, overlap = 323.688
PHY-3002 : Step(74): len = 145370, overlap = 323.938
PHY-3001 : :::6::: Try harder cell spreading with beta_ = 9.52916e-06
PHY-3002 : Step(75): len = 156366, overlap = 275
PHY-3002 : Step(76): len = 163430, overlap = 248.219
PHY-3002 : Step(77): len = 163551, overlap = 224.312
PHY-3002 : Step(78): len = 164851, overlap = 210.281
PHY-3002 : Step(79): len = 164766, overlap = 209.875
PHY-3002 : Step(80): len = 166352, overlap = 215.531
PHY-3002 : Step(81): len = 165521, overlap = 196.031
PHY-3002 : Step(82): len = 165268, overlap = 181.812
PHY-3002 : Step(83): len = 165049, overlap = 179.25
PHY-3002 : Step(84): len = 165336, overlap = 185.75
PHY-3002 : Step(85): len = 165088, overlap = 184.062
PHY-3001 : :::7::: Try harder cell spreading with beta_ = 1.90583e-05
PHY-3002 : Step(86): len = 173560, overlap = 172.781
PHY-3002 : Step(87): len = 179493, overlap = 151.219
PHY-3002 : Step(88): len = 179044, overlap = 154.438
PHY-3002 : Step(89): len = 180438, overlap = 152.312
PHY-3002 : Step(90): len = 181117, overlap = 147.375
PHY-3002 : Step(91): len = 183150, overlap = 131.906
PHY-3002 : Step(92): len = 182565, overlap = 118.281
PHY-3002 : Step(93): len = 182178, overlap = 116.781
PHY-3002 : Step(94): len = 182448, overlap = 127.719
PHY-3002 : Step(95): len = 183279, overlap = 132.719
PHY-3002 : Step(96): len = 181851, overlap = 128.812
PHY-3002 : Step(97): len = 181839, overlap = 132.219
PHY-3002 : Step(98): len = 182235, overlap = 126.125
PHY-3001 : :::8::: Try harder cell spreading with beta_ = 3.81166e-05
PHY-3002 : Step(99): len = 189808, overlap = 111.969
PHY-3002 : Step(100): len = 195206, overlap = 93
PHY-3002 : Step(101): len = 195681, overlap = 85.4688
PHY-3002 : Step(102): len = 196140, overlap = 80.9062
PHY-3002 : Step(103): len = 196681, overlap = 80.1562
PHY-3002 : Step(104): len = 197646, overlap = 78.0938
PHY-3002 : Step(105): len = 196236, overlap = 83.4375
PHY-3002 : Step(106): len = 195660, overlap = 88.875
PHY-3002 : Step(107): len = 195346, overlap = 94.6562
PHY-3001 : :::9::: Try harder cell spreading with beta_ = 7.62333e-05
PHY-3002 : Step(108): len = 201482, overlap = 77.4062
PHY-3002 : Step(109): len = 206419, overlap = 76.8438
PHY-3002 : Step(110): len = 207747, overlap = 68.8125
PHY-3002 : Step(111): len = 208240, overlap = 67.9062
PHY-3002 : Step(112): len = 209084, overlap = 64.0625
PHY-3002 : Step(113): len = 210006, overlap = 65.5
PHY-3002 : Step(114): len = 209581, overlap = 63.0625
PHY-3002 : Step(115): len = 209373, overlap = 62.5938
PHY-3002 : Step(116): len = 209685, overlap = 64.9375
PHY-3002 : Step(117): len = 210135, overlap = 58.6875
PHY-3002 : Step(118): len = 209634, overlap = 49.2812
PHY-3001 : :::10::: Try harder cell spreading with beta_ = 0.000149521
PHY-3002 : Step(119): len = 213031, overlap = 50.125
PHY-3002 : Step(120): len = 216797, overlap = 46.5312
PHY-3002 : Step(121): len = 218692, overlap = 46.9062
PHY-3002 : Step(122): len = 219771, overlap = 46.875
PHY-3002 : Step(123): len = 220461, overlap = 46
PHY-3002 : Step(124): len = 220912, overlap = 46.6875
PHY-3002 : Step(125): len = 220418, overlap = 40.2188
PHY-3002 : Step(126): len = 220760, overlap = 45.0625
PHY-3002 : Step(127): len = 221854, overlap = 48.25
PHY-3002 : Step(128): len = 222514, overlap = 50.5312
PHY-3002 : Step(129): len = 222246, overlap = 57
PHY-3001 : :::11::: Try harder cell spreading with beta_ = 0.000257447
PHY-3002 : Step(130): len = 224079, overlap = 57.4688
PHY-3002 : Step(131): len = 226435, overlap = 57.6562
PHY-3002 : Step(132): len = 227848, overlap = 46.8125
PHY-3002 : Step(133): len = 229289, overlap = 45.8125
PHY-3002 : Step(134): len = 230626, overlap = 48.8125
PHY-3002 : Step(135): len = 231421, overlap = 45.25
PHY-3002 : Step(136): len = 231054, overlap = 44.4688
PHY-3002 : Step(137): len = 231187, overlap = 43
PHY-3002 : Step(138): len = 231656, overlap = 43.1875
PHY-3002 : Step(139): len = 231905, overlap = 42.8125
PHY-3002 : Step(140): len = 231682, overlap = 35.5
PHY-3002 : Step(141): len = 231987, overlap = 28.3125
PHY-3002 : Step(142): len = 232494, overlap = 30.25
PHY-3002 : Step(143): len = 232683, overlap = 30.1875
PHY-3002 : Step(144): len = 232594, overlap = 29.7188
PHY-3001 : :::12::: Try harder cell spreading with beta_ = 0.000435063
PHY-3002 : Step(145): len = 234228, overlap = 21.125
PHY-3002 : Step(146): len = 236696, overlap = 19.8125
PHY-3002 : Step(147): len = 237623, overlap = 18.9375
PHY-3002 : Step(148): len = 238709, overlap = 18.0625
PHY-3002 : Step(149): len = 239911, overlap = 18.875
PHY-3002 : Step(150): len = 240684, overlap = 18.3125
PHY-3002 : Step(151): len = 240716, overlap = 18.8125
PHY-3002 : Step(152): len = 241055, overlap = 19.6875
PHY-3002 : Step(153): len = 241865, overlap = 19.5625
PHY-3002 : Step(154): len = 242310, overlap = 18.9375
PHY-3002 : Step(155): len = 242103, overlap = 20.9375
PHY-3002 : Step(156): len = 242140, overlap = 20.9375
PHY-3002 : Step(157): len = 242536, overlap = 15.4375
PHY-3001 : :::13::: Try harder cell spreading with beta_ = 0.000794539
PHY-3002 : Step(158): len = 244072, overlap = 15.4375
PHY-3002 : Step(159): len = 247845, overlap = 16.0625
PHY-3002 : Step(160): len = 249041, overlap = 12.625
PHY-3002 : Step(161): len = 250399, overlap = 12.5625
PHY-3002 : Step(162): len = 251398, overlap = 12.5625
PHY-3002 : Step(163): len = 251901, overlap = 12.5625
PHY-3002 : Step(164): len = 251845, overlap = 12.5625
PHY-3002 : Step(165): len = 252032, overlap = 11.6875
PHY-3002 : Step(166): len = 252652, overlap = 12.1875
PHY-3002 : Step(167): len = 253011, overlap = 11.9375
PHY-3002 : Step(168): len = 252949, overlap = 11.9375
PHY-3002 : Step(169): len = 253028, overlap = 11.4375
PHY-3002 : Step(170): len = 253274, overlap = 10.875
PHY-3002 : Step(171): len = 253373, overlap = 10.375
PHY-3002 : Step(172): len = 253274, overlap = 10.375
PHY-3002 : Step(173): len = 253244, overlap = 12.5
PHY-3002 : Step(174): len = 253251, overlap = 11.5625
PHY-3002 : Step(175): len = 253196, overlap = 11.5625
PHY-3002 : Step(176): len = 253149, overlap = 11.75
PHY-3001 : :::14::: Try harder cell spreading with beta_ = 0.00139461
PHY-3002 : Step(177): len = 253932, overlap = 11.5625
PHY-3002 : Step(178): len = 255693, overlap = 11.5625
PHY-3001 : Legalization ...
PHY-3001 : End legalization;  0.006290s wall, 0.000000s user + 0.000000s system = 0.000000s CPU (n/a%)

PHY-3001 : Run with size of 4
PHY-3001 : Cell area utilization is 45%
PHY-3001 : Analyzing congestion ...
RUN-1001 : Generating global routing grids ...
RUN-1001 : Building simple global routing graph ...
PHY-1001 : Generate routing nets ...
PHY-1001 : Reuse net number 0/15970.
PHY-1001 : Global iterations in 24 thread ...
PHY-1002 : len = 425256, over cnt = 1339(3%), over = 6448, worst = 37
PHY-1001 : End global iterations;  0.697237s wall, 0.671875s user + 0.312500s system = 0.984375s CPU (141.2%)

PHY-1001 : Congestion index: top1 = 61.47, top5 = 46.33, top10 = 39.92, top15 = 35.93.
PHY-3001 : End congestion estimation;  0.809663s wall, 0.750000s user + 0.343750s system = 1.093750s CPU (135.1%)

PHY-3001 : Update density targets...
PHY-3001 : Update congestion history...
PHY-3001 : :::0::: Try harder cell spreading with beta_ = 4.1472e-05
PHY-3002 : Step(179): len = 294958, overlap = 18.2812
PHY-3002 : Step(180): len = 304000, overlap = 19.4688
PHY-3002 : Step(181): len = 304312, overlap = 21.5
PHY-3002 : Step(182): len = 291290, overlap = 17.375
PHY-3002 : Step(183): len = 284721, overlap = 17.875
PHY-3002 : Step(184): len = 281544, overlap = 24.5938
PHY-3002 : Step(185): len = 269816, overlap = 24.4062
PHY-3002 : Step(186): len = 270154, overlap = 26.0938
PHY-3002 : Step(187): len = 270870, overlap = 28.625
PHY-3001 : :::1::: Try harder cell spreading with beta_ = 8.2944e-05
PHY-3002 : Step(188): len = 269994, overlap = 26.0625
PHY-3002 : Step(189): len = 271164, overlap = 25.5938
PHY-3002 : Step(190): len = 273336, overlap = 24.625
PHY-3002 : Step(191): len = 276600, overlap = 29.125
PHY-3001 : :::2::: Try harder cell spreading with beta_ = 0.000165888
PHY-3002 : Step(192): len = 281975, overlap = 28.0312
PHY-3002 : Step(193): len = 289386, overlap = 26.1875
PHY-3002 : Step(194): len = 295056, overlap = 26.1562
PHY-3002 : Step(195): len = 297618, overlap = 26.6875
PHY-3002 : Step(196): len = 297674, overlap = 27.2812
PHY-3001 : Run with size of 2
PHY-3001 : Cell area utilization is 45%
PHY-3001 : Analyzing congestion ...
RUN-1001 : Generating global routing grids ...
PHY-1001 : Generate routing nets ...
PHY-1001 : Reuse net number 80/15970.
PHY-1001 : Global iterations in 24 thread ...
PHY-1002 : len = 443256, over cnt = 1812(5%), over = 9148, worst = 54
PHY-1001 : End global iterations;  0.877449s wall, 0.859375s user + 0.187500s system = 1.046875s CPU (119.3%)

PHY-1001 : Congestion index: top1 = 73.45, top5 = 54.89, top10 = 46.19, top15 = 41.41.
PHY-3001 : End congestion estimation;  1.010507s wall, 0.984375s user + 0.187500s system = 1.171875s CPU (116.0%)

PHY-3001 : Update density targets...
PHY-3001 : Update congestion history...
PHY-3001 : :::0::: Try harder cell spreading with beta_ = 5.2263e-05
PHY-3002 : Step(197): len = 280557, overlap = 184.562
PHY-3002 : Step(198): len = 279059, overlap = 132.75
PHY-3002 : Step(199): len = 277819, overlap = 115.562
PHY-3002 : Step(200): len = 270428, overlap = 103.812
PHY-3002 : Step(201): len = 270573, overlap = 98.375
PHY-3002 : Step(202): len = 274398, overlap = 85.9062
PHY-3002 : Step(203): len = 273655, overlap = 77.2188
PHY-3002 : Step(204): len = 261874, overlap = 68.5938
PHY-3002 : Step(205): len = 257172, overlap = 79.3125
PHY-3002 : Step(206): len = 258342, overlap = 81.4375
PHY-3002 : Step(207): len = 258064, overlap = 79.25
PHY-3002 : Step(208): len = 257459, overlap = 87.375
PHY-3002 : Step(209): len = 255803, overlap = 89.9375
PHY-3001 : :::1::: Try harder cell spreading with beta_ = 0.000104526
PHY-3002 : Step(210): len = 257184, overlap = 82.8438
PHY-3002 : Step(211): len = 260736, overlap = 79.0312
PHY-3002 : Step(212): len = 262509, overlap = 72
PHY-3002 : Step(213): len = 263033, overlap = 68.125
PHY-3001 : :::2::: Try harder cell spreading with beta_ = 0.000209052
PHY-3002 : Step(214): len = 265088, overlap = 69.1562
PHY-3002 : Step(215): len = 269706, overlap = 70.25
PHY-3002 : Step(216): len = 272980, overlap = 69.625
PHY-3002 : Step(217): len = 274682, overlap = 68.75
OPT-1001 : Start physical optimization ...
OPT-1001 : Total overflow 380.06 peak overflow 4.94
OPT-1001 : Start high-fanout net optimization ...
OPT-1001 : Update timing in global mode
PHY-1001 : Start incremental global routing, caller is place ...
RUN-1001 : Generating global routing grids ...
PHY-1001 : Generate routing nets ...
PHY-1001 : Reuse net number 246/15970.
PHY-1001 : Global iterations in 24 thread ...
PHY-1002 : len = 452176, over cnt = 2082(5%), over = 7578, worst = 23
PHY-1001 : End global iterations;  1.485499s wall, 1.375000s user + 0.281250s system = 1.656250s CPU (111.5%)

PHY-1001 : Congestion index: top1 = 53.04, top5 = 42.68, top10 = 38.07, top15 = 35.35.
PHY-1001 : End incremental global routing;  1.631230s wall, 1.515625s user + 0.281250s system = 1.796875s CPU (110.2%)

RUN-1002 : start command "start_timer -report"
TMR-5001 WARNING: No sdc constraints found while initiating timer.
TMR-2505 : Start building timing graph for model audio_speak.
TMR-2506 : Build timing graph completely. Port num: 52, tpin num: 70789, tnet num: 14912, tinst num: 13973, tnode num: 99616, tedge num: 114782.
TMR-2508 : Levelizing timing graph completed, there are 43 levels in total.
TMR-2501 : Timing graph initialized successfully.
OPT-1001 : End timing update;  0.631813s wall, 0.609375s user + 0.031250s system = 0.640625s CPU (101.4%)

OPT-1001 : 0 high-fanout net processed.
OPT-1001 : End high-fanout net optimization;  2.466805s wall, 2.328125s user + 0.312500s system = 2.640625s CPU (107.0%)

OPT-1001 : Current memory(MB): used = 483, reserve = 462, peak = 483.
OPT-1001 : End physical optimization;  2.574537s wall, 2.421875s user + 0.328125s system = 2.750000s CPU (106.8%)

PHY-3001 : Start packing ...
SYN-4007 : Packing 0 MUX to BLE ...
SYN-4008 : Packed 0 MUX and 0 SEQ to BLE.
SYN-4007 : Packing 5761 LUT to BLE ...
SYN-4008 : Packed 5761 LUT and 514 SEQ to BLE.
SYN-4003 : Packing 6718 remaining SEQ's ...
SYN-4005 : Packed 4886 SEQ with LUT/SLICE
SYN-4006 : 443 single LUT's are left
SYN-4006 : 1832 single SEQ's are left
SYN-4011 : Packing model "audio_speak" (AL_USER_NORMAL) with 7593/8575 primitive instances ...
PHY-3001 : End packing;  0.994064s wall, 0.984375s user + 0.015625s system = 1.000000s CPU (100.6%)

PHY-1001 : Populate physical database on model audio_speak.
RUN-1001 : There are total 5761 instances
RUN-1001 : 2845 mslices, 2844 lslices, 52 pads, 0 brams, 2 dsps
RUN-1001 : There are total 15468 nets
RUN-1001 : 13090 nets have 2 pins
RUN-1001 : 1593 nets have [3 - 5] pins
RUN-1001 : 295 nets have [6 - 10] pins
RUN-1001 : 402 nets have [11 - 20] pins
RUN-1001 : 47 nets have [21 - 99] pins
RUN-1001 : 41 nets have 100+ pins
PHY-3001 : design contains 5759 instances, 5689 slices, 188 macros(910 instances: 593 mslices 317 lslices)
PHY-3001 : Huge net led_dup_1 with 4212 pins
PHY-3001 : Huge net u_pitch_shift/read_ptr[1] with 2194 pins
PHY-3001 : Huge net u_pitch_shift/read_ptr[0] with 1311 pins
PHY-3001 : Cell area utilization is 64%
PHY-3001 : After packing: Len = 302186, Over = 190.5
PHY-3001 : Run with size of 2
PHY-3001 : Cell area utilization is 64%
PHY-3001 : Analyzing congestion ...
RUN-1001 : Generating global routing grids ...
PHY-1001 : Generate routing nets ...
PHY-1001 : Reuse net number 5041/15468.
PHY-1001 : Global iterations in 24 thread ...
PHY-1002 : len = 490000, over cnt = 2159(6%), over = 5368, worst = 23
PHY-1002 : len = 511192, over cnt = 1422(4%), over = 3156, worst = 23
PHY-1002 : len = 528472, over cnt = 774(2%), over = 1824, worst = 22
PHY-1002 : len = 544136, over cnt = 285(0%), over = 634, worst = 22
PHY-1002 : len = 553104, over cnt = 0(0%), over = 0, worst = 0
PHY-1001 : End global iterations;  1.592105s wall, 1.625000s user + 0.359375s system = 1.984375s CPU (124.6%)

PHY-1001 : Congestion index: top1 = 46.44, top5 = 40.51, top10 = 37.22, top15 = 35.12.
PHY-3001 : End congestion estimation;  1.837690s wall, 1.875000s user + 0.359375s system = 2.234375s CPU (121.6%)

PHY-3001 : Update density targets...
PHY-3001 : Update congestion history...
PHY-3001 : :::0::: Try harder cell spreading with beta_ = 1.90817e-05
PHY-3002 : Step(218): len = 282327, overlap = 192.5
PHY-3002 : Step(219): len = 282454, overlap = 209.75
PHY-3002 : Step(220): len = 277770, overlap = 223.5
PHY-3002 : Step(221): len = 266323, overlap = 239.5
PHY-3002 : Step(222): len = 266574, overlap = 240.5
PHY-3002 : Step(223): len = 267003, overlap = 237.75
PHY-3001 : :::1::: Try harder cell spreading with beta_ = 3.81634e-05
PHY-3002 : Step(224): len = 272937, overlap = 226.5
PHY-3002 : Step(225): len = 275321, overlap = 221.75
PHY-3002 : Step(226): len = 278479, overlap = 212
PHY-3001 : :::2::: Try harder cell spreading with beta_ = 7.63267e-05
PHY-3002 : Step(227): len = 281635, overlap = 200
PHY-3002 : Step(228): len = 285332, overlap = 190
PHY-3002 : Step(229): len = 289874, overlap = 186.5
PHY-3001 : Legalization ...
PHY-3001 : End legalization;  1.088289s wall, 1.796875s user + 1.531250s system = 3.328125s CPU (305.8%)

PHY-3001 : Trial Legalized: Len = 366910
PHY-3001 : Run with size of 2
PHY-3001 : Cell area utilization is 64%
PHY-3001 : Analyzing congestion ...
RUN-1001 : Generating global routing grids ...
PHY-1001 : Generate routing nets ...
PHY-1001 : Reuse net number 676/15468.
PHY-1001 : Global iterations in 24 thread ...
PHY-1002 : len = 554704, over cnt = 2043(5%), over = 3028, worst = 7
PHY-1002 : len = 566304, over cnt = 1101(3%), over = 1496, worst = 7
PHY-1002 : len = 579584, over cnt = 363(1%), over = 513, worst = 7
PHY-1002 : len = 584912, over cnt = 89(0%), over = 116, worst = 3
PHY-1002 : len = 586864, over cnt = 0(0%), over = 0, worst = 0
PHY-1001 : End global iterations;  2.284773s wall, 2.171875s user + 0.609375s system = 2.781250s CPU (121.7%)

PHY-1001 : Congestion index: top1 = 43.34, top5 = 39.10, top10 = 36.74, top15 = 35.18.
PHY-3001 : End congestion estimation;  2.594205s wall, 2.421875s user + 0.656250s system = 3.078125s CPU (118.7%)

PHY-3001 : Update density targets...
PHY-3001 : Update congestion history...
PHY-3001 : :::0::: Try harder cell spreading with beta_ = 5.46638e-05
PHY-3002 : Step(230): len = 317796, overlap = 47.5
PHY-3002 : Step(231): len = 304565, overlap = 82.75
PHY-3002 : Step(232): len = 298061, overlap = 105
PHY-3002 : Step(233): len = 294957, overlap = 125
PHY-3002 : Step(234): len = 293972, overlap = 129.25
PHY-3001 : :::1::: Try harder cell spreading with beta_ = 0.000109328
PHY-3002 : Step(235): len = 298753, overlap = 122.75
PHY-3002 : Step(236): len = 301610, overlap = 122.75
PHY-3002 : Step(237): len = 304328, overlap = 119.5
PHY-3001 : :::2::: Try harder cell spreading with beta_ = 0.000218655
PHY-3002 : Step(238): len = 308984, overlap = 116.25
PHY-3002 : Step(239): len = 311896, overlap = 112.25
PHY-3002 : Step(240): len = 316249, overlap = 111.25
PHY-3002 : Step(241): len = 318301, overlap = 103
PHY-3002 : Step(242): len = 319439, overlap = 103
PHY-3001 : Legalization ...
PHY-3001 : End legalization;  0.013236s wall, 0.015625s user + 0.000000s system = 0.015625s CPU (118.1%)

PHY-3001 : Legalized: Len = 348548, Over = 0
PHY-3001 : Spreading special nets. 25 overflows in 2952 tiles.
PHY-3001 : End spreading;  0.035072s wall, 0.046875s user + 0.000000s system = 0.046875s CPU (133.7%)

PHY-3001 : 37 instances has been re-located, deltaX = 5, deltaY = 23, maxDist = 1.
PHY-3001 : Final: Len = 349128, Over = 0
OPT-1001 : Start physical optimization ...
OPT-1001 : Total overflow 0.00 peak overflow 0.00
OPT-1001 : Start high-fanout net optimization ...
OPT-1001 : Update timing in global mode
PHY-1001 : Start incremental global routing, caller is place ...
RUN-1001 : Generating global routing grids ...
PHY-1001 : Generate routing nets ...
PHY-1001 : Reuse net number 2103/15468.
PHY-1001 : Global iterations in 24 thread ...
PHY-1002 : len = 543424, over cnt = 1977(5%), over = 2926, worst = 6
PHY-1002 : len = 555104, over cnt = 967(2%), over = 1316, worst = 5
PHY-1002 : len = 568880, over cnt = 235(0%), over = 308, worst = 4
PHY-1002 : len = 572480, over cnt = 52(0%), over = 65, worst = 3
PHY-1002 : len = 573608, over cnt = 0(0%), over = 0, worst = 0
PHY-1001 : End global iterations;  1.965519s wall, 2.109375s user + 0.468750s system = 2.578125s CPU (131.2%)

PHY-1001 : Congestion index: top1 = 40.60, top5 = 37.11, top10 = 35.06, top15 = 33.70.
PHY-1001 : End incremental global routing;  2.217478s wall, 2.343750s user + 0.484375s system = 2.828125s CPU (127.5%)

RUN-1002 : start command "start_timer -report"
TMR-5001 WARNING: No sdc constraints found while initiating timer.
TMR-2505 : Start building timing graph for model audio_speak.
TMR-2506 : Build timing graph completely. Port num: 52, tpin num: 62668, tnet num: 14410, tinst num: 5759, tnode num: 84166, tedge num: 102145.
TMR-2508 : Levelizing timing graph completed, there are 41 levels in total.
TMR-2501 : Timing graph initialized successfully.
OPT-1001 : End timing update;  0.809937s wall, 0.765625s user + 0.031250s system = 0.796875s CPU (98.4%)

OPT-1001 : 0 high-fanout net processed.
OPT-1001 : End high-fanout net optimization;  3.263810s wall, 3.328125s user + 0.531250s system = 3.859375s CPU (118.2%)

OPT-1001 : Current memory(MB): used = 507, reserve = 488, peak = 507.
OPT-1001 : Update timing in Manhattan mode
OPT-1001 : End timing update;  0.015776s wall, 0.015625s user + 0.000000s system = 0.015625s CPU (99.0%)

OPT-1001 : Start pin optimization...
OPT-1001 : skip pin optimization...
RUN-1001 : Generating global routing grids ...
PHY-1001 : Generate routing nets ...
PHY-1001 : Reuse net number 11450/15468.
PHY-1001 : Global iterations in 24 thread ...
PHY-1002 : len = 573608, over cnt = 0(0%), over = 0, worst = 0
PHY-1001 : End global iterations;  0.056349s wall, 0.062500s user + 0.000000s system = 0.062500s CPU (110.9%)

PHY-1001 : Congestion index: top1 = 40.60, top5 = 37.11, top10 = 35.06, top15 = 33.70.
OPT-1001 : Update timing in Manhattan mode
OPT-1001 : End timing update;  0.016720s wall, 0.015625s user + 0.000000s system = 0.015625s CPU (93.5%)

RUN-1001 : QoR Analysis:
OPT-0007 :   WNS 2147483647 TNS 0 NUM_FEPS 0
RUN-1001 :   No local congestion issue, and most congested 1% tile average routing util is 40.206897
RUN-1001 :   Top critical paths
OPT-1001 : End physical optimization;  3.632704s wall, 3.640625s user + 0.562500s system = 4.203125s CPU (115.7%)

RUN-1003 : finish command "place" in  22.046164s wall, 28.687500s user + 17.531250s system = 46.218750s CPU (209.6%)

RUN-1004 : used memory is 407 MB, reserved memory is 386 MB, peak memory is 516 MB
RUN-1002 : start command "export_db ES8388_place.db"
RUN-1001 : Exported /
RUN-1001 : Exported flow parameters
RUN-1001 : Exported libs
RUN-1001 : Exported entities
RUN-1001 : Exported ports
RUN-1001 : Exported pins
RUN-1001 : Exported instances
RUN-1001 : Exported nets
RUN-1001 : Exported buses
RUN-1001 : Exported models
RUN-1001 : Exported congestions
RUN-1001 : Exported violations
RUN-1001 : Exported IO constraints
RUN-1001 : Exported Inst constraints
RUN-1003 : finish command "export_db ES8388_place.db" in  1.010391s wall, 1.468750s user + 0.031250s system = 1.500000s CPU (148.5%)

RUN-1004 : used memory is 421 MB, reserved memory is 405 MB, peak memory is 516 MB
RUN-1002 : start command "route"
RUN-1001 : Open license file D:/TD/license/Anlogic.lic
RUN-1001 : Print Global Property
RUN-1001 : ---------------------------------------------------------------
RUN-1001 :        Parameters        |  Settings  |  Default Values  |  Note  
RUN-1001 : ---------------------------------------------------------------
RUN-1001 :          message         |  standard  |     standard     |        
RUN-1001 :   mixed_pack_place_flow  |     on     |        on        |        
RUN-1001 :        qor_monitor       |    off     |       off        |        
RUN-1001 :        syn_ip_flow       |    off     |       off        |        
RUN-1001 :          thread          |    auto    |       auto       |        
RUN-1001 : ---------------------------------------------------------------
RUN-1001 : Print Route Property
RUN-1001 : -------------------------------------------------------
RUN-1001 :    Parameters    |  Settings  |  Default Values  |  Note  
RUN-1001 : -------------------------------------------------------
RUN-1001 :      effort      |   medium   |      medium      |        
RUN-1001 :     fix_hold     |    off     |       off        |        
RUN-1001 :    opt_timing    |   medium   |      medium      |        
RUN-1001 :   phy_sim_model  |    off     |       off        |        
RUN-1001 :     priority     |   timing   |      timing      |        
RUN-1001 :     swap_pin     |     on     |        on        |        
RUN-1001 : -------------------------------------------------------
PHY-1001 : Route runs in 24 thread(s)
RUN-1001 : There are total 5761 instances
RUN-1001 : 2845 mslices, 2844 lslices, 52 pads, 0 brams, 2 dsps
RUN-1001 : There are total 15468 nets
RUN-1001 : 13090 nets have 2 pins
RUN-1001 : 1593 nets have [3 - 5] pins
RUN-1001 : 295 nets have [6 - 10] pins
RUN-1001 : 402 nets have [11 - 20] pins
RUN-1001 : 47 nets have [21 - 99] pins
RUN-1001 : 41 nets have 100+ pins
RUN-1002 : start command "start_timer -report"
TMR-5001 WARNING: No sdc constraints found while initiating timer.
TMR-2505 : Start building timing graph for model audio_speak.
TMR-2506 : Build timing graph completely. Port num: 52, tpin num: 62668, tnet num: 14410, tinst num: 5759, tnode num: 84166, tedge num: 102145.
TMR-2508 : Levelizing timing graph completed, there are 41 levels in total.
TMR-2501 : Timing graph initialized successfully.
PHY-1001 : 2845 mslices, 2844 lslices, 52 pads, 0 brams, 2 dsps
TMR-2503 : Start to update net delay, extr mode = 3.
TMR-2504 : Update delay of 14410 nets completely.
TMR-2502 : Annotate delay completely, extr mode = 3.
TMR-3002 : No user constraint, initiate default constraint.
TMR-1501 : Assign derive clock DeriveClock to 9542 clock pins, and constraint 21490 relative nodes.
TMR-3003 : Constraints initiated successfully.
TMR-3501 : Forward propagation: start to calculate arrival time...
TMR-3502 : Backward propagation: start to calculate required time...
TMR-3503 : Timing propagation completes.
PHY-1001 : Start global routing, caller is route ...
RUN-1001 : Generating global routing grids ...
PHY-1001 : Generate routing nets ...
PHY-1001 : Global iterations in 24 thread ...
PHY-1002 : len = 524336, over cnt = 2063(5%), over = 3213, worst = 6
PHY-1002 : len = 537632, over cnt = 1171(3%), over = 1667, worst = 6
PHY-1002 : len = 552576, over cnt = 400(1%), over = 584, worst = 5
PHY-1002 : len = 561472, over cnt = 1(0%), over = 1, worst = 1
PHY-1002 : len = 561552, over cnt = 0(0%), over = 0, worst = 0
PHY-1001 : End global iterations;  2.656714s wall, 2.718750s user + 0.718750s system = 3.437500s CPU (129.4%)

PHY-1001 : Congestion index: top1 = 40.69, top5 = 37.24, top10 = 35.11, top15 = 33.64.
PHY-1001 : End global routing;  2.849200s wall, 2.875000s user + 0.750000s system = 3.625000s CPU (127.2%)

PHY-1001 : Start detail routing ...
PHY-1001 : Current memory(MB): used = 616, reserve = 602, peak = 616.
PHY-1001 : Detailed router is running in normal mode.
PHY-1001 : Generate detailed routing grids ...
PHY-1001 : Processed IO instance aud_dacdat_syn_4 with INV attribute.
PHY-1001 : Processed IO instance aud_dacdat_1_syn_4 with INV attribute.
PHY-1001 : Processed IO instance aud_dacdat_2_syn_4 with INV attribute.
PHY-1001 : Processed IO instance aud_dacdat_3_syn_4 with INV attribute.
PHY-1001 : Generate nets ...
PHY-1001 : clock net aud_bclk_syn_4 will be merged with clock aud_bclk_dup_1
PHY-1001 : clock net aud_bclk_1_syn_4 will be merged with clock aud_bclk_1_dup_1
PHY-1001 : clock net aud_bclk_2_syn_4 will be merged with clock aud_bclk_2_dup_1
PHY-1001 : clock net aud_bclk_3_syn_4 will be merged with clock aud_bclk_3_dup_1
PHY-1001 : net aud_mclk_dup_1 will be routed on clock mesh
PHY-1001 : net aud_mclk_1_dup_1 will be routed on clock mesh
PHY-1001 : net aud_mclk_2_dup_1 will be routed on clock mesh
PHY-1001 : net aud_mclk_3_dup_1 will be routed on clock mesh
PHY-1001 : clock net ilaclk_dup_1 will be merged with clock u_pll_clk/clk0_buf
PHY-1001 : clock net ilaclk_1_dup_1 will be merged with clock u1_pll_clk/clk0_buf
PHY-1001 : clock net ilaclk_2_dup_1 will be merged with clock u2_pll_clk/clk0_buf
PHY-1001 : clock net ilaclk_3_dup_1 will be merged with clock u3_pll_clk/clk0_buf
PHY-1001 : net sys_clk_dup_1 will be routed on clock mesh
PHY-1001 : clock net u1_es8388_ctrl/u_es8388_config/u_i2c_dri/dri_clk_syn_4 will be merged with clock u1_es8388_ctrl/u_es8388_config/u_i2c_dri/dri_clk
PHY-1001 : clock net u2_es8388_ctrl/u_es8388_config/u_i2c_dri/dri_clk_syn_4 will be merged with clock u2_es8388_ctrl/u_es8388_config/u_i2c_dri/dri_clk
PHY-1001 : clock net u3_es8388_ctrl/u_es8388_config/u_i2c_dri/dri_clk_syn_4 will be merged with clock u3_es8388_ctrl/u_es8388_config/u_i2c_dri/dri_clk
PHY-1001 : Current memory(MB): used = 877, reserve = 866, peak = 877.
PHY-1001 : End build detailed router design. 2.869622s wall, 2.750000s user + 0.093750s system = 2.843750s CPU (99.1%)

PHY-1001 : Detail Route ...
PHY-1001 : ===== Detail Route Phase 1 =====
PHY-1001 : Clock net routing.....
PHY-1001 : Routed 0% nets.
PHY-1022 : len = 179176, over cnt = 0(0%), over = 0, worst = 0, crit = 0
PHY-1001 : End initial clock net routed; 3.597256s wall, 3.484375s user + 0.046875s system = 3.531250s CPU (98.2%)

PHY-1001 : Current memory(MB): used = 914, reserve = 904, peak = 914.
PHY-1001 : End phase 1; 3.601839s wall, 3.484375s user + 0.046875s system = 3.531250s CPU (98.0%)

PHY-1001 : ===== Detail Route Phase 2 =====
PHY-1001 : Initial routing.....
PHY-1001 : Routed 51% nets.
PHY-1001 : Routed 57% nets.
PHY-1001 : Routed 66% nets.
PHY-1001 : Routed 77% nets.
PHY-1001 : Routed 89% nets.
PHY-1022 : len = 3.07093e+06, over cnt = 862(0%), over = 863, worst = 2, crit = 0
PHY-1001 : Current memory(MB): used = 925, reserve = 914, peak = 925.
PHY-1001 : End initial routed; 12.841800s wall, 13.796875s user + 5.718750s system = 19.515625s CPU (152.0%)

PHY-1001 : Current memory(MB): used = 925, reserve = 914, peak = 925.
PHY-1001 : End phase 2; 12.841887s wall, 13.796875s user + 5.718750s system = 19.515625s CPU (152.0%)

PHY-1001 : ===== Detail Route Phase 3 =====
PHY-1001 : Ripup-reroute.....
PHY-1001 : ===== DR Iter 1 =====
PHY-1022 : len = 3.02977e+06, over cnt = 433(0%), over = 434, worst = 2, crit = 0
PHY-1001 : End DR Iter 1; 1.899515s wall, 2.218750s user + 0.171875s system = 2.390625s CPU (125.9%)

PHY-1001 : ===== DR Iter 2 =====
PHY-1022 : len = 3.01829e+06, over cnt = 119(0%), over = 119, worst = 1, crit = 0
PHY-1001 : End DR Iter 2; 0.901601s wall, 0.921875s user + 0.078125s system = 1.000000s CPU (110.9%)

PHY-1001 : ===== DR Iter 3 =====
PHY-1022 : len = 3.01823e+06, over cnt = 25(0%), over = 25, worst = 1, crit = 0
PHY-1001 : End DR Iter 3; 0.278378s wall, 0.296875s user + 0.062500s system = 0.359375s CPU (129.1%)

PHY-1001 : ===== DR Iter 4 =====
PHY-1022 : len = 3.01841e+06, over cnt = 2(0%), over = 2, worst = 1, crit = 0
PHY-1001 : End DR Iter 4; 0.178029s wall, 0.156250s user + 0.031250s system = 0.187500s CPU (105.3%)

PHY-1001 : ===== DR Iter 5 =====
PHY-1022 : len = 3.0185e+06, over cnt = 0(0%), over = 0, worst = 0, crit = 0
PHY-1001 : End DR Iter 5; 0.139135s wall, 0.109375s user + 0.031250s system = 0.140625s CPU (101.1%)

PHY-1001 : Commit to database.....
PHY-1001 : 450 feed throughs used by 195 nets
PHY-1001 : End commit to database; 1.509507s wall, 1.406250s user + 0.093750s system = 1.500000s CPU (99.4%)

PHY-1001 : Current memory(MB): used = 1016, reserve = 1009, peak = 1016.
PHY-1001 : End phase 3; 5.099555s wall, 5.296875s user + 0.468750s system = 5.765625s CPU (113.1%)

PHY-1003 : Routed, final wirelength = 3.0185e+06
PHY-1001 : Current memory(MB): used = 1020, reserve = 1013, peak = 1020.
PHY-1001 : End export database. 0.034419s wall, 0.031250s user + 0.000000s system = 0.031250s CPU (90.8%)

PHY-1001 : End detail routing;  24.697806s wall, 25.593750s user + 6.343750s system = 31.937500s CPU (129.3%)

RUN-1003 : finish command "route" in  28.949891s wall, 29.734375s user + 7.187500s system = 36.921875s CPU (127.5%)

RUN-1004 : used memory is 823 MB, reserved memory is 826 MB, peak memory is 1020 MB
RUN-1002 : start command "report_area -io_info -file ES8388_phy.area"
RUN-1001 : standard
***Report Model: audio_speak Device: EG4S20BG256***

IO Statistics
#IO                        55
  #input                   23
  #output                  28
  #inout                    4

Utilization Statistics
#lut                     7637   out of  19600   38.96%
#reg                     7254   out of  19600   37.01%
#le                      9469
  #lut only              2215   out of   9469   23.39%
  #reg only              1832   out of   9469   19.35%
  #lut&reg               5422   out of   9469   57.26%
#dsp                        2   out of     29    6.90%
#bram                       0   out of     64    0.00%
  #bram9k                   0
  #fifo9k                   0
#bram32k                    0   out of     16    0.00%
#pad                       52   out of    188   27.66%
  #ireg                     8
  #oreg                    20
  #treg                     4
#pll                        4   out of      4  100.00%
#gclk                      11   out of     16   68.75%

Clock Resource Statistics
Index     ClockNet                                            Type               DriverType         Driver                                                           Fanout
#1        sys_clk_dup_1                                       GCLK               io                 sys_clk_syn_2.di                                                 4487
#2        aud_bclk_1_dup_1                                    GCLK               io                 aud_bclk_1_syn_2.di                                              45
#3        aud_bclk_2_dup_1                                    GCLK               io                 aud_bclk_2_syn_2.di                                              45
#4        aud_bclk_3_dup_1                                    GCLK               io                 aud_bclk_3_syn_2.di                                              45
#5        aud_bclk_dup_1                                      GCLK               io                 aud_bclk_syn_2.di                                                45
#6        u1_es8388_ctrl/u_es8388_config/u_i2c_dri/dri_clk    GCLK               lslice             u1_es8388_ctrl/u_es8388_config/u_i2c_dri/dri_clk_reg_syn_9.q0    42
#7        u3_es8388_ctrl/u_es8388_config/u_i2c_dri/dri_clk    GCLK               mslice             u3_es8388_ctrl/u_es8388_config/u_i2c_dri/dri_clk_reg_syn_9.q1    37
#8        u2_es8388_ctrl/u_es8388_config/u_i2c_dri/dri_clk    GCLK               lslice             u2_es8388_ctrl/u_es8388_config/u_i2c_dri/dri_clk_reg_syn_9.q1    35
#9        aud_mclk_1_dup_1                                    GCLK               pll                u1_pll_clk/pll_inst.clkc1                                        0
#10       aud_mclk_2_dup_1                                    GCLK               pll                u2_pll_clk/pll_inst.clkc1                                        0
#11       aud_mclk_3_dup_1                                    GCLK               pll                u3_pll_clk/pll_inst.clkc1                                        0
#12       aud_mclk_dup_1                                      GCLK               pll                u_pll_clk/pll_inst.clkc1                                         0
#13       u1_pll_clk/clk0_buf                                 GCLK               pll                u1_pll_clk/pll_inst.clkc0                                        0
#14       u2_pll_clk/clk0_buf                                 GCLK               pll                u2_pll_clk/pll_inst.clkc0                                        0
#15       u3_pll_clk/clk0_buf                                 GCLK               pll                u3_pll_clk/pll_inst.clkc0                                        0
#16       u_pll_clk/clk0_buf                                  GCLK               pll                u_pll_clk/pll_inst.clkc0                                         0


Detailed IO Report

        Name          Direction    Location    IOStandard    DriveStrength    PullType     PackReg   
     aud_adcdat         INPUT        R14        LVCMOS25          N/A          PULLUP       IREG     
    aud_adcdat_1        INPUT        G16        LVCMOS25          N/A          PULLUP       IREG     
    aud_adcdat_2        INPUT         E7        LVCMOS25          N/A          PULLUP       IREG     
    aud_adcdat_3        INPUT         L4        LVCMOS25          N/A          PULLUP       IREG     
      aud_bclk          INPUT         M6        LVCMOS25          N/A          PULLUP       NONE     
     aud_bclk_1         INPUT        G14        LVCMOS25          N/A          PULLUP       NONE     
     aud_bclk_2         INPUT         D5        LVCMOS25          N/A          PULLUP       NONE     
     aud_bclk_3         INPUT         H5        LVCMOS25          N/A          PULLUP       NONE     
      aud_lrc           INPUT         M7        LVCMOS25          N/A          PULLUP       IREG     
     aud_lrc_1          INPUT        H16        LVCMOS25          N/A          PULLUP       IREG     
     aud_lrc_2          INPUT         C6        LVCMOS25          N/A          PULLUP       IREG     
     aud_lrc_3          INPUT         K6        LVCMOS25          N/A          PULLUP       IREG     
  pitch_control[2]      INPUT        B10        LVCMOS25          N/A          PULLUP       NONE     
  pitch_control[1]      INPUT        A10        LVCMOS25          N/A          PULLUP       NONE     
  pitch_control[0]      INPUT         A9        LVCMOS25          N/A          PULLUP       NONE     
      sys_clk           INPUT         R7        LVCMOS25          N/A          PULLUP       NONE     
     sys_rst_n          INPUT         E3        LVCMOS25          N/A          PULLUP       NONE     
    sys_rst_n_1         INPUT         F2        LVCMOS25          N/A           N/A         NONE     
    sys_rst_n_2         INPUT         T3        LVCMOS25          N/A           N/A         NONE     
    sys_rst_n_3         INPUT         D6        LVCMOS25          N/A           N/A         NONE     
     aud_dacdat        OUTPUT         P6        LVCMOS25           8            NONE        OREG     
    aud_dacdat_1       OUTPUT        H14        LVCMOS25           8            NONE        OREG     
    aud_dacdat_2       OUTPUT         E6        LVCMOS25           8            NONE        OREG     
    aud_dacdat_3       OUTPUT         K3        LVCMOS25           8            NONE        OREG     
      aud_mclk         OUTPUT         N5        LVCMOS25           8            NONE        NONE     
     aud_mclk_1        OUTPUT        F14        LVCMOS25           8            NONE        NONE     
     aud_mclk_2        OUTPUT         F6        LVCMOS25           8            NONE        NONE     
     aud_mclk_3        OUTPUT         H4        LVCMOS25           8            NONE        NONE     
      aud_scl          OUTPUT        R12        LVCMOS25           8            NONE        OREG     
     aud_scl_1         OUTPUT        D14        LVCMOS25           8            NONE        OREG     
     aud_scl_2         OUTPUT         A2        LVCMOS25           8            NONE        OREG     
     aud_scl_3         OUTPUT         G3        LVCMOS25           8            NONE        OREG     
       ilaclk          OUTPUT         M9        LVCMOS25           8            NONE        NONE     
      ilaclk_1         OUTPUT        L16        LVCMOS25           8            NONE        NONE     
      ilaclk_2         OUTPUT         D3        LVCMOS25           8            NONE        NONE     
      ilaclk_3         OUTPUT        K15        LVCMOS25           8            NONE        NONE     
        led            OUTPUT        E16        LVCMOS25           8            N/A         NONE     
       led_1           OUTPUT         E4        LVCMOS25           8            N/A         NONE     
       led_2           OUTPUT         J6        LVCMOS25           8            N/A         NONE     
       led_3           OUTPUT        J16        LVCMOS25           8            N/A         NONE     
     led_eight         OUTPUT        M12        LVCMOS25           8            NONE        OREG     
      led_five         OUTPUT        M10        LVCMOS25           8            NONE        OREG     
      led_four         OUTPUT        P11        LVCMOS25           8            NONE        OREG     
      led_one          OUTPUT         P9        LVCMOS25           8            NONE        OREG     
     led_seven         OUTPUT        N12        LVCMOS25           8            NONE        OREG     
      led_six          OUTPUT        L10        LVCMOS25           8            NONE        OREG     
      led_tree         OUTPUT        R16        LVCMOS25           8            NONE        OREG     
      led_two          OUTPUT        P12        LVCMOS25           8            NONE        OREG     
      aud_sda           INOUT         R9        LVCMOS25           8           PULLUP     OREG;TREG  
     aud_sda_1          INOUT        E15        LVCMOS25           8           PULLUP     OREG;TREG  
     aud_sda_2          INOUT         C3        LVCMOS25           8           PULLUP     OREG;TREG  
     aud_sda_3          INOUT         F3        LVCMOS25           8           PULLUP     OREG;TREG  

Report Hierarchy Area:
+--------------------------------------------------------------------------------------------------------+
|Instance                   |Module                 |le     |lut     |ripple  |seq     |bram    |dsp     |
+--------------------------------------------------------------------------------------------------------+
|top                        |audio_speak            |9469   |7015    |622     |7286    |0       |2       |
|  u1_es8388_ctrl           |es8388_ctrl            |249    |194     |27      |160     |0       |0       |
|    u_audio_receive        |audio_receive          |80     |54      |12      |56      |0       |0       |
|    u_audio_send           |audio_send             |22     |17      |0       |22      |0       |0       |
|    u_es8388_config        |es8388_config          |147    |123     |15      |82      |0       |0       |
|      u_i2c_dri            |i2c_dri                |86     |73      |7       |51      |0       |0       |
|      u_i2c_reg_cfg        |i2c_reg_cfg            |61     |50      |8       |31      |0       |0       |
|  u1_pll_clk               |clk_wiz_0              |0      |0       |0       |0       |0       |0       |
|  u2_es8388_ctrl           |es8388_ctrl            |256    |187     |27      |173     |0       |0       |
|    u_audio_receive        |audio_receive          |79     |43      |12      |55      |0       |0       |
|    u_audio_send           |audio_send             |27     |11      |0       |27      |0       |0       |
|    u_es8388_config        |es8388_config          |150    |133     |15      |91      |0       |0       |
|      u_i2c_dri            |i2c_dri                |88     |81      |7       |56      |0       |0       |
|      u_i2c_reg_cfg        |i2c_reg_cfg            |62     |52      |8       |35      |0       |0       |
|  u2_pll_clk               |clk_wiz_0              |2      |2       |0       |0       |0       |0       |
|  u3_es8388_ctrl           |es8388_ctrl            |266    |213     |27      |156     |0       |0       |
|    u_audio_receive        |audio_receive          |90     |62      |12      |53      |0       |0       |
|    u_audio_send           |audio_send             |33     |24      |0       |24      |0       |0       |
|    u_es8388_config        |es8388_config          |143    |127     |15      |79      |0       |0       |
|      u_i2c_dri            |i2c_dri                |78     |71      |7       |49      |0       |0       |
|      u_i2c_reg_cfg        |i2c_reg_cfg            |65     |56      |8       |30      |0       |0       |
|  u3_pll_clk               |clk_wiz_0              |0      |0       |0       |0       |0       |0       |
|  u_es8388_ctrl            |es8388_ctrl            |344    |257     |61      |151     |0       |0       |
|    u_audio_receive        |audio_receive          |79     |43      |12      |57      |0       |0       |
|    u_audio_send           |audio_send             |23     |23      |0       |23      |0       |0       |
|    u_es8388_config        |es8388_config          |242    |191     |49      |71      |0       |0       |
|      u_i2c_dri            |i2c_dri                |116    |107     |7       |40      |0       |0       |
|      u_i2c_reg_cfg        |i2c_reg_cfg            |126    |84      |42      |31      |0       |0       |
|  u_noise_suppress         |noise_suppress         |50     |27      |13      |25      |0       |0       |
|  u_pitch_shift            |pitch_shift            |6270   |4791    |15      |6129    |0       |0       |
|  u_pll_clk                |clk_wiz_0              |1      |1       |0       |0       |0       |0       |
|  u_simple_denoise         |simple_denoise         |200    |98      |63      |84      |0       |2       |
|  u_spar_4mic_localization |spar_4mic_localization |1783   |1231    |377     |344     |0       |0       |
+--------------------------------------------------------------------------------------------------------+


DataNet Average Fanout:

   Index     Fanout     Nets   
    #1          1       13034  
    #2          2       1268   
    #3          3        250   
    #4          4        71    
    #5        5-10       341   
    #6        11-50      391   
    #7       51-100       4    
    #8       101-500     33    
    #9        >500        5    
  Average     2.93             

RUN-1002 : start command "export_db ES8388_pr.db"
RUN-1001 : Exported /
RUN-1001 : Exported flow parameters
RUN-1001 : Exported libs
RUN-1001 : Exported entities
RUN-1001 : Exported ports
RUN-1001 : Exported pins
RUN-1001 : Exported instances
RUN-1001 : Exported nets
RUN-1001 : Exported buses
RUN-1001 : Exported models
RUN-1001 : Exported congestions
RUN-1001 : Exported violations
RUN-1001 : Exported IO constraints
RUN-1001 : Exported Inst constraints
RUN-1003 : finish command "export_db ES8388_pr.db" in  1.338465s wall, 2.015625s user + 0.031250s system = 2.046875s CPU (152.9%)

RUN-1004 : used memory is 824 MB, reserved memory is 826 MB, peak memory is 1020 MB
RUN-1002 : start command "export_bid ES8388_inst.bid"
RUN-1002 : start command "bitgen -bit ES8388.bit -unused_io_status pulldown"
BIT-1003 : Start to generate bitstream. 
BIT-1002 : Bitgen processed 136 unused pads, reserve input tri_state with pulldown
BIT-1002 : Init instances with 24 threads.
BIT-1002 : Init instances completely, inst num: 5895
BIT-1002 : Init pips with 24 threads.
BIT-1002 : Init pips completely, net num: 15468, pip num: 161418
BIT-1002 : Init feedthrough with 24 threads.
BIT-1002 : Init feedthrough completely, num: 450
BIT-1003 : Multithreading accelaration with 24 threads.
BIT-1003 : Generate bitstream completely, there are 3272 valid insts, and 400334 bits set as '1'.
BIT-1004 : PLL setting string = 1111
BIT-1004 : Generate bits file ES8388.bit.
RUN-1003 : finish command "bitgen -bit ES8388.bit -unused_io_status pulldown" in  14.204313s wall, 234.609375s user + 4.078125s system = 238.687500s CPU (1680.4%)

RUN-1004 : used memory is 850 MB, reserved memory is 861 MB, peak memory is 1057 MB
RUN-1002 : start command "backup_run_log run.log ../.logs/phy_1/td_20251031_185705.log"
