============================================================
   Tang Dynasty, V5.6.71036
      Copyright (c) 2012-2023 Anlogic Inc.
   Executable = D:/TD/bin/td.exe
   Built at =   20:34:38 Mar 21 2023
   Run by =     lyw15
   Run Date =   Thu Oct 30 15:09:14 2025

   Run on =     -001
============================================================
RUN-1001 : open_run phy_1.
RUN-1002 : start command "import_db C:/Users/lyw15/Desktop/12/4MIC_SPAR _8ledSHI+transposer/TD/ES8388_Runs/phy_1/ES8388_pr.db"
RUN-1001 : Importing database generated by Tang Dynasty, V5.6.71036.
RUN-1001 : Database version number 46146.
RUN-1001 : Import flow parameters
PHY-1001 : Generate detailed routing grids ...
PHY-1001 : Processed IO instance aud_dacdat_syn_4 with INV attribute.
PHY-1001 : Processed IO instance aud_dacdat_1_syn_4 with INV attribute.
PHY-1001 : Processed IO instance aud_dacdat_2_syn_4 with INV attribute.
PHY-1001 : Processed IO instance aud_dacdat_3_syn_4 with INV attribute.
PHY-1001 : Generate nets ...
PHY-1001 : clock net aud_bclk_syn_4 will be merged with clock aud_bclk_dup_1
PHY-1001 : clock net aud_bclk_1_syn_4 will be merged with clock aud_bclk_1_dup_1
PHY-1001 : clock net aud_bclk_2_syn_4 will be merged with clock aud_bclk_2_dup_1
PHY-1001 : clock net aud_bclk_3_syn_4 will be merged with clock aud_bclk_3_dup_1
PHY-1001 : net aud_mclk_dup_1 will be routed on clock mesh
PHY-1001 : net aud_mclk_1_dup_1 will be routed on clock mesh
PHY-1001 : net aud_mclk_2_dup_1 will be routed on clock mesh
PHY-1001 : net aud_mclk_3_dup_1 will be routed on clock mesh
PHY-1001 : clock net ilaclk_dup_1 will be merged with clock u_pll_clk/clk0_buf
PHY-1001 : clock net ilaclk_1_dup_1 will be merged with clock u1_pll_clk/clk0_buf
PHY-1001 : clock net ilaclk_2_dup_1 will be merged with clock u2_pll_clk/clk0_buf
PHY-1001 : clock net ilaclk_3_dup_1 will be merged with clock u3_pll_clk/clk0_buf
PHY-1001 : net sys_clk_dup_1 will be routed on clock mesh
PHY-1001 : clock net u1_es8388_ctrl/u_es8388_config/u_i2c_dri/dri_clk_syn_4 will be merged with clock u1_es8388_ctrl/u_es8388_config/u_i2c_dri/dri_clk
PHY-1001 : clock net u2_es8388_ctrl/u_es8388_config/u_i2c_dri/dri_clk_syn_4 will be merged with clock u2_es8388_ctrl/u_es8388_config/u_i2c_dri/dri_clk
PHY-1001 : clock net u3_es8388_ctrl/u_es8388_config/u_i2c_dri/dri_clk_syn_4 will be merged with clock u3_es8388_ctrl/u_es8388_config/u_i2c_dri/dri_clk
PHY-1001 : eco open net = 0
PHY-1001 : 780 feed throughs used by 307 nets
RUN-1001 : Import IO constraints
RUN-1001 : Import Inst constraints
RUN-1001 : Import design success TD_VERSION=5.6.71036 , DB_VERSION=46146
RUN-1003 : finish command "import_db C:/Users/lyw15/Desktop/12/4MIC_SPAR _8ledSHI+transposer/TD/ES8388_Runs/phy_1/ES8388_pr.db" in  7.495755s wall, 7.125000s user + 0.687500s system = 7.812500s CPU (104.2%)

RUN-1004 : used memory is 759 MB, reserved memory is 734 MB, peak memory is 827 MB
HDL-1007 : analyze verilog file ../RTL/audio_speak.v
HDL-1007 : analyze verilog file ../RTL/audio_speak.v
HDL-1007 : undeclared symbol 'led', assumed default net type 'wire' in ../RTL/audio_speak.v(188)
HDL-1007 : undeclared symbol 'led_1', assumed default net type 'wire' in ../RTL/audio_speak.v(206)
HDL-1007 : undeclared symbol 'led_2', assumed default net type 'wire' in ../RTL/audio_speak.v(224)
HDL-1007 : undeclared symbol 'led_3', assumed default net type 'wire' in ../RTL/audio_speak.v(241)
HDL-1007 : analyze verilog file ../RTL/audio_speak.v
HDL-1007 : undeclared symbol 'led', assumed default net type 'wire' in ../RTL/audio_speak.v(188)
HDL-1007 : undeclared symbol 'led_1', assumed default net type 'wire' in ../RTL/audio_speak.v(206)
HDL-1007 : undeclared symbol 'led_2', assumed default net type 'wire' in ../RTL/audio_speak.v(224)
HDL-1007 : undeclared symbol 'led_3', assumed default net type 'wire' in ../RTL/audio_speak.v(241)
HDL-1007 : undeclared symbol 'noise_en', assumed default net type 'wire' in ../RTL/audio_speak.v(280)
HDL-1007 : analyze verilog file ../RTL/audio_speak.v
HDL-1007 : undeclared symbol 'led', assumed default net type 'wire' in ../RTL/audio_speak.v(188)
HDL-1007 : undeclared symbol 'led_1', assumed default net type 'wire' in ../RTL/audio_speak.v(206)
HDL-1007 : undeclared symbol 'led_2', assumed default net type 'wire' in ../RTL/audio_speak.v(224)
HDL-1007 : undeclared symbol 'led_3', assumed default net type 'wire' in ../RTL/audio_speak.v(241)
HDL-5007 WARNING: 'noise_suppress_en' is not declared in ../RTL/audio_speak.v(288)
HDL-5007 WARNING: 'noise_suppress_en' is not declared in ../RTL/audio_speak.v(288)
HDL-1007 : analyze verilog file ../RTL/audio_speak.v
HDL-1007 : undeclared symbol 'led', assumed default net type 'wire' in ../RTL/audio_speak.v(181)
HDL-1007 : undeclared symbol 'led_1', assumed default net type 'wire' in ../RTL/audio_speak.v(199)
HDL-1007 : undeclared symbol 'led_2', assumed default net type 'wire' in ../RTL/audio_speak.v(217)
HDL-1007 : undeclared symbol 'led_3', assumed default net type 'wire' in ../RTL/audio_speak.v(234)
HDL-1007 : undeclared symbol 'led_one', assumed default net type 'wire' in ../RTL/audio_speak.v(244)
HDL-1007 : undeclared symbol 'led_two', assumed default net type 'wire' in ../RTL/audio_speak.v(245)
HDL-1007 : undeclared symbol 'led_tree', assumed default net type 'wire' in ../RTL/audio_speak.v(246)
HDL-1007 : undeclared symbol 'led_four', assumed default net type 'wire' in ../RTL/audio_speak.v(247)
HDL-1007 : undeclared symbol 'led_five', assumed default net type 'wire' in ../RTL/audio_speak.v(249)
HDL-1007 : undeclared symbol 'led_six', assumed default net type 'wire' in ../RTL/audio_speak.v(250)
HDL-1007 : undeclared symbol 'led_seven', assumed default net type 'wire' in ../RTL/audio_speak.v(251)
HDL-1007 : undeclared symbol 'led_eight', assumed default net type 'wire' in ../RTL/audio_speak.v(252)
HDL-5007 WARNING: 'noise_suppress_en' is not declared in ../RTL/audio_speak.v(281)
HDL-5007 WARNING: 'noise_suppress_en' is not declared in ../RTL/audio_speak.v(281)
HDL-1007 : analyze verilog file ../RTL/audio_speak.v
HDL-1007 : undeclared symbol 'led', assumed default net type 'wire' in ../RTL/audio_speak.v(181)
HDL-1007 : undeclared symbol 'led_1', assumed default net type 'wire' in ../RTL/audio_speak.v(199)
HDL-1007 : undeclared symbol 'led_2', assumed default net type 'wire' in ../RTL/audio_speak.v(217)
HDL-1007 : undeclared symbol 'led_3', assumed default net type 'wire' in ../RTL/audio_speak.v(234)
HDL-5007 WARNING: 'noise_suppress_en' is not declared in ../RTL/audio_speak.v(281)
HDL-5007 WARNING: 'noise_suppress_en' is not declared in ../RTL/audio_speak.v(281)
HDL-1007 : analyze verilog file ../RTL/audio_speak.v
