============================================================
   Tang Dynasty, V5.6.71036
      Copyright (c) 2012-2023 Anlogic Inc.
   Executable = D:/TD/bin/td.exe
   Built at =   20:34:38 Mar 21 2023
   Run by =     lyw15
   Run Date =   Wed Nov  5 14:47:10 2025

   Run on =     -001
============================================================
RUN-1001 : open_run phy_1.
RUN-1002 : start command "import_db C:/Users/lyw15/Desktop/12/4MIC_SPAR _8ledSHI+transposer+all/TD/ES8388_Runs/phy_1/ES8388_pr.db"
RUN-1001 : Importing database generated by Tang Dynasty, V5.6.71036.
RUN-1001 : Database version number 46146.
RUN-1001 : Import flow parameters
PHY-1001 : Generate detailed routing grids ...
PHY-1001 : Processed IO instance aud_dacdat_syn_4 with INV attribute.
PHY-1001 : Processed IO instance aud_dacdat_1_syn_4 with INV attribute.
PHY-1001 : Processed IO instance aud_dacdat_2_syn_4 with INV attribute.
PHY-1001 : Processed IO instance aud_dacdat_3_syn_4 with INV attribute.
PHY-1001 : Generate nets ...
PHY-1001 : clock net aud_bclk_syn_4 will be merged with clock aud_bclk_dup_1
PHY-1001 : clock net aud_bclk_1_syn_4 will be merged with clock aud_bclk_1_dup_1
PHY-1001 : clock net aud_bclk_2_syn_4 will be merged with clock aud_bclk_2_dup_1
PHY-1001 : clock net aud_bclk_3_syn_4 will be merged with clock aud_bclk_3_dup_1
PHY-1001 : net aud_mclk_dup_1 will be routed on clock mesh
PHY-1001 : net aud_mclk_1_dup_1 will be routed on clock mesh
PHY-1001 : net aud_mclk_2_dup_1 will be routed on clock mesh
PHY-1001 : net aud_mclk_3_dup_1 will be routed on clock mesh
PHY-1001 : clock net ilaclk_dup_1 will be merged with clock u_pll_clk/clk0_buf
PHY-1001 : clock net ilaclk_1_dup_1 will be merged with clock u1_pll_clk/clk0_buf
PHY-1001 : clock net ilaclk_2_dup_1 will be merged with clock u2_pll_clk/clk0_buf
PHY-1001 : clock net ilaclk_3_dup_1 will be merged with clock u3_pll_clk/clk0_buf
PHY-1001 : net sys_clk_dup_1 will be routed on clock mesh
PHY-1001 : clock net u1_es8388_ctrl/u_es8388_config/u_i2c_dri/dri_clk_syn_4 will be merged with clock u1_es8388_ctrl/u_es8388_config/u_i2c_dri/dri_clk
PHY-1001 : clock net u2_es8388_ctrl/u_es8388_config/u_i2c_dri/dri_clk_syn_4 will be merged with clock u2_es8388_ctrl/u_es8388_config/u_i2c_dri/dri_clk
PHY-1001 : clock net u3_es8388_ctrl/u_es8388_config/u_i2c_dri/dri_clk_syn_4 will be merged with clock u3_es8388_ctrl/u_es8388_config/u_i2c_dri/dri_clk
PHY-1001 : eco open net = 0
PHY-1001 : 16 feed throughs used by 14 nets
RUN-1001 : Import IO constraints
RUN-1001 : Import Inst constraints
RUN-1001 : Import design success TD_VERSION=5.6.71036 , DB_VERSION=46146
RUN-1003 : finish command "import_db C:/Users/lyw15/Desktop/12/4MIC_SPAR _8ledSHI+transposer+all/TD/ES8388_Runs/phy_1/ES8388_pr.db" in  5.849834s wall, 5.437500s user + 0.593750s system = 6.031250s CPU (103.1%)

RUN-1004 : used memory is 821 MB, reserved memory is 801 MB, peak memory is 883 MB
RUN-1002 : start command "download -bit ES8388_Runs\phy_1\ES8388.bit -mode jtag -spd 7 -sec 64 -cable 0"
PRG-2014 : Chip validation success: EAGLE_S20_BG256
RUN-1002 : start command "bit_to_vec -chip EAGLE_S20_BG256 -m jtag_burst -freq 4 -bit ES8388_Runs/phy_1/ES8388.bit"
RUN-1002 : start command "program -cable 0 -mode svf -spd 7 -p"
RUN-1003 : finish command "program -cable 0 -mode svf -spd 7 -p" in  6.496040s wall, 0.234375s user + 0.625000s system = 0.859375s CPU (13.2%)

RUN-1004 : used memory is 172 MB, reserved memory is 852 MB, peak memory is 883 MB
RUN-1003 : finish command "download -bit ES8388_Runs\phy_1\ES8388.bit -mode jtag -spd 7 -sec 64 -cable 0" in  6.743911s wall, 0.312500s user + 0.640625s system = 0.953125s CPU (14.1%)

RUN-1004 : used memory is 172 MB, reserved memory is 852 MB, peak memory is 883 MB
GUI-1001 : Downloading succeeded!
HDL-1007 : analyze verilog file ../RTL/spar_4mic_localization.v
RUN-1001 : reset_run syn_1 phy_1.
RUN-6001 WARNING: Failed to reset phy_1: some files can't be removed in C:/Users/lyw15/Desktop/12/4MIC_SPAR _8ledSHI+transposer+all/TD/ES8388_Runs/phy_1
GUI-6001 WARNING: File C:/Users/lyw15/Desktop/12/4MIC_SPAR _8ledSHI+transposer+all/TD/ES8388_Runs/phy_1/ES8388.bit does not exist!
RUN-1001 : launch_runs syn_1 phy_1  -jobs 6.
RUN-1001 : syn_1: run complete.
RUN-1001 : phy_1: run complete.
RUN-1001 : open_run phy_1.
RUN-1002 : start command "import_db C:/Users/lyw15/Desktop/12/4MIC_SPAR _8ledSHI+transposer+all/TD/ES8388_Runs/phy_1/ES8388_pr.db"
RUN-1001 : Importing database generated by Tang Dynasty, V5.6.71036.
RUN-1001 : Database version number 46146.
RUN-1001 : Import flow parameters
PHY-1001 : Generate detailed routing grids ...
PHY-1001 : Processed IO instance aud_dacdat_syn_4 with INV attribute.
PHY-1001 : Processed IO instance aud_dacdat_1_syn_4 with INV attribute.
PHY-1001 : Processed IO instance aud_dacdat_2_syn_4 with INV attribute.
PHY-1001 : Processed IO instance aud_dacdat_3_syn_4 with INV attribute.
PHY-1001 : Generate nets ...
PHY-1001 : clock net aud_bclk_syn_4 will be merged with clock aud_bclk_dup_1
PHY-1001 : clock net aud_bclk_1_syn_4 will be merged with clock aud_bclk_1_dup_1
PHY-1001 : clock net aud_bclk_2_syn_4 will be merged with clock aud_bclk_2_dup_1
PHY-1001 : clock net aud_bclk_3_syn_4 will be merged with clock aud_bclk_3_dup_1
PHY-1001 : net aud_mclk_dup_1 will be routed on clock mesh
PHY-1001 : net aud_mclk_1_dup_1 will be routed on clock mesh
PHY-1001 : net aud_mclk_2_dup_1 will be routed on clock mesh
PHY-1001 : net aud_mclk_3_dup_1 will be routed on clock mesh
PHY-1001 : clock net ilaclk_dup_1 will be merged with clock u_pll_clk/clk0_buf
PHY-1001 : clock net ilaclk_1_dup_1 will be merged with clock u1_pll_clk/clk0_buf
PHY-1001 : clock net ilaclk_2_dup_1 will be merged with clock u2_pll_clk/clk0_buf
PHY-1001 : clock net ilaclk_3_dup_1 will be merged with clock u3_pll_clk/clk0_buf
PHY-1001 : net sys_clk_dup_1 will be routed on clock mesh
PHY-1001 : clock net u1_es8388_ctrl/u_es8388_config/u_i2c_dri/dri_clk_syn_4 will be merged with clock u1_es8388_ctrl/u_es8388_config/u_i2c_dri/dri_clk
PHY-1001 : clock net u2_es8388_ctrl/u_es8388_config/u_i2c_dri/dri_clk_syn_4 will be merged with clock u2_es8388_ctrl/u_es8388_config/u_i2c_dri/dri_clk
PHY-1001 : clock net u3_es8388_ctrl/u_es8388_config/u_i2c_dri/dri_clk_syn_4 will be merged with clock u3_es8388_ctrl/u_es8388_config/u_i2c_dri/dri_clk
PHY-1001 : eco open net = 0
PHY-1001 : 584 feed throughs used by 256 nets
RUN-1001 : Import IO constraints
RUN-1001 : Import Inst constraints
RUN-1001 : Import design success TD_VERSION=5.6.71036 , DB_VERSION=46146
RUN-1003 : finish command "import_db C:/Users/lyw15/Desktop/12/4MIC_SPAR _8ledSHI+transposer+all/TD/ES8388_Runs/phy_1/ES8388_pr.db" in  6.295134s wall, 5.171875s user + 1.328125s system = 6.500000s CPU (103.3%)

RUN-1004 : used memory is 791 MB, reserved memory is 818 MB, peak memory is 883 MB
RUN-1002 : start command "download -bit ES8388_Runs\phy_1\ES8388.bit -mode jtag -spd 7 -sec 64 -cable 0"
PRG-2014 : Chip validation success: EAGLE_S20_BG256
RUN-1002 : start command "bit_to_vec -chip EAGLE_S20_BG256 -m jtag_burst -freq 4 -bit ES8388_Runs/phy_1/ES8388.bit"
RUN-1002 : start command "program -cable 0 -mode svf -spd 7 -p"
RUN-1003 : finish command "program -cable 0 -mode svf -spd 7 -p" in  6.549786s wall, 0.187500s user + 0.875000s system = 1.062500s CPU (16.2%)

RUN-1004 : used memory is 800 MB, reserved memory is 826 MB, peak memory is 883 MB
RUN-1003 : finish command "download -bit ES8388_Runs\phy_1\ES8388.bit -mode jtag -spd 7 -sec 64 -cable 0" in  6.780374s wall, 0.265625s user + 0.890625s system = 1.156250s CPU (17.1%)

RUN-1004 : used memory is 800 MB, reserved memory is 826 MB, peak memory is 883 MB
GUI-1001 : Downloading succeeded!
RUN-1002 : start command "download -bit ES8388_Runs\phy_1\ES8388.bit -mode program_spi -v -spd 7 -sec 64 -cable 0 -flashsize 128"
PRG-2014 : Chip validation success: EAGLE_S20_BG256
PRG-1001 : SPI Flash ID is:  ef
RUN-1002 : start command "bit_to_vec -chip EAGLE_S20_BG256 -m program_spi -freq 4 -bit ES8388_Runs/phy_1/ES8388.bit"
RUN-1003 : finish command "bit_to_vec -chip EAGLE_S20_BG256 -m program_spi -freq 4 -bit ES8388_Runs/phy_1/ES8388.bit" in  1.353652s wall, 1.203125s user + 0.171875s system = 1.375000s CPU (101.6%)

RUN-1004 : used memory is 1115 MB, reserved memory is 1154 MB, peak memory is 1125 MB
RUN-1002 : start command "program_spi -cable 0 -spd 7"
RUN-1003 : finish command "program_spi -cable 0 -spd 7" in  92.246640s wall, 4.656250s user + 9.187500s system = 13.843750s CPU (15.0%)

RUN-1004 : used memory is 1116 MB, reserved memory is 1156 MB, peak memory is 1125 MB
RUN-1002 : start command "bit_to_vec -chip EAGLE_S20_BG256 -m verify_spi -freq 4 -bit ES8388_Runs/phy_1/ES8388.bit"
RUN-1002 : start command "program -cable 0 -spd 4"
RUN-1003 : finish command "program -cable 0 -spd 4" in  26.059399s wall, 0.578125s user + 2.734375s system = 3.312500s CPU (12.7%)

RUN-1004 : used memory is 917 MB, reserved memory is 947 MB, peak memory is 1125 MB
RUN-1003 : finish command "download -bit ES8388_Runs\phy_1\ES8388.bit -mode program_spi -v -spd 7 -sec 64 -cable 0 -flashsize 128" in  124.168074s wall, 7.906250s user + 12.406250s system = 20.312500s CPU (16.4%)

RUN-1004 : used memory is 917 MB, reserved memory is 947 MB, peak memory is 1125 MB
GUI-1001 : Downloading succeeded!
RUN-1002 : start command "download -bit ES8388_Runs\phy_1\ES8388.bit -mode program_spi -v -spd 7 -sec 64 -cable 0 -flashsize 128"
PRG-2014 : Chip validation success: EAGLE_S20_BG256
PRG-1001 : SPI Flash ID is:  ef
RUN-1002 : start command "bit_to_vec -chip EAGLE_S20_BG256 -m program_spi -freq 4 -bit ES8388_Runs/phy_1/ES8388.bit"
RUN-1003 : finish command "bit_to_vec -chip EAGLE_S20_BG256 -m program_spi -freq 4 -bit ES8388_Runs/phy_1/ES8388.bit" in  1.483296s wall, 1.312500s user + 0.234375s system = 1.546875s CPU (104.3%)

RUN-1004 : used memory is 1110 MB, reserved memory is 1151 MB, peak memory is 1125 MB
RUN-1002 : start command "program_spi -cable 0 -spd 7"
RUN-1003 : finish command "program_spi -cable 0 -spd 7" in  92.414294s wall, 4.921875s user + 9.906250s system = 14.828125s CPU (16.0%)

RUN-1004 : used memory is 1110 MB, reserved memory is 1152 MB, peak memory is 1125 MB
RUN-1002 : start command "bit_to_vec -chip EAGLE_S20_BG256 -m verify_spi -freq 4 -bit ES8388_Runs/phy_1/ES8388.bit"
RUN-1002 : start command "program -cable 0 -spd 4"
RUN-1003 : finish command "program -cable 0 -spd 4" in  25.991805s wall, 0.625000s user + 2.671875s system = 3.296875s CPU (12.7%)

RUN-1004 : used memory is 921 MB, reserved memory is 952 MB, peak memory is 1125 MB
RUN-1003 : finish command "download -bit ES8388_Runs\phy_1\ES8388.bit -mode program_spi -v -spd 7 -sec 64 -cable 0 -flashsize 128" in  124.399385s wall, 8.328125s user + 13.078125s system = 21.406250s CPU (17.2%)

RUN-1004 : used memory is 921 MB, reserved memory is 952 MB, peak memory is 1125 MB
GUI-1001 : Downloading succeeded!
RUN-1002 : start command "download -bit ES8388_Runs\phy_1\ES8388.bit -mode program_spi -v -spd 7 -sec 64 -cable 0 -flashsize 128"
PRG-2014 : Chip validation success: EAGLE_S20_BG256
PRG-1001 : SPI Flash ID is:  ef
RUN-1002 : start command "bit_to_vec -chip EAGLE_S20_BG256 -m program_spi -freq 4 -bit ES8388_Runs/phy_1/ES8388.bit"
RUN-1003 : finish command "bit_to_vec -chip EAGLE_S20_BG256 -m program_spi -freq 4 -bit ES8388_Runs/phy_1/ES8388.bit" in  1.461103s wall, 1.343750s user + 0.171875s system = 1.515625s CPU (103.7%)

RUN-1004 : used memory is 716 MB, reserved memory is 1138 MB, peak memory is 1125 MB
RUN-1002 : start command "program_spi -cable 0 -spd 7"
RUN-1003 : finish command "program_spi -cable 0 -spd 7" in  108.754138s wall, 4.765625s user + 11.843750s system = 16.609375s CPU (15.3%)

RUN-1004 : used memory is 694 MB, reserved memory is 1136 MB, peak memory is 1125 MB
RUN-1002 : start command "bit_to_vec -chip EAGLE_S20_BG256 -m verify_spi -freq 4 -bit ES8388_Runs/phy_1/ES8388.bit"
RUN-1002 : start command "program -cable 0 -spd 4"
RUN-1003 : finish command "program -cable 0 -spd 4" in  26.889484s wall, 0.734375s user + 2.593750s system = 3.328125s CPU (12.4%)

RUN-1004 : used memory is 509 MB, reserved memory is 949 MB, peak memory is 1125 MB
RUN-1003 : finish command "download -bit ES8388_Runs\phy_1\ES8388.bit -mode program_spi -v -spd 7 -sec 64 -cable 0 -flashsize 128" in  141.701333s wall, 8.171875s user + 15.109375s system = 23.281250s CPU (16.4%)

RUN-1004 : used memory is 509 MB, reserved memory is 949 MB, peak memory is 1125 MB
GUI-1001 : Downloading succeeded!
RUN-1002 : start command "download -bit ES8388_Runs\phy_1\ES8388.bit -mode program_spi -v -spd 7 -sec 64 -cable 0 -flashsize 128"
PRG-2014 : Chip validation success: EAGLE_S20_BG256
PRG-1001 : SPI Flash ID is:  ef
RUN-1002 : start command "bit_to_vec -chip EAGLE_S20_BG256 -m program_spi -freq 4 -bit ES8388_Runs/phy_1/ES8388.bit"
RUN-1003 : finish command "bit_to_vec -chip EAGLE_S20_BG256 -m program_spi -freq 4 -bit ES8388_Runs/phy_1/ES8388.bit" in  1.445934s wall, 1.328125s user + 0.171875s system = 1.500000s CPU (103.7%)

RUN-1004 : used memory is 690 MB, reserved memory is 1155 MB, peak memory is 1125 MB
RUN-1002 : start command "program_spi -cable 0 -spd 7"
RUN-1003 : finish command "program_spi -cable 0 -spd 7" in  108.909438s wall, 4.984375s user + 11.640625s system = 16.625000s CPU (15.3%)

RUN-1004 : used memory is 688 MB, reserved memory is 1154 MB, peak memory is 1125 MB
RUN-1002 : start command "bit_to_vec -chip EAGLE_S20_BG256 -m verify_spi -freq 4 -bit ES8388_Runs/phy_1/ES8388.bit"
RUN-1002 : start command "program -cable 0 -spd 4"
RUN-1003 : finish command "program -cable 0 -spd 4" in  26.898211s wall, 0.656250s user + 2.609375s system = 3.265625s CPU (12.1%)

RUN-1004 : used memory is 499 MB, reserved memory is 953 MB, peak memory is 1125 MB
RUN-1003 : finish command "download -bit ES8388_Runs\phy_1\ES8388.bit -mode program_spi -v -spd 7 -sec 64 -cable 0 -flashsize 128" in  141.861302s wall, 8.375000s user + 14.812500s system = 23.187500s CPU (16.3%)

RUN-1004 : used memory is 499 MB, reserved memory is 953 MB, peak memory is 1125 MB
GUI-1001 : Downloading succeeded!
RUN-1002 : start command "download -bit ES8388_Runs\phy_1\ES8388.bit -mode program_spi -v -spd 7 -sec 64 -cable 0 -flashsize 128"
PRG-2014 : Chip validation success: EAGLE_S20_BG256
PRG-1001 : SPI Flash ID is:  ef
RUN-1002 : start command "bit_to_vec -chip EAGLE_S20_BG256 -m program_spi -freq 4 -bit ES8388_Runs/phy_1/ES8388.bit"
RUN-1003 : finish command "bit_to_vec -chip EAGLE_S20_BG256 -m program_spi -freq 4 -bit ES8388_Runs/phy_1/ES8388.bit" in  1.474134s wall, 1.265625s user + 0.250000s system = 1.515625s CPU (102.8%)

RUN-1004 : used memory is 528 MB, reserved memory is 1155 MB, peak memory is 1125 MB
RUN-1002 : start command "program_spi -cable 0 -spd 7"
RUN-1003 : finish command "program_spi -cable 0 -spd 7" in  109.053999s wall, 4.703125s user + 10.781250s system = 15.484375s CPU (14.2%)

RUN-1004 : used memory is 525 MB, reserved memory is 1153 MB, peak memory is 1125 MB
RUN-1002 : start command "bit_to_vec -chip EAGLE_S20_BG256 -m verify_spi -freq 4 -bit ES8388_Runs/phy_1/ES8388.bit"
RUN-1002 : start command "program -cable 0 -spd 4"
RUN-1003 : finish command "program -cable 0 -spd 4" in  26.900537s wall, 0.656250s user + 2.671875s system = 3.328125s CPU (12.4%)

RUN-1004 : used memory is 336 MB, reserved memory is 953 MB, peak memory is 1125 MB
RUN-1003 : finish command "download -bit ES8388_Runs\phy_1\ES8388.bit -mode program_spi -v -spd 7 -sec 64 -cable 0 -flashsize 128" in  142.031630s wall, 8.046875s user + 14.125000s system = 22.171875s CPU (15.6%)

RUN-1004 : used memory is 336 MB, reserved memory is 953 MB, peak memory is 1125 MB
GUI-1001 : Downloading succeeded!
RUN-1002 : start command "download -bit ES8388_Runs\phy_1\ES8388.bit -mode program_spi -v -spd 7 -sec 64 -cable 0 -flashsize 128"
PRG-2014 : Chip validation success: EAGLE_S20_BG256
PRG-1001 : SPI Flash ID is:  ef
RUN-1002 : start command "bit_to_vec -chip EAGLE_S20_BG256 -m program_spi -freq 4 -bit ES8388_Runs/phy_1/ES8388.bit"
RUN-1003 : finish command "bit_to_vec -chip EAGLE_S20_BG256 -m program_spi -freq 4 -bit ES8388_Runs/phy_1/ES8388.bit" in  1.450316s wall, 1.281250s user + 0.203125s system = 1.484375s CPU (102.3%)

RUN-1004 : used memory is 535 MB, reserved memory is 1156 MB, peak memory is 1125 MB
RUN-1002 : start command "program_spi -cable 0 -spd 7"
RUN-1003 : finish command "program_spi -cable 0 -spd 7" in  108.740834s wall, 4.640625s user + 10.734375s system = 15.375000s CPU (14.1%)

RUN-1004 : used memory is 533 MB, reserved memory is 1155 MB, peak memory is 1125 MB
RUN-1002 : start command "bit_to_vec -chip EAGLE_S20_BG256 -m verify_spi -freq 4 -bit ES8388_Runs/phy_1/ES8388.bit"
RUN-1002 : start command "program -cable 0 -spd 4"
RUN-1003 : finish command "program -cable 0 -spd 4" in  26.852204s wall, 0.765625s user + 2.468750s system = 3.234375s CPU (12.0%)

RUN-1004 : used memory is 343 MB, reserved memory is 954 MB, peak memory is 1125 MB
RUN-1003 : finish command "download -bit ES8388_Runs\phy_1\ES8388.bit -mode program_spi -v -spd 7 -sec 64 -cable 0 -flashsize 128" in  141.621494s wall, 8.125000s user + 13.671875s system = 21.796875s CPU (15.4%)

RUN-1004 : used memory is 343 MB, reserved memory is 954 MB, peak memory is 1125 MB
GUI-1001 : Downloading succeeded!
RUN-1002 : start command "download -bit ES8388_Runs\phy_1\ES8388.bit -mode program_spi -v -spd 7 -sec 64 -cable 0 -flashsize 128"
PRG-9505 ERROR: USB device open error, please re-connect the USB cable!
PRG-9505 ERROR: USB device open error, please re-connect the USB cable!
PRG-9525 ERROR: Chip validation failed! Please check the connection or type of chip!
GUI-8702 ERROR: Downloading failed!
HDL-1007 : analyze verilog file ../RTL/audio_speak.v
HDL-1007 : analyze verilog file ../RTL/audio_speak.v
HDL-1007 : analyze verilog file ../RTL/audio_speak.v
HDL-1007 : analyze verilog file ../RTL/audio_speak.v
HDL-1007 : analyze verilog file ../RTL/audio_speak.v
RUN-1001 : reset_run syn_1 phy_1.
GUI-6001 WARNING: File C:/Users/lyw15/Desktop/12/4MIC_SPAR _8ledSHI+transposer+all/TD/ES8388_Runs/phy_1/ES8388.bit does not exist!
RUN-1001 : launch_runs syn_1 phy_1  -jobs 6.
RUN-1001 : syn_1: run complete.
RUN-1001 : phy_1: run complete.
RUN-1001 : open_run phy_1.
RUN-1002 : start command "import_db C:/Users/lyw15/Desktop/12/4MIC_SPAR _8ledSHI+transposer+all/TD/ES8388_Runs/phy_1/ES8388_pr.db"
RUN-1001 : Importing database generated by Tang Dynasty, V5.6.71036.
RUN-1001 : Database version number 46146.
RUN-1001 : Import flow parameters
PHY-1001 : Generate detailed routing grids ...
PHY-1001 : Processed IO instance aud_dacdat_syn_4 with INV attribute.
PHY-1001 : Processed IO instance aud_dacdat_1_syn_4 with INV attribute.
PHY-1001 : Processed IO instance aud_dacdat_2_syn_4 with INV attribute.
PHY-1001 : Processed IO instance aud_dacdat_3_syn_4 with INV attribute.
PHY-1001 : Generate nets ...
PHY-1001 : clock net aud_bclk_syn_4 will be merged with clock aud_bclk_dup_1
PHY-1001 : clock net aud_bclk_1_syn_4 will be merged with clock aud_bclk_1_dup_1
PHY-1001 : clock net aud_bclk_2_syn_4 will be merged with clock aud_bclk_2_dup_1
PHY-1001 : clock net aud_bclk_3_syn_4 will be merged with clock aud_bclk_3_dup_1
PHY-1001 : net aud_mclk_dup_1 will be routed on clock mesh
PHY-1001 : net aud_mclk_1_dup_1 will be routed on clock mesh
PHY-1001 : net aud_mclk_2_dup_1 will be routed on clock mesh
PHY-1001 : net aud_mclk_3_dup_1 will be routed on clock mesh
PHY-1001 : clock net ilaclk_dup_1 will be merged with clock u_pll_clk/clk0_buf
PHY-1001 : clock net ilaclk_1_dup_1 will be merged with clock u1_pll_clk/clk0_buf
PHY-1001 : clock net ilaclk_2_dup_1 will be merged with clock u2_pll_clk/clk0_buf
PHY-1001 : clock net ilaclk_3_dup_1 will be merged with clock u3_pll_clk/clk0_buf
PHY-1001 : net sys_clk_dup_1 will be routed on clock mesh
PHY-1001 : clock net u1_es8388_ctrl/u_es8388_config/u_i2c_dri/dri_clk_syn_4 will be merged with clock u1_es8388_ctrl/u_es8388_config/u_i2c_dri/dri_clk
PHY-1001 : clock net u2_es8388_ctrl/u_es8388_config/u_i2c_dri/dri_clk_syn_4 will be merged with clock u2_es8388_ctrl/u_es8388_config/u_i2c_dri/dri_clk
PHY-1001 : clock net u3_es8388_ctrl/u_es8388_config/u_i2c_dri/dri_clk_syn_4 will be merged with clock u3_es8388_ctrl/u_es8388_config/u_i2c_dri/dri_clk
PHY-1001 : eco open net = 0
PHY-1001 : 584 feed throughs used by 256 nets
RUN-1001 : Import IO constraints
RUN-1001 : Import Inst constraints
RUN-1001 : Import design success TD_VERSION=5.6.71036 , DB_VERSION=46146
RUN-1003 : finish command "import_db C:/Users/lyw15/Desktop/12/4MIC_SPAR _8ledSHI+transposer+all/TD/ES8388_Runs/phy_1/ES8388_pr.db" in  7.069247s wall, 5.312500s user + 1.546875s system = 6.859375s CPU (97.0%)

RUN-1004 : used memory is 818 MB, reserved memory is 1077 MB, peak memory is 1125 MB
