============================================================
   Tang Dynasty, V5.6.71036
      Copyright (c) 2012-2023 Anlogic Inc.
   Executable = D:/TD/bin/td.exe
   Built at =   20:34:38 Mar 21 2023
   Run by =     lyw15
   Run Date =   Sun Oct 19 18:18:34 2025

   Run on =     -001
============================================================
RUN-1002 : start command "open_project ES8388.prj"
RUN-1001 : Print Global Property
RUN-1001 : ---------------------------------------------------------------
RUN-1001 :        Parameters        |  Settings  |  Default Values  |  Note  
RUN-1001 : ---------------------------------------------------------------
RUN-1001 :          message         |  standard  |     standard     |        
RUN-1001 :   mixed_pack_place_flow  |     on     |        on        |        
RUN-1001 :        qor_monitor       |    off     |       off        |        
RUN-1001 :        syn_ip_flow       |    off     |       off        |        
RUN-1001 :          thread          |    auto    |       auto       |        
RUN-1001 : ---------------------------------------------------------------
RUN-1001 : Print Design Property
RUN-1001 : --------------------------------------------------------------
RUN-1001 :        Parameters       |  Settings  |  Default Values  |  Note  
RUN-1001 : --------------------------------------------------------------
RUN-1001 :   default_reg_initial   |    auto    |       auto       |        
RUN-1001 :        infer_add        |     on     |        on        |        
RUN-1001 :        infer_fsm        |    off     |       off        |        
RUN-1001 :        infer_mult       |     on     |        on        |        
RUN-1001 :        infer_ram        |     on     |        on        |        
RUN-1001 :        infer_reg        |     on     |        on        |        
RUN-1001 :   infer_reg_init_value  |     on     |        on        |        
RUN-1001 :        infer_rom        |     on     |        on        |        
RUN-1001 :      infer_shifter      |     on     |        on        |        
RUN-1001 : --------------------------------------------------------------
RUN-1001 : Print Rtl Property
RUN-1001 : --------------------------------------------------------------
RUN-1001 :        Parameters       |  Settings  |  Default Values  |  Note  
RUN-1001 : --------------------------------------------------------------
RUN-1001 :       compress_add      |   ripple   |      ripple      |        
RUN-1001 :        elf_sload        |    off     |       off        |        
RUN-1001 :       fix_undriven      |     0      |        0         |        
RUN-1001 :         flatten         |    off     |       off        |        
RUN-1001 :       gate_sharing      |     on     |        on        |        
RUN-1001 :    hdl_warning_level    |   normal   |      normal      |        
RUN-1001 :   impl_internal_tribuf  |     on     |        on        |        
RUN-1001 :      impl_set_reset     |     on     |        on        |        
RUN-1001 :        infer_gsr        |    off     |       off        |        
RUN-1001 :      keep_hierarchy     |    auto    |       auto       |        
RUN-1001 :        max_fanout       |    9999    |       9999       |        
RUN-1001 :      max_oh2bin_len     |     10     |        10        |        
RUN-1001 :       merge_equal       |     on     |        on        |        
RUN-1001 :       merge_equiv       |     on     |        on        |        
RUN-1001 :        merge_mux        |    off     |       off        |        
RUN-1001 :     min_control_set     |     8      |        8         |        
RUN-1001 :      min_ripple_len     |    auto    |       auto       |        
RUN-1001 :       oh2bin_ratio      |    0.08    |       0.08       |        
RUN-1001 :     opt_adder_fanout    |     on     |        on        |        
RUN-1001 :        opt_arith        |     on     |        on        |        
RUN-1001 :       opt_big_gate      |    off     |       off        |        
RUN-1001 :        opt_const        |     on     |        on        |        
RUN-1001 :      opt_const_mult     |     on     |        on        |        
RUN-1001 :       opt_lessthan      |     on     |        on        |        
RUN-1001 :         opt_mux         |    off     |       off        |        
RUN-1001 :         opt_ram         |    high    |       high       |        
RUN-1001 :      rtl_sim_model      |    off     |       off        |        
RUN-1001 :         seq_syn         |     on     |        on        |        
RUN-1001 : --------------------------------------------------------------
HDL-1007 : analyze verilog file ../../al_ip/clk_wiz_0.v
HDL-1007 : undeclared symbol 'open', assumed default net type 'wire' in ../../al_ip/clk_wiz_0.v(80)
HDL-1007 : analyze verilog file ../../../RTL/audio_receive.v
HDL-1007 : analyze verilog file ../../../RTL/audio_send.v
HDL-1007 : analyze verilog file ../../../RTL/audio_speak.v
HDL-1007 : analyze verilog file ../../../RTL/es8388_config.v
HDL-1007 : analyze verilog file ../../../RTL/es8388_ctrl.v
HDL-1007 : analyze verilog file ../../../RTL/i2c_dri.v
HDL-1007 : analyze verilog file ../../../RTL/i2c_reg_cfg.v
HDL-1007 : analyze verilog file ../../al_ip/i2s_tx.v
RUN-1001 : Project manager successfully analyzed 9 source files.
RUN-1002 : start command "import_device eagle_s20.db -package EG4S20BG256"
ARC-1001 : Device Initialization.
ARC-1001 : ------------------------------------------------------------------
ARC-1001 :            OPTION            |          IO          |   SETTING   
ARC-1001 : ------------------------------------------------------------------
ARC-1001 :   cso_b/cclk/mosi/miso/dout  |  T3/R11/T10/P10/S11  |    gpio    
ARC-1001 :             done             |         P13          |    gpio    
ARC-1001 :           program_b          |          T2          |  dedicate  
ARC-1001 :        tdi/tms/tck/tdo       |   C12/A15/C14/E14    |  dedicate  
ARC-1001 : ------------------------------------------------------------------
ARC-1004 : Device setting, marked 5 dedicate IOs in total.
RUN-1002 : start command "elaborate -top audio_speak"
RUN-1001 : Print Design Property
RUN-1001 : --------------------------------------------------------------
RUN-1001 :        Parameters       |  Settings  |  Default Values  |  Note  
RUN-1001 : --------------------------------------------------------------
RUN-1001 :   default_reg_initial   |    auto    |       auto       |        
RUN-1001 :        infer_add        |     on     |        on        |        
RUN-1001 :        infer_fsm        |    off     |       off        |        
RUN-1001 :        infer_mult       |     on     |        on        |        
RUN-1001 :        infer_ram        |     on     |        on        |        
RUN-1001 :        infer_reg        |     on     |        on        |        
RUN-1001 :   infer_reg_init_value  |     on     |        on        |        
RUN-1001 :        infer_rom        |     on     |        on        |        
RUN-1001 :      infer_shifter      |     on     |        on        |        
RUN-1001 : --------------------------------------------------------------
RUN-1001 : Print Rtl Property
RUN-1001 : --------------------------------------------------------------
RUN-1001 :        Parameters       |  Settings  |  Default Values  |  Note  
RUN-1001 : --------------------------------------------------------------
RUN-1001 :       compress_add      |   ripple   |      ripple      |        
RUN-1001 :        elf_sload        |    off     |       off        |        
RUN-1001 :       fix_undriven      |     0      |        0         |        
RUN-1001 :         flatten         |    off     |       off        |        
RUN-1001 :       gate_sharing      |     on     |        on        |        
RUN-1001 :    hdl_warning_level    |   normal   |      normal      |        
RUN-1001 :   impl_internal_tribuf  |     on     |        on        |        
RUN-1001 :      impl_set_reset     |     on     |        on        |        
RUN-1001 :        infer_gsr        |    off     |       off        |        
RUN-1001 :      keep_hierarchy     |    auto    |       auto       |        
RUN-1001 :        max_fanout       |    9999    |       9999       |        
RUN-1001 :      max_oh2bin_len     |     10     |        10        |        
RUN-1001 :       merge_equal       |     on     |        on        |        
RUN-1001 :       merge_equiv       |     on     |        on        |        
RUN-1001 :        merge_mux        |    off     |       off        |        
RUN-1001 :     min_control_set     |     8      |        8         |        
RUN-1001 :      min_ripple_len     |    auto    |       auto       |        
RUN-1001 :       oh2bin_ratio      |    0.08    |       0.08       |        
RUN-1001 :     opt_adder_fanout    |     on     |        on        |        
RUN-1001 :        opt_arith        |     on     |        on        |        
RUN-1001 :       opt_big_gate      |    off     |       off        |        
RUN-1001 :        opt_const        |     on     |        on        |        
RUN-1001 :      opt_const_mult     |     on     |        on        |        
RUN-1001 :       opt_lessthan      |     on     |        on        |        
RUN-1001 :         opt_mux         |    off     |       off        |        
RUN-1001 :         opt_ram         |    high    |       high       |        
RUN-1001 :      rtl_sim_model      |    off     |       off        |        
RUN-1001 :         seq_syn         |     on     |        on        |        
RUN-1001 : --------------------------------------------------------------
RUN-1001 : Print Global Property
RUN-1001 : ---------------------------------------------------------------
RUN-1001 :        Parameters        |  Settings  |  Default Values  |  Note  
RUN-1001 : ---------------------------------------------------------------
RUN-1001 :          message         |  standard  |     standard     |        
RUN-1001 :   mixed_pack_place_flow  |     on     |        on        |        
RUN-1001 :        qor_monitor       |    off     |       off        |        
RUN-1001 :        syn_ip_flow       |    off     |       off        |        
RUN-1001 :          thread          |    auto    |       auto       |        
RUN-1001 : ---------------------------------------------------------------
RUN-1001 : Print Design Property
RUN-1001 : --------------------------------------------------------------
RUN-1001 :        Parameters       |  Settings  |  Default Values  |  Note  
RUN-1001 : --------------------------------------------------------------
RUN-1001 :   default_reg_initial   |    auto    |       auto       |        
RUN-1001 :        infer_add        |     on     |        on        |        
RUN-1001 :        infer_fsm        |    off     |       off        |        
RUN-1001 :        infer_mult       |     on     |        on        |        
RUN-1001 :        infer_ram        |     on     |        on        |        
RUN-1001 :        infer_reg        |     on     |        on        |        
RUN-1001 :   infer_reg_init_value  |     on     |        on        |        
RUN-1001 :        infer_rom        |     on     |        on        |        
RUN-1001 :      infer_shifter      |     on     |        on        |        
RUN-1001 : --------------------------------------------------------------
HDL-1007 : elaborate module audio_speak in ../../../RTL/audio_speak.v(1)
HDL-1007 : elaborate module clk_wiz_0 in ../../al_ip/clk_wiz_0.v(23)
HDL-1007 : elaborate module EG_LOGIC_BUFG in D:/TD/arch/eagle_macro.v(8)
HDL-1007 : elaborate module EG_PHY_PLL(FIN="50.000",FBCLK_DIV=4,CLKC0_DIV=4,CLKC1_DIV=65,CLKC0_ENABLE="ENABLE",CLKC1_ENABLE="ENABLE",FEEDBK_PATH="CLKC0_EXT",CLKC0_CPHASE=3,CLKC1_CPHASE=64,GMC_GAIN=4,ICP_CURRENT=13,KVCO=4,LPF_CAPACITOR=1,LPF_RESISTOR=4,SYNC_ENABLE="DISABLE") in D:/TD/arch/eagle_macro.v(930)
HDL-1007 : elaborate module es8388_ctrl in ../../../RTL/es8388_ctrl.v(1)
HDL-1007 : elaborate module es8388_config in ../../../RTL/es8388_config.v(3)
HDL-1007 : elaborate module i2c_reg_cfg in ../../../RTL/i2c_reg_cfg.v(1)
HDL-1007 : elaborate module i2c_dri in ../../../RTL/i2c_dri.v(1)
HDL-5007 WARNING: actual bit length 8 differs from formal bit length 16 for port 'i2c_addr' in ../../../RTL/es8388_config.v(59)
HDL-1007 : elaborate module audio_receive in ../../../RTL/audio_receive.v(1)
HDL-1007 : elaborate module audio_send in ../../../RTL/audio_send.v(1)
HDL-1007 : elaborate module i2s_tx_32bit_48k in ../../al_ip/i2s_tx.v(1)
HDL-1200 : Current top model is audio_speak
HDL-1100 : Inferred 0 RAMs.
RUN-1002 : start command "export_db ES8388_elaborate.db"
RUN-1001 : Exported /
RUN-1001 : Exported flow parameters
RUN-1001 : Exported libs
RUN-1001 : Exported entities
RUN-1001 : Exported ports
RUN-1001 : Exported pins
RUN-1001 : Exported instances
RUN-1001 : Exported nets
RUN-1001 : Exported buses
RUN-1001 : Exported models
RUN-1001 : Exported congestions
RUN-1001 : Exported violations
RUN-1001 : Exported IO constraints
RUN-1001 : Exported Inst constraints
RUN-1002 : start command "read_adc ../../ES8388.adc"
RUN-1002 : start command "set_pin_assignment  aud_adcdat   LOCATION = R14; "
RUN-1002 : start command "set_pin_assignment  aud_bclk   LOCATION = M6; "
RUN-1002 : start command "set_pin_assignment  aud_dacdat   LOCATION = P6; "
RUN-1002 : start command "set_pin_assignment  aud_lrc   LOCATION = M7; "
RUN-1002 : start command "set_pin_assignment  aud_mclk   LOCATION = N5; "
RUN-1002 : start command "set_pin_assignment  aud_scl   LOCATION = R12; "
RUN-1002 : start command "set_pin_assignment  aud_sda   LOCATION = R9; "
RUN-1002 : start command "set_pin_assignment  ilaclk   LOCATION = T5; "
RUN-1002 : start command "set_pin_assignment  led   LOCATION = B14; "
RUN-1002 : start command "set_pin_assignment  sys_clk   LOCATION = R7; "
RUN-1002 : start command "set_pin_assignment  sys_rst_n   LOCATION = E3; "
RUN-1002 : start command "set_pin_assignment  volume[0]   LOCATION = A10; "
RUN-1002 : start command "set_pin_assignment  volume[1]   LOCATION = B10; "
RUN-1002 : start command "set_pin_assignment  aud_adcdat_1   LOCATION = F7; "
RUN-1002 : start command "set_pin_assignment  aud_bclk_1   LOCATION = C4; "
RUN-1002 : start command "set_pin_assignment  aud_dacdat_1   LOCATION = C5; "
RUN-1002 : start command "set_pin_assignment  aud_lrc_1   LOCATION = D6; "
RUN-1002 : start command "set_pin_assignment  aud_mclk_1   LOCATION = B3; "
RUN-1002 : start command "set_pin_assignment  aud_scl_1   LOCATION = B2; "
RUN-1002 : start command "set_pin_assignment  aud_sda_1   LOCATION = B1; "
RUN-1002 : start command "set_pin_assignment  ilaclk_1   LOCATION = D3; "
RUN-1002 : start command "set_pin_assignment  led_1   LOCATION = B15; "
RUN-1002 : start command "set_pin_assignment leds[0] LOCATION=C15;"
RUN-1002 : start command "set_pin_assignment leds[1] LOCATION=C16;"
RUN-1002 : start command "set_pin_assignment leds[2] LOCATION=E13;"
RUN-1002 : start command "set_pin_assignment I2S_LRCLK LOCATION=D16;"
RUN-1002 : start command "set_pin_assignment I2S_BCLK LOCATION=F15;"
RUN-1002 : start command "set_pin_assignment I2S_DATA LOCATION=F13;"
RUN-1001 : Starting of IO setups legality check.
RUN-1001 : Starting of IO setups legality check.
RUN-1001 : Starting of IO vref setups legality check.
USR-6010 WARNING: ADC constraints: top model pin sys_rst_n_1 has no constraint.
RUN-1002 : start command "optimize_rtl"
RUN-1001 : Open license file D:/TD/license/Anlogic.lic
RUN-1001 : Print Global Property
RUN-1001 : ---------------------------------------------------------------
RUN-1001 :        Parameters        |  Settings  |  Default Values  |  Note  
RUN-1001 : ---------------------------------------------------------------
RUN-1001 :          message         |  standard  |     standard     |        
RUN-1001 :   mixed_pack_place_flow  |     on     |        on        |        
RUN-1001 :        qor_monitor       |    off     |       off        |        
RUN-1001 :        syn_ip_flow       |    off     |       off        |        
RUN-1001 :          thread          |    auto    |       auto       |        
RUN-1001 : ---------------------------------------------------------------
RUN-1001 : Print Rtl Property
RUN-1001 : --------------------------------------------------------------
RUN-1001 :        Parameters       |  Settings  |  Default Values  |  Note  
RUN-1001 : --------------------------------------------------------------
RUN-1001 :       compress_add      |   ripple   |      ripple      |        
RUN-1001 :        elf_sload        |    off     |       off        |        
RUN-1001 :       fix_undriven      |     0      |        0         |        
RUN-1001 :         flatten         |    off     |       off        |        
RUN-1001 :       gate_sharing      |     on     |        on        |        
RUN-1001 :    hdl_warning_level    |   normal   |      normal      |        
RUN-1001 :   impl_internal_tribuf  |     on     |        on        |        
RUN-1001 :      impl_set_reset     |     on     |        on        |        
RUN-1001 :        infer_gsr        |    off     |       off        |        
RUN-1001 :      keep_hierarchy     |    auto    |       auto       |        
RUN-1001 :        max_fanout       |    9999    |       9999       |        
RUN-1001 :      max_oh2bin_len     |     10     |        10        |        
RUN-1001 :       merge_equal       |     on     |        on        |        
RUN-1001 :       merge_equiv       |     on     |        on        |        
RUN-1001 :        merge_mux        |    off     |       off        |        
RUN-1001 :     min_control_set     |     8      |        8         |        
RUN-1001 :      min_ripple_len     |    auto    |       auto       |        
RUN-1001 :       oh2bin_ratio      |    0.08    |       0.08       |        
RUN-1001 :     opt_adder_fanout    |     on     |        on        |        
RUN-1001 :        opt_arith        |     on     |        on        |        
RUN-1001 :       opt_big_gate      |    off     |       off        |        
RUN-1001 :        opt_const        |     on     |        on        |        
RUN-1001 :      opt_const_mult     |     on     |        on        |        
RUN-1001 :       opt_lessthan      |     on     |        on        |        
RUN-1001 :         opt_mux         |    off     |       off        |        
RUN-1001 :         opt_ram         |    high    |       high       |        
RUN-1001 :      rtl_sim_model      |    off     |       off        |        
RUN-1001 :         seq_syn         |     on     |        on        |        
RUN-1001 : --------------------------------------------------------------
SYN-1012 : SanityCheck: Model "audio_speak"
SYN-1012 : SanityCheck: Model "i2s_tx_32bit_48k"
SYN-1012 : SanityCheck: Model "es8388_ctrl"
SYN-1012 : SanityCheck: Model "audio_receive"
SYN-1012 : SanityCheck: Model "audio_send"
SYN-1012 : SanityCheck: Model "es8388_config"
SYN-1012 : SanityCheck: Model "i2c_dri"
SYN-1012 : SanityCheck: Model "i2c_reg_cfg"
SYN-1012 : SanityCheck: Model "clk_wiz_0"
SYN-1043 : Mark clk_wiz_0 as IO macro for instance bufg_feedback
SYN-1043 : Mark i2c_dri as IO macro for instance sda_i
SYN-1043 : Mark es8388_config as IO macro for instance u_i2c_dri
SYN-1043 : Mark es8388_ctrl as IO macro for instance u_es8388_config
SYN-1011 : Flatten model audio_speak
SYN-1032 : 2662/155 useful/useless nets, 1249/26 useful/useless insts
SYN-1016 : Merged 15642 instances.
SYN-1032 : 3304/1417 useful/useless nets, 2259/906 useful/useless insts
SYN-1016 : Merged 466 instances.
SYN-1032 : 2888/12 useful/useless nets, 2702/150 useful/useless insts
SYN-1014 : Optimize round 1
SYN-1017 : Remove 1 const input seq instances
SYN-1002 :     i2s_tx/reg1_syn_6
SYN-1018 : Transformed 50 mux instances.
SYN-1019 : Optimized 56 mux instances.
SYN-1021 : Optimized 10 onehot mux instances.
SYN-1020 : Optimized 11 distributor mux.
SYN-1001 : Optimize 4 less-than instances
SYN-1019 : Optimized 2 mux instances.
SYN-1016 : Merged 28 instances.
SYN-1015 : Optimize round 1, 1020 better
SYN-1014 : Optimize round 2
SYN-1044 : Optimized 2 inv instances.
SYN-1032 : 2509/80 useful/useless nets, 2323/93 useful/useless insts
SYN-1017 : Remove 3 const input seq instances
SYN-1002 :     i2s_tx/reg0_syn_13
SYN-1002 :     u1_es8388_ctrl/u_es8388_config/u_i2c_dri/wr_flag_reg
SYN-1002 :     u_es8388_ctrl/u_es8388_config/u_i2c_dri/wr_flag_reg
SYN-1019 : Optimized 2 mux instances.
SYN-1020 : Optimized 2 distributor mux.
SYN-1016 : Merged 3 instances.
SYN-1015 : Optimize round 2, 212 better
SYN-1032 : 2499/0 useful/useless nets, 2313/4 useful/useless insts
SYN-3004 : Optimized 1 const0 DFF(s)
SYN-3004 : Optimized 6 const0 DFF(s)
SYN-3004 : Optimized 6 const0 DFF(s)
SYN-1032 : 2398/101 useful/useless nets, 2213/87 useful/useless insts
SYN-1014 : Optimize round 1
SYN-1032 : 1924/132 useful/useless nets, 1739/144 useful/useless insts
SYN-1016 : Merged 3 instances.
SYN-1015 : Optimize round 1, 635 better
SYN-1014 : Optimize round 2
SYN-1032 : 1893/6 useful/useless nets, 1708/0 useful/useless insts
SYN-1015 : Optimize round 2, 22 better
SYN-1014 : Optimize round 3
SYN-1015 : Optimize round 3, 0 better
RUN-1003 : finish command "optimize_rtl" in  1.140339s wall, 1.031250s user + 0.109375s system = 1.140625s CPU (100.0%)

RUN-1004 : used memory is 123 MB, reserved memory is 89 MB, peak memory is 130 MB
RUN-1002 : start command "report_area -file ES8388_rtl.area"
RUN-1001 : standard
***Report Model: audio_speak Device: EG4S20BG256***

IO Statistics
#IO                        29
  #input                   11
  #output                  16
  #inout                    2

Gate Statistics
#Basic gates             1445
  #and                    367
  #nand                     0
  #or                     538
  #nor                      0
  #xor                      2
  #xnor                     0
  #buf                      0
  #not                     36
  #bufif1                   2
  #MX21                    43
  #FADD                     0
  #DFF                    457
  #LATCH                    0
#MACRO_ADD                 28
#MACRO_EQ                  84
#MACRO_MUX                143
#MACRO_OTHERS               2

Report Hierarchy Area:
+--------------------------------------------------------------+
|Instance            |Module           |gates  |seq    |macros |
+--------------------------------------------------------------+
|top                 |audio_speak      |988    |457    |114    |
|  i2s_tx            |i2s_tx_32bit_48k |6      |97     |10     |
|  u1_es8388_ctrl    |es8388_ctrl      |490    |172    |50     |
|    u_audio_receive |audio_receive    |34     |71     |5      |
|    u_audio_send    |audio_send       |1      |33     |0      |
|    u_es8388_config |es8388_config    |455    |68     |45     |
|      u_i2c_dri     |i2c_dri          |453    |41     |40     |
|      u_i2c_reg_cfg |i2c_reg_cfg      |2      |27     |5      |
|  u1_pll_clk        |clk_wiz_0        |0      |0      |1      |
|  u_es8388_ctrl     |es8388_ctrl      |490    |172    |50     |
|    u_audio_receive |audio_receive    |34     |71     |5      |
|    u_audio_send    |audio_send       |1      |33     |0      |
|    u_es8388_config |es8388_config    |455    |68     |45     |
|      u_i2c_dri     |i2c_dri          |453    |41     |40     |
|      u_i2c_reg_cfg |i2c_reg_cfg      |2      |27     |5      |
|  u_pll_clk         |clk_wiz_0        |0      |0      |1      |
+--------------------------------------------------------------+

RUN-1002 : start command "export_db ES8388_rtl.db"
RUN-1001 : Exported /
RUN-1001 : Exported flow parameters
RUN-1001 : Exported libs
RUN-1001 : Exported entities
RUN-1001 : Exported ports
RUN-1001 : Exported pins
RUN-1001 : Exported instances
RUN-1001 : Exported nets
RUN-1001 : Exported buses
RUN-1001 : Exported models
RUN-1001 : Exported congestions
RUN-1001 : Exported violations
RUN-1001 : Exported IO constraints
RUN-1001 : Exported Inst constraints
RUN-1002 : start command "optimize_gate -maparea ES8388_gate.area"
RUN-1001 : Open license file D:/TD/license/Anlogic.lic
RUN-1001 : Print Global Property
RUN-1001 : ---------------------------------------------------------------
RUN-1001 :        Parameters        |  Settings  |  Default Values  |  Note  
RUN-1001 : ---------------------------------------------------------------
RUN-1001 :          message         |  standard  |     standard     |        
RUN-1001 :   mixed_pack_place_flow  |     on     |        on        |        
RUN-1001 :        qor_monitor       |    off     |       off        |        
RUN-1001 :        syn_ip_flow       |    off     |       off        |        
RUN-1001 :          thread          |    auto    |       auto       |        
RUN-1001 : ---------------------------------------------------------------
RUN-1001 : Print Gate Property
RUN-1001 : ------------------------------------------------------------------
RUN-1001 :          Parameters         |  Settings  |  Default Values  |  Note  
RUN-1001 : ------------------------------------------------------------------
RUN-1001 :         cascade_dsp         |    off     |       off        |        
RUN-1001 :         cascade_eram        |    off     |       off        |        
RUN-1001 :        gate_sim_model       |    off     |       off        |        
RUN-1001 :        map_sim_model        |    off     |       off        |        
RUN-1001 :         map_strategy        |     1      |        1         |        
RUN-1001 :           opt_area          |   medium   |      medium      |        
RUN-1001 :          opt_timing         |    auto    |       auto       |        
RUN-1001 :         pack_effort         |   medium   |      medium      |        
RUN-1001 :      pack_lslice_ripple     |     on     |        on        |        
RUN-1001 :   pack_lslice_ripple_ratio  |    0.5     |       0.5        |        
RUN-1001 :        pack_seq_in_io       |    auto    |       auto       |        
RUN-1001 :        ph1_mux_ratio        |    1.0     |       1.0        |        
RUN-1001 :            report           |  standard  |     standard     |        
RUN-1001 :           retiming          |    off     |       off        |        
RUN-1001 : ------------------------------------------------------------------
SYN-2001 : Map 29 IOs to PADs
SYN-1032 : 1917/5 useful/useless nets, 1728/9 useful/useless insts
RUN-1002 : start command "update_pll_param -module audio_speak"
SYN-2501 : Processed 0 LOGIC_BUF instances.
SYN-2501 : 2 BUFG to GCLK
SYN-2571 : Optimize after map_dsp, round 1
SYN-2571 : Optimize after map_dsp, round 1, 0 better
SYN-1001 : Throwback 75 control mux instances
SYN-2501 : Optimize round 1
SYN-1016 : Merged 446 instances.
SYN-2501 : Optimize round 1, 1012 better
SYN-2501 : Optimize round 2
SYN-2501 : Optimize round 2, 0 better
SYN-2501 : Map 28 macro adder
SYN-1019 : Optimized 304 mux instances.
SYN-1016 : Merged 456 instances.
SYN-1032 : 2667/71 useful/useless nets, 2541/0 useful/useless insts
SYN-3001 : Running gate level optimization.
SYN-2581 : Mapping with K=5, #lut = 568 (3.69), #lev = 6 (2.30)
SYN-2551 : Post LUT mapping optimization.
SYN-2581 : Mapping with K=5, #lut = 487 (3.65), #lev = 5 (2.15)
SYN-3001 : Logic optimization runtime opt =   0.06 sec, map =   0.00 sec
SYN-3001 : Mapper mapped 1893 instances into 495 LUTs, name keeping = 58%.
SYN-3001 : Mapper removed 2 lut buffers
RUN-1002 : start command "report_area -file ES8388_gate.area"
RUN-1001 : standard
***Report Model: audio_speak Device: EG4S20BG256***

IO Statistics
#IO                        29
  #input                   11
  #output                  16
  #inout                    2

LUT Statistics
#Total_luts               655
  #lut4                   418
  #lut5                    75
  #lut6                     0
  #lut5_mx41                0
  #lut4_alu1b             162

Utilization Statistics
#lut                      655   out of  19600    3.34%
#reg                      450   out of  19600    2.30%
#le                         0
#dsp                        0   out of     29    0.00%
#bram                       0   out of     64    0.00%
  #bram9k                   0
  #fifo9k                   0
#bram32k                    0   out of     16    0.00%
#pad                       29   out of    188   15.43%
  #ireg                     4
  #oreg                     8
  #treg                     2
#pll                        2   out of      4   50.00%

Report Hierarchy Area:
+-----------------------------------------------------------------------------------+
|Instance            |Module           |lut     |ripple  |seq     |bram    |dsp     |
+-----------------------------------------------------------------------------------+
|top                 |audio_speak      |493     |162     |464     |0       |0       |
|  i2s_tx            |i2s_tx_32bit_48k |69      |38      |96      |0       |0       |
|  u1_es8388_ctrl    |es8388_ctrl      |208     |53      |169     |0       |0       |
|    u_audio_receive |audio_receive    |52      |15      |69      |0       |0       |
|    u_audio_send    |audio_send       |23      |0       |32      |0       |0       |
|    u_es8388_config |es8388_config    |133     |38      |68      |0       |0       |
|      u_i2c_dri     |i2c_dri          |96      |19      |41      |0       |0       |
|      u_i2c_reg_cfg |i2c_reg_cfg      |37      |19      |27      |0       |0       |
|  u1_pll_clk        |clk_wiz_0        |1       |0       |0       |0       |0       |
|  u_es8388_ctrl     |es8388_ctrl      |214     |53      |169     |0       |0       |
|    u_audio_receive |audio_receive    |52      |15      |69      |0       |0       |
|    u_audio_send    |audio_send       |24      |0       |32      |0       |0       |
|    u_es8388_config |es8388_config    |138     |38      |68      |0       |0       |
|      u_i2c_dri     |i2c_dri          |101     |19      |41      |0       |0       |
|      u_i2c_reg_cfg |i2c_reg_cfg      |37      |19      |27      |0       |0       |
|  u_pll_clk         |clk_wiz_0        |1       |0       |0       |0       |0       |
+-----------------------------------------------------------------------------------+

SYN-1001 : Packing model "audio_speak" ...
SYN-4010 : Pack lib has 58 rtl pack models with 25 top pack blocks
SYN-1014 : Optimize round 1
SYN-1015 : Optimize round 1, 0 better
SYN-4002 : Packing 450 DFF/LATCH to SEQ ...
SYN-4009 : Pack 8 carry chain into lslice
SYN-4007 : Packing 81 adder to BLE ...
SYN-4008 : Packed 81 adder and 0 SEQ to BLE.
SYN-4007 : Packing 0 gate4 to BLE ...
SYN-4008 : Packed 0 gate4 and 0 SEQ to BLE.
SYN-4012 : Packed 0 FxMUX
RUN-1002 : start command "legalize_phy_inst"
SYN-1011 : Flatten model audio_speak
RUN-1002 : start command "export_db ES8388_gate.db"
RUN-1001 : Exported /
RUN-1001 : Exported flow parameters
RUN-1001 : Exported libs
RUN-1001 : Exported entities
RUN-1001 : Exported ports
RUN-1001 : Exported pins
RUN-1001 : Exported instances
RUN-1001 : Exported nets
RUN-1001 : Exported buses
RUN-1001 : Exported models
RUN-1001 : Exported congestions
RUN-1001 : Exported violations
RUN-1001 : Exported IO constraints
RUN-1001 : Exported Inst constraints
RUN-1002 : start command "backup_run_log run.log ../.logs/syn_1/td_20251019_181834.log"
