============================================================
   Tang Dynasty, V5.6.71036
      Copyright (c) 2012-2023 Anlogic Inc.
   Executable = D:/TD/bin/td.exe
   Built at =   20:34:38 Mar 21 2023
   Run by =     lyw15
   Run Date =   Tue Oct 21 21:14:04 2025

   Run on =     -001
============================================================
RUN-1002 : start command "open_project ES8388.prj"
RUN-1001 : Print Global Property
RUN-1001 : ---------------------------------------------------------------
RUN-1001 :        Parameters        |  Settings  |  Default Values  |  Note  
RUN-1001 : ---------------------------------------------------------------
RUN-1001 :          message         |  standard  |     standard     |        
RUN-1001 :   mixed_pack_place_flow  |     on     |        on        |        
RUN-1001 :        qor_monitor       |    off     |       off        |        
RUN-1001 :        syn_ip_flow       |    off     |       off        |        
RUN-1001 :          thread          |    auto    |       auto       |        
RUN-1001 : ---------------------------------------------------------------
RUN-1001 : Print Design Property
RUN-1001 : --------------------------------------------------------------
RUN-1001 :        Parameters       |  Settings  |  Default Values  |  Note  
RUN-1001 : --------------------------------------------------------------
RUN-1001 :   default_reg_initial   |    auto    |       auto       |        
RUN-1001 :        infer_add        |     on     |        on        |        
RUN-1001 :        infer_fsm        |    off     |       off        |        
RUN-1001 :        infer_mult       |     on     |        on        |        
RUN-1001 :        infer_ram        |     on     |        on        |        
RUN-1001 :        infer_reg        |     on     |        on        |        
RUN-1001 :   infer_reg_init_value  |     on     |        on        |        
RUN-1001 :        infer_rom        |     on     |        on        |        
RUN-1001 :      infer_shifter      |     on     |        on        |        
RUN-1001 : --------------------------------------------------------------
RUN-1001 : Print Rtl Property
RUN-1001 : --------------------------------------------------------------
RUN-1001 :        Parameters       |  Settings  |  Default Values  |  Note  
RUN-1001 : --------------------------------------------------------------
RUN-1001 :       compress_add      |   ripple   |      ripple      |        
RUN-1001 :        elf_sload        |    off     |       off        |        
RUN-1001 :       fix_undriven      |     0      |        0         |        
RUN-1001 :         flatten         |    off     |       off        |        
RUN-1001 :       gate_sharing      |     on     |        on        |        
RUN-1001 :    hdl_warning_level    |   normal   |      normal      |        
RUN-1001 :   impl_internal_tribuf  |     on     |        on        |        
RUN-1001 :      impl_set_reset     |     on     |        on        |        
RUN-1001 :        infer_gsr        |    off     |       off        |        
RUN-1001 :      keep_hierarchy     |    auto    |       auto       |        
RUN-1001 :        max_fanout       |    9999    |       9999       |        
RUN-1001 :      max_oh2bin_len     |     10     |        10        |        
RUN-1001 :       merge_equal       |     on     |        on        |        
RUN-1001 :       merge_equiv       |     on     |        on        |        
RUN-1001 :        merge_mux        |    off     |       off        |        
RUN-1001 :     min_control_set     |     8      |        8         |        
RUN-1001 :      min_ripple_len     |    auto    |       auto       |        
RUN-1001 :       oh2bin_ratio      |    0.08    |       0.08       |        
RUN-1001 :     opt_adder_fanout    |     on     |        on        |        
RUN-1001 :        opt_arith        |     on     |        on        |        
RUN-1001 :       opt_big_gate      |    off     |       off        |        
RUN-1001 :        opt_const        |     on     |        on        |        
RUN-1001 :      opt_const_mult     |     on     |        on        |        
RUN-1001 :       opt_lessthan      |     on     |        on        |        
RUN-1001 :         opt_mux         |    off     |       off        |        
RUN-1001 :         opt_ram         |    high    |       high       |        
RUN-1001 :      rtl_sim_model      |    off     |       off        |        
RUN-1001 :         seq_syn         |     on     |        on        |        
RUN-1001 : --------------------------------------------------------------
HDL-1007 : analyze verilog file ../../al_ip/clk_wiz_0.v
HDL-1007 : undeclared symbol 'open', assumed default net type 'wire' in ../../al_ip/clk_wiz_0.v(80)
HDL-1007 : analyze verilog file ../../../RTL/audio_receive.v
HDL-1007 : analyze verilog file ../../../RTL/audio_send.v
HDL-1007 : analyze verilog file ../../../RTL/audio_speak.v
HDL-1007 : analyze verilog file ../../../RTL/es8388_config.v
HDL-1007 : analyze verilog file ../../../RTL/es8388_ctrl.v
HDL-1007 : analyze verilog file ../../../RTL/i2c_dri.v
HDL-1007 : analyze verilog file ../../../RTL/i2c_reg_cfg.v
HDL-1007 : analyze verilog file ../../al_ip/TDOA.v
HDL-1007 : analyze verilog file ../../al_ip/FFT.v
HDL-1007 : analyze verilog file ../../al_ip/bit_reverse.v
HDL-1007 : analyze verilog file ../../al_ip/butterfly.v
HDL-5007 WARNING: identifier 'ADDR_WIDTH' is used before its declaration in ../../al_ip/butterfly.v(15)
HDL-5007 WARNING: identifier 'STAGES' is used before its declaration in ../../al_ip/butterfly.v(16)
HDL-5007 WARNING: identifier 'STAGES' is used before its declaration in ../../al_ip/butterfly.v(17)
HDL-1007 : analyze verilog file ../../al_ip/rom_128x16.v
HDL-1007 : analyze verilog file ../../al_ip/gcc_phat.v
RUN-1001 : Project manager successfully analyzed 14 source files.
RUN-1002 : start command "import_device eagle_s20.db -package EG4S20BG256"
ARC-1001 : Device Initialization.
ARC-1001 : ------------------------------------------------------------------
ARC-1001 :            OPTION            |          IO          |   SETTING   
ARC-1001 : ------------------------------------------------------------------
ARC-1001 :   cso_b/cclk/mosi/miso/dout  |  T3/R11/T10/P10/S11  |    gpio    
ARC-1001 :             done             |         P13          |    gpio    
ARC-1001 :           program_b          |          T2          |  dedicate  
ARC-1001 :        tdi/tms/tck/tdo       |   C12/A15/C14/E14    |  dedicate  
ARC-1001 : ------------------------------------------------------------------
ARC-1004 : Device setting, marked 5 dedicate IOs in total.
RUN-1002 : start command "elaborate -top audio_speak"
RUN-1001 : Print Design Property
RUN-1001 : --------------------------------------------------------------
RUN-1001 :        Parameters       |  Settings  |  Default Values  |  Note  
RUN-1001 : --------------------------------------------------------------
RUN-1001 :   default_reg_initial   |    auto    |       auto       |        
RUN-1001 :        infer_add        |     on     |        on        |        
RUN-1001 :        infer_fsm        |    off     |       off        |        
RUN-1001 :        infer_mult       |     on     |        on        |        
RUN-1001 :        infer_ram        |     on     |        on        |        
RUN-1001 :        infer_reg        |     on     |        on        |        
RUN-1001 :   infer_reg_init_value  |     on     |        on        |        
RUN-1001 :        infer_rom        |     on     |        on        |        
RUN-1001 :      infer_shifter      |     on     |        on        |        
RUN-1001 : --------------------------------------------------------------
RUN-1001 : Print Rtl Property
RUN-1001 : --------------------------------------------------------------
RUN-1001 :        Parameters       |  Settings  |  Default Values  |  Note  
RUN-1001 : --------------------------------------------------------------
RUN-1001 :       compress_add      |   ripple   |      ripple      |        
RUN-1001 :        elf_sload        |    off     |       off        |        
RUN-1001 :       fix_undriven      |     0      |        0         |        
RUN-1001 :         flatten         |    off     |       off        |        
RUN-1001 :       gate_sharing      |     on     |        on        |        
RUN-1001 :    hdl_warning_level    |   normal   |      normal      |        
RUN-1001 :   impl_internal_tribuf  |     on     |        on        |        
RUN-1001 :      impl_set_reset     |     on     |        on        |        
RUN-1001 :        infer_gsr        |    off     |       off        |        
RUN-1001 :      keep_hierarchy     |    auto    |       auto       |        
RUN-1001 :        max_fanout       |    9999    |       9999       |        
RUN-1001 :      max_oh2bin_len     |     10     |        10        |        
RUN-1001 :       merge_equal       |     on     |        on        |        
RUN-1001 :       merge_equiv       |     on     |        on        |        
RUN-1001 :        merge_mux        |    off     |       off        |        
RUN-1001 :     min_control_set     |     8      |        8         |        
RUN-1001 :      min_ripple_len     |    auto    |       auto       |        
RUN-1001 :       oh2bin_ratio      |    0.08    |       0.08       |        
RUN-1001 :     opt_adder_fanout    |     on     |        on        |        
RUN-1001 :        opt_arith        |     on     |        on        |        
RUN-1001 :       opt_big_gate      |    off     |       off        |        
RUN-1001 :        opt_const        |     on     |        on        |        
RUN-1001 :      opt_const_mult     |     on     |        on        |        
RUN-1001 :       opt_lessthan      |     on     |        on        |        
RUN-1001 :         opt_mux         |    off     |       off        |        
RUN-1001 :         opt_ram         |    high    |       high       |        
RUN-1001 :      rtl_sim_model      |    off     |       off        |        
RUN-1001 :         seq_syn         |     on     |        on        |        
RUN-1001 : --------------------------------------------------------------
RUN-1001 : Print Global Property
RUN-1001 : ---------------------------------------------------------------
RUN-1001 :        Parameters        |  Settings  |  Default Values  |  Note  
RUN-1001 : ---------------------------------------------------------------
RUN-1001 :          message         |  standard  |     standard     |        
RUN-1001 :   mixed_pack_place_flow  |     on     |        on        |        
RUN-1001 :        qor_monitor       |    off     |       off        |        
RUN-1001 :        syn_ip_flow       |    off     |       off        |        
RUN-1001 :          thread          |    auto    |       auto       |        
RUN-1001 : ---------------------------------------------------------------
RUN-1001 : Print Design Property
RUN-1001 : --------------------------------------------------------------
RUN-1001 :        Parameters       |  Settings  |  Default Values  |  Note  
RUN-1001 : --------------------------------------------------------------
RUN-1001 :   default_reg_initial   |    auto    |       auto       |        
RUN-1001 :        infer_add        |     on     |        on        |        
RUN-1001 :        infer_fsm        |    off     |       off        |        
RUN-1001 :        infer_mult       |     on     |        on        |        
RUN-1001 :        infer_ram        |     on     |        on        |        
RUN-1001 :        infer_reg        |     on     |        on        |        
RUN-1001 :   infer_reg_init_value  |     on     |        on        |        
RUN-1001 :        infer_rom        |     on     |        on        |        
RUN-1001 :      infer_shifter      |     on     |        on        |        
RUN-1001 : --------------------------------------------------------------
HDL-1007 : elaborate module audio_speak in ../../../RTL/audio_speak.v(1)
HDL-1007 : elaborate module clk_wiz_0 in ../../al_ip/clk_wiz_0.v(23)
HDL-1007 : elaborate module EG_LOGIC_BUFG in D:/TD/arch/eagle_macro.v(8)
HDL-1007 : elaborate module EG_PHY_PLL(FIN="50.000",FBCLK_DIV=4,CLKC0_DIV=4,CLKC1_DIV=65,CLKC0_ENABLE="ENABLE",CLKC1_ENABLE="ENABLE",FEEDBK_PATH="CLKC0_EXT",CLKC0_CPHASE=3,CLKC1_CPHASE=64,GMC_GAIN=4,ICP_CURRENT=13,KVCO=4,LPF_CAPACITOR=1,LPF_RESISTOR=4,SYNC_ENABLE="DISABLE") in D:/TD/arch/eagle_macro.v(930)
HDL-1007 : elaborate module es8388_ctrl in ../../../RTL/es8388_ctrl.v(1)
HDL-1007 : elaborate module es8388_config(WL=6'b011000) in ../../../RTL/es8388_config.v(3)
HDL-1007 : elaborate module i2c_reg_cfg(WL=6'b011000) in ../../../RTL/i2c_reg_cfg.v(1)
HDL-1007 : elaborate module i2c_dri in ../../../RTL/i2c_dri.v(1)
HDL-5007 WARNING: actual bit length 8 differs from formal bit length 16 for port 'i2c_addr' in ../../../RTL/es8388_config.v(59)
HDL-1007 : elaborate module audio_receive(WL=6'b011000) in ../../../RTL/audio_receive.v(1)
HDL-1007 : elaborate module audio_send(WL=6'b011000) in ../../../RTL/audio_send.v(1)
HDL-5007 WARNING: actual bit length 24 differs from formal bit length 32 for port 'adc_data' in ../../../RTL/audio_speak.v(143)
HDL-5007 WARNING: actual bit length 24 differs from formal bit length 32 for port 'dac_data' in ../../../RTL/audio_speak.v(144)
HDL-5007 WARNING: actual bit length 24 differs from formal bit length 32 for port 'adc_data' in ../../../RTL/audio_speak.v(161)
HDL-5007 WARNING: actual bit length 24 differs from formal bit length 32 for port 'dac_data' in ../../../RTL/audio_speak.v(162)
HDL-5007 WARNING: actual bit length 24 differs from formal bit length 32 for port 'adc_data' in ../../../RTL/audio_speak.v(179)
HDL-5007 WARNING: actual bit length 24 differs from formal bit length 32 for port 'dac_data' in ../../../RTL/audio_speak.v(180)
HDL-1007 : elaborate module sound_source_localization in ../../al_ip/TDOA.v(1)
HDL-1007 : elaborate module fft_256 in ../../al_ip/FFT.v(2)
HDL-1007 : elaborate module bit_reverse in ../../al_ip/bit_reverse.v(2)
HDL-1007 : extracting RAM for identifier 'mem_re' in ../../al_ip/bit_reverse.v(17)
HDL-1007 : extracting RAM for identifier 'mem_im' in ../../al_ip/bit_reverse.v(18)
HDL-1007 : elaborate module rom_128x16 in ../../al_ip/rom_128x16.v(2)
HDL-1007 : elaborate module butterfly in ../../al_ip/butterfly.v(2)
HDL-1007 : elaborate module butterfly(STAGE=2) in ../../al_ip/butterfly.v(2)
HDL-5007 WARNING: actual bit length 24 differs from formal bit length 16 for port 'din_re' in ../../al_ip/FFT.v(94)
HDL-5007 WARNING: actual bit length 24 differs from formal bit length 16 for port 'din_im' in ../../al_ip/FFT.v(95)
HDL-1007 : elaborate module butterfly(STAGE=3) in ../../al_ip/butterfly.v(2)
HDL-5007 WARNING: actual bit length 24 differs from formal bit length 16 for port 'din_re' in ../../al_ip/FFT.v(94)
HDL-5007 WARNING: actual bit length 24 differs from formal bit length 16 for port 'din_im' in ../../al_ip/FFT.v(95)
HDL-1007 : elaborate module butterfly(STAGE=4) in ../../al_ip/butterfly.v(2)
HDL-5007 WARNING: actual bit length 24 differs from formal bit length 16 for port 'din_re' in ../../al_ip/FFT.v(94)
HDL-5007 WARNING: actual bit length 24 differs from formal bit length 16 for port 'din_im' in ../../al_ip/FFT.v(95)
HDL-1007 : elaborate module butterfly(STAGE=5) in ../../al_ip/butterfly.v(2)
HDL-5007 WARNING: actual bit length 24 differs from formal bit length 16 for port 'din_re' in ../../al_ip/FFT.v(94)
HDL-5007 WARNING: actual bit length 24 differs from formal bit length 16 for port 'din_im' in ../../al_ip/FFT.v(95)
HDL-1007 : elaborate module butterfly(STAGE=6) in ../../al_ip/butterfly.v(2)
HDL-5007 WARNING: actual bit length 24 differs from formal bit length 16 for port 'din_re' in ../../al_ip/FFT.v(94)
HDL-5007 WARNING: actual bit length 24 differs from formal bit length 16 for port 'din_im' in ../../al_ip/FFT.v(95)
HDL-1007 : elaborate module butterfly(STAGE=7) in ../../al_ip/butterfly.v(2)
HDL-5007 WARNING: actual bit length 24 differs from formal bit length 16 for port 'din_re' in ../../al_ip/FFT.v(94)
HDL-5007 WARNING: actual bit length 24 differs from formal bit length 16 for port 'din_im' in ../../al_ip/FFT.v(95)
HDL-1007 : elaborate module butterfly(STAGE=8) in ../../al_ip/butterfly.v(2)
HDL-5007 WARNING: actual bit length 24 differs from formal bit length 16 for port 'din_re' in ../../al_ip/FFT.v(94)
HDL-5007 WARNING: actual bit length 24 differs from formal bit length 16 for port 'din_im' in ../../al_ip/FFT.v(95)
HDL-1007 : elaborate module gcc_phat in ../../al_ip/gcc_phat.v(1)
HDL-1007 : extracting RAM for identifier 'left_re_buf' in ../../al_ip/gcc_phat.v(17)
HDL-1007 : extracting RAM for identifier 'left_im_buf' in ../../al_ip/gcc_phat.v(18)
HDL-1007 : extracting RAM for identifier 'right_re_buf' in ../../al_ip/gcc_phat.v(19)
HDL-1007 : extracting RAM for identifier 'right_im_buf' in ../../al_ip/gcc_phat.v(20)
HDL-1007 : extracting RAM for identifier 'cross_re' in ../../al_ip/gcc_phat.v(25)
HDL-1007 : extracting RAM for identifier 'cross_im' in ../../al_ip/gcc_phat.v(26)
HDL-1007 : extracting RAM for identifier 'mag' in ../../al_ip/gcc_phat.v(27)
HDL-1007 : extracting RAM for identifier 'gcc_corr' in ../../al_ip/gcc_phat.v(30)
HDL-1007 : extracting RAM for identifier 'cos_rom' in ../../al_ip/gcc_phat.v(54)
HDL-1007 : extracting RAM for identifier 'sin_rom' in ../../al_ip/gcc_phat.v(55)
HDL-5007 WARNING: net 'cos_rom' does not have a driver in ../../al_ip/gcc_phat.v(54)
HDL-5007 WARNING: net 'sin_rom' does not have a driver in ../../al_ip/gcc_phat.v(55)
HDL-5007 WARNING: actual bit length 24 differs from formal bit length 16 for port 'mic_left' in ../../../RTL/audio_speak.v(225)
HDL-5007 WARNING: actual bit length 24 differs from formal bit length 16 for port 'mic_right' in ../../../RTL/audio_speak.v(226)
HDL-5001 WARNING: Contains anonymous inst(s) and/or net(s) that have not been renamed
HDL-1200 : Current top model is audio_speak
HDL-1100 : Inferred 12 RAMs.
RUN-1002 : start command "export_db ES8388_elaborate.db"
RUN-1001 : Exported /
RUN-1001 : Exported flow parameters
RUN-1001 : Exported libs
RUN-1001 : Exported entities
RUN-1001 : Exported ports
RUN-1001 : Exported pins
RUN-1001 : Exported instances
RUN-1001 : Exported nets
RUN-1001 : Exported buses
RUN-1001 : Exported models
RUN-1001 : Exported congestions
RUN-1001 : Exported violations
RUN-1001 : Exported IO constraints
RUN-1001 : Exported Inst constraints
RUN-1002 : start command "read_adc ../../ES8388.adc"
RUN-1002 : start command "set_pin_assignment  aud_adcdat   LOCATION = R14; "
RUN-1002 : start command "set_pin_assignment  aud_bclk   LOCATION = M6; "
RUN-1002 : start command "set_pin_assignment  aud_dacdat   LOCATION = P6; "
RUN-1002 : start command "set_pin_assignment  aud_lrc   LOCATION = M7; "
RUN-1002 : start command "set_pin_assignment  aud_mclk   LOCATION = N5; "
RUN-1002 : start command "set_pin_assignment  aud_scl   LOCATION = R12; "
RUN-1002 : start command "set_pin_assignment  aud_sda   LOCATION = R9; "
RUN-1002 : start command "set_pin_assignment  ilaclk   LOCATION = T5; "
RUN-1002 : start command "set_pin_assignment  led   LOCATION = B14; "
RUN-1002 : start command "set_pin_assignment  sys_clk   LOCATION = R7; "
RUN-1002 : start command "set_pin_assignment  sys_rst_n   LOCATION = E3; "
RUN-1002 : start command "set_pin_assignment  sys_rst_n_1   LOCATION = A9; "
RUN-1002 : start command "set_pin_assignment  sys_rst_n_2   LOCATION = A10; "
RUN-1002 : start command "set_pin_assignment  volume[0]   LOCATION = B10; "
RUN-1002 : start command "set_pin_assignment  volume[1]   LOCATION = A11; "
RUN-1002 : start command "set_pin_assignment  aud_adcdat_1   LOCATION = F7; "
RUN-1002 : start command "set_pin_assignment  aud_bclk_1   LOCATION = C4; "
RUN-1002 : start command "set_pin_assignment  aud_dacdat_1   LOCATION = C5; "
RUN-1002 : start command "set_pin_assignment  aud_lrc_1   LOCATION = D6; "
RUN-1002 : start command "set_pin_assignment  aud_mclk_1   LOCATION = B3; "
RUN-1002 : start command "set_pin_assignment  aud_scl_1   LOCATION = B2; "
RUN-1002 : start command "set_pin_assignment  aud_sda_1   LOCATION = B1; "
RUN-1002 : start command "set_pin_assignment  ilaclk_1   LOCATION = D3; "
RUN-1002 : start command "set_pin_assignment  led_1   LOCATION = B15; "
RUN-1002 : start command "set_pin_assignment  aud_adcdat_2   LOCATION = H15; "
RUN-1002 : start command "set_pin_assignment  aud_bclk_2   LOCATION = F13; "
RUN-1002 : start command "set_pin_assignment  aud_dacdat_2   LOCATION = G12; "
RUN-1002 : start command "set_pin_assignment  aud_lrc_2   LOCATION = H13; "
RUN-1002 : start command "set_pin_assignment  aud_mclk_2   LOCATION = F15; "
RUN-1002 : start command "set_pin_assignment  aud_scl_2   LOCATION = D16; "
RUN-1002 : start command "set_pin_assignment  aud_sda_2   LOCATION = J11; "
RUN-1002 : start command "set_pin_assignment  ilaclk_2   LOCATION = K15; "
RUN-1002 : start command "set_pin_assignment  led_2   LOCATION = B16; "
RUN-1002 : start command "set_pin_assignment leds[0] LOCATION=C15;"
RUN-1002 : start command "set_pin_assignment leds[1] LOCATION=C16;"
RUN-1002 : start command "set_pin_assignment leds[2] LOCATION=E13;"
RUN-1002 : start command "set_pin_assignment I2S_LRCLK LOCATION=E15;"
RUN-1002 : start command "set_pin_assignment I2S_BCLK LOCATION=D14;"
RUN-1002 : start command "set_pin_assignment I2S_DATA LOCATION=F14;"
RUN-1002 : start command "set_pin_assignment loc_valid_signal LOCATION=F16;"
RUN-1001 : Starting of IO setups legality check.
RUN-1001 : Starting of IO setups legality check.
RUN-1001 : Starting of IO vref setups legality check.
RUN-1002 : start command "optimize_rtl"
RUN-1001 : Open license file D:/TD/license/Anlogic.lic
RUN-1001 : Print Global Property
RUN-1001 : ---------------------------------------------------------------
RUN-1001 :        Parameters        |  Settings  |  Default Values  |  Note  
RUN-1001 : ---------------------------------------------------------------
RUN-1001 :          message         |  standard  |     standard     |        
RUN-1001 :   mixed_pack_place_flow  |     on     |        on        |        
RUN-1001 :        qor_monitor       |    off     |       off        |        
RUN-1001 :        syn_ip_flow       |    off     |       off        |        
RUN-1001 :          thread          |    auto    |       auto       |        
RUN-1001 : ---------------------------------------------------------------
RUN-1001 : Print Rtl Property
RUN-1001 : --------------------------------------------------------------
RUN-1001 :        Parameters       |  Settings  |  Default Values  |  Note  
RUN-1001 : --------------------------------------------------------------
RUN-1001 :       compress_add      |   ripple   |      ripple      |        
RUN-1001 :        elf_sload        |    off     |       off        |        
RUN-1001 :       fix_undriven      |     0      |        0         |        
RUN-1001 :         flatten         |    off     |       off        |        
RUN-1001 :       gate_sharing      |     on     |        on        |        
RUN-1001 :    hdl_warning_level    |   normal   |      normal      |        
RUN-1001 :   impl_internal_tribuf  |     on     |        on        |        
RUN-1001 :      impl_set_reset     |     on     |        on        |        
RUN-1001 :        infer_gsr        |    off     |       off        |        
RUN-1001 :      keep_hierarchy     |    auto    |       auto       |        
RUN-1001 :        max_fanout       |    9999    |       9999       |        
RUN-1001 :      max_oh2bin_len     |     10     |        10        |        
RUN-1001 :       merge_equal       |     on     |        on        |        
RUN-1001 :       merge_equiv       |     on     |        on        |        
RUN-1001 :        merge_mux        |    off     |       off        |        
RUN-1001 :     min_control_set     |     8      |        8         |        
RUN-1001 :      min_ripple_len     |    auto    |       auto       |        
RUN-1001 :       oh2bin_ratio      |    0.08    |       0.08       |        
RUN-1001 :     opt_adder_fanout    |     on     |        on        |        
RUN-1001 :        opt_arith        |     on     |        on        |        
RUN-1001 :       opt_big_gate      |    off     |       off        |        
RUN-1001 :        opt_const        |     on     |        on        |        
RUN-1001 :      opt_const_mult     |     on     |        on        |        
RUN-1001 :       opt_lessthan      |     on     |        on        |        
RUN-1001 :         opt_mux         |    off     |       off        |        
RUN-1001 :         opt_ram         |    high    |       high       |        
RUN-1001 :      rtl_sim_model      |    off     |       off        |        
RUN-1001 :         seq_syn         |     on     |        on        |        
RUN-1001 : --------------------------------------------------------------
SYN-1012 : SanityCheck: Model "audio_speak"
SYN-1012 : SanityCheck: Model "sound_source_localization"
SYN-1012 : SanityCheck: Model "fft_256"
SYN-1012 : SanityCheck: Model "butterfly(STAGE=2)"
SYN-1012 : SanityCheck: Model "butterfly(STAGE=3)"
SYN-1012 : SanityCheck: Model "butterfly(STAGE=4)"
SYN-1012 : SanityCheck: Model "butterfly(STAGE=5)"
SYN-1012 : SanityCheck: Model "butterfly(STAGE=6)"
SYN-1012 : SanityCheck: Model "butterfly(STAGE=7)"
SYN-1012 : SanityCheck: Model "butterfly(STAGE=8)"
SYN-1012 : SanityCheck: Model "bit_reverse"
SYN-1012 : SanityCheck: Model "butterfly"
SYN-1012 : SanityCheck: Model "rom_128x16"
SYN-1012 : SanityCheck: Model "gcc_phat"
SYN-1012 : SanityCheck: Model "es8388_ctrl"
SYN-1012 : SanityCheck: Model "audio_receive(WL=6'b011000)"
SYN-1012 : SanityCheck: Model "audio_send(WL=6'b011000)"
SYN-1012 : SanityCheck: Model "es8388_config(WL=6'b011000)"
SYN-1012 : SanityCheck: Model "i2c_dri"
SYN-1012 : SanityCheck: Model "i2c_reg_cfg(WL=6'b011000)"
SYN-1012 : SanityCheck: Model "clk_wiz_0"
SYN-1043 : Mark clk_wiz_0 as IO macro for instance bufg_feedback
SYN-1043 : Mark i2c_dri as IO macro for instance sda_i
SYN-1043 : Mark es8388_config(WL=6'b011000) as IO macro for instance u_i2c_dri
SYN-1043 : Mark es8388_ctrl as IO macro for instance u_es8388_config
SYN-1011 : Flatten model audio_speak
SYN-1032 : 36735/3729 useful/useless nets, 14093/228 useful/useless insts
SYN-1001 : Optimize 96 less-than instances
SYN-1016 : Merged 28589 instances.
SYN-1025 : Merged 84 RAM ports.
SYN-1027 : Infer Logic DRAM(direct/fft_left/u_bit_reverse/ramread0_syn_6) read 256x16, write 256x16
SYN-1027 : Infer Logic DRAM(direct/fft_left/u_bit_reverse/ramread1_syn_6) read 256x16, write 256x16
SYN-1027 : Infer Logic DRAM(direct/fft_right/u_bit_reverse/ramread0_syn_6) read 256x16, write 256x16
SYN-1027 : Infer Logic DRAM(direct/u_gcc_phat/ramread2_syn_6) read 256x48, write 256x48
SYN-1025 : Merged 1 RAM ports.
SYN-1027 : Infer Logic DRAM(direct/u_gcc_phat/ramread3_syn_6) read 256x48, write 256x48
SYN-1027 : Infer Logic DRAM(direct/u_gcc_phat/ramread4_syn_6) read 256x48, write 256x48
SYN-1025 : Merged 1 RAM ports.
SYN-1027 : Infer Logic DRAM(direct/u_gcc_phat/ramread6_syn_6) read 64x32, write 64x32
SYN-1023 : Infer 7 Logic DRAMs, 2 Logic BRAMs.
SYN-1032 : 24108/7316 useful/useless nets, 6770/3831 useful/useless insts
SYN-1016 : Merged 2469 instances.
SYN-1032 : 21121/622 useful/useless nets, 15077/627 useful/useless insts
SYN-1014 : Optimize round 1
SYN-1032 : 20898/223 useful/useless nets, 14967/110 useful/useless insts
SYN-1017 : Remove 2 const input seq instances
SYN-1002 :     direct/fft_left/stage_gen[2]$u_stage/reg9_syn_2
SYN-1002 :     direct/fft_left/u_twid_im_rom/reg0_syn_17
SYN-1018 : Transformed 75 mux instances.
SYN-1019 : Optimized 104 mux instances.
SYN-1021 : Optimized 23 onehot mux instances.
SYN-1020 : Optimized 1147 distributor mux.
SYN-1001 : Optimize 4 less-than instances
SYN-1019 : Optimized 20 mux instances.
SYN-1016 : Merged 1876 instances.
SYN-1015 : Optimize round 1, 11243 better
SYN-1014 : Optimize round 2
SYN-1044 : Optimized 12 inv instances.
SYN-1032 : 16065/112 useful/useless nets, 10134/1236 useful/useless insts
SYN-1017 : Remove 16 const input seq instances
SYN-1002 :     direct/fft_left/stage_gen[2]$u_stage/reg10_syn_17
SYN-1002 :     direct/fft_left/stage_gen[3]$u_stage/reg10_syn_17
SYN-1002 :     direct/fft_left/stage_gen[4]$u_stage/reg10_syn_17
SYN-1002 :     direct/fft_left/stage_gen[5]$u_stage/reg10_syn_17
SYN-1002 :     direct/fft_left/stage_gen[6]$u_stage/reg10_syn_17
SYN-1002 :     direct/fft_left/stage_gen[7]$u_stage/reg10_syn_17
SYN-1002 :     direct/fft_left/stage_gen[8]$u_stage/reg10_syn_17
SYN-1002 :     direct/fft_left/stage_gen[8]$u_stage/reg12_syn_20
SYN-1002 :     direct/fft_left/u_stage1/reg10_syn_10
SYN-1002 :     direct/u_gcc_phat/reg5_syn_10
SYN-1002 :     u1_es8388_ctrl/u_audio_send/reg0_syn_26
SYN-1002 :     u1_es8388_ctrl/u_es8388_config/u_i2c_dri/wr_flag_reg
SYN-1002 :     u2_es8388_ctrl/u_audio_send/reg0_syn_26
SYN-1002 :     u2_es8388_ctrl/u_es8388_config/u_i2c_dri/wr_flag_reg
SYN-1002 :     u_es8388_ctrl/u_audio_send/reg0_syn_26
SYN-1002 :     u_es8388_ctrl/u_es8388_config/u_i2c_dri/wr_flag_reg
SYN-1019 : Optimized 7 mux instances.
SYN-1016 : Merged 19 instances.
SYN-1015 : Optimize round 2, 1446 better
SYN-1032 : 16019/4 useful/useless nets, 10088/8 useful/useless insts
SYN-3003 : Optimized 1 equivalent DFF(s)
SYN-3003 : Optimized 1 equivalent DFF(s)
SYN-3003 : Optimized 1 equivalent DFF(s)
SYN-3003 : Optimized 1 equivalent DFF(s)
SYN-3003 : Optimized 1 equivalent DFF(s)
SYN-3003 : Optimized 1 equivalent DFF(s)
SYN-3003 : Optimized 1 equivalent DFF(s)
SYN-3003 : Optimized 1 equivalent DFF(s)
SYN-3003 : Optimized 1 equivalent DFF(s)
SYN-3003 : Optimized 1 equivalent DFF(s)
SYN-3003 : Optimized 1 equivalent DFF(s)
SYN-3003 : Optimized 1 equivalent DFF(s)
SYN-3003 : Optimized 1 equivalent DFF(s)
SYN-3003 : Optimized 1 equivalent DFF(s)
SYN-3003 : Optimized 1 equivalent DFF(s)
SYN-3003 : Optimized 1 equivalent DFF(s)
SYN-3003 : Optimized 1 equivalent DFF(s)
SYN-3003 : Optimized 1 equivalent DFF(s)
SYN-3003 : Optimized 1 equivalent DFF(s)
SYN-3003 : Optimized 1 equivalent DFF(s)
SYN-3003 : Optimized 1 equivalent DFF(s)
SYN-3003 : Optimized 1 equivalent DFF(s)
SYN-3003 : Optimized 1 equivalent DFF(s)
SYN-3003 : Optimized 1 equivalent DFF(s)
SYN-3003 : Optimized 1 equivalent DFF(s)
SYN-3003 : Optimized 1 equivalent DFF(s)
SYN-3003 : Optimized 1 equivalent DFF(s)
SYN-3003 : Optimized 1 equivalent DFF(s)
SYN-3004 : Optimized 1 const0 DFF(s)
SYN-3004 : Optimized 6 const0 DFF(s)
SYN-3004 : Optimized 6 const0 DFF(s)
SYN-3004 : Optimized 6 const0 DFF(s)
SYN-1032 : 15811/208 useful/useless nets, 9909/132 useful/useless insts
SYN-1014 : Optimize round 1
SYN-1032 : 15098/198 useful/useless nets, 9196/216 useful/useless insts
SYN-1019 : Optimized 28 mux instances.
SYN-1016 : Merged 119 instances.
SYN-1015 : Optimize round 1, 1098 better
SYN-1014 : Optimize round 2
SYN-1032 : 14744/102 useful/useless nets, 9006/0 useful/useless insts
SYN-1015 : Optimize round 2, 31 better
SYN-1014 : Optimize round 3
SYN-1015 : Optimize round 3, 0 better
RUN-1003 : finish command "optimize_rtl" in  8.190267s wall, 7.125000s user + 0.937500s system = 8.062500s CPU (98.4%)

RUN-1004 : used memory is 261 MB, reserved memory is 230 MB, peak memory is 293 MB
RUN-1002 : start command "report_area -file ES8388_rtl.area"
RUN-1001 : standard
***Report Model: audio_speak Device: EG4S20BG256***

IO Statistics
#IO                        40
  #input                   15
  #output                  22
  #inout                    3

Gate Statistics
#Basic gates             7535
  #and                    561
  #nand                     0
  #or                     808
  #nor                      0
  #xor                      3
  #xnor                     0
  #buf                      0
  #not                    212
  #bufif1                   3
  #MX21                  2343
  #FADD                     0
  #DFF                   3605
  #LATCH                    0
#MACRO_ADD                342
#MACRO_EQ                 133
#MACRO_MULT                41
#MACRO_MUX                935
#MACRO_OTHERS              12

Report Hierarchy Area:
+------------------------------------------------------------------------------+
|Instance                   |Module                    |gates  |seq    |macros |
+------------------------------------------------------------------------------+
|top                        |audio_speak               |3930   |3605   |528    |
|  direct                   |sound_source_localization |2481   |3137   |372    |
|    fft_left               |fft_256                   |31     |1622   |78     |
|      stage_gen[2]$u_stage |butterfly                 |3      |196    |9      |
|      stage_gen[3]$u_stage |butterfly                 |3      |194    |9      |
|      stage_gen[4]$u_stage |butterfly                 |3      |194    |9      |
|      stage_gen[5]$u_stage |butterfly                 |3      |194    |9      |
|      stage_gen[6]$u_stage |butterfly                 |3      |194    |9      |
|      stage_gen[7]$u_stage |butterfly                 |3      |194    |9      |
|      stage_gen[8]$u_stage |butterfly                 |3      |210    |9      |
|      u_bit_reverse        |bit_reverse               |6      |51     |6      |
|      u_stage1             |butterfly                 |3      |194    |9      |
|      u_twid_im_rom        |rom_128x16                |1      |1      |0      |
|    fft_right              |fft_256                   |0      |1409   |60     |
|      stage_gen[2]$u_stage |butterfly                 |0      |142    |7      |
|      stage_gen[3]$u_stage |butterfly                 |0      |190    |8      |
|      stage_gen[4]$u_stage |butterfly                 |0      |190    |8      |
|      stage_gen[5]$u_stage |butterfly                 |0      |190    |8      |
|      stage_gen[6]$u_stage |butterfly                 |0      |190    |8      |
|      stage_gen[7]$u_stage |butterfly                 |0      |190    |8      |
|      stage_gen[8]$u_stage |butterfly                 |0      |206    |8      |
|      u_bit_reverse        |bit_reverse               |0      |16     |1      |
|      u_stage1             |butterfly                 |0      |95     |4      |
|    u_gcc_phat             |gcc_phat                  |2444   |103    |231    |
|  u1_es8388_ctrl           |es8388_ctrl               |482    |148    |50     |
|    u_audio_receive        |audio_receive             |26     |55     |5      |
|    u_audio_send           |audio_send                |1      |25     |0      |
|    u_es8388_config        |es8388_config             |455    |68     |45     |
|      u_i2c_dri            |i2c_dri                   |453    |41     |40     |
|      u_i2c_reg_cfg        |i2c_reg_cfg               |2      |27     |5      |
|  u1_pll_clk               |clk_wiz_0                 |0      |0      |1      |
|  u2_es8388_ctrl           |es8388_ctrl               |482    |148    |50     |
|    u_audio_receive        |audio_receive             |26     |55     |5      |
|    u_audio_send           |audio_send                |1      |25     |0      |
|    u_es8388_config        |es8388_config             |455    |68     |45     |
|      u_i2c_dri            |i2c_dri                   |453    |41     |40     |
|      u_i2c_reg_cfg        |i2c_reg_cfg               |2      |27     |5      |
|  u2_pll_clk               |clk_wiz_0                 |0      |0      |1      |
|  u_es8388_ctrl            |es8388_ctrl               |482    |148    |50     |
|    u_audio_receive        |audio_receive             |26     |55     |5      |
|    u_audio_send           |audio_send                |1      |25     |0      |
|    u_es8388_config        |es8388_config             |455    |68     |45     |
|      u_i2c_dri            |i2c_dri                   |453    |41     |40     |
|      u_i2c_reg_cfg        |i2c_reg_cfg               |2      |27     |5      |
|  u_pll_clk                |clk_wiz_0                 |0      |0      |1      |
+------------------------------------------------------------------------------+

RUN-1002 : start command "export_db ES8388_rtl.db"
RUN-1001 : Exported /
RUN-1001 : Exported flow parameters
RUN-1001 : Exported libs
RUN-1001 : Exported entities
RUN-1001 : Exported ports
RUN-1001 : Exported pins
RUN-1001 : Exported instances
RUN-1001 : Exported nets
RUN-1001 : Exported buses
RUN-1001 : Exported models
RUN-1001 : Exported congestions
RUN-1001 : Exported violations
RUN-1001 : Exported IO constraints
RUN-1001 : Exported Inst constraints
RUN-1002 : start command "optimize_gate -maparea ES8388_gate.area"
RUN-1001 : Open license file D:/TD/license/Anlogic.lic
RUN-1001 : Print Global Property
RUN-1001 : ---------------------------------------------------------------
RUN-1001 :        Parameters        |  Settings  |  Default Values  |  Note  
RUN-1001 : ---------------------------------------------------------------
RUN-1001 :          message         |  standard  |     standard     |        
RUN-1001 :   mixed_pack_place_flow  |     on     |        on        |        
RUN-1001 :        qor_monitor       |    off     |       off        |        
RUN-1001 :        syn_ip_flow       |    off     |       off        |        
RUN-1001 :          thread          |    auto    |       auto       |        
RUN-1001 : ---------------------------------------------------------------
RUN-1001 : Print Gate Property
RUN-1001 : ------------------------------------------------------------------
RUN-1001 :          Parameters         |  Settings  |  Default Values  |  Note  
RUN-1001 : ------------------------------------------------------------------
RUN-1001 :         cascade_dsp         |    off     |       off        |        
RUN-1001 :         cascade_eram        |    off     |       off        |        
RUN-1001 :        gate_sim_model       |    off     |       off        |        
RUN-1001 :        map_sim_model        |    off     |       off        |        
RUN-1001 :         map_strategy        |     1      |        1         |        
RUN-1001 :           opt_area          |   medium   |      medium      |        
RUN-1001 :          opt_timing         |    auto    |       auto       |        
RUN-1001 :         pack_effort         |   medium   |      medium      |        
RUN-1001 :      pack_lslice_ripple     |     on     |        on        |        
RUN-1001 :   pack_lslice_ripple_ratio  |    0.5     |       0.5        |        
RUN-1001 :        pack_seq_in_io       |    auto    |       auto       |        
RUN-1001 :        ph1_mux_ratio        |    1.0     |       1.0        |        
RUN-1001 :            report           |  standard  |     standard     |        
RUN-1001 :           retiming          |    off     |       off        |        
RUN-1001 : ------------------------------------------------------------------
SYN-2001 : Map 40 IOs to PADs
SYN-1032 : 14775/9 useful/useless nets, 9031/15 useful/useless insts
RUN-1002 : start command "update_pll_param -module audio_speak"
SYN-2501 : Processed 0 LOGIC_BUF instances.
SYN-2501 : 3 BUFG to GCLK
SYN-2512 : LOGIC BRAM "direct/u_gcc_phat/ramread0_syn_6"
SYN-2512 : LOGIC BRAM "direct/u_gcc_phat/ramread1_syn_6"
SYN-2531 : Dram(direct/fft_left/u_bit_reverse/ramread0_syn_6) write 256x16, read 256x16
SYN-2531 : Dram(direct/fft_left/u_bit_reverse/ramread1_syn_6) write 256x16, read 256x16
SYN-2531 : Dram(direct/fft_right/u_bit_reverse/ramread0_syn_6) write 256x16, read 256x16
SYN-2531 : Dram(direct/u_gcc_phat/ramread2_syn_6) write 256x48, read 256x48
SYN-2531 : Dram(direct/u_gcc_phat/ramread3_syn_6) write 256x48, read 256x48
SYN-2531 : Dram(direct/u_gcc_phat/ramread4_syn_6) write 256x48, read 256x48
SYN-2531 : Dram(direct/u_gcc_phat/ramread6_syn_6) write 64x32, read 64x32
SYN-2571 : Map 41 macro multiplier
SYN-2571 : Optimize after map_dsp, round 1
SYN-1032 : 19498/36 useful/useless nets, 10372/0 useful/useless insts
SYN-1016 : Merged 311 instances.
SYN-2571 : Optimize after map_dsp, round 1, 347 better
SYN-2571 : Optimize after map_dsp, round 2
SYN-2571 : Optimize after map_dsp, round 2, 0 better
SYN-2571 : Map 38 macro multiplier
SYN-2571 : Map 38 macro multiplier
SYN-2561 : Map multiplier direct/fft_right/stage_gen[4]$u_stage/mult0 into carry-chain logic
SYN-2561 : Map multiplier direct/fft_right/stage_gen[4]$u_stage/mult1 into carry-chain logic
SYN-2561 : Map multiplier direct/fft_right/stage_gen[5]$u_stage/mult0 into carry-chain logic
SYN-2561 : Map multiplier direct/fft_right/stage_gen[5]$u_stage/mult1 into carry-chain logic
SYN-2561 : Map multiplier direct/fft_right/stage_gen[6]$u_stage/mult0 into carry-chain logic
SYN-2561 : Map multiplier direct/fft_right/stage_gen[6]$u_stage/mult1 into carry-chain logic
SYN-2561 : Map multiplier direct/fft_right/stage_gen[7]$u_stage/mult0 into carry-chain logic
SYN-2561 : Map multiplier direct/fft_right/stage_gen[7]$u_stage/mult1 into carry-chain logic
SYN-2561 : Map multiplier direct/fft_right/stage_gen[8]$u_stage/mult0 into carry-chain logic
SYN-2561 : Map multiplier direct/fft_right/stage_gen[8]$u_stage/mult1 into carry-chain logic
SYN-2561 : Map multiplier direct/fft_right/u_stage1/mult0 into carry-chain logic
SYN-2561 : Map multiplier direct/u_gcc_phat/mult0_syn_1 into carry-chain logic
SYN-2561 : Map multiplier direct/u_gcc_phat/mult0_syn_63 into carry-chain logic
SYN-2561 : Map multiplier direct/u_gcc_phat/mult0_syn_76 into carry-chain logic
SYN-2561 : Map multiplier direct/u_gcc_phat/mult1_syn_1 into carry-chain logic
SYN-2561 : Map multiplier direct/u_gcc_phat/mult1_syn_63 into carry-chain logic
SYN-2561 : Map multiplier direct/u_gcc_phat/mult1_syn_76 into carry-chain logic
SYN-2561 : Map multiplier direct/u_gcc_phat/mult10_syn_37 into carry-chain logic
SYN-2561 : Map multiplier direct/u_gcc_phat/mult2_syn_1 into carry-chain logic
SYN-2561 : Map multiplier direct/u_gcc_phat/mult2_syn_63 into carry-chain logic
SYN-2561 : Map multiplier direct/u_gcc_phat/mult2_syn_76 into carry-chain logic
SYN-2561 : Map multiplier direct/u_gcc_phat/mult3_syn_1 into carry-chain logic
SYN-2561 : Map multiplier direct/u_gcc_phat/mult3_syn_63 into carry-chain logic
SYN-2561 : Map multiplier direct/u_gcc_phat/mult3_syn_76 into carry-chain logic
SYN-2561 : Map multiplier direct/u_gcc_phat/mult4_syn_1 into carry-chain logic
SYN-2561 : Map multiplier direct/u_gcc_phat/mult4_syn_63 into carry-chain logic
SYN-2561 : Map multiplier direct/u_gcc_phat/mult4_syn_76 into carry-chain logic
SYN-2561 : Map multiplier direct/u_gcc_phat/mult5_syn_1 into carry-chain logic
SYN-2561 : Map multiplier direct/u_gcc_phat/mult5_syn_63 into carry-chain logic
SYN-2561 : Map multiplier direct/u_gcc_phat/mult5_syn_76 into carry-chain logic
SYN-2561 : Map multiplier direct/u_gcc_phat/mult6_syn_1 into carry-chain logic
SYN-2561 : Map multiplier direct/u_gcc_phat/mult6_syn_63 into carry-chain logic
SYN-2561 : Map multiplier direct/u_gcc_phat/mult6_syn_76 into carry-chain logic
SYN-2561 : Map multiplier direct/u_gcc_phat/mult7_syn_1 into carry-chain logic
SYN-2561 : Map multiplier direct/u_gcc_phat/mult7_syn_63 into carry-chain logic
SYN-2561 : Map multiplier direct/u_gcc_phat/mult7_syn_76 into carry-chain logic
SYN-2561 : Map multiplier direct/u_gcc_phat/mult9_syn_37 into carry-chain logic
SYN-1001 : Throwback 94 control mux instances
SYN-1001 : Convert 188 adder
SYN-2501 : Optimize round 1
SYN-1032 : 28288/10168 useful/useless nets, 16028/619 useful/useless insts
SYN-1016 : Merged 4870 instances.
SYN-2501 : Optimize round 1, 11337 better
SYN-2501 : Optimize round 2
SYN-1032 : 23405/13 useful/useless nets, 11158/0 useful/useless insts
SYN-2501 : Optimize round 2, 0 better
SYN-2501 : Map 645 macro adder
SYN-1019 : Optimized 479 mux instances.
SYN-1016 : Merged 1303 instances.
SYN-1032 : 41099/5118 useful/useless nets, 28932/24 useful/useless insts
SYN-3001 : Running gate level optimization.
SYN-2581 : Mapping with K=5, #lut = 6272 (3.47), #lev = 28 (9.27)
SYN-2551 : Post LUT mapping optimization.
SYN-2581 : Mapping with K=5, #lut = 6147 (3.52), #lev = 27 (9.03)
SYN-3001 : Logic optimization runtime opt =   0.64 sec, map =   0.00 sec
SYN-3001 : Mapper mapped 9755 instances into 6404 LUTs, name keeping = 66%.
SYN-3001 : Mapper removed 245 lut buffers
RUN-1002 : start command "report_area -file ES8388_gate.area"
RUN-1001 : standard
***Report Model: audio_speak Device: EG4S20BG256***

IO Statistics
#IO                        40
  #input                   15
  #output                  22
  #inout                    3

LUT Statistics
#Total_luts             21253
  #lut4                  5184
  #lut5                   975
  #lut6                     0
  #lut5_mx41                0
  #lut4_alu1b           15094

Utilization Statistics
#lut                    21253   out of  19600  108.43%
#reg                     3251   out of  19600   16.59%
#le                         0
#dsp                       29   out of     29  100.00%
#bram                       2   out of     64    3.12%
  #bram9k                   2
  #fifo9k                   0
#bram32k                    0   out of     16    0.00%
#dram                     752
#pad                       40   out of    188   21.28%
  #ireg                     6
  #oreg                    13
  #treg                     3
#pll                        3   out of      4   75.00%

Report Hierarchy Area:
+---------------------------------------------------------------------------------------------------+
|Instance                   |Module                    |lut     |ripple  |seq     |bram    |dsp     |
+---------------------------------------------------------------------------------------------------+
|top                        |audio_speak               |6159    |15094   |3273    |2       |29      |
|  direct                   |sound_source_localization |5537    |14554   |2792    |2       |29      |
|    fft_left               |fft_256                   |519     |1020    |1328    |0       |16      |
|      stage_gen[2]$u_stage |butterfly                 |34      |132     |163     |0       |2       |
|      stage_gen[3]$u_stage |butterfly                 |33      |132     |161     |0       |2       |
|      stage_gen[4]$u_stage |butterfly                 |33      |132     |162     |0       |2       |
|      stage_gen[5]$u_stage |butterfly                 |33      |132     |162     |0       |2       |
|      stage_gen[6]$u_stage |butterfly                 |33      |132     |162     |0       |2       |
|      stage_gen[7]$u_stage |butterfly                 |33      |132     |162     |0       |2       |
|      stage_gen[8]$u_stage |butterfly                 |41      |142     |178     |0       |2       |
|      u_bit_reverse        |bit_reverse               |245     |18      |39      |0       |0       |
|      u_stage1             |butterfly                 |33      |68      |138     |0       |2       |
|      u_twid_im_rom        |rom_128x16                |1       |0       |1       |0       |0       |
|    fft_right              |fft_256                   |636     |3665    |1361    |0       |3       |
|      stage_gen[2]$u_stage |butterfly                 |30      |132     |126     |0       |1       |
|      stage_gen[3]$u_stage |butterfly                 |30      |132     |158     |0       |2       |
|      stage_gen[4]$u_stage |butterfly                 |74      |622     |190     |0       |0       |
|      stage_gen[5]$u_stage |butterfly                 |74      |622     |190     |0       |0       |
|      stage_gen[6]$u_stage |butterfly                 |74      |622     |190     |0       |0       |
|      stage_gen[7]$u_stage |butterfly                 |74      |622     |190     |0       |0       |
|      stage_gen[8]$u_stage |butterfly                 |82      |634     |206     |0       |0       |
|      u_bit_reverse        |bit_reverse               |161     |0       |16      |0       |0       |
|      u_stage1             |butterfly                 |37      |279     |95      |0       |0       |
|    u_gcc_phat             |gcc_phat                  |4379    |9843    |103     |2       |10      |
|  u1_es8388_ctrl           |es8388_ctrl               |210     |60      |145     |0       |0       |
|    u_audio_receive        |audio_receive             |44      |22      |53      |0       |0       |
|    u_audio_send           |audio_send                |17      |0       |24      |0       |0       |
|    u_es8388_config        |es8388_config             |149     |38      |68      |0       |0       |
|      u_i2c_dri            |i2c_dri                   |111     |19      |41      |0       |0       |
|      u_i2c_reg_cfg        |i2c_reg_cfg               |38      |19      |27      |0       |0       |
|  u1_pll_clk               |clk_wiz_0                 |1       |0       |0       |0       |0       |
|  u2_es8388_ctrl           |es8388_ctrl               |198     |60      |145     |0       |0       |
|    u_audio_receive        |audio_receive             |44      |22      |53      |0       |0       |
|    u_audio_send           |audio_send                |16      |0       |24      |0       |0       |
|    u_es8388_config        |es8388_config             |138     |38      |68      |0       |0       |
|      u_i2c_dri            |i2c_dri                   |101     |19      |41      |0       |0       |
|      u_i2c_reg_cfg        |i2c_reg_cfg               |37      |19      |27      |0       |0       |
|  u2_pll_clk               |clk_wiz_0                 |1       |0       |0       |0       |0       |
|  u_es8388_ctrl            |es8388_ctrl               |211     |393     |145     |0       |0       |
|    u_audio_receive        |audio_receive             |44      |22      |53      |0       |0       |
|    u_audio_send           |audio_send                |20      |333     |24      |0       |0       |
|    u_es8388_config        |es8388_config             |147     |38      |68      |0       |0       |
|      u_i2c_dri            |i2c_dri                   |110     |19      |41      |0       |0       |
|      u_i2c_reg_cfg        |i2c_reg_cfg               |37      |19      |27      |0       |0       |
|  u_pll_clk                |clk_wiz_0                 |1       |0       |0       |0       |0       |
+---------------------------------------------------------------------------------------------------+

SYN-1001 : Packing model "audio_speak" ...
SYN-4010 : Pack lib has 58 rtl pack models with 25 top pack blocks
SYN-1014 : Optimize round 1
SYN-1015 : Optimize round 1, 0 better
SYN-4002 : Packing 3251 DFF/LATCH to SEQ ...
SYN-4009 : Pack 171 carry chain into lslice
SYN-4007 : Packing 7537 adder to BLE ...
SYN-4008 : Packed 7537 adder and 1050 SEQ to BLE.
SYN-4007 : Packing 0 gate4 to BLE ...
SYN-4008 : Packed 0 gate4 and 0 SEQ to BLE.
SYN-4012 : Packed 0 FxMUX
SYN-4013 : Packed 752 DRAM and 0 SEQ.
RUN-1003 : finish command "optimize_gate -maparea ES8388_gate.area" in  6.880114s wall, 6.515625s user + 0.187500s system = 6.703125s CPU (97.4%)

RUN-1004 : used memory is 485 MB, reserved memory is 458 MB, peak memory is 485 MB
RUN-1002 : start command "legalize_phy_inst"
SYN-1011 : Flatten model audio_speak
SYN-1032 : 35221/0 useful/useless nets, 16526/1 useful/useless insts
RUN-1002 : start command "export_db ES8388_gate.db"
RUN-1001 : Exported /
RUN-1001 : Exported flow parameters
RUN-1001 : Exported libs
RUN-1001 : Exported entities
RUN-1001 : Exported ports
RUN-1001 : Exported pins
RUN-1001 : Exported instances
RUN-1001 : Exported nets
RUN-1001 : Exported buses
RUN-1001 : Exported models
RUN-1001 : Exported congestions
RUN-1001 : Exported violations
RUN-1001 : Exported IO constraints
RUN-1001 : Exported Inst constraints
RUN-1003 : finish command "export_db ES8388_gate.db" in  2.265590s wall, 3.328125s user + 0.062500s system = 3.390625s CPU (149.7%)

RUN-1004 : used memory is 497 MB, reserved memory is 475 MB, peak memory is 623 MB
RUN-1002 : start command "backup_run_log run.log ../.logs/syn_1/td_20251021_211404.log"
