============================================================
   Tang Dynasty, V5.6.71036
      Copyright (c) 2012-2023 Anlogic Inc.
   Executable = D:/TD/bin/td.exe
   Built at =   20:34:38 Mar 21 2023
   Run by =     lyw15
   Run Date =   Mon Nov  3 21:08:27 2025

   Run on =     -001
============================================================
RUN-1002 : start command "open_project ES8388.prj"
RUN-1001 : Print Global Property
RUN-1001 : ---------------------------------------------------------------
RUN-1001 :        Parameters        |  Settings  |  Default Values  |  Note  
RUN-1001 : ---------------------------------------------------------------
RUN-1001 :          message         |  standard  |     standard     |        
RUN-1001 :   mixed_pack_place_flow  |     on     |        on        |        
RUN-1001 :        qor_monitor       |    off     |       off        |        
RUN-1001 :        syn_ip_flow       |    off     |       off        |        
RUN-1001 :          thread          |    auto    |       auto       |        
RUN-1001 : ---------------------------------------------------------------
RUN-1001 : Print Design Property
RUN-1001 : --------------------------------------------------------------
RUN-1001 :        Parameters       |  Settings  |  Default Values  |  Note  
RUN-1001 : --------------------------------------------------------------
RUN-1001 :   default_reg_initial   |    auto    |       auto       |        
RUN-1001 :        infer_add        |     on     |        on        |        
RUN-1001 :        infer_fsm        |    off     |       off        |        
RUN-1001 :        infer_mult       |     on     |        on        |        
RUN-1001 :        infer_ram        |     on     |        on        |        
RUN-1001 :        infer_reg        |     on     |        on        |        
RUN-1001 :   infer_reg_init_value  |     on     |        on        |        
RUN-1001 :        infer_rom        |     on     |        on        |        
RUN-1001 :      infer_shifter      |     on     |        on        |        
RUN-1001 : --------------------------------------------------------------
RUN-1001 : Print Rtl Property
RUN-1001 : --------------------------------------------------------------
RUN-1001 :        Parameters       |  Settings  |  Default Values  |  Note  
RUN-1001 : --------------------------------------------------------------
RUN-1001 :       compress_add      |   ripple   |      ripple      |        
RUN-1001 :        elf_sload        |    off     |       off        |        
RUN-1001 :       fix_undriven      |     0      |        0         |        
RUN-1001 :         flatten         |    off     |       off        |        
RUN-1001 :       gate_sharing      |     on     |        on        |        
RUN-1001 :    hdl_warning_level    |   normal   |      normal      |        
RUN-1001 :   impl_internal_tribuf  |     on     |        on        |        
RUN-1001 :      impl_set_reset     |     on     |        on        |        
RUN-1001 :        infer_gsr        |    off     |       off        |        
RUN-1001 :      keep_hierarchy     |    auto    |       auto       |        
RUN-1001 :        max_fanout       |    9999    |       9999       |        
RUN-1001 :      max_oh2bin_len     |     10     |        10        |        
RUN-1001 :       merge_equal       |     on     |        on        |        
RUN-1001 :       merge_equiv       |     on     |        on        |        
RUN-1001 :        merge_mux        |    off     |       off        |        
RUN-1001 :     min_control_set     |     8      |        8         |        
RUN-1001 :      min_ripple_len     |    auto    |       auto       |        
RUN-1001 :       oh2bin_ratio      |    0.08    |       0.08       |        
RUN-1001 :     opt_adder_fanout    |     on     |        on        |        
RUN-1001 :        opt_arith        |     on     |        on        |        
RUN-1001 :       opt_big_gate      |    off     |       off        |        
RUN-1001 :        opt_const        |     on     |        on        |        
RUN-1001 :      opt_const_mult     |     on     |        on        |        
RUN-1001 :       opt_lessthan      |     on     |        on        |        
RUN-1001 :         opt_mux         |    off     |       off        |        
RUN-1001 :         opt_ram         |    high    |       high       |        
RUN-1001 :      rtl_sim_model      |    off     |       off        |        
RUN-1001 :         seq_syn         |     on     |        on        |        
RUN-1001 : --------------------------------------------------------------
HDL-1007 : analyze verilog file ../../al_ip/clk_wiz_0.v
HDL-1007 : undeclared symbol 'open', assumed default net type 'wire' in ../../al_ip/clk_wiz_0.v(80)
HDL-1007 : analyze verilog file ../../../RTL/audio_receive.v
HDL-1007 : analyze verilog file ../../../RTL/audio_send.v
HDL-1007 : analyze verilog file ../../../RTL/audio_speak.v
HDL-1007 : analyze verilog file ../../../RTL/es8388_config.v
HDL-1007 : analyze verilog file ../../../RTL/es8388_ctrl.v
HDL-1007 : analyze verilog file ../../../RTL/i2c_dri.v
HDL-1007 : analyze verilog file ../../../RTL/i2c_reg_cfg.v
HDL-1007 : analyze verilog file ../../../RTL/spar_4mic_localization.v
HDL-1007 : analyze verilog file ../../../RTL/noise_suppress.v
HDL-1007 : analyze verilog file ../../../RTL/pitch_shift.v
HDL-5007 WARNING: loop variable declaration is not allowed in this mode of Verilog in ../../../RTL/pitch_shift.v(171)
HDL-1007 : analyze verilog file ../../../RTL/simple_denoise.v
RUN-1001 : Project manager successfully analyzed 12 source files.
RUN-1002 : start command "import_device eagle_s20.db -package EG4S20BG256"
ARC-1001 : Device Initialization.
ARC-1001 : ------------------------------------------------------------------
ARC-1001 :            OPTION            |          IO          |   SETTING   
ARC-1001 : ------------------------------------------------------------------
ARC-1001 :   cso_b/cclk/mosi/miso/dout  |  T3/R11/T10/P10/S11  |    gpio    
ARC-1001 :             done             |         P13          |    gpio    
ARC-1001 :           program_b          |          T2          |  dedicate  
ARC-1001 :        tdi/tms/tck/tdo       |   C12/A15/C14/E14    |  dedicate  
ARC-1001 : ------------------------------------------------------------------
ARC-1004 : Device setting, marked 5 dedicate IOs in total.
RUN-1002 : start command "elaborate -top audio_speak"
RUN-1001 : Print Design Property
RUN-1001 : --------------------------------------------------------------
RUN-1001 :        Parameters       |  Settings  |  Default Values  |  Note  
RUN-1001 : --------------------------------------------------------------
RUN-1001 :   default_reg_initial   |    auto    |       auto       |        
RUN-1001 :        infer_add        |     on     |        on        |        
RUN-1001 :        infer_fsm        |    off     |       off        |        
RUN-1001 :        infer_mult       |     on     |        on        |        
RUN-1001 :        infer_ram        |     on     |        on        |        
RUN-1001 :        infer_reg        |     on     |        on        |        
RUN-1001 :   infer_reg_init_value  |     on     |        on        |        
RUN-1001 :        infer_rom        |     on     |        on        |        
RUN-1001 :      infer_shifter      |     on     |        on        |        
RUN-1001 : --------------------------------------------------------------
RUN-1001 : Print Rtl Property
RUN-1001 : --------------------------------------------------------------
RUN-1001 :        Parameters       |  Settings  |  Default Values  |  Note  
RUN-1001 : --------------------------------------------------------------
RUN-1001 :       compress_add      |   ripple   |      ripple      |        
RUN-1001 :        elf_sload        |    off     |       off        |        
RUN-1001 :       fix_undriven      |     0      |        0         |        
RUN-1001 :         flatten         |    off     |       off        |        
RUN-1001 :       gate_sharing      |     on     |        on        |        
RUN-1001 :    hdl_warning_level    |   normal   |      normal      |        
RUN-1001 :   impl_internal_tribuf  |     on     |        on        |        
RUN-1001 :      impl_set_reset     |     on     |        on        |        
RUN-1001 :        infer_gsr        |    off     |       off        |        
RUN-1001 :      keep_hierarchy     |    auto    |       auto       |        
RUN-1001 :        max_fanout       |    9999    |       9999       |        
RUN-1001 :      max_oh2bin_len     |     10     |        10        |        
RUN-1001 :       merge_equal       |     on     |        on        |        
RUN-1001 :       merge_equiv       |     on     |        on        |        
RUN-1001 :        merge_mux        |    off     |       off        |        
RUN-1001 :     min_control_set     |     8      |        8         |        
RUN-1001 :      min_ripple_len     |    auto    |       auto       |        
RUN-1001 :       oh2bin_ratio      |    0.08    |       0.08       |        
RUN-1001 :     opt_adder_fanout    |     on     |        on        |        
RUN-1001 :        opt_arith        |     on     |        on        |        
RUN-1001 :       opt_big_gate      |    off     |       off        |        
RUN-1001 :        opt_const        |     on     |        on        |        
RUN-1001 :      opt_const_mult     |     on     |        on        |        
RUN-1001 :       opt_lessthan      |     on     |        on        |        
RUN-1001 :         opt_mux         |    off     |       off        |        
RUN-1001 :         opt_ram         |    high    |       high       |        
RUN-1001 :      rtl_sim_model      |    off     |       off        |        
RUN-1001 :         seq_syn         |     on     |        on        |        
RUN-1001 : --------------------------------------------------------------
RUN-1001 : Print Global Property
RUN-1001 : ---------------------------------------------------------------
RUN-1001 :        Parameters        |  Settings  |  Default Values  |  Note  
RUN-1001 : ---------------------------------------------------------------
RUN-1001 :          message         |  standard  |     standard     |        
RUN-1001 :   mixed_pack_place_flow  |     on     |        on        |        
RUN-1001 :        qor_monitor       |    off     |       off        |        
RUN-1001 :        syn_ip_flow       |    off     |       off        |        
RUN-1001 :          thread          |    auto    |       auto       |        
RUN-1001 : ---------------------------------------------------------------
RUN-1001 : Print Design Property
RUN-1001 : --------------------------------------------------------------
RUN-1001 :        Parameters       |  Settings  |  Default Values  |  Note  
RUN-1001 : --------------------------------------------------------------
RUN-1001 :   default_reg_initial   |    auto    |       auto       |        
RUN-1001 :        infer_add        |     on     |        on        |        
RUN-1001 :        infer_fsm        |    off     |       off        |        
RUN-1001 :        infer_mult       |     on     |        on        |        
RUN-1001 :        infer_ram        |     on     |        on        |        
RUN-1001 :        infer_reg        |     on     |        on        |        
RUN-1001 :   infer_reg_init_value  |     on     |        on        |        
RUN-1001 :        infer_rom        |     on     |        on        |        
RUN-1001 :      infer_shifter      |     on     |        on        |        
RUN-1001 : --------------------------------------------------------------
HDL-1007 : elaborate module audio_speak in ../../../RTL/audio_speak.v(1)
HDL-1007 : elaborate module clk_wiz_0 in ../../al_ip/clk_wiz_0.v(23)
HDL-1007 : elaborate module EG_LOGIC_BUFG in D:/TD/arch/eagle_macro.v(8)
HDL-1007 : elaborate module EG_PHY_PLL(FIN="50.000",FBCLK_DIV=4,CLKC0_DIV=4,CLKC1_DIV=65,CLKC0_ENABLE="ENABLE",CLKC1_ENABLE="ENABLE",FEEDBK_PATH="CLKC0_EXT",CLKC0_CPHASE=3,CLKC1_CPHASE=64,GMC_GAIN=4,ICP_CURRENT=13,KVCO=4,LPF_CAPACITOR=1,LPF_RESISTOR=4,SYNC_ENABLE="DISABLE") in D:/TD/arch/eagle_macro.v(930)
HDL-1007 : elaborate module es8388_ctrl in ../../../RTL/es8388_ctrl.v(1)
HDL-1007 : elaborate module es8388_config(WL=6'b011000) in ../../../RTL/es8388_config.v(3)
HDL-1007 : elaborate module i2c_reg_cfg(WL=6'b011000) in ../../../RTL/i2c_reg_cfg.v(1)
HDL-1007 : elaborate module i2c_dri in ../../../RTL/i2c_dri.v(1)
HDL-5007 WARNING: actual bit length 8 differs from formal bit length 16 for port 'i2c_addr' in ../../../RTL/es8388_config.v(59)
HDL-1007 : elaborate module audio_receive(WL=6'b011000) in ../../../RTL/audio_receive.v(1)
HDL-1007 : elaborate module audio_send(WL=6'b011000) in ../../../RTL/audio_send.v(1)
HDL-1007 : elaborate module spar_4mic_localization in ../../../RTL/spar_4mic_localization.v(1)
HDL-1007 : extracting RAM for identifier 'mic1_buf' in ../../../RTL/spar_4mic_localization.v(47)
HDL-1007 : extracting RAM for identifier 'mic2_buf' in ../../../RTL/spar_4mic_localization.v(48)
HDL-1007 : extracting RAM for identifier 'mic3_buf' in ../../../RTL/spar_4mic_localization.v(49)
HDL-1007 : extracting RAM for identifier 'mic4_buf' in ../../../RTL/spar_4mic_localization.v(50)
HDL-1007 : elaborate module simple_denoise in ../../../RTL/simple_denoise.v(1)
HDL-1007 : elaborate module noise_suppress(THRESHOLD=32'b0111111111111) in ../../../RTL/noise_suppress.v(1)
HDL-1007 : elaborate module pitch_shift in ../../../RTL/pitch_shift.v(1)
HDL-1200 : Current top model is audio_speak
HDL-1100 : Inferred 4 RAMs.
RUN-1003 : finish command "elaborate -top audio_speak" in  3.003751s wall, 2.515625s user + 0.375000s system = 2.890625s CPU (96.2%)

RUN-1004 : used memory is 554 MB, reserved memory is 542 MB, peak memory is 953 MB
RUN-1002 : start command "export_db ES8388_elaborate.db"
RUN-1001 : Exported /
RUN-1001 : Exported flow parameters
RUN-1001 : Exported libs
RUN-1001 : Exported entities
RUN-1001 : Exported ports
RUN-1001 : Exported pins
RUN-1001 : Exported instances
RUN-1001 : Exported nets
RUN-1001 : Exported buses
RUN-1001 : Exported models
RUN-1001 : Exported congestions
RUN-1001 : Exported violations
RUN-1001 : Exported IO constraints
RUN-1001 : Exported Inst constraints
RUN-1003 : finish command "export_db ES8388_elaborate.db" in  2.695472s wall, 4.015625s user + 0.109375s system = 4.125000s CPU (153.0%)

RUN-1004 : used memory is 550 MB, reserved memory is 535 MB, peak memory is 953 MB
RUN-1002 : start command "read_adc ../../ES8388.adc"
RUN-1002 : start command "set_pin_assignment  aud_adcdat   LOCATION = R14; "
RUN-1002 : start command "set_pin_assignment  aud_bclk   LOCATION = M6; "
RUN-1002 : start command "set_pin_assignment  aud_dacdat   LOCATION = P6; "
RUN-1002 : start command "set_pin_assignment  aud_lrc   LOCATION = M7; "
RUN-1002 : start command "set_pin_assignment  aud_mclk   LOCATION = N5; "
RUN-1002 : start command "set_pin_assignment  aud_scl   LOCATION = R12; "
RUN-1002 : start command "set_pin_assignment  aud_sda   LOCATION = R9; "
RUN-1002 : start command "set_pin_assignment  ilaclk   LOCATION = M9; "
RUN-1002 : start command "set_pin_assignment  sys_clk   LOCATION = R7; "
RUN-1002 : start command "set_pin_assignment  sys_rst_n   LOCATION = E3; "
RUN-1002 : start command "set_pin_assignment  aud_sda_2   LOCATION = C3; "
RUN-1002 : start command "set_pin_assignment  aud_scl_2   LOCATION = A2; "
RUN-1002 : start command "set_pin_assignment  aud_mclk_2   LOCATION = F6; "
RUN-1002 : start command "set_pin_assignment  aud_bclk_2   LOCATION = D5; "
RUN-1002 : start command "set_pin_assignment  aud_dacdat_2   LOCATION = E6; "
RUN-1002 : start command "set_pin_assignment  aud_lrc_2   LOCATION = C6; "
RUN-1002 : start command "set_pin_assignment  aud_adcdat_2   LOCATION = E7; "
RUN-1002 : start command "set_pin_assignment  ilaclk_2   LOCATION = D3; "
RUN-1002 : start command "set_pin_assignment  aud_adcdat_3   LOCATION = L4; "
RUN-1002 : start command "set_pin_assignment  aud_lrc_3   LOCATION = K6; "
RUN-1002 : start command "set_pin_assignment  aud_dacdat_3   LOCATION = K3; "
RUN-1002 : start command "set_pin_assignment  aud_bclk_3   LOCATION = H5; "
RUN-1002 : start command "set_pin_assignment  aud_mclk_3   LOCATION = H4; "
RUN-1002 : start command "set_pin_assignment  aud_scl_3   LOCATION = G3; "
RUN-1002 : start command "set_pin_assignment  aud_sda_3   LOCATION = F3; "
RUN-1002 : start command "set_pin_assignment  ilaclk_3   LOCATION = K15; "
RUN-1002 : start command "set_pin_assignment  aud_sda_1   LOCATION = E15; "
RUN-1002 : start command "set_pin_assignment  aud_scl_1   LOCATION = D14; "
RUN-1002 : start command "set_pin_assignment  aud_mclk_1   LOCATION = F14; "
RUN-1002 : start command "set_pin_assignment  aud_bclk_1   LOCATION = G14; "
RUN-1002 : start command "set_pin_assignment  aud_dacdat_1   LOCATION =H14; "
RUN-1002 : start command "set_pin_assignment  aud_lrc_1   LOCATION =H16; "
RUN-1002 : start command "set_pin_assignment  aud_adcdat_1   LOCATION = G16; "
RUN-1002 : start command "set_pin_assignment  ilaclk_1   LOCATION = L16; "
RUN-1002 : start command "set_pin_assignment  led_one   LOCATION = P9; "
RUN-1002 : start command "set_pin_assignment  led_two   LOCATION = P12; "
RUN-1002 : start command "set_pin_assignment  led_tree   LOCATION = R16; "
RUN-1002 : start command "set_pin_assignment  led_four   LOCATION = P11; "
RUN-1002 : start command "set_pin_assignment  led_five   LOCATION = M10; "
RUN-1002 : start command "set_pin_assignment  led_six   LOCATION = L10; "
RUN-1002 : start command "set_pin_assignment  led_seven   LOCATION = N12; "
RUN-1002 : start command "set_pin_assignment  led_eight   LOCATION = M12; "
RUN-1002 : start command "set_pin_assignment  pitch_control[0]   LOCATION = A9; "
RUN-1002 : start command "set_pin_assignment  pitch_control[1]   LOCATION = A10; "
RUN-1002 : start command "set_pin_assignment  pitch_control[2]   LOCATION = B10; "
RUN-1002 : start command "set_pin_assignment  denoise_en   LOCATION = A11; "
RUN-1002 : start command "set_pin_assignment  pitch_en[0]   LOCATION = A14; "
RUN-1002 : start command "set_pin_assignment  pitch_en[1]   LOCATION = A13; "
RUN-1002 : start command "set_pin_assignment  s1   LOCATION = F13; "
RUN-1002 : start command "set_pin_assignment  s2   LOCATION = F15; "
RUN-1002 : start command "set_pin_assignment key   LOCATION = D16; "
RUN-1002 : start command "set_pin_assignment leds[0]   LOCATION =C15; "
RUN-1002 : start command "set_pin_assignment leds[1]   LOCATION = C16; "
RUN-1001 : Starting of IO setups legality check.
RUN-1001 : Starting of IO setups legality check.
RUN-1001 : Starting of IO vref setups legality check.
USR-6010 WARNING: ADC constraints: top model pin noise_suppress_en has no constraint.
USR-6010 WARNING: ADC constraints: top model pin sys_rst_n_1 has no constraint.
USR-6010 WARNING: ADC constraints: top model pin sys_rst_n_2 has no constraint.
USR-6010 WARNING: ADC constraints: top model pin sys_rst_n_3 has no constraint.
USR-6010 WARNING: ADC constraints: top model pin volume[1] has no constraint.
USR-6010 WARNING: ADC constraints: top model pin volume[0] has no constraint.
RUN-1002 : start command "optimize_rtl"
RUN-1001 : Open license file D:/TD/license/Anlogic.lic
RUN-1001 : Print Global Property
RUN-1001 : ---------------------------------------------------------------
RUN-1001 :        Parameters        |  Settings  |  Default Values  |  Note  
RUN-1001 : ---------------------------------------------------------------
RUN-1001 :          message         |  standard  |     standard     |        
RUN-1001 :   mixed_pack_place_flow  |     on     |        on        |        
RUN-1001 :        qor_monitor       |    off     |       off        |        
RUN-1001 :        syn_ip_flow       |    off     |       off        |        
RUN-1001 :          thread          |    auto    |       auto       |        
RUN-1001 : ---------------------------------------------------------------
RUN-1001 : Print Rtl Property
RUN-1001 : --------------------------------------------------------------
RUN-1001 :        Parameters       |  Settings  |  Default Values  |  Note  
RUN-1001 : --------------------------------------------------------------
RUN-1001 :       compress_add      |   ripple   |      ripple      |        
RUN-1001 :        elf_sload        |    off     |       off        |        
RUN-1001 :       fix_undriven      |     0      |        0         |        
RUN-1001 :         flatten         |    off     |       off        |        
RUN-1001 :       gate_sharing      |     on     |        on        |        
RUN-1001 :    hdl_warning_level    |   normal   |      normal      |        
RUN-1001 :   impl_internal_tribuf  |     on     |        on        |        
RUN-1001 :      impl_set_reset     |     on     |        on        |        
RUN-1001 :        infer_gsr        |    off     |       off        |        
RUN-1001 :      keep_hierarchy     |    auto    |       auto       |        
RUN-1001 :        max_fanout       |    9999    |       9999       |        
RUN-1001 :      max_oh2bin_len     |     10     |        10        |        
RUN-1001 :       merge_equal       |     on     |        on        |        
RUN-1001 :       merge_equiv       |     on     |        on        |        
RUN-1001 :        merge_mux        |    off     |       off        |        
RUN-1001 :     min_control_set     |     8      |        8         |        
RUN-1001 :      min_ripple_len     |    auto    |       auto       |        
RUN-1001 :       oh2bin_ratio      |    0.08    |       0.08       |        
RUN-1001 :     opt_adder_fanout    |     on     |        on        |        
RUN-1001 :        opt_arith        |     on     |        on        |        
RUN-1001 :       opt_big_gate      |    off     |       off        |        
RUN-1001 :        opt_const        |     on     |        on        |        
RUN-1001 :      opt_const_mult     |     on     |        on        |        
RUN-1001 :       opt_lessthan      |     on     |        on        |        
RUN-1001 :         opt_mux         |    off     |       off        |        
RUN-1001 :         opt_ram         |    high    |       high       |        
RUN-1001 :      rtl_sim_model      |    off     |       off        |        
RUN-1001 :         seq_syn         |     on     |        on        |        
RUN-1001 : --------------------------------------------------------------
SYN-1012 : SanityCheck: Model "audio_speak"
SYN-1012 : SanityCheck: Model "es8388_ctrl"
SYN-1012 : SanityCheck: Model "audio_receive(WL=6'b011000)"
SYN-1012 : SanityCheck: Model "audio_send(WL=6'b011000)"
SYN-1012 : SanityCheck: Model "es8388_config(WL=6'b011000)"
SYN-1012 : SanityCheck: Model "i2c_dri"
SYN-1012 : SanityCheck: Model "i2c_reg_cfg(WL=6'b011000)"
SYN-1012 : SanityCheck: Model "clk_wiz_0"
SYN-1012 : SanityCheck: Model "noise_suppress(THRESHOLD=32'b0111111111111)"
SYN-1012 : SanityCheck: Model "pitch_shift"
SYN-1012 : SanityCheck: Model "simple_denoise"
SYN-1012 : SanityCheck: Model "spar_4mic_localization"
SYN-1043 : Mark clk_wiz_0 as IO macro for instance bufg_feedback
SYN-1043 : Mark i2c_dri as IO macro for instance sda_i
SYN-1043 : Mark es8388_config(WL=6'b011000) as IO macro for instance u_i2c_dri
SYN-1043 : Mark es8388_ctrl as IO macro for instance u_es8388_config
SYN-1011 : Flatten model audio_speak
SYN-1032 : 172784/390 useful/useless nets, 3861/123 useful/useless insts
SYN-1001 : Bypass 1 mux instances
SYN-1016 : Merged 31385 instances.
SYN-1025 : Merged 113 RAM ports.
SYN-1027 : Infer Logic DRAM(u_spar_4mic_localization/ramread0_syn_6) read 64x24, write 64x24
SYN-1027 : Infer Logic DRAM(u_spar_4mic_localization/ramread1_syn_6) read 64x24, write 64x24
SYN-1027 : Infer Logic DRAM(u_spar_4mic_localization/ramread2_syn_6) read 64x24, write 64x24
SYN-1027 : Infer Logic DRAM(u_spar_4mic_localization/ramread3_syn_6) read 64x24, write 64x24
SYN-1023 : Infer 4 Logic DRAMs, 0 Logic BRAMs.
SYN-1032 : 107990/69240 useful/useless nets, 5703/1870 useful/useless insts
SYN-1016 : Merged 22853 instances.
SYN-1032 : 85296/15 useful/useless nets, 83153/177 useful/useless insts
SYN-1014 : Optimize round 1
SYN-1017 : Remove 2 const input seq instances
SYN-1002 :     u_pitch_shift/reg11_syn_4
SYN-1002 :     u_simple_denoise/reg1_syn_30
SYN-1018 : Transformed 100 mux instances.
SYN-1019 : Optimized 100 mux instances.
SYN-1021 : Optimized 25650 onehot mux instances.
SYN-1020 : Optimized 25793 distributor mux.
SYN-1001 : Optimize 6 less-than instances
SYN-1019 : Optimized 17 mux instances.
SYN-1016 : Merged 50619 instances.
SYN-1015 : Optimize round 1, 155240 better
SYN-1014 : Optimize round 2
SYN-1044 : Optimized 5 inv instances.
SYN-1032 : 34254/133 useful/useless nets, 32111/25991 useful/useless insts
SYN-1017 : Remove 14 const input seq instances
SYN-1002 :     u1_es8388_ctrl/u_audio_receive/reg0_syn_26
SYN-1002 :     u1_es8388_ctrl/u_es8388_config/u_i2c_dri/wr_flag_reg
SYN-1002 :     u2_es8388_ctrl/u_audio_receive/reg0_syn_26
SYN-1002 :     u2_es8388_ctrl/u_es8388_config/u_i2c_dri/wr_flag_reg
SYN-1002 :     u3_es8388_ctrl/u_audio_receive/reg0_syn_26
SYN-1002 :     u3_es8388_ctrl/u_es8388_config/u_i2c_dri/wr_flag_reg
SYN-1002 :     u_es8388_ctrl/u_audio_receive/reg0_syn_26
SYN-1002 :     u_es8388_ctrl/u_es8388_config/u_i2c_dri/wr_flag_reg
SYN-1002 :     u_pitch_shift/reg1_syn_18
SYN-1002 :     u_pitch_shift/reg4_syn_10
SYN-1002 :     u2_es8388_ctrl/u_audio_send/reg0_syn_26
SYN-1002 :     u3_es8388_ctrl/u_audio_send/reg0_syn_26
SYN-1002 :     u_simple_denoise/reg2_syn_26
SYN-1002 :     u_pitch_shift/reg3_syn_10
SYN-1019 : Optimized 63 mux instances.
SYN-1020 : Optimized 6 distributor mux.
SYN-1016 : Merged 27 instances.
SYN-1015 : Optimize round 2, 26300 better
SYN-1032 : 34167/9 useful/useless nets, 32037/11 useful/useless insts
SYN-3004 : Optimized 1 const0 DFF(s)
SYN-3003 : Optimized 1 equivalent DFF(s)
SYN-3004 : Optimized 1047 const0 DFF(s)
SYN-3004 : Optimized 6 const0 DFF(s)
SYN-3004 : Optimized 6 const0 DFF(s)
SYN-3004 : Optimized 6 const0 DFF(s)
SYN-3004 : Optimized 6 const0 DFF(s)
SYN-1032 : 32846/1321 useful/useless nets, 30733/231 useful/useless insts
SYN-1014 : Optimize round 1
SYN-1032 : 31887/264 useful/useless nets, 29774/288 useful/useless insts
SYN-1017 : Remove 6 const input seq instances
SYN-1002 :     u_pitch_shift/reg3_syn_12
SYN-1002 :     u_pitch_shift/reg3_syn_13
SYN-1002 :     u_pitch_shift/reg3_syn_14
SYN-1002 :     u_pitch_shift/reg3_syn_15
SYN-1002 :     u_pitch_shift/reg3_syn_16
SYN-1002 :     u_pitch_shift/reg3_syn_17
SYN-1019 : Optimized 31 mux instances.
SYN-1019 : Optimized 1 mux instances.
SYN-1016 : Merged 7 instances.
SYN-1015 : Optimize round 1, 1326 better
SYN-1014 : Optimize round 2
SYN-1032 : 29768/30 useful/useless nets, 27681/2016 useful/useless insts
SYN-1017 : Remove 1 const input seq instances
SYN-1002 :     u_pitch_shift/reg8_syn_26
SYN-1019 : Optimized 22 mux instances.
SYN-1016 : Merged 6 instances.
SYN-1015 : Optimize round 2, 2090 better
SYN-1014 : Optimize round 3
SYN-1032 : 5470/2468 useful/useless nets, 4443/23230 useful/useless insts
SYN-1017 : Remove 1 const input seq instances
SYN-1002 :     u_pitch_shift/reg1_syn_43
SYN-1015 : Optimize round 3, 25669 better
SYN-1014 : Optimize round 4
SYN-1015 : Optimize round 4, 0 better
RUN-1003 : finish command "optimize_rtl" in  812.005026s wall, 780.296875s user + 8.484375s system = 788.781250s CPU (97.1%)

RUN-1004 : used memory is 669 MB, reserved memory is 670 MB, peak memory is 953 MB
RUN-1002 : start command "report_area -file ES8388_rtl.area"
RUN-1001 : standard
***Report Model: audio_speak Device: EG4S20BG256***

IO Statistics
#IO                        59
  #input                   29
  #output                  26
  #inout                    4

Gate Statistics
#Basic gates             3670
  #and                    780
  #nand                     0
  #or                    1079
  #nor                      0
  #xor                      4
  #xnor                     0
  #buf                      0
  #not                    175
  #bufif1                   4
  #MX21                   105
  #FADD                     0
  #DFF                   1523
  #LATCH                    0
#MACRO_ADD                100
#MACRO_EQ                 171
#MACRO_MULT                 1
#MACRO_MUX                481
#MACRO_OTHERS               8

Report Hierarchy Area:
+---------------------------------------------------------------------------+
|Instance                   |Module                 |gates  |seq    |macros |
+---------------------------------------------------------------------------+
|top                        |audio_speak            |2147   |1523   |280    |
|  u1_es8388_ctrl           |es8388_ctrl            |482    |151    |50     |
|    u_audio_receive        |audio_receive          |26     |55     |5      |
|    u_audio_send           |audio_send             |1      |28     |0      |
|    u_es8388_config        |es8388_config          |455    |68     |45     |
|      u_i2c_dri            |i2c_dri                |453    |41     |40     |
|      u_i2c_reg_cfg        |i2c_reg_cfg            |2      |27     |5      |
|  u1_pll_clk               |clk_wiz_0              |0      |0      |1      |
|  u2_es8388_ctrl           |es8388_ctrl            |482    |148    |50     |
|    u_audio_receive        |audio_receive          |26     |55     |5      |
|    u_audio_send           |audio_send             |1      |25     |0      |
|    u_es8388_config        |es8388_config          |455    |68     |45     |
|      u_i2c_dri            |i2c_dri                |453    |41     |40     |
|      u_i2c_reg_cfg        |i2c_reg_cfg            |2      |27     |5      |
|  u2_pll_clk               |clk_wiz_0              |0      |0      |1      |
|  u3_es8388_ctrl           |es8388_ctrl            |482    |148    |50     |
|    u_audio_receive        |audio_receive          |26     |55     |5      |
|    u_audio_send           |audio_send             |1      |25     |0      |
|    u_es8388_config        |es8388_config          |455    |68     |45     |
|      u_i2c_dri            |i2c_dri                |453    |41     |40     |
|      u_i2c_reg_cfg        |i2c_reg_cfg            |2      |27     |5      |
|  u3_pll_clk               |clk_wiz_0              |0      |0      |1      |
|  u_es8388_ctrl            |es8388_ctrl            |482    |148    |50     |
|    u_audio_receive        |audio_receive          |26     |55     |5      |
|    u_audio_send           |audio_send             |1      |25     |0      |
|    u_es8388_config        |es8388_config          |455    |68     |45     |
|      u_i2c_dri            |i2c_dri                |453    |41     |40     |
|      u_i2c_reg_cfg        |i2c_reg_cfg            |2      |27     |5      |
|  u_noise_suppress         |noise_suppress         |24     |24     |2      |
|  u_pitch_shift            |pitch_shift            |30     |450    |13     |
|  u_pll_clk                |clk_wiz_0              |0      |0      |1      |
|  u_simple_denoise         |simple_denoise         |0      |79     |4      |
|  u_spar_4mic_localization |spar_4mic_localization |160    |343    |51     |
+---------------------------------------------------------------------------+

RUN-1002 : start command "export_db ES8388_rtl.db"
RUN-1001 : Exported /
RUN-1001 : Exported flow parameters
RUN-1001 : Exported libs
RUN-1001 : Exported entities
RUN-1001 : Exported ports
RUN-1001 : Exported pins
RUN-1001 : Exported instances
RUN-1001 : Exported nets
RUN-1001 : Exported buses
RUN-1001 : Exported models
RUN-1001 : Exported congestions
RUN-1001 : Exported violations
RUN-1001 : Exported IO constraints
RUN-1001 : Exported Inst constraints
RUN-1003 : finish command "export_db ES8388_rtl.db" in  1.566648s wall, 2.390625s user + 0.031250s system = 2.421875s CPU (154.6%)

RUN-1004 : used memory is 670 MB, reserved memory is 672 MB, peak memory is 953 MB
RUN-1002 : start command "optimize_gate -maparea ES8388_gate.area"
RUN-1001 : Open license file D:/TD/license/Anlogic.lic
RUN-1001 : Print Global Property
RUN-1001 : ---------------------------------------------------------------
RUN-1001 :        Parameters        |  Settings  |  Default Values  |  Note  
RUN-1001 : ---------------------------------------------------------------
RUN-1001 :          message         |  standard  |     standard     |        
RUN-1001 :   mixed_pack_place_flow  |     on     |        on        |        
RUN-1001 :        qor_monitor       |    off     |       off        |        
RUN-1001 :        syn_ip_flow       |    off     |       off        |        
RUN-1001 :          thread          |    auto    |       auto       |        
RUN-1001 : ---------------------------------------------------------------
RUN-1001 : Print Gate Property
RUN-1001 : ------------------------------------------------------------------
RUN-1001 :          Parameters         |  Settings  |  Default Values  |  Note  
RUN-1001 : ------------------------------------------------------------------
RUN-1001 :         cascade_dsp         |    off     |       off        |        
RUN-1001 :         cascade_eram        |    off     |       off        |        
RUN-1001 :        gate_sim_model       |    off     |       off        |        
RUN-1001 :        map_sim_model        |    off     |       off        |        
RUN-1001 :         map_strategy        |     1      |        1         |        
RUN-1001 :           opt_area          |   medium   |      medium      |        
RUN-1001 :          opt_timing         |    auto    |       auto       |        
RUN-1001 :         pack_effort         |   medium   |      medium      |        
RUN-1001 :      pack_lslice_ripple     |     on     |        on        |        
RUN-1001 :   pack_lslice_ripple_ratio  |    0.5     |       0.5        |        
RUN-1001 :        pack_seq_in_io       |    auto    |       auto       |        
RUN-1001 :        ph1_mux_ratio        |    1.0     |       1.0        |        
RUN-1001 :            report           |  standard  |     standard     |        
RUN-1001 :           retiming          |    off     |       off        |        
RUN-1001 : ------------------------------------------------------------------
SYN-2001 : Map 59 IOs to PADs
SYN-1032 : 5508/18 useful/useless nets, 4472/27 useful/useless insts
RUN-1002 : start command "update_pll_param -module audio_speak"
SYN-2501 : Processed 0 LOGIC_BUF instances.
SYN-2501 : 4 BUFG to GCLK
SYN-2531 : Dram(u_spar_4mic_localization/ramread0_syn_6) write 64x24, read 64x24
SYN-2531 : Dram(u_spar_4mic_localization/ramread1_syn_6) write 64x24, read 64x24
SYN-2531 : Dram(u_spar_4mic_localization/ramread2_syn_6) write 64x24, read 64x24
SYN-2531 : Dram(u_spar_4mic_localization/ramread3_syn_6) write 64x24, read 64x24
SYN-2571 : Map 1 macro multiplier
SYN-2571 : Optimize after map_dsp, round 1
SYN-1016 : Merged 28 instances.
SYN-2571 : Optimize after map_dsp, round 1, 28 better
SYN-2571 : Optimize after map_dsp, round 2
SYN-2571 : Optimize after map_dsp, round 2, 0 better
SYN-1001 : Throwback 123 control mux instances
SYN-1001 : Convert 4 adder
SYN-2501 : Optimize round 1
SYN-1032 : 6990/272 useful/useless nets, 5773/384 useful/useless insts
SYN-1017 : Remove 1 const input seq instances
SYN-1002 :     u_pitch_shift/reg1_syn_42
SYN-1016 : Merged 891 instances.
SYN-2501 : Optimize round 1, 2682 better
SYN-2501 : Optimize round 2
SYN-2501 : Optimize round 2, 0 better
SYN-2501 : Map 100 macro adder
SYN-3001 : Mapper mapped 3 instances into 1 LUTs, name keeping = 100%.
SYN-3001 : Mapper mapped 3 instances into 1 LUTs, name keeping = 100%.
SYN-3001 : Mapper mapped 3 instances into 1 LUTs, name keeping = 100%.
SYN-3001 : Mapper mapped 3 instances into 1 LUTs, name keeping = 100%.
SYN-3001 : Mapper mapped 3 instances into 1 LUTs, name keeping = 100%.
SYN-2501 : Inferred 2 ROM instances
SYN-1019 : Optimized 625 mux instances.
SYN-1016 : Merged 6059 instances.
SYN-1032 : 8436/2210 useful/useless nets, 7326/1040 useful/useless insts
SYN-3001 : Running gate level optimization.
SYN-2581 : Mapping with K=5, #lut = 1473 (3.78), #lev = 6 (2.20)
SYN-2551 : Post LUT mapping optimization.
SYN-2581 : Mapping with K=5, #lut = 1346 (3.75), #lev = 5 (2.21)
SYN-3001 : Logic optimization runtime opt =   0.15 sec, map =   0.00 sec
SYN-3001 : Mapper mapped 4401 instances into 1352 LUTs, name keeping = 56%.
RUN-1002 : start command "report_area -file ES8388_gate.area"
RUN-1001 : standard
***Report Model: audio_speak Device: EG4S20BG256***

IO Statistics
#IO                        59
  #input                   29
  #output                  26
  #inout                    4

LUT Statistics
#Total_luts              2884
  #lut4                  1138
  #lut5                   216
  #lut6                     0
  #lut5_mx41                0
  #lut4_alu1b            1530

Utilization Statistics
#lut                     2884   out of  19600   14.71%
#reg                     1227   out of  19600    6.26%
#le                         0
#dsp                        2   out of     29    6.90%
#bram                       0   out of     64    0.00%
  #bram9k                   0
  #fifo9k                   0
#bram32k                    0   out of     16    0.00%
#dram                      96
#pad                       57   out of    188   30.32%
  #ireg                     9
  #oreg                    22
  #treg                     4
#pll                        4   out of      4  100.00%

Report Hierarchy Area:
+------------------------------------------------------------------------------------------------+
|Instance                   |Module                 |lut     |ripple  |seq     |bram    |dsp     |
+------------------------------------------------------------------------------------------------+
|top                        |audio_speak            |1354    |1530    |1262    |0       |2       |
|  u1_es8388_ctrl           |es8388_ctrl            |227     |60      |148     |0       |0       |
|    u_audio_receive        |audio_receive          |43      |22      |53      |0       |0       |
|    u_audio_send           |audio_send             |20      |0       |27      |0       |0       |
|    u_es8388_config        |es8388_config          |137     |38      |68      |0       |0       |
|      u_i2c_dri            |i2c_dri                |99      |19      |41      |0       |0       |
|      u_i2c_reg_cfg        |i2c_reg_cfg            |38      |19      |27      |0       |0       |
|  u1_pll_clk               |clk_wiz_0              |1       |0       |0       |0       |0       |
|  u2_es8388_ctrl           |es8388_ctrl            |196     |60      |145     |0       |0       |
|    u_audio_receive        |audio_receive          |44      |22      |53      |0       |0       |
|    u_audio_send           |audio_send             |16      |0       |24      |0       |0       |
|    u_es8388_config        |es8388_config          |136     |38      |68      |0       |0       |
|      u_i2c_dri            |i2c_dri                |99      |19      |41      |0       |0       |
|      u_i2c_reg_cfg        |i2c_reg_cfg            |37      |19      |27      |0       |0       |
|  u2_pll_clk               |clk_wiz_0              |1       |0       |0       |0       |0       |
|  u3_es8388_ctrl           |es8388_ctrl            |198     |60      |145     |0       |0       |
|    u_audio_receive        |audio_receive          |44      |22      |53      |0       |0       |
|    u_audio_send           |audio_send             |16      |0       |24      |0       |0       |
|    u_es8388_config        |es8388_config          |138     |38      |68      |0       |0       |
|      u_i2c_dri            |i2c_dri                |100     |19      |41      |0       |0       |
|      u_i2c_reg_cfg        |i2c_reg_cfg            |38      |19      |27      |0       |0       |
|  u3_pll_clk               |clk_wiz_0              |1       |0       |0       |0       |0       |
|  u_es8388_ctrl            |es8388_ctrl            |225     |128     |145     |0       |0       |
|    u_audio_receive        |audio_receive          |44      |22      |53      |0       |0       |
|    u_audio_send           |audio_send             |16      |0       |24      |0       |0       |
|    u_es8388_config        |es8388_config          |141     |106     |68      |0       |0       |
|      u_i2c_dri            |i2c_dri                |104     |19      |41      |0       |0       |
|      u_i2c_reg_cfg        |i2c_reg_cfg            |37      |87      |27      |0       |0       |
|  u_noise_suppress         |noise_suppress         |24      |26      |24      |0       |0       |
|  u_pitch_shift            |pitch_shift            |145     |128     |174     |0       |0       |
|  u_pll_clk                |clk_wiz_0              |1       |0       |0       |0       |0       |
|  u_simple_denoise         |simple_denoise         |1       |105     |79      |0       |2       |
|  u_spar_4mic_localization |spar_4mic_localization |330     |927     |335     |0       |0       |
+------------------------------------------------------------------------------------------------+

SYN-1001 : Packing model "audio_speak" ...
SYN-4010 : Pack lib has 58 rtl pack models with 25 top pack blocks
SYN-1014 : Optimize round 1
SYN-1015 : Optimize round 1, 0 better
SYN-4002 : Packing 1227 DFF/LATCH to SEQ ...
SYN-4009 : Pack 43 carry chain into lslice
SYN-4007 : Packing 762 adder to BLE ...
SYN-4008 : Packed 762 adder and 6 SEQ to BLE.
SYN-4007 : Packing 0 gate4 to BLE ...
SYN-4008 : Packed 0 gate4 and 0 SEQ to BLE.
SYN-4012 : Packed 0 FxMUX
SYN-4013 : Packed 96 DRAM and 0 SEQ.
RUN-1003 : finish command "optimize_gate -maparea ES8388_gate.area" in  1.897301s wall, 1.625000s user + 0.015625s system = 1.640625s CPU (86.5%)

RUN-1004 : used memory is 605 MB, reserved memory is 591 MB, peak memory is 953 MB
RUN-1002 : start command "legalize_phy_inst"
SYN-1011 : Flatten model audio_speak
RUN-1002 : start command "export_db ES8388_gate.db"
RUN-1001 : Exported /
RUN-1001 : Exported flow parameters
RUN-1001 : Exported libs
RUN-1001 : Exported entities
RUN-1001 : Exported ports
RUN-1001 : Exported pins
RUN-1001 : Exported instances
RUN-1001 : Exported nets
RUN-1001 : Exported buses
RUN-1001 : Exported models
RUN-1001 : Exported congestions
RUN-1001 : Exported violations
RUN-1001 : Exported IO constraints
RUN-1001 : Exported Inst constraints
RUN-1003 : finish command "export_db ES8388_gate.db" in  1.661593s wall, 2.625000s user + 0.031250s system = 2.656250s CPU (159.9%)

RUN-1004 : used memory is 606 MB, reserved memory is 592 MB, peak memory is 953 MB
RUN-1002 : start command "backup_run_log run.log ../.logs/syn_1/td_20251103_210827.log"
