============================================================
   Tang Dynasty, V5.6.71036
      Copyright (c) 2012-2023 Anlogic Inc.
   Executable = D:/TD/bin/td.exe
   Built at =   20:34:38 Mar 21 2023
   Run by =     lyw15
   Run Date =   Fri Oct 31 20:43:44 2025

   Run on =     -001
============================================================
RUN-1002 : start command "open_project ES8388.prj"
RUN-1001 : Print Global Property
RUN-1001 : ---------------------------------------------------------------
RUN-1001 :        Parameters        |  Settings  |  Default Values  |  Note  
RUN-1001 : ---------------------------------------------------------------
RUN-1001 :          message         |  standard  |     standard     |        
RUN-1001 :   mixed_pack_place_flow  |     on     |        on        |        
RUN-1001 :        qor_monitor       |    off     |       off        |        
RUN-1001 :        syn_ip_flow       |    off     |       off        |        
RUN-1001 :          thread          |    auto    |       auto       |        
RUN-1001 : ---------------------------------------------------------------
RUN-1001 : Print Design Property
RUN-1001 : --------------------------------------------------------------
RUN-1001 :        Parameters       |  Settings  |  Default Values  |  Note  
RUN-1001 : --------------------------------------------------------------
RUN-1001 :   default_reg_initial   |    auto    |       auto       |        
RUN-1001 :        infer_add        |     on     |        on        |        
RUN-1001 :        infer_fsm        |    off     |       off        |        
RUN-1001 :        infer_mult       |     on     |        on        |        
RUN-1001 :        infer_ram        |     on     |        on        |        
RUN-1001 :        infer_reg        |     on     |        on        |        
RUN-1001 :   infer_reg_init_value  |     on     |        on        |        
RUN-1001 :        infer_rom        |     on     |        on        |        
RUN-1001 :      infer_shifter      |     on     |        on        |        
RUN-1001 : --------------------------------------------------------------
RUN-1001 : Print Rtl Property
RUN-1001 : --------------------------------------------------------------
RUN-1001 :        Parameters       |  Settings  |  Default Values  |  Note  
RUN-1001 : --------------------------------------------------------------
RUN-1001 :       compress_add      |   ripple   |      ripple      |        
RUN-1001 :        elf_sload        |    off     |       off        |        
RUN-1001 :       fix_undriven      |     0      |        0         |        
RUN-1001 :         flatten         |    off     |       off        |        
RUN-1001 :       gate_sharing      |     on     |        on        |        
RUN-1001 :    hdl_warning_level    |   normal   |      normal      |        
RUN-1001 :   impl_internal_tribuf  |     on     |        on        |        
RUN-1001 :      impl_set_reset     |     on     |        on        |        
RUN-1001 :        infer_gsr        |    off     |       off        |        
RUN-1001 :      keep_hierarchy     |    auto    |       auto       |        
RUN-1001 :        max_fanout       |    9999    |       9999       |        
RUN-1001 :      max_oh2bin_len     |     10     |        10        |        
RUN-1001 :       merge_equal       |     on     |        on        |        
RUN-1001 :       merge_equiv       |     on     |        on        |        
RUN-1001 :        merge_mux        |    off     |       off        |        
RUN-1001 :     min_control_set     |     8      |        8         |        
RUN-1001 :      min_ripple_len     |    auto    |       auto       |        
RUN-1001 :       oh2bin_ratio      |    0.08    |       0.08       |        
RUN-1001 :     opt_adder_fanout    |     on     |        on        |        
RUN-1001 :        opt_arith        |     on     |        on        |        
RUN-1001 :       opt_big_gate      |    off     |       off        |        
RUN-1001 :        opt_const        |     on     |        on        |        
RUN-1001 :      opt_const_mult     |     on     |        on        |        
RUN-1001 :       opt_lessthan      |     on     |        on        |        
RUN-1001 :         opt_mux         |    off     |       off        |        
RUN-1001 :         opt_ram         |    high    |       high       |        
RUN-1001 :      rtl_sim_model      |    off     |       off        |        
RUN-1001 :         seq_syn         |     on     |        on        |        
RUN-1001 : --------------------------------------------------------------
HDL-1007 : analyze verilog file ../../al_ip/clk_wiz_0.v
HDL-1007 : undeclared symbol 'open', assumed default net type 'wire' in ../../al_ip/clk_wiz_0.v(80)
HDL-1007 : analyze verilog file ../../../RTL/audio_receive.v
HDL-1007 : analyze verilog file ../../../RTL/audio_send.v
HDL-1007 : analyze verilog file ../../../RTL/audio_speak.v
HDL-1007 : analyze verilog file ../../../RTL/es8388_config.v
HDL-1007 : analyze verilog file ../../../RTL/es8388_ctrl.v
HDL-1007 : analyze verilog file ../../../RTL/i2c_dri.v
HDL-1007 : analyze verilog file ../../../RTL/i2c_reg_cfg.v
HDL-1007 : analyze verilog file ../../../RTL/spar_4mic_localization.v
HDL-1007 : analyze verilog file ../../../RTL/noise_suppress.v
HDL-1007 : analyze verilog file ../../../RTL/pitch_shift.v
HDL-5007 WARNING: loop variable declaration is not allowed in this mode of Verilog in ../../../RTL/pitch_shift.v(30)
HDL-1007 : analyze verilog file ../../../RTL/simple_denoise.v
RUN-1001 : Project manager successfully analyzed 12 source files.
RUN-1002 : start command "import_device eagle_s20.db -package EG4S20BG256"
ARC-1001 : Device Initialization.
ARC-1001 : ------------------------------------------------------------------
ARC-1001 :            OPTION            |          IO          |   SETTING   
ARC-1001 : ------------------------------------------------------------------
ARC-1001 :   cso_b/cclk/mosi/miso/dout  |  T3/R11/T10/P10/S11  |    gpio    
ARC-1001 :             done             |         P13          |    gpio    
ARC-1001 :           program_b          |          T2          |  dedicate  
ARC-1001 :        tdi/tms/tck/tdo       |   C12/A15/C14/E14    |  dedicate  
ARC-1001 : ------------------------------------------------------------------
ARC-1004 : Device setting, marked 5 dedicate IOs in total.
RUN-1002 : start command "elaborate -top audio_speak"
RUN-1001 : Print Design Property
RUN-1001 : --------------------------------------------------------------
RUN-1001 :        Parameters       |  Settings  |  Default Values  |  Note  
RUN-1001 : --------------------------------------------------------------
RUN-1001 :   default_reg_initial   |    auto    |       auto       |        
RUN-1001 :        infer_add        |     on     |        on        |        
RUN-1001 :        infer_fsm        |    off     |       off        |        
RUN-1001 :        infer_mult       |     on     |        on        |        
RUN-1001 :        infer_ram        |     on     |        on        |        
RUN-1001 :        infer_reg        |     on     |        on        |        
RUN-1001 :   infer_reg_init_value  |     on     |        on        |        
RUN-1001 :        infer_rom        |     on     |        on        |        
RUN-1001 :      infer_shifter      |     on     |        on        |        
RUN-1001 : --------------------------------------------------------------
RUN-1001 : Print Rtl Property
RUN-1001 : --------------------------------------------------------------
RUN-1001 :        Parameters       |  Settings  |  Default Values  |  Note  
RUN-1001 : --------------------------------------------------------------
RUN-1001 :       compress_add      |   ripple   |      ripple      |        
RUN-1001 :        elf_sload        |    off     |       off        |        
RUN-1001 :       fix_undriven      |     0      |        0         |        
RUN-1001 :         flatten         |    off     |       off        |        
RUN-1001 :       gate_sharing      |     on     |        on        |        
RUN-1001 :    hdl_warning_level    |   normal   |      normal      |        
RUN-1001 :   impl_internal_tribuf  |     on     |        on        |        
RUN-1001 :      impl_set_reset     |     on     |        on        |        
RUN-1001 :        infer_gsr        |    off     |       off        |        
RUN-1001 :      keep_hierarchy     |    auto    |       auto       |        
RUN-1001 :        max_fanout       |    9999    |       9999       |        
RUN-1001 :      max_oh2bin_len     |     10     |        10        |        
RUN-1001 :       merge_equal       |     on     |        on        |        
RUN-1001 :       merge_equiv       |     on     |        on        |        
RUN-1001 :        merge_mux        |    off     |       off        |        
RUN-1001 :     min_control_set     |     8      |        8         |        
RUN-1001 :      min_ripple_len     |    auto    |       auto       |        
RUN-1001 :       oh2bin_ratio      |    0.08    |       0.08       |        
RUN-1001 :     opt_adder_fanout    |     on     |        on        |        
RUN-1001 :        opt_arith        |     on     |        on        |        
RUN-1001 :       opt_big_gate      |    off     |       off        |        
RUN-1001 :        opt_const        |     on     |        on        |        
RUN-1001 :      opt_const_mult     |     on     |        on        |        
RUN-1001 :       opt_lessthan      |     on     |        on        |        
RUN-1001 :         opt_mux         |    off     |       off        |        
RUN-1001 :         opt_ram         |    high    |       high       |        
RUN-1001 :      rtl_sim_model      |    off     |       off        |        
RUN-1001 :         seq_syn         |     on     |        on        |        
RUN-1001 : --------------------------------------------------------------
RUN-1001 : Print Global Property
RUN-1001 : ---------------------------------------------------------------
RUN-1001 :        Parameters        |  Settings  |  Default Values  |  Note  
RUN-1001 : ---------------------------------------------------------------
RUN-1001 :          message         |  standard  |     standard     |        
RUN-1001 :   mixed_pack_place_flow  |     on     |        on        |        
RUN-1001 :        qor_monitor       |    off     |       off        |        
RUN-1001 :        syn_ip_flow       |    off     |       off        |        
RUN-1001 :          thread          |    auto    |       auto       |        
RUN-1001 : ---------------------------------------------------------------
RUN-1001 : Print Design Property
RUN-1001 : --------------------------------------------------------------
RUN-1001 :        Parameters       |  Settings  |  Default Values  |  Note  
RUN-1001 : --------------------------------------------------------------
RUN-1001 :   default_reg_initial   |    auto    |       auto       |        
RUN-1001 :        infer_add        |     on     |        on        |        
RUN-1001 :        infer_fsm        |    off     |       off        |        
RUN-1001 :        infer_mult       |     on     |        on        |        
RUN-1001 :        infer_ram        |     on     |        on        |        
RUN-1001 :        infer_reg        |     on     |        on        |        
RUN-1001 :   infer_reg_init_value  |     on     |        on        |        
RUN-1001 :        infer_rom        |     on     |        on        |        
RUN-1001 :      infer_shifter      |     on     |        on        |        
RUN-1001 : --------------------------------------------------------------
HDL-1007 : elaborate module audio_speak in ../../../RTL/audio_speak.v(1)
HDL-1007 : elaborate module clk_wiz_0 in ../../al_ip/clk_wiz_0.v(23)
HDL-1007 : elaborate module EG_LOGIC_BUFG in D:/TD/arch/eagle_macro.v(8)
HDL-1007 : elaborate module EG_PHY_PLL(FIN="50.000",FBCLK_DIV=4,CLKC0_DIV=4,CLKC1_DIV=65,CLKC0_ENABLE="ENABLE",CLKC1_ENABLE="ENABLE",FEEDBK_PATH="CLKC0_EXT",CLKC0_CPHASE=3,CLKC1_CPHASE=64,GMC_GAIN=4,ICP_CURRENT=13,KVCO=4,LPF_CAPACITOR=1,LPF_RESISTOR=4,SYNC_ENABLE="DISABLE") in D:/TD/arch/eagle_macro.v(930)
HDL-1007 : elaborate module es8388_ctrl in ../../../RTL/es8388_ctrl.v(1)
HDL-1007 : elaborate module es8388_config(WL=6'b011000) in ../../../RTL/es8388_config.v(3)
HDL-1007 : elaborate module i2c_reg_cfg(WL=6'b011000) in ../../../RTL/i2c_reg_cfg.v(1)
HDL-1007 : elaborate module i2c_dri in ../../../RTL/i2c_dri.v(1)
HDL-5007 WARNING: actual bit length 8 differs from formal bit length 16 for port 'i2c_addr' in ../../../RTL/es8388_config.v(59)
HDL-1007 : elaborate module audio_receive(WL=6'b011000) in ../../../RTL/audio_receive.v(1)
HDL-1007 : elaborate module audio_send(WL=6'b011000) in ../../../RTL/audio_send.v(1)
HDL-5007 WARNING: actual bit length 24 differs from formal bit length 32 for port 'adc_data' in ../../../RTL/audio_speak.v(192)
HDL-5007 WARNING: actual bit length 24 differs from formal bit length 32 for port 'adc_data' in ../../../RTL/audio_speak.v(210)
HDL-5007 WARNING: actual bit length 24 differs from formal bit length 32 for port 'adc_data' in ../../../RTL/audio_speak.v(228)
HDL-5007 WARNING: actual bit length 24 differs from formal bit length 32 for port 'dac_data' in ../../../RTL/audio_speak.v(229)
HDL-5007 WARNING: actual bit length 24 differs from formal bit length 32 for port 'adc_data' in ../../../RTL/audio_speak.v(245)
HDL-5007 WARNING: actual bit length 24 differs from formal bit length 32 for port 'dac_data' in ../../../RTL/audio_speak.v(246)
HDL-1007 : elaborate module spar_4mic_localization in ../../../RTL/spar_4mic_localization.v(1)
HDL-1007 : extracting RAM for identifier 'mic1_buf' in ../../../RTL/spar_4mic_localization.v(47)
HDL-1007 : extracting RAM for identifier 'mic2_buf' in ../../../RTL/spar_4mic_localization.v(48)
HDL-1007 : extracting RAM for identifier 'mic3_buf' in ../../../RTL/spar_4mic_localization.v(49)
HDL-1007 : extracting RAM for identifier 'mic4_buf' in ../../../RTL/spar_4mic_localization.v(50)
HDL-1007 : elaborate module simple_denoise in ../../../RTL/simple_denoise.v(1)
HDL-5007 WARNING: actual bit length 24 differs from formal bit length 32 for port 'primary_data' in ../../../RTL/audio_speak.v(275)
HDL-5007 WARNING: actual bit length 24 differs from formal bit length 32 for port 'reference_data' in ../../../RTL/audio_speak.v(276)
HDL-1007 : elaborate module noise_suppress(THRESHOLD=32'b0111111111111) in ../../../RTL/noise_suppress.v(1)
HDL-5007 WARNING: actual bit length 24 differs from formal bit length 32 for port 'audio_in' in ../../../RTL/audio_speak.v(288)
HDL-1007 : elaborate module pitch_shift in ../../../RTL/pitch_shift.v(1)
HDL-1200 : Current top model is audio_speak
HDL-1100 : Inferred 4 RAMs.
RUN-1002 : start command "export_db ES8388_elaborate.db"
RUN-1001 : Exported /
RUN-1001 : Exported flow parameters
RUN-1001 : Exported libs
RUN-1001 : Exported entities
RUN-1001 : Exported ports
RUN-1001 : Exported pins
RUN-1001 : Exported instances
RUN-1001 : Exported nets
RUN-1001 : Exported buses
RUN-1001 : Exported models
RUN-1001 : Exported congestions
RUN-1001 : Exported violations
RUN-1001 : Exported IO constraints
RUN-1001 : Exported Inst constraints
RUN-1002 : start command "read_adc ../../ES8388.adc"
RUN-1002 : start command "set_pin_assignment  aud_adcdat   LOCATION = R14; "
RUN-1002 : start command "set_pin_assignment  aud_bclk   LOCATION = M6; "
RUN-1002 : start command "set_pin_assignment  aud_dacdat   LOCATION = P6; "
RUN-1002 : start command "set_pin_assignment  aud_lrc   LOCATION = M7; "
RUN-1002 : start command "set_pin_assignment  aud_mclk   LOCATION = N5; "
RUN-1002 : start command "set_pin_assignment  aud_scl   LOCATION = R12; "
RUN-1002 : start command "set_pin_assignment  aud_sda   LOCATION = R9; "
RUN-1002 : start command "set_pin_assignment  ilaclk   LOCATION = M9; "
RUN-1002 : start command "set_pin_assignment  sys_clk   LOCATION = R7; "
RUN-1002 : start command "set_pin_assignment  sys_rst_n   LOCATION = E3; "
RUN-1002 : start command "set_pin_assignment  aud_sda_2   LOCATION = C3; "
RUN-1002 : start command "set_pin_assignment  aud_scl_2   LOCATION = A2; "
RUN-1002 : start command "set_pin_assignment  aud_mclk_2   LOCATION = F6; "
RUN-1002 : start command "set_pin_assignment  aud_bclk_2   LOCATION = D5; "
RUN-1002 : start command "set_pin_assignment  aud_dacdat_2   LOCATION = E6; "
RUN-1002 : start command "set_pin_assignment  aud_lrc_2   LOCATION = C6; "
RUN-1002 : start command "set_pin_assignment  aud_adcdat_2   LOCATION = E7; "
RUN-1002 : start command "set_pin_assignment  ilaclk_2   LOCATION = D3; "
RUN-1002 : start command "set_pin_assignment  aud_adcdat_3   LOCATION = L4; "
RUN-1002 : start command "set_pin_assignment  aud_lrc_3   LOCATION = K6; "
RUN-1002 : start command "set_pin_assignment  aud_dacdat_3   LOCATION = K3; "
RUN-1002 : start command "set_pin_assignment  aud_bclk_3   LOCATION = H5; "
RUN-1002 : start command "set_pin_assignment  aud_mclk_3   LOCATION = H4; "
RUN-1002 : start command "set_pin_assignment  aud_scl_3   LOCATION = G3; "
RUN-1002 : start command "set_pin_assignment  aud_sda_3   LOCATION = F3; "
RUN-1002 : start command "set_pin_assignment  ilaclk_3   LOCATION = K15; "
RUN-1002 : start command "set_pin_assignment  aud_sda_1   LOCATION = E15; "
RUN-1002 : start command "set_pin_assignment  aud_scl_1   LOCATION = D14; "
RUN-1002 : start command "set_pin_assignment  aud_mclk_1   LOCATION = F14; "
RUN-1002 : start command "set_pin_assignment  aud_bclk_1   LOCATION = G14; "
RUN-1002 : start command "set_pin_assignment  aud_dacdat_1   LOCATION =H14; "
RUN-1002 : start command "set_pin_assignment  aud_lrc_1   LOCATION =H16; "
RUN-1002 : start command "set_pin_assignment  aud_adcdat_1   LOCATION = G16; "
RUN-1002 : start command "set_pin_assignment  ilaclk_1   LOCATION = L16; "
RUN-1002 : start command "set_pin_assignment  led_one   LOCATION = P9; "
RUN-1002 : start command "set_pin_assignment  led_two   LOCATION = P12; "
RUN-1002 : start command "set_pin_assignment  led_tree   LOCATION = R16; "
RUN-1002 : start command "set_pin_assignment  led_four   LOCATION = P11; "
RUN-1002 : start command "set_pin_assignment  led_five   LOCATION = M10; "
RUN-1002 : start command "set_pin_assignment  led_six   LOCATION = L10; "
RUN-1002 : start command "set_pin_assignment  led_seven   LOCATION = N12; "
RUN-1002 : start command "set_pin_assignment  led_eight   LOCATION = M12; "
RUN-1002 : start command "set_pin_assignment  pitch_control[0]   LOCATION = A9; "
RUN-1002 : start command "set_pin_assignment  pitch_control[1]   LOCATION = A10; "
RUN-1002 : start command "set_pin_assignment  pitch_control[2]   LOCATION = B10; "
RUN-1002 : start command "set_pin_assignment  denoise_en   LOCATION = A11; "
RUN-1002 : start command "set_pin_assignment  pitch_en   LOCATION = A12; "
RUN-1001 : Starting of IO setups legality check.
RUN-1001 : Starting of IO setups legality check.
RUN-1001 : Starting of IO vref setups legality check.
USR-6010 WARNING: ADC constraints: top model pin led has no constraint.
USR-6010 WARNING: ADC constraints: top model pin led_1 has no constraint.
USR-6010 WARNING: ADC constraints: top model pin led_2 has no constraint.
USR-6010 WARNING: ADC constraints: top model pin led_3 has no constraint.
USR-6010 WARNING: ADC constraints: top model pin noise_suppress_en has no constraint.
USR-6010 WARNING: ADC constraints: top model pin sys_rst_n_1 has no constraint.
USR-6010 WARNING: ADC constraints: top model pin sys_rst_n_2 has no constraint.
USR-6010 WARNING: ADC constraints: top model pin sys_rst_n_3 has no constraint.
USR-6010 WARNING: ADC constraints: top model pin volume[1] has no constraint.
USR-6010 WARNING: ADC constraints: top model pin volume[0] has no constraint.
RUN-1002 : start command "optimize_rtl"
RUN-1001 : Open license file D:/TD/license/Anlogic.lic
RUN-1001 : Print Global Property
RUN-1001 : ---------------------------------------------------------------
RUN-1001 :        Parameters        |  Settings  |  Default Values  |  Note  
RUN-1001 : ---------------------------------------------------------------
RUN-1001 :          message         |  standard  |     standard     |        
RUN-1001 :   mixed_pack_place_flow  |     on     |        on        |        
RUN-1001 :        qor_monitor       |    off     |       off        |        
RUN-1001 :        syn_ip_flow       |    off     |       off        |        
RUN-1001 :          thread          |    auto    |       auto       |        
RUN-1001 : ---------------------------------------------------------------
RUN-1001 : Print Rtl Property
RUN-1001 : --------------------------------------------------------------
RUN-1001 :        Parameters       |  Settings  |  Default Values  |  Note  
RUN-1001 : --------------------------------------------------------------
RUN-1001 :       compress_add      |   ripple   |      ripple      |        
RUN-1001 :        elf_sload        |    off     |       off        |        
RUN-1001 :       fix_undriven      |     0      |        0         |        
RUN-1001 :         flatten         |    off     |       off        |        
RUN-1001 :       gate_sharing      |     on     |        on        |        
RUN-1001 :    hdl_warning_level    |   normal   |      normal      |        
RUN-1001 :   impl_internal_tribuf  |     on     |        on        |        
RUN-1001 :      impl_set_reset     |     on     |        on        |        
RUN-1001 :        infer_gsr        |    off     |       off        |        
RUN-1001 :      keep_hierarchy     |    auto    |       auto       |        
RUN-1001 :        max_fanout       |    9999    |       9999       |        
RUN-1001 :      max_oh2bin_len     |     10     |        10        |        
RUN-1001 :       merge_equal       |     on     |        on        |        
RUN-1001 :       merge_equiv       |     on     |        on        |        
RUN-1001 :        merge_mux        |    off     |       off        |        
RUN-1001 :     min_control_set     |     8      |        8         |        
RUN-1001 :      min_ripple_len     |    auto    |       auto       |        
RUN-1001 :       oh2bin_ratio      |    0.08    |       0.08       |        
RUN-1001 :     opt_adder_fanout    |     on     |        on        |        
RUN-1001 :        opt_arith        |     on     |        on        |        
RUN-1001 :       opt_big_gate      |    off     |       off        |        
RUN-1001 :        opt_const        |     on     |        on        |        
RUN-1001 :      opt_const_mult     |     on     |        on        |        
RUN-1001 :       opt_lessthan      |     on     |        on        |        
RUN-1001 :         opt_mux         |    off     |       off        |        
RUN-1001 :         opt_ram         |    high    |       high       |        
RUN-1001 :      rtl_sim_model      |    off     |       off        |        
RUN-1001 :         seq_syn         |     on     |        on        |        
RUN-1001 : --------------------------------------------------------------
SYN-1012 : SanityCheck: Model "audio_speak"
SYN-1012 : SanityCheck: Model "es8388_ctrl"
SYN-1012 : SanityCheck: Model "audio_receive(WL=6'b011000)"
SYN-1012 : SanityCheck: Model "audio_send(WL=6'b011000)"
SYN-1012 : SanityCheck: Model "es8388_config(WL=6'b011000)"
SYN-1012 : SanityCheck: Model "i2c_dri"
SYN-1012 : SanityCheck: Model "i2c_reg_cfg(WL=6'b011000)"
SYN-1012 : SanityCheck: Model "clk_wiz_0"
SYN-1012 : SanityCheck: Model "noise_suppress(THRESHOLD=32'b0111111111111)"
SYN-1012 : SanityCheck: Model "pitch_shift"
SYN-1012 : SanityCheck: Model "simple_denoise"
SYN-1012 : SanityCheck: Model "spar_4mic_localization"
SYN-1043 : Mark clk_wiz_0 as IO macro for instance bufg_feedback
SYN-1043 : Mark i2c_dri as IO macro for instance sda_i
SYN-1043 : Mark es8388_config(WL=6'b011000) as IO macro for instance u_i2c_dri
SYN-1043 : Mark es8388_ctrl as IO macro for instance u_es8388_config
SYN-1011 : Flatten model audio_speak
SYN-1032 : 23757/327 useful/useless nets, 3008/118 useful/useless insts
SYN-1016 : Merged 31324 instances.
SYN-1025 : Merged 108 RAM ports.
SYN-1027 : Infer Logic DRAM(u_spar_4mic_localization/ramread0_syn_6) read 64x24, write 64x24
SYN-1027 : Infer Logic DRAM(u_spar_4mic_localization/ramread1_syn_6) read 64x24, write 64x24
SYN-1027 : Infer Logic DRAM(u_spar_4mic_localization/ramread2_syn_6) read 64x24, write 64x24
SYN-1027 : Infer Logic DRAM(u_spar_4mic_localization/ramread3_syn_6) read 64x24, write 64x24
SYN-1023 : Infer 4 Logic DRAMs, 0 Logic BRAMs.
SYN-1032 : 24569/3241 useful/useless nets, 4859/1820 useful/useless insts
SYN-1016 : Merged 4697 instances.
SYN-1032 : 19985/18 useful/useless nets, 18680/184 useful/useless insts
SYN-1014 : Optimize round 1
SYN-1017 : Remove 4 const input seq instances
SYN-1002 :     u_noise_suppress/reg0_syn_26
SYN-1002 :     u_simple_denoise/reg1_syn_30
SYN-1002 :     u_simple_denoise/reg2_syn_26
SYN-1002 :     u_spar_4mic_localization/reg1_syn_11
SYN-1018 : Transformed 100 mux instances.
SYN-1019 : Optimized 100 mux instances.
SYN-1021 : Optimized 20 onehot mux instances.
SYN-1020 : Optimized 158 distributor mux.
SYN-1001 : Optimize 6 less-than instances
SYN-1019 : Optimized 8 mux instances.
SYN-1016 : Merged 322 instances.
SYN-1015 : Optimize round 1, 15194 better
SYN-1014 : Optimize round 2
SYN-1044 : Optimized 4 inv instances.
SYN-1032 : 12841/138 useful/useless nets, 11541/292 useful/useless insts
SYN-1017 : Remove 262 const input seq instances
SYN-1002 :     u1_es8388_ctrl/u_es8388_config/u_i2c_dri/wr_flag_reg
SYN-1002 :     u2_es8388_ctrl/u_audio_send/reg0_syn_26
SYN-1002 :     u2_es8388_ctrl/u_es8388_config/u_i2c_dri/wr_flag_reg
SYN-1002 :     u3_es8388_ctrl/u_audio_send/reg0_syn_26
SYN-1002 :     u3_es8388_ctrl/u_es8388_config/u_i2c_dri/wr_flag_reg
SYN-1002 :     u_es8388_ctrl/u_es8388_config/u_i2c_dri/wr_flag_reg
SYN-1002 :     u_pitch_shift/reg1_syn_26
SYN-1002 :     u_pitch_shift/reg1_syn_58
SYN-1002 :     u_pitch_shift/reg1_syn_90
SYN-1002 :     u_pitch_shift/reg1_syn_122
SYN-1002 :     u_pitch_shift/reg1_syn_154
SYN-1002 :     u_pitch_shift/reg1_syn_186
SYN-1002 :     u_pitch_shift/reg1_syn_218
SYN-1002 :     u_pitch_shift/reg1_syn_250
SYN-1002 :     u_pitch_shift/reg1_syn_282
SYN-1002 :     u_pitch_shift/reg1_syn_314
SYN-1002 :     u_pitch_shift/reg1_syn_346
SYN-1002 :     u_pitch_shift/reg1_syn_378
SYN-1002 :     u_pitch_shift/reg1_syn_410
SYN-1002 :     u_pitch_shift/reg1_syn_442
SYN-1002 :     u_pitch_shift/reg1_syn_474
SYN-1002 :     u_pitch_shift/reg1_syn_506
SYN-1002 :     u_pitch_shift/reg1_syn_538
SYN-1002 :     u_pitch_shift/reg1_syn_570
SYN-1002 :     u_pitch_shift/reg1_syn_602
SYN-1002 :     u_pitch_shift/reg1_syn_634
SYN-1002 :     u_pitch_shift/reg1_syn_666
SYN-1002 :     u_pitch_shift/reg1_syn_698
SYN-1002 :     u_pitch_shift/reg1_syn_730
SYN-1002 :     u_pitch_shift/reg1_syn_762
SYN-1002 :     u_pitch_shift/reg1_syn_794
SYN-1002 :     u_pitch_shift/reg1_syn_826
SYN-1002 :     u_pitch_shift/reg1_syn_858
SYN-1002 :     u_pitch_shift/reg1_syn_890
SYN-1002 :     u_pitch_shift/reg1_syn_922
SYN-1002 :     u_pitch_shift/reg1_syn_954
SYN-1002 :     u_pitch_shift/reg1_syn_986
SYN-1002 :     u_pitch_shift/reg1_syn_1018
SYN-1002 :     u_pitch_shift/reg1_syn_1050
SYN-1002 :     u_pitch_shift/reg1_syn_1082
SYN-1002 :     u_pitch_shift/reg1_syn_1114
SYN-1002 :     u_pitch_shift/reg1_syn_1146
SYN-1002 :     u_pitch_shift/reg1_syn_1178
SYN-1002 :     u_pitch_shift/reg1_syn_1210
SYN-1002 :     u_pitch_shift/reg1_syn_1242
SYN-1002 :     u_pitch_shift/reg1_syn_1274
SYN-1002 :     u_pitch_shift/reg1_syn_1306
SYN-1002 :     u_pitch_shift/reg1_syn_1338
SYN-1002 :     u_pitch_shift/reg1_syn_1370
SYN-1002 :     u_pitch_shift/reg1_syn_1402
SYN-1002 :     u_pitch_shift/reg1_syn_1434
SYN-1002 :     u_pitch_shift/reg1_syn_1466
SYN-1002 :     u_pitch_shift/reg1_syn_1498
SYN-1002 :     u_pitch_shift/reg1_syn_1530
SYN-1002 :     u_pitch_shift/reg1_syn_1562
SYN-1002 :     u_pitch_shift/reg1_syn_1594
SYN-1002 :     u_pitch_shift/reg1_syn_1626
SYN-1002 :     u_pitch_shift/reg1_syn_1658
SYN-1002 :     u_pitch_shift/reg1_syn_1690
SYN-1002 :     u_pitch_shift/reg1_syn_1722
SYN-1002 :     u_pitch_shift/reg1_syn_1754
SYN-1002 :     u_pitch_shift/reg1_syn_1786
SYN-1002 :     u_pitch_shift/reg1_syn_1818
SYN-1002 :     u_pitch_shift/reg1_syn_1850
SYN-1002 :     u_pitch_shift/reg1_syn_1882
SYN-1002 :     u_pitch_shift/reg1_syn_1914
SYN-1002 :     u_pitch_shift/reg1_syn_1946
SYN-1002 :     u_pitch_shift/reg1_syn_1978
SYN-1002 :     u_pitch_shift/reg1_syn_2010
SYN-1002 :     u_pitch_shift/reg1_syn_2042
SYN-1002 :     u_pitch_shift/reg1_syn_2074
SYN-1002 :     u_pitch_shift/reg1_syn_2106
SYN-1002 :     u_pitch_shift/reg1_syn_2138
SYN-1002 :     u_pitch_shift/reg1_syn_2170
SYN-1002 :     u_pitch_shift/reg1_syn_2202
SYN-1002 :     u_pitch_shift/reg1_syn_2234
SYN-1002 :     u_pitch_shift/reg1_syn_2266
SYN-1002 :     u_pitch_shift/reg1_syn_2298
SYN-1002 :     u_pitch_shift/reg1_syn_2330
SYN-1002 :     u_pitch_shift/reg1_syn_2362
SYN-1002 :     u_pitch_shift/reg1_syn_2394
SYN-1002 :     u_pitch_shift/reg1_syn_2426
SYN-1002 :     u_pitch_shift/reg1_syn_2458
SYN-1002 :     u_pitch_shift/reg1_syn_2490
SYN-1002 :     u_pitch_shift/reg1_syn_2522
SYN-1002 :     u_pitch_shift/reg1_syn_2554
SYN-1002 :     u_pitch_shift/reg1_syn_2586
SYN-1002 :     u_pitch_shift/reg1_syn_2618
SYN-1002 :     u_pitch_shift/reg1_syn_2650
SYN-1002 :     u_pitch_shift/reg1_syn_2682
SYN-1002 :     u_pitch_shift/reg1_syn_2714
SYN-1002 :     u_pitch_shift/reg1_syn_2746
SYN-1002 :     u_pitch_shift/reg1_syn_2778
SYN-1002 :     u_pitch_shift/reg1_syn_2810
SYN-1002 :     u_pitch_shift/reg1_syn_2842
SYN-1002 :     u_pitch_shift/reg1_syn_2874
SYN-1002 :     u_pitch_shift/reg1_syn_2906
SYN-1002 :     u_pitch_shift/reg1_syn_2938
SYN-1002 :     u_pitch_shift/reg1_syn_2970
SYN-1002 :     u_pitch_shift/reg1_syn_3002
SYN-1002 :     u_pitch_shift/reg1_syn_3034
SYN-1002 :     u_pitch_shift/reg1_syn_3066
SYN-1002 :     u_pitch_shift/reg1_syn_3098
SYN-1002 :     u_pitch_shift/reg1_syn_3130
SYN-1002 :     u_pitch_shift/reg1_syn_3162
SYN-1002 :     u_pitch_shift/reg1_syn_3194
SYN-1002 :     u_pitch_shift/reg1_syn_3226
SYN-1002 :     u_pitch_shift/reg1_syn_3258
SYN-1002 :     u_pitch_shift/reg1_syn_3290
SYN-1002 :     u_pitch_shift/reg1_syn_3322
SYN-1002 :     u_pitch_shift/reg1_syn_3354
SYN-1002 :     u_pitch_shift/reg1_syn_3386
SYN-1002 :     u_pitch_shift/reg1_syn_3418
SYN-1002 :     u_pitch_shift/reg1_syn_3450
SYN-1002 :     u_pitch_shift/reg1_syn_3482
SYN-1002 :     u_pitch_shift/reg1_syn_3514
SYN-1002 :     u_pitch_shift/reg1_syn_3546
SYN-1002 :     u_pitch_shift/reg1_syn_3578
SYN-1002 :     u_pitch_shift/reg1_syn_3610
SYN-1002 :     u_pitch_shift/reg1_syn_3642
SYN-1002 :     u_pitch_shift/reg1_syn_3674
SYN-1002 :     u_pitch_shift/reg1_syn_3706
SYN-1002 :     u_pitch_shift/reg1_syn_3738
SYN-1002 :     u_pitch_shift/reg1_syn_3770
SYN-1002 :     u_pitch_shift/reg1_syn_3802
SYN-1002 :     u_pitch_shift/reg1_syn_3834
SYN-1002 :     u_pitch_shift/reg1_syn_3866
SYN-1002 :     u_pitch_shift/reg1_syn_3898
SYN-1002 :     u_pitch_shift/reg1_syn_3930
SYN-1002 :     u_pitch_shift/reg1_syn_3962
SYN-1002 :     u_pitch_shift/reg1_syn_3994
SYN-1002 :     u_pitch_shift/reg1_syn_4026
SYN-1002 :     u_pitch_shift/reg1_syn_4058
SYN-1002 :     u_pitch_shift/reg1_syn_4090
SYN-1002 :     u_pitch_shift/reg1_syn_4122
SYN-1002 :     u_pitch_shift/reg1_syn_4154
SYN-1002 :     u_pitch_shift/reg1_syn_4186
SYN-1002 :     u_pitch_shift/reg1_syn_4218
SYN-1002 :     u_pitch_shift/reg1_syn_4250
SYN-1002 :     u_pitch_shift/reg1_syn_4282
SYN-1002 :     u_pitch_shift/reg1_syn_4314
SYN-1002 :     u_pitch_shift/reg1_syn_4346
SYN-1002 :     u_pitch_shift/reg1_syn_4378
SYN-1002 :     u_pitch_shift/reg1_syn_4410
SYN-1002 :     u_pitch_shift/reg1_syn_4442
SYN-1002 :     u_pitch_shift/reg1_syn_4474
SYN-1002 :     u_pitch_shift/reg1_syn_4506
SYN-1002 :     u_pitch_shift/reg1_syn_4538
SYN-1002 :     u_pitch_shift/reg1_syn_4570
SYN-1002 :     u_pitch_shift/reg1_syn_4602
SYN-1002 :     u_pitch_shift/reg1_syn_4634
SYN-1002 :     u_pitch_shift/reg1_syn_4666
SYN-1002 :     u_pitch_shift/reg1_syn_4698
SYN-1002 :     u_pitch_shift/reg1_syn_4730
SYN-1002 :     u_pitch_shift/reg1_syn_4762
SYN-1002 :     u_pitch_shift/reg1_syn_4794
SYN-1002 :     u_pitch_shift/reg1_syn_4826
SYN-1002 :     u_pitch_shift/reg1_syn_4858
SYN-1002 :     u_pitch_shift/reg1_syn_4890
SYN-1002 :     u_pitch_shift/reg1_syn_4922
SYN-1002 :     u_pitch_shift/reg1_syn_4954
SYN-1002 :     u_pitch_shift/reg1_syn_4986
SYN-1002 :     u_pitch_shift/reg1_syn_5018
SYN-1002 :     u_pitch_shift/reg1_syn_5050
SYN-1002 :     u_pitch_shift/reg1_syn_5082
SYN-1002 :     u_pitch_shift/reg1_syn_5114
SYN-1002 :     u_pitch_shift/reg1_syn_5146
SYN-1002 :     u_pitch_shift/reg1_syn_5178
SYN-1002 :     u_pitch_shift/reg1_syn_5210
SYN-1002 :     u_pitch_shift/reg1_syn_5242
SYN-1002 :     u_pitch_shift/reg1_syn_5274
SYN-1002 :     u_pitch_shift/reg1_syn_5306
SYN-1002 :     u_pitch_shift/reg1_syn_5338
SYN-1002 :     u_pitch_shift/reg1_syn_5370
SYN-1002 :     u_pitch_shift/reg1_syn_5402
SYN-1002 :     u_pitch_shift/reg1_syn_5434
SYN-1002 :     u_pitch_shift/reg1_syn_5466
SYN-1002 :     u_pitch_shift/reg1_syn_5498
SYN-1002 :     u_pitch_shift/reg1_syn_5530
SYN-1002 :     u_pitch_shift/reg1_syn_5562
SYN-1002 :     u_pitch_shift/reg1_syn_5594
SYN-1002 :     u_pitch_shift/reg1_syn_5626
SYN-1002 :     u_pitch_shift/reg1_syn_5658
SYN-1002 :     u_pitch_shift/reg1_syn_5690
SYN-1002 :     u_pitch_shift/reg1_syn_5722
SYN-1002 :     u_pitch_shift/reg1_syn_5754
SYN-1002 :     u_pitch_shift/reg1_syn_5786
SYN-1002 :     u_pitch_shift/reg1_syn_5818
SYN-1002 :     u_pitch_shift/reg1_syn_5850
SYN-1002 :     u_pitch_shift/reg1_syn_5882
SYN-1002 :     u_pitch_shift/reg1_syn_5914
SYN-1002 :     u_pitch_shift/reg1_syn_5946
SYN-1002 :     u_pitch_shift/reg1_syn_5978
SYN-1002 :     u_pitch_shift/reg1_syn_6010
SYN-1002 :     u_pitch_shift/reg1_syn_6042
SYN-1002 :     u_pitch_shift/reg1_syn_6074
SYN-1002 :     u_pitch_shift/reg1_syn_6106
SYN-1002 :     u_pitch_shift/reg1_syn_6138
SYN-1002 :     u_pitch_shift/reg1_syn_6170
SYN-1002 :     u_pitch_shift/reg1_syn_6202
SYN-1002 :     u_pitch_shift/reg1_syn_6234
SYN-1002 :     u_pitch_shift/reg1_syn_6266
SYN-1002 :     u_pitch_shift/reg1_syn_6298
SYN-1002 :     u_pitch_shift/reg1_syn_6330
SYN-1002 :     u_pitch_shift/reg1_syn_6362
SYN-1002 :     u_pitch_shift/reg1_syn_6394
SYN-1002 :     u_pitch_shift/reg1_syn_6426
SYN-1002 :     u_pitch_shift/reg1_syn_6458
SYN-1002 :     u_pitch_shift/reg1_syn_6490
SYN-1002 :     u_pitch_shift/reg1_syn_6522
SYN-1002 :     u_pitch_shift/reg1_syn_6554
SYN-1002 :     u_pitch_shift/reg1_syn_6586
SYN-1002 :     u_pitch_shift/reg1_syn_6618
SYN-1002 :     u_pitch_shift/reg1_syn_6650
SYN-1002 :     u_pitch_shift/reg1_syn_6682
SYN-1002 :     u_pitch_shift/reg1_syn_6714
SYN-1002 :     u_pitch_shift/reg1_syn_6746
SYN-1002 :     u_pitch_shift/reg1_syn_6778
SYN-1002 :     u_pitch_shift/reg1_syn_6810
SYN-1002 :     u_pitch_shift/reg1_syn_6842
SYN-1002 :     u_pitch_shift/reg1_syn_6874
SYN-1002 :     u_pitch_shift/reg1_syn_6906
SYN-1002 :     u_pitch_shift/reg1_syn_6938
SYN-1002 :     u_pitch_shift/reg1_syn_6970
SYN-1002 :     u_pitch_shift/reg1_syn_7002
SYN-1002 :     u_pitch_shift/reg1_syn_7034
SYN-1002 :     u_pitch_shift/reg1_syn_7066
SYN-1002 :     u_pitch_shift/reg1_syn_7098
SYN-1002 :     u_pitch_shift/reg1_syn_7130
SYN-1002 :     u_pitch_shift/reg1_syn_7162
SYN-1002 :     u_pitch_shift/reg1_syn_7194
SYN-1002 :     u_pitch_shift/reg1_syn_7226
SYN-1002 :     u_pitch_shift/reg1_syn_7258
SYN-1002 :     u_pitch_shift/reg1_syn_7290
SYN-1002 :     u_pitch_shift/reg1_syn_7322
SYN-1002 :     u_pitch_shift/reg1_syn_7354
SYN-1002 :     u_pitch_shift/reg1_syn_7386
SYN-1002 :     u_pitch_shift/reg1_syn_7418
SYN-1002 :     u_pitch_shift/reg1_syn_7450
SYN-1002 :     u_pitch_shift/reg1_syn_7482
SYN-1002 :     u_pitch_shift/reg1_syn_7514
SYN-1002 :     u_pitch_shift/reg1_syn_7546
SYN-1002 :     u_pitch_shift/reg1_syn_7578
SYN-1002 :     u_pitch_shift/reg1_syn_7610
SYN-1002 :     u_pitch_shift/reg1_syn_7642
SYN-1002 :     u_pitch_shift/reg1_syn_7674
SYN-1002 :     u_pitch_shift/reg1_syn_7706
SYN-1002 :     u_pitch_shift/reg1_syn_7738
SYN-1002 :     u_pitch_shift/reg1_syn_7770
SYN-1002 :     u_pitch_shift/reg1_syn_7802
SYN-1002 :     u_pitch_shift/reg1_syn_7834
SYN-1002 :     u_pitch_shift/reg1_syn_7866
SYN-1002 :     u_pitch_shift/reg1_syn_7898
SYN-1002 :     u_pitch_shift/reg1_syn_7930
SYN-1002 :     u_pitch_shift/reg1_syn_7962
SYN-1002 :     u_pitch_shift/reg1_syn_7994
SYN-1002 :     u_pitch_shift/reg1_syn_8026
SYN-1002 :     u_pitch_shift/reg1_syn_8058
SYN-1002 :     u_pitch_shift/reg1_syn_8090
SYN-1002 :     u_pitch_shift/reg1_syn_8122
SYN-1002 :     u_pitch_shift/reg1_syn_8154
SYN-1002 :     u_pitch_shift/reg1_syn_8186
SYN-1019 : Optimized 5 mux instances.
SYN-1020 : Optimized 5 distributor mux.
SYN-1016 : Merged 11 instances.
SYN-1015 : Optimize round 2, 768 better
SYN-1032 : 12563/1 useful/useless nets, 11264/9 useful/useless insts
SYN-3004 : Optimized 1 const0 DFF(s)
SYN-3004 : Optimized 6 const0 DFF(s)
SYN-3004 : Optimized 6 const0 DFF(s)
SYN-3004 : Optimized 6 const0 DFF(s)
SYN-3004 : Optimized 6 const0 DFF(s)
SYN-1032 : 12366/197 useful/useless nets, 11067/172 useful/useless insts
SYN-1014 : Optimize round 1
SYN-1032 : 11417/264 useful/useless nets, 10118/288 useful/useless insts
SYN-1017 : Remove 1 const input seq instances
SYN-1002 :     u1_es8388_ctrl/u_audio_send/reg0_syn_26
SYN-1016 : Merged 7 instances.
SYN-1015 : Optimize round 1, 1265 better
SYN-1014 : Optimize round 2
SYN-1032 : 11355/12 useful/useless nets, 10056/0 useful/useless insts
SYN-1015 : Optimize round 2, 42 better
SYN-1014 : Optimize round 3
SYN-1015 : Optimize round 3, 0 better
RUN-1003 : finish command "optimize_rtl" in  7.725083s wall, 6.109375s user + 1.515625s system = 7.625000s CPU (98.7%)

RUN-1004 : used memory is 233 MB, reserved memory is 199 MB, peak memory is 264 MB
RUN-1002 : start command "report_area -file ES8388_rtl.area"
RUN-1001 : standard
***Report Model: audio_speak Device: EG4S20BG256***

IO Statistics
#IO                        57
  #input                   25
  #output                  28
  #inout                    4

Gate Statistics
#Basic gates             9420
  #and                    761
  #nand                     0
  #or                    1076
  #nor                      0
  #xor                      4
  #xnor                     0
  #buf                      0
  #not                    172
  #bufif1                   4
  #MX21                   129
  #FADD                     0
  #DFF                   7274
  #LATCH                    0
#MACRO_ADD                 99
#MACRO_EQ                 165
#MACRO_MULT                 1
#MACRO_MUX                352
#MACRO_OTHERS               8

Report Hierarchy Area:
+---------------------------------------------------------------------------+
|Instance                   |Module                 |gates  |seq    |macros |
+---------------------------------------------------------------------------+
|top                        |audio_speak            |2146   |7274   |273    |
|  u1_es8388_ctrl           |es8388_ctrl            |482    |148    |50     |
|    u_audio_receive        |audio_receive          |26     |55     |5      |
|    u_audio_send           |audio_send             |1      |25     |0      |
|    u_es8388_config        |es8388_config          |455    |68     |45     |
|      u_i2c_dri            |i2c_dri                |453    |41     |40     |
|      u_i2c_reg_cfg        |i2c_reg_cfg            |2      |27     |5      |
|  u1_pll_clk               |clk_wiz_0              |0      |0      |1      |
|  u2_es8388_ctrl           |es8388_ctrl            |482    |148    |50     |
|    u_audio_receive        |audio_receive          |26     |55     |5      |
|    u_audio_send           |audio_send             |1      |25     |0      |
|    u_es8388_config        |es8388_config          |455    |68     |45     |
|      u_i2c_dri            |i2c_dri                |453    |41     |40     |
|      u_i2c_reg_cfg        |i2c_reg_cfg            |2      |27     |5      |
|  u2_pll_clk               |clk_wiz_0              |0      |0      |1      |
|  u3_es8388_ctrl           |es8388_ctrl            |482    |148    |50     |
|    u_audio_receive        |audio_receive          |26     |55     |5      |
|    u_audio_send           |audio_send             |1      |25     |0      |
|    u_es8388_config        |es8388_config          |455    |68     |45     |
|      u_i2c_dri            |i2c_dri                |453    |41     |40     |
|      u_i2c_reg_cfg        |i2c_reg_cfg            |2      |27     |5      |
|  u3_pll_clk               |clk_wiz_0              |0      |0      |1      |
|  u_es8388_ctrl            |es8388_ctrl            |482    |151    |50     |
|    u_audio_receive        |audio_receive          |26     |55     |5      |
|    u_audio_send           |audio_send             |1      |28     |0      |
|    u_es8388_config        |es8388_config          |455    |68     |45     |
|      u_i2c_dri            |i2c_dri                |453    |41     |40     |
|      u_i2c_reg_cfg        |i2c_reg_cfg            |2      |27     |5      |
|  u_noise_suppress         |noise_suppress         |24     |24     |1      |
|  u_pitch_shift            |pitch_shift            |2      |6201   |7      |
|  u_pll_clk                |clk_wiz_0              |0      |0      |1      |
|  u_simple_denoise         |simple_denoise         |0      |79     |4      |
|  u_spar_4mic_localization |spar_4mic_localization |160    |343    |52     |
+---------------------------------------------------------------------------+

RUN-1002 : start command "export_db ES8388_rtl.db"
RUN-1001 : Exported /
RUN-1001 : Exported flow parameters
RUN-1001 : Exported libs
RUN-1001 : Exported entities
RUN-1001 : Exported ports
RUN-1001 : Exported pins
RUN-1001 : Exported instances
RUN-1001 : Exported nets
RUN-1001 : Exported buses
RUN-1001 : Exported models
RUN-1001 : Exported congestions
RUN-1001 : Exported violations
RUN-1001 : Exported IO constraints
RUN-1001 : Exported Inst constraints
RUN-1002 : start command "optimize_gate -maparea ES8388_gate.area"
RUN-1001 : Open license file D:/TD/license/Anlogic.lic
RUN-1001 : Print Global Property
RUN-1001 : ---------------------------------------------------------------
RUN-1001 :        Parameters        |  Settings  |  Default Values  |  Note  
RUN-1001 : ---------------------------------------------------------------
RUN-1001 :          message         |  standard  |     standard     |        
RUN-1001 :   mixed_pack_place_flow  |     on     |        on        |        
RUN-1001 :        qor_monitor       |    off     |       off        |        
RUN-1001 :        syn_ip_flow       |    off     |       off        |        
RUN-1001 :          thread          |    auto    |       auto       |        
RUN-1001 : ---------------------------------------------------------------
RUN-1001 : Print Gate Property
RUN-1001 : ------------------------------------------------------------------
RUN-1001 :          Parameters         |  Settings  |  Default Values  |  Note  
RUN-1001 : ------------------------------------------------------------------
RUN-1001 :         cascade_dsp         |    off     |       off        |        
RUN-1001 :         cascade_eram        |    off     |       off        |        
RUN-1001 :        gate_sim_model       |    off     |       off        |        
RUN-1001 :        map_sim_model        |    off     |       off        |        
RUN-1001 :         map_strategy        |     1      |        1         |        
RUN-1001 :           opt_area          |   medium   |      medium      |        
RUN-1001 :          opt_timing         |    auto    |       auto       |        
RUN-1001 :         pack_effort         |   medium   |      medium      |        
RUN-1001 :      pack_lslice_ripple     |     on     |        on        |        
RUN-1001 :   pack_lslice_ripple_ratio  |    0.5     |       0.5        |        
RUN-1001 :        pack_seq_in_io       |    auto    |       auto       |        
RUN-1001 :        ph1_mux_ratio        |    1.0     |       1.0        |        
RUN-1001 :            report           |  standard  |     standard     |        
RUN-1001 :           retiming          |    off     |       off        |        
RUN-1001 : ------------------------------------------------------------------
SYN-2001 : Map 57 IOs to PADs
SYN-1032 : 11393/16 useful/useless nets, 10086/24 useful/useless insts
RUN-1002 : start command "update_pll_param -module audio_speak"
SYN-2501 : Processed 0 LOGIC_BUF instances.
SYN-2501 : 4 BUFG to GCLK
SYN-2531 : Dram(u_spar_4mic_localization/ramread0_syn_6) write 64x24, read 64x24
SYN-2531 : Dram(u_spar_4mic_localization/ramread1_syn_6) write 64x24, read 64x24
SYN-2531 : Dram(u_spar_4mic_localization/ramread2_syn_6) write 64x24, read 64x24
SYN-2531 : Dram(u_spar_4mic_localization/ramread3_syn_6) write 64x24, read 64x24
SYN-2571 : Map 1 macro multiplier
SYN-2571 : Optimize after map_dsp, round 1
SYN-1016 : Merged 28 instances.
SYN-2571 : Optimize after map_dsp, round 1, 28 better
SYN-2571 : Optimize after map_dsp, round 2
SYN-2571 : Optimize after map_dsp, round 2, 0 better
SYN-1001 : Throwback 122 control mux instances
SYN-1001 : Convert 4 adder
SYN-2501 : Optimize round 1
SYN-1032 : 13141/0 useful/useless nets, 11645/96 useful/useless insts
SYN-1016 : Merged 888 instances.
SYN-2501 : Optimize round 1, 2099 better
SYN-2501 : Optimize round 2
SYN-2501 : Optimize round 2, 0 better
SYN-2501 : Map 100 macro adder
SYN-1019 : Optimized 635 mux instances.
SYN-1016 : Merged 1954 instances.
SYN-1032 : 20631/432 useful/useless nets, 19482/32 useful/useless insts
SYN-3001 : Running gate level optimization.
SYN-2581 : Mapping with K=5, #lut = 6039 (3.83), #lev = 7 (2.35)
SYN-2551 : Post LUT mapping optimization.
SYN-2581 : Mapping with K=5, #lut = 5796 (3.90), #lev = 7 (2.47)
SYN-3001 : Logic optimization runtime opt =   1.07 sec, map =   0.00 sec
SYN-3001 : Mapper mapped 10483 instances into 5800 LUTs, name keeping = 37%.
RUN-1002 : start command "report_area -file ES8388_gate.area"
RUN-1001 : standard
***Report Model: audio_speak Device: EG4S20BG256***

IO Statistics
#IO                        57
  #input                   25
  #output                  28
  #inout                    4

LUT Statistics
#Total_luts              7382
  #lut4                  4882
  #lut5                   918
  #lut6                     0
  #lut5_mx41                0
  #lut4_alu1b            1582

Utilization Statistics
#lut                     7382   out of  19600   37.66%
#reg                     7254   out of  19600   37.01%
#le                         0
#dsp                        2   out of     29    6.90%
#bram                       0   out of     64    0.00%
  #bram9k                   0
  #fifo9k                   0
#bram32k                    0   out of     16    0.00%
#dram                      96
#pad                       54   out of    188   28.72%
  #ireg                     8
  #oreg                    20
  #treg                     4
#pll                        4   out of      4  100.00%

Report Hierarchy Area:
+------------------------------------------------------------------------------------------------+
|Instance                   |Module                 |lut     |ripple  |seq     |bram    |dsp     |
+------------------------------------------------------------------------------------------------+
|top                        |audio_speak            |5800    |1582    |7286    |0       |2       |
|  u1_es8388_ctrl           |es8388_ctrl            |243     |60      |145     |0       |0       |
|    u_audio_receive        |audio_receive          |59      |22      |53      |0       |0       |
|    u_audio_send           |audio_send             |16      |0       |24      |0       |0       |
|    u_es8388_config        |es8388_config          |142     |38      |68      |0       |0       |
|      u_i2c_dri            |i2c_dri                |103     |19      |41      |0       |0       |
|      u_i2c_reg_cfg        |i2c_reg_cfg            |39      |19      |27      |0       |0       |
|  u1_pll_clk               |clk_wiz_0              |1       |0       |0       |0       |0       |
|  u2_es8388_ctrl           |es8388_ctrl            |221     |60      |145     |0       |0       |
|    u_audio_receive        |audio_receive          |59      |22      |53      |0       |0       |
|    u_audio_send           |audio_send             |17      |0       |24      |0       |0       |
|    u_es8388_config        |es8388_config          |145     |38      |68      |0       |0       |
|      u_i2c_dri            |i2c_dri                |107     |19      |41      |0       |0       |
|      u_i2c_reg_cfg        |i2c_reg_cfg            |38      |19      |27      |0       |0       |
|  u2_pll_clk               |clk_wiz_0              |1       |0       |0       |0       |0       |
|  u3_es8388_ctrl           |es8388_ctrl            |219     |60      |145     |0       |0       |
|    u_audio_receive        |audio_receive          |59      |22      |53      |0       |0       |
|    u_audio_send           |audio_send             |17      |0       |24      |0       |0       |
|    u_es8388_config        |es8388_config          |143     |38      |68      |0       |0       |
|      u_i2c_dri            |i2c_dri                |105     |19      |41      |0       |0       |
|      u_i2c_reg_cfg        |i2c_reg_cfg            |38      |19      |27      |0       |0       |
|  u3_pll_clk               |clk_wiz_0              |1       |0       |0       |0       |0       |
|  u_es8388_ctrl            |es8388_ctrl            |244     |172     |148     |0       |0       |
|    u_audio_receive        |audio_receive          |54      |22      |53      |0       |0       |
|    u_audio_send           |audio_send             |20      |0       |27      |0       |0       |
|    u_es8388_config        |es8388_config          |143     |150     |68      |0       |0       |
|      u_i2c_dri            |i2c_dri                |103     |19      |41      |0       |0       |
|      u_i2c_reg_cfg        |i2c_reg_cfg            |40      |131     |27      |0       |0       |
|  u_noise_suppress         |noise_suppress         |12      |26      |24      |0       |0       |
|  u_pitch_shift            |pitch_shift            |4531    |36      |6201    |0       |0       |
|  u_pll_clk                |clk_wiz_0              |1       |0       |0       |0       |0       |
|  u_simple_denoise         |simple_denoise         |1       |205     |79      |0       |2       |
|  u_spar_4mic_localization |spar_4mic_localization |321     |927     |335     |0       |0       |
+------------------------------------------------------------------------------------------------+

SYN-1001 : Packing model "audio_speak" ...
SYN-4010 : Pack lib has 58 rtl pack models with 25 top pack blocks
SYN-1014 : Optimize round 1
SYN-1015 : Optimize round 1, 0 better
SYN-4002 : Packing 7254 DFF/LATCH to SEQ ...
SYN-4009 : Pack 44 carry chain into lslice
SYN-4007 : Packing 789 adder to BLE ...
SYN-4008 : Packed 789 adder and 22 SEQ to BLE.
SYN-4007 : Packing 0 gate4 to BLE ...
SYN-4008 : Packed 0 gate4 and 0 SEQ to BLE.
SYN-4012 : Packed 0 FxMUX
SYN-4013 : Packed 96 DRAM and 0 SEQ.
RUN-1003 : finish command "optimize_gate -maparea ES8388_gate.area" in  6.125463s wall, 5.812500s user + 0.218750s system = 6.031250s CPU (98.5%)

RUN-1004 : used memory is 288 MB, reserved memory is 255 MB, peak memory is 299 MB
RUN-1002 : start command "legalize_phy_inst"
SYN-1011 : Flatten model audio_speak
RUN-1002 : start command "export_db ES8388_gate.db"
RUN-1001 : Exported /
RUN-1001 : Exported flow parameters
RUN-1001 : Exported libs
RUN-1001 : Exported entities
RUN-1001 : Exported ports
RUN-1001 : Exported pins
RUN-1001 : Exported instances
RUN-1001 : Exported nets
RUN-1001 : Exported buses
RUN-1001 : Exported models
RUN-1001 : Exported congestions
RUN-1001 : Exported violations
RUN-1001 : Exported IO constraints
RUN-1001 : Exported Inst constraints
RUN-1002 : start command "backup_run_log run.log ../.logs/syn_1/td_20251031_204344.log"
